[2025-01-17T14:13:50.086+0000][75][info][gc,init] CardTable entry size: 512
[2025-01-17T14:13:50.087+0000][75][info][gc     ] Using G1
[2025-01-17T14:13:57.413+0000][75][info][gc,init] Version: 20.0.2+9-78 (release)
[2025-01-17T14:13:57.414+0000][75][info][gc,init] CPUs: 24 total, 24 available
[2025-01-17T14:13:57.418+0000][75][info][gc,init] Memory: 6781M
[2025-01-17T14:13:57.418+0000][75][info][gc,init] Large Page Support: Disabled
[2025-01-17T14:13:57.418+0000][75][info][gc,init] NUMA Support: Disabled
[2025-01-17T14:13:57.419+0000][75][info][gc,init] Compressed Oops: Enabled (Zero based)
[2025-01-17T14:13:57.420+0000][75][info][gc,init] Heap Region Size: 4M
[2025-01-17T14:13:57.421+0000][75][info][gc,init] Heap Min Capacity: 3392M
[2025-01-17T14:13:57.421+0000][75][info][gc,init] Heap Initial Capacity: 3392M
[2025-01-17T14:13:57.421+0000][75][info][gc,init] Heap Max Capacity: 3392M
[2025-01-17T14:13:57.421+0000][75][info][gc,init] Pre-touch: Enabled
[2025-01-17T14:13:57.422+0000][75][info][gc,init] Parallel Workers: 18
[2025-01-17T14:13:57.422+0000][75][info][gc,init] Concurrent Workers: 5
[2025-01-17T14:13:57.422+0000][75][info][gc,init] Concurrent Refinement Workers: 18
[2025-01-17T14:13:57.423+0000][75][info][gc,init] Periodic GC: Disabled
[2025-01-17T14:13:57.697+0000][75][info][gc,metaspace] CDS archive(s) mapped at: [0x00007f36d3000000-0x00007f36d3c7b000-0x00007f36d3c7b000), size 13086720, SharedBaseAddress: 0x00007f36d3000000, ArchiveRelocationMode: 1.
[2025-01-17T14:13:57.697+0000][75][info][gc,metaspace] Compressed class space mapped at: 0x00007f36d4000000-0x00007f3714000000, reserved size: 1073741824
[2025-01-17T14:13:57.697+0000][75][info][gc,metaspace] Narrow klass base: 0x00007f36d3000000, Narrow klass shift: 0, Narrow klass range: 0x100000000
[2025-01-17T14:13:58.536+0000][75][info][safepoint   ] Safepoint "ICBufferFull", Time since last: 779361354 ns, Reaching safepoint: 158515 ns, Cleanup: 197970 ns, At safepoint: 30389 ns, Total: 386874 ns
[2025-01-17T14:13:59.243+0000][75][info][safepoint   ] Safepoint "ICBufferFull", Time since last: 706238356 ns, Reaching safepoint: 103744 ns, Cleanup: 179878 ns, At safepoint: 147033 ns, Total: 430655 ns
[2025-01-17T14:13:59.534+0000][75][info][safepoint   ] Safepoint "ICBufferFull", Time since last: 290917731 ns, Reaching safepoint: 3382 ns, Cleanup: 183299 ns, At safepoint: 20078 ns, Total: 206759 ns
[2025-01-17T14:14:00.733+0000][75][info][safepoint   ] Safepoint "Cleanup", Time since last: 1198546799 ns, Reaching safepoint: 87099 ns, Cleanup: 108030 ns, At safepoint: 17925 ns, Total: 213054 ns
[2025-01-17T14:14:01.137+0000][75][info][safepoint   ] Safepoint "ICBufferFull", Time since last: 403756648 ns, Reaching safepoint: 7490 ns, Cleanup: 324053 ns, At safepoint: 51578 ns, Total: 383121 ns
[2025-01-17T14:14:01.875+0000][75][info][safepoint   ] Safepoint "ICBufferFull", Time since last: 738392464 ns, Reaching safepoint: 4601 ns, Cleanup: 178783 ns, At safepoint: 31185 ns, Total: 214569 ns
[2025-01-17T14:14:02.403+0000][75][info][gc,start    ] GC(0) Pause Young (Normal) (G1 Evacuation Pause)
[2025-01-17T14:14:02.404+0000][75][info][gc,task     ] GC(0) Using 18 workers of 18 for evacuation
[2025-01-17T14:14:02.405+0000][75][debug][gc,age      ] GC(0) Desired survivor size 12582912 bytes, new threshold 15 (max threshold 15)
[2025-01-17T14:14:02.413+0000][75][info ][gc,phases   ] GC(0)   Pre Evacuate Collection Set: 0.5ms
[2025-01-17T14:14:02.413+0000][75][info ][gc,phases   ] GC(0)   Merge Heap Roots: 0.4ms
[2025-01-17T14:14:02.413+0000][75][info ][gc,phases   ] GC(0)   Evacuate Collection Set: 3.7ms
[2025-01-17T14:14:02.414+0000][75][info ][gc,phases   ] GC(0)   Post Evacuate Collection Set: 2.8ms
[2025-01-17T14:14:02.414+0000][75][info ][gc,phases   ] GC(0)   Other: 1.1ms
[2025-01-17T14:14:02.415+0000][75][trace][gc,age      ] GC(0) Age table with threshold 15 (max threshold 15)
[2025-01-17T14:14:02.415+0000][75][trace][gc,age      ] GC(0) - age   1:    9849904 bytes,    9849904 total
[2025-01-17T14:14:02.415+0000][75][info ][gc,heap     ] GC(0) Eden regions: 42->0(39)
[2025-01-17T14:14:02.416+0000][75][info ][gc,heap     ] GC(0) Survivor regions: 0->3(6)
[2025-01-17T14:14:02.416+0000][75][info ][gc,heap     ] GC(0) Old regions: 0->0
[2025-01-17T14:14:02.416+0000][75][info ][gc,heap     ] GC(0) Archive regions: 2->2
[2025-01-17T14:14:02.416+0000][75][info ][gc,heap     ] GC(0) Humongous regions: 0->0
[2025-01-17T14:14:02.417+0000][75][info ][gc,metaspace] GC(0) Metaspace: 19580K(20096K)->19580K(20096K) NonClass: 17503K(17792K)->17503K(17792K) Class: 2077K(2304K)->2077K(2304K)
[2025-01-17T14:14:02.417+0000][75][info ][gc          ] GC(0) Pause Young (Normal) (G1 Evacuation Pause) 171M->14M(3392M) 13.835ms
[2025-01-17T14:14:02.417+0000][75][info ][gc,cpu      ] GC(0) User=0.07s Sys=0.00s Real=0.01s
[2025-01-17T14:14:02.417+0000][75][info ][safepoint   ] Safepoint "G1CollectForAllocation", Time since last: 527363043 ns, Reaching safepoint: 3754 ns, Cleanup: 141135 ns, At safepoint: 14443397 ns, Total: 14588286 ns
[2025-01-17T14:14:02.778+0000][75][info ][gc,start    ] GC(1) Pause Young (Concurrent Start) (Metadata GC Threshold)
[2025-01-17T14:14:02.779+0000][75][info ][gc,task     ] GC(1) Using 18 workers of 18 for evacuation
[2025-01-17T14:14:02.779+0000][75][debug][gc,age      ] GC(1) Desired survivor size 12582912 bytes, new threshold 15 (max threshold 15)
[2025-01-17T14:14:02.786+0000][75][info ][gc,phases   ] GC(1)   Pre Evacuate Collection Set: 1.4ms
[2025-01-17T14:14:02.786+0000][75][info ][gc,phases   ] GC(1)   Merge Heap Roots: 0.2ms
[2025-01-17T14:14:02.787+0000][75][info ][gc,phases   ] GC(1)   Evacuate Collection Set: 2.9ms
[2025-01-17T14:14:02.787+0000][75][info ][gc,phases   ] GC(1)   Post Evacuate Collection Set: 1.7ms
[2025-01-17T14:14:02.787+0000][75][info ][gc,phases   ] GC(1)   Other: 0.9ms
[2025-01-17T14:14:02.788+0000][75][trace][gc,age      ] GC(1) Age table with threshold 15 (max threshold 15)
[2025-01-17T14:14:02.788+0000][75][trace][gc,age      ] GC(1) - age   1:    2228848 bytes,    2228848 total
[2025-01-17T14:14:02.788+0000][75][trace][gc,age      ] GC(1) - age   2:    8972432 bytes,   11201280 total
[2025-01-17T14:14:02.788+0000][75][info ][gc,heap     ] GC(1) Eden regions: 27->0(45)
[2025-01-17T14:14:02.789+0000][75][info ][gc,heap     ] GC(1) Survivor regions: 3->3(6)
[2025-01-17T14:14:02.789+0000][75][info ][gc,heap     ] GC(1) Old regions: 0->0
[2025-01-17T14:14:02.789+0000][75][info ][gc,heap     ] GC(1) Archive regions: 2->2
[2025-01-17T14:14:02.789+0000][75][info ][gc,heap     ] GC(1) Humongous regions: 0->0
[2025-01-17T14:14:02.790+0000][75][info ][gc,metaspace] GC(1) Metaspace: 20987K(21504K)->20987K(21504K) NonClass: 18775K(19072K)->18775K(19072K) Class: 2212K(2432K)->2212K(2432K)
[2025-01-17T14:14:02.790+0000][75][info ][gc          ] GC(1) Pause Young (Concurrent Start) (Metadata GC Threshold) 122M->15M(3392M) 11.658ms
[2025-01-17T14:14:02.791+0000][75][info ][gc,cpu      ] GC(1) User=0.04s Sys=0.00s Real=0.02s
[2025-01-17T14:14:02.791+0000][75][info ][gc          ] GC(2) Concurrent Mark Cycle
[2025-01-17T14:14:02.792+0000][75][info ][gc,marking  ] GC(2) Concurrent Scan Root Regions
[2025-01-17T14:14:02.791+0000][75][info ][safepoint   ] Safepoint "CollectForMetadataAllocation", Time since last: 360821861 ns, Reaching safepoint: 4114 ns, Cleanup: 262765 ns, At safepoint: 12938263 ns, Total: 13205142 ns
[2025-01-17T14:14:02.795+0000][75][info ][gc,marking  ] GC(2) Concurrent Scan Root Regions 3.604ms
[2025-01-17T14:14:02.796+0000][75][info ][gc,marking  ] GC(2) Concurrent Mark
[2025-01-17T14:14:02.796+0000][75][info ][gc,marking  ] GC(2) Concurrent Mark From Roots
[2025-01-17T14:14:02.798+0000][75][info ][gc,task     ] GC(2) Using 5 workers of 5 for marking
[2025-01-17T14:14:02.800+0000][75][info ][gc,marking  ] GC(2) Concurrent Mark From Roots 4.166ms
[2025-01-17T14:14:02.801+0000][75][info ][gc,marking  ] GC(2) Concurrent Preclean
[2025-01-17T14:14:02.801+0000][75][info ][gc,marking  ] GC(2) Concurrent Preclean 0.387ms
[2025-01-17T14:14:02.802+0000][75][info ][gc,start    ] GC(2) Pause Remark
[2025-01-17T14:14:02.806+0000][75][info ][gc          ] GC(2) Pause Remark 17M->17M(3392M) 3.488ms
[2025-01-17T14:14:02.807+0000][75][info ][gc,cpu      ] GC(2) User=0.01s Sys=0.00s Real=0.00s
[2025-01-17T14:14:02.807+0000][75][info ][safepoint   ] Safepoint "G1PauseRemark", Time since last: 9909721 ns, Reaching safepoint: 876070 ns, Cleanup: 247920 ns, At safepoint: 4625388 ns, Total: 5749378 ns
[2025-01-17T14:14:02.807+0000][75][info ][gc,marking  ] GC(2) Concurrent Mark 11.717ms
[2025-01-17T14:14:02.808+0000][75][info ][gc,marking  ] GC(2) Concurrent Rebuild Remembered Sets and Scrub Regions
[2025-01-17T14:14:02.808+0000][75][info ][gc,marking  ] GC(2) Concurrent Rebuild Remembered Sets and Scrub Regions 0.572ms
[2025-01-17T14:14:02.809+0000][75][info ][gc,start    ] GC(2) Pause Cleanup
[2025-01-17T14:14:02.809+0000][75][info ][gc          ] GC(2) Pause Cleanup 17M->17M(3392M) 0.227ms
[2025-01-17T14:14:02.809+0000][75][info ][gc,cpu      ] GC(2) User=0.00s Sys=0.00s Real=0.00s
[2025-01-17T14:14:02.810+0000][75][info ][safepoint   ] Safepoint "G1PauseCleanup", Time since last: 1572520 ns, Reaching safepoint: 89253 ns, Cleanup: 229057 ns, At safepoint: 690758 ns, Total: 1009068 ns
[2025-01-17T14:14:02.810+0000][75][info ][gc,marking  ] GC(2) Concurrent Clear Claimed Marks
[2025-01-17T14:14:02.810+0000][75][info ][gc,marking  ] GC(2) Concurrent Clear Claimed Marks 0.260ms
[2025-01-17T14:14:02.810+0000][75][info ][gc,marking  ] GC(2) Concurrent Cleanup for Next Mark
[2025-01-17T14:14:02.813+0000][75][info ][gc,marking  ] GC(2) Concurrent Cleanup for Next Mark 2.426ms
[2025-01-17T14:14:02.813+0000][75][info ][gc          ] GC(2) Concurrent Mark Cycle 22.544ms
[2025-01-17T14:14:03.356+0000][75][info ][safepoint   ] Safepoint "ICBufferFull", Time since last: 545899898 ns, Reaching safepoint: 7360 ns, Cleanup: 591547 ns, At safepoint: 37764 ns, Total: 636671 ns
[2025-01-17T14:14:03.619+0000][75][info ][gc,start    ] GC(3) Pause Young (Normal) (G1 Evacuation Pause)
[2025-01-17T14:14:03.620+0000][75][info ][gc,task     ] GC(3) Using 18 workers of 18 for evacuation
[2025-01-17T14:14:03.620+0000][75][debug][gc,age      ] GC(3) Desired survivor size 12582912 bytes, new threshold 15 (max threshold 15)
[2025-01-17T14:14:03.627+0000][75][info ][gc,phases   ] GC(3)   Pre Evacuate Collection Set: 0.3ms
[2025-01-17T14:14:03.628+0000][75][info ][gc,phases   ] GC(3)   Merge Heap Roots: 0.2ms
[2025-01-17T14:14:03.628+0000][75][info ][gc,phases   ] GC(3)   Evacuate Collection Set: 4.0ms
[2025-01-17T14:14:03.628+0000][75][info ][gc,phases   ] GC(3)   Post Evacuate Collection Set: 1.9ms
[2025-01-17T14:14:03.629+0000][75][info ][gc,phases   ] GC(3)   Other: 0.8ms
[2025-01-17T14:14:03.629+0000][75][trace][gc,age      ] GC(3) Age table with threshold 15 (max threshold 15)
[2025-01-17T14:14:03.629+0000][75][trace][gc,age      ] GC(3) - age   1:    7336232 bytes,    7336232 total
[2025-01-17T14:14:03.630+0000][75][trace][gc,age      ] GC(3) - age   2:    2066384 bytes,    9402616 total
[2025-01-17T14:14:03.630+0000][75][trace][gc,age      ] GC(3) - age   3:    8966288 bytes,   18368904 total
[2025-01-17T14:14:03.630+0000][75][info ][gc,heap     ] GC(3) Eden regions: 45->0(110)
[2025-01-17T14:14:03.631+0000][75][info ][gc,heap     ] GC(3) Survivor regions: 3->5(6)
[2025-01-17T14:14:03.631+0000][75][info ][gc,heap     ] GC(3) Old regions: 0->0
[2025-01-17T14:14:03.631+0000][75][info ][gc,heap     ] GC(3) Archive regions: 2->2
[2025-01-17T14:14:03.632+0000][75][info ][gc,heap     ] GC(3) Humongous regions: 0->0
[2025-01-17T14:14:03.632+0000][75][info ][gc,metaspace] GC(3) Metaspace: 27911K(28608K)->27911K(28608K) NonClass: 24819K(25216K)->24819K(25216K) Class: 3092K(3392K)->3092K(3392K)
[2025-01-17T14:14:03.632+0000][75][info ][gc          ] GC(3) Pause Young (Normal) (G1 Evacuation Pause) 195M->23M(3392M) 12.790ms
[2025-01-17T14:14:03.633+0000][75][info ][gc,cpu      ] GC(3) User=0.05s Sys=0.00s Real=0.02s
[2025-01-17T14:14:03.633+0000][75][info ][safepoint   ] Safepoint "G1CollectForAllocation", Time since last: 262991017 ns, Reaching safepoint: 4180 ns, Cleanup: 267522 ns, At safepoint: 13755897 ns, Total: 14027599 ns
[2025-01-17T14:14:04.836+0000][75][info ][safepoint   ] Safepoint "Cleanup", Time since last: 1206127826 ns, Reaching safepoint: 2832 ns, Cleanup: 337588 ns, At safepoint: 17212 ns, Total: 357632 ns
[2025-01-17T14:14:05.592+0000][75][info ][gc,start    ] GC(4) Pause Young (Normal) (G1 Evacuation Pause)
[2025-01-17T14:14:05.592+0000][75][info ][gc,task     ] GC(4) Using 18 workers of 18 for evacuation
[2025-01-17T14:14:05.593+0000][75][debug][gc,age      ] GC(4) Desired survivor size 31457280 bytes, new threshold 15 (max threshold 15)
[2025-01-17T14:14:05.601+0000][75][info ][gc,phases   ] GC(4)   Pre Evacuate Collection Set: 0.3ms
[2025-01-17T14:14:05.602+0000][75][info ][gc,phases   ] GC(4)   Merge Heap Roots: 0.2ms
[2025-01-17T14:14:05.602+0000][75][info ][gc,phases   ] GC(4)   Evacuate Collection Set: 5.1ms
[2025-01-17T14:14:05.603+0000][75][info ][gc,phases   ] GC(4)   Post Evacuate Collection Set: 2.3ms
[2025-01-17T14:14:05.603+0000][75][info ][gc,phases   ] GC(4)   Other: 1.0ms
[2025-01-17T14:14:05.603+0000][75][trace][gc,age      ] GC(4) Age table with threshold 15 (max threshold 15)
[2025-01-17T14:14:05.604+0000][75][trace][gc,age      ] GC(4) - age   1:    8446656 bytes,    8446656 total
[2025-01-17T14:14:05.604+0000][75][trace][gc,age      ] GC(4) - age   2:    5436752 bytes,   13883408 total
[2025-01-17T14:14:05.605+0000][75][trace][gc,age      ] GC(4) - age   3:    2064544 bytes,   15947952 total
[2025-01-17T14:14:05.605+0000][75][trace][gc,age      ] GC(4) - age   4:    8966208 bytes,   24914160 total
[2025-01-17T14:14:05.606+0000][75][info ][gc,heap     ] GC(4) Eden regions: 110->0(155)
[2025-01-17T14:14:05.606+0000][75][info ][gc,heap     ] GC(4) Survivor regions: 5->7(15)
[2025-01-17T14:14:05.606+0000][75][info ][gc,heap     ] GC(4) Old regions: 0->0
[2025-01-17T14:14:05.606+0000][75][info ][gc,heap     ] GC(4) Archive regions: 2->2
[2025-01-17T14:14:05.607+0000][75][info ][gc,heap     ] GC(4) Humongous regions: 0->0
[2025-01-17T14:14:05.607+0000][75][info ][gc,metaspace] GC(4) Metaspace: 34236K(34944K)->34236K(34944K) NonClass: 30442K(30912K)->30442K(30912K) Class: 3793K(4032K)->3793K(4032K)
[2025-01-17T14:14:05.607+0000][75][info ][gc          ] GC(4) Pause Young (Normal) (G1 Evacuation Pause) 463M->29M(3392M) 15.623ms
[2025-01-17T14:14:05.608+0000][75][info ][gc,cpu      ] GC(4) User=0.07s Sys=0.00s Real=0.02s
[2025-01-17T14:14:05.608+0000][75][info ][safepoint   ] Safepoint "G1CollectForAllocation", Time since last: 755490280 ns, Reaching safepoint: 4703 ns, Cleanup: 291004 ns, At safepoint: 16252945 ns, Total: 16548652 ns
[2025-01-17T14:14:06.012+0000][75][info ][gc,start    ] GC(5) Pause Young (Concurrent Start) (Metadata GC Threshold)
[2025-01-17T14:14:06.012+0000][75][info ][gc,task     ] GC(5) Using 18 workers of 18 for evacuation
[2025-01-17T14:14:06.013+0000][75][debug][gc,age      ] GC(5) Desired survivor size 44040192 bytes, new threshold 15 (max threshold 15)
[2025-01-17T14:14:06.021+0000][75][info ][gc,phases   ] GC(5)   Pre Evacuate Collection Set: 0.3ms
[2025-01-17T14:14:06.022+0000][75][info ][gc,phases   ] GC(5)   Merge Heap Roots: 0.2ms
[2025-01-17T14:14:06.022+0000][75][info ][gc,phases   ] GC(5)   Evacuate Collection Set: 5.0ms
[2025-01-17T14:14:06.022+0000][75][info ][gc,phases   ] GC(5)   Post Evacuate Collection Set: 2.8ms
[2025-01-17T14:14:06.023+0000][75][info ][gc,phases   ] GC(5)   Other: 1.0ms
[2025-01-17T14:14:06.023+0000][75][trace][gc,age      ] GC(5) Age table with threshold 15 (max threshold 15)
[2025-01-17T14:14:06.023+0000][75][trace][gc,age      ] GC(5) - age   1:    3037528 bytes,    3037528 total
[2025-01-17T14:14:06.024+0000][75][trace][gc,age      ] GC(5) - age   2:    7618648 bytes,   10656176 total
[2025-01-17T14:14:06.024+0000][75][trace][gc,age      ] GC(5) - age   3:    5435352 bytes,   16091528 total
[2025-01-17T14:14:06.024+0000][75][trace][gc,age      ] GC(5) - age   4:    2064096 bytes,   18155624 total
[2025-01-17T14:14:06.025+0000][75][trace][gc,age      ] GC(5) - age   5:    8959360 bytes,   27114984 total
[2025-01-17T14:14:06.025+0000][75][info ][gc,heap     ] GC(5) Eden regions: 38->0(246)
[2025-01-17T14:14:06.025+0000][75][info ][gc,heap     ] GC(5) Survivor regions: 7->8(21)
[2025-01-17T14:14:06.026+0000][75][info ][gc,heap     ] GC(5) Old regions: 0->0
[2025-01-17T14:14:06.026+0000][75][info ][gc,heap     ] GC(5) Archive regions: 2->2
[2025-01-17T14:14:06.026+0000][75][info ][gc,heap     ] GC(5) Humongous regions: 0->0
[2025-01-17T14:14:06.027+0000][75][info ][gc,metaspace] GC(5) Metaspace: 35535K(36288K)->35535K(36288K) NonClass: 31578K(32064K)->31578K(32064K) Class: 3957K(4224K)->3957K(4224K)
[2025-01-17T14:14:06.027+0000][75][info ][gc          ] GC(5) Pause Young (Concurrent Start) (Metadata GC Threshold) 177M->32M(3392M) 15.357ms
[2025-01-17T14:14:06.027+0000][75][info ][gc          ] GC(6) Concurrent Mark Cycle
[2025-01-17T14:14:06.028+0000][75][info ][gc,marking  ] GC(6) Concurrent Scan Root Regions
[2025-01-17T14:14:06.027+0000][75][info ][gc,cpu      ] GC(5) User=0.08s Sys=0.00s Real=0.02s
[2025-01-17T14:14:06.029+0000][75][info ][safepoint   ] Safepoint "CollectForMetadataAllocation", Time since last: 403354802 ns, Reaching safepoint: 4035 ns, Cleanup: 266284 ns, At safepoint: 17706500 ns, Total: 17976819 ns
[2025-01-17T14:14:06.031+0000][75][info ][gc,marking  ] GC(6) Concurrent Scan Root Regions 3.177ms
[2025-01-17T14:14:06.031+0000][75][info ][gc,marking  ] GC(6) Concurrent Mark
[2025-01-17T14:14:06.031+0000][75][info ][gc,marking  ] GC(6) Concurrent Mark From Roots
[2025-01-17T14:14:06.032+0000][75][info ][gc,task     ] GC(6) Using 5 workers of 5 for marking
[2025-01-17T14:14:06.033+0000][75][info ][gc,marking  ] GC(6) Concurrent Mark From Roots 1.492ms
[2025-01-17T14:14:06.033+0000][75][info ][gc,marking  ] GC(6) Concurrent Preclean
[2025-01-17T14:14:06.034+0000][75][info ][gc,marking  ] GC(6) Concurrent Preclean 0.315ms
[2025-01-17T14:14:06.034+0000][75][info ][gc,start    ] GC(6) Pause Remark
[2025-01-17T14:14:06.038+0000][75][info ][gc          ] GC(6) Pause Remark 36M->36M(3392M) 3.969ms
[2025-01-17T14:14:06.039+0000][75][info ][gc,cpu      ] GC(6) User=0.02s Sys=0.00s Real=0.01s
[2025-01-17T14:14:06.039+0000][75][info ][safepoint   ] Safepoint "G1PauseRemark", Time since last: 4665530 ns, Reaching safepoint: 92530 ns, Cleanup: 242195 ns, At safepoint: 4865366 ns, Total: 5200091 ns
[2025-01-17T14:14:06.039+0000][75][info ][gc,marking  ] GC(6) Concurrent Mark 8.323ms
[2025-01-17T14:14:06.040+0000][75][info ][gc,marking  ] GC(6) Concurrent Rebuild Remembered Sets and Scrub Regions
[2025-01-17T14:14:06.041+0000][75][info ][gc,marking  ] GC(6) Concurrent Rebuild Remembered Sets and Scrub Regions 0.829ms
[2025-01-17T14:14:06.042+0000][75][info ][gc,start    ] GC(6) Pause Cleanup
[2025-01-17T14:14:06.042+0000][75][info ][gc          ] GC(6) Pause Cleanup 36M->36M(3392M) 0.417ms
[2025-01-17T14:14:06.043+0000][75][info ][gc,cpu      ] GC(6) User=0.00s Sys=0.00s Real=0.00s
[2025-01-17T14:14:06.043+0000][75][info ][safepoint   ] Safepoint "G1PauseCleanup", Time since last: 1944248 ns, Reaching safepoint: 166493 ns, Cleanup: 245256 ns, At safepoint: 1766191 ns, Total: 2177940 ns
[2025-01-17T14:14:06.044+0000][75][info ][gc,marking  ] GC(6) Concurrent Clear Claimed Marks
[2025-01-17T14:14:06.044+0000][75][info ][gc,marking  ] GC(6) Concurrent Clear Claimed Marks 0.398ms
[2025-01-17T14:14:06.044+0000][75][info ][gc,marking  ] GC(6) Concurrent Cleanup for Next Mark
[2025-01-17T14:14:06.046+0000][75][info ][gc,marking  ] GC(6) Concurrent Cleanup for Next Mark 2.041ms
[2025-01-17T14:14:06.047+0000][75][info ][gc          ] GC(6) Concurrent Mark Cycle 19.549ms
[2025-01-17T14:14:07.045+0000][75][info ][safepoint   ] Safepoint "Cleanup", Time since last: 1000499905 ns, Reaching safepoint: 453340 ns, Cleanup: 293398 ns, At safepoint: 23444 ns, Total: 770182 ns
[2025-01-17T14:14:08.086+0000][75][info ][safepoint   ] Safepoint "ICBufferFull", Time since last: 1041312294 ns, Reaching safepoint: 6357 ns, Cleanup: 361500 ns, At safepoint: 17896 ns, Total: 385753 ns
[2025-01-17T14:14:08.628+0000][75][info ][safepoint   ] Safepoint "ICBufferFull", Time since last: 541004745 ns, Reaching safepoint: 6154 ns, Cleanup: 262809 ns, At safepoint: 3079 ns, Total: 272042 ns
[2025-01-17T14:14:09.629+0000][75][info ][safepoint   ] Safepoint "Cleanup", Time since last: 1000790748 ns, Reaching safepoint: 84975 ns, Cleanup: 340748 ns, At safepoint: 38518 ns, Total: 464241 ns
[2025-01-17T14:14:10.687+0000][75][info ][safepoint   ] Safepoint "ICBufferFull", Time since last: 1057446209 ns, Reaching safepoint: 3493 ns, Cleanup: 261416 ns, At safepoint: 15418 ns, Total: 280327 ns
[2025-01-17T14:14:10.835+0000][75][info ][gc,start    ] GC(7) Pause Young (Concurrent Start) (Metadata GC Threshold)
[2025-01-17T14:14:10.835+0000][75][info ][gc,task     ] GC(7) Using 18 workers of 18 for evacuation
[2025-01-17T14:14:10.835+0000][75][debug][gc,age      ] GC(7) Desired survivor size 67108864 bytes, new threshold 15 (max threshold 15)
[2025-01-17T14:14:10.851+0000][75][info ][gc,phases   ] GC(7)   Pre Evacuate Collection Set: 0.4ms
[2025-01-17T14:14:10.851+0000][75][info ][gc,phases   ] GC(7)   Merge Heap Roots: 0.3ms
[2025-01-17T14:14:10.851+0000][75][info ][gc,phases   ] GC(7)   Evacuate Collection Set: 10.8ms
[2025-01-17T14:14:10.851+0000][75][info ][gc,phases   ] GC(7)   Post Evacuate Collection Set: 3.3ms
[2025-01-17T14:14:10.852+0000][75][info ][gc,phases   ] GC(7)   Other: 0.7ms
[2025-01-17T14:14:10.852+0000][75][trace][gc,age      ] GC(7) Age table with threshold 15 (max threshold 15)
[2025-01-17T14:14:10.852+0000][75][trace][gc,age      ] GC(7) - age   1:   29357992 bytes,   29357992 total
[2025-01-17T14:14:10.853+0000][75][trace][gc,age      ] GC(7) - age   2:    2988352 bytes,   32346344 total
[2025-01-17T14:14:10.853+0000][75][trace][gc,age      ] GC(7) - age   3:    7575432 bytes,   39921776 total
[2025-01-17T14:14:10.853+0000][75][trace][gc,age      ] GC(7) - age   4:    5396680 bytes,   45318456 total
[2025-01-17T14:14:10.854+0000][75][trace][gc,age      ] GC(7) - age   5:    2053792 bytes,   47372248 total
[2025-01-17T14:14:10.854+0000][75][trace][gc,age      ] GC(7) - age   6:    8733928 bytes,   56106176 total
[2025-01-17T14:14:10.854+0000][75][info ][gc,heap     ] GC(7) Eden regions: 226->0(343)
[2025-01-17T14:14:10.854+0000][75][info ][gc,heap     ] GC(7) Survivor regions: 8->15(32)
[2025-01-17T14:14:10.855+0000][75][info ][gc,heap     ] GC(7) Old regions: 0->0
[2025-01-17T14:14:10.855+0000][75][info ][gc,heap     ] GC(7) Archive regions: 2->2
[2025-01-17T14:14:10.855+0000][75][info ][gc,heap     ] GC(7) Humongous regions: 0->0
[2025-01-17T14:14:10.855+0000][75][info ][gc,metaspace] GC(7) Metaspace: 59170K(60608K)->59170K(60608K) NonClass: 51988K(52864K)->51988K(52864K) Class: 7182K(7744K)->7182K(7744K)
[2025-01-17T14:14:10.855+0000][75][info ][gc          ] GC(7) Pause Young (Concurrent Start) (Metadata GC Threshold) 936M->61M(3392M) 20.459ms
[2025-01-17T14:14:10.855+0000][75][info ][gc,cpu      ] GC(7) User=0.17s Sys=0.00s Real=0.02s
[2025-01-17T14:14:10.855+0000][75][info ][gc          ] GC(8) Concurrent Mark Cycle
[2025-01-17T14:14:10.856+0000][75][info ][gc,marking  ] GC(8) Concurrent Scan Root Regions
[2025-01-17T14:14:10.857+0000][75][info ][safepoint   ] Safepoint "CollectForMetadataAllocation", Time since last: 147902870 ns, Reaching safepoint: 4034 ns, Cleanup: 267143 ns, At safepoint: 22054405 ns, Total: 22325582 ns
[2025-01-17T14:14:10.862+0000][75][info ][gc,marking  ] GC(8) Concurrent Scan Root Regions 6.324ms
[2025-01-17T14:14:10.863+0000][75][info ][gc,marking  ] GC(8) Concurrent Mark
[2025-01-17T14:14:10.863+0000][75][info ][gc,marking  ] GC(8) Concurrent Mark From Roots
[2025-01-17T14:14:10.863+0000][75][info ][gc,task     ] GC(8) Using 5 workers of 5 for marking
[2025-01-17T14:14:10.865+0000][75][info ][gc,marking  ] GC(8) Concurrent Mark From Roots 1.717ms
[2025-01-17T14:14:10.865+0000][75][info ][gc,marking  ] GC(8) Concurrent Preclean
[2025-01-17T14:14:10.865+0000][75][info ][gc,marking  ] GC(8) Concurrent Preclean 0.216ms
[2025-01-17T14:14:10.866+0000][75][info ][gc,start    ] GC(8) Pause Remark
[2025-01-17T14:14:10.870+0000][75][info ][gc          ] GC(8) Pause Remark 64M->64M(3392M) 4.013ms
[2025-01-17T14:14:10.870+0000][75][info ][gc,cpu      ] GC(8) User=0.02s Sys=0.00s Real=0.00s
[2025-01-17T14:14:10.871+0000][75][info ][safepoint   ] Safepoint "G1PauseRemark", Time since last: 8786617 ns, Reaching safepoint: 82057 ns, Cleanup: 267151 ns, At safepoint: 4781441 ns, Total: 5130649 ns
[2025-01-17T14:14:10.871+0000][75][info ][gc,marking  ] GC(8) Concurrent Mark 8.434ms
[2025-01-17T14:14:10.871+0000][75][info ][gc,marking  ] GC(8) Concurrent Rebuild Remembered Sets and Scrub Regions
[2025-01-17T14:14:10.872+0000][75][info ][gc,marking  ] GC(8) Concurrent Rebuild Remembered Sets and Scrub Regions 0.432ms
[2025-01-17T14:14:10.873+0000][75][info ][gc,start    ] GC(8) Pause Cleanup
[2025-01-17T14:14:10.873+0000][75][info ][gc          ] GC(8) Pause Cleanup 64M->64M(3392M) 0.587ms
[2025-01-17T14:14:10.874+0000][75][info ][gc,cpu      ] GC(8) User=0.00s Sys=0.00s Real=0.00s
[2025-01-17T14:14:10.874+0000][75][info ][safepoint   ] Safepoint "G1PauseCleanup", Time since last: 1474572 ns, Reaching safepoint: 207311 ns, Cleanup: 254251 ns, At safepoint: 1237868 ns, Total: 1699430 ns
[2025-01-17T14:14:10.874+0000][75][info ][gc,marking  ] GC(8) Concurrent Clear Claimed Marks
[2025-01-17T14:14:10.875+0000][75][info ][gc,marking  ] GC(8) Concurrent Clear Claimed Marks 0.340ms
[2025-01-17T14:14:10.875+0000][75][info ][gc,marking  ] GC(8) Concurrent Cleanup for Next Mark
[2025-01-17T14:14:10.877+0000][75][info ][gc,marking  ] GC(8) Concurrent Cleanup for Next Mark 2.476ms
[2025-01-17T14:14:10.878+0000][75][info ][gc          ] GC(8) Concurrent Mark Cycle 22.365ms
[2025-01-17T14:14:11.875+0000][75][info ][safepoint   ] Safepoint "Cleanup", Time since last: 1000392894 ns, Reaching safepoint: 91274 ns, Cleanup: 284192 ns, At safepoint: 39479 ns, Total: 414945 ns
[2025-01-17T14:14:12.876+0000][75][info ][safepoint   ] Safepoint "Cleanup", Time since last: 1000515936 ns, Reaching safepoint: 103088 ns, Cleanup: 288458 ns, At safepoint: 47603 ns, Total: 439149 ns
[2025-01-17T14:14:13.939+0000][75][info ][safepoint   ] Safepoint "Cleanup", Time since last: 1063338424 ns, Reaching safepoint: 2456 ns, Cleanup: 266299 ns, At safepoint: 26978 ns, Total: 295733 ns
[2025-01-17T14:14:14.940+0000][75][info ][safepoint   ] Safepoint "Cleanup", Time since last: 1000591758 ns, Reaching safepoint: 175012 ns, Cleanup: 271782 ns, At safepoint: 33133 ns, Total: 479927 ns
[2025-01-17T14:14:15.756+0000][75][info ][safepoint   ] Safepoint "ICBufferFull", Time since last: 815041467 ns, Reaching safepoint: 4975 ns, Cleanup: 257959 ns, At safepoint: 28118 ns, Total: 291052 ns
[2025-01-17T14:14:15.863+0000][75][info ][gc,start    ] GC(9) Pause Young (Concurrent Start) (Metadata GC Threshold)
[2025-01-17T14:14:15.863+0000][75][info ][gc,task     ] GC(9) Using 18 workers of 18 for evacuation
[2025-01-17T14:14:15.864+0000][75][debug][gc,age      ] GC(9) Desired survivor size 94371840 bytes, new threshold 15 (max threshold 15)
[2025-01-17T14:14:15.882+0000][75][info ][gc,phases   ] GC(9)   Pre Evacuate Collection Set: 0.4ms
[2025-01-17T14:14:15.882+0000][75][info ][gc,phases   ] GC(9)   Merge Heap Roots: 0.2ms
[2025-01-17T14:14:15.883+0000][75][info ][gc,phases   ] GC(9)   Evacuate Collection Set: 13.4ms
[2025-01-17T14:14:15.883+0000][75][info ][gc,phases   ] GC(9)   Post Evacuate Collection Set: 4.0ms
[2025-01-17T14:14:15.883+0000][75][info ][gc,phases   ] GC(9)   Other: 0.8ms
[2025-01-17T14:14:15.884+0000][75][trace][gc,age      ] GC(9) Age table with threshold 15 (max threshold 15)
[2025-01-17T14:14:15.884+0000][75][trace][gc,age      ] GC(9) - age   1:   16821088 bytes,   16821088 total
[2025-01-17T14:14:15.884+0000][75][trace][gc,age      ] GC(9) - age   2:   28842216 bytes,   45663304 total
[2025-01-17T14:14:15.885+0000][75][trace][gc,age      ] GC(9) - age   3:    2982424 bytes,   48645728 total
[2025-01-17T14:14:15.885+0000][75][trace][gc,age      ] GC(9) - age   4:    7548536 bytes,   56194264 total
[2025-01-17T14:14:15.885+0000][75][trace][gc,age      ] GC(9) - age   5:    5381400 bytes,   61575664 total
[2025-01-17T14:14:15.885+0000][75][trace][gc,age      ] GC(9) - age   6:    2050056 bytes,   63625720 total
[2025-01-17T14:14:15.886+0000][75][trace][gc,age      ] GC(9) - age   7:    8708832 bytes,   72334552 total
[2025-01-17T14:14:15.886+0000][75][info ][gc,heap     ] GC(9) Eden regions: 126->0(187)
[2025-01-17T14:14:15.886+0000][75][info ][gc,heap     ] GC(9) Survivor regions: 15->20(45)
[2025-01-17T14:14:15.887+0000][75][info ][gc,heap     ] GC(9) Old regions: 0->0
[2025-01-17T14:14:15.887+0000][75][info ][gc,heap     ] GC(9) Archive regions: 2->2
[2025-01-17T14:14:15.887+0000][75][info ][gc,heap     ] GC(9) Humongous regions: 0->0
[2025-01-17T14:14:15.888+0000][75][info ][gc,metaspace] GC(9) Metaspace: 99093K(101248K)->99093K(101248K) NonClass: 86294K(87488K)->86294K(87488K) Class: 12799K(13760K)->12799K(13760K)
[2025-01-17T14:14:15.888+0000][75][info ][gc          ] GC(9) Pause Young (Concurrent Start) (Metadata GC Threshold) 563M->80M(3392M) 25.176ms
[2025-01-17T14:14:15.888+0000][75][info ][gc,cpu      ] GC(9) User=0.20s Sys=0.00s Real=0.03s
[2025-01-17T14:14:15.888+0000][75][info ][gc          ] GC(10) Concurrent Mark Cycle
[2025-01-17T14:14:15.889+0000][75][info ][gc,marking  ] GC(10) Concurrent Scan Root Regions
[2025-01-17T14:14:15.889+0000][75][info ][safepoint   ] Safepoint "CollectForMetadataAllocation", Time since last: 106689940 ns, Reaching safepoint: 5064 ns, Cleanup: 260835 ns, At safepoint: 26284869 ns, Total: 26550768 ns
[2025-01-17T14:14:15.896+0000][75][info ][gc,marking  ] GC(10) Concurrent Scan Root Regions 7.574ms
[2025-01-17T14:14:15.897+0000][75][info ][gc,marking  ] GC(10) Concurrent Mark
[2025-01-17T14:14:15.897+0000][75][info ][gc,marking  ] GC(10) Concurrent Mark From Roots
[2025-01-17T14:14:15.898+0000][75][info ][gc,task     ] GC(10) Using 5 workers of 5 for marking
[2025-01-17T14:14:15.899+0000][75][info ][gc,marking  ] GC(10) Concurrent Mark From Roots 1.567ms
[2025-01-17T14:14:15.899+0000][75][info ][gc,marking  ] GC(10) Concurrent Preclean
[2025-01-17T14:14:15.900+0000][75][info ][gc,marking  ] GC(10) Concurrent Preclean 0.298ms
[2025-01-17T14:14:15.900+0000][75][info ][gc,start    ] GC(10) Pause Remark
[2025-01-17T14:14:15.905+0000][75][info ][gc          ] GC(10) Pause Remark 84M->84M(3392M) 4.237ms
[2025-01-17T14:14:15.905+0000][75][info ][gc,cpu      ] GC(10) User=0.03s Sys=0.00s Real=0.00s
[2025-01-17T14:14:15.905+0000][75][info ][safepoint   ] Safepoint "G1PauseRemark", Time since last: 11025528 ns, Reaching safepoint: 107231 ns, Cleanup: 391744 ns, At safepoint: 4930486 ns, Total: 5429461 ns
[2025-01-17T14:14:15.906+0000][75][info ][gc,marking  ] GC(10) Concurrent Mark 8.832ms
[2025-01-17T14:14:15.906+0000][75][info ][gc,marking  ] GC(10) Concurrent Rebuild Remembered Sets and Scrub Regions
[2025-01-17T14:14:15.907+0000][75][info ][gc,marking  ] GC(10) Concurrent Rebuild Remembered Sets and Scrub Regions 0.545ms
[2025-01-17T14:14:15.908+0000][75][info ][gc,start    ] GC(10) Pause Cleanup
[2025-01-17T14:14:15.908+0000][75][info ][gc          ] GC(10) Pause Cleanup 84M->84M(3392M) 0.398ms
[2025-01-17T14:14:15.908+0000][75][info ][gc,cpu      ] GC(10) User=0.00s Sys=0.00s Real=0.00s
[2025-01-17T14:14:15.909+0000][75][info ][safepoint   ] Safepoint "G1PauseCleanup", Time since last: 1663305 ns, Reaching safepoint: 98174 ns, Cleanup: 438995 ns, At safepoint: 1031368 ns, Total: 1568537 ns
[2025-01-17T14:14:15.909+0000][75][info ][gc,marking  ] GC(10) Concurrent Clear Claimed Marks
[2025-01-17T14:14:15.909+0000][75][info ][gc,marking  ] GC(10) Concurrent Clear Claimed Marks 0.484ms
[2025-01-17T14:14:15.910+0000][75][info ][gc,marking  ] GC(10) Concurrent Cleanup for Next Mark
[2025-01-17T14:14:15.912+0000][75][info ][gc,marking  ] GC(10) Concurrent Cleanup for Next Mark 1.914ms
[2025-01-17T14:14:15.912+0000][75][info ][gc          ] GC(10) Concurrent Mark Cycle 24.051ms
[2025-01-17T14:14:16.909+0000][75][info ][safepoint   ] Safepoint "Cleanup", Time since last: 1000415012 ns, Reaching safepoint: 6050 ns, Cleanup: 284367 ns, At safepoint: 27522 ns, Total: 317939 ns
[2025-01-17T14:14:17.761+0000][75][info ][safepoint   ] Safepoint "ICBufferFull", Time since last: 851535200 ns, Reaching safepoint: 10435 ns, Cleanup: 372754 ns, At safepoint: 55519 ns, Total: 438708 ns
[2025-01-17T14:14:17.979+0000][75][info ][safepoint   ] Safepoint "ICBufferFull", Time since last: 217475993 ns, Reaching safepoint: 16983 ns, Cleanup: 383213 ns, At safepoint: 31595 ns, Total: 431791 ns
[2025-01-17T14:14:18.980+0000][75][info ][safepoint   ] Safepoint "Cleanup", Time since last: 1000660354 ns, Reaching safepoint: 291587 ns, Cleanup: 263048 ns, At safepoint: 49031 ns, Total: 603666 ns
[2025-01-17T14:14:19.170+0000][75][info ][safepoint   ] Safepoint "ICBufferFull", Time since last: 188862776 ns, Reaching safepoint: 17148 ns, Cleanup: 619628 ns, At safepoint: 40711 ns, Total: 677487 ns
[2025-01-17T14:14:19.392+0000][75][info ][safepoint   ] Safepoint "ICBufferFull", Time since last: 221632814 ns, Reaching safepoint: 7728 ns, Cleanup: 270682 ns, At safepoint: 16994 ns, Total: 295404 ns
[2025-01-17T14:14:19.848+0000][75][info ][safepoint   ] Safepoint "ICBufferFull", Time since last: 455173321 ns, Reaching safepoint: 182095 ns, Cleanup: 648725 ns, At safepoint: 36426 ns, Total: 867246 ns
[2025-01-17T14:14:20.175+0000][75][info ][safepoint   ] Safepoint "ICBufferFull", Time since last: 326890731 ns, Reaching safepoint: 7060 ns, Cleanup: 248473 ns, At safepoint: 15838 ns, Total: 271371 ns
[2025-01-17T14:14:20.750+0000][75][info ][safepoint   ] Safepoint "ICBufferFull", Time since last: 574839573 ns, Reaching safepoint: 159385 ns, Cleanup: 266152 ns, At safepoint: 53796 ns, Total: 479333 ns
[2025-01-17T14:14:21.241+0000][75][info ][safepoint   ] Safepoint "ICBufferFull", Time since last: 490057505 ns, Reaching safepoint: 6696 ns, Cleanup: 255402 ns, At safepoint: 26848 ns, Total: 288946 ns
[2025-01-17T14:14:22.302+0000][75][info ][safepoint   ] Safepoint "Cleanup", Time since last: 1061230249 ns, Reaching safepoint: 11815 ns, Cleanup: 289289 ns, At safepoint: 4090 ns, Total: 305194 ns
[2025-01-17T14:14:23.303+0000][75][info ][safepoint   ] Safepoint "Cleanup", Time since last: 1000599433 ns, Reaching safepoint: 9851 ns, Cleanup: 331033 ns, At safepoint: 4788 ns, Total: 345672 ns
[2025-01-17T14:14:25.304+0000][75][info ][safepoint   ] Safepoint "Cleanup", Time since last: 2000581464 ns, Reaching safepoint: 11944 ns, Cleanup: 293102 ns, At safepoint: 4011 ns, Total: 309057 ns
[2025-01-17T14:14:26.305+0000][75][info ][safepoint   ] Safepoint "Cleanup", Time since last: 1000482100 ns, Reaching safepoint: 9743 ns, Cleanup: 279548 ns, At safepoint: 16376 ns, Total: 305667 ns
[2025-01-17T14:14:27.334+0000][75][info ][safepoint   ] Safepoint "Cleanup", Time since last: 1028640843 ns, Reaching safepoint: 4692 ns, Cleanup: 291469 ns, At safepoint: 31697 ns, Total: 327858 ns
[2025-01-17T14:14:27.845+0000][75][info ][safepoint   ] Safepoint "ICBufferFull", Time since last: 508319128 ns, Reaching safepoint: 2206901 ns, Cleanup: 295493 ns, At safepoint: 64109 ns, Total: 2566503 ns
[2025-01-17T14:14:28.846+0000][75][info ][safepoint   ] Safepoint "Cleanup", Time since last: 1000523596 ns, Reaching safepoint: 144920 ns, Cleanup: 271260 ns, At safepoint: 36482 ns, Total: 452662 ns
[2025-01-17T14:14:30.697+0000][75][info ][safepoint   ] Safepoint "Cleanup", Time since last: 1850563308 ns, Reaching safepoint: 12587 ns, Cleanup: 266066 ns, At safepoint: 18055 ns, Total: 296708 ns
[2025-01-17T14:14:31.536+0000][75][info ][safepoint   ] Safepoint "ICBufferFull", Time since last: 820665140 ns, Reaching safepoint: 18678778 ns, Cleanup: 239099 ns, At safepoint: 69995 ns, Total: 18987872 ns
[2025-01-17T14:14:31.539+0000][75][info ][safepoint   ] Safepoint "ICBufferFull", Time since last: 659777 ns, Reaching safepoint: 1409622 ns, Cleanup: 237682 ns, At safepoint: 95461 ns, Total: 1742765 ns
[2025-01-17T14:14:31.540+0000][75][info ][safepoint   ] Safepoint "ICBufferFull", Time since last: 556771 ns, Reaching safepoint: 248496 ns, Cleanup: 244580 ns, At safepoint: 223328 ns, Total: 716404 ns
[2025-01-17T14:14:31.542+0000][75][info ][safepoint   ] Safepoint "ICBufferFull", Time since last: 833838 ns, Reaching safepoint: 128491 ns, Cleanup: 456826 ns, At safepoint: 103883 ns, Total: 689200 ns
[2025-01-17T14:14:31.543+0000][75][info ][safepoint   ] Safepoint "ICBufferFull", Time since last: 848397 ns, Reaching safepoint: 121752 ns, Cleanup: 230080 ns, At safepoint: 206877 ns, Total: 558709 ns
[2025-01-17T14:14:31.544+0000][75][info ][safepoint   ] Safepoint "ICBufferFull", Time since last: 672098 ns, Reaching safepoint: 142024 ns, Cleanup: 245797 ns, At safepoint: 164595 ns, Total: 552416 ns
[2025-01-17T14:14:31.546+0000][75][info ][safepoint   ] Safepoint "ICBufferFull", Time since last: 808866 ns, Reaching safepoint: 268937 ns, Cleanup: 246696 ns, At safepoint: 181243 ns, Total: 696876 ns
[2025-01-17T14:14:31.547+0000][75][info ][safepoint   ] Safepoint "ICBufferFull", Time since last: 877332 ns, Reaching safepoint: 118609 ns, Cleanup: 651771 ns, At safepoint: 157459 ns, Total: 927839 ns
[2025-01-17T14:14:31.549+0000][75][info ][safepoint   ] Safepoint "ICBufferFull", Time since last: 715722 ns, Reaching safepoint: 172718 ns, Cleanup: 243327 ns, At safepoint: 174624 ns, Total: 590669 ns
[2025-01-17T14:14:31.551+0000][75][info ][safepoint   ] Safepoint "ICBufferFull", Time since last: 493368 ns, Reaching safepoint: 899639 ns, Cleanup: 246787 ns, At safepoint: 198064 ns, Total: 1344490 ns
[2025-01-17T14:14:31.552+0000][75][info ][safepoint   ] Safepoint "ICBufferFull", Time since last: 509569 ns, Reaching safepoint: 107326 ns, Cleanup: 266755 ns, At safepoint: 180222 ns, Total: 554303 ns
[2025-01-17T14:14:31.553+0000][75][info ][safepoint   ] Safepoint "ICBufferFull", Time since last: 365073 ns, Reaching safepoint: 93584 ns, Cleanup: 236459 ns, At safepoint: 221250 ns, Total: 551293 ns
[2025-01-17T14:14:31.554+0000][75][info ][safepoint   ] Safepoint "ICBufferFull", Time since last: 519172 ns, Reaching safepoint: 123950 ns, Cleanup: 544608 ns, At safepoint: 194418 ns, Total: 862976 ns
[2025-01-17T14:14:31.688+0000][75][info ][safepoint   ] Safepoint "ICBufferFull", Time since last: 133391142 ns, Reaching safepoint: 13660 ns, Cleanup: 255239 ns, At safepoint: 39294 ns, Total: 308193 ns
[2025-01-17T14:14:31.892+0000][75][info ][safepoint   ] Safepoint "ICBufferFull", Time since last: 203772442 ns, Reaching safepoint: 37748 ns, Cleanup: 283839 ns, At safepoint: 22122 ns, Total: 343709 ns
[2025-01-17T14:14:32.147+0000][75][info ][safepoint   ] Safepoint "ICBufferFull", Time since last: 254760202 ns, Reaching safepoint: 118300 ns, Cleanup: 318405 ns, At safepoint: 40508 ns, Total: 477213 ns
[2025-01-17T14:14:32.418+0000][75][info ][safepoint   ] Safepoint "ICBufferFull", Time since last: 270154831 ns, Reaching safepoint: 46248 ns, Cleanup: 400929 ns, At safepoint: 38277 ns, Total: 485454 ns
[2025-01-17T14:14:33.030+0000][75][info ][safepoint   ] Safepoint "ICBufferFull", Time since last: 612198220 ns, Reaching safepoint: 107590 ns, Cleanup: 279608 ns, At safepoint: 61238 ns, Total: 448436 ns
[2025-01-17T14:14:33.308+0000][75][info ][safepoint   ] Safepoint "ICBufferFull", Time since last: 276947395 ns, Reaching safepoint: 19302 ns, Cleanup: 253737 ns, At safepoint: 90224 ns, Total: 363263 ns
[2025-01-17T14:14:33.309+0000][75][info ][safepoint   ] Safepoint "ICBufferFull", Time since last: 616413 ns, Reaching safepoint: 172998 ns, Cleanup: 608312 ns, At safepoint: 171112 ns, Total: 952422 ns
[2025-01-17T14:14:33.311+0000][75][info ][safepoint   ] Safepoint "ICBufferFull", Time since last: 490381 ns, Reaching safepoint: 131858 ns, Cleanup: 613524 ns, At safepoint: 248729 ns, Total: 994111 ns
[2025-01-17T14:14:33.449+0000][75][info ][gc,start    ] GC(11) Pause Young (Normal) (G1 Evacuation Pause)
[2025-01-17T14:14:33.450+0000][75][info ][gc,task     ] GC(11) Using 18 workers of 18 for evacuation
[2025-01-17T14:14:33.450+0000][75][debug][gc,age      ] GC(11) Desired survivor size 54525952 bytes, new threshold 4 (max threshold 15)
[2025-01-17T14:14:33.514+0000][75][info ][gc,phases   ] GC(11)   Pre Evacuate Collection Set: 0.7ms
[2025-01-17T14:14:33.515+0000][75][info ][gc,phases   ] GC(11)   Merge Heap Roots: 0.3ms
[2025-01-17T14:14:33.515+0000][75][info ][gc,phases   ] GC(11)   Evacuate Collection Set: 56.6ms
[2025-01-17T14:14:33.515+0000][75][info ][gc,phases   ] GC(11)   Post Evacuate Collection Set: 5.9ms
[2025-01-17T14:14:33.516+0000][75][info ][gc,phases   ] GC(11)   Other: 0.9ms
[2025-01-17T14:14:33.516+0000][75][trace][gc,age      ] GC(11) Age table with threshold 4 (max threshold 15)
[2025-01-17T14:14:33.516+0000][75][trace][gc,age      ] GC(11) - age   1:   54690416 bytes,   54690416 total
[2025-01-17T14:14:33.517+0000][75][trace][gc,age      ] GC(11) - age   2:   14576216 bytes,   69266632 total
[2025-01-17T14:14:33.517+0000][75][trace][gc,age      ] GC(11) - age   3:   27844320 bytes,   97110952 total
[2025-01-17T14:14:33.517+0000][75][trace][gc,age      ] GC(11) - age   4:    2947112 bytes,  100058064 total
[2025-01-17T14:14:33.517+0000][75][info ][gc,heap     ] GC(11) Eden regions: 187->0(109)
[2025-01-17T14:14:33.518+0000][75][info ][gc,heap     ] GC(11) Survivor regions: 20->26(26)
[2025-01-17T14:14:33.518+0000][75][info ][gc,heap     ] GC(11) Old regions: 0->7
[2025-01-17T14:14:33.518+0000][75][info ][gc,heap     ] GC(11) Archive regions: 2->2
[2025-01-17T14:14:33.519+0000][75][info ][gc,heap     ] GC(11) Humongous regions: 4->4
[2025-01-17T14:14:33.519+0000][75][info ][gc,metaspace] GC(11) Metaspace: 131754K(135360K)->131754K(135360K) NonClass: 113926K(115840K)->113926K(115840K) Class: 17827K(19520K)->17827K(19520K)
[2025-01-17T14:14:33.519+0000][75][info ][gc          ] GC(11) Pause Young (Normal) (G1 Evacuation Pause) 844M->151M(3392M) 69.625ms
[2025-01-17T14:14:33.519+0000][75][info ][gc,cpu      ] GC(11) User=0.72s Sys=0.00s Real=0.07s
[2025-01-17T14:14:33.520+0000][75][info ][safepoint   ] Safepoint "G1CollectForAllocation", Time since last: 138436796 ns, Reaching safepoint: 24102 ns, Cleanup: 327910 ns, At safepoint: 70330981 ns, Total: 70682993 ns
[2025-01-17T14:14:33.810+0000][75][info ][safepoint   ] Safepoint "ICBufferFull", Time since last: 290167272 ns, Reaching safepoint: 44404 ns, Cleanup: 277415 ns, At safepoint: 9438 ns, Total: 331257 ns
[2025-01-17T14:14:34.337+0000][75][info ][safepoint   ] Safepoint "ICBufferFull", Time since last: 526597734 ns, Reaching safepoint: 17331 ns, Cleanup: 267758 ns, At safepoint: 19437 ns, Total: 304526 ns
[2025-01-17T14:14:34.860+0000][75][info ][safepoint   ] Safepoint "ICBufferFull", Time since last: 522380027 ns, Reaching safepoint: 14084 ns, Cleanup: 366589 ns, At safepoint: 31675 ns, Total: 412348 ns
[2025-01-17T14:14:35.484+0000][75][info ][safepoint   ] Safepoint "ICBufferFull", Time since last: 623309914 ns, Reaching safepoint: 115114 ns, Cleanup: 254896 ns, At safepoint: 52781 ns, Total: 422791 ns
[2025-01-17T14:14:36.175+0000][75][info ][safepoint   ] Safepoint "ICBufferFull", Time since last: 691331741 ns, Reaching safepoint: 106036 ns, Cleanup: 239746 ns, At safepoint: 58516 ns, Total: 404298 ns
[2025-01-17T14:14:36.994+0000][75][info ][safepoint   ] Safepoint "ICBufferFull", Time since last: 818316417 ns, Reaching safepoint: 17150 ns, Cleanup: 299578 ns, At safepoint: 64436 ns, Total: 381164 ns
[2025-01-17T14:14:37.891+0000][75][info ][safepoint   ] Safepoint "ICBufferFull", Time since last: 896574649 ns, Reaching safepoint: 18854 ns, Cleanup: 282870 ns, At safepoint: 71470 ns, Total: 373194 ns
[2025-01-17T14:14:38.051+0000][75][info ][safepoint   ] Safepoint "ICBufferFull", Time since last: 159074023 ns, Reaching safepoint: 15792 ns, Cleanup: 268597 ns, At safepoint: 55498 ns, Total: 339887 ns
[2025-01-17T14:14:38.120+0000][75][info ][gc,start    ] GC(12) Pause Young (Normal) (G1 Evacuation Pause)
[2025-01-17T14:14:38.120+0000][75][info ][gc,task     ] GC(12) Using 18 workers of 18 for evacuation
[2025-01-17T14:14:38.121+0000][75][debug][gc,age      ] GC(12) Desired survivor size 35651584 bytes, new threshold 1 (max threshold 15)
[2025-01-17T14:14:38.269+0000][75][info ][gc,phases   ] GC(12)   Pre Evacuate Collection Set: 0.4ms
[2025-01-17T14:14:38.269+0000][75][info ][gc,phases   ] GC(12)   Merge Heap Roots: 0.3ms
[2025-01-17T14:14:38.270+0000][75][info ][gc,phases   ] GC(12)   Evacuate Collection Set: 145.7ms
[2025-01-17T14:14:38.270+0000][75][info ][gc,phases   ] GC(12)   Post Evacuate Collection Set: 1.7ms
[2025-01-17T14:14:38.270+0000][75][info ][gc,phases   ] GC(12)   Other: 0.6ms
[2025-01-17T14:14:38.270+0000][75][trace][gc,age      ] GC(12) Age table with threshold 1 (max threshold 15)
[2025-01-17T14:14:38.271+0000][75][trace][gc,age      ] GC(12) - age   1:    6979008 bytes,    6979008 total
[2025-01-17T14:14:38.271+0000][75][info ][gc,heap     ] GC(12) Eden regions: 109->0(493)
[2025-01-17T14:14:38.271+0000][75][info ][gc,heap     ] GC(12) Survivor regions: 26->4(17)
[2025-01-17T14:14:38.271+0000][75][info ][gc,heap     ] GC(12) Old regions: 7->35
[2025-01-17T14:14:38.272+0000][75][info ][gc,heap     ] GC(12) Archive regions: 2->2
[2025-01-17T14:14:38.272+0000][75][info ][gc,heap     ] GC(12) Humongous regions: 4->4
[2025-01-17T14:14:38.272+0000][75][info ][gc,metaspace] GC(12) Metaspace: 135570K(139264K)->135570K(139264K) NonClass: 117355K(119296K)->117355K(119296K) Class: 18214K(19968K)->18214K(19968K)
[2025-01-17T14:14:38.272+0000][75][info ][gc          ] GC(12) Pause Young (Normal) (G1 Evacuation Pause) 587M->174M(3392M) 152.205ms
[2025-01-17T14:14:38.272+0000][75][info ][gc,cpu      ] GC(12) User=2.58s Sys=0.00s Real=0.15s
[2025-01-17T14:14:38.273+0000][75][info ][safepoint   ] Safepoint "G1CollectForAllocation", Time since last: 68519881 ns, Reaching safepoint: 614249 ns, Cleanup: 273549 ns, At safepoint: 152950590 ns, Total: 153838388 ns
[2025-01-17T14:14:38.793+0000][75][info ][safepoint   ] Safepoint "ICBufferFull", Time since last: 519317329 ns, Reaching safepoint: 13047 ns, Cleanup: 273251 ns, At safepoint: 18336 ns, Total: 304634 ns
[2025-01-17T14:14:39.112+0000][75][info ][safepoint   ] Safepoint "ICBufferFull", Time since last: 318983992 ns, Reaching safepoint: 21274 ns, Cleanup: 265650 ns, At safepoint: 20798 ns, Total: 307722 ns
[2025-01-17T14:14:40.090+0000][75][info ][safepoint   ] Safepoint "ICBufferFull", Time since last: 977359040 ns, Reaching safepoint: 62701 ns, Cleanup: 634137 ns, At safepoint: 68208 ns, Total: 765046 ns
[2025-01-17T14:14:40.892+0000][75][info ][safepoint   ] Safepoint "ICBufferFull", Time since last: 802091551 ns, Reaching safepoint: 23446 ns, Cleanup: 265280 ns, At safepoint: 42828 ns, Total: 331554 ns
[2025-01-17T14:14:41.204+0000][75][info ][safepoint   ] Safepoint "ICBufferFull", Time since last: 311037327 ns, Reaching safepoint: 21376 ns, Cleanup: 315328 ns, At safepoint: 79843 ns, Total: 416547 ns
[2025-01-17T14:14:41.623+0000][75][info ][safepoint   ] Safepoint "ICBufferFull", Time since last: 419301912 ns, Reaching safepoint: 24960 ns, Cleanup: 266706 ns, At safepoint: 21025 ns, Total: 312691 ns
[2025-01-17T14:14:42.211+0000][75][info ][safepoint   ] Safepoint "ICBufferFull", Time since last: 587582725 ns, Reaching safepoint: 70879 ns, Cleanup: 295617 ns, At safepoint: 120047 ns, Total: 486543 ns
[2025-01-17T14:14:43.002+0000][75][info ][safepoint   ] Safepoint "ICBufferFull", Time since last: 790083316 ns, Reaching safepoint: 17966 ns, Cleanup: 298702 ns, At safepoint: 68929 ns, Total: 385597 ns
[2025-01-17T14:14:43.013+0000][75][info ][gc,start    ] GC(13) Pause Young (Concurrent Start) (CodeCache GC Threshold)
[2025-01-17T14:14:43.013+0000][75][info ][gc,task     ] GC(13) Using 18 workers of 18 for evacuation
[2025-01-17T14:14:43.014+0000][75][debug][gc,age      ] GC(13) Desired survivor size 134217728 bytes, new threshold 15 (max threshold 15)
[2025-01-17T14:14:43.019+0000][75][info ][gc,phases   ] GC(13)   Pre Evacuate Collection Set: 0.5ms
[2025-01-17T14:14:43.020+0000][75][info ][gc,phases   ] GC(13)   Merge Heap Roots: 0.3ms
[2025-01-17T14:14:43.020+0000][75][info ][gc,phases   ] GC(13)   Evacuate Collection Set: 3.0ms
[2025-01-17T14:14:43.020+0000][75][info ][gc,phases   ] GC(13)   Post Evacuate Collection Set: 1.2ms
[2025-01-17T14:14:43.021+0000][75][info ][gc,phases   ] GC(13)   Other: 1.0ms
[2025-01-17T14:14:43.021+0000][75][trace][gc,age      ] GC(13) Age table with threshold 15 (max threshold 15)
[2025-01-17T14:14:43.021+0000][75][trace][gc,age      ] GC(13) - age   1:    6332024 bytes,    6332024 total
[2025-01-17T14:14:43.021+0000][75][trace][gc,age      ] GC(13) - age   2:    5185864 bytes,   11517888 total
[2025-01-17T14:14:43.022+0000][75][info ][gc,heap     ] GC(13) Eden regions: 69->0(504)
[2025-01-17T14:14:43.022+0000][75][info ][gc,heap     ] GC(13) Survivor regions: 4->4(64)
[2025-01-17T14:14:43.023+0000][75][info ][gc,heap     ] GC(13) Old regions: 35->35
[2025-01-17T14:14:43.023+0000][75][info ][gc,heap     ] GC(13) Archive regions: 2->2
[2025-01-17T14:14:43.024+0000][75][info ][gc,heap     ] GC(13) Humongous regions: 4->4
[2025-01-17T14:14:43.024+0000][75][info ][gc,metaspace] GC(13) Metaspace: 139095K(142976K)->139095K(142976K) NonClass: 120471K(122560K)->120471K(122560K) Class: 18624K(20416K)->18624K(20416K)
[2025-01-17T14:14:43.024+0000][75][info ][gc          ] GC(13) Pause Young (Concurrent Start) (CodeCache GC Threshold) 449M->171M(3392M) 11.739ms
[2025-01-17T14:14:43.025+0000][75][info ][gc          ] GC(14) Concurrent Mark Cycle
[2025-01-17T14:14:43.025+0000][75][info ][gc,cpu      ] GC(13) User=0.05s Sys=0.00s Real=0.01s
[2025-01-17T14:14:43.025+0000][75][info ][gc,marking  ] GC(14) Concurrent Scan Root Regions
[2025-01-17T14:14:43.026+0000][75][info ][safepoint   ] Safepoint "G1TryInitiateConcMark", Time since last: 10414901 ns, Reaching safepoint: 12304 ns, Cleanup: 257710 ns, At safepoint: 13130739 ns, Total: 13400753 ns
[2025-01-17T14:14:43.030+0000][75][info ][gc,marking  ] GC(14) Concurrent Scan Root Regions 4.319ms
[2025-01-17T14:14:43.030+0000][75][info ][gc,marking  ] GC(14) Concurrent Mark
[2025-01-17T14:14:43.030+0000][75][info ][gc,marking  ] GC(14) Concurrent Mark From Roots
[2025-01-17T14:14:43.031+0000][75][info ][gc,task     ] GC(14) Using 5 workers of 5 for marking
[2025-01-17T14:14:43.056+0000][75][info ][gc,marking  ] GC(14) Concurrent Mark From Roots 25.919ms
[2025-01-17T14:14:43.057+0000][75][info ][gc,marking  ] GC(14) Concurrent Preclean
[2025-01-17T14:14:43.057+0000][75][info ][gc,marking  ] GC(14) Concurrent Preclean 0.518ms
[2025-01-17T14:14:43.058+0000][75][info ][gc,start    ] GC(14) Pause Remark
[2025-01-17T14:14:43.076+0000][75][info ][gc          ] GC(14) Pause Remark 201M->201M(3392M) 17.830ms
[2025-01-17T14:14:43.076+0000][75][info ][gc,cpu      ] GC(14) User=0.21s Sys=0.00s Real=0.02s
[2025-01-17T14:14:43.077+0000][75][info ][safepoint   ] Safepoint "G1PauseRemark", Time since last: 32013166 ns, Reaching safepoint: 67284 ns, Cleanup: 280434 ns, At safepoint: 18694242 ns, Total: 19041960 ns
[2025-01-17T14:14:43.077+0000][75][info ][gc,marking  ] GC(14) Concurrent Mark 47.293ms
[2025-01-17T14:14:43.077+0000][75][info ][gc,marking  ] GC(14) Concurrent Rebuild Remembered Sets and Scrub Regions
[2025-01-17T14:14:43.093+0000][75][info ][gc,marking  ] GC(14) Concurrent Rebuild Remembered Sets and Scrub Regions 15.692ms
[2025-01-17T14:14:43.094+0000][75][info ][gc,start    ] GC(14) Pause Cleanup
[2025-01-17T14:14:43.095+0000][75][info ][gc          ] GC(14) Pause Cleanup 201M->201M(3392M) 0.729ms
[2025-01-17T14:14:43.095+0000][75][info ][gc,cpu      ] GC(14) User=0.01s Sys=0.00s Real=0.00s
[2025-01-17T14:14:43.096+0000][75][info ][safepoint   ] Safepoint "G1PauseCleanup", Time since last: 16850175 ns, Reaching safepoint: 18701 ns, Cleanup: 298024 ns, At safepoint: 1635383 ns, Total: 1952108 ns
[2025-01-17T14:14:43.096+0000][75][info ][gc,marking  ] GC(14) Concurrent Clear Claimed Marks
[2025-01-17T14:14:43.097+0000][75][info ][gc,marking  ] GC(14) Concurrent Clear Claimed Marks 0.621ms
[2025-01-17T14:14:43.097+0000][75][info ][gc,marking  ] GC(14) Concurrent Cleanup for Next Mark
[2025-01-17T14:14:43.100+0000][75][info ][gc,marking  ] GC(14) Concurrent Cleanup for Next Mark 3.295ms
[2025-01-17T14:14:43.101+0000][75][info ][gc          ] GC(14) Concurrent Mark Cycle 75.823ms
[2025-01-17T14:14:43.874+0000][75][info ][safepoint   ] Safepoint "ICBufferFull", Time since last: 778222015 ns, Reaching safepoint: 19179 ns, Cleanup: 268902 ns, At safepoint: 31732 ns, Total: 319813 ns
[2025-01-17T14:14:45.469+0000][75][info ][safepoint   ] Safepoint "Cleanup", Time since last: 1594785947 ns, Reaching safepoint: 62002 ns, Cleanup: 326035 ns, At safepoint: 56210 ns, Total: 444247 ns
[2025-01-17T14:14:46.470+0000][75][info ][safepoint   ] Safepoint "Cleanup", Time since last: 1000558955 ns, Reaching safepoint: 26497 ns, Cleanup: 263380 ns, At safepoint: 9730 ns, Total: 299607 ns
[2025-01-17T14:14:48.062+0000][75][info ][safepoint   ] Safepoint "Cleanup", Time since last: 1591785065 ns, Reaching safepoint: 27531 ns, Cleanup: 284272 ns, At safepoint: 8731 ns, Total: 320534 ns
[2025-01-17T14:14:49.446+0000][75][info ][safepoint   ] Safepoint "Cleanup", Time since last: 1383648585 ns, Reaching safepoint: 24443 ns, Cleanup: 230704 ns, At safepoint: 8711 ns, Total: 263858 ns
[2025-01-17T14:14:51.318+0000][75][info ][safepoint   ] Safepoint "Cleanup", Time since last: 1870453897 ns, Reaching safepoint: 53242 ns, Cleanup: 622565 ns, At safepoint: 91203 ns, Total: 767010 ns
[2025-01-17T14:14:52.930+0000][75][info ][safepoint   ] Safepoint "Cleanup", Time since last: 1611934291 ns, Reaching safepoint: 10472 ns, Cleanup: 292300 ns, At safepoint: 36117 ns, Total: 338889 ns
[2025-01-17T14:14:54.105+0000][75][info ][safepoint   ] Safepoint "Cleanup", Time since last: 1174636348 ns, Reaching safepoint: 28023 ns, Cleanup: 323748 ns, At safepoint: 48150 ns, Total: 399921 ns
[2025-01-17T14:14:56.107+0000][75][info ][safepoint   ] Safepoint "Cleanup", Time since last: 2001195363 ns, Reaching safepoint: 88509 ns, Cleanup: 391346 ns, At safepoint: 22693 ns, Total: 502548 ns
[2025-01-17T14:14:58.108+0000][75][info ][safepoint   ] Safepoint "Cleanup", Time since last: 2000877012 ns, Reaching safepoint: 27122 ns, Cleanup: 268447 ns, At safepoint: 11084 ns, Total: 306653 ns
[2025-01-17T14:14:59.112+0000][75][info ][safepoint   ] Safepoint "Cleanup", Time since last: 1003963753 ns, Reaching safepoint: 44670 ns, Cleanup: 637583 ns, At safepoint: 80744 ns, Total: 762997 ns
[2025-01-17T14:15:00.122+0000][75][info ][safepoint   ] Safepoint "Cleanup", Time since last: 1009170462 ns, Reaching safepoint: 51757 ns, Cleanup: 362260 ns, At safepoint: 14647 ns, Total: 428664 ns
[2025-01-17T14:15:02.123+0000][75][info ][safepoint   ] Safepoint "Cleanup", Time since last: 2001020144 ns, Reaching safepoint: 45250 ns, Cleanup: 302784 ns, At safepoint: 10167 ns, Total: 358201 ns
[2025-01-17T14:15:04.122+0000][75][info ][safepoint   ] Safepoint "Cleanup", Time since last: 2001034059 ns, Reaching safepoint: 159349 ns, Cleanup: 604052 ns, At safepoint: 57567 ns, Total: 820968 ns
[2025-01-17T14:15:05.131+0000][75][info ][safepoint   ] Safepoint "Cleanup", Time since last: 1008354134 ns, Reaching safepoint: 28431 ns, Cleanup: 709846 ns, At safepoint: 118338 ns, Total: 856615 ns
[2025-01-17T14:15:06.142+0000][75][info ][safepoint   ] Safepoint "Cleanup", Time since last: 1009907260 ns, Reaching safepoint: 25361 ns, Cleanup: 264734 ns, At safepoint: 11334 ns, Total: 301429 ns
[2025-01-17T14:15:08.143+0000][75][info ][safepoint   ] Safepoint "Cleanup", Time since last: 2001232650 ns, Reaching safepoint: 33910 ns, Cleanup: 453570 ns, At safepoint: 11913 ns, Total: 499393 ns
[2025-01-17T14:15:09.144+0000][75][info ][safepoint   ] Safepoint "Cleanup", Time since last: 1000849462 ns, Reaching safepoint: 25378 ns, Cleanup: 252217 ns, At safepoint: 8678 ns, Total: 286273 ns
[2025-01-17T14:15:10.913+0000][75][info ][safepoint   ] Safepoint "Cleanup", Time since last: 1768132002 ns, Reaching safepoint: 9215 ns, Cleanup: 296061 ns, At safepoint: 60474 ns, Total: 365750 ns
[2025-01-17T14:15:12.158+0000][75][info ][safepoint   ] Safepoint "Cleanup", Time since last: 1244823608 ns, Reaching safepoint: 37226 ns, Cleanup: 472951 ns, At safepoint: 13844 ns, Total: 524021 ns
[2025-01-17T14:15:13.160+0000][75][info ][safepoint   ] Safepoint "Cleanup", Time since last: 1000928644 ns, Reaching safepoint: 32739 ns, Cleanup: 393385 ns, At safepoint: 61225 ns, Total: 487349 ns
[2025-01-17T14:15:14.161+0000][75][info ][safepoint   ] Safepoint "Cleanup", Time since last: 1000935491 ns, Reaching safepoint: 63737 ns, Cleanup: 388111 ns, At safepoint: 12072 ns, Total: 463920 ns
[2025-01-17T14:15:16.918+0000][75][info ][safepoint   ] Safepoint "Cleanup", Time since last: 2756274641 ns, Reaching safepoint: 8396 ns, Cleanup: 236670 ns, At safepoint: 30632 ns, Total: 275698 ns
[2025-01-17T14:15:18.187+0000][75][info ][safepoint   ] Safepoint "Cleanup", Time since last: 1268611828 ns, Reaching safepoint: 9748 ns, Cleanup: 250605 ns, At safepoint: 19474 ns, Total: 279827 ns
[2025-01-17T14:15:19.192+0000][75][info ][safepoint   ] Safepoint "Cleanup", Time since last: 1005294361 ns, Reaching safepoint: 30928 ns, Cleanup: 440695 ns, At safepoint: 13964 ns, Total: 485587 ns
[2025-01-17T14:15:20.194+0000][75][info ][safepoint   ] Safepoint "Cleanup", Time since last: 1001087725 ns, Reaching safepoint: 50672 ns, Cleanup: 722205 ns, At safepoint: 53650 ns, Total: 826527 ns
[2025-01-17T14:15:22.196+0000][75][info ][safepoint   ] Safepoint "Cleanup", Time since last: 2001373658 ns, Reaching safepoint: 37100 ns, Cleanup: 285945 ns, At safepoint: 10288 ns, Total: 333333 ns
[2025-01-17T14:15:23.198+0000][75][info ][safepoint   ] Safepoint "Cleanup", Time since last: 1001510546 ns, Reaching safepoint: 8248 ns, Cleanup: 328203 ns, At safepoint: 41079 ns, Total: 377530 ns
[2025-01-17T14:15:24.206+0000][75][info ][safepoint   ] Safepoint "Cleanup", Time since last: 1007838666 ns, Reaching safepoint: 34567 ns, Cleanup: 487533 ns, At safepoint: 14378 ns, Total: 536478 ns
[2025-01-17T14:15:26.208+0000][75][info ][safepoint   ] Safepoint "Cleanup", Time since last: 2001412254 ns, Reaching safepoint: 28198 ns, Cleanup: 263571 ns, At safepoint: 10288 ns, Total: 302057 ns
[2025-01-17T14:15:28.210+0000][75][info ][safepoint   ] Safepoint "Cleanup", Time since last: 2001181198 ns, Reaching safepoint: 53401 ns, Cleanup: 511841 ns, At safepoint: 13561 ns, Total: 578803 ns
[2025-01-17T14:15:29.215+0000][75][info ][safepoint   ] Safepoint "Cleanup", Time since last: 1004539606 ns, Reaching safepoint: 12013 ns, Cleanup: 341676 ns, At safepoint: 60468 ns, Total: 414157 ns
[2025-01-17T14:15:30.229+0000][75][info ][safepoint   ] Safepoint "Cleanup", Time since last: 1014199489 ns, Reaching safepoint: 14287 ns, Cleanup: 244847 ns, At safepoint: 20408 ns, Total: 279542 ns
[2025-01-17T14:15:31.232+0000][75][info ][safepoint   ] Safepoint "Cleanup", Time since last: 1002585034 ns, Reaching safepoint: 26394 ns, Cleanup: 243421 ns, At safepoint: 7837 ns, Total: 277652 ns
[2025-01-17T14:15:32.233+0000][75][info ][safepoint   ] Safepoint "Cleanup", Time since last: 1000698202 ns, Reaching safepoint: 87716 ns, Cleanup: 480535 ns, At safepoint: 15413 ns, Total: 583664 ns
[2025-01-17T14:15:34.233+0000][75][info ][safepoint   ] Safepoint "Cleanup", Time since last: 2001118926 ns, Reaching safepoint: 37758 ns, Cleanup: 488076 ns, At safepoint: 42402 ns, Total: 568236 ns
[2025-01-17T14:15:35.234+0000][75][info ][safepoint   ] Safepoint "Cleanup", Time since last: 1000723561 ns, Reaching safepoint: 9286 ns, Cleanup: 245584 ns, At safepoint: 30509 ns, Total: 285379 ns
[2025-01-17T14:15:36.241+0000][75][info ][safepoint   ] Safepoint "Cleanup", Time since last: 1005567180 ns, Reaching safepoint: 54529 ns, Cleanup: 894609 ns, At safepoint: 27776 ns, Total: 976914 ns
[2025-01-17T14:15:38.243+0000][75][info ][safepoint   ] Safepoint "Cleanup", Time since last: 2001676118 ns, Reaching safepoint: 371363 ns, Cleanup: 526454 ns, At safepoint: 19064 ns, Total: 916881 ns
[2025-01-17T14:15:39.245+0000][75][info ][safepoint   ] Safepoint "Cleanup", Time since last: 1000875625 ns, Reaching safepoint: 136811 ns, Cleanup: 273834 ns, At safepoint: 9239 ns, Total: 419884 ns
[2025-01-17T14:15:40.957+0000][75][info ][safepoint   ] Safepoint "Cleanup", Time since last: 1711267933 ns, Reaching safepoint: 16500 ns, Cleanup: 403605 ns, At safepoint: 28337 ns, Total: 448442 ns
[2025-01-17T14:15:42.264+0000][75][info ][safepoint   ] Safepoint "Cleanup", Time since last: 1306539077 ns, Reaching safepoint: 31745 ns, Cleanup: 381815 ns, At safepoint: 51899 ns, Total: 465459 ns
[2025-01-17T14:15:44.266+0000][75][info ][safepoint   ] Safepoint "Cleanup", Time since last: 2001568661 ns, Reaching safepoint: 53275 ns, Cleanup: 618990 ns, At safepoint: 27660 ns, Total: 699925 ns
[2025-01-17T14:15:45.267+0000][75][info ][safepoint   ] Safepoint "Cleanup", Time since last: 1001032347 ns, Reaching safepoint: 34668 ns, Cleanup: 458786 ns, At safepoint: 15829 ns, Total: 509283 ns
[2025-01-17T14:15:46.269+0000][75][info ][safepoint   ] Safepoint "Cleanup", Time since last: 1001270073 ns, Reaching safepoint: 39139 ns, Cleanup: 642530 ns, At safepoint: 23205 ns, Total: 704874 ns
[2025-01-17T14:15:47.277+0000][75][info ][safepoint   ] Safepoint "Cleanup", Time since last: 1007120005 ns, Reaching safepoint: 100462 ns, Cleanup: 268519 ns, At safepoint: 40267 ns, Total: 409248 ns
[2025-01-17T14:15:48.287+0000][75][info ][safepoint   ] Safepoint "Cleanup", Time since last: 1009994414 ns, Reaching safepoint: 42162 ns, Cleanup: 504197 ns, At safepoint: 17723 ns, Total: 564082 ns
[2025-01-17T14:15:49.289+0000][75][info ][safepoint   ] Safepoint "Cleanup", Time since last: 1001243482 ns, Reaching safepoint: 39200 ns, Cleanup: 504056 ns, At safepoint: 29080 ns, Total: 572336 ns
[2025-01-17T14:15:50.291+0000][75][info ][safepoint   ] Safepoint "Cleanup", Time since last: 1001089115 ns, Reaching safepoint: 85037 ns, Cleanup: 571984 ns, At safepoint: 38613 ns, Total: 695634 ns
[2025-01-17T14:15:52.918+0000][75][info ][safepoint   ] Safepoint "Cleanup", Time since last: 2626642988 ns, Reaching safepoint: 9460 ns, Cleanup: 235847 ns, At safepoint: 18784 ns, Total: 264091 ns
[2025-01-17T14:15:54.309+0000][75][info ][safepoint   ] Safepoint "Cleanup", Time since last: 1390405627 ns, Reaching safepoint: 28762 ns, Cleanup: 390361 ns, At safepoint: 13687 ns, Total: 432810 ns
[2025-01-17T14:15:56.311+0000][75][info ][safepoint   ] Safepoint "Cleanup", Time since last: 2001562673 ns, Reaching safepoint: 52747 ns, Cleanup: 536111 ns, At safepoint: 19123 ns, Total: 607981 ns
[2025-01-17T14:15:58.313+0000][75][info ][safepoint   ] Safepoint "Cleanup", Time since last: 2001351631 ns, Reaching safepoint: 43424 ns, Cleanup: 567208 ns, At safepoint: 15479 ns, Total: 626111 ns
[2025-01-17T14:15:59.321+0000][75][info ][safepoint   ] Safepoint "Cleanup", Time since last: 1008093970 ns, Reaching safepoint: 9908 ns, Cleanup: 317493 ns, At safepoint: 38716 ns, Total: 366117 ns
[2025-01-17T14:16:00.334+0000][75][info ][safepoint   ] Safepoint "Cleanup", Time since last: 1012541551 ns, Reaching safepoint: 13451 ns, Cleanup: 285476 ns, At safepoint: 23118 ns, Total: 322045 ns
[2025-01-17T14:16:02.360+0000][75][info ][safepoint   ] Safepoint "Cleanup", Time since last: 2025340033 ns, Reaching safepoint: 32204 ns, Cleanup: 293114 ns, At safepoint: 11372 ns, Total: 336690 ns
[2025-01-17T14:16:04.908+0000][75][info ][safepoint   ] Safepoint "Cleanup", Time since last: 2550006687 ns, Reaching safepoint: 20441 ns, Cleanup: 281652 ns, At safepoint: 40872 ns, Total: 342965 ns
[2025-01-17T14:16:06.371+0000][75][info ][safepoint   ] Safepoint "Cleanup", Time since last: 1462768095 ns, Reaching safepoint: 30242 ns, Cleanup: 302151 ns, At safepoint: 10496 ns, Total: 342889 ns
[2025-01-17T14:16:08.372+0000][75][info ][safepoint   ] Safepoint "Cleanup", Time since last: 2000929798 ns, Reaching safepoint: 26215 ns, Cleanup: 277281 ns, At safepoint: 39700 ns, Total: 343196 ns
[2025-01-17T14:16:09.374+0000][75][info ][safepoint   ] Safepoint "Cleanup", Time since last: 1001000151 ns, Reaching safepoint: 89557 ns, Cleanup: 486078 ns, At safepoint: 49156 ns, Total: 624791 ns
[2025-01-17T14:16:10.918+0000][75][info ][safepoint   ] Safepoint "Cleanup", Time since last: 1543545609 ns, Reaching safepoint: 10540 ns, Cleanup: 266859 ns, At safepoint: 20694 ns, Total: 298093 ns
[2025-01-17T14:16:12.385+0000][75][info ][safepoint   ] Safepoint "Cleanup", Time since last: 1467113430 ns, Reaching safepoint: 120361 ns, Cleanup: 293832 ns, At safepoint: 9202 ns, Total: 423395 ns
[2025-01-17T14:16:14.387+0000][75][info ][safepoint   ] Safepoint "Cleanup", Time since last: 2001557849 ns, Reaching safepoint: 88181 ns, Cleanup: 493693 ns, At safepoint: 25534 ns, Total: 607408 ns
[2025-01-17T14:16:16.908+0000][75][info ][safepoint   ] Safepoint "Cleanup", Time since last: 2520600079 ns, Reaching safepoint: 18399 ns, Cleanup: 237443 ns, At safepoint: 20246 ns, Total: 276088 ns
[2025-01-17T14:16:18.400+0000][75][info ][safepoint   ] Safepoint "Cleanup", Time since last: 1491746943 ns, Reaching safepoint: 28607 ns, Cleanup: 260737 ns, At safepoint: 9937 ns, Total: 299281 ns
[2025-01-17T14:16:19.401+0000][75][info ][safepoint   ] Safepoint "Cleanup", Time since last: 1000784208 ns, Reaching safepoint: 29150 ns, Cleanup: 274902 ns, At safepoint: 9861 ns, Total: 313913 ns
[2025-01-17T14:16:20.402+0000][75][info ][safepoint   ] Safepoint "Cleanup", Time since last: 1000569047 ns, Reaching safepoint: 29869 ns, Cleanup: 265633 ns, At safepoint: 11287 ns, Total: 306789 ns
[2025-01-17T14:16:22.404+0000][75][info ][safepoint   ] Safepoint "Cleanup", Time since last: 2000979379 ns, Reaching safepoint: 28834 ns, Cleanup: 317586 ns, At safepoint: 13067 ns, Total: 359487 ns
[2025-01-17T14:16:23.409+0000][75][info ][safepoint   ] Safepoint "Cleanup", Time since last: 1004667840 ns, Reaching safepoint: 12148 ns, Cleanup: 339427 ns, At safepoint: 58908 ns, Total: 410483 ns
[2025-01-17T14:16:24.417+0000][75][info ][safepoint   ] Safepoint "Cleanup", Time since last: 1007750409 ns, Reaching safepoint: 27788 ns, Cleanup: 276840 ns, At safepoint: 7880 ns, Total: 312508 ns
[2025-01-17T14:16:26.418+0000][75][info ][safepoint   ] Safepoint "Cleanup", Time since last: 2001069171 ns, Reaching safepoint: 27939 ns, Cleanup: 286554 ns, At safepoint: 9294 ns, Total: 323787 ns
[2025-01-17T14:16:28.419+0000][75][info ][safepoint   ] Safepoint "Cleanup", Time since last: 2000850497 ns, Reaching safepoint: 28642 ns, Cleanup: 304643 ns, At safepoint: 10062 ns, Total: 343347 ns
[2025-01-17T14:16:29.430+0000][75][info ][safepoint   ] Safepoint "Cleanup", Time since last: 1009623866 ns, Reaching safepoint: 57865 ns, Cleanup: 1035333 ns, At safepoint: 144184 ns, Total: 1237382 ns
[2025-01-17T14:16:30.455+0000][75][info ][safepoint   ] Safepoint "Cleanup", Time since last: 1024072274 ns, Reaching safepoint: 68689 ns, Cleanup: 265846 ns, At safepoint: 12151 ns, Total: 346686 ns
[2025-01-17T14:16:31.503+0000][75][info ][safepoint   ] Safepoint "Cleanup", Time since last: 1048263028 ns, Reaching safepoint: 29121 ns, Cleanup: 285501 ns, At safepoint: 10044 ns, Total: 324666 ns
[2025-01-17T14:16:32.505+0000][75][info ][safepoint   ] Safepoint "Cleanup", Time since last: 1001325014 ns, Reaching safepoint: 29557 ns, Cleanup: 363880 ns, At safepoint: 9772 ns, Total: 403209 ns
[2025-01-17T14:16:33.506+0000][75][info ][safepoint   ] Safepoint "Cleanup", Time since last: 1001071558 ns, Reaching safepoint: 25412 ns, Cleanup: 278354 ns, At safepoint: 8587 ns, Total: 312353 ns
[2025-01-17T14:16:34.911+0000][75][info ][safepoint   ] Safepoint "Cleanup", Time since last: 1405735721 ns, Reaching safepoint: 10679 ns, Cleanup: 269193 ns, At safepoint: 20880 ns, Total: 300752 ns
[2025-01-17T14:16:36.465+0000][75][info ][safepoint   ] Safepoint "Cleanup", Time since last: 1553688521 ns, Reaching safepoint: 35139 ns, Cleanup: 425839 ns, At safepoint: 46803 ns, Total: 507781 ns
[2025-01-17T14:16:38.466+0000][75][info ][safepoint   ] Safepoint "Cleanup", Time since last: 2001194981 ns, Reaching safepoint: 25876 ns, Cleanup: 268461 ns, At safepoint: 11799 ns, Total: 306136 ns
[2025-01-17T14:16:39.468+0000][75][info ][safepoint   ] Safepoint "Cleanup", Time since last: 1001167292 ns, Reaching safepoint: 24032 ns, Cleanup: 240090 ns, At safepoint: 8026 ns, Total: 272148 ns
[2025-01-17T14:16:40.908+0000][75][info ][safepoint   ] Safepoint "Cleanup", Time since last: 1440351515 ns, Reaching safepoint: 10332 ns, Cleanup: 258073 ns, At safepoint: 32079 ns, Total: 300484 ns
[2025-01-17T14:16:42.479+0000][75][info ][safepoint   ] Safepoint "Cleanup", Time since last: 1570415938 ns, Reaching safepoint: 29633 ns, Cleanup: 356442 ns, At safepoint: 12920 ns, Total: 398995 ns
[2025-01-17T14:16:44.481+0000][75][info ][safepoint   ] Safepoint "Cleanup", Time since last: 2000873488 ns, Reaching safepoint: 40037 ns, Cleanup: 540922 ns, At safepoint: 16826 ns, Total: 597785 ns
[2025-01-17T14:16:45.485+0000][75][info ][safepoint   ] Safepoint "Cleanup", Time since last: 1004110412 ns, Reaching safepoint: 22809 ns, Cleanup: 405084 ns, At safepoint: 37612 ns, Total: 465505 ns
[2025-01-17T14:16:47.488+0000][75][info ][safepoint   ] Safepoint "Cleanup", Time since last: 2001969688 ns, Reaching safepoint: 63570 ns, Cleanup: 616943 ns, At safepoint: 29153 ns, Total: 709666 ns
[2025-01-17T14:16:49.496+0000][75][info ][safepoint   ] Safepoint "Cleanup", Time since last: 2007827050 ns, Reaching safepoint: 32655 ns, Cleanup: 346811 ns, At safepoint: 13696 ns, Total: 393162 ns
[2025-01-17T14:16:51.397+0000][75][info ][safepoint   ] Safepoint "Cleanup", Time since last: 1900279898 ns, Reaching safepoint: 33348 ns, Cleanup: 334454 ns, At safepoint: 40486 ns, Total: 408288 ns
[2025-01-17T14:16:52.911+0000][75][info ][safepoint   ] Safepoint "Cleanup", Time since last: 1514230189 ns, Reaching safepoint: 10275 ns, Cleanup: 252244 ns, At safepoint: 65320 ns, Total: 327839 ns
[2025-01-17T14:16:54.512+0000][75][info ][safepoint   ] Safepoint "Cleanup", Time since last: 1600085091 ns, Reaching safepoint: 90426 ns, Cleanup: 386233 ns, At safepoint: 12401 ns, Total: 489060 ns
[2025-01-17T14:16:56.514+0000][75][info ][safepoint   ] Safepoint "Cleanup", Time since last: 2001133480 ns, Reaching safepoint: 46326 ns, Cleanup: 297395 ns, At safepoint: 9270 ns, Total: 352991 ns
[2025-01-17T14:16:57.515+0000][75][info ][safepoint   ] Safepoint "Cleanup", Time since last: 1000870011 ns, Reaching safepoint: 51200 ns, Cleanup: 261353 ns, At safepoint: 8991 ns, Total: 321544 ns
[2025-01-17T14:16:58.516+0000][75][info ][safepoint   ] Safepoint "Cleanup", Time since last: 1000607585 ns, Reaching safepoint: 30912 ns, Cleanup: 379126 ns, At safepoint: 37172 ns, Total: 447210 ns
[2025-01-17T14:16:59.522+0000][75][info ][safepoint   ] Safepoint "Cleanup", Time since last: 1006242960 ns, Reaching safepoint: 10238 ns, Cleanup: 253376 ns, At safepoint: 31198 ns, Total: 294812 ns
[2025-01-17T14:17:00.538+0000][75][info ][safepoint   ] Safepoint "Cleanup", Time since last: 1015515047 ns, Reaching safepoint: 26804 ns, Cleanup: 266066 ns, At safepoint: 8568 ns, Total: 301438 ns
[2025-01-17T14:17:01.539+0000][75][info ][safepoint   ] Safepoint "Cleanup", Time since last: 1000525395 ns, Reaching safepoint: 52348 ns, Cleanup: 292357 ns, At safepoint: 10688 ns, Total: 355393 ns
[2025-01-17T14:17:02.540+0000][75][info ][safepoint   ] Safepoint "Cleanup", Time since last: 1000767520 ns, Reaching safepoint: 27776 ns, Cleanup: 274735 ns, At safepoint: 8787 ns, Total: 311298 ns
[2025-01-17T14:17:04.540+0000][75][info ][safepoint   ] Safepoint "Cleanup", Time since last: 2001032465 ns, Reaching safepoint: 27777 ns, Cleanup: 266527 ns, At safepoint: 8349 ns, Total: 302653 ns
[2025-01-17T14:17:05.543+0000][75][info ][safepoint   ] Safepoint "Cleanup", Time since last: 1003069454 ns, Reaching safepoint: 214174 ns, Cleanup: 373921 ns, At safepoint: 55542 ns, Total: 643637 ns
[2025-01-17T14:17:10.554+0000][75][info ][safepoint   ] Safepoint "Cleanup", Time since last: 5010086324 ns, Reaching safepoint: 24319 ns, Cleanup: 256992 ns, At safepoint: 7591 ns, Total: 288902 ns
[2025-01-17T14:17:11.562+0000][75][info ][safepoint   ] Safepoint "Cleanup", Time since last: 1007853496 ns, Reaching safepoint: 11967 ns, Cleanup: 369422 ns, At safepoint: 26218 ns, Total: 407607 ns
[2025-01-17T14:17:12.570+0000][75][info ][safepoint   ] Safepoint "Cleanup", Time since last: 1007674512 ns, Reaching safepoint: 32890 ns, Cleanup: 275684 ns, At safepoint: 8188 ns, Total: 316762 ns
[2025-01-17T14:17:14.572+0000][75][info ][safepoint   ] Safepoint "Cleanup", Time since last: 2001266151 ns, Reaching safepoint: 38931 ns, Cleanup: 387366 ns, At safepoint: 10043 ns, Total: 436340 ns
[2025-01-17T14:17:16.573+0000][75][info ][safepoint   ] Safepoint "Cleanup", Time since last: 2000975436 ns, Reaching safepoint: 59315 ns, Cleanup: 282226 ns, At safepoint: 12496 ns, Total: 354037 ns
[2025-01-17T14:17:17.578+0000][75][info ][safepoint   ] Safepoint "Cleanup", Time since last: 1004572585 ns, Reaching safepoint: 10736 ns, Cleanup: 261127 ns, At safepoint: 22491 ns, Total: 294354 ns
[2025-01-17T14:17:18.585+0000][75][info ][safepoint   ] Safepoint "Cleanup", Time since last: 1006233043 ns, Reaching safepoint: 38033 ns, Cleanup: 430107 ns, At safepoint: 13120 ns, Total: 481260 ns
[2025-01-17T14:17:19.586+0000][75][info ][safepoint   ] Safepoint "Cleanup", Time since last: 1001310561 ns, Reaching safepoint: 36125 ns, Cleanup: 495689 ns, At safepoint: 16331 ns, Total: 548145 ns
[2025-01-17T14:17:20.588+0000][75][info ][safepoint   ] Safepoint "Cleanup", Time since last: 1001108356 ns, Reaching safepoint: 27844 ns, Cleanup: 303093 ns, At safepoint: 9146 ns, Total: 340083 ns
[2025-01-17T14:17:22.920+0000][75][info ][safepoint   ] Safepoint "Cleanup", Time since last: 2332055782 ns, Reaching safepoint: 9313 ns, Cleanup: 320931 ns, At safepoint: 19485 ns, Total: 349729 ns
[2025-01-17T14:17:24.617+0000][75][info ][safepoint   ] Safepoint "Cleanup", Time since last: 1695688434 ns, Reaching safepoint: 15615 ns, Cleanup: 563502 ns, At safepoint: 43271 ns, Total: 622388 ns
[2025-01-17T14:17:26.632+0000][75][info ][safepoint   ] Safepoint "Cleanup", Time since last: 2013985763 ns, Reaching safepoint: 47403 ns, Cleanup: 894602 ns, At safepoint: 33843 ns, Total: 975848 ns
[2025-01-17T14:17:28.634+0000][75][info ][safepoint   ] Safepoint "Cleanup", Time since last: 2001629321 ns, Reaching safepoint: 40421 ns, Cleanup: 695344 ns, At safepoint: 49416 ns, Total: 785181 ns
[2025-01-17T14:17:29.638+0000][75][info ][safepoint   ] Safepoint "Cleanup", Time since last: 1003589120 ns, Reaching safepoint: 9340 ns, Cleanup: 241808 ns, At safepoint: 20948 ns, Total: 272096 ns
[2025-01-17T14:17:30.641+0000][75][info ][safepoint   ] Safepoint "Cleanup", Time since last: 1002462115 ns, Reaching safepoint: 87510 ns, Cleanup: 470046 ns, At safepoint: 44138 ns, Total: 601694 ns
[2025-01-17T14:17:31.643+0000][75][info ][safepoint   ] Safepoint "Cleanup", Time since last: 1001213260 ns, Reaching safepoint: 56720 ns, Cleanup: 909871 ns, At safepoint: 71443 ns, Total: 1038034 ns
[2025-01-17T14:17:32.646+0000][75][info ][safepoint   ] Safepoint "Cleanup", Time since last: 1002160928 ns, Reaching safepoint: 54718 ns, Cleanup: 485069 ns, At safepoint: 38518 ns, Total: 578305 ns
[2025-01-17T14:17:34.932+0000][75][info ][safepoint   ] Safepoint "Cleanup", Time since last: 2287425738 ns, Reaching safepoint: 21426 ns, Cleanup: 477963 ns, At safepoint: 35562 ns, Total: 534951 ns
[2025-01-17T14:17:36.652+0000][75][info ][safepoint   ] Safepoint "Cleanup", Time since last: 1719411550 ns, Reaching safepoint: 43562 ns, Cleanup: 310802 ns, At safepoint: 10648 ns, Total: 365012 ns
[2025-01-17T14:17:37.653+0000][75][info ][safepoint   ] Safepoint "Cleanup", Time since last: 1000766362 ns, Reaching safepoint: 46375 ns, Cleanup: 385300 ns, At safepoint: 10206 ns, Total: 441881 ns
[2025-01-17T14:17:38.657+0000][75][info ][safepoint   ] Safepoint "Cleanup", Time since last: 1003558794 ns, Reaching safepoint: 24541 ns, Cleanup: 263775 ns, At safepoint: 9804 ns, Total: 298120 ns
[2025-01-17T14:17:40.929+0000][75][info ][safepoint   ] Safepoint "Cleanup", Time since last: 2271618311 ns, Reaching safepoint: 15667 ns, Cleanup: 402582 ns, At safepoint: 69026 ns, Total: 487275 ns
[2025-01-17T14:17:42.681+0000][75][info ][safepoint   ] Safepoint "Cleanup", Time since last: 1751908311 ns, Reaching safepoint: 25503 ns, Cleanup: 243184 ns, At safepoint: 9293 ns, Total: 277980 ns
[2025-01-17T14:17:43.682+0000][75][info ][safepoint   ] Safepoint "Cleanup", Time since last: 1000540917 ns, Reaching safepoint: 48190 ns, Cleanup: 639042 ns, At safepoint: 51430 ns, Total: 738662 ns
[2025-01-17T14:17:44.684+0000][75][info ][safepoint   ] Safepoint "Cleanup", Time since last: 1001229887 ns, Reaching safepoint: 51905 ns, Cleanup: 765101 ns, At safepoint: 23408 ns, Total: 840414 ns
[2025-01-17T14:17:45.687+0000][75][info ][safepoint   ] Safepoint "Cleanup", Time since last: 1001732157 ns, Reaching safepoint: 50618 ns, Cleanup: 728048 ns, At safepoint: 17233 ns, Total: 795899 ns
[2025-01-17T14:17:46.923+0000][75][info ][safepoint   ] Safepoint "Cleanup", Time since last: 1235296218 ns, Reaching safepoint: 16028 ns, Cleanup: 487260 ns, At safepoint: 40967 ns, Total: 544255 ns
[2025-01-17T14:17:48.698+0000][75][info ][safepoint   ] Safepoint "Cleanup", Time since last: 1775156005 ns, Reaching safepoint: 44011 ns, Cleanup: 243983 ns, At safepoint: 7143 ns, Total: 295137 ns
[2025-01-17T14:17:50.442+0000][75][info ][safepoint   ] Safepoint "Cleanup", Time since last: 1742782903 ns, Reaching safepoint: 18896 ns, Cleanup: 589805 ns, At safepoint: 42623 ns, Total: 651324 ns
[2025-01-17T14:17:51.443+0000][75][info ][safepoint   ] Safepoint "Cleanup", Time since last: 1001026362 ns, Reaching safepoint: 27548 ns, Cleanup: 254083 ns, At safepoint: 8251 ns, Total: 289882 ns
[2025-01-17T14:17:52.444+0000][75][info ][safepoint   ] Safepoint "Cleanup", Time since last: 1000468944 ns, Reaching safepoint: 25883 ns, Cleanup: 246233 ns, At safepoint: 6135 ns, Total: 278251 ns
[2025-01-17T14:17:53.709+0000][75][info ][safepoint   ] Safepoint "Cleanup", Time since last: 1264418357 ns, Reaching safepoint: 15811 ns, Cleanup: 598450 ns, At safepoint: 50126 ns, Total: 664387 ns
[2025-01-17T14:17:54.721+0000][75][info ][safepoint   ] Safepoint "Cleanup", Time since last: 1012031125 ns, Reaching safepoint: 40764 ns, Cleanup: 565853 ns, At safepoint: 14246 ns, Total: 620863 ns
[2025-01-17T14:17:56.723+0000][75][info ][safepoint   ] Safepoint "Cleanup", Time since last: 2001178197 ns, Reaching safepoint: 34611 ns, Cleanup: 485993 ns, At safepoint: 12794 ns, Total: 533398 ns
[2025-01-17T14:17:57.725+0000][75][info ][safepoint   ] Safepoint "Cleanup", Time since last: 1001207132 ns, Reaching safepoint: 33911 ns, Cleanup: 523086 ns, At safepoint: 18921 ns, Total: 575918 ns
[2025-01-17T14:17:58.728+0000][75][info ][safepoint   ] Safepoint "Cleanup", Time since last: 1002759178 ns, Reaching safepoint: 29579 ns, Cleanup: 456051 ns, At safepoint: 12706 ns, Total: 498336 ns
[2025-01-17T14:17:59.734+0000][75][info ][safepoint   ] Safepoint "Cleanup", Time since last: 1005544407 ns, Reaching safepoint: 9733 ns, Cleanup: 227779 ns, At safepoint: 32349 ns, Total: 269861 ns
[2025-01-17T14:18:00.748+0000][75][info ][safepoint   ] Safepoint "Cleanup", Time since last: 1013569863 ns, Reaching safepoint: 15569 ns, Cleanup: 527228 ns, At safepoint: 101185 ns, Total: 643982 ns
[2025-01-17T14:18:01.760+0000][75][info ][safepoint   ] Safepoint "Cleanup", Time since last: 1011686317 ns, Reaching safepoint: 31857 ns, Cleanup: 346731 ns, At safepoint: 11833 ns, Total: 390421 ns
[2025-01-17T14:18:02.762+0000][75][info ][safepoint   ] Safepoint "Cleanup", Time since last: 1001107143 ns, Reaching safepoint: 104052 ns, Cleanup: 832912 ns, At safepoint: 32971 ns, Total: 969935 ns
[2025-01-17T14:18:04.763+0000][75][info ][safepoint   ] Safepoint "Cleanup", Time since last: 2001762843 ns, Reaching safepoint: 56192 ns, Cleanup: 900984 ns, At safepoint: 74139 ns, Total: 1031315 ns
[2025-01-17T14:18:05.767+0000][75][info ][safepoint   ] Safepoint "Cleanup", Time since last: 1003934491 ns, Reaching safepoint: 17920 ns, Cleanup: 536058 ns, At safepoint: 43980 ns, Total: 597958 ns
[2025-01-17T14:18:08.783+0000][75][info ][safepoint   ] Safepoint "Cleanup", Time since last: 3015769010 ns, Reaching safepoint: 35124 ns, Cleanup: 261077 ns, At safepoint: 12497 ns, Total: 308698 ns
[2025-01-17T14:18:10.927+0000][75][info ][safepoint   ] Safepoint "Cleanup", Time since last: 2143497340 ns, Reaching safepoint: 18164 ns, Cleanup: 554865 ns, At safepoint: 43303 ns, Total: 616332 ns
[2025-01-17T14:18:12.801+0000][75][info ][safepoint   ] Safepoint "Cleanup", Time since last: 1873008837 ns, Reaching safepoint: 36382 ns, Cleanup: 513719 ns, At safepoint: 14817 ns, Total: 564918 ns
[2025-01-17T14:18:14.812+0000][75][info ][safepoint   ] Safepoint "Cleanup", Time since last: 2010585653 ns, Reaching safepoint: 36227 ns, Cleanup: 473693 ns, At safepoint: 12840 ns, Total: 522760 ns
[2025-01-17T14:18:16.814+0000][75][info ][safepoint   ] Safepoint "Cleanup", Time since last: 2001307645 ns, Reaching safepoint: 49136 ns, Cleanup: 670060 ns, At safepoint: 18220 ns, Total: 737416 ns
[2025-01-17T14:18:17.815+0000][75][info ][safepoint   ] Safepoint "Cleanup", Time since last: 1000269737 ns, Reaching safepoint: 22764 ns, Cleanup: 264419 ns, At safepoint: 18372 ns, Total: 305555 ns
[2025-01-17T14:18:20.818+0000][75][info ][safepoint   ] Safepoint "Cleanup", Time since last: 3002122792 ns, Reaching safepoint: 50101 ns, Cleanup: 591784 ns, At safepoint: 19200 ns, Total: 661085 ns
[2025-01-17T14:18:22.916+0000][75][info ][safepoint   ] Safepoint "Cleanup", Time since last: 2098641543 ns, Reaching safepoint: 10129 ns, Cleanup: 274857 ns, At safepoint: 25888 ns, Total: 310874 ns
[2025-01-17T14:18:24.831+0000][75][info ][safepoint   ] Safepoint "Cleanup", Time since last: 1914111825 ns, Reaching safepoint: 39396 ns, Cleanup: 501392 ns, At safepoint: 15581 ns, Total: 556369 ns
[2025-01-17T14:18:26.833+0000][75][info ][safepoint   ] Safepoint "Cleanup", Time since last: 2001416295 ns, Reaching safepoint: 39750 ns, Cleanup: 495165 ns, At safepoint: 21012 ns, Total: 555927 ns
[2025-01-17T14:18:28.934+0000][75][info ][safepoint   ] Safepoint "Cleanup", Time since last: 2100704111 ns, Reaching safepoint: 16503 ns, Cleanup: 356855 ns, At safepoint: 52360 ns, Total: 425718 ns
[2025-01-17T14:18:30.862+0000][75][info ][safepoint   ] Safepoint "Cleanup", Time since last: 1927127442 ns, Reaching safepoint: 42106 ns, Cleanup: 736343 ns, At safepoint: 49571 ns, Total: 828020 ns
[2025-01-17T14:18:31.864+0000][75][info ][safepoint   ] Safepoint "Cleanup", Time since last: 1001241192 ns, Reaching safepoint: 59404 ns, Cleanup: 261912 ns, At safepoint: 7155 ns, Total: 328471 ns
[2025-01-17T14:18:34.944+0000][75][info ][safepoint   ] Safepoint "Cleanup", Time since last: 3081371199 ns, Reaching safepoint: 116643 ns, Cleanup: 322333 ns, At safepoint: 72223 ns, Total: 511199 ns
[2025-01-17T14:18:36.886+0000][75][info ][safepoint   ] Safepoint "Cleanup", Time since last: 1941718925 ns, Reaching safepoint: 10376 ns, Cleanup: 269459 ns, At safepoint: 20185 ns, Total: 300020 ns
[2025-01-17T14:18:40.890+0000][75][info ][safepoint   ] Safepoint "Cleanup", Time since last: 4003923060 ns, Reaching safepoint: 37651 ns, Cleanup: 470035 ns, At safepoint: 13015 ns, Total: 520701 ns
[2025-01-17T14:18:41.897+0000][75][info ][safepoint   ] Safepoint "Cleanup", Time since last: 1006132306 ns, Reaching safepoint: 19585 ns, Cleanup: 268937 ns, At safepoint: 24559 ns, Total: 313081 ns
[2025-01-17T14:18:42.906+0000][75][info ][safepoint   ] Safepoint "Cleanup", Time since last: 1008608219 ns, Reaching safepoint: 36271 ns, Cleanup: 504396 ns, At safepoint: 13918 ns, Total: 554585 ns
[2025-01-17T14:18:47.927+0000][75][info ][safepoint   ] Safepoint "Cleanup", Time since last: 5020672452 ns, Reaching safepoint: 391946 ns, Cleanup: 498350 ns, At safepoint: 60777 ns, Total: 951073 ns
[2025-01-17T14:18:48.939+0000][75][info ][safepoint   ] Safepoint "Cleanup", Time since last: 1011063572 ns, Reaching safepoint: 80048 ns, Cleanup: 551948 ns, At safepoint: 15327 ns, Total: 647323 ns
[2025-01-17T14:18:51.488+0000][75][info ][safepoint   ] Safepoint "Cleanup", Time since last: 2548689131 ns, Reaching safepoint: 37020 ns, Cleanup: 443329 ns, At safepoint: 13218 ns, Total: 493567 ns
[2025-01-17T14:18:52.918+0000][75][info ][safepoint   ] Safepoint "Cleanup", Time since last: 1429006790 ns, Reaching safepoint: 15371 ns, Cleanup: 455348 ns, At safepoint: 38544 ns, Total: 509263 ns
[2025-01-17T14:18:53.934+0000][75][info ][safepoint   ] Safepoint "Cleanup", Time since last: 1016216770 ns, Reaching safepoint: 33674 ns, Cleanup: 264037 ns, At safepoint: 8575 ns, Total: 306286 ns
[2025-01-17T14:18:55.964+0000][75][info ][safepoint   ] Safepoint "Cleanup", Time since last: 2028983455 ns, Reaching safepoint: 37064 ns, Cleanup: 665560 ns, At safepoint: 25698 ns, Total: 728322 ns
[2025-01-17T14:18:57.966+0000][75][info ][safepoint   ] Safepoint "Cleanup", Time since last: 2001482814 ns, Reaching safepoint: 32057 ns, Cleanup: 424694 ns, At safepoint: 16737 ns, Total: 473488 ns
[2025-01-17T14:18:59.947+0000][75][info ][safepoint   ] Safepoint "Cleanup", Time since last: 1979928877 ns, Reaching safepoint: 47316 ns, Cleanup: 828032 ns, At safepoint: 75371 ns, Total: 950719 ns
[2025-01-17T14:19:00.987+0000][75][info ][safepoint   ] Safepoint "Cleanup", Time since last: 1039987671 ns, Reaching safepoint: 28889 ns, Cleanup: 468194 ns, At safepoint: 36107 ns, Total: 533190 ns
[2025-01-17T14:19:01.996+0000][75][info ][safepoint   ] Safepoint "Cleanup", Time since last: 1008161474 ns, Reaching safepoint: 26689 ns, Cleanup: 302322 ns, At safepoint: 11797 ns, Total: 340808 ns
[2025-01-17T14:19:04.915+0000][75][info ][safepoint   ] Safepoint "Cleanup", Time since last: 2921449186 ns, Reaching safepoint: 21051 ns, Cleanup: 241016 ns, At safepoint: 28408 ns, Total: 290475 ns
[2025-01-17T14:19:05.939+0000][75][info ][safepoint   ] Safepoint "Cleanup", Time since last: 1023617451 ns, Reaching safepoint: 24252 ns, Cleanup: 238270 ns, At safepoint: 8726 ns, Total: 271248 ns
[2025-01-17T14:19:07.008+0000][75][info ][safepoint   ] Safepoint "Cleanup", Time since last: 1068721478 ns, Reaching safepoint: 14553 ns, Cleanup: 406378 ns, At safepoint: 35471 ns, Total: 456402 ns
[2025-01-17T14:19:08.020+0000][75][info ][safepoint   ] Safepoint "Cleanup", Time since last: 1011934867 ns, Reaching safepoint: 29371 ns, Cleanup: 291866 ns, At safepoint: 13345 ns, Total: 334582 ns
[2025-01-17T14:19:10.925+0000][75][info ][safepoint   ] Safepoint "Cleanup", Time since last: 2903986962 ns, Reaching safepoint: 15618 ns, Cleanup: 437838 ns, At safepoint: 39621 ns, Total: 493077 ns
[2025-01-17T14:19:12.032+0000][75][info ][safepoint   ] Safepoint "Cleanup", Time since last: 1106398501 ns, Reaching safepoint: 37284 ns, Cleanup: 464775 ns, At safepoint: 16633 ns, Total: 518692 ns
[2025-01-17T14:19:16.923+0000][75][info ][safepoint   ] Safepoint "Cleanup", Time since last: 4890786392 ns, Reaching safepoint: 15265 ns, Cleanup: 455086 ns, At safepoint: 38298 ns, Total: 508649 ns
[2025-01-17T14:19:18.072+0000][75][info ][safepoint   ] Safepoint "Cleanup", Time since last: 1148419555 ns, Reaching safepoint: 40626 ns, Cleanup: 521714 ns, At safepoint: 19511 ns, Total: 581851 ns
[2025-01-17T14:19:19.088+0000][75][info ][safepoint   ] Safepoint "Cleanup", Time since last: 1015963042 ns, Reaching safepoint: 24900 ns, Cleanup: 222170 ns, At safepoint: 8034 ns, Total: 255104 ns
[2025-01-17T14:19:20.089+0000][75][info ][safepoint   ] Safepoint "Cleanup", Time since last: 1000508138 ns, Reaching safepoint: 55539 ns, Cleanup: 303772 ns, At safepoint: 10669 ns, Total: 369980 ns
[2025-01-17T14:19:22.091+0000][75][info ][safepoint   ] Safepoint "Cleanup", Time since last: 2001133691 ns, Reaching safepoint: 44863 ns, Cleanup: 655766 ns, At safepoint: 19473 ns, Total: 720102 ns
[2025-01-17T14:19:23.099+0000][75][info ][safepoint   ] Safepoint "Cleanup", Time since last: 1007454779 ns, Reaching safepoint: 108888 ns, Cleanup: 225681 ns, At safepoint: 48996 ns, Total: 383565 ns
[2025-01-17T14:19:24.104+0000][75][info ][safepoint   ] Safepoint "Cleanup", Time since last: 1004479219 ns, Reaching safepoint: 43084 ns, Cleanup: 468921 ns, At safepoint: 16290 ns, Total: 528295 ns
[2025-01-17T14:19:26.105+0000][75][info ][safepoint   ] Safepoint "Cleanup", Time since last: 2000860190 ns, Reaching safepoint: 109673 ns, Cleanup: 242207 ns, At safepoint: 80024 ns, Total: 431904 ns
[2025-01-17T14:19:27.107+0000][75][info ][safepoint   ] Safepoint "Cleanup", Time since last: 1000623465 ns, Reaching safepoint: 39483 ns, Cleanup: 737594 ns, At safepoint: 89754 ns, Total: 866831 ns
[2025-01-17T14:19:28.108+0000][75][info ][safepoint   ] Safepoint "Cleanup", Time since last: 1001194040 ns, Reaching safepoint: 27761 ns, Cleanup: 265747 ns, At safepoint: 8612 ns, Total: 302120 ns
[2025-01-17T14:19:29.115+0000][75][info ][safepoint   ] Safepoint "Cleanup", Time since last: 1006264244 ns, Reaching safepoint: 16864 ns, Cleanup: 462924 ns, At safepoint: 59228 ns, Total: 539016 ns
[2025-01-17T14:19:29.808+0000][75][info ][safepoint   ] Safepoint "ICBufferFull", Time since last: 692167460 ns, Reaching safepoint: 29593 ns, Cleanup: 353658 ns, At safepoint: 278587 ns, Total: 661838 ns
[2025-01-17T14:19:29.893+0000][75][info ][safepoint   ] Safepoint "ICBufferFull", Time since last: 84932196 ns, Reaching safepoint: 21273 ns, Cleanup: 264899 ns, At safepoint: 19793 ns, Total: 305965 ns
[2025-01-17T14:19:30.978+0000][75][info ][safepoint   ] Safepoint "Cleanup", Time since last: 1084614765 ns, Reaching safepoint: 140338 ns, Cleanup: 470102 ns, At safepoint: 127127 ns, Total: 737567 ns
[2025-01-17T14:19:31.987+0000][75][info ][safepoint   ] Safepoint "Cleanup", Time since last: 1008484713 ns, Reaching safepoint: 23627 ns, Cleanup: 262677 ns, At safepoint: 9392 ns, Total: 295696 ns
[2025-01-17T14:19:33.997+0000][75][info ][safepoint   ] Safepoint "Cleanup", Time since last: 2009012892 ns, Reaching safepoint: 36716 ns, Cleanup: 419011 ns, At safepoint: 15095 ns, Total: 470822 ns
[2025-01-17T14:19:35.024+0000][75][info ][safepoint   ] Safepoint "Cleanup", Time since last: 1028967927 ns, Reaching safepoint: 10354 ns, Cleanup: 241647 ns, At safepoint: 20298 ns, Total: 272299 ns
[2025-01-17T14:19:36.153+0000][75][info ][safepoint   ] Safepoint "Cleanup", Time since last: 1128220153 ns, Reaching safepoint: 136868 ns, Cleanup: 513927 ns, At safepoint: 78043 ns, Total: 728838 ns
[2025-01-17T14:19:37.172+0000][75][info ][safepoint   ] Safepoint "Cleanup", Time since last: 1018419545 ns, Reaching safepoint: 33919 ns, Cleanup: 252384 ns, At safepoint: 10956 ns, Total: 297259 ns
[2025-01-17T14:19:38.174+0000][75][info ][safepoint   ] Safepoint "Cleanup", Time since last: 1001115352 ns, Reaching safepoint: 262831 ns, Cleanup: 605135 ns, At safepoint: 151157 ns, Total: 1019123 ns
[2025-01-17T14:19:40.024+0000][75][info ][safepoint   ] Safepoint "Cleanup", Time since last: 1849696065 ns, Reaching safepoint: 38798 ns, Cleanup: 473057 ns, At safepoint: 15950 ns, Total: 527805 ns
[2025-01-17T14:19:41.177+0000][75][info ][safepoint   ] Safepoint "Cleanup", Time since last: 1152283652 ns, Reaching safepoint: 37357 ns, Cleanup: 412127 ns, At safepoint: 30053 ns, Total: 479537 ns
[2025-01-17T14:19:44.186+0000][75][info ][safepoint   ] Safepoint "Cleanup", Time since last: 3008566216 ns, Reaching safepoint: 26214 ns, Cleanup: 287592 ns, At safepoint: 10073 ns, Total: 323879 ns
[2025-01-17T14:19:46.924+0000][75][info ][safepoint   ] Safepoint "Cleanup", Time since last: 2737772434 ns, Reaching safepoint: 35545 ns, Cleanup: 544899 ns, At safepoint: 109211 ns, Total: 689655 ns
[2025-01-17T14:19:48.212+0000][75][info ][safepoint   ] Safepoint "Cleanup", Time since last: 1287445864 ns, Reaching safepoint: 39849 ns, Cleanup: 485956 ns, At safepoint: 13344 ns, Total: 539149 ns
[2025-01-17T14:19:50.214+0000][75][info ][safepoint   ] Safepoint "Cleanup", Time since last: 2001336983 ns, Reaching safepoint: 49003 ns, Cleanup: 705327 ns, At safepoint: 21880 ns, Total: 776210 ns
[2025-01-17T14:19:52.926+0000][75][info ][safepoint   ] Safepoint "Cleanup", Time since last: 2711543521 ns, Reaching safepoint: 14100 ns, Cleanup: 452022 ns, At safepoint: 39417 ns, Total: 505539 ns
[2025-01-17T14:19:54.232+0000][75][info ][safepoint   ] Safepoint "Cleanup", Time since last: 1305505322 ns, Reaching safepoint: 26454 ns, Cleanup: 252778 ns, At safepoint: 11020 ns, Total: 290252 ns
[2025-01-17T14:19:58.915+0000][75][info ][safepoint   ] Safepoint "Cleanup", Time since last: 4682755002 ns, Reaching safepoint: 12043 ns, Cleanup: 312635 ns, At safepoint: 27088 ns, Total: 351766 ns
[2025-01-17T14:20:00.279+0000][75][info ][safepoint   ] Safepoint "Cleanup", Time since last: 1363293017 ns, Reaching safepoint: 98927 ns, Cleanup: 628807 ns, At safepoint: 136811 ns, Total: 864545 ns
[2025-01-17T14:20:02.281+0000][75][info ][safepoint   ] Safepoint "Cleanup", Time since last: 2001418827 ns, Reaching safepoint: 28162 ns, Cleanup: 277465 ns, At safepoint: 8742 ns, Total: 314369 ns
[2025-01-17T14:20:05.286+0000][75][info ][safepoint   ] Safepoint "Cleanup", Time since last: 3007066999 ns, Reaching safepoint: 11096 ns, Cleanup: 262386 ns, At safepoint: 21712 ns, Total: 295194 ns
[2025-01-17T14:20:06.294+0000][75][info ][safepoint   ] Safepoint "Cleanup", Time since last: 1007624035 ns, Reaching safepoint: 37284 ns, Cleanup: 292673 ns, At safepoint: 10695 ns, Total: 340652 ns
[2025-01-17T14:20:10.928+0000][75][info ][safepoint   ] Safepoint "Cleanup", Time since last: 4632723030 ns, Reaching safepoint: 17059 ns, Cleanup: 356200 ns, At safepoint: 31351 ns, Total: 404610 ns
[2025-01-17T14:20:12.323+0000][75][info ][safepoint   ] Safepoint "Cleanup", Time since last: 1395209192 ns, Reaching safepoint: 27486 ns, Cleanup: 274864 ns, At safepoint: 11460 ns, Total: 313810 ns
[2025-01-17T14:20:14.324+0000][75][info ][safepoint   ] Safepoint "Cleanup", Time since last: 2000912093 ns, Reaching safepoint: 54336 ns, Cleanup: 311973 ns, At safepoint: 14969 ns, Total: 381278 ns
[2025-01-17T14:20:15.326+0000][75][info ][safepoint   ] Safepoint "Cleanup", Time since last: 1001066499 ns, Reaching safepoint: 44577 ns, Cleanup: 233672 ns, At safepoint: 11152 ns, Total: 289401 ns
[2025-01-17T14:20:16.550+0000][75][info ][safepoint   ] Safepoint "Cleanup", Time since last: 1223669274 ns, Reaching safepoint: 33059 ns, Cleanup: 264294 ns, At safepoint: 5693 ns, Total: 303046 ns
[2025-01-17T14:20:17.449+0000][75][info ][gc,heap,exit] Heap
[2025-01-17T14:20:17.450+0000][75][info ][gc,heap,exit]  garbage-first heap   total 3473408K, used 1216675K [0x000000072c000000, 0x0000000800000000)
[2025-01-17T14:20:17.450+0000][75][info ][gc,heap,exit]   region size 4096K, 259 young (1060864K), 4 survivors (16384K)
[2025-01-17T14:20:17.450+0000][75][info ][gc,heap,exit]  Metaspace       used 143680K, committed 147520K, reserved 1179648K
[2025-01-17T14:20:17.450+0000][75][info ][gc,heap,exit]   class space    used 19017K, committed 20800K, reserved 1048576K
