[2025-01-17T13:22:27.594+0000][77][info][gc,init] CardTable entry size: 512
[2025-01-17T13:22:27.595+0000][77][info][gc     ] Using G1
[2025-01-17T13:22:35.213+0000][77][info][gc,init] Version: 20.0.2+9-78 (release)
[2025-01-17T13:22:35.213+0000][77][info][gc,init] CPUs: 24 total, 24 available
[2025-01-17T13:22:35.214+0000][77][info][gc,init] Memory: 6781M
[2025-01-17T13:22:35.214+0000][77][info][gc,init] Large Page Support: Disabled
[2025-01-17T13:22:35.214+0000][77][info][gc,init] NUMA Support: Disabled
[2025-01-17T13:22:35.215+0000][77][info][gc,init] Compressed Oops: Enabled (Zero based)
[2025-01-17T13:22:35.215+0000][77][info][gc,init] Heap Region Size: 4M
[2025-01-17T13:22:35.216+0000][77][info][gc,init] Heap Min Capacity: 3392M
[2025-01-17T13:22:35.217+0000][77][info][gc,init] Heap Initial Capacity: 3392M
[2025-01-17T13:22:35.217+0000][77][info][gc,init] Heap Max Capacity: 3392M
[2025-01-17T13:22:35.217+0000][77][info][gc,init] Pre-touch: Enabled
[2025-01-17T13:22:35.217+0000][77][info][gc,init] Parallel Workers: 18
[2025-01-17T13:22:35.217+0000][77][info][gc,init] Concurrent Workers: 5
[2025-01-17T13:22:35.219+0000][77][info][gc,init] Concurrent Refinement Workers: 18
[2025-01-17T13:22:35.219+0000][77][info][gc,init] Periodic GC: Disabled
[2025-01-17T13:22:35.370+0000][77][info][gc,metaspace] CDS archive(s) mapped at: [0x00007f18eb000000-0x00007f18ebc7b000-0x00007f18ebc7b000), size 13086720, SharedBaseAddress: 0x00007f18eb000000, ArchiveRelocationMode: 1.
[2025-01-17T13:22:35.371+0000][77][info][gc,metaspace] Compressed class space mapped at: 0x00007f18ec000000-0x00007f192c000000, reserved size: 1073741824
[2025-01-17T13:22:35.371+0000][77][info][gc,metaspace] Narrow klass base: 0x00007f18eb000000, Narrow klass shift: 0, Narrow klass range: 0x100000000
[2025-01-17T13:22:35.707+0000][77][info][safepoint   ] Safepoint "ICBufferFull", Time since last: 327493518 ns, Reaching safepoint: 4149 ns, Cleanup: 163128 ns, At safepoint: 24635 ns, Total: 191912 ns
[2025-01-17T13:22:36.109+0000][77][info][safepoint   ] Safepoint "ICBufferFull", Time since last: 401862500 ns, Reaching safepoint: 3283 ns, Cleanup: 148438 ns, At safepoint: 35708 ns, Total: 187429 ns
[2025-01-17T13:22:37.485+0000][77][info][safepoint   ] Safepoint "Cleanup", Time since last: 1374876879 ns, Reaching safepoint: 9917 ns, Cleanup: 417796 ns, At safepoint: 29629 ns, Total: 457342 ns
[2025-01-17T13:22:37.719+0000][77][info][safepoint   ] Safepoint "ICBufferFull", Time since last: 234540851 ns, Reaching safepoint: 6020 ns, Cleanup: 231263 ns, At safepoint: 18661 ns, Total: 255944 ns
[2025-01-17T13:22:38.320+0000][77][info][safepoint   ] Safepoint "ICBufferFull", Time since last: 600068521 ns, Reaching safepoint: 4022 ns, Cleanup: 173374 ns, At safepoint: 28538 ns, Total: 205934 ns
[2025-01-17T13:22:38.582+0000][77][info][gc,start    ] GC(0) Pause Young (Normal) (G1 Evacuation Pause)
[2025-01-17T13:22:38.583+0000][77][info][gc,task     ] GC(0) Using 18 workers of 18 for evacuation
[2025-01-17T13:22:38.583+0000][77][debug][gc,age      ] GC(0) Desired survivor size 12582912 bytes, new threshold 15 (max threshold 15)
[2025-01-17T13:22:38.591+0000][77][info ][gc,phases   ] GC(0)   Pre Evacuate Collection Set: 0.4ms
[2025-01-17T13:22:38.591+0000][77][info ][gc,phases   ] GC(0)   Merge Heap Roots: 0.4ms
[2025-01-17T13:22:38.592+0000][77][info ][gc,phases   ] GC(0)   Evacuate Collection Set: 3.6ms
[2025-01-17T13:22:38.592+0000][77][info ][gc,phases   ] GC(0)   Post Evacuate Collection Set: 2.8ms
[2025-01-17T13:22:38.592+0000][77][info ][gc,phases   ] GC(0)   Other: 1.1ms
[2025-01-17T13:22:38.593+0000][77][trace][gc,age      ] GC(0) Age table with threshold 15 (max threshold 15)
[2025-01-17T13:22:38.593+0000][77][trace][gc,age      ] GC(0) - age   1:   10221512 bytes,   10221512 total
[2025-01-17T13:22:38.594+0000][77][info ][gc,heap     ] GC(0) Eden regions: 42->0(39)
[2025-01-17T13:22:38.594+0000][77][info ][gc,heap     ] GC(0) Survivor regions: 0->3(6)
[2025-01-17T13:22:38.594+0000][77][info ][gc,heap     ] GC(0) Old regions: 0->0
[2025-01-17T13:22:38.594+0000][77][info ][gc,heap     ] GC(0) Archive regions: 2->2
[2025-01-17T13:22:38.595+0000][77][info ][gc,heap     ] GC(0) Humongous regions: 0->0
[2025-01-17T13:22:38.595+0000][77][info ][gc,metaspace] GC(0) Metaspace: 19875K(20416K)->19875K(20416K) NonClass: 17740K(18048K)->17740K(18048K) Class: 2134K(2368K)->2134K(2368K)
[2025-01-17T13:22:38.595+0000][77][info ][gc          ] GC(0) Pause Young (Normal) (G1 Evacuation Pause) 171M->14M(3392M) 13.504ms
[2025-01-17T13:22:38.596+0000][77][info ][gc,cpu      ] GC(0) User=0.05s Sys=0.00s Real=0.01s
[2025-01-17T13:22:38.596+0000][77][info ][safepoint   ] Safepoint "G1CollectForAllocation", Time since last: 261821774 ns, Reaching safepoint: 7223 ns, Cleanup: 181220 ns, At safepoint: 14420701 ns, Total: 14609144 ns
[2025-01-17T13:22:38.976+0000][77][info ][gc,start    ] GC(1) Pause Young (Concurrent Start) (Metadata GC Threshold)
[2025-01-17T13:22:38.977+0000][77][info ][gc,task     ] GC(1) Using 18 workers of 18 for evacuation
[2025-01-17T13:22:38.977+0000][77][debug][gc,age      ] GC(1) Desired survivor size 12582912 bytes, new threshold 15 (max threshold 15)
[2025-01-17T13:22:38.983+0000][77][info ][gc,phases   ] GC(1)   Pre Evacuate Collection Set: 0.5ms
[2025-01-17T13:22:38.984+0000][77][info ][gc,phases   ] GC(1)   Merge Heap Roots: 0.3ms
[2025-01-17T13:22:38.984+0000][77][info ][gc,phases   ] GC(1)   Evacuate Collection Set: 2.9ms
[2025-01-17T13:22:38.984+0000][77][info ][gc,phases   ] GC(1)   Post Evacuate Collection Set: 1.7ms
[2025-01-17T13:22:38.985+0000][77][info ][gc,phases   ] GC(1)   Other: 1.0ms
[2025-01-17T13:22:38.985+0000][77][trace][gc,age      ] GC(1) Age table with threshold 15 (max threshold 15)
[2025-01-17T13:22:38.985+0000][77][trace][gc,age      ] GC(1) - age   1:    2129872 bytes,    2129872 total
[2025-01-17T13:22:38.986+0000][77][trace][gc,age      ] GC(1) - age   2:    9042880 bytes,   11172752 total
[2025-01-17T13:22:38.987+0000][77][info ][gc,heap     ] GC(1) Eden regions: 29->0(50)
[2025-01-17T13:22:38.987+0000][77][info ][gc,heap     ] GC(1) Survivor regions: 3->4(6)
[2025-01-17T13:22:38.987+0000][77][info ][gc,heap     ] GC(1) Old regions: 0->0
[2025-01-17T13:22:38.988+0000][77][info ][gc,heap     ] GC(1) Archive regions: 2->2
[2025-01-17T13:22:38.988+0000][77][info ][gc,heap     ] GC(1) Humongous regions: 0->0
[2025-01-17T13:22:38.989+0000][77][info ][gc,metaspace] GC(1) Metaspace: 21034K(21504K)->21034K(21504K) NonClass: 18814K(19072K)->18814K(19072K) Class: 2219K(2432K)->2219K(2432K)
[2025-01-17T13:22:38.989+0000][77][info ][gc          ] GC(1) Pause Young (Concurrent Start) (Metadata GC Threshold) 129M->16M(3392M) 12.716ms
[2025-01-17T13:22:38.989+0000][77][info ][gc,cpu      ] GC(1) User=0.06s Sys=0.00s Real=0.02s
[2025-01-17T13:22:38.989+0000][77][info ][gc          ] GC(2) Concurrent Mark Cycle
[2025-01-17T13:22:38.990+0000][77][info ][safepoint   ] Safepoint "CollectForMetadataAllocation", Time since last: 379858405 ns, Reaching safepoint: 3834 ns, Cleanup: 261098 ns, At safepoint: 13497588 ns, Total: 13762520 ns
[2025-01-17T13:22:38.990+0000][77][info ][gc,marking  ] GC(2) Concurrent Scan Root Regions
[2025-01-17T13:22:38.994+0000][77][info ][gc,marking  ] GC(2) Concurrent Scan Root Regions 4.004ms
[2025-01-17T13:22:38.994+0000][77][info ][gc,marking  ] GC(2) Concurrent Mark
[2025-01-17T13:22:38.995+0000][77][info ][gc,marking  ] GC(2) Concurrent Mark From Roots
[2025-01-17T13:22:38.996+0000][77][info ][gc,task     ] GC(2) Using 5 workers of 5 for marking
[2025-01-17T13:22:38.997+0000][77][info ][gc,marking  ] GC(2) Concurrent Mark From Roots 2.384ms
[2025-01-17T13:22:38.998+0000][77][info ][gc,marking  ] GC(2) Concurrent Preclean
[2025-01-17T13:22:38.998+0000][77][info ][gc,marking  ] GC(2) Concurrent Preclean 0.454ms
[2025-01-17T13:22:38.999+0000][77][info ][gc,start    ] GC(2) Pause Remark
[2025-01-17T13:22:39.002+0000][77][info ][gc          ] GC(2) Pause Remark 18M->18M(3392M) 2.897ms
[2025-01-17T13:22:39.002+0000][77][info ][gc,cpu      ] GC(2) User=0.02s Sys=0.00s Real=0.00s
[2025-01-17T13:22:39.003+0000][77][info ][safepoint   ] Safepoint "G1PauseRemark", Time since last: 8842292 ns, Reaching safepoint: 3956 ns, Cleanup: 252381 ns, At safepoint: 3768081 ns, Total: 4024418 ns
[2025-01-17T13:22:39.003+0000][77][info ][gc,marking  ] GC(2) Concurrent Mark 8.639ms
[2025-01-17T13:22:39.003+0000][77][info ][gc,marking  ] GC(2) Concurrent Rebuild Remembered Sets and Scrub Regions
[2025-01-17T13:22:39.004+0000][77][info ][gc,marking  ] GC(2) Concurrent Rebuild Remembered Sets and Scrub Regions 0.753ms
[2025-01-17T13:22:39.005+0000][77][info ][gc,start    ] GC(2) Pause Cleanup
[2025-01-17T13:22:39.005+0000][77][info ][gc          ] GC(2) Pause Cleanup 18M->18M(3392M) 0.374ms
[2025-01-17T13:22:39.005+0000][77][info ][gc,cpu      ] GC(2) User=0.00s Sys=0.00s Real=0.00s
[2025-01-17T13:22:39.006+0000][77][info ][safepoint   ] Safepoint "G1PauseCleanup", Time since last: 1885754 ns, Reaching safepoint: 2827 ns, Cleanup: 243843 ns, At safepoint: 1058082 ns, Total: 1304752 ns
[2025-01-17T13:22:39.006+0000][77][info ][gc,marking  ] GC(2) Concurrent Clear Claimed Marks
[2025-01-17T13:22:39.006+0000][77][info ][gc,marking  ] GC(2) Concurrent Clear Claimed Marks 0.345ms
[2025-01-17T13:22:39.007+0000][77][info ][gc,marking  ] GC(2) Concurrent Cleanup for Next Mark
[2025-01-17T13:22:39.009+0000][77][info ][gc,marking  ] GC(2) Concurrent Cleanup for Next Mark 2.214ms
[2025-01-17T13:22:39.010+0000][77][info ][gc          ] GC(2) Concurrent Mark Cycle 20.382ms
[2025-01-17T13:22:39.574+0000][77][info ][safepoint   ] Safepoint "ICBufferFull", Time since last: 568059824 ns, Reaching safepoint: 4136 ns, Cleanup: 258007 ns, At safepoint: 14128 ns, Total: 276271 ns
[2025-01-17T13:22:39.922+0000][77][info ][gc,start    ] GC(3) Pause Young (Normal) (G1 Evacuation Pause)
[2025-01-17T13:22:39.923+0000][77][info ][gc,task     ] GC(3) Using 18 workers of 18 for evacuation
[2025-01-17T13:22:39.923+0000][77][debug][gc,age      ] GC(3) Desired survivor size 14680064 bytes, new threshold 15 (max threshold 15)
[2025-01-17T13:22:39.932+0000][77][info ][gc,phases   ] GC(3)   Pre Evacuate Collection Set: 0.4ms
[2025-01-17T13:22:39.932+0000][77][info ][gc,phases   ] GC(3)   Merge Heap Roots: 0.3ms
[2025-01-17T13:22:39.933+0000][77][info ][gc,phases   ] GC(3)   Evacuate Collection Set: 4.8ms
[2025-01-17T13:22:39.933+0000][77][info ][gc,phases   ] GC(3)   Post Evacuate Collection Set: 2.1ms
[2025-01-17T13:22:39.934+0000][77][info ][gc,phases   ] GC(3)   Other: 1.4ms
[2025-01-17T13:22:39.934+0000][77][trace][gc,age      ] GC(3) Age table with threshold 15 (max threshold 15)
[2025-01-17T13:22:39.935+0000][77][trace][gc,age      ] GC(3) - age   1:    6455088 bytes,    6455088 total
[2025-01-17T13:22:39.935+0000][77][trace][gc,age      ] GC(3) - age   2:    1996712 bytes,    8451800 total
[2025-01-17T13:22:39.936+0000][77][trace][gc,age      ] GC(3) - age   3:    9036496 bytes,   17488296 total
[2025-01-17T13:22:39.936+0000][77][info ][gc,heap     ] GC(3) Eden regions: 50->0(96)
[2025-01-17T13:22:39.937+0000][77][info ][gc,heap     ] GC(3) Survivor regions: 4->5(7)
[2025-01-17T13:22:39.937+0000][77][info ][gc,heap     ] GC(3) Old regions: 0->0
[2025-01-17T13:22:39.938+0000][77][info ][gc,heap     ] GC(3) Archive regions: 2->2
[2025-01-17T13:22:39.938+0000][77][info ][gc,heap     ] GC(3) Humongous regions: 0->0
[2025-01-17T13:22:39.939+0000][77][info ][gc,metaspace] GC(3) Metaspace: 27910K(28544K)->27910K(28544K) NonClass: 24806K(25152K)->24806K(25152K) Class: 3104K(3392K)->3104K(3392K)
[2025-01-17T13:22:39.939+0000][77][info ][gc          ] GC(3) Pause Young (Normal) (G1 Evacuation Pause) 216M->21M(3392M) 17.037ms
[2025-01-17T13:22:39.940+0000][77][info ][gc,cpu      ] GC(3) User=0.06s Sys=0.00s Real=0.02s
[2025-01-17T13:22:39.940+0000][77][info ][safepoint   ] Safepoint "G1CollectForAllocation", Time since last: 347618261 ns, Reaching safepoint: 8913 ns, Cleanup: 311227 ns, At safepoint: 18111519 ns, Total: 18431659 ns
[2025-01-17T13:22:40.603+0000][77][info ][safepoint   ] Safepoint "ICBufferFull", Time since last: 661780709 ns, Reaching safepoint: 7806 ns, Cleanup: 486660 ns, At safepoint: 38476 ns, Total: 532942 ns
[2025-01-17T13:22:41.284+0000][77][info ][safepoint   ] Safepoint "ICBufferFull", Time since last: 680675807 ns, Reaching safepoint: 7554 ns, Cleanup: 702924 ns, At safepoint: 8153 ns, Total: 718631 ns
[2025-01-17T13:22:41.575+0000][77][info ][gc,start    ] GC(4) Pause Young (Normal) (G1 Evacuation Pause)
[2025-01-17T13:22:41.575+0000][77][info ][gc,task     ] GC(4) Using 18 workers of 18 for evacuation
[2025-01-17T13:22:41.576+0000][77][debug][gc,age      ] GC(4) Desired survivor size 27262976 bytes, new threshold 15 (max threshold 15)
[2025-01-17T13:22:41.584+0000][77][info ][gc,phases   ] GC(4)   Pre Evacuate Collection Set: 0.5ms
[2025-01-17T13:22:41.585+0000][77][info ][gc,phases   ] GC(4)   Merge Heap Roots: 0.3ms
[2025-01-17T13:22:41.585+0000][77][info ][gc,phases   ] GC(4)   Evacuate Collection Set: 5.2ms
[2025-01-17T13:22:41.586+0000][77][info ][gc,phases   ] GC(4)   Post Evacuate Collection Set: 2.2ms
[2025-01-17T13:22:41.586+0000][77][info ][gc,phases   ] GC(4)   Other: 0.9ms
[2025-01-17T13:22:41.587+0000][77][trace][gc,age      ] GC(4) Age table with threshold 15 (max threshold 15)
[2025-01-17T13:22:41.587+0000][77][trace][gc,age      ] GC(4) - age   1:    8252632 bytes,    8252632 total
[2025-01-17T13:22:41.587+0000][77][trace][gc,age      ] GC(4) - age   2:    5638032 bytes,   13890664 total
[2025-01-17T13:22:41.588+0000][77][trace][gc,age      ] GC(4) - age   3:    1994904 bytes,   15885568 total
[2025-01-17T13:22:41.588+0000][77][trace][gc,age      ] GC(4) - age   4:    9036224 bytes,   24921792 total
[2025-01-17T13:22:41.589+0000][77][info ][gc,heap     ] GC(4) Eden regions: 96->0(501)
[2025-01-17T13:22:41.589+0000][77][info ][gc,heap     ] GC(4) Survivor regions: 5->7(13)
[2025-01-17T13:22:41.589+0000][77][info ][gc,heap     ] GC(4) Old regions: 0->0
[2025-01-17T13:22:41.590+0000][77][info ][gc,heap     ] GC(4) Archive regions: 2->2
[2025-01-17T13:22:41.590+0000][77][info ][gc,heap     ] GC(4) Humongous regions: 0->0
[2025-01-17T13:22:41.591+0000][77][info ][gc,metaspace] GC(4) Metaspace: 34045K(34752K)->34045K(34752K) NonClass: 30263K(30720K)->30263K(30720K) Class: 3782K(4032K)->3782K(4032K)
[2025-01-17T13:22:41.591+0000][77][info ][gc          ] GC(4) Pause Young (Normal) (G1 Evacuation Pause) 405M->29M(3392M) 16.550ms
[2025-01-17T13:22:41.592+0000][77][info ][gc,cpu      ] GC(4) User=0.09s Sys=0.00s Real=0.02s
[2025-01-17T13:22:41.592+0000][77][info ][safepoint   ] Safepoint "G1CollectForAllocation", Time since last: 290318393 ns, Reaching safepoint: 5109 ns, Cleanup: 315985 ns, At safepoint: 17617252 ns, Total: 17938346 ns
[2025-01-17T13:22:42.071+0000][77][info ][gc,start    ] GC(5) Pause Young (Concurrent Start) (Metadata GC Threshold)
[2025-01-17T13:22:42.071+0000][77][info ][gc,task     ] GC(5) Using 18 workers of 18 for evacuation
[2025-01-17T13:22:42.072+0000][77][debug][gc,age      ] GC(5) Desired survivor size 134217728 bytes, new threshold 15 (max threshold 15)
[2025-01-17T13:22:42.082+0000][77][info ][gc,phases   ] GC(5)   Pre Evacuate Collection Set: 0.4ms
[2025-01-17T13:22:42.082+0000][77][info ][gc,phases   ] GC(5)   Merge Heap Roots: 0.2ms
[2025-01-17T13:22:42.082+0000][77][info ][gc,phases   ] GC(5)   Evacuate Collection Set: 6.5ms
[2025-01-17T13:22:42.083+0000][77][info ][gc,phases   ] GC(5)   Post Evacuate Collection Set: 2.4ms
[2025-01-17T13:22:42.083+0000][77][info ][gc,phases   ] GC(5)   Other: 0.8ms
[2025-01-17T13:22:42.083+0000][77][trace][gc,age      ] GC(5) Age table with threshold 15 (max threshold 15)
[2025-01-17T13:22:42.084+0000][77][trace][gc,age      ] GC(5) - age   1:    4178616 bytes,    4178616 total
[2025-01-17T13:22:42.084+0000][77][trace][gc,age      ] GC(5) - age   2:    6339344 bytes,   10517960 total
[2025-01-17T13:22:42.084+0000][77][trace][gc,age      ] GC(5) - age   3:    5636632 bytes,   16154592 total
[2025-01-17T13:22:42.085+0000][77][trace][gc,age      ] GC(5) - age   4:    1994520 bytes,   18149112 total
[2025-01-17T13:22:42.085+0000][77][trace][gc,age      ] GC(5) - age   5:    9029408 bytes,   27178520 total
[2025-01-17T13:22:42.085+0000][77][info ][gc,heap     ] GC(5) Eden regions: 45->0(450)
[2025-01-17T13:22:42.086+0000][77][info ][gc,heap     ] GC(5) Survivor regions: 7->8(64)
[2025-01-17T13:22:42.086+0000][77][info ][gc,heap     ] GC(5) Old regions: 0->0
[2025-01-17T13:22:42.087+0000][77][info ][gc,heap     ] GC(5) Archive regions: 2->2
[2025-01-17T13:22:42.087+0000][77][info ][gc,heap     ] GC(5) Humongous regions: 0->0
[2025-01-17T13:22:42.087+0000][77][info ][gc,metaspace] GC(5) Metaspace: 35423K(36160K)->35423K(36160K) NonClass: 31458K(31872K)->31458K(31872K) Class: 3965K(4288K)->3965K(4288K)
[2025-01-17T13:22:42.088+0000][77][info ][gc          ] GC(5) Pause Young (Concurrent Start) (Metadata GC Threshold) 208M->32M(3392M) 16.979ms
[2025-01-17T13:22:42.088+0000][77][info ][gc,cpu      ] GC(5) User=0.10s Sys=0.00s Real=0.02s
[2025-01-17T13:22:42.088+0000][77][info ][gc          ] GC(6) Concurrent Mark Cycle
[2025-01-17T13:22:42.090+0000][77][info ][gc,marking  ] GC(6) Concurrent Scan Root Regions
[2025-01-17T13:22:42.090+0000][77][info ][safepoint   ] Safepoint "CollectForMetadataAllocation", Time since last: 478298387 ns, Reaching safepoint: 134182 ns, Cleanup: 327904 ns, At safepoint: 18726265 ns, Total: 19188351 ns
[2025-01-17T13:22:42.098+0000][77][info ][gc,marking  ] GC(6) Concurrent Scan Root Regions 7.580ms
[2025-01-17T13:22:42.100+0000][77][info ][gc,marking  ] GC(6) Concurrent Mark
[2025-01-17T13:22:42.102+0000][77][info ][gc,marking  ] GC(6) Concurrent Mark From Roots
[2025-01-17T13:22:42.103+0000][77][info ][gc,task     ] GC(6) Using 5 workers of 5 for marking
[2025-01-17T13:22:42.106+0000][77][info ][gc,marking  ] GC(6) Concurrent Mark From Roots 4.417ms
[2025-01-17T13:22:42.107+0000][77][info ][gc,marking  ] GC(6) Concurrent Preclean
[2025-01-17T13:22:42.107+0000][77][info ][gc,marking  ] GC(6) Concurrent Preclean 0.240ms
[2025-01-17T13:22:42.108+0000][77][info ][gc,start    ] GC(6) Pause Remark
[2025-01-17T13:22:42.111+0000][77][info ][gc          ] GC(6) Pause Remark 36M->36M(3392M) 3.252ms
[2025-01-17T13:22:42.112+0000][77][info ][gc,cpu      ] GC(6) User=0.02s Sys=0.00s Real=0.00s
[2025-01-17T13:22:42.112+0000][77][info ][safepoint   ] Safepoint "G1PauseRemark", Time since last: 17946731 ns, Reaching safepoint: 242793 ns, Cleanup: 269926 ns, At safepoint: 4233883 ns, Total: 4746602 ns
[2025-01-17T13:22:42.113+0000][77][info ][gc,marking  ] GC(6) Concurrent Mark 13.292ms
[2025-01-17T13:22:42.113+0000][77][info ][gc,marking  ] GC(6) Concurrent Rebuild Remembered Sets and Scrub Regions
[2025-01-17T13:22:42.114+0000][77][info ][gc,marking  ] GC(6) Concurrent Rebuild Remembered Sets and Scrub Regions 0.687ms
[2025-01-17T13:22:42.115+0000][77][info ][gc,start    ] GC(6) Pause Cleanup
[2025-01-17T13:22:42.115+0000][77][info ][gc          ] GC(6) Pause Cleanup 36M->36M(3392M) 0.459ms
[2025-01-17T13:22:42.115+0000][77][info ][gc,cpu      ] GC(6) User=0.00s Sys=0.00s Real=0.00s
[2025-01-17T13:22:42.116+0000][77][info ][safepoint   ] Safepoint "G1PauseCleanup", Time since last: 1976772 ns, Reaching safepoint: 81286 ns, Cleanup: 324527 ns, At safepoint: 1272945 ns, Total: 1678758 ns
[2025-01-17T13:22:42.116+0000][77][info ][gc,marking  ] GC(6) Concurrent Clear Claimed Marks
[2025-01-17T13:22:42.117+0000][77][info ][gc,marking  ] GC(6) Concurrent Clear Claimed Marks 0.353ms
[2025-01-17T13:22:42.117+0000][77][info ][gc,marking  ] GC(6) Concurrent Cleanup for Next Mark
[2025-01-17T13:22:42.120+0000][77][info ][gc,marking  ] GC(6) Concurrent Cleanup for Next Mark 2.567ms
[2025-01-17T13:22:42.120+0000][77][info ][gc          ] GC(6) Concurrent Mark Cycle 31.648ms
[2025-01-17T13:22:43.103+0000][77][info ][safepoint   ] Safepoint "ICBufferFull", Time since last: 986175564 ns, Reaching safepoint: 7653 ns, Cleanup: 312933 ns, At safepoint: 28623 ns, Total: 349209 ns
[2025-01-17T13:22:43.879+0000][77][info ][safepoint   ] Safepoint "ICBufferFull", Time since last: 775726435 ns, Reaching safepoint: 3962 ns, Cleanup: 259723 ns, At safepoint: 15388 ns, Total: 279073 ns
[2025-01-17T13:22:44.741+0000][77][info ][safepoint   ] Safepoint "ICBufferFull", Time since last: 861882621 ns, Reaching safepoint: 5084 ns, Cleanup: 278809 ns, At safepoint: 2988 ns, Total: 286881 ns
[2025-01-17T13:22:45.691+0000][77][info ][safepoint   ] Safepoint "ICBufferFull", Time since last: 950280486 ns, Reaching safepoint: 4347 ns, Cleanup: 258352 ns, At safepoint: 2215 ns, Total: 264914 ns
[2025-01-17T13:22:46.407+0000][77][info ][gc,start    ] GC(7) Pause Young (Concurrent Start) (Metadata GC Threshold)
[2025-01-17T13:22:46.407+0000][77][info ][gc,task     ] GC(7) Using 18 workers of 18 for evacuation
[2025-01-17T13:22:46.407+0000][77][debug][gc,age      ] GC(7) Desired survivor size 121634816 bytes, new threshold 15 (max threshold 15)
[2025-01-17T13:22:46.433+0000][77][info ][gc,phases   ] GC(7)   Pre Evacuate Collection Set: 0.3ms
[2025-01-17T13:22:46.436+0000][77][info ][gc,phases   ] GC(7)   Merge Heap Roots: 0.2ms
[2025-01-17T13:22:46.436+0000][77][info ][gc,phases   ] GC(7)   Evacuate Collection Set: 18.8ms
[2025-01-17T13:22:46.437+0000][77][info ][gc,phases   ] GC(7)   Post Evacuate Collection Set: 5.9ms
[2025-01-17T13:22:46.440+0000][77][info ][gc,phases   ] GC(7)   Other: 0.7ms
[2025-01-17T13:22:46.441+0000][77][trace][gc,age      ] GC(7) Age table with threshold 15 (max threshold 15)
[2025-01-17T13:22:46.444+0000][77][trace][gc,age      ] GC(7) - age   1:   29356016 bytes,   29356016 total
[2025-01-17T13:22:46.448+0000][77][trace][gc,age      ] GC(7) - age   2:    4108904 bytes,   33464920 total
[2025-01-17T13:22:46.448+0000][77][trace][gc,age      ] GC(7) - age   3:    6301144 bytes,   39766064 total
[2025-01-17T13:22:46.448+0000][77][trace][gc,age      ] GC(7) - age   4:    5596400 bytes,   45362464 total
[2025-01-17T13:22:46.449+0000][77][trace][gc,age      ] GC(7) - age   5:    1985824 bytes,   47348288 total
[2025-01-17T13:22:46.449+0000][77][trace][gc,age      ] GC(7) - age   6:    8801344 bytes,   56149632 total
[2025-01-17T13:22:46.449+0000][77][info ][gc,heap     ] GC(7) Eden regions: 225->0(224)
[2025-01-17T13:22:46.450+0000][77][info ][gc,heap     ] GC(7) Survivor regions: 8->15(58)
[2025-01-17T13:22:46.450+0000][77][info ][gc,heap     ] GC(7) Old regions: 0->0
[2025-01-17T13:22:46.450+0000][77][info ][gc,heap     ] GC(7) Archive regions: 2->2
[2025-01-17T13:22:46.451+0000][77][info ][gc,heap     ] GC(7) Humongous regions: 0->0
[2025-01-17T13:22:46.451+0000][77][info ][gc,metaspace] GC(7) Metaspace: 59056K(60416K)->59056K(60416K) NonClass: 51880K(52672K)->51880K(52672K) Class: 7175K(7744K)->7175K(7744K)
[2025-01-17T13:22:46.451+0000][77][info ][gc          ] GC(7) Pause Young (Concurrent Start) (Metadata GC Threshold) 930M->61M(3392M) 44.875ms
[2025-01-17T13:22:46.452+0000][77][info ][gc,cpu      ] GC(7) User=0.24s Sys=0.00s Real=0.05s
[2025-01-17T13:22:46.452+0000][77][info ][gc          ] GC(8) Concurrent Mark Cycle
[2025-01-17T13:22:46.453+0000][77][info ][gc,marking  ] GC(8) Concurrent Scan Root Regions
[2025-01-17T13:22:46.453+0000][77][info ][safepoint   ] Safepoint "CollectForMetadataAllocation", Time since last: 714994505 ns, Reaching safepoint: 4305 ns, Cleanup: 287003 ns, At safepoint: 46295576 ns, Total: 46586884 ns
[2025-01-17T13:22:46.461+0000][77][info ][gc,marking  ] GC(8) Concurrent Scan Root Regions 8.381ms
[2025-01-17T13:22:46.462+0000][77][info ][gc,marking  ] GC(8) Concurrent Mark
[2025-01-17T13:22:46.462+0000][77][info ][gc,marking  ] GC(8) Concurrent Mark From Roots
[2025-01-17T13:22:46.462+0000][77][info ][gc,task     ] GC(8) Using 5 workers of 5 for marking
[2025-01-17T13:22:46.464+0000][77][info ][gc,marking  ] GC(8) Concurrent Mark From Roots 1.889ms
[2025-01-17T13:22:46.464+0000][77][info ][gc,marking  ] GC(8) Concurrent Preclean
[2025-01-17T13:22:46.465+0000][77][info ][gc,marking  ] GC(8) Concurrent Preclean 0.324ms
[2025-01-17T13:22:46.466+0000][77][info ][gc,start    ] GC(8) Pause Remark
[2025-01-17T13:22:46.472+0000][77][info ][gc          ] GC(8) Pause Remark 65M->65M(3392M) 5.831ms
[2025-01-17T13:22:46.473+0000][77][info ][gc,cpu      ] GC(8) User=0.04s Sys=0.00s Real=0.01s
[2025-01-17T13:22:46.474+0000][77][info ][safepoint   ] Safepoint "G1PauseRemark", Time since last: 12740716 ns, Reaching safepoint: 122158 ns, Cleanup: 640523 ns, At safepoint: 7334818 ns, Total: 8097499 ns
[2025-01-17T13:22:46.474+0000][77][info ][gc,marking  ] GC(8) Concurrent Mark 12.252ms
[2025-01-17T13:22:46.474+0000][77][info ][gc,marking  ] GC(8) Concurrent Rebuild Remembered Sets and Scrub Regions
[2025-01-17T13:22:46.475+0000][77][info ][gc,marking  ] GC(8) Concurrent Rebuild Remembered Sets and Scrub Regions 0.919ms
[2025-01-17T13:22:46.477+0000][77][info ][gc,start    ] GC(8) Pause Cleanup
[2025-01-17T13:22:46.477+0000][77][info ][gc          ] GC(8) Pause Cleanup 65M->65M(3392M) 0.392ms
[2025-01-17T13:22:46.477+0000][77][info ][gc,cpu      ] GC(8) User=0.00s Sys=0.00s Real=0.01s
[2025-01-17T13:22:46.478+0000][77][info ][safepoint   ] Safepoint "G1PauseCleanup", Time since last: 2097820 ns, Reaching safepoint: 599870 ns, Cleanup: 292149 ns, At safepoint: 1202224 ns, Total: 2094243 ns
[2025-01-17T13:22:46.478+0000][77][info ][gc,marking  ] GC(8) Concurrent Clear Claimed Marks
[2025-01-17T13:22:46.479+0000][77][info ][gc,marking  ] GC(8) Concurrent Clear Claimed Marks 0.634ms
[2025-01-17T13:22:46.479+0000][77][info ][gc,marking  ] GC(8) Concurrent Cleanup for Next Mark
[2025-01-17T13:22:46.482+0000][77][info ][gc,marking  ] GC(8) Concurrent Cleanup for Next Mark 2.526ms
[2025-01-17T13:22:46.482+0000][77][info ][gc          ] GC(8) Concurrent Mark Cycle 30.513ms
[2025-01-17T13:22:47.479+0000][77][info ][safepoint   ] Safepoint "Cleanup", Time since last: 1000539417 ns, Reaching safepoint: 86975 ns, Cleanup: 337084 ns, At safepoint: 77727 ns, Total: 501786 ns
[2025-01-17T13:22:48.559+0000][77][info ][safepoint   ] Safepoint "Cleanup", Time since last: 1079406009 ns, Reaching safepoint: 2376 ns, Cleanup: 253361 ns, At safepoint: 24964 ns, Total: 280701 ns
[2025-01-17T13:22:49.679+0000][77][info ][safepoint   ] Safepoint "Cleanup", Time since last: 1120113829 ns, Reaching safepoint: 5957 ns, Cleanup: 315129 ns, At safepoint: 45181 ns, Total: 366267 ns
[2025-01-17T13:22:50.363+0000][77][info ][gc,start    ] GC(9) Pause Young (Concurrent Start) (Metadata GC Threshold)
[2025-01-17T13:22:50.363+0000][77][info ][gc,task     ] GC(9) Using 18 workers of 18 for evacuation
[2025-01-17T13:22:50.363+0000][77][debug][gc,age      ] GC(9) Desired survivor size 62914560 bytes, new threshold 15 (max threshold 15)
[2025-01-17T13:22:50.385+0000][77][info ][gc,phases   ] GC(9)   Pre Evacuate Collection Set: 0.5ms
[2025-01-17T13:22:50.385+0000][77][info ][gc,phases   ] GC(9)   Merge Heap Roots: 0.3ms
[2025-01-17T13:22:50.385+0000][77][info ][gc,phases   ] GC(9)   Evacuate Collection Set: 16.1ms
[2025-01-17T13:22:50.386+0000][77][info ][gc,phases   ] GC(9)   Post Evacuate Collection Set: 3.8ms
[2025-01-17T13:22:50.386+0000][77][info ][gc,phases   ] GC(9)   Other: 0.7ms
[2025-01-17T13:22:50.386+0000][77][trace][gc,age      ] GC(9) Age table with threshold 15 (max threshold 15)
[2025-01-17T13:22:50.387+0000][77][trace][gc,age      ] GC(9) - age   1:   16725464 bytes,   16725464 total
[2025-01-17T13:22:50.387+0000][77][trace][gc,age      ] GC(9) - age   2:   28843472 bytes,   45568936 total
[2025-01-17T13:22:50.387+0000][77][trace][gc,age      ] GC(9) - age   3:    4101448 bytes,   49670384 total
[2025-01-17T13:22:50.388+0000][77][trace][gc,age      ] GC(9) - age   4:    6276952 bytes,   55947336 total
[2025-01-17T13:22:50.388+0000][77][trace][gc,age      ] GC(9) - age   5:    5579928 bytes,   61527264 total
[2025-01-17T13:22:50.389+0000][77][trace][gc,age      ] GC(9) - age   6:    1983264 bytes,   63510528 total
[2025-01-17T13:22:50.389+0000][77][trace][gc,age      ] GC(9) - age   7:    8776224 bytes,   72286752 total
[2025-01-17T13:22:50.390+0000][77][info ][gc,heap     ] GC(9) Eden regions: 126->0(141)
[2025-01-17T13:22:50.390+0000][77][info ][gc,heap     ] GC(9) Survivor regions: 15->19(30)
[2025-01-17T13:22:50.391+0000][77][info ][gc,heap     ] GC(9) Old regions: 0->0
[2025-01-17T13:22:50.391+0000][77][info ][gc,heap     ] GC(9) Archive regions: 2->2
[2025-01-17T13:22:50.391+0000][77][info ][gc,heap     ] GC(9) Humongous regions: 0->0
[2025-01-17T13:22:50.392+0000][77][info ][gc,metaspace] GC(9) Metaspace: 98954K(101056K)->98954K(101056K) NonClass: 86171K(87360K)->86171K(87360K) Class: 12783K(13696K)->12783K(13696K)
[2025-01-17T13:22:50.392+0000][77][info ][gc          ] GC(9) Pause Young (Concurrent Start) (Metadata GC Threshold) 565M->78M(3392M) 29.205ms
[2025-01-17T13:22:50.392+0000][77][info ][gc,cpu      ] GC(9) User=0.23s Sys=0.00s Real=0.03s
[2025-01-17T13:22:50.392+0000][77][info ][gc          ] GC(10) Concurrent Mark Cycle
[2025-01-17T13:22:50.393+0000][77][info ][gc,marking  ] GC(10) Concurrent Scan Root Regions
[2025-01-17T13:22:50.393+0000][77][info ][safepoint   ] Safepoint "CollectForMetadataAllocation", Time since last: 683352235 ns, Reaching safepoint: 4398 ns, Cleanup: 293583 ns, At safepoint: 30593653 ns, Total: 30891634 ns
[2025-01-17T13:22:50.402+0000][77][info ][gc,marking  ] GC(10) Concurrent Scan Root Regions 8.999ms
[2025-01-17T13:22:50.403+0000][77][info ][gc,marking  ] GC(10) Concurrent Mark
[2025-01-17T13:22:50.403+0000][77][info ][gc,marking  ] GC(10) Concurrent Mark From Roots
[2025-01-17T13:22:50.403+0000][77][info ][gc,task     ] GC(10) Using 5 workers of 5 for marking
[2025-01-17T13:22:50.406+0000][77][info ][gc,marking  ] GC(10) Concurrent Mark From Roots 2.663ms
[2025-01-17T13:22:50.406+0000][77][info ][gc,marking  ] GC(10) Concurrent Preclean
[2025-01-17T13:22:50.407+0000][77][info ][gc,marking  ] GC(10) Concurrent Preclean 0.695ms
[2025-01-17T13:22:50.408+0000][77][info ][gc,start    ] GC(10) Pause Remark
[2025-01-17T13:22:50.415+0000][77][info ][gc          ] GC(10) Pause Remark 83M->83M(3392M) 6.895ms
[2025-01-17T13:22:50.415+0000][77][info ][gc,cpu      ] GC(10) User=0.03s Sys=0.00s Real=0.00s
[2025-01-17T13:22:50.416+0000][77][info ][safepoint   ] Safepoint "G1PauseRemark", Time since last: 13951329 ns, Reaching safepoint: 247974 ns, Cleanup: 297402 ns, At safepoint: 7895489 ns, Total: 8440865 ns
[2025-01-17T13:22:50.416+0000][77][info ][gc,marking  ] GC(10) Concurrent Mark 13.428ms
[2025-01-17T13:22:50.417+0000][77][info ][gc,marking  ] GC(10) Concurrent Rebuild Remembered Sets and Scrub Regions
[2025-01-17T13:22:50.417+0000][77][info ][gc,marking  ] GC(10) Concurrent Rebuild Remembered Sets and Scrub Regions 0.662ms
[2025-01-17T13:22:50.418+0000][77][info ][gc,start    ] GC(10) Pause Cleanup
[2025-01-17T13:22:50.419+0000][77][info ][gc          ] GC(10) Pause Cleanup 86M->86M(3392M) 0.434ms
[2025-01-17T13:22:50.419+0000][77][info ][gc,cpu      ] GC(10) User=0.00s Sys=0.00s Real=0.00s
[2025-01-17T13:22:50.420+0000][77][info ][safepoint   ] Safepoint "G1PauseCleanup", Time since last: 2061779 ns, Reaching safepoint: 8769 ns, Cleanup: 688522 ns, At safepoint: 1380573 ns, Total: 2077864 ns
[2025-01-17T13:22:50.420+0000][77][info ][gc,marking  ] GC(10) Concurrent Clear Claimed Marks
[2025-01-17T13:22:50.421+0000][77][info ][gc,marking  ] GC(10) Concurrent Clear Claimed Marks 0.514ms
[2025-01-17T13:22:50.421+0000][77][info ][gc,marking  ] GC(10) Concurrent Cleanup for Next Mark
[2025-01-17T13:22:50.424+0000][77][info ][gc,marking  ] GC(10) Concurrent Cleanup for Next Mark 2.732ms
[2025-01-17T13:22:50.424+0000][77][info ][gc          ] GC(10) Concurrent Mark Cycle 31.892ms
[2025-01-17T13:22:51.802+0000][77][info ][safepoint   ] Safepoint "ICBufferFull", Time since last: 1381697720 ns, Reaching safepoint: 284694 ns, Cleanup: 289318 ns, At safepoint: 26936 ns, Total: 600948 ns
[2025-01-17T13:22:51.996+0000][77][info ][safepoint   ] Safepoint "ICBufferFull", Time since last: 193216847 ns, Reaching safepoint: 14319 ns, Cleanup: 315963 ns, At safepoint: 43788 ns, Total: 374070 ns
[2025-01-17T13:22:52.997+0000][77][info ][safepoint   ] Safepoint "Cleanup", Time since last: 1000695289 ns, Reaching safepoint: 17400 ns, Cleanup: 393010 ns, At safepoint: 34226 ns, Total: 444636 ns
[2025-01-17T13:22:53.199+0000][77][info ][safepoint   ] Safepoint "ICBufferFull", Time since last: 201830620 ns, Reaching safepoint: 8370 ns, Cleanup: 272793 ns, At safepoint: 16512 ns, Total: 297675 ns
[2025-01-17T13:22:53.313+0000][77][info ][safepoint   ] Safepoint "ICBufferFull", Time since last: 113837533 ns, Reaching safepoint: 18120 ns, Cleanup: 387274 ns, At safepoint: 7952 ns, Total: 413346 ns
[2025-01-17T13:22:53.524+0000][77][info ][safepoint   ] Safepoint "ICBufferFull", Time since last: 209941751 ns, Reaching safepoint: 10794 ns, Cleanup: 336675 ns, At safepoint: 19005 ns, Total: 366474 ns
[2025-01-17T13:22:54.039+0000][77][info ][safepoint   ] Safepoint "ICBufferFull", Time since last: 515516874 ns, Reaching safepoint: 15502 ns, Cleanup: 387061 ns, At safepoint: 30403 ns, Total: 432966 ns
[2025-01-17T13:22:54.566+0000][77][info ][safepoint   ] Safepoint "ICBufferFull", Time since last: 525897252 ns, Reaching safepoint: 7426 ns, Cleanup: 344618 ns, At safepoint: 20808 ns, Total: 372852 ns
[2025-01-17T13:22:55.005+0000][77][info ][safepoint   ] Safepoint "ICBufferFull", Time since last: 438687644 ns, Reaching safepoint: 7520 ns, Cleanup: 286801 ns, At safepoint: 3870 ns, Total: 298191 ns
[2025-01-17T13:22:55.996+0000][77][info ][safepoint   ] Safepoint "ICBufferFull", Time since last: 990398790 ns, Reaching safepoint: 488406 ns, Cleanup: 695479 ns, At safepoint: 89930 ns, Total: 1273815 ns
[2025-01-17T13:22:56.557+0000][77][info ][safepoint   ] Safepoint "ICBufferFull", Time since last: 560080848 ns, Reaching safepoint: 7820 ns, Cleanup: 258319 ns, At safepoint: 38094 ns, Total: 304233 ns
[2025-01-17T13:22:57.186+0000][77][info ][safepoint   ] Safepoint "ICBufferFull", Time since last: 628541568 ns, Reaching safepoint: 100590 ns, Cleanup: 258035 ns, At safepoint: 37550 ns, Total: 396175 ns
[2025-01-17T13:22:58.917+0000][77][info ][safepoint   ] Safepoint "Cleanup", Time since last: 1730542216 ns, Reaching safepoint: 11858 ns, Cleanup: 282618 ns, At safepoint: 16830 ns, Total: 311306 ns
[2025-01-17T13:22:59.936+0000][77][info ][safepoint   ] Safepoint "Cleanup", Time since last: 1000702310 ns, Reaching safepoint: 18411478 ns, Cleanup: 244806 ns, At safepoint: 131377 ns, Total: 18787661 ns
[2025-01-17T13:22:59.946+0000][77][info ][safepoint   ] Safepoint "ICBufferFull", Time since last: 639970 ns, Reaching safepoint: 9182716 ns, Cleanup: 329875 ns, At safepoint: 173538 ns, Total: 9686129 ns
[2025-01-17T13:22:59.948+0000][77][info ][safepoint   ] Safepoint "ICBufferFull", Time since last: 775677 ns, Reaching safepoint: 187132 ns, Cleanup: 259056 ns, At safepoint: 139325 ns, Total: 585513 ns
[2025-01-17T13:22:59.949+0000][77][info ][safepoint   ] Safepoint "ICBufferFull", Time since last: 659151 ns, Reaching safepoint: 412852 ns, Cleanup: 236401 ns, At safepoint: 157231 ns, Total: 806484 ns
[2025-01-17T13:23:00.119+0000][77][info ][safepoint   ] Safepoint "ICBufferFull", Time since last: 169639438 ns, Reaching safepoint: 13429 ns, Cleanup: 287744 ns, At safepoint: 67364 ns, Total: 368537 ns
[2025-01-17T13:23:00.283+0000][77][info ][safepoint   ] Safepoint "ICBufferFull", Time since last: 163652729 ns, Reaching safepoint: 14496 ns, Cleanup: 255738 ns, At safepoint: 30741 ns, Total: 300975 ns
[2025-01-17T13:23:00.853+0000][77][info ][safepoint   ] Safepoint "ICBufferFull", Time since last: 569081554 ns, Reaching safepoint: 16462 ns, Cleanup: 246610 ns, At safepoint: 29844 ns, Total: 292916 ns
[2025-01-17T13:23:01.853+0000][77][info ][safepoint   ] Safepoint "Cleanup", Time since last: 1000461208 ns, Reaching safepoint: 18352 ns, Cleanup: 326677 ns, At safepoint: 21401 ns, Total: 366430 ns
[2025-01-17T13:23:02.256+0000][77][info ][gc,start    ] GC(11) Pause Young (Normal) (G1 Evacuation Pause)
[2025-01-17T13:23:02.256+0000][77][info ][gc,task     ] GC(11) Using 18 workers of 18 for evacuation
[2025-01-17T13:23:02.257+0000][77][debug][gc,age      ] GC(11) Desired survivor size 41943040 bytes, new threshold 2 (max threshold 15)
[2025-01-17T13:23:02.298+0000][77][info ][gc,phases   ] GC(11)   Pre Evacuate Collection Set: 0.4ms
[2025-01-17T13:23:02.299+0000][77][info ][gc,phases   ] GC(11)   Merge Heap Roots: 0.3ms
[2025-01-17T13:23:02.299+0000][77][info ][gc,phases   ] GC(11)   Evacuate Collection Set: 35.1ms
[2025-01-17T13:23:02.299+0000][77][info ][gc,phases   ] GC(11)   Post Evacuate Collection Set: 5.4ms
[2025-01-17T13:23:02.299+0000][77][info ][gc,phases   ] GC(11)   Other: 0.8ms
[2025-01-17T13:23:02.299+0000][77][trace][gc,age      ] GC(11) Age table with threshold 2 (max threshold 15)
[2025-01-17T13:23:02.300+0000][77][trace][gc,age      ] GC(11) - age   1:   55235496 bytes,   55235496 total
[2025-01-17T13:23:02.300+0000][77][trace][gc,age      ] GC(11) - age   2:   15313224 bytes,   70548720 total
[2025-01-17T13:23:02.300+0000][77][info ][gc,heap     ] GC(11) Eden regions: 141->0(98)
[2025-01-17T13:23:02.300+0000][77][info ][gc,heap     ] GC(11) Survivor regions: 19->20(20)
[2025-01-17T13:23:02.301+0000][77][info ][gc,heap     ] GC(11) Old regions: 0->15
[2025-01-17T13:23:02.301+0000][77][info ][gc,heap     ] GC(11) Archive regions: 2->2
[2025-01-17T13:23:02.301+0000][77][info ][gc,heap     ] GC(11) Humongous regions: 4->4
[2025-01-17T13:23:02.301+0000][77][info ][gc,metaspace] GC(11) Metaspace: 129652K(133184K)->129652K(133184K) NonClass: 112071K(113920K)->112071K(113920K) Class: 17581K(19264K)->17581K(19264K)
[2025-01-17T13:23:02.302+0000][77][info ][gc          ] GC(11) Pause Young (Normal) (G1 Evacuation Pause) 658M->156M(3392M) 45.984ms
[2025-01-17T13:23:02.302+0000][77][info ][gc,cpu      ] GC(11) User=0.49s Sys=0.00s Real=0.05s
[2025-01-17T13:23:02.303+0000][77][info ][safepoint   ] Safepoint "G1CollectForAllocation", Time since last: 401911975 ns, Reaching safepoint: 15017 ns, Cleanup: 263298 ns, At safepoint: 46973124 ns, Total: 47251439 ns
[2025-01-17T13:23:02.957+0000][77][info ][safepoint   ] Safepoint "ICBufferFull", Time since last: 654080082 ns, Reaching safepoint: 14613 ns, Cleanup: 295456 ns, At safepoint: 21934 ns, Total: 332003 ns
[2025-01-17T13:23:03.298+0000][77][info ][safepoint   ] Safepoint "ICBufferFull", Time since last: 340399271 ns, Reaching safepoint: 15497 ns, Cleanup: 278346 ns, At safepoint: 19966 ns, Total: 313809 ns
[2025-01-17T13:23:03.551+0000][77][info ][safepoint   ] Safepoint "ICBufferFull", Time since last: 252871464 ns, Reaching safepoint: 17684 ns, Cleanup: 293703 ns, At safepoint: 55018 ns, Total: 366405 ns
[2025-01-17T13:23:03.867+0000][77][info ][gc,start    ] GC(12) Pause Young (Normal) (G1 Evacuation Pause)
[2025-01-17T13:23:03.867+0000][77][info ][gc,task     ] GC(12) Using 18 workers of 18 for evacuation
[2025-01-17T13:23:03.868+0000][77][debug][gc,age      ] GC(12) Desired survivor size 31457280 bytes, new threshold 1 (max threshold 15)
[2025-01-17T13:23:03.934+0000][77][info ][gc,phases   ] GC(12)   Pre Evacuate Collection Set: 0.4ms
[2025-01-17T13:23:03.935+0000][77][info ][gc,phases   ] GC(12)   Merge Heap Roots: 0.2ms
[2025-01-17T13:23:03.935+0000][77][info ][gc,phases   ] GC(12)   Evacuate Collection Set: 64.2ms
[2025-01-17T13:23:03.935+0000][77][info ][gc,phases   ] GC(12)   Post Evacuate Collection Set: 1.3ms
[2025-01-17T13:23:03.935+0000][77][info ][gc,phases   ] GC(12)   Other: 0.7ms
[2025-01-17T13:23:03.936+0000][77][trace][gc,age      ] GC(12) Age table with threshold 1 (max threshold 15)
[2025-01-17T13:23:03.936+0000][77][trace][gc,age      ] GC(12) - age   1:    4106488 bytes,    4106488 total
[2025-01-17T13:23:03.936+0000][77][info ][gc,heap     ] GC(12) Eden regions: 98->0(505)
[2025-01-17T13:23:03.937+0000][77][info ][gc,heap     ] GC(12) Survivor regions: 20->3(15)
[2025-01-17T13:23:03.937+0000][77][info ][gc,heap     ] GC(12) Old regions: 15->38
[2025-01-17T13:23:03.937+0000][77][info ][gc,heap     ] GC(12) Archive regions: 2->2
[2025-01-17T13:23:03.937+0000][77][info ][gc,heap     ] GC(12) Humongous regions: 4->4
[2025-01-17T13:23:03.938+0000][77][info ][gc,metaspace] GC(12) Metaspace: 131845K(135552K)->131845K(135552K) NonClass: 114017K(115968K)->114017K(115968K) Class: 17828K(19584K)->17828K(19584K)
[2025-01-17T13:23:03.938+0000][77][info ][gc          ] GC(12) Pause Young (Normal) (G1 Evacuation Pause) 548M->180M(3392M) 71.006ms
[2025-01-17T13:23:03.938+0000][77][info ][gc,cpu      ] GC(12) User=1.13s Sys=0.00s Real=0.07s
[2025-01-17T13:23:03.938+0000][77][info ][safepoint   ] Safepoint "G1CollectForAllocation", Time since last: 319935701 ns, Reaching safepoint: 20021 ns, Cleanup: 280980 ns, At safepoint: 71714075 ns, Total: 72015076 ns
[2025-01-17T13:23:04.735+0000][77][info ][safepoint   ] Safepoint "ICBufferFull", Time since last: 796297867 ns, Reaching safepoint: 109275 ns, Cleanup: 267231 ns, At safepoint: 57490 ns, Total: 433996 ns
[2025-01-17T13:23:05.736+0000][77][info ][safepoint   ] Safepoint "Cleanup", Time since last: 1000490086 ns, Reaching safepoint: 67841 ns, Cleanup: 267069 ns, At safepoint: 43655 ns, Total: 378565 ns
[2025-01-17T13:23:06.285+0000][77][info ][safepoint   ] Safepoint "ICBufferFull", Time since last: 548554810 ns, Reaching safepoint: 12704 ns, Cleanup: 261477 ns, At safepoint: 40194 ns, Total: 314375 ns
[2025-01-17T13:23:06.643+0000][77][info ][safepoint   ] Safepoint "ICBufferFull", Time since last: 357916673 ns, Reaching safepoint: 15803 ns, Cleanup: 237420 ns, At safepoint: 17180 ns, Total: 270403 ns
[2025-01-17T13:23:06.644+0000][77][info ][safepoint   ] Safepoint "ICBufferFull", Time since last: 486364 ns, Reaching safepoint: 13301 ns, Cleanup: 224858 ns, At safepoint: 40211 ns, Total: 278370 ns
[2025-01-17T13:23:06.645+0000][77][info ][safepoint   ] Safepoint "ICBufferFull", Time since last: 371913 ns, Reaching safepoint: 11087 ns, Cleanup: 219176 ns, At safepoint: 40734 ns, Total: 270997 ns
[2025-01-17T13:23:07.119+0000][77][info ][safepoint   ] Safepoint "ICBufferFull", Time since last: 473993878 ns, Reaching safepoint: 21468 ns, Cleanup: 280490 ns, At safepoint: 37471 ns, Total: 339429 ns
[2025-01-17T13:23:07.895+0000][77][info ][safepoint   ] Safepoint "ICBufferFull", Time since last: 775854791 ns, Reaching safepoint: 18273 ns, Cleanup: 269887 ns, At safepoint: 20783 ns, Total: 308943 ns
[2025-01-17T13:23:08.565+0000][77][info ][safepoint   ] Safepoint "ICBufferFull", Time since last: 669230384 ns, Reaching safepoint: 14539 ns, Cleanup: 295419 ns, At safepoint: 78104 ns, Total: 388062 ns
[2025-01-17T13:23:08.992+0000][77][info ][safepoint   ] Safepoint "ICBufferFull", Time since last: 427410633 ns, Reaching safepoint: 20082 ns, Cleanup: 337094 ns, At safepoint: 28562 ns, Total: 385738 ns
[2025-01-17T13:23:09.293+0000][77][info ][safepoint   ] Safepoint "ICBufferFull", Time since last: 300669628 ns, Reaching safepoint: 20064 ns, Cleanup: 310490 ns, At safepoint: 21754 ns, Total: 352308 ns
[2025-01-17T13:23:09.726+0000][77][info ][safepoint   ] Safepoint "ICBufferFull", Time since last: 431618972 ns, Reaching safepoint: 111027 ns, Cleanup: 328196 ns, At safepoint: 47699 ns, Total: 486922 ns
[2025-01-17T13:23:10.303+0000][77][info ][safepoint   ] Safepoint "ICBufferFull", Time since last: 577029143 ns, Reaching safepoint: 52739 ns, Cleanup: 257799 ns, At safepoint: 32885 ns, Total: 343423 ns
[2025-01-17T13:23:10.610+0000][77][info ][safepoint   ] Safepoint "ICBufferFull", Time since last: 307030457 ns, Reaching safepoint: 19497 ns, Cleanup: 248787 ns, At safepoint: 55655 ns, Total: 323939 ns
[2025-01-17T13:23:11.254+0000][77][info ][gc,start    ] GC(13) Pause Young (Concurrent Start) (CodeCache GC Threshold)
[2025-01-17T13:23:11.255+0000][77][info ][gc,task     ] GC(13) Using 18 workers of 18 for evacuation
[2025-01-17T13:23:11.255+0000][77][debug][gc,age      ] GC(13) Desired survivor size 134217728 bytes, new threshold 15 (max threshold 15)
[2025-01-17T13:23:11.262+0000][77][info ][gc,phases   ] GC(13)   Pre Evacuate Collection Set: 0.6ms
[2025-01-17T13:23:11.263+0000][77][info ][gc,phases   ] GC(13)   Merge Heap Roots: 0.3ms
[2025-01-17T13:23:11.264+0000][77][info ][gc,phases   ] GC(13)   Evacuate Collection Set: 4.5ms
[2025-01-17T13:23:11.264+0000][77][info ][gc,phases   ] GC(13)   Post Evacuate Collection Set: 1.3ms
[2025-01-17T13:23:11.264+0000][77][info ][gc,phases   ] GC(13)   Other: 0.8ms
[2025-01-17T13:23:11.265+0000][77][trace][gc,age      ] GC(13) Age table with threshold 15 (max threshold 15)
[2025-01-17T13:23:11.265+0000][77][trace][gc,age      ] GC(13) - age   1:    8198792 bytes,    8198792 total
[2025-01-17T13:23:11.265+0000][77][trace][gc,age      ] GC(13) - age   2:    1977472 bytes,   10176264 total
[2025-01-17T13:23:11.265+0000][77][info ][gc,heap     ] GC(13) Eden regions: 94->0(505)
[2025-01-17T13:23:11.266+0000][77][info ][gc,heap     ] GC(13) Survivor regions: 3->3(64)
[2025-01-17T13:23:11.266+0000][77][info ][gc,heap     ] GC(13) Old regions: 38->38
[2025-01-17T13:23:11.266+0000][77][info ][gc,heap     ] GC(13) Archive regions: 2->2
[2025-01-17T13:23:11.266+0000][77][info ][gc,heap     ] GC(13) Humongous regions: 4->4
[2025-01-17T13:23:11.267+0000][77][info ][gc,metaspace] GC(13) Metaspace: 138253K(142144K)->138253K(142144K) NonClass: 119698K(121792K)->119698K(121792K) Class: 18554K(20352K)->18554K(20352K)
[2025-01-17T13:23:11.267+0000][77][info ][gc          ] GC(13) Pause Young (Concurrent Start) (CodeCache GC Threshold) 556M->181M(3392M) 12.694ms
[2025-01-17T13:23:11.267+0000][77][info ][gc          ] GC(14) Concurrent Mark Cycle
[2025-01-17T13:23:11.267+0000][77][info ][gc,marking  ] GC(14) Concurrent Scan Root Regions
[2025-01-17T13:23:11.267+0000][77][info ][gc,cpu      ] GC(13) User=0.03s Sys=0.00s Real=0.01s
[2025-01-17T13:23:11.268+0000][77][info ][safepoint   ] Safepoint "G1TryInitiateConcMark", Time since last: 643560661 ns, Reaching safepoint: 47912 ns, Cleanup: 250927 ns, At safepoint: 13594604 ns, Total: 13893443 ns
[2025-01-17T13:23:11.271+0000][77][info ][gc,marking  ] GC(14) Concurrent Scan Root Regions 3.675ms
[2025-01-17T13:23:11.271+0000][77][info ][gc,marking  ] GC(14) Concurrent Mark
[2025-01-17T13:23:11.272+0000][77][info ][gc,marking  ] GC(14) Concurrent Mark From Roots
[2025-01-17T13:23:11.272+0000][77][info ][gc,task     ] GC(14) Using 5 workers of 5 for marking
[2025-01-17T13:23:11.299+0000][77][info ][gc,marking  ] GC(14) Concurrent Mark From Roots 27.877ms
[2025-01-17T13:23:11.300+0000][77][info ][gc,marking  ] GC(14) Concurrent Preclean
[2025-01-17T13:23:11.301+0000][77][info ][gc,marking  ] GC(14) Concurrent Preclean 0.682ms
[2025-01-17T13:23:11.302+0000][77][info ][gc,start    ] GC(14) Pause Remark
[2025-01-17T13:23:11.319+0000][77][info ][gc          ] GC(14) Pause Remark 200M->200M(3392M) 16.949ms
[2025-01-17T13:23:11.320+0000][77][info ][gc,cpu      ] GC(14) User=0.21s Sys=0.00s Real=0.02s
[2025-01-17T13:23:11.321+0000][77][info ][safepoint   ] Safepoint "G1PauseRemark", Time since last: 33575092 ns, Reaching safepoint: 21662 ns, Cleanup: 308722 ns, At safepoint: 19030546 ns, Total: 19360930 ns
[2025-01-17T13:23:11.322+0000][77][info ][gc,marking  ] GC(14) Concurrent Mark 50.381ms
[2025-01-17T13:23:11.323+0000][77][info ][gc,marking  ] GC(14) Concurrent Rebuild Remembered Sets and Scrub Regions
[2025-01-17T13:23:11.344+0000][77][info ][gc,marking  ] GC(14) Concurrent Rebuild Remembered Sets and Scrub Regions 21.133ms
[2025-01-17T13:23:11.345+0000][77][info ][gc,start    ] GC(14) Pause Cleanup
[2025-01-17T13:23:11.346+0000][77][info ][gc          ] GC(14) Pause Cleanup 200M->200M(3392M) 0.911ms
[2025-01-17T13:23:11.346+0000][77][info ][gc,cpu      ] GC(14) User=0.00s Sys=0.00s Real=0.00s
[2025-01-17T13:23:11.347+0000][77][info ][safepoint   ] Safepoint "G1PauseCleanup", Time since last: 23676669 ns, Reaching safepoint: 112830 ns, Cleanup: 273074 ns, At safepoint: 1985895 ns, Total: 2371799 ns
[2025-01-17T13:23:11.347+0000][77][info ][gc,marking  ] GC(14) Concurrent Clear Claimed Marks
[2025-01-17T13:23:11.348+0000][77][info ][gc,marking  ] GC(14) Concurrent Clear Claimed Marks 0.740ms
[2025-01-17T13:23:11.348+0000][77][info ][gc,marking  ] GC(14) Concurrent Cleanup for Next Mark
[2025-01-17T13:23:11.351+0000][77][info ][gc,marking  ] GC(14) Concurrent Cleanup for Next Mark 2.598ms
[2025-01-17T13:23:11.352+0000][77][info ][gc          ] GC(14) Concurrent Mark Cycle 84.398ms
[2025-01-17T13:23:12.221+0000][77][info ][safepoint   ] Safepoint "ICBufferFull", Time since last: 874158586 ns, Reaching safepoint: 24773 ns, Cleanup: 363173 ns, At safepoint: 46123 ns, Total: 434069 ns
[2025-01-17T13:23:12.487+0000][77][info ][safepoint   ] Safepoint "ICBufferFull", Time since last: 265153985 ns, Reaching safepoint: 37030 ns, Cleanup: 354452 ns, At safepoint: 72320 ns, Total: 463802 ns
[2025-01-17T13:23:12.873+0000][77][info ][safepoint   ] Safepoint "ICBufferFull", Time since last: 385358223 ns, Reaching safepoint: 27024 ns, Cleanup: 361224 ns, At safepoint: 46554 ns, Total: 434802 ns
[2025-01-17T13:23:14.028+0000][77][info ][safepoint   ] Safepoint "Cleanup", Time since last: 1154296854 ns, Reaching safepoint: 9991 ns, Cleanup: 436056 ns, At safepoint: 71053 ns, Total: 517100 ns
[2025-01-17T13:23:15.606+0000][77][info ][safepoint   ] Safepoint "Cleanup", Time since last: 1578556706 ns, Reaching safepoint: 26018 ns, Cleanup: 244838 ns, At safepoint: 23071 ns, Total: 293927 ns
[2025-01-17T13:23:16.607+0000][77][info ][safepoint   ] Safepoint "Cleanup", Time since last: 1000476530 ns, Reaching safepoint: 130933 ns, Cleanup: 263457 ns, At safepoint: 13335 ns, Total: 407725 ns
[2025-01-17T13:23:17.827+0000][77][info ][safepoint   ] Safepoint "Cleanup", Time since last: 1219019555 ns, Reaching safepoint: 10706 ns, Cleanup: 369696 ns, At safepoint: 39725 ns, Total: 420127 ns
[2025-01-17T13:23:19.605+0000][77][info ][safepoint   ] Safepoint "Cleanup", Time since last: 1777766519 ns, Reaching safepoint: 26244 ns, Cleanup: 249188 ns, At safepoint: 11479 ns, Total: 286911 ns
[2025-01-17T13:23:21.606+0000][77][info ][safepoint   ] Safepoint "Cleanup", Time since last: 2000545274 ns, Reaching safepoint: 24879 ns, Cleanup: 231761 ns, At safepoint: 8750 ns, Total: 265390 ns
[2025-01-17T13:23:22.607+0000][77][info ][safepoint   ] Safepoint "Cleanup", Time since last: 1000597214 ns, Reaching safepoint: 27539 ns, Cleanup: 276545 ns, At safepoint: 8787 ns, Total: 312871 ns
[2025-01-17T13:23:23.612+0000][77][info ][safepoint   ] Safepoint "Cleanup", Time since last: 1005439602 ns, Reaching safepoint: 22368 ns, Cleanup: 251629 ns, At safepoint: 8494 ns, Total: 282491 ns
[2025-01-17T13:23:24.615+0000][77][info ][safepoint   ] Safepoint "Cleanup", Time since last: 1002215193 ns, Reaching safepoint: 10108 ns, Cleanup: 240000 ns, At safepoint: 18337 ns, Total: 268445 ns
[2025-01-17T13:23:25.621+0000][77][info ][safepoint   ] Safepoint "Cleanup", Time since last: 1005910803 ns, Reaching safepoint: 24770 ns, Cleanup: 223329 ns, At safepoint: 8428 ns, Total: 256527 ns
[2025-01-17T13:23:26.622+0000][77][info ][safepoint   ] Safepoint "Cleanup", Time since last: 1000775170 ns, Reaching safepoint: 82357 ns, Cleanup: 254667 ns, At safepoint: 7886 ns, Total: 344910 ns
[2025-01-17T13:23:27.624+0000][77][info ][safepoint   ] Safepoint "Cleanup", Time since last: 1001743797 ns, Reaching safepoint: 26606 ns, Cleanup: 254918 ns, At safepoint: 9328 ns, Total: 290852 ns
[2025-01-17T13:23:30.249+0000][77][info ][safepoint   ] Safepoint "Cleanup", Time since last: 2624483178 ns, Reaching safepoint: 30729 ns, Cleanup: 280364 ns, At safepoint: 44950 ns, Total: 356043 ns
[2025-01-17T13:23:31.649+0000][77][info ][safepoint   ] Safepoint "Cleanup", Time since last: 1399327851 ns, Reaching safepoint: 28660 ns, Cleanup: 283981 ns, At safepoint: 10317 ns, Total: 322958 ns
[2025-01-17T13:23:32.650+0000][77][info ][safepoint   ] Safepoint "Cleanup", Time since last: 1000882204 ns, Reaching safepoint: 28137 ns, Cleanup: 289750 ns, At safepoint: 11536 ns, Total: 329423 ns
[2025-01-17T13:23:33.651+0000][77][info ][safepoint   ] Safepoint "Cleanup", Time since last: 1000906878 ns, Reaching safepoint: 28019 ns, Cleanup: 289887 ns, At safepoint: 22002 ns, Total: 339908 ns
[2025-01-17T13:23:35.648+0000][77][info ][safepoint   ] Safepoint "Cleanup", Time since last: 2000874547 ns, Reaching safepoint: 76063 ns, Cleanup: 639487 ns, At safepoint: 110521 ns, Total: 826071 ns
[2025-01-17T13:23:36.650+0000][77][info ][safepoint   ] Safepoint "Cleanup", Time since last: 1002470834 ns, Reaching safepoint: 11050 ns, Cleanup: 308135 ns, At safepoint: 27739 ns, Total: 346924 ns
[2025-01-17T13:23:37.659+0000][77][info ][safepoint   ] Safepoint "Cleanup", Time since last: 1008518572 ns, Reaching safepoint: 25835 ns, Cleanup: 261325 ns, At safepoint: 9082 ns, Total: 296242 ns
[2025-01-17T13:23:38.660+0000][77][info ][safepoint   ] Safepoint "Cleanup", Time since last: 1000694467 ns, Reaching safepoint: 35106 ns, Cleanup: 492708 ns, At safepoint: 13349 ns, Total: 541163 ns
[2025-01-17T13:23:39.662+0000][77][info ][safepoint   ] Safepoint "Cleanup", Time since last: 1000750536 ns, Reaching safepoint: 27870 ns, Cleanup: 280600 ns, At safepoint: 23842 ns, Total: 332312 ns
[2025-01-17T13:23:40.663+0000][77][info ][safepoint   ] Safepoint "Cleanup", Time since last: 1000631303 ns, Reaching safepoint: 44671 ns, Cleanup: 506255 ns, At safepoint: 14495 ns, Total: 565421 ns
[2025-01-17T13:23:41.665+0000][77][info ][safepoint   ] Safepoint "Cleanup", Time since last: 1001080129 ns, Reaching safepoint: 54109 ns, Cleanup: 840854 ns, At safepoint: 18701 ns, Total: 913664 ns
[2025-01-17T13:23:42.669+0000][77][info ][safepoint   ] Safepoint "Cleanup", Time since last: 1004002904 ns, Reaching safepoint: 10649 ns, Cleanup: 278026 ns, At safepoint: 31797 ns, Total: 320472 ns
[2025-01-17T13:23:43.676+0000][77][info ][safepoint   ] Safepoint "Cleanup", Time since last: 1007031515 ns, Reaching safepoint: 56174 ns, Cleanup: 316747 ns, At safepoint: 16227 ns, Total: 389148 ns
[2025-01-17T13:23:45.678+0000][77][info ][safepoint   ] Safepoint "Cleanup", Time since last: 2000805326 ns, Reaching safepoint: 26103 ns, Cleanup: 257281 ns, At safepoint: 9651 ns, Total: 293035 ns
[2025-01-17T13:23:46.678+0000][77][info ][safepoint   ] Safepoint "Cleanup", Time since last: 1000545351 ns, Reaching safepoint: 30189 ns, Cleanup: 272823 ns, At safepoint: 7953 ns, Total: 310965 ns
[2025-01-17T13:23:47.680+0000][77][info ][safepoint   ] Safepoint "Cleanup", Time since last: 1000723343 ns, Reaching safepoint: 28173 ns, Cleanup: 325652 ns, At safepoint: 30931 ns, Total: 384756 ns
[2025-01-17T13:23:48.684+0000][77][info ][safepoint   ] Safepoint "Cleanup", Time since last: 1004353952 ns, Reaching safepoint: 9685 ns, Cleanup: 260717 ns, At safepoint: 21834 ns, Total: 292236 ns
[2025-01-17T13:23:49.690+0000][77][info ][safepoint   ] Safepoint "Cleanup", Time since last: 1005768588 ns, Reaching safepoint: 26496 ns, Cleanup: 281568 ns, At safepoint: 10294 ns, Total: 318358 ns
[2025-01-17T13:23:50.701+0000][77][info ][safepoint   ] Safepoint "Cleanup", Time since last: 1010366947 ns, Reaching safepoint: 37599 ns, Cleanup: 540786 ns, At safepoint: 75294 ns, Total: 653679 ns
[2025-01-17T13:23:51.703+0000][77][info ][safepoint   ] Safepoint "Cleanup", Time since last: 1001596180 ns, Reaching safepoint: 103522 ns, Cleanup: 412450 ns, At safepoint: 13506 ns, Total: 529478 ns
[2025-01-17T13:23:52.705+0000][77][info ][safepoint   ] Safepoint "Cleanup", Time since last: 1001123256 ns, Reaching safepoint: 152690 ns, Cleanup: 536162 ns, At safepoint: 32731 ns, Total: 721583 ns
[2025-01-17T13:23:54.241+0000][77][info ][safepoint   ] Safepoint "Cleanup", Time since last: 1535377001 ns, Reaching safepoint: 11418 ns, Cleanup: 267112 ns, At safepoint: 34160 ns, Total: 312690 ns
[2025-01-17T13:23:55.714+0000][77][info ][safepoint   ] Safepoint "Cleanup", Time since last: 1472816638 ns, Reaching safepoint: 11554 ns, Cleanup: 313633 ns, At safepoint: 25204 ns, Total: 350391 ns
[2025-01-17T13:23:56.722+0000][77][info ][safepoint   ] Safepoint "Cleanup", Time since last: 1007126391 ns, Reaching safepoint: 27118 ns, Cleanup: 290717 ns, At safepoint: 12134 ns, Total: 329969 ns
[2025-01-17T13:23:58.244+0000][77][info ][safepoint   ] Safepoint "Cleanup", Time since last: 1522318180 ns, Reaching safepoint: 30008 ns, Cleanup: 268575 ns, At safepoint: 9364 ns, Total: 307947 ns
[2025-01-17T13:24:00.254+0000][77][info ][safepoint   ] Safepoint "Cleanup", Time since last: 2009319835 ns, Reaching safepoint: 10221 ns, Cleanup: 253982 ns, At safepoint: 66915 ns, Total: 331118 ns
[2025-01-17T13:24:01.741+0000][77][info ][safepoint   ] Safepoint "Cleanup", Time since last: 1486359529 ns, Reaching safepoint: 9509 ns, Cleanup: 338974 ns, At safepoint: 23540 ns, Total: 372023 ns
[2025-01-17T13:24:03.741+0000][77][info ][safepoint   ] Safepoint "Cleanup", Time since last: 2003806809 ns, Reaching safepoint: 35981 ns, Cleanup: 287058 ns, At safepoint: 10675 ns, Total: 333714 ns
[2025-01-17T13:24:04.742+0000][77][info ][safepoint   ] Safepoint "Cleanup", Time since last: 1000840843 ns, Reaching safepoint: 24554 ns, Cleanup: 291980 ns, At safepoint: 25251 ns, Total: 341785 ns
[2025-01-17T13:24:06.231+0000][77][info ][safepoint   ] Safepoint "Cleanup", Time since last: 1488833349 ns, Reaching safepoint: 9500 ns, Cleanup: 316513 ns, At safepoint: 54979 ns, Total: 380992 ns
[2025-01-17T13:24:07.752+0000][77][info ][safepoint   ] Safepoint "Cleanup", Time since last: 1520338363 ns, Reaching safepoint: 29685 ns, Cleanup: 304143 ns, At safepoint: 17775 ns, Total: 351603 ns
[2025-01-17T13:24:08.753+0000][77][info ][safepoint   ] Safepoint "Cleanup", Time since last: 1000638235 ns, Reaching safepoint: 29672 ns, Cleanup: 278680 ns, At safepoint: 10786 ns, Total: 319138 ns
[2025-01-17T13:24:09.756+0000][77][info ][safepoint   ] Safepoint "Cleanup", Time since last: 1002243673 ns, Reaching safepoint: 24854 ns, Cleanup: 266469 ns, At safepoint: 6588 ns, Total: 297911 ns
[2025-01-17T13:24:10.757+0000][77][info ][safepoint   ] Safepoint "Cleanup", Time since last: 1001399151 ns, Reaching safepoint: 25937 ns, Cleanup: 259374 ns, At safepoint: 8582 ns, Total: 293893 ns
[2025-01-17T13:24:11.758+0000][77][info ][safepoint   ] Safepoint "Cleanup", Time since last: 1000636950 ns, Reaching safepoint: 30975 ns, Cleanup: 342669 ns, At safepoint: 17202 ns, Total: 390846 ns
[2025-01-17T13:24:12.763+0000][77][info ][safepoint   ] Safepoint "Cleanup", Time since last: 1004156763 ns, Reaching safepoint: 9466 ns, Cleanup: 403404 ns, At safepoint: 25195 ns, Total: 438065 ns
[2025-01-17T13:24:13.771+0000][77][info ][safepoint   ] Safepoint "Cleanup", Time since last: 1007252184 ns, Reaching safepoint: 52090 ns, Cleanup: 315841 ns, At safepoint: 10502 ns, Total: 378433 ns
[2025-01-17T13:24:14.772+0000][77][info ][safepoint   ] Safepoint "Cleanup", Time since last: 1001006715 ns, Reaching safepoint: 174223 ns, Cleanup: 342167 ns, At safepoint: 44247 ns, Total: 560637 ns
[2025-01-17T13:24:15.773+0000][77][info ][safepoint   ] Safepoint "Cleanup", Time since last: 1000886729 ns, Reaching safepoint: 29241 ns, Cleanup: 301504 ns, At safepoint: 40861 ns, Total: 371606 ns
[2025-01-17T13:24:17.781+0000][77][info ][safepoint   ] Safepoint "Cleanup", Time since last: 2006955532 ns, Reaching safepoint: 27197 ns, Cleanup: 283907 ns, At safepoint: 10731 ns, Total: 321835 ns
[2025-01-17T13:24:18.782+0000][77][info ][safepoint   ] Safepoint "Cleanup", Time since last: 1000617819 ns, Reaching safepoint: 32047 ns, Cleanup: 271227 ns, At safepoint: 20609 ns, Total: 323883 ns
[2025-01-17T13:24:19.785+0000][77][info ][safepoint   ] Safepoint "Cleanup", Time since last: 1003477007 ns, Reaching safepoint: 33004 ns, Cleanup: 272575 ns, At safepoint: 10604 ns, Total: 316183 ns
[2025-01-17T13:24:20.786+0000][77][info ][safepoint   ] Safepoint "Cleanup", Time since last: 1000707268 ns, Reaching safepoint: 29150 ns, Cleanup: 282788 ns, At safepoint: 10080 ns, Total: 322018 ns
[2025-01-17T13:24:21.787+0000][77][info ][safepoint   ] Safepoint "Cleanup", Time since last: 1000573217 ns, Reaching safepoint: 28841 ns, Cleanup: 271030 ns, At safepoint: 11309 ns, Total: 311180 ns
[2025-01-17T13:24:22.788+0000][77][info ][safepoint   ] Safepoint "Cleanup", Time since last: 1000679947 ns, Reaching safepoint: 27224 ns, Cleanup: 336905 ns, At safepoint: 43583 ns, Total: 407712 ns
[2025-01-17T13:24:24.241+0000][77][info ][safepoint   ] Safepoint "Cleanup", Time since last: 1451574192 ns, Reaching safepoint: 105367 ns, Cleanup: 322553 ns, At safepoint: 67350 ns, Total: 495270 ns
[2025-01-17T13:24:25.806+0000][77][info ][safepoint   ] Safepoint "Cleanup", Time since last: 1565078800 ns, Reaching safepoint: 34664 ns, Cleanup: 383146 ns, At safepoint: 77057 ns, Total: 494867 ns
[2025-01-17T13:24:26.807+0000][77][info ][safepoint   ] Safepoint "Cleanup", Time since last: 1000613782 ns, Reaching safepoint: 26246 ns, Cleanup: 272041 ns, At safepoint: 7580 ns, Total: 305867 ns
[2025-01-17T13:24:28.704+0000][77][info ][safepoint   ] Safepoint "Cleanup", Time since last: 1896316600 ns, Reaching safepoint: 26194 ns, Cleanup: 259365 ns, At safepoint: 7763 ns, Total: 293322 ns
[2025-01-17T13:24:30.239+0000][77][info ][safepoint   ] Safepoint "Cleanup", Time since last: 1535382028 ns, Reaching safepoint: 22600 ns, Cleanup: 261440 ns, At safepoint: 21704 ns, Total: 305744 ns
[2025-01-17T13:24:31.834+0000][77][info ][safepoint   ] Safepoint "Cleanup", Time since last: 1594030950 ns, Reaching safepoint: 10420 ns, Cleanup: 314794 ns, At safepoint: 21979 ns, Total: 347193 ns
[2025-01-17T13:24:32.847+0000][77][info ][safepoint   ] Safepoint "Cleanup", Time since last: 1012047351 ns, Reaching safepoint: 154466 ns, Cleanup: 715652 ns, At safepoint: 76612 ns, Total: 946730 ns
[2025-01-17T13:24:33.849+0000][77][info ][safepoint   ] Safepoint "Cleanup", Time since last: 1005656796 ns, Reaching safepoint: 36346 ns, Cleanup: 361739 ns, At safepoint: 11969 ns, Total: 410054 ns
[2025-01-17T13:24:36.237+0000][77][info ][safepoint   ] Safepoint "Cleanup", Time since last: 2387865197 ns, Reaching safepoint: 10462 ns, Cleanup: 297795 ns, At safepoint: 45590 ns, Total: 353847 ns
[2025-01-17T13:24:37.861+0000][77][info ][safepoint   ] Safepoint "Cleanup", Time since last: 1623144437 ns, Reaching safepoint: 27126 ns, Cleanup: 290458 ns, At safepoint: 10921 ns, Total: 328505 ns
[2025-01-17T13:24:39.865+0000][77][info ][safepoint   ] Safepoint "Cleanup", Time since last: 2003249137 ns, Reaching safepoint: 28727 ns, Cleanup: 331980 ns, At safepoint: 14638 ns, Total: 375345 ns
[2025-01-17T13:24:42.245+0000][77][info ][safepoint   ] Safepoint "Cleanup", Time since last: 2379643845 ns, Reaching safepoint: 12234 ns, Cleanup: 357428 ns, At safepoint: 45650 ns, Total: 415312 ns
[2025-01-17T13:24:43.877+0000][77][info ][safepoint   ] Safepoint "Cleanup", Time since last: 1631641386 ns, Reaching safepoint: 25956 ns, Cleanup: 272327 ns, At safepoint: 10671 ns, Total: 308954 ns
[2025-01-17T13:24:45.878+0000][77][info ][safepoint   ] Safepoint "Cleanup", Time since last: 2001106123 ns, Reaching safepoint: 78616 ns, Cleanup: 583420 ns, At safepoint: 16539 ns, Total: 678575 ns
[2025-01-17T13:24:48.236+0000][77][info ][safepoint   ] Safepoint "Cleanup", Time since last: 2357060995 ns, Reaching safepoint: 9638 ns, Cleanup: 262084 ns, At safepoint: 19217 ns, Total: 290939 ns
[2025-01-17T13:24:49.901+0000][77][info ][safepoint   ] Safepoint "Cleanup", Time since last: 1664900219 ns, Reaching safepoint: 40371 ns, Cleanup: 563000 ns, At safepoint: 15530 ns, Total: 618901 ns
[2025-01-17T13:24:51.904+0000][77][info ][safepoint   ] Safepoint "Cleanup", Time since last: 2002065331 ns, Reaching safepoint: 37302 ns, Cleanup: 473559 ns, At safepoint: 14783 ns, Total: 525644 ns
[2025-01-17T13:24:52.907+0000][77][info ][safepoint   ] Safepoint "Cleanup", Time since last: 1003098496 ns, Reaching safepoint: 39471 ns, Cleanup: 526589 ns, At safepoint: 15840 ns, Total: 581900 ns
[2025-01-17T13:24:54.237+0000][77][info ][safepoint   ] Safepoint "Cleanup", Time since last: 1329593239 ns, Reaching safepoint: 8992 ns, Cleanup: 259408 ns, At safepoint: 19781 ns, Total: 288181 ns
[2025-01-17T13:24:55.924+0000][77][info ][safepoint   ] Safepoint "Cleanup", Time since last: 1686753212 ns, Reaching safepoint: 31876 ns, Cleanup: 294026 ns, At safepoint: 11774 ns, Total: 337676 ns
[2025-01-17T13:24:56.925+0000][77][info ][safepoint   ] Safepoint "Cleanup", Time since last: 1000585236 ns, Reaching safepoint: 35625 ns, Cleanup: 392804 ns, At safepoint: 13738 ns, Total: 442167 ns
[2025-01-17T13:24:57.927+0000][77][info ][safepoint   ] Safepoint "Cleanup", Time since last: 1001113024 ns, Reaching safepoint: 28489 ns, Cleanup: 288808 ns, At safepoint: 10443 ns, Total: 327740 ns
[2025-01-17T13:24:59.928+0000][77][info ][safepoint   ] Safepoint "Cleanup", Time since last: 2001008178 ns, Reaching safepoint: 36654 ns, Cleanup: 464995 ns, At safepoint: 16352 ns, Total: 518001 ns
[2025-01-17T13:25:00.935+0000][77][info ][safepoint   ] Safepoint "Cleanup", Time since last: 1006374582 ns, Reaching safepoint: 9910 ns, Cleanup: 260164 ns, At safepoint: 35396 ns, Total: 305470 ns
[2025-01-17T13:25:01.952+0000][77][info ][safepoint   ] Safepoint "Cleanup", Time since last: 1016545203 ns, Reaching safepoint: 41318 ns, Cleanup: 525412 ns, At safepoint: 15256 ns, Total: 581986 ns
[2025-01-17T13:25:02.956+0000][77][info ][safepoint   ] Safepoint "Cleanup", Time since last: 1003774794 ns, Reaching safepoint: 26395 ns, Cleanup: 341454 ns, At safepoint: 15875 ns, Total: 383724 ns
[2025-01-17T13:25:03.954+0000][77][info ][safepoint   ] Safepoint "Cleanup", Time since last: 1001146538 ns, Reaching safepoint: 25108 ns, Cleanup: 292985 ns, At safepoint: 8612 ns, Total: 326705 ns
[2025-01-17T13:25:06.228+0000][77][info ][safepoint   ] Safepoint "Cleanup", Time since last: 2273903429 ns, Reaching safepoint: 9365 ns, Cleanup: 262392 ns, At safepoint: 20556 ns, Total: 292313 ns
[2025-01-17T13:25:07.967+0000][77][info ][safepoint   ] Safepoint "Cleanup", Time since last: 1739070444 ns, Reaching safepoint: 26802 ns, Cleanup: 242542 ns, At safepoint: 7012 ns, Total: 276356 ns
[2025-01-17T13:25:09.082+0000][77][info ][safepoint   ] Safepoint "Cleanup", Time since last: 1114198528 ns, Reaching safepoint: 26520 ns, Cleanup: 227964 ns, At safepoint: 30151 ns, Total: 284635 ns
[2025-01-17T13:25:10.117+0000][77][info ][safepoint   ] Safepoint "Cleanup", Time since last: 1035030670 ns, Reaching safepoint: 7432 ns, Cleanup: 230949 ns, At safepoint: 19814 ns, Total: 258195 ns
[2025-01-17T13:25:11.250+0000][77][info ][safepoint   ] Safepoint "Cleanup", Time since last: 1132211091 ns, Reaching safepoint: 39224 ns, Cleanup: 327894 ns, At safepoint: 5228 ns, Total: 372346 ns
[2025-01-17T13:25:12.006+0000][77][info ][gc,heap,exit] Heap
[2025-01-17T13:25:12.007+0000][77][info ][gc,heap,exit]  garbage-first heap   total 3473408K, used 791663K [0x000000072c000000, 0x0000000800000000)
[2025-01-17T13:25:12.008+0000][77][info ][gc,heap,exit]   region size 4096K, 151 young (618496K), 3 survivors (12288K)
[2025-01-17T13:25:12.008+0000][77][info ][gc,heap,exit]  Metaspace       used 141042K, committed 144960K, reserved 1179648K
[2025-01-17T13:25:12.009+0000][77][info ][gc,heap,exit]   class space    used 18721K, committed 20544K, reserved 1048576K
