[2025-01-17T08:05:26.849+0000][79][info][gc,init] CardTable entry size: 512
[2025-01-17T08:05:26.850+0000][79][info][gc     ] Using G1
[2025-01-17T08:05:35.795+0000][79][info][gc,init] Version: 20.0.2+9-78 (release)
[2025-01-17T08:05:35.796+0000][79][info][gc,init] CPUs: 24 total, 24 available
[2025-01-17T08:05:35.796+0000][79][info][gc,init] Memory: 6781M
[2025-01-17T08:05:35.797+0000][79][info][gc,init] Large Page Support: Disabled
[2025-01-17T08:05:35.797+0000][79][info][gc,init] NUMA Support: Disabled
[2025-01-17T08:05:35.797+0000][79][info][gc,init] Compressed Oops: Enabled (Zero based)
[2025-01-17T08:05:35.797+0000][79][info][gc,init] Heap Region Size: 4M
[2025-01-17T08:05:35.798+0000][79][info][gc,init] Heap Min Capacity: 3392M
[2025-01-17T08:05:35.799+0000][79][info][gc,init] Heap Initial Capacity: 3392M
[2025-01-17T08:05:35.799+0000][79][info][gc,init] Heap Max Capacity: 3392M
[2025-01-17T08:05:35.799+0000][79][info][gc,init] Pre-touch: Enabled
[2025-01-17T08:05:35.799+0000][79][info][gc,init] Parallel Workers: 18
[2025-01-17T08:05:35.800+0000][79][info][gc,init] Concurrent Workers: 5
[2025-01-17T08:05:35.800+0000][79][info][gc,init] Concurrent Refinement Workers: 18
[2025-01-17T08:05:35.800+0000][79][info][gc,init] Periodic GC: Disabled
[2025-01-17T08:05:36.066+0000][79][info][gc,metaspace] CDS archive(s) mapped at: [0x00007fc8c3000000-0x00007fc8c3c7b000-0x00007fc8c3c7b000), size 13086720, SharedBaseAddress: 0x00007fc8c3000000, ArchiveRelocationMode: 1.
[2025-01-17T08:05:36.066+0000][79][info][gc,metaspace] Compressed class space mapped at: 0x00007fc8c4000000-0x00007fc904000000, reserved size: 1073741824
[2025-01-17T08:05:36.067+0000][79][info][gc,metaspace] Narrow klass base: 0x00007fc8c3000000, Narrow klass shift: 0, Narrow klass range: 0x100000000
[2025-01-17T08:05:36.685+0000][79][info][safepoint   ] Safepoint "ICBufferFull", Time since last: 540259501 ns, Reaching safepoint: 3231665 ns, Cleanup: 230332 ns, At safepoint: 209302 ns, Total: 3671299 ns
[2025-01-17T08:05:37.217+0000][79][info][safepoint   ] Safepoint "ICBufferFull", Time since last: 531776258 ns, Reaching safepoint: 3438 ns, Cleanup: 177776 ns, At safepoint: 33737 ns, Total: 214951 ns
[2025-01-17T08:05:38.501+0000][79][info][safepoint   ] Safepoint "Cleanup", Time since last: 1283494911 ns, Reaching safepoint: 9443 ns, Cleanup: 259910 ns, At safepoint: 49498 ns, Total: 318851 ns
[2025-01-17T08:05:39.612+0000][79][info][safepoint   ] Safepoint "Cleanup", Time since last: 1110244275 ns, Reaching safepoint: 110222 ns, Cleanup: 140976 ns, At safepoint: 41379 ns, Total: 292577 ns
[2025-01-17T08:05:40.266+0000][79][info][safepoint   ] Safepoint "ICBufferFull", Time since last: 653760379 ns, Reaching safepoint: 3610 ns, Cleanup: 209048 ns, At safepoint: 26223 ns, Total: 238881 ns
[2025-01-17T08:05:40.513+0000][79][info][gc,start    ] GC(0) Pause Young (Normal) (G1 Evacuation Pause)
[2025-01-17T08:05:40.514+0000][79][info][gc,task     ] GC(0) Using 18 workers of 18 for evacuation
[2025-01-17T08:05:40.514+0000][79][debug][gc,age      ] GC(0) Desired survivor size 12582912 bytes, new threshold 15 (max threshold 15)
[2025-01-17T08:05:40.521+0000][79][info ][gc,phases   ] GC(0)   Pre Evacuate Collection Set: 0.4ms
[2025-01-17T08:05:40.521+0000][79][info ][gc,phases   ] GC(0)   Merge Heap Roots: 0.2ms
[2025-01-17T08:05:40.521+0000][79][info ][gc,phases   ] GC(0)   Evacuate Collection Set: 3.3ms
[2025-01-17T08:05:40.522+0000][79][info ][gc,phases   ] GC(0)   Post Evacuate Collection Set: 1.8ms
[2025-01-17T08:05:40.522+0000][79][info ][gc,phases   ] GC(0)   Other: 0.9ms
[2025-01-17T08:05:40.522+0000][79][trace][gc,age      ] GC(0) Age table with threshold 15 (max threshold 15)
[2025-01-17T08:05:40.522+0000][79][trace][gc,age      ] GC(0) - age   1:   10651000 bytes,   10651000 total
[2025-01-17T08:05:40.523+0000][79][info ][gc,heap     ] GC(0) Eden regions: 42->0(39)
[2025-01-17T08:05:40.523+0000][79][info ][gc,heap     ] GC(0) Survivor regions: 0->3(6)
[2025-01-17T08:05:40.523+0000][79][info ][gc,heap     ] GC(0) Old regions: 0->0
[2025-01-17T08:05:40.523+0000][79][info ][gc,heap     ] GC(0) Archive regions: 2->2
[2025-01-17T08:05:40.524+0000][79][info ][gc,heap     ] GC(0) Humongous regions: 0->0
[2025-01-17T08:05:40.524+0000][79][info ][gc,metaspace] GC(0) Metaspace: 19914K(20416K)->19914K(20416K) NonClass: 17779K(18048K)->17779K(18048K) Class: 2134K(2368K)->2134K(2368K)
[2025-01-17T08:05:40.524+0000][79][info ][gc          ] GC(0) Pause Young (Normal) (G1 Evacuation Pause) 171M->14M(3392M) 10.904ms
[2025-01-17T08:05:40.524+0000][79][info ][gc,cpu      ] GC(0) User=0.05s Sys=0.00s Real=0.02s
[2025-01-17T08:05:40.525+0000][79][info ][safepoint   ] Safepoint "G1CollectForAllocation", Time since last: 247012746 ns, Reaching safepoint: 5404 ns, Cleanup: 244167 ns, At safepoint: 11587038 ns, Total: 11836609 ns
[2025-01-17T08:05:40.851+0000][79][info ][gc,start    ] GC(1) Pause Young (Concurrent Start) (Metadata GC Threshold)
[2025-01-17T08:05:40.851+0000][79][info ][gc,task     ] GC(1) Using 18 workers of 18 for evacuation
[2025-01-17T08:05:40.851+0000][79][debug][gc,age      ] GC(1) Desired survivor size 12582912 bytes, new threshold 15 (max threshold 15)
[2025-01-17T08:05:40.857+0000][79][info ][gc,phases   ] GC(1)   Pre Evacuate Collection Set: 0.4ms
[2025-01-17T08:05:40.858+0000][79][info ][gc,phases   ] GC(1)   Merge Heap Roots: 0.2ms
[2025-01-17T08:05:40.858+0000][79][info ][gc,phases   ] GC(1)   Evacuate Collection Set: 3.2ms
[2025-01-17T08:05:40.858+0000][79][info ][gc,phases   ] GC(1)   Post Evacuate Collection Set: 1.8ms
[2025-01-17T08:05:40.858+0000][79][info ][gc,phases   ] GC(1)   Other: 0.5ms
[2025-01-17T08:05:40.859+0000][79][trace][gc,age      ] GC(1) Age table with threshold 15 (max threshold 15)
[2025-01-17T08:05:40.859+0000][79][trace][gc,age      ] GC(1) - age   1:    2180704 bytes,    2180704 total
[2025-01-17T08:05:40.859+0000][79][trace][gc,age      ] GC(1) - age   2:    9042768 bytes,   11223472 total
[2025-01-17T08:05:40.859+0000][79][info ][gc,heap     ] GC(1) Eden regions: 27->0(45)
[2025-01-17T08:05:40.860+0000][79][info ][gc,heap     ] GC(1) Survivor regions: 3->3(6)
[2025-01-17T08:05:40.860+0000][79][info ][gc,heap     ] GC(1) Old regions: 0->0
[2025-01-17T08:05:40.861+0000][79][info ][gc,heap     ] GC(1) Archive regions: 2->2
[2025-01-17T08:05:40.861+0000][79][info ][gc,heap     ] GC(1) Humongous regions: 0->0
[2025-01-17T08:05:40.861+0000][79][info ][gc,metaspace] GC(1) Metaspace: 20995K(21504K)->20995K(21504K) NonClass: 18778K(19072K)->18778K(19072K) Class: 2217K(2432K)->2217K(2432K)
[2025-01-17T08:05:40.862+0000][79][info ][gc          ] GC(1) Pause Young (Concurrent Start) (Metadata GC Threshold) 122M->15M(3392M) 11.170ms
[2025-01-17T08:05:40.862+0000][79][info ][gc,cpu      ] GC(1) User=0.04s Sys=0.00s Real=0.01s
[2025-01-17T08:05:40.862+0000][79][info ][gc          ] GC(2) Concurrent Mark Cycle
[2025-01-17T08:05:40.863+0000][79][info ][gc,marking  ] GC(2) Concurrent Scan Root Regions
[2025-01-17T08:05:40.863+0000][79][info ][safepoint   ] Safepoint "CollectForMetadataAllocation", Time since last: 325741574 ns, Reaching safepoint: 4402 ns, Cleanup: 279822 ns, At safepoint: 12143345 ns, Total: 12427569 ns
[2025-01-17T08:05:40.866+0000][79][info ][gc,marking  ] GC(2) Concurrent Scan Root Regions 3.317ms
[2025-01-17T08:05:40.867+0000][79][info ][gc,marking  ] GC(2) Concurrent Mark
[2025-01-17T08:05:40.867+0000][79][info ][gc,marking  ] GC(2) Concurrent Mark From Roots
[2025-01-17T08:05:40.869+0000][79][info ][gc,task     ] GC(2) Using 5 workers of 5 for marking
[2025-01-17T08:05:40.870+0000][79][info ][gc,marking  ] GC(2) Concurrent Mark From Roots 3.167ms
[2025-01-17T08:05:40.870+0000][79][info ][gc,marking  ] GC(2) Concurrent Preclean
[2025-01-17T08:05:40.871+0000][79][info ][gc,marking  ] GC(2) Concurrent Preclean 0.293ms
[2025-01-17T08:05:40.871+0000][79][info ][gc,start    ] GC(2) Pause Remark
[2025-01-17T08:05:40.874+0000][79][info ][gc          ] GC(2) Pause Remark 17M->17M(3392M) 2.982ms
[2025-01-17T08:05:40.875+0000][79][info ][gc,cpu      ] GC(2) User=0.02s Sys=0.00s Real=0.01s
[2025-01-17T08:05:40.875+0000][79][info ][safepoint   ] Safepoint "G1PauseRemark", Time since last: 8354650 ns, Reaching safepoint: 3952 ns, Cleanup: 290405 ns, At safepoint: 3855976 ns, Total: 4150333 ns
[2025-01-17T08:05:40.876+0000][79][info ][gc,marking  ] GC(2) Concurrent Mark 8.988ms
[2025-01-17T08:05:40.876+0000][79][info ][gc,marking  ] GC(2) Concurrent Rebuild Remembered Sets and Scrub Regions
[2025-01-17T08:05:40.877+0000][79][info ][gc,marking  ] GC(2) Concurrent Rebuild Remembered Sets and Scrub Regions 0.625ms
[2025-01-17T08:05:40.877+0000][79][info ][gc,start    ] GC(2) Pause Cleanup
[2025-01-17T08:05:40.878+0000][79][info ][gc          ] GC(2) Pause Cleanup 17M->17M(3392M) 0.248ms
[2025-01-17T08:05:40.878+0000][79][info ][gc,cpu      ] GC(2) User=0.00s Sys=0.00s Real=0.00s
[2025-01-17T08:05:40.878+0000][79][info ][safepoint   ] Safepoint "G1PauseCleanup", Time since last: 1754742 ns, Reaching safepoint: 92837 ns, Cleanup: 249000 ns, At safepoint: 698704 ns, Total: 1040541 ns
[2025-01-17T08:05:40.878+0000][79][info ][gc,marking  ] GC(2) Concurrent Clear Claimed Marks
[2025-01-17T08:05:40.879+0000][79][info ][gc,marking  ] GC(2) Concurrent Clear Claimed Marks 0.238ms
[2025-01-17T08:05:40.879+0000][79][info ][gc,marking  ] GC(2) Concurrent Cleanup for Next Mark
[2025-01-17T08:05:40.881+0000][79][info ][gc,marking  ] GC(2) Concurrent Cleanup for Next Mark 1.799ms
[2025-01-17T08:05:40.881+0000][79][info ][gc          ] GC(2) Concurrent Mark Cycle 18.668ms
[2025-01-17T08:05:41.390+0000][79][info ][safepoint   ] Safepoint "ICBufferFull", Time since last: 511678763 ns, Reaching safepoint: 4241 ns, Cleanup: 283797 ns, At safepoint: 15385 ns, Total: 303423 ns
[2025-01-17T08:05:41.686+0000][79][info ][gc,start    ] GC(3) Pause Young (Normal) (G1 Evacuation Pause)
[2025-01-17T08:05:41.686+0000][79][info ][gc,task     ] GC(3) Using 18 workers of 18 for evacuation
[2025-01-17T08:05:41.687+0000][79][debug][gc,age      ] GC(3) Desired survivor size 12582912 bytes, new threshold 15 (max threshold 15)
[2025-01-17T08:05:41.693+0000][79][info ][gc,phases   ] GC(3)   Pre Evacuate Collection Set: 0.3ms
[2025-01-17T08:05:41.694+0000][79][info ][gc,phases   ] GC(3)   Merge Heap Roots: 0.3ms
[2025-01-17T08:05:41.694+0000][79][info ][gc,phases   ] GC(3)   Evacuate Collection Set: 3.8ms
[2025-01-17T08:05:41.694+0000][79][info ][gc,phases   ] GC(3)   Post Evacuate Collection Set: 2.1ms
[2025-01-17T08:05:41.695+0000][79][info ][gc,phases   ] GC(3)   Other: 1.0ms
[2025-01-17T08:05:41.695+0000][79][trace][gc,age      ] GC(3) Age table with threshold 15 (max threshold 15)
[2025-01-17T08:05:41.695+0000][79][trace][gc,age      ] GC(3) - age   1:    7640976 bytes,    7640976 total
[2025-01-17T08:05:41.696+0000][79][trace][gc,age      ] GC(3) - age   2:    1995448 bytes,    9636424 total
[2025-01-17T08:05:41.696+0000][79][trace][gc,age      ] GC(3) - age   3:    9036384 bytes,   18672808 total
[2025-01-17T08:05:41.696+0000][79][info ][gc,heap     ] GC(3) Eden regions: 45->0(110)
[2025-01-17T08:05:41.697+0000][79][info ][gc,heap     ] GC(3) Survivor regions: 3->5(6)
[2025-01-17T08:05:41.697+0000][79][info ][gc,heap     ] GC(3) Old regions: 0->0
[2025-01-17T08:05:41.697+0000][79][info ][gc,heap     ] GC(3) Archive regions: 2->2
[2025-01-17T08:05:41.698+0000][79][info ][gc,heap     ] GC(3) Humongous regions: 0->0
[2025-01-17T08:05:41.698+0000][79][info ][gc,metaspace] GC(3) Metaspace: 27954K(28608K)->27954K(28608K) NonClass: 24847K(25216K)->24847K(25216K) Class: 3106K(3392K)->3106K(3392K)
[2025-01-17T08:05:41.699+0000][79][info ][gc          ] GC(3) Pause Young (Normal) (G1 Evacuation Pause) 195M->23M(3392M) 12.851ms
[2025-01-17T08:05:41.699+0000][79][info ][gc,cpu      ] GC(3) User=0.05s Sys=0.00s Real=0.01s
[2025-01-17T08:05:41.699+0000][79][info ][safepoint   ] Safepoint "G1CollectForAllocation", Time since last: 295349574 ns, Reaching safepoint: 4614 ns, Cleanup: 245091 ns, At safepoint: 13447484 ns, Total: 13697189 ns
[2025-01-17T08:05:42.289+0000][79][info ][safepoint   ] Safepoint "ICBufferFull", Time since last: 589642619 ns, Reaching safepoint: 4189 ns, Cleanup: 255348 ns, At safepoint: 26924 ns, Total: 286461 ns
[2025-01-17T08:05:43.029+0000][79][info ][safepoint   ] Safepoint "ICBufferFull", Time since last: 739408327 ns, Reaching safepoint: 8267 ns, Cleanup: 653018 ns, At safepoint: 7277 ns, Total: 668562 ns
[2025-01-17T08:05:43.074+0000][79][info ][gc,start    ] GC(4) Pause Young (Normal) (G1 Evacuation Pause)
[2025-01-17T08:05:43.075+0000][79][info ][gc,task     ] GC(4) Using 18 workers of 18 for evacuation
[2025-01-17T08:05:43.075+0000][79][debug][gc,age      ] GC(4) Desired survivor size 31457280 bytes, new threshold 15 (max threshold 15)
[2025-01-17T08:05:43.084+0000][79][info ][gc,phases   ] GC(4)   Pre Evacuate Collection Set: 0.3ms
[2025-01-17T08:05:43.085+0000][79][info ][gc,phases   ] GC(4)   Merge Heap Roots: 0.2ms
[2025-01-17T08:05:43.085+0000][79][info ][gc,phases   ] GC(4)   Evacuate Collection Set: 5.5ms
[2025-01-17T08:05:43.085+0000][79][info ][gc,phases   ] GC(4)   Post Evacuate Collection Set: 2.7ms
[2025-01-17T08:05:43.085+0000][79][info ][gc,phases   ] GC(4)   Other: 0.9ms
[2025-01-17T08:05:43.086+0000][79][trace][gc,age      ] GC(4) Age table with threshold 15 (max threshold 15)
[2025-01-17T08:05:43.086+0000][79][trace][gc,age      ] GC(4) - age   1:    7774544 bytes,    7774544 total
[2025-01-17T08:05:43.086+0000][79][trace][gc,age      ] GC(4) - age   2:    5522312 bytes,   13296856 total
[2025-01-17T08:05:43.086+0000][79][trace][gc,age      ] GC(4) - age   3:    1993640 bytes,   15290496 total
[2025-01-17T08:05:43.087+0000][79][trace][gc,age      ] GC(4) - age   4:    9036112 bytes,   24326608 total
[2025-01-17T08:05:43.087+0000][79][info ][gc,heap     ] GC(4) Eden regions: 110->0(156)
[2025-01-17T08:05:43.087+0000][79][info ][gc,heap     ] GC(4) Survivor regions: 5->7(15)
[2025-01-17T08:05:43.087+0000][79][info ][gc,heap     ] GC(4) Old regions: 0->0
[2025-01-17T08:05:43.088+0000][79][info ][gc,heap     ] GC(4) Archive regions: 2->2
[2025-01-17T08:05:43.088+0000][79][info ][gc,heap     ] GC(4) Humongous regions: 0->0
[2025-01-17T08:05:43.088+0000][79][info ][gc,metaspace] GC(4) Metaspace: 34286K(35008K)->34286K(35008K) NonClass: 30476K(30912K)->30476K(30912K) Class: 3809K(4096K)->3809K(4096K)
[2025-01-17T08:05:43.088+0000][79][info ][gc          ] GC(4) Pause Young (Normal) (G1 Evacuation Pause) 463M->29M(3392M) 14.264ms
[2025-01-17T08:05:43.089+0000][79][info ][gc,cpu      ] GC(4) User=0.06s Sys=0.00s Real=0.01s
[2025-01-17T08:05:43.089+0000][79][info ][safepoint   ] Safepoint "G1CollectForAllocation", Time since last: 44721505 ns, Reaching safepoint: 7690 ns, Cleanup: 383279 ns, At safepoint: 14858966 ns, Total: 15249935 ns
[2025-01-17T08:05:43.816+0000][79][info ][gc,start    ] GC(5) Pause Young (Concurrent Start) (Metadata GC Threshold)
[2025-01-17T08:05:43.817+0000][79][info ][gc,task     ] GC(5) Using 18 workers of 18 for evacuation
[2025-01-17T08:05:43.817+0000][79][debug][gc,age      ] GC(5) Desired survivor size 44040192 bytes, new threshold 15 (max threshold 15)
[2025-01-17T08:05:43.827+0000][79][info ][gc,phases   ] GC(5)   Pre Evacuate Collection Set: 0.7ms
[2025-01-17T08:05:43.827+0000][79][info ][gc,phases   ] GC(5)   Merge Heap Roots: 0.4ms
[2025-01-17T08:05:43.827+0000][79][info ][gc,phases   ] GC(5)   Evacuate Collection Set: 5.9ms
[2025-01-17T08:05:43.828+0000][79][info ][gc,phases   ] GC(5)   Post Evacuate Collection Set: 2.1ms
[2025-01-17T08:05:43.828+0000][79][info ][gc,phases   ] GC(5)   Other: 0.8ms
[2025-01-17T08:05:43.828+0000][79][trace][gc,age      ] GC(5) Age table with threshold 15 (max threshold 15)
[2025-01-17T08:05:43.828+0000][79][trace][gc,age      ] GC(5) - age   1:    3037160 bytes,    3037160 total
[2025-01-17T08:05:43.829+0000][79][trace][gc,age      ] GC(5) - age   2:    7619648 bytes,   10656808 total
[2025-01-17T08:05:43.829+0000][79][trace][gc,age      ] GC(5) - age   3:    5520848 bytes,   16177656 total
[2025-01-17T08:05:43.829+0000][79][trace][gc,age      ] GC(5) - age   4:    1993256 bytes,   18170912 total
[2025-01-17T08:05:43.829+0000][79][trace][gc,age      ] GC(5) - age   5:    9030816 bytes,   27201728 total
[2025-01-17T08:05:43.830+0000][79][info ][gc,heap     ] GC(5) Eden regions: 36->0(247)
[2025-01-17T08:05:43.830+0000][79][info ][gc,heap     ] GC(5) Survivor regions: 7->8(21)
[2025-01-17T08:05:43.830+0000][79][info ][gc,heap     ] GC(5) Old regions: 0->0
[2025-01-17T08:05:43.831+0000][79][info ][gc,heap     ] GC(5) Archive regions: 2->2
[2025-01-17T08:05:43.831+0000][79][info ][gc,heap     ] GC(5) Humongous regions: 0->0
[2025-01-17T08:05:43.831+0000][79][info ][gc,metaspace] GC(5) Metaspace: 35399K(36160K)->35399K(36160K) NonClass: 31440K(31872K)->31440K(31872K) Class: 3958K(4288K)->3958K(4288K)
[2025-01-17T08:05:43.832+0000][79][info ][gc          ] GC(5) Pause Young (Concurrent Start) (Metadata GC Threshold) 173M->32M(3392M) 15.307ms
[2025-01-17T08:05:43.832+0000][79][info ][gc,cpu      ] GC(5) User=0.07s Sys=0.00s Real=0.01s
[2025-01-17T08:05:43.832+0000][79][info ][gc          ] GC(6) Concurrent Mark Cycle
[2025-01-17T08:05:43.832+0000][79][info ][gc,marking  ] GC(6) Concurrent Scan Root Regions
[2025-01-17T08:05:43.835+0000][79][info ][gc,marking  ] GC(6) Concurrent Scan Root Regions 2.278ms
[2025-01-17T08:05:43.835+0000][79][info ][gc,marking  ] GC(6) Concurrent Mark
[2025-01-17T08:05:43.835+0000][79][info ][gc,marking  ] GC(6) Concurrent Mark From Roots
[2025-01-17T08:05:43.836+0000][79][info ][gc,task     ] GC(6) Using 5 workers of 5 for marking
[2025-01-17T08:05:43.841+0000][79][info ][safepoint   ] Safepoint "CollectForMetadataAllocation", Time since last: 726504600 ns, Reaching safepoint: 7154 ns, Cleanup: 643418 ns, At safepoint: 25066155 ns, Total: 25716727 ns
[2025-01-17T08:05:43.842+0000][79][info ][gc,marking  ] GC(6) Concurrent Mark From Roots 6.779ms
[2025-01-17T08:05:43.842+0000][79][info ][gc,marking  ] GC(6) Concurrent Preclean
[2025-01-17T08:05:43.843+0000][79][info ][gc,marking  ] GC(6) Concurrent Preclean 0.295ms
[2025-01-17T08:05:43.843+0000][79][info ][gc,start    ] GC(6) Pause Remark
[2025-01-17T08:05:43.848+0000][79][info ][gc          ] GC(6) Pause Remark 35M->35M(3392M) 4.424ms
[2025-01-17T08:05:43.848+0000][79][info ][gc,cpu      ] GC(6) User=0.01s Sys=0.00s Real=0.01s
[2025-01-17T08:05:43.849+0000][79][info ][safepoint   ] Safepoint "G1PauseRemark", Time since last: 1731119 ns, Reaching safepoint: 104858 ns, Cleanup: 309435 ns, At safepoint: 5139205 ns, Total: 5553498 ns
[2025-01-17T08:05:43.849+0000][79][info ][gc,marking  ] GC(6) Concurrent Mark 13.889ms
[2025-01-17T08:05:43.849+0000][79][info ][gc,marking  ] GC(6) Concurrent Rebuild Remembered Sets and Scrub Regions
[2025-01-17T08:05:43.850+0000][79][info ][gc,marking  ] GC(6) Concurrent Rebuild Remembered Sets and Scrub Regions 0.448ms
[2025-01-17T08:05:43.851+0000][79][info ][gc,start    ] GC(6) Pause Cleanup
[2025-01-17T08:05:43.851+0000][79][info ][gc          ] GC(6) Pause Cleanup 35M->35M(3392M) 0.330ms
[2025-01-17T08:05:43.851+0000][79][info ][gc,cpu      ] GC(6) User=0.00s Sys=0.00s Real=0.00s
[2025-01-17T08:05:43.852+0000][79][info ][safepoint   ] Safepoint "G1PauseCleanup", Time since last: 1516750 ns, Reaching safepoint: 6369 ns, Cleanup: 640032 ns, At safepoint: 1025923 ns, Total: 1672324 ns
[2025-01-17T08:05:43.852+0000][79][info ][gc,marking  ] GC(6) Concurrent Clear Claimed Marks
[2025-01-17T08:05:43.852+0000][79][info ][gc,marking  ] GC(6) Concurrent Clear Claimed Marks 0.360ms
[2025-01-17T08:05:43.853+0000][79][info ][gc,marking  ] GC(6) Concurrent Cleanup for Next Mark
[2025-01-17T08:05:43.855+0000][79][info ][gc,marking  ] GC(6) Concurrent Cleanup for Next Mark 2.204ms
[2025-01-17T08:05:43.855+0000][79][info ][gc          ] GC(6) Concurrent Mark Cycle 23.447ms
[2025-01-17T08:05:44.853+0000][79][info ][safepoint   ] Safepoint "Cleanup", Time since last: 1000413414 ns, Reaching safepoint: 115241 ns, Cleanup: 553297 ns, At safepoint: 27363 ns, Total: 695901 ns
[2025-01-17T08:05:45.660+0000][79][info ][safepoint   ] Safepoint "ICBufferFull", Time since last: 807159281 ns, Reaching safepoint: 5276 ns, Cleanup: 286025 ns, At safepoint: 15970 ns, Total: 307271 ns
[2025-01-17T08:05:46.638+0000][79][info ][safepoint   ] Safepoint "ICBufferFull", Time since last: 977012432 ns, Reaching safepoint: 5055 ns, Cleanup: 270972 ns, At safepoint: 25730 ns, Total: 301757 ns
[2025-01-17T08:05:47.448+0000][79][info ][safepoint   ] Safepoint "ICBufferFull", Time since last: 810354687 ns, Reaching safepoint: 4668 ns, Cleanup: 280422 ns, At safepoint: 3110 ns, Total: 288200 ns
[2025-01-17T08:05:48.110+0000][79][info ][gc,start    ] GC(7) Pause Young (Concurrent Start) (Metadata GC Threshold)
[2025-01-17T08:05:48.111+0000][79][info ][gc,task     ] GC(7) Using 18 workers of 18 for evacuation
[2025-01-17T08:05:48.111+0000][79][debug][gc,age      ] GC(7) Desired survivor size 67108864 bytes, new threshold 15 (max threshold 15)
[2025-01-17T08:05:48.129+0000][79][info ][gc,phases   ] GC(7)   Pre Evacuate Collection Set: 0.5ms
[2025-01-17T08:05:48.130+0000][79][info ][gc,phases   ] GC(7)   Merge Heap Roots: 0.4ms
[2025-01-17T08:05:48.130+0000][79][info ][gc,phases   ] GC(7)   Evacuate Collection Set: 12.7ms
[2025-01-17T08:05:48.130+0000][79][info ][gc,phases   ] GC(7)   Post Evacuate Collection Set: 3.9ms
[2025-01-17T08:05:48.131+0000][79][info ][gc,phases   ] GC(7)   Other: 0.8ms
[2025-01-17T08:05:48.131+0000][79][trace][gc,age      ] GC(7) Age table with threshold 15 (max threshold 15)
[2025-01-17T08:05:48.131+0000][79][trace][gc,age      ] GC(7) - age   1:   29355144 bytes,   29355144 total
[2025-01-17T08:05:48.132+0000][79][trace][gc,age      ] GC(7) - age   2:    2959912 bytes,   32315056 total
[2025-01-17T08:05:48.132+0000][79][trace][gc,age      ] GC(7) - age   3:    7576064 bytes,   39891120 total
[2025-01-17T08:05:48.132+0000][79][trace][gc,age      ] GC(7) - age   4:    5482400 bytes,   45373520 total
[2025-01-17T08:05:48.133+0000][79][trace][gc,age      ] GC(7) - age   5:    1984496 bytes,   47358016 total
[2025-01-17T08:05:48.133+0000][79][trace][gc,age      ] GC(7) - age   6:    8801424 bytes,   56159440 total
[2025-01-17T08:05:48.133+0000][79][info ][gc,heap     ] GC(7) Eden regions: 225->0(296)
[2025-01-17T08:05:48.134+0000][79][info ][gc,heap     ] GC(7) Survivor regions: 8->15(32)
[2025-01-17T08:05:48.134+0000][79][info ][gc,heap     ] GC(7) Old regions: 0->0
[2025-01-17T08:05:48.134+0000][79][info ][gc,heap     ] GC(7) Archive regions: 2->2
[2025-01-17T08:05:48.135+0000][79][info ][gc,heap     ] GC(7) Humongous regions: 0->0
[2025-01-17T08:05:48.135+0000][79][info ][gc,metaspace] GC(7) Metaspace: 58987K(60416K)->58987K(60416K) NonClass: 51826K(52736K)->51826K(52736K) Class: 7161K(7680K)->7161K(7680K)
[2025-01-17T08:05:48.135+0000][79][info ][gc          ] GC(7) Pause Young (Concurrent Start) (Metadata GC Threshold) 932M->61M(3392M) 24.740ms
[2025-01-17T08:05:48.135+0000][79][info ][gc,cpu      ] GC(7) User=0.22s Sys=0.00s Real=0.03s
[2025-01-17T08:05:48.135+0000][79][info ][gc          ] GC(8) Concurrent Mark Cycle
[2025-01-17T08:05:48.136+0000][79][info ][gc,marking  ] GC(8) Concurrent Scan Root Regions
[2025-01-17T08:05:48.136+0000][79][info ][safepoint   ] Safepoint "CollectForMetadataAllocation", Time since last: 661169677 ns, Reaching safepoint: 12243 ns, Cleanup: 838592 ns, At safepoint: 25938911 ns, Total: 26789746 ns
[2025-01-17T08:05:48.145+0000][79][info ][gc,marking  ] GC(8) Concurrent Scan Root Regions 9.252ms
[2025-01-17T08:05:48.146+0000][79][info ][gc,marking  ] GC(8) Concurrent Mark
[2025-01-17T08:05:48.146+0000][79][info ][gc,marking  ] GC(8) Concurrent Mark From Roots
[2025-01-17T08:05:48.147+0000][79][info ][gc,task     ] GC(8) Using 5 workers of 5 for marking
[2025-01-17T08:05:48.148+0000][79][info ][gc,marking  ] GC(8) Concurrent Mark From Roots 1.827ms
[2025-01-17T08:05:48.148+0000][79][info ][gc,marking  ] GC(8) Concurrent Preclean
[2025-01-17T08:05:48.149+0000][79][info ][gc,marking  ] GC(8) Concurrent Preclean 0.392ms
[2025-01-17T08:05:48.150+0000][79][info ][gc,start    ] GC(8) Pause Remark
[2025-01-17T08:05:48.155+0000][79][info ][gc          ] GC(8) Pause Remark 65M->65M(3392M) 4.683ms
[2025-01-17T08:05:48.155+0000][79][info ][gc,cpu      ] GC(8) User=0.02s Sys=0.00s Real=0.01s
[2025-01-17T08:05:48.155+0000][79][info ][safepoint   ] Safepoint "G1PauseRemark", Time since last: 12875988 ns, Reaching safepoint: 118280 ns, Cleanup: 709467 ns, At safepoint: 5459154 ns, Total: 6286901 ns
[2025-01-17T08:05:48.156+0000][79][info ][gc,marking  ] GC(8) Concurrent Mark 9.845ms
[2025-01-17T08:05:48.156+0000][79][info ][gc,marking  ] GC(8) Concurrent Rebuild Remembered Sets and Scrub Regions
[2025-01-17T08:05:48.156+0000][79][info ][gc,marking  ] GC(8) Concurrent Rebuild Remembered Sets and Scrub Regions 0.507ms
[2025-01-17T08:05:48.157+0000][79][info ][gc,start    ] GC(8) Pause Cleanup
[2025-01-17T08:05:48.158+0000][79][info ][gc          ] GC(8) Pause Cleanup 65M->65M(3392M) 0.463ms
[2025-01-17T08:05:48.158+0000][79][info ][gc,cpu      ] GC(8) User=0.00s Sys=0.00s Real=0.00s
[2025-01-17T08:05:48.159+0000][79][info ][safepoint   ] Safepoint "G1PauseCleanup", Time since last: 1405264 ns, Reaching safepoint: 104276 ns, Cleanup: 353806 ns, At safepoint: 1302330 ns, Total: 1760412 ns
[2025-01-17T08:05:48.159+0000][79][info ][gc,marking  ] GC(8) Concurrent Clear Claimed Marks
[2025-01-17T08:05:48.159+0000][79][info ][gc,marking  ] GC(8) Concurrent Clear Claimed Marks 0.481ms
[2025-01-17T08:05:48.160+0000][79][info ][gc,marking  ] GC(8) Concurrent Cleanup for Next Mark
[2025-01-17T08:05:48.163+0000][79][info ][gc,marking  ] GC(8) Concurrent Cleanup for Next Mark 3.051ms
[2025-01-17T08:05:48.163+0000][79][info ][gc          ] GC(8) Concurrent Mark Cycle 27.888ms
[2025-01-17T08:05:49.160+0000][79][info ][safepoint   ] Safepoint "Cleanup", Time since last: 1000508147 ns, Reaching safepoint: 10071 ns, Cleanup: 637442 ns, At safepoint: 134520 ns, Total: 782033 ns
[2025-01-17T08:05:50.161+0000][79][info ][safepoint   ] Safepoint "Cleanup", Time since last: 1000550634 ns, Reaching safepoint: 5144 ns, Cleanup: 313224 ns, At safepoint: 30647 ns, Total: 349015 ns
[2025-01-17T08:05:52.016+0000][79][info ][safepoint   ] Safepoint "Cleanup", Time since last: 1854712663 ns, Reaching safepoint: 3130 ns, Cleanup: 247997 ns, At safepoint: 24347 ns, Total: 275474 ns
[2025-01-17T08:05:52.622+0000][79][info ][gc,start    ] GC(9) Pause Young (Concurrent Start) (Metadata GC Threshold)
[2025-01-17T08:05:52.623+0000][79][info ][gc,task     ] GC(9) Using 18 workers of 18 for evacuation
[2025-01-17T08:05:52.623+0000][79][debug][gc,age      ] GC(9) Desired survivor size 81788928 bytes, new threshold 15 (max threshold 15)
[2025-01-17T08:05:52.647+0000][79][info ][gc,phases   ] GC(9)   Pre Evacuate Collection Set: 0.3ms
[2025-01-17T08:05:52.648+0000][79][info ][gc,phases   ] GC(9)   Merge Heap Roots: 0.3ms
[2025-01-17T08:05:52.648+0000][79][info ][gc,phases   ] GC(9)   Evacuate Collection Set: 17.9ms
[2025-01-17T08:05:52.648+0000][79][info ][gc,phases   ] GC(9)   Post Evacuate Collection Set: 5.0ms
[2025-01-17T08:05:52.648+0000][79][info ][gc,phases   ] GC(9)   Other: 0.8ms
[2025-01-17T08:05:52.649+0000][79][trace][gc,age      ] GC(9) Age table with threshold 15 (max threshold 15)
[2025-01-17T08:05:52.649+0000][79][trace][gc,age      ] GC(9) - age   1:   16684776 bytes,   16684776 total
[2025-01-17T08:05:52.649+0000][79][trace][gc,age      ] GC(9) - age   2:   28838560 bytes,   45523336 total
[2025-01-17T08:05:52.649+0000][79][trace][gc,age      ] GC(9) - age   3:    2954400 bytes,   48477736 total
[2025-01-17T08:05:52.650+0000][79][trace][gc,age      ] GC(9) - age   4:    7549312 bytes,   56027048 total
[2025-01-17T08:05:52.650+0000][79][trace][gc,age      ] GC(9) - age   5:    5467120 bytes,   61494168 total
[2025-01-17T08:05:52.650+0000][79][trace][gc,age      ] GC(9) - age   6:    1981968 bytes,   63476136 total
[2025-01-17T08:05:52.651+0000][79][trace][gc,age      ] GC(9) - age   7:    8774992 bytes,   72251128 total
[2025-01-17T08:05:52.651+0000][79][info ][gc,heap     ] GC(9) Eden regions: 125->0(182)
[2025-01-17T08:05:52.651+0000][79][info ][gc,heap     ] GC(9) Survivor regions: 15->19(39)
[2025-01-17T08:05:52.651+0000][79][info ][gc,heap     ] GC(9) Old regions: 0->0
[2025-01-17T08:05:52.652+0000][79][info ][gc,heap     ] GC(9) Archive regions: 2->2
[2025-01-17T08:05:52.652+0000][79][info ][gc,heap     ] GC(9) Humongous regions: 0->0
[2025-01-17T08:05:52.652+0000][79][info ][gc,metaspace] GC(9) Metaspace: 98928K(100928K)->98928K(100928K) NonClass: 86155K(87296K)->86155K(87296K) Class: 12773K(13632K)->12773K(13632K)
[2025-01-17T08:05:52.652+0000][79][info ][gc          ] GC(9) Pause Young (Concurrent Start) (Metadata GC Threshold) 559M->79M(3392M) 30.042ms
[2025-01-17T08:05:52.653+0000][79][info ][gc,cpu      ] GC(9) User=0.29s Sys=0.00s Real=0.03s
[2025-01-17T08:05:52.653+0000][79][info ][gc          ] GC(10) Concurrent Mark Cycle
[2025-01-17T08:05:52.653+0000][79][info ][gc,marking  ] GC(10) Concurrent Scan Root Regions
[2025-01-17T08:05:52.653+0000][79][info ][safepoint   ] Safepoint "CollectForMetadataAllocation", Time since last: 606053564 ns, Reaching safepoint: 9513 ns, Cleanup: 423020 ns, At safepoint: 30891008 ns, Total: 31323541 ns
[2025-01-17T08:05:52.660+0000][79][info ][gc,marking  ] GC(10) Concurrent Scan Root Regions 6.834ms
[2025-01-17T08:05:52.661+0000][79][info ][gc,marking  ] GC(10) Concurrent Mark
[2025-01-17T08:05:52.661+0000][79][info ][gc,marking  ] GC(10) Concurrent Mark From Roots
[2025-01-17T08:05:52.661+0000][79][info ][gc,task     ] GC(10) Using 5 workers of 5 for marking
[2025-01-17T08:05:52.663+0000][79][info ][gc,marking  ] GC(10) Concurrent Mark From Roots 2.171ms
[2025-01-17T08:05:52.664+0000][79][info ][gc,marking  ] GC(10) Concurrent Preclean
[2025-01-17T08:05:52.664+0000][79][info ][gc,marking  ] GC(10) Concurrent Preclean 0.558ms
[2025-01-17T08:05:52.665+0000][79][info ][gc,start    ] GC(10) Pause Remark
[2025-01-17T08:05:52.670+0000][79][info ][gc          ] GC(10) Pause Remark 84M->84M(3392M) 4.759ms
[2025-01-17T08:05:52.670+0000][79][info ][gc,cpu      ] GC(10) User=0.02s Sys=0.00s Real=0.00s
[2025-01-17T08:05:52.671+0000][79][info ][safepoint   ] Safepoint "G1PauseRemark", Time since last: 11544982 ns, Reaching safepoint: 119825 ns, Cleanup: 468319 ns, At safepoint: 5532393 ns, Total: 6120537 ns
[2025-01-17T08:05:52.671+0000][79][info ][gc,marking  ] GC(10) Concurrent Mark 10.434ms
[2025-01-17T08:05:52.671+0000][79][info ][gc,marking  ] GC(10) Concurrent Rebuild Remembered Sets and Scrub Regions
[2025-01-17T08:05:52.672+0000][79][info ][gc,marking  ] GC(10) Concurrent Rebuild Remembered Sets and Scrub Regions 0.508ms
[2025-01-17T08:05:52.673+0000][79][info ][gc,start    ] GC(10) Pause Cleanup
[2025-01-17T08:05:52.673+0000][79][info ][gc          ] GC(10) Pause Cleanup 84M->84M(3392M) 0.300ms
[2025-01-17T08:05:52.673+0000][79][info ][gc,cpu      ] GC(10) User=0.00s Sys=0.00s Real=0.00s
[2025-01-17T08:05:52.674+0000][79][info ][safepoint   ] Safepoint "G1PauseCleanup", Time since last: 1552072 ns, Reaching safepoint: 210529 ns, Cleanup: 258452 ns, At safepoint: 901827 ns, Total: 1370808 ns
[2025-01-17T08:05:52.674+0000][79][info ][gc,marking  ] GC(10) Concurrent Clear Claimed Marks
[2025-01-17T08:05:52.675+0000][79][info ][gc,marking  ] GC(10) Concurrent Clear Claimed Marks 0.468ms
[2025-01-17T08:05:52.675+0000][79][info ][gc,marking  ] GC(10) Concurrent Cleanup for Next Mark
[2025-01-17T08:05:52.677+0000][79][info ][gc,marking  ] GC(10) Concurrent Cleanup for Next Mark 2.584ms
[2025-01-17T08:05:52.678+0000][79][info ][gc          ] GC(10) Concurrent Mark Cycle 25.342ms
[2025-01-17T08:05:53.972+0000][79][info ][safepoint   ] Safepoint "ICBufferFull", Time since last: 1300791543 ns, Reaching safepoint: 10369 ns, Cleanup: 386898 ns, At safepoint: 31012 ns, Total: 428279 ns
[2025-01-17T08:05:54.240+0000][79][info ][safepoint   ] Safepoint "ICBufferFull", Time since last: 267823108 ns, Reaching safepoint: 105533 ns, Cleanup: 270741 ns, At safepoint: 50444 ns, Total: 426718 ns
[2025-01-17T08:05:55.120+0000][79][info ][safepoint   ] Safepoint "ICBufferFull", Time since last: 879358473 ns, Reaching safepoint: 7801 ns, Cleanup: 262765 ns, At safepoint: 27850 ns, Total: 298416 ns
[2025-01-17T08:05:55.268+0000][79][info ][safepoint   ] Safepoint "ICBufferFull", Time since last: 147663661 ns, Reaching safepoint: 16701 ns, Cleanup: 330556 ns, At safepoint: 23471 ns, Total: 370728 ns
[2025-01-17T08:05:55.392+0000][79][info ][safepoint   ] Safepoint "ICBufferFull", Time since last: 123154458 ns, Reaching safepoint: 8445 ns, Cleanup: 282925 ns, At safepoint: 41526 ns, Total: 332896 ns
[2025-01-17T08:05:55.530+0000][79][info ][safepoint   ] Safepoint "ICBufferFull", Time since last: 138273093 ns, Reaching safepoint: 7416 ns, Cleanup: 301744 ns, At safepoint: 30574 ns, Total: 339734 ns
[2025-01-17T08:05:56.001+0000][79][info ][safepoint   ] Safepoint "ICBufferFull", Time since last: 470141473 ns, Reaching safepoint: 18585 ns, Cleanup: 629175 ns, At safepoint: 126178 ns, Total: 773938 ns
[2025-01-17T08:05:56.621+0000][79][info ][safepoint   ] Safepoint "ICBufferFull", Time since last: 618981152 ns, Reaching safepoint: 15097 ns, Cleanup: 402139 ns, At safepoint: 49956 ns, Total: 467192 ns
[2025-01-17T08:05:58.019+0000][79][info ][safepoint   ] Safepoint "Cleanup", Time since last: 1398015575 ns, Reaching safepoint: 4222 ns, Cleanup: 261046 ns, At safepoint: 14964 ns, Total: 280232 ns
[2025-01-17T08:05:59.258+0000][79][info ][safepoint   ] Safepoint "Cleanup", Time since last: 1238824290 ns, Reaching safepoint: 9067 ns, Cleanup: 279477 ns, At safepoint: 5847 ns, Total: 294391 ns
[2025-01-17T08:06:00.279+0000][79][info ][safepoint   ] Safepoint "ICBufferFull", Time since last: 1020295774 ns, Reaching safepoint: 11139 ns, Cleanup: 252672 ns, At safepoint: 4809 ns, Total: 268620 ns
[2025-01-17T08:06:01.001+0000][79][info ][safepoint   ] Safepoint "ICBufferFull", Time since last: 722397484 ns, Reaching safepoint: 16820 ns, Cleanup: 254686 ns, At safepoint: 28540 ns, Total: 300046 ns
[2025-01-17T08:06:02.002+0000][79][info ][safepoint   ] Safepoint "Cleanup", Time since last: 1000601812 ns, Reaching safepoint: 23064 ns, Cleanup: 403901 ns, At safepoint: 23417 ns, Total: 450382 ns
[2025-01-17T08:06:03.154+0000][79][info ][safepoint   ] Safepoint "ICBufferFull", Time since last: 1151688970 ns, Reaching safepoint: 9605 ns, Cleanup: 273939 ns, At safepoint: 4856 ns, Total: 288400 ns
[2025-01-17T08:06:04.155+0000][79][info ][safepoint   ] Safepoint "Cleanup", Time since last: 1000619751 ns, Reaching safepoint: 13971 ns, Cleanup: 310175 ns, At safepoint: 33871 ns, Total: 358017 ns
[2025-01-17T08:06:04.665+0000][79][info ][safepoint   ] Safepoint "ICBufferFull", Time since last: 499208201 ns, Reaching safepoint: 9759340 ns, Cleanup: 241031 ns, At safepoint: 116795 ns, Total: 10117166 ns
[2025-01-17T08:06:04.666+0000][79][info ][safepoint   ] Safepoint "ICBufferFull", Time since last: 1136543 ns, Reaching safepoint: 87156 ns, Cleanup: 217586 ns, At safepoint: 192478 ns, Total: 497220 ns
[2025-01-17T08:06:04.668+0000][79][info ][safepoint   ] Safepoint "ICBufferFull", Time since last: 826897 ns, Reaching safepoint: 19908 ns, Cleanup: 247738 ns, At safepoint: 209116 ns, Total: 476762 ns
[2025-01-17T08:06:04.669+0000][79][info ][safepoint   ] Safepoint "ICBufferFull", Time since last: 1131986 ns, Reaching safepoint: 99180 ns, Cleanup: 229230 ns, At safepoint: 71993 ns, Total: 400403 ns
[2025-01-17T08:06:04.671+0000][79][info ][safepoint   ] Safepoint "ICBufferFull", Time since last: 1026184 ns, Reaching safepoint: 160321 ns, Cleanup: 241970 ns, At safepoint: 157564 ns, Total: 559855 ns
[2025-01-17T08:06:04.672+0000][79][info ][safepoint   ] Safepoint "ICBufferFull", Time since last: 703260 ns, Reaching safepoint: 7365 ns, Cleanup: 222719 ns, At safepoint: 105671 ns, Total: 335755 ns
[2025-01-17T08:06:04.673+0000][79][info ][safepoint   ] Safepoint "ICBufferFull", Time since last: 570694 ns, Reaching safepoint: 124313 ns, Cleanup: 231015 ns, At safepoint: 136051 ns, Total: 491379 ns
[2025-01-17T08:06:04.674+0000][79][info ][safepoint   ] Safepoint "ICBufferFull", Time since last: 722411 ns, Reaching safepoint: 7035 ns, Cleanup: 199421 ns, At safepoint: 107658 ns, Total: 314114 ns
[2025-01-17T08:06:04.675+0000][79][info ][safepoint   ] Safepoint "ICBufferFull", Time since last: 579794 ns, Reaching safepoint: 91701 ns, Cleanup: 219126 ns, At safepoint: 123119 ns, Total: 433946 ns
[2025-01-17T08:06:04.676+0000][79][info ][safepoint   ] Safepoint "ICBufferFull", Time since last: 627911 ns, Reaching safepoint: 344043 ns, Cleanup: 222048 ns, At safepoint: 139467 ns, Total: 705558 ns
[2025-01-17T08:06:04.678+0000][79][info ][safepoint   ] Safepoint "ICBufferFull", Time since last: 844793 ns, Reaching safepoint: 329392 ns, Cleanup: 243328 ns, At safepoint: 123644 ns, Total: 696364 ns
[2025-01-17T08:06:04.679+0000][79][info ][safepoint   ] Safepoint "ICBufferFull", Time since last: 679455 ns, Reaching safepoint: 183810 ns, Cleanup: 242869 ns, At safepoint: 101810 ns, Total: 528489 ns
[2025-01-17T08:06:04.680+0000][79][info ][safepoint   ] Safepoint "ICBufferFull", Time since last: 631590 ns, Reaching safepoint: 49323 ns, Cleanup: 220273 ns, At safepoint: 103924 ns, Total: 373520 ns
[2025-01-17T08:06:04.681+0000][79][info ][safepoint   ] Safepoint "ICBufferFull", Time since last: 469599 ns, Reaching safepoint: 347030 ns, Cleanup: 219554 ns, At safepoint: 118870 ns, Total: 685454 ns
[2025-01-17T08:06:04.682+0000][79][info ][safepoint   ] Safepoint "ICBufferFull", Time since last: 594620 ns, Reaching safepoint: 163876 ns, Cleanup: 230469 ns, At safepoint: 122772 ns, Total: 517117 ns
[2025-01-17T08:06:04.784+0000][79][info ][safepoint   ] Safepoint "ICBufferFull", Time since last: 101559104 ns, Reaching safepoint: 37523 ns, Cleanup: 379803 ns, At safepoint: 86899 ns, Total: 504225 ns
[2025-01-17T08:06:04.785+0000][79][info ][safepoint   ] Safepoint "ICBufferFull", Time since last: 637897 ns, Reaching safepoint: 62975 ns, Cleanup: 233278 ns, At safepoint: 68967 ns, Total: 365220 ns
[2025-01-17T08:06:05.201+0000][79][info ][safepoint   ] Safepoint "ICBufferFull", Time since last: 414989819 ns, Reaching safepoint: 16278 ns, Cleanup: 260362 ns, At safepoint: 35069 ns, Total: 311709 ns
[2025-01-17T08:06:05.518+0000][79][info ][safepoint   ] Safepoint "ICBufferFull", Time since last: 317304351 ns, Reaching safepoint: 15808 ns, Cleanup: 243880 ns, At safepoint: 6441 ns, Total: 266129 ns
[2025-01-17T08:06:06.038+0000][79][info ][safepoint   ] Safepoint "ICBufferFull", Time since last: 519133168 ns, Reaching safepoint: 67752 ns, Cleanup: 341912 ns, At safepoint: 92682 ns, Total: 502346 ns
[2025-01-17T08:06:06.225+0000][79][info ][gc,start    ] GC(11) Pause Young (Normal) (G1 Evacuation Pause)
[2025-01-17T08:06:06.226+0000][79][info ][gc,task     ] GC(11) Using 18 workers of 18 for evacuation
[2025-01-17T08:06:06.226+0000][79][debug][gc,age      ] GC(11) Desired survivor size 54525952 bytes, new threshold 4 (max threshold 15)
[2025-01-17T08:06:06.269+0000][79][info ][gc,phases   ] GC(11)   Pre Evacuate Collection Set: 0.5ms
[2025-01-17T08:06:06.270+0000][79][info ][gc,phases   ] GC(11)   Merge Heap Roots: 0.3ms
[2025-01-17T08:06:06.270+0000][79][info ][gc,phases   ] GC(11)   Evacuate Collection Set: 36.6ms
[2025-01-17T08:06:06.271+0000][79][info ][gc,phases   ] GC(11)   Post Evacuate Collection Set: 5.3ms
[2025-01-17T08:06:06.271+0000][79][info ][gc,phases   ] GC(11)   Other: 0.8ms
[2025-01-17T08:06:06.271+0000][79][trace][gc,age      ] GC(11) Age table with threshold 4 (max threshold 15)
[2025-01-17T08:06:06.272+0000][79][trace][gc,age      ] GC(11) - age   1:   53812816 bytes,   53812816 total
[2025-01-17T08:06:06.272+0000][79][trace][gc,age      ] GC(11) - age   2:   14683448 bytes,   68496264 total
[2025-01-17T08:06:06.272+0000][79][trace][gc,age      ] GC(11) - age   3:   27588416 bytes,   96084680 total
[2025-01-17T08:06:06.273+0000][79][trace][gc,age      ] GC(11) - age   4:    2928872 bytes,   99013552 total
[2025-01-17T08:06:06.273+0000][79][info ][gc,heap     ] GC(11) Eden regions: 182->0(111)
[2025-01-17T08:06:06.273+0000][79][info ][gc,heap     ] GC(11) Survivor regions: 19->26(26)
[2025-01-17T08:06:06.274+0000][79][info ][gc,heap     ] GC(11) Old regions: 0->7
[2025-01-17T08:06:06.274+0000][79][info ][gc,heap     ] GC(11) Archive regions: 2->2
[2025-01-17T08:06:06.274+0000][79][info ][gc,heap     ] GC(11) Humongous regions: 4->4
[2025-01-17T08:06:06.274+0000][79][info ][gc,metaspace] GC(11) Metaspace: 129944K(133504K)->129944K(133504K) NonClass: 112359K(114176K)->112359K(114176K) Class: 17585K(19328K)->17585K(19328K)
[2025-01-17T08:06:06.275+0000][79][info ][gc          ] GC(11) Pause Young (Normal) (G1 Evacuation Pause) 823M->150M(3392M) 49.662ms
[2025-01-17T08:06:06.275+0000][79][info ][gc,cpu      ] GC(11) User=0.49s Sys=0.00s Real=0.05s
[2025-01-17T08:06:06.276+0000][79][info ][safepoint   ] Safepoint "G1CollectForAllocation", Time since last: 186960667 ns, Reaching safepoint: 130496 ns, Cleanup: 278007 ns, At safepoint: 50526590 ns, Total: 50935093 ns
[2025-01-17T08:06:06.937+0000][79][info ][safepoint   ] Safepoint "ICBufferFull", Time since last: 660636508 ns, Reaching safepoint: 19560 ns, Cleanup: 424429 ns, At safepoint: 49404 ns, Total: 493393 ns
[2025-01-17T08:06:07.809+0000][79][info ][safepoint   ] Safepoint "ICBufferFull", Time since last: 872008068 ns, Reaching safepoint: 14865 ns, Cleanup: 270142 ns, At safepoint: 30253 ns, Total: 315260 ns
[2025-01-17T08:06:08.030+0000][79][info ][safepoint   ] Safepoint "ICBufferFull", Time since last: 219172560 ns, Reaching safepoint: 1387289 ns, Cleanup: 260252 ns, At safepoint: 120119 ns, Total: 1767660 ns
[2025-01-17T08:06:08.344+0000][79][info ][safepoint   ] Safepoint "ICBufferFull", Time since last: 313816124 ns, Reaching safepoint: 24406 ns, Cleanup: 315643 ns, At safepoint: 51678 ns, Total: 391727 ns
[2025-01-17T08:06:09.162+0000][79][info ][safepoint   ] Safepoint "ICBufferFull", Time since last: 817189154 ns, Reaching safepoint: 87021 ns, Cleanup: 280624 ns, At safepoint: 25648 ns, Total: 393293 ns
[2025-01-17T08:06:10.308+0000][79][info ][safepoint   ] Safepoint "ICBufferFull", Time since last: 1145802017 ns, Reaching safepoint: 14947 ns, Cleanup: 261343 ns, At safepoint: 32364 ns, Total: 308654 ns
[2025-01-17T08:06:10.789+0000][79][info ][safepoint   ] Safepoint "ICBufferFull", Time since last: 481070611 ns, Reaching safepoint: 15188 ns, Cleanup: 276007 ns, At safepoint: 31711 ns, Total: 322906 ns
[2025-01-17T08:06:10.994+0000][79][info ][safepoint   ] Safepoint "ICBufferFull", Time since last: 203943216 ns, Reaching safepoint: 40885 ns, Cleanup: 344095 ns, At safepoint: 60625 ns, Total: 445605 ns
[2025-01-17T08:06:11.219+0000][79][info ][safepoint   ] Safepoint "ICBufferFull", Time since last: 224825683 ns, Reaching safepoint: 18989 ns, Cleanup: 268873 ns, At safepoint: 21317 ns, Total: 309179 ns
[2025-01-17T08:06:11.555+0000][79][info ][gc,start    ] GC(12) Pause Young (Normal) (G1 Evacuation Pause)
[2025-01-17T08:06:11.556+0000][79][info ][gc,task     ] GC(12) Using 18 workers of 18 for evacuation
[2025-01-17T08:06:11.556+0000][79][debug][gc,age      ] GC(12) Desired survivor size 37748736 bytes, new threshold 1 (max threshold 15)
[2025-01-17T08:06:11.619+0000][79][info ][gc,phases   ] GC(12)   Pre Evacuate Collection Set: 0.4ms
[2025-01-17T08:06:11.620+0000][79][info ][gc,phases   ] GC(12)   Merge Heap Roots: 0.2ms
[2025-01-17T08:06:11.620+0000][79][info ][gc,phases   ] GC(12)   Evacuate Collection Set: 59.3ms
[2025-01-17T08:06:11.621+0000][79][info ][gc,phases   ] GC(12)   Post Evacuate Collection Set: 2.1ms
[2025-01-17T08:06:11.621+0000][79][info ][gc,phases   ] GC(12)   Other: 0.8ms
[2025-01-17T08:06:11.622+0000][79][trace][gc,age      ] GC(12) Age table with threshold 1 (max threshold 15)
[2025-01-17T08:06:11.622+0000][79][trace][gc,age      ] GC(12) - age   1:    7094608 bytes,    7094608 total
[2025-01-17T08:06:11.623+0000][79][info ][gc,heap     ] GC(12) Eden regions: 111->0(504)
[2025-01-17T08:06:11.623+0000][79][info ][gc,heap     ] GC(12) Survivor regions: 26->4(18)
[2025-01-17T08:06:11.624+0000][79][info ][gc,heap     ] GC(12) Old regions: 7->35
[2025-01-17T08:06:11.624+0000][79][info ][gc,heap     ] GC(12) Archive regions: 2->2
[2025-01-17T08:06:11.624+0000][79][info ][gc,heap     ] GC(12) Humongous regions: 4->4
[2025-01-17T08:06:11.625+0000][79][info ][gc,metaspace] GC(12) Metaspace: 135497K(139136K)->135497K(139136K) NonClass: 117260K(119168K)->117260K(119168K) Class: 18236K(19968K)->18236K(19968K)
[2025-01-17T08:06:11.625+0000][79][info ][gc          ] GC(12) Pause Young (Normal) (G1 Evacuation Pause) 594M->171M(3392M) 70.229ms
[2025-01-17T08:06:11.626+0000][79][info ][gc,cpu      ] GC(12) User=1.04s Sys=0.00s Real=0.07s
[2025-01-17T08:06:11.626+0000][79][info ][safepoint   ] Safepoint "G1CollectForAllocation", Time since last: 335933741 ns, Reaching safepoint: 13541 ns, Cleanup: 289332 ns, At safepoint: 71388162 ns, Total: 71691035 ns
[2025-01-17T08:06:12.084+0000][79][info ][safepoint   ] Safepoint "ICBufferFull", Time since last: 456913020 ns, Reaching safepoint: 15917 ns, Cleanup: 242374 ns, At safepoint: 29513 ns, Total: 287804 ns
[2025-01-17T08:06:12.406+0000][79][info ][safepoint   ] Safepoint "ICBufferFull", Time since last: 321432403 ns, Reaching safepoint: 113373 ns, Cleanup: 237789 ns, At safepoint: 66704 ns, Total: 417866 ns
[2025-01-17T08:06:12.570+0000][79][info ][safepoint   ] Safepoint "ICBufferFull", Time since last: 164364490 ns, Reaching safepoint: 16413 ns, Cleanup: 255647 ns, At safepoint: 19343 ns, Total: 291403 ns
[2025-01-17T08:06:12.813+0000][79][info ][safepoint   ] Safepoint "ICBufferFull", Time since last: 242424045 ns, Reaching safepoint: 22176 ns, Cleanup: 282987 ns, At safepoint: 10177 ns, Total: 315340 ns
[2025-01-17T08:06:12.995+0000][79][info ][safepoint   ] Safepoint "ICBufferFull", Time since last: 181439618 ns, Reaching safepoint: 20913 ns, Cleanup: 230907 ns, At safepoint: 8351 ns, Total: 260171 ns
[2025-01-17T08:06:13.216+0000][79][info ][gc,start    ] GC(13) Pause Young (Concurrent Start) (CodeCache GC Threshold)
[2025-01-17T08:06:13.217+0000][79][info ][gc,task     ] GC(13) Using 18 workers of 18 for evacuation
[2025-01-17T08:06:13.217+0000][79][debug][gc,age      ] GC(13) Desired survivor size 134217728 bytes, new threshold 15 (max threshold 15)
[2025-01-17T08:06:13.224+0000][79][info ][gc,phases   ] GC(13)   Pre Evacuate Collection Set: 0.6ms
[2025-01-17T08:06:13.224+0000][79][info ][gc,phases   ] GC(13)   Merge Heap Roots: 0.2ms
[2025-01-17T08:06:13.225+0000][79][info ][gc,phases   ] GC(13)   Evacuate Collection Set: 4.7ms
[2025-01-17T08:06:13.225+0000][79][info ][gc,phases   ] GC(13)   Post Evacuate Collection Set: 1.2ms
[2025-01-17T08:06:13.225+0000][79][info ][gc,phases   ] GC(13)   Other: 0.7ms
[2025-01-17T08:06:13.226+0000][79][trace][gc,age      ] GC(13) Age table with threshold 15 (max threshold 15)
[2025-01-17T08:06:13.226+0000][79][trace][gc,age      ] GC(13) - age   1:    4298912 bytes,    4298912 total
[2025-01-17T08:06:13.226+0000][79][trace][gc,age      ] GC(13) - age   2:    6439096 bytes,   10738008 total
[2025-01-17T08:06:13.227+0000][79][info ][gc,heap     ] GC(13) Eden regions: 39->0(504)
[2025-01-17T08:06:13.227+0000][79][info ][gc,heap     ] GC(13) Survivor regions: 4->4(64)
[2025-01-17T08:06:13.227+0000][79][info ][gc,heap     ] GC(13) Old regions: 35->35
[2025-01-17T08:06:13.227+0000][79][info ][gc,heap     ] GC(13) Archive regions: 2->2
[2025-01-17T08:06:13.227+0000][79][info ][gc,heap     ] GC(13) Humongous regions: 4->4
[2025-01-17T08:06:13.228+0000][79][info ][gc,metaspace] GC(13) Metaspace: 137391K(141120K)->137391K(141120K) NonClass: 118946K(120896K)->118946K(120896K) Class: 18445K(20224K)->18445K(20224K)
[2025-01-17T08:06:13.228+0000][79][info ][gc          ] GC(13) Pause Young (Concurrent Start) (CodeCache GC Threshold) 324M->168M(3392M) 11.649ms
[2025-01-17T08:06:13.228+0000][79][info ][gc          ] GC(14) Concurrent Mark Cycle
[2025-01-17T08:06:13.229+0000][79][info ][gc,marking  ] GC(14) Concurrent Scan Root Regions
[2025-01-17T08:06:13.228+0000][79][info ][gc,cpu      ] GC(13) User=0.08s Sys=0.00s Real=0.01s
[2025-01-17T08:06:13.229+0000][79][info ][safepoint   ] Safepoint "G1TryInitiateConcMark", Time since last: 221068441 ns, Reaching safepoint: 107558 ns, Cleanup: 327738 ns, At safepoint: 13192218 ns, Total: 13627514 ns
[2025-01-17T08:06:13.232+0000][79][info ][gc,marking  ] GC(14) Concurrent Scan Root Regions 3.201ms
[2025-01-17T08:06:13.232+0000][79][info ][gc,marking  ] GC(14) Concurrent Mark
[2025-01-17T08:06:13.233+0000][79][info ][gc,marking  ] GC(14) Concurrent Mark From Roots
[2025-01-17T08:06:13.233+0000][79][info ][gc,task     ] GC(14) Using 5 workers of 5 for marking
[2025-01-17T08:06:13.260+0000][79][info ][gc,marking  ] GC(14) Concurrent Mark From Roots 27.470ms
[2025-01-17T08:06:13.261+0000][79][info ][gc,marking  ] GC(14) Concurrent Preclean
[2025-01-17T08:06:13.261+0000][79][info ][gc,marking  ] GC(14) Concurrent Preclean 0.751ms
[2025-01-17T08:06:13.262+0000][79][info ][gc,start    ] GC(14) Pause Remark
[2025-01-17T08:06:13.280+0000][79][info ][gc          ] GC(14) Pause Remark 190M->190M(3392M) 17.304ms
[2025-01-17T08:06:13.280+0000][79][info ][gc,cpu      ] GC(14) User=0.22s Sys=0.00s Real=0.01s
[2025-01-17T08:06:13.281+0000][79][info ][safepoint   ] Safepoint "G1PauseRemark", Time since last: 32736358 ns, Reaching safepoint: 22635 ns, Cleanup: 242093 ns, At safepoint: 18933463 ns, Total: 19198191 ns
[2025-01-17T08:06:13.282+0000][79][info ][gc,marking  ] GC(14) Concurrent Mark 49.402ms
[2025-01-17T08:06:13.282+0000][79][info ][gc,marking  ] GC(14) Concurrent Rebuild Remembered Sets and Scrub Regions
[2025-01-17T08:06:13.299+0000][79][info ][gc,marking  ] GC(14) Concurrent Rebuild Remembered Sets and Scrub Regions 16.974ms
[2025-01-17T08:06:13.300+0000][79][info ][gc,start    ] GC(14) Pause Cleanup
[2025-01-17T08:06:13.301+0000][79][info ][gc          ] GC(14) Pause Cleanup 216M->216M(3392M) 0.725ms
[2025-01-17T08:06:13.301+0000][79][info ][gc,cpu      ] GC(14) User=0.00s Sys=0.00s Real=0.00s
[2025-01-17T08:06:13.301+0000][79][info ][safepoint   ] Safepoint "G1PauseCleanup", Time since last: 18216362 ns, Reaching safepoint: 108019 ns, Cleanup: 243043 ns, At safepoint: 1459702 ns, Total: 1810764 ns
[2025-01-17T08:06:13.302+0000][79][info ][gc,marking  ] GC(14) Concurrent Clear Claimed Marks
[2025-01-17T08:06:13.302+0000][79][info ][gc,marking  ] GC(14) Concurrent Clear Claimed Marks 0.644ms
[2025-01-17T08:06:13.303+0000][79][info ][gc,marking  ] GC(14) Concurrent Cleanup for Next Mark
[2025-01-17T08:06:13.306+0000][79][info ][gc,marking  ] GC(14) Concurrent Cleanup for Next Mark 3.852ms
[2025-01-17T08:06:13.307+0000][79][info ][gc          ] GC(14) Concurrent Mark Cycle 78.699ms
[2025-01-17T08:06:13.828+0000][79][info ][safepoint   ] Safepoint "ICBufferFull", Time since last: 526309087 ns, Reaching safepoint: 19645 ns, Cleanup: 226974 ns, At safepoint: 54758 ns, Total: 301377 ns
[2025-01-17T08:06:14.019+0000][79][info ][safepoint   ] Safepoint "ICBufferFull", Time since last: 190652512 ns, Reaching safepoint: 66171 ns, Cleanup: 506337 ns, At safepoint: 58275 ns, Total: 630783 ns
[2025-01-17T08:06:15.130+0000][79][info ][safepoint   ] Safepoint "ICBufferFull", Time since last: 1110594665 ns, Reaching safepoint: 29686 ns, Cleanup: 354900 ns, At safepoint: 48019 ns, Total: 432605 ns
[2025-01-17T08:06:16.036+0000][79][info ][safepoint   ] Safepoint "ICBufferFull", Time since last: 904965532 ns, Reaching safepoint: 122636 ns, Cleanup: 454067 ns, At safepoint: 62438 ns, Total: 639141 ns
[2025-01-17T08:06:16.781+0000][79][info ][safepoint   ] Safepoint "ICBufferFull", Time since last: 744825293 ns, Reaching safepoint: 20543 ns, Cleanup: 243689 ns, At safepoint: 9984 ns, Total: 274216 ns
[2025-01-17T08:06:18.611+0000][79][info ][safepoint   ] Safepoint "Cleanup", Time since last: 1828780049 ns, Reaching safepoint: 54505 ns, Cleanup: 782364 ns, At safepoint: 73812 ns, Total: 910681 ns
[2025-01-17T08:06:19.613+0000][79][info ][safepoint   ] Safepoint "Cleanup", Time since last: 1001222511 ns, Reaching safepoint: 84810 ns, Cleanup: 577375 ns, At safepoint: 29250 ns, Total: 691435 ns
[2025-01-17T08:06:21.058+0000][79][info ][safepoint   ] Safepoint "Cleanup", Time since last: 1445039828 ns, Reaching safepoint: 30973 ns, Cleanup: 353664 ns, At safepoint: 13419 ns, Total: 398056 ns
[2025-01-17T08:06:22.060+0000][79][info ][safepoint   ] Safepoint "Cleanup", Time since last: 1001711872 ns, Reaching safepoint: 28581 ns, Cleanup: 279097 ns, At safepoint: 27468 ns, Total: 335146 ns
[2025-01-17T08:06:23.620+0000][79][info ][safepoint   ] Safepoint "Cleanup", Time since last: 1561440521 ns, Reaching safepoint: 29375 ns, Cleanup: 376874 ns, At safepoint: 46004 ns, Total: 452253 ns
[2025-01-17T08:06:24.630+0000][79][info ][safepoint   ] Safepoint "Cleanup", Time since last: 1008518495 ns, Reaching safepoint: 42638 ns, Cleanup: 647096 ns, At safepoint: 52109 ns, Total: 741843 ns
[2025-01-17T08:06:25.631+0000][79][info ][safepoint   ] Safepoint "Cleanup", Time since last: 1001170863 ns, Reaching safepoint: 51282 ns, Cleanup: 581696 ns, At safepoint: 50018 ns, Total: 682996 ns
[2025-01-17T08:06:26.633+0000][79][info ][safepoint   ] Safepoint "Cleanup", Time since last: 1000935869 ns, Reaching safepoint: 35927 ns, Cleanup: 336735 ns, At safepoint: 13207 ns, Total: 385869 ns
[2025-01-17T08:06:27.931+0000][79][info ][safepoint   ] Safepoint "Cleanup", Time since last: 1298027127 ns, Reaching safepoint: 41564 ns, Cleanup: 481113 ns, At safepoint: 45256 ns, Total: 567933 ns
[2025-01-17T08:06:29.642+0000][79][info ][safepoint   ] Safepoint "Cleanup", Time since last: 1710228907 ns, Reaching safepoint: 17771 ns, Cleanup: 426100 ns, At safepoint: 77942 ns, Total: 521813 ns
[2025-01-17T08:06:30.662+0000][79][info ][safepoint   ] Safepoint "Cleanup", Time since last: 1019670252 ns, Reaching safepoint: 12041 ns, Cleanup: 240715 ns, At safepoint: 30716 ns, Total: 283472 ns
[2025-01-17T08:06:32.200+0000][79][info ][safepoint   ] Safepoint "Cleanup", Time since last: 1537471674 ns, Reaching safepoint: 73633 ns, Cleanup: 590107 ns, At safepoint: 19848 ns, Total: 683588 ns
[2025-01-17T08:06:34.202+0000][79][info ][safepoint   ] Safepoint "Cleanup", Time since last: 2001120842 ns, Reaching safepoint: 44758 ns, Cleanup: 229517 ns, At safepoint: 8778 ns, Total: 283053 ns
[2025-01-17T08:06:35.206+0000][79][info ][safepoint   ] Safepoint "Cleanup", Time since last: 1003806669 ns, Reaching safepoint: 25857 ns, Cleanup: 514709 ns, At safepoint: 44772 ns, Total: 585338 ns
[2025-01-17T08:06:36.220+0000][79][info ][safepoint   ] Safepoint "Cleanup", Time since last: 1013402728 ns, Reaching safepoint: 38091 ns, Cleanup: 291566 ns, At safepoint: 50069 ns, Total: 379726 ns
[2025-01-17T08:06:37.221+0000][79][info ][safepoint   ] Safepoint "Cleanup", Time since last: 1000832982 ns, Reaching safepoint: 48451 ns, Cleanup: 461698 ns, At safepoint: 16304 ns, Total: 526453 ns
[2025-01-17T08:06:38.223+0000][79][info ][safepoint   ] Safepoint "Cleanup", Time since last: 1000921259 ns, Reaching safepoint: 61518 ns, Cleanup: 594792 ns, At safepoint: 20452 ns, Total: 676762 ns
[2025-01-17T08:06:40.816+0000][79][info ][safepoint   ] Safepoint "Cleanup", Time since last: 2593221469 ns, Reaching safepoint: 12675 ns, Cleanup: 289058 ns, At safepoint: 19948 ns, Total: 321681 ns
[2025-01-17T08:06:42.246+0000][79][info ][safepoint   ] Safepoint "Cleanup", Time since last: 1428640897 ns, Reaching safepoint: 42021 ns, Cleanup: 539207 ns, At safepoint: 16751 ns, Total: 597979 ns
[2025-01-17T08:06:44.247+0000][79][info ][safepoint   ] Safepoint "Cleanup", Time since last: 2001226777 ns, Reaching safepoint: 22939 ns, Cleanup: 216270 ns, At safepoint: 7466 ns, Total: 246675 ns
[2025-01-17T08:06:45.248+0000][79][info ][safepoint   ] Safepoint "Cleanup", Time since last: 1000559333 ns, Reaching safepoint: 26284 ns, Cleanup: 257449 ns, At safepoint: 12750 ns, Total: 296483 ns
[2025-01-17T08:06:46.837+0000][79][info ][safepoint   ] Safepoint "Cleanup", Time since last: 1588292363 ns, Reaching safepoint: 10824 ns, Cleanup: 276485 ns, At safepoint: 23454 ns, Total: 310763 ns
[2025-01-17T08:06:48.263+0000][79][info ][safepoint   ] Safepoint "Cleanup", Time since last: 1426226785 ns, Reaching safepoint: 75671 ns, Cleanup: 286491 ns, At safepoint: 14191 ns, Total: 376353 ns
[2025-01-17T08:06:50.265+0000][79][info ][safepoint   ] Safepoint "Cleanup", Time since last: 2000997739 ns, Reaching safepoint: 96421 ns, Cleanup: 578528 ns, At safepoint: 22123 ns, Total: 697072 ns
[2025-01-17T08:06:51.266+0000][79][info ][safepoint   ] Safepoint "Cleanup", Time since last: 1000873199 ns, Reaching safepoint: 51116 ns, Cleanup: 531296 ns, At safepoint: 16177 ns, Total: 598589 ns
[2025-01-17T08:06:52.268+0000][79][info ][safepoint   ] Safepoint "Cleanup", Time since last: 1000937140 ns, Reaching safepoint: 31439 ns, Cleanup: 348123 ns, At safepoint: 13207 ns, Total: 392769 ns
[2025-01-17T08:06:53.270+0000][79][info ][safepoint   ] Safepoint "Cleanup", Time since last: 1003453336 ns, Reaching safepoint: 11355 ns, Cleanup: 265456 ns, At safepoint: 20582 ns, Total: 297393 ns
[2025-01-17T08:06:54.276+0000][79][info ][safepoint   ] Safepoint "Cleanup", Time since last: 1005794153 ns, Reaching safepoint: 32697 ns, Cleanup: 243404 ns, At safepoint: 9827 ns, Total: 285928 ns
[2025-01-17T08:06:55.277+0000][79][info ][safepoint   ] Safepoint "Cleanup", Time since last: 1000866252 ns, Reaching safepoint: 35697 ns, Cleanup: 405146 ns, At safepoint: 14901 ns, Total: 455744 ns
[2025-01-17T08:06:56.278+0000][79][info ][safepoint   ] Safepoint "Cleanup", Time since last: 1000596665 ns, Reaching safepoint: 27381 ns, Cleanup: 345040 ns, At safepoint: 19207 ns, Total: 391628 ns
[2025-01-17T08:06:58.280+0000][79][info ][safepoint   ] Safepoint "Cleanup", Time since last: 2000989742 ns, Reaching safepoint: 142597 ns, Cleanup: 338950 ns, At safepoint: 14044 ns, Total: 495591 ns
[2025-01-17T08:06:59.285+0000][79][info ][safepoint   ] Safepoint "Cleanup", Time since last: 1004457706 ns, Reaching safepoint: 15823 ns, Cleanup: 271573 ns, At safepoint: 42857 ns, Total: 330253 ns
[2025-01-17T08:07:00.300+0000][79][info ][safepoint   ] Safepoint "Cleanup", Time since last: 1014514277 ns, Reaching safepoint: 35155 ns, Cleanup: 474517 ns, At safepoint: 18204 ns, Total: 527876 ns
[2025-01-17T08:07:01.449+0000][79][info ][safepoint   ] Safepoint "Cleanup", Time since last: 1148396679 ns, Reaching safepoint: 44985 ns, Cleanup: 651867 ns, At safepoint: 24661 ns, Total: 721513 ns
[2025-01-17T08:07:02.791+0000][79][info ][safepoint   ] Safepoint "Cleanup", Time since last: 1342163945 ns, Reaching safepoint: 26206 ns, Cleanup: 258266 ns, At safepoint: 12410 ns, Total: 296882 ns
[2025-01-17T08:07:04.792+0000][79][info ][safepoint   ] Safepoint "Cleanup", Time since last: 2000746852 ns, Reaching safepoint: 20142 ns, Cleanup: 234299 ns, At safepoint: 8586 ns, Total: 263027 ns
[2025-01-17T08:07:06.330+0000][79][info ][safepoint   ] Safepoint "Cleanup", Time since last: 1536881645 ns, Reaching safepoint: 15321 ns, Cleanup: 419163 ns, At safepoint: 37972 ns, Total: 472456 ns
[2025-01-17T08:07:07.335+0000][79][info ][safepoint   ] Safepoint "Cleanup", Time since last: 1005063923 ns, Reaching safepoint: 50960 ns, Cleanup: 489351 ns, At safepoint: 13255 ns, Total: 553566 ns
[2025-01-17T08:07:08.337+0000][79][info ][safepoint   ] Safepoint "Cleanup", Time since last: 1000844876 ns, Reaching safepoint: 78301 ns, Cleanup: 416557 ns, At safepoint: 32222 ns, Total: 527080 ns
[2025-01-17T08:07:10.338+0000][79][info ][safepoint   ] Safepoint "Cleanup", Time since last: 2000871667 ns, Reaching safepoint: 38331 ns, Cleanup: 512672 ns, At safepoint: 18629 ns, Total: 569632 ns
[2025-01-17T08:07:11.340+0000][79][info ][safepoint   ] Safepoint "Cleanup", Time since last: 1001736174 ns, Reaching safepoint: 21692 ns, Cleanup: 592038 ns, At safepoint: 51165 ns, Total: 664895 ns
[2025-01-17T08:07:12.608+0000][79][info ][safepoint   ] Safepoint "Cleanup", Time since last: 1267080359 ns, Reaching safepoint: 75952 ns, Cleanup: 448138 ns, At safepoint: 22342 ns, Total: 546432 ns
[2025-01-17T08:07:13.609+0000][79][info ][safepoint   ] Safepoint "Cleanup", Time since last: 1000759496 ns, Reaching safepoint: 85366 ns, Cleanup: 560183 ns, At safepoint: 18134 ns, Total: 663683 ns
[2025-01-17T08:07:14.612+0000][79][info ][safepoint   ] Safepoint "Cleanup", Time since last: 1001163728 ns, Reaching safepoint: 57225 ns, Cleanup: 1076771 ns, At safepoint: 24866 ns, Total: 1158862 ns
[2025-01-17T08:07:16.813+0000][79][info ][safepoint   ] Safepoint "Cleanup", Time since last: 2200454485 ns, Reaching safepoint: 9858 ns, Cleanup: 245351 ns, At safepoint: 20281 ns, Total: 275490 ns
[2025-01-17T08:07:18.631+0000][79][info ][safepoint   ] Safepoint "Cleanup", Time since last: 1816551566 ns, Reaching safepoint: 202425 ns, Cleanup: 1320460 ns, At safepoint: 66214 ns, Total: 1589099 ns
[2025-01-17T08:07:19.633+0000][79][info ][safepoint   ] Safepoint "Cleanup", Time since last: 1001439515 ns, Reaching safepoint: 37647 ns, Cleanup: 441192 ns, At safepoint: 45180 ns, Total: 524019 ns
[2025-01-17T08:07:20.634+0000][79][info ][safepoint   ] Safepoint "Cleanup", Time since last: 1000627160 ns, Reaching safepoint: 66849 ns, Cleanup: 520497 ns, At safepoint: 72692 ns, Total: 660038 ns
[2025-01-17T08:07:22.813+0000][79][info ][safepoint   ] Safepoint "Cleanup", Time since last: 2178288911 ns, Reaching safepoint: 11278 ns, Cleanup: 322501 ns, At safepoint: 26935 ns, Total: 360714 ns
[2025-01-17T08:07:24.654+0000][79][info ][safepoint   ] Safepoint "Cleanup", Time since last: 1842391930 ns, Reaching safepoint: 40316 ns, Cleanup: 453336 ns, At safepoint: 16769 ns, Total: 510421 ns
[2025-01-17T08:07:25.655+0000][79][info ][safepoint   ] Safepoint "Cleanup", Time since last: 1000934681 ns, Reaching safepoint: 43265 ns, Cleanup: 539223 ns, At safepoint: 16054 ns, Total: 598542 ns
[2025-01-17T08:07:26.971+0000][79][info ][safepoint   ] Safepoint "Cleanup", Time since last: 1314887590 ns, Reaching safepoint: 11086 ns, Cleanup: 340822 ns, At safepoint: 27358 ns, Total: 379266 ns
[2025-01-17T08:07:28.805+0000][79][info ][safepoint   ] Safepoint "Cleanup", Time since last: 1834082210 ns, Reaching safepoint: 11280 ns, Cleanup: 230840 ns, At safepoint: 20106 ns, Total: 262226 ns
[2025-01-17T08:07:30.681+0000][79][info ][safepoint   ] Safepoint "Cleanup", Time since last: 1875605164 ns, Reaching safepoint: 24601 ns, Cleanup: 309719 ns, At safepoint: 12833 ns, Total: 347153 ns
[2025-01-17T08:07:32.683+0000][79][info ][safepoint   ] Safepoint "Cleanup", Time since last: 2000782430 ns, Reaching safepoint: 56640 ns, Cleanup: 997372 ns, At safepoint: 86578 ns, Total: 1140590 ns
[2025-01-17T08:07:34.689+0000][79][info ][safepoint   ] Safepoint "Cleanup", Time since last: 2004343328 ns, Reaching safepoint: 146535 ns, Cleanup: 1663349 ns, At safepoint: 82597 ns, Total: 1892481 ns
[2025-01-17T08:07:35.694+0000][79][info ][safepoint   ] Safepoint "Cleanup", Time since last: 1004600338 ns, Reaching safepoint: 18131 ns, Cleanup: 361884 ns, At safepoint: 44926 ns, Total: 424941 ns
[2025-01-17T08:07:36.716+0000][79][info ][safepoint   ] Safepoint "Cleanup", Time since last: 1021311712 ns, Reaching safepoint: 19179 ns, Cleanup: 567518 ns, At safepoint: 46211 ns, Total: 632908 ns
[2025-01-17T08:07:38.734+0000][79][info ][safepoint   ] Safepoint "Cleanup", Time since last: 2017783647 ns, Reaching safepoint: 28506 ns, Cleanup: 341103 ns, At safepoint: 22236 ns, Total: 391845 ns
[2025-01-17T08:07:40.736+0000][79][info ][safepoint   ] Safepoint "Cleanup", Time since last: 2001126274 ns, Reaching safepoint: 35657 ns, Cleanup: 406161 ns, At safepoint: 16624 ns, Total: 458442 ns
[2025-01-17T08:07:41.744+0000][79][info ][safepoint   ] Safepoint "Cleanup", Time since last: 1007034770 ns, Reaching safepoint: 583721 ns, Cleanup: 641320 ns, At safepoint: 119533 ns, Total: 1344574 ns
[2025-01-17T08:07:42.760+0000][79][info ][safepoint   ] Safepoint "Cleanup", Time since last: 1014778449 ns, Reaching safepoint: 38948 ns, Cleanup: 737450 ns, At safepoint: 29992 ns, Total: 806390 ns
[2025-01-17T08:07:44.761+0000][79][info ][safepoint   ] Safepoint "Cleanup", Time since last: 2000970783 ns, Reaching safepoint: 26432 ns, Cleanup: 267614 ns, At safepoint: 9664 ns, Total: 303710 ns
[2025-01-17T08:07:46.828+0000][79][info ][safepoint   ] Safepoint "Cleanup", Time since last: 2066296566 ns, Reaching safepoint: 35347 ns, Cleanup: 507253 ns, At safepoint: 50292 ns, Total: 592892 ns
[2025-01-17T08:07:48.776+0000][79][info ][safepoint   ] Safepoint "Cleanup", Time since last: 1947845218 ns, Reaching safepoint: 27471 ns, Cleanup: 334629 ns, At safepoint: 13954 ns, Total: 376054 ns
[2025-01-17T08:07:49.785+0000][79][info ][safepoint   ] Safepoint "Cleanup", Time since last: 1008058290 ns, Reaching safepoint: 21697 ns, Cleanup: 268318 ns, At safepoint: 45310 ns, Total: 335325 ns
[2025-01-17T08:07:52.786+0000][79][info ][safepoint   ] Safepoint "Cleanup", Time since last: 3000629437 ns, Reaching safepoint: 73569 ns, Cleanup: 631325 ns, At safepoint: 43332 ns, Total: 748226 ns
[2025-01-17T08:07:53.785+0000][79][info ][safepoint   ] Safepoint "Cleanup", Time since last: 1000426052 ns, Reaching safepoint: 9609 ns, Cleanup: 278628 ns, At safepoint: 21149 ns, Total: 309386 ns
[2025-01-17T08:07:54.788+0000][79][info ][safepoint   ] Safepoint "Cleanup", Time since last: 1002804111 ns, Reaching safepoint: 34047 ns, Cleanup: 474478 ns, At safepoint: 17515 ns, Total: 526040 ns
[2025-01-17T08:07:56.790+0000][79][info ][safepoint   ] Safepoint "Cleanup", Time since last: 2001289422 ns, Reaching safepoint: 59147 ns, Cleanup: 746164 ns, At safepoint: 55499 ns, Total: 860810 ns
[2025-01-17T08:07:58.793+0000][79][info ][safepoint   ] Safepoint "Cleanup", Time since last: 2001682225 ns, Reaching safepoint: 34573 ns, Cleanup: 538439 ns, At safepoint: 50349 ns, Total: 623361 ns
[2025-01-17T08:07:59.799+0000][79][info ][safepoint   ] Safepoint "Cleanup", Time since last: 1005316350 ns, Reaching safepoint: 16004 ns, Cleanup: 482329 ns, At safepoint: 63522 ns, Total: 561855 ns
[2025-01-17T08:08:00.812+0000][79][info ][safepoint   ] Safepoint "Cleanup", Time since last: 1012597115 ns, Reaching safepoint: 57186 ns, Cleanup: 977480 ns, At safepoint: 33014 ns, Total: 1067680 ns
[2025-01-17T08:08:01.814+0000][79][info ][safepoint   ] Safepoint "Cleanup", Time since last: 1001822358 ns, Reaching safepoint: 26701 ns, Cleanup: 301556 ns, At safepoint: 12429 ns, Total: 340686 ns
[2025-01-17T08:08:04.815+0000][79][info ][safepoint   ] Safepoint "Cleanup", Time since last: 3000732812 ns, Reaching safepoint: 24941 ns, Cleanup: 244686 ns, At safepoint: 8549 ns, Total: 278176 ns
[2025-01-17T08:08:05.851+0000][79][info ][safepoint   ] Safepoint "Cleanup", Time since last: 1035208809 ns, Reaching safepoint: 19452 ns, Cleanup: 634067 ns, At safepoint: 55029 ns, Total: 708548 ns
[2025-01-17T08:08:07.872+0000][79][info ][safepoint   ] Safepoint "Cleanup", Time since last: 2019882722 ns, Reaching safepoint: 65395 ns, Cleanup: 397866 ns, At safepoint: 15578 ns, Total: 478839 ns
[2025-01-17T08:08:10.811+0000][79][info ][safepoint   ] Safepoint "Cleanup", Time since last: 2939398647 ns, Reaching safepoint: 10402 ns, Cleanup: 257773 ns, At safepoint: 20844 ns, Total: 289019 ns
[2025-01-17T08:08:11.845+0000][79][info ][safepoint   ] Safepoint "Cleanup", Time since last: 1033429058 ns, Reaching safepoint: 28349 ns, Cleanup: 359395 ns, At safepoint: 11986 ns, Total: 399730 ns
[2025-01-17T08:08:12.882+0000][79][info ][safepoint   ] Safepoint "Cleanup", Time since last: 1036118411 ns, Reaching safepoint: 41548 ns, Cleanup: 580575 ns, At safepoint: 17981 ns, Total: 640104 ns
[2025-01-17T08:08:13.884+0000][79][info ][safepoint   ] Safepoint "Cleanup", Time since last: 1001172229 ns, Reaching safepoint: 30639 ns, Cleanup: 334458 ns, At safepoint: 13779 ns, Total: 378876 ns
[2025-01-17T08:08:14.888+0000][79][info ][safepoint   ] Safepoint "Cleanup", Time since last: 1003311376 ns, Reaching safepoint: 40943 ns, Cleanup: 745146 ns, At safepoint: 64593 ns, Total: 850682 ns
[2025-01-17T08:08:16.826+0000][79][info ][safepoint   ] Safepoint "Cleanup", Time since last: 1937311128 ns, Reaching safepoint: 15472 ns, Cleanup: 438478 ns, At safepoint: 33557 ns, Total: 487507 ns
[2025-01-17T08:08:17.852+0000][79][info ][safepoint   ] Safepoint "Cleanup", Time since last: 1026328988 ns, Reaching safepoint: 26961 ns, Cleanup: 281221 ns, At safepoint: 12799 ns, Total: 320981 ns
[2025-01-17T08:08:18.899+0000][79][info ][safepoint   ] Safepoint "Cleanup", Time since last: 1045813394 ns, Reaching safepoint: 45684 ns, Cleanup: 591785 ns, At safepoint: 21441 ns, Total: 658910 ns
[2025-01-17T08:08:19.902+0000][79][info ][safepoint   ] Safepoint "Cleanup", Time since last: 1002382141 ns, Reaching safepoint: 46106 ns, Cleanup: 628606 ns, At safepoint: 22809 ns, Total: 697521 ns
[2025-01-17T08:08:22.810+0000][79][info ][safepoint   ] Safepoint "Cleanup", Time since last: 2907708575 ns, Reaching safepoint: 27341 ns, Cleanup: 272984 ns, At safepoint: 26677 ns, Total: 327002 ns
[2025-01-17T08:08:23.910+0000][79][info ][safepoint   ] Safepoint "Cleanup", Time since last: 1102125175 ns, Reaching safepoint: 41930 ns, Cleanup: 521356 ns, At safepoint: 15976 ns, Total: 579262 ns
[2025-01-17T08:08:24.925+0000][79][info ][safepoint   ] Safepoint "Cleanup", Time since last: 1014476027 ns, Reaching safepoint: 26526 ns, Cleanup: 285705 ns, At safepoint: 11126 ns, Total: 323357 ns
[2025-01-17T08:08:25.927+0000][79][info ][safepoint   ] Safepoint "Cleanup", Time since last: 1000897099 ns, Reaching safepoint: 46300 ns, Cleanup: 567589 ns, At safepoint: 24834 ns, Total: 638723 ns
[2025-01-17T08:08:28.821+0000][79][info ][safepoint   ] Safepoint "Cleanup", Time since last: 2893677583 ns, Reaching safepoint: 10770 ns, Cleanup: 255474 ns, At safepoint: 20853 ns, Total: 287097 ns
[2025-01-17T08:08:29.940+0000][79][info ][safepoint   ] Safepoint "Cleanup", Time since last: 1118806503 ns, Reaching safepoint: 38831 ns, Cleanup: 539997 ns, At safepoint: 20393 ns, Total: 599221 ns
[2025-01-17T08:08:30.968+0000][79][info ][safepoint   ] Safepoint "Cleanup", Time since last: 1027108801 ns, Reaching safepoint: 21045 ns, Cleanup: 582377 ns, At safepoint: 51198 ns, Total: 654620 ns
[2025-01-17T08:08:31.986+0000][79][info ][safepoint   ] Safepoint "Cleanup", Time since last: 1017894575 ns, Reaching safepoint: 26212 ns, Cleanup: 310245 ns, At safepoint: 13512 ns, Total: 349969 ns
[2025-01-17T08:08:34.819+0000][79][info ][safepoint   ] Safepoint "Cleanup", Time since last: 2832865151 ns, Reaching safepoint: 101407 ns, Cleanup: 263196 ns, At safepoint: 50246 ns, Total: 414849 ns
[2025-01-17T08:08:35.998+0000][79][info ][safepoint   ] Safepoint "Cleanup", Time since last: 1178490388 ns, Reaching safepoint: 43026 ns, Cleanup: 478334 ns, At safepoint: 13704 ns, Total: 535064 ns
[2025-01-17T08:08:38.001+0000][79][info ][safepoint   ] Safepoint "Cleanup", Time since last: 2001481335 ns, Reaching safepoint: 199327 ns, Cleanup: 850745 ns, At safepoint: 59463 ns, Total: 1109535 ns
[2025-01-17T08:08:40.836+0000][79][info ][safepoint   ] Safepoint "Cleanup", Time since last: 2835101188 ns, Reaching safepoint: 10675 ns, Cleanup: 285325 ns, At safepoint: 23139 ns, Total: 319139 ns
[2025-01-17T08:08:42.016+0000][79][info ][safepoint   ] Safepoint "Cleanup", Time since last: 1179325598 ns, Reaching safepoint: 42443 ns, Cleanup: 608580 ns, At safepoint: 22045 ns, Total: 673068 ns
[2025-01-17T08:08:44.020+0000][79][info ][safepoint   ] Safepoint "Cleanup", Time since last: 2002842817 ns, Reaching safepoint: 45925 ns, Cleanup: 591049 ns, At safepoint: 41128 ns, Total: 678102 ns
[2025-01-17T08:08:45.021+0000][79][info ][safepoint   ] Safepoint "Cleanup", Time since last: 1001189562 ns, Reaching safepoint: 29231 ns, Cleanup: 292741 ns, At safepoint: 18918 ns, Total: 340890 ns
[2025-01-17T08:08:46.024+0000][79][info ][safepoint   ] Safepoint "Cleanup", Time since last: 1001906175 ns, Reaching safepoint: 40663 ns, Cleanup: 553297 ns, At safepoint: 17828 ns, Total: 611788 ns
[2025-01-17T08:08:47.028+0000][79][info ][safepoint   ] Safepoint "Cleanup", Time since last: 1002863387 ns, Reaching safepoint: 21149 ns, Cleanup: 652052 ns, At safepoint: 89085 ns, Total: 762286 ns
[2025-01-17T08:08:48.044+0000][79][info ][safepoint   ] Safepoint "Cleanup", Time since last: 1016125873 ns, Reaching safepoint: 36844 ns, Cleanup: 396572 ns, At safepoint: 14002 ns, Total: 447418 ns
[2025-01-17T08:08:50.046+0000][79][info ][safepoint   ] Safepoint "Cleanup", Time since last: 2001433373 ns, Reaching safepoint: 38381 ns, Cleanup: 770343 ns, At safepoint: 67366 ns, Total: 876090 ns
[2025-01-17T08:08:51.048+0000][79][info ][safepoint   ] Safepoint "Cleanup", Time since last: 1001035707 ns, Reaching safepoint: 51445 ns, Cleanup: 788392 ns, At safepoint: 30460 ns, Total: 870297 ns
[2025-01-17T08:08:52.050+0000][79][info ][safepoint   ] Safepoint "Cleanup", Time since last: 1001299653 ns, Reaching safepoint: 44557 ns, Cleanup: 685248 ns, At safepoint: 47414 ns, Total: 777219 ns
[2025-01-17T08:08:53.058+0000][79][info ][safepoint   ] Safepoint "Cleanup", Time since last: 1006457507 ns, Reaching safepoint: 44019 ns, Cleanup: 538797 ns, At safepoint: 43395 ns, Total: 626211 ns
[2025-01-17T08:08:54.076+0000][79][info ][safepoint   ] Safepoint "Cleanup", Time since last: 1019912445 ns, Reaching safepoint: 43615 ns, Cleanup: 706091 ns, At safepoint: 19586 ns, Total: 769292 ns
[2025-01-17T08:08:55.082+0000][79][info ][safepoint   ] Safepoint "Cleanup", Time since last: 1004752682 ns, Reaching safepoint: 37018 ns, Cleanup: 521820 ns, At safepoint: 16275 ns, Total: 575113 ns
[2025-01-17T08:08:56.083+0000][79][info ][safepoint   ] Safepoint "Cleanup", Time since last: 1001041323 ns, Reaching safepoint: 27674 ns, Cleanup: 312232 ns, At safepoint: 9997 ns, Total: 349903 ns
[2025-01-17T08:08:57.086+0000][79][info ][safepoint   ] Safepoint "Cleanup", Time since last: 1002004437 ns, Reaching safepoint: 45874 ns, Cleanup: 703142 ns, At safepoint: 20628 ns, Total: 769644 ns
[2025-01-17T08:08:58.815+0000][79][info ][safepoint   ] Safepoint "Cleanup", Time since last: 1728685078 ns, Reaching safepoint: 13281 ns, Cleanup: 272694 ns, At safepoint: 19815 ns, Total: 305790 ns
[2025-01-17T08:09:00.117+0000][79][info ][safepoint   ] Safepoint "Cleanup", Time since last: 1302055079 ns, Reaching safepoint: 149193 ns, Cleanup: 383126 ns, At safepoint: 21532 ns, Total: 553851 ns
[2025-01-17T08:09:01.119+0000][79][info ][safepoint   ] Safepoint "Cleanup", Time since last: 1000984201 ns, Reaching safepoint: 87204 ns, Cleanup: 748170 ns, At safepoint: 56419 ns, Total: 891793 ns
[2025-01-17T08:09:02.121+0000][79][info ][safepoint   ] Safepoint "Cleanup", Time since last: 1001397428 ns, Reaching safepoint: 24746 ns, Cleanup: 280646 ns, At safepoint: 10408 ns, Total: 315800 ns
[2025-01-17T08:09:04.811+0000][79][info ][safepoint   ] Safepoint "Cleanup", Time since last: 2689588745 ns, Reaching safepoint: 13987 ns, Cleanup: 382601 ns, At safepoint: 33630 ns, Total: 430218 ns
[2025-01-17T08:09:06.135+0000][79][info ][safepoint   ] Safepoint "Cleanup", Time since last: 1323816372 ns, Reaching safepoint: 33840 ns, Cleanup: 415330 ns, At safepoint: 29681 ns, Total: 478851 ns
[2025-01-17T08:09:08.137+0000][79][info ][safepoint   ] Safepoint "Cleanup", Time since last: 2001344935 ns, Reaching safepoint: 74226 ns, Cleanup: 637877 ns, At safepoint: 20866 ns, Total: 732969 ns
[2025-01-17T08:09:10.139+0000][79][info ][safepoint   ] Safepoint "Cleanup", Time since last: 2001128611 ns, Reaching safepoint: 31743 ns, Cleanup: 543233 ns, At safepoint: 24928 ns, Total: 599904 ns
[2025-01-17T08:09:11.140+0000][79][info ][safepoint   ] Safepoint "Cleanup", Time since last: 1000307855 ns, Reaching safepoint: 14856 ns, Cleanup: 267240 ns, At safepoint: 20075 ns, Total: 302171 ns
[2025-01-17T08:09:13.147+0000][79][info ][safepoint   ] Safepoint "Cleanup", Time since last: 2006739364 ns, Reaching safepoint: 29453 ns, Cleanup: 257533 ns, At safepoint: 11723 ns, Total: 298709 ns
[2025-01-17T08:09:14.148+0000][79][info ][safepoint   ] Safepoint "Cleanup", Time since last: 1001274780 ns, Reaching safepoint: 28794 ns, Cleanup: 321619 ns, At safepoint: 13186 ns, Total: 363599 ns
[2025-01-17T08:09:16.150+0000][79][info ][safepoint   ] Safepoint "Cleanup", Time since last: 2001171486 ns, Reaching safepoint: 39005 ns, Cleanup: 455603 ns, At safepoint: 19277 ns, Total: 513885 ns
[2025-01-17T08:09:17.156+0000][79][info ][safepoint   ] Safepoint "Cleanup", Time since last: 1005319653 ns, Reaching safepoint: 11133 ns, Cleanup: 265297 ns, At safepoint: 51593 ns, Total: 328023 ns
[2025-01-17T08:09:18.162+0000][79][info ][safepoint   ] Safepoint "Cleanup", Time since last: 1005734705 ns, Reaching safepoint: 30904 ns, Cleanup: 280479 ns, At safepoint: 11078 ns, Total: 322461 ns
[2025-01-17T08:09:20.163+0000][79][info ][safepoint   ] Safepoint "Cleanup", Time since last: 2000768684 ns, Reaching safepoint: 41752 ns, Cleanup: 523418 ns, At safepoint: 21235 ns, Total: 586405 ns
[2025-01-17T08:09:22.806+0000][79][info ][safepoint   ] Safepoint "Cleanup", Time since last: 2642397791 ns, Reaching safepoint: 11429 ns, Cleanup: 247986 ns, At safepoint: 22043 ns, Total: 281458 ns
[2025-01-17T08:09:24.185+0000][79][info ][safepoint   ] Safepoint "Cleanup", Time since last: 1380184162 ns, Reaching safepoint: 150504 ns, Cleanup: 795750 ns, At safepoint: 17439 ns, Total: 963693 ns
[2025-01-17T08:09:25.188+0000][79][info ][safepoint   ] Safepoint "Cleanup", Time since last: 1002173991 ns, Reaching safepoint: 44200 ns, Cleanup: 580543 ns, At safepoint: 52627 ns, Total: 677370 ns
[2025-01-17T08:09:26.189+0000][79][info ][safepoint   ] Safepoint "Cleanup", Time since last: 1001033943 ns, Reaching safepoint: 33289 ns, Cleanup: 351401 ns, At safepoint: 14248 ns, Total: 398938 ns
[2025-01-17T08:09:28.816+0000][79][info ][safepoint   ] Safepoint "Cleanup", Time since last: 2626258102 ns, Reaching safepoint: 10151 ns, Cleanup: 239499 ns, At safepoint: 20839 ns, Total: 270489 ns
[2025-01-17T08:09:30.202+0000][79][info ][safepoint   ] Safepoint "Cleanup", Time since last: 1385980508 ns, Reaching safepoint: 30856 ns, Cleanup: 333256 ns, At safepoint: 13009 ns, Total: 377121 ns
[2025-01-17T08:09:31.204+0000][79][info ][safepoint   ] Safepoint "Cleanup", Time since last: 1000998835 ns, Reaching safepoint: 28043 ns, Cleanup: 248559 ns, At safepoint: 34122 ns, Total: 310724 ns
[2025-01-17T08:09:32.205+0000][79][info ][safepoint   ] Safepoint "Cleanup", Time since last: 1000849349 ns, Reaching safepoint: 35020 ns, Cleanup: 509679 ns, At safepoint: 36474 ns, Total: 581173 ns
[2025-01-17T08:09:34.810+0000][79][info ][safepoint   ] Safepoint "Cleanup", Time since last: 2604860725 ns, Reaching safepoint: 10383 ns, Cleanup: 247276 ns, At safepoint: 19995 ns, Total: 277654 ns
[2025-01-17T08:09:36.226+0000][79][info ][safepoint   ] Safepoint "Cleanup", Time since last: 1415415045 ns, Reaching safepoint: 29050 ns, Cleanup: 329313 ns, At safepoint: 12088 ns, Total: 370451 ns
[2025-01-17T08:09:37.227+0000][79][info ][safepoint   ] Safepoint "Cleanup", Time since last: 1000800523 ns, Reaching safepoint: 26416 ns, Cleanup: 328744 ns, At safepoint: 12720 ns, Total: 367880 ns
[2025-01-17T08:09:38.229+0000][79][info ][safepoint   ] Safepoint "Cleanup", Time since last: 1000879604 ns, Reaching safepoint: 34481 ns, Cleanup: 461834 ns, At safepoint: 17269 ns, Total: 513584 ns
[2025-01-17T08:09:40.811+0000][79][info ][safepoint   ] Safepoint "Cleanup", Time since last: 2582321760 ns, Reaching safepoint: 10899 ns, Cleanup: 294666 ns, At safepoint: 20594 ns, Total: 326159 ns
[2025-01-17T08:09:42.245+0000][79][info ][safepoint   ] Safepoint "Cleanup", Time since last: 1433485931 ns, Reaching safepoint: 36442 ns, Cleanup: 388385 ns, At safepoint: 54528 ns, Total: 479355 ns
[2025-01-17T08:09:46.805+0000][79][info ][safepoint   ] Safepoint "Cleanup", Time since last: 4559372143 ns, Reaching safepoint: 10933 ns, Cleanup: 259592 ns, At safepoint: 21305 ns, Total: 291830 ns
[2025-01-17T08:09:48.258+0000][79][info ][safepoint   ] Safepoint "Cleanup", Time since last: 1452814975 ns, Reaching safepoint: 27869 ns, Cleanup: 277761 ns, At safepoint: 14511 ns, Total: 320141 ns
[2025-01-17T08:09:50.259+0000][79][info ][safepoint   ] Safepoint "Cleanup", Time since last: 2000701970 ns, Reaching safepoint: 29013 ns, Cleanup: 281936 ns, At safepoint: 51174 ns, Total: 362123 ns
[2025-01-17T08:09:52.812+0000][79][info ][safepoint   ] Safepoint "Cleanup", Time since last: 2553027110 ns, Reaching safepoint: 10554 ns, Cleanup: 253151 ns, At safepoint: 20292 ns, Total: 283997 ns
[2025-01-17T08:09:54.268+0000][79][info ][safepoint   ] Safepoint "Cleanup", Time since last: 1456866574 ns, Reaching safepoint: 59652 ns, Cleanup: 317887 ns, At safepoint: 12762 ns, Total: 390301 ns
[2025-01-17T08:09:56.269+0000][79][info ][safepoint   ] Safepoint "Cleanup", Time since last: 2000833963 ns, Reaching safepoint: 32073 ns, Cleanup: 336969 ns, At safepoint: 45223 ns, Total: 414265 ns
[2025-01-17T08:09:57.270+0000][79][info ][safepoint   ] Safepoint "Cleanup", Time since last: 1000572990 ns, Reaching safepoint: 29405 ns, Cleanup: 345105 ns, At safepoint: 33308 ns, Total: 407818 ns
[2025-01-17T08:09:58.813+0000][79][info ][safepoint   ] Safepoint "Cleanup", Time since last: 1542290598 ns, Reaching safepoint: 9535 ns, Cleanup: 240481 ns, At safepoint: 18831 ns, Total: 268847 ns
[2025-01-17T08:10:00.303+0000][79][info ][safepoint   ] Safepoint "Cleanup", Time since last: 1490033157 ns, Reaching safepoint: 13323 ns, Cleanup: 359638 ns, At safepoint: 27755 ns, Total: 400716 ns
[2025-01-17T08:10:01.311+0000][79][info ][safepoint   ] Safepoint "Cleanup", Time since last: 1007344107 ns, Reaching safepoint: 47597 ns, Cleanup: 396258 ns, At safepoint: 13068 ns, Total: 456923 ns
[2025-01-17T08:10:02.312+0000][79][info ][safepoint   ] Safepoint "Cleanup", Time since last: 1000589449 ns, Reaching safepoint: 26753 ns, Cleanup: 287339 ns, At safepoint: 38480 ns, Total: 352572 ns
[2025-01-17T08:10:04.805+0000][79][info ][safepoint   ] Safepoint "Cleanup", Time since last: 2492361160 ns, Reaching safepoint: 10626 ns, Cleanup: 242135 ns, At safepoint: 43591 ns, Total: 296352 ns
[2025-01-17T08:10:06.324+0000][79][info ][safepoint   ] Safepoint "Cleanup", Time since last: 1518417353 ns, Reaching safepoint: 41735 ns, Cleanup: 574221 ns, At safepoint: 45698 ns, Total: 661654 ns
[2025-01-17T08:10:08.325+0000][79][info ][safepoint   ] Safepoint "Cleanup", Time since last: 2001069734 ns, Reaching safepoint: 25846 ns, Cleanup: 253162 ns, At safepoint: 9861 ns, Total: 288869 ns
[2025-01-17T08:10:11.331+0000][79][info ][safepoint   ] Safepoint "Cleanup", Time since last: 3004952864 ns, Reaching safepoint: 66987 ns, Cleanup: 957538 ns, At safepoint: 219601 ns, Total: 1244126 ns
[2025-01-17T08:10:13.344+0000][79][info ][safepoint   ] Safepoint "Cleanup", Time since last: 2011887884 ns, Reaching safepoint: 41856 ns, Cleanup: 469792 ns, At safepoint: 18591 ns, Total: 530239 ns
[2025-01-17T08:10:15.345+0000][79][info ][safepoint   ] Safepoint "Cleanup", Time since last: 2001076132 ns, Reaching safepoint: 41210 ns, Cleanup: 478893 ns, At safepoint: 39870 ns, Total: 559973 ns
[2025-01-17T08:10:16.346+0000][79][info ][safepoint   ] Safepoint "Cleanup", Time since last: 1000767364 ns, Reaching safepoint: 25122 ns, Cleanup: 303510 ns, At safepoint: 11923 ns, Total: 340555 ns
[2025-01-17T08:10:17.354+0000][79][info ][safepoint   ] Safepoint "Cleanup", Time since last: 1006889412 ns, Reaching safepoint: 12277 ns, Cleanup: 322365 ns, At safepoint: 25581 ns, Total: 360223 ns
[2025-01-17T08:10:18.362+0000][79][info ][safepoint   ] Safepoint "Cleanup", Time since last: 1007915602 ns, Reaching safepoint: 31625 ns, Cleanup: 349173 ns, At safepoint: 10046 ns, Total: 390844 ns
[2025-01-17T08:10:22.812+0000][79][info ][safepoint   ] Safepoint "Cleanup", Time since last: 4449340797 ns, Reaching safepoint: 10726 ns, Cleanup: 290552 ns, At safepoint: 22472 ns, Total: 323750 ns
[2025-01-17T08:10:24.379+0000][79][info ][safepoint   ] Safepoint "Cleanup", Time since last: 1568451226 ns, Reaching safepoint: 30148 ns, Cleanup: 251692 ns, At safepoint: 10520 ns, Total: 292360 ns
[2025-01-17T08:10:25.380+0000][79][info ][safepoint   ] Safepoint "Cleanup", Time since last: 1000446439 ns, Reaching safepoint: 47840 ns, Cleanup: 320864 ns, At safepoint: 22223 ns, Total: 390927 ns
[2025-01-17T08:10:26.381+0000][79][info ][safepoint   ] Safepoint "Cleanup", Time since last: 1000696755 ns, Reaching safepoint: 35472 ns, Cleanup: 752214 ns, At safepoint: 28250 ns, Total: 815936 ns
[2025-01-17T08:10:29.388+0000][79][info ][safepoint   ] Safepoint "Cleanup", Time since last: 3006577308 ns, Reaching safepoint: 11099 ns, Cleanup: 269059 ns, At safepoint: 21148 ns, Total: 301306 ns
[2025-01-17T08:10:30.394+0000][79][info ][safepoint   ] Safepoint "Cleanup", Time since last: 1005820336 ns, Reaching safepoint: 26236 ns, Cleanup: 268129 ns, At safepoint: 10634 ns, Total: 304999 ns
[2025-01-17T08:10:31.395+0000][79][info ][safepoint   ] Safepoint "Cleanup", Time since last: 1000645160 ns, Reaching safepoint: 42571 ns, Cleanup: 544065 ns, At safepoint: 22109 ns, Total: 608745 ns
[2025-01-17T08:10:32.398+0000][79][info ][safepoint   ] Safepoint "Cleanup", Time since last: 1001836612 ns, Reaching safepoint: 41358 ns, Cleanup: 579577 ns, At safepoint: 17755 ns, Total: 638690 ns
[2025-01-17T08:10:34.835+0000][79][info ][safepoint   ] Safepoint "Cleanup", Time since last: 2436257120 ns, Reaching safepoint: 16825 ns, Cleanup: 334517 ns, At safepoint: 65747 ns, Total: 417089 ns
[2025-01-17T08:10:36.428+0000][79][info ][safepoint   ] Safepoint "Cleanup", Time since last: 1592832140 ns, Reaching safepoint: 16646 ns, Cleanup: 800992 ns, At safepoint: 100362 ns, Total: 918000 ns
[2025-01-17T08:10:37.441+0000][79][info ][safepoint   ] Safepoint "Cleanup", Time since last: 1012163103 ns, Reaching safepoint: 50561 ns, Cleanup: 690635 ns, At safepoint: 17401 ns, Total: 758597 ns
[2025-01-17T08:10:40.444+0000][79][info ][safepoint   ] Safepoint "Cleanup", Time since last: 3001558885 ns, Reaching safepoint: 95954 ns, Cleanup: 641075 ns, At safepoint: 17944 ns, Total: 754973 ns
[2025-01-17T08:10:41.454+0000][79][info ][safepoint   ] Safepoint "Cleanup", Time since last: 1009776655 ns, Reaching safepoint: 21658 ns, Cleanup: 549675 ns, At safepoint: 46910 ns, Total: 618243 ns
[2025-01-17T08:10:42.467+0000][79][info ][safepoint   ] Safepoint "Cleanup", Time since last: 1012066911 ns, Reaching safepoint: 51156 ns, Cleanup: 617939 ns, At safepoint: 16943 ns, Total: 686038 ns
[2025-01-17T08:10:44.468+0000][79][info ][safepoint   ] Safepoint "Cleanup", Time since last: 2000979253 ns, Reaching safepoint: 27106 ns, Cleanup: 269834 ns, At safepoint: 10992 ns, Total: 307932 ns
[2025-01-17T08:10:47.485+0000][79][info ][safepoint   ] Safepoint "Cleanup", Time since last: 3016924334 ns, Reaching safepoint: 17262 ns, Cleanup: 495966 ns, At safepoint: 39761 ns, Total: 552989 ns
[2025-01-17T08:10:50.502+0000][79][info ][safepoint   ] Safepoint "Cleanup", Time since last: 3015803799 ns, Reaching safepoint: 44130 ns, Cleanup: 580695 ns, At safepoint: 62125 ns, Total: 686950 ns
[2025-01-17T08:10:52.823+0000][79][info ][safepoint   ] Safepoint "Cleanup", Time since last: 2320820519 ns, Reaching safepoint: 9788 ns, Cleanup: 258234 ns, At safepoint: 20068 ns, Total: 288090 ns
[2025-01-17T08:10:54.521+0000][79][info ][safepoint   ] Safepoint "Cleanup", Time since last: 1699930799 ns, Reaching safepoint: 26734 ns, Cleanup: 269558 ns, At safepoint: 10885 ns, Total: 307177 ns
[2025-01-17T08:10:58.815+0000][79][info ][safepoint   ] Safepoint "Cleanup", Time since last: 4293606860 ns, Reaching safepoint: 24391 ns, Cleanup: 226654 ns, At safepoint: 20151 ns, Total: 271196 ns
[2025-01-17T08:11:00.556+0000][79][info ][safepoint   ] Safepoint "Cleanup", Time since last: 1740031645 ns, Reaching safepoint: 40094 ns, Cleanup: 518044 ns, At safepoint: 15181 ns, Total: 573319 ns
[2025-01-17T08:11:02.557+0000][79][info ][safepoint   ] Safepoint "Cleanup", Time since last: 2001136825 ns, Reaching safepoint: 25521 ns, Cleanup: 255444 ns, At safepoint: 10017 ns, Total: 290982 ns
[2025-01-17T08:11:02.627+0000][79][info ][safepoint   ] Safepoint "ICBufferFull", Time since last: 69036460 ns, Reaching safepoint: 593825 ns, Cleanup: 261859 ns, At safepoint: 214196 ns, Total: 1069880 ns
[2025-01-17T08:11:02.686+0000][79][info ][safepoint   ] Safepoint "ICBufferFull", Time since last: 57937471 ns, Reaching safepoint: 110539 ns, Cleanup: 247490 ns, At safepoint: 96739 ns, Total: 454768 ns
[2025-01-17T08:11:03.686+0000][79][info ][safepoint   ] Safepoint "Cleanup", Time since last: 1000278697 ns, Reaching safepoint: 14491 ns, Cleanup: 250519 ns, At safepoint: 34082 ns, Total: 299092 ns
[2025-01-17T08:11:04.687+0000][79][info ][safepoint   ] Safepoint "Cleanup", Time since last: 1000832710 ns, Reaching safepoint: 85796 ns, Cleanup: 413600 ns, At safepoint: 36993 ns, Total: 536389 ns
[2025-01-17T08:11:06.584+0000][79][info ][safepoint   ] Safepoint "Cleanup", Time since last: 1896623232 ns, Reaching safepoint: 29813 ns, Cleanup: 247165 ns, At safepoint: 7775 ns, Total: 284753 ns
[2025-01-17T08:11:08.586+0000][79][info ][safepoint   ] Safepoint "Cleanup", Time since last: 2000838804 ns, Reaching safepoint: 51761 ns, Cleanup: 633080 ns, At safepoint: 18535 ns, Total: 703376 ns
[2025-01-17T08:11:10.588+0000][79][info ][safepoint   ] Safepoint "Cleanup", Time since last: 2001301317 ns, Reaching safepoint: 105211 ns, Cleanup: 718952 ns, At safepoint: 61814 ns, Total: 885977 ns
[2025-01-17T08:11:11.595+0000][79][info ][safepoint   ] Safepoint "Cleanup", Time since last: 1006345647 ns, Reaching safepoint: 18699 ns, Cleanup: 510355 ns, At safepoint: 45128 ns, Total: 574182 ns
[2025-01-17T08:11:12.609+0000][79][info ][safepoint   ] Safepoint "Cleanup", Time since last: 1013398026 ns, Reaching safepoint: 28038 ns, Cleanup: 365471 ns, At safepoint: 22724 ns, Total: 416233 ns
[2025-01-17T08:11:13.728+0000][79][info ][safepoint   ] Safepoint "Cleanup", Time since last: 1118241587 ns, Reaching safepoint: 46567 ns, Cleanup: 565509 ns, At safepoint: 20586 ns, Total: 632662 ns
[2025-01-17T08:11:14.730+0000][79][info ][safepoint   ] Safepoint "Cleanup", Time since last: 1001142789 ns, Reaching safepoint: 41288 ns, Cleanup: 609329 ns, At safepoint: 66944 ns, Total: 717561 ns
[2025-01-17T08:11:15.732+0000][79][info ][safepoint   ] Safepoint "Cleanup", Time since last: 1001229923 ns, Reaching safepoint: 62619 ns, Cleanup: 697875 ns, At safepoint: 38583 ns, Total: 799077 ns
[2025-01-17T08:11:17.641+0000][79][info ][safepoint   ] Safepoint "Cleanup", Time since last: 1908867044 ns, Reaching safepoint: 18884 ns, Cleanup: 618314 ns, At safepoint: 141595 ns, Total: 778793 ns
[2025-01-17T08:11:19.662+0000][79][info ][safepoint   ] Safepoint "Cleanup", Time since last: 2020029263 ns, Reaching safepoint: 42576 ns, Cleanup: 495331 ns, At safepoint: 16881 ns, Total: 554788 ns
[2025-01-17T08:11:20.663+0000][79][info ][safepoint   ] Safepoint "Cleanup", Time since last: 1000733403 ns, Reaching safepoint: 28257 ns, Cleanup: 253087 ns, At safepoint: 12084 ns, Total: 293428 ns
[2025-01-17T08:11:22.832+0000][79][info ][safepoint   ] Safepoint "Cleanup", Time since last: 2169084498 ns, Reaching safepoint: 14381 ns, Cleanup: 389224 ns, At safepoint: 34051 ns, Total: 437656 ns
[2025-01-17T08:11:24.694+0000][79][info ][safepoint   ] Safepoint "Cleanup", Time since last: 1863811044 ns, Reaching safepoint: 28944 ns, Cleanup: 291250 ns, At safepoint: 11036 ns, Total: 331230 ns
[2025-01-17T08:11:28.814+0000][79][info ][safepoint   ] Safepoint "Cleanup", Time since last: 4119246079 ns, Reaching safepoint: 11184 ns, Cleanup: 270677 ns, At safepoint: 26502 ns, Total: 308363 ns
[2025-01-17T08:11:30.719+0000][79][info ][safepoint   ] Safepoint "Cleanup", Time since last: 1904938165 ns, Reaching safepoint: 58534 ns, Cleanup: 728645 ns, At safepoint: 26913 ns, Total: 814092 ns
[2025-01-17T08:11:32.721+0000][79][info ][safepoint   ] Safepoint "Cleanup", Time since last: 2001300768 ns, Reaching safepoint: 37212 ns, Cleanup: 298113 ns, At safepoint: 9017 ns, Total: 344342 ns
[2025-01-17T08:11:34.824+0000][79][info ][safepoint   ] Safepoint "Cleanup", Time since last: 2102704051 ns, Reaching safepoint: 11292 ns, Cleanup: 256028 ns, At safepoint: 20067 ns, Total: 287387 ns
[2025-01-17T08:11:36.751+0000][79][info ][safepoint   ] Safepoint "Cleanup", Time since last: 1926319386 ns, Reaching safepoint: 45083 ns, Cleanup: 602282 ns, At safepoint: 19809 ns, Total: 667174 ns
[2025-01-17T08:11:40.832+0000][79][info ][safepoint   ] Safepoint "Cleanup", Time since last: 4080449671 ns, Reaching safepoint: 11063 ns, Cleanup: 254538 ns, At safepoint: 27743 ns, Total: 293344 ns
[2025-01-17T08:11:42.780+0000][79][info ][safepoint   ] Safepoint "Cleanup", Time since last: 1946631546 ns, Reaching safepoint: 332915 ns, Cleanup: 995155 ns, At safepoint: 100470 ns, Total: 1428540 ns
[2025-01-17T08:11:43.781+0000][79][info ][safepoint   ] Safepoint "Cleanup", Time since last: 1001066501 ns, Reaching safepoint: 25137 ns, Cleanup: 232201 ns, At safepoint: 20363 ns, Total: 277701 ns
[2025-01-17T08:11:46.824+0000][79][info ][safepoint   ] Safepoint "Cleanup", Time since last: 3042270736 ns, Reaching safepoint: 9976 ns, Cleanup: 248382 ns, At safepoint: 20724 ns, Total: 279082 ns
[2025-01-17T08:11:48.797+0000][79][info ][safepoint   ] Safepoint "Cleanup", Time since last: 1972642672 ns, Reaching safepoint: 27599 ns, Cleanup: 332519 ns, At safepoint: 39901 ns, Total: 400019 ns
[2025-01-17T08:11:52.823+0000][79][info ][safepoint   ] Safepoint "Cleanup", Time since last: 4026422879 ns, Reaching safepoint: 11583 ns, Cleanup: 243780 ns, At safepoint: 20000 ns, Total: 275363 ns
[2025-01-17T08:11:54.821+0000][79][info ][safepoint   ] Safepoint "Cleanup", Time since last: 1997995226 ns, Reaching safepoint: 46932 ns, Cleanup: 551973 ns, At safepoint: 18700 ns, Total: 617605 ns
[2025-01-17T08:11:55.822+0000][79][info ][safepoint   ] Safepoint "Cleanup", Time since last: 1000927300 ns, Reaching safepoint: 59000 ns, Cleanup: 525701 ns, At safepoint: 41864 ns, Total: 626565 ns
[2025-01-17T08:11:58.815+0000][79][info ][safepoint   ] Safepoint "Cleanup", Time since last: 2991998016 ns, Reaching safepoint: 31655 ns, Cleanup: 328250 ns, At safepoint: 46974 ns, Total: 406879 ns
[2025-01-17T08:11:59.850+0000][79][info ][safepoint   ] Safepoint "Cleanup", Time since last: 1035115060 ns, Reaching safepoint: 74384 ns, Cleanup: 249553 ns, At safepoint: 23677 ns, Total: 347614 ns
[2025-01-17T08:12:00.852+0000][79][info ][safepoint   ] Safepoint "Cleanup", Time since last: 1001457461 ns, Reaching safepoint: 21243 ns, Cleanup: 582138 ns, At safepoint: 47605 ns, Total: 650986 ns
[2025-01-17T08:12:01.870+0000][79][info ][safepoint   ] Safepoint "Cleanup", Time since last: 1017606036 ns, Reaching safepoint: 28520 ns, Cleanup: 272138 ns, At safepoint: 9923 ns, Total: 310581 ns
[2025-01-17T08:12:02.871+0000][79][info ][safepoint   ] Safepoint "Cleanup", Time since last: 1000460198 ns, Reaching safepoint: 47325 ns, Cleanup: 545895 ns, At safepoint: 19616 ns, Total: 612836 ns
[2025-01-17T08:12:04.833+0000][79][info ][safepoint   ] Safepoint "Cleanup", Time since last: 1961676564 ns, Reaching safepoint: 10741 ns, Cleanup: 226649 ns, At safepoint: 20140 ns, Total: 257530 ns
[2025-01-17T08:12:05.842+0000][79][info ][safepoint   ] Safepoint "Cleanup", Time since last: 1008038733 ns, Reaching safepoint: 31942 ns, Cleanup: 314998 ns, At safepoint: 15782 ns, Total: 362722 ns
[2025-01-17T08:12:07.900+0000][79][info ][safepoint   ] Safepoint "Cleanup", Time since last: 2057898476 ns, Reaching safepoint: 51758 ns, Cleanup: 859643 ns, At safepoint: 31018 ns, Total: 942419 ns
[2025-01-17T08:12:09.903+0000][79][info ][safepoint   ] Safepoint "Cleanup", Time since last: 2001607287 ns, Reaching safepoint: 43770 ns, Cleanup: 592127 ns, At safepoint: 22916 ns, Total: 658813 ns
[2025-01-17T08:12:10.940+0000][79][info ][safepoint   ] Safepoint "Cleanup", Time since last: 1036774588 ns, Reaching safepoint: 10310 ns, Cleanup: 241075 ns, At safepoint: 19287 ns, Total: 270672 ns
[2025-01-17T08:12:11.942+0000][79][info ][safepoint   ] Safepoint "Cleanup", Time since last: 1002079831 ns, Reaching safepoint: 16527 ns, Cleanup: 472563 ns, At safepoint: 41560 ns, Total: 530650 ns
[2025-01-17T08:12:12.952+0000][79][info ][safepoint   ] Safepoint "Cleanup", Time since last: 1009064118 ns, Reaching safepoint: 92553 ns, Cleanup: 820786 ns, At safepoint: 125518 ns, Total: 1038857 ns
[2025-01-17T08:12:14.954+0000][79][info ][safepoint   ] Safepoint "Cleanup", Time since last: 2001133514 ns, Reaching safepoint: 25657 ns, Cleanup: 272538 ns, At safepoint: 9435 ns, Total: 307630 ns
[2025-01-17T08:12:15.955+0000][79][info ][safepoint   ] Safepoint "Cleanup", Time since last: 1000515381 ns, Reaching safepoint: 28107 ns, Cleanup: 267208 ns, At safepoint: 9001 ns, Total: 304316 ns
[2025-01-17T08:12:16.957+0000][79][info ][safepoint   ] Safepoint "Cleanup", Time since last: 1001628364 ns, Reaching safepoint: 10303 ns, Cleanup: 253513 ns, At safepoint: 42108 ns, Total: 305924 ns
[2025-01-17T08:12:19.981+0000][79][info ][safepoint   ] Safepoint "Cleanup", Time since last: 3024491838 ns, Reaching safepoint: 26342 ns, Cleanup: 243003 ns, At safepoint: 11596 ns, Total: 280941 ns
[2025-01-17T08:12:20.983+0000][79][info ][safepoint   ] Safepoint "Cleanup", Time since last: 1000831362 ns, Reaching safepoint: 53639 ns, Cleanup: 697908 ns, At safepoint: 28277 ns, Total: 779824 ns
[2025-01-17T08:12:22.812+0000][79][info ][safepoint   ] Safepoint "Cleanup", Time since last: 1828684688 ns, Reaching safepoint: 10568 ns, Cleanup: 238349 ns, At safepoint: 21219 ns, Total: 270136 ns
[2025-01-17T08:12:24.004+0000][79][info ][safepoint   ] Safepoint "Cleanup", Time since last: 1192978607 ns, Reaching safepoint: 27386 ns, Cleanup: 258328 ns, At safepoint: 11117 ns, Total: 296831 ns
[2025-01-17T08:12:29.021+0000][79][info ][safepoint   ] Safepoint "Cleanup", Time since last: 5016568622 ns, Reaching safepoint: 48072 ns, Cleanup: 490364 ns, At safepoint: 73765 ns, Total: 612201 ns
[2025-01-17T08:12:34.835+0000][79][info ][safepoint   ] Safepoint "Cleanup", Time since last: 5814162082 ns, Reaching safepoint: 12205 ns, Cleanup: 269797 ns, At safepoint: 22940 ns, Total: 304942 ns
[2025-01-17T08:12:36.097+0000][79][info ][safepoint   ] Safepoint "Cleanup", Time since last: 1260742202 ns, Reaching safepoint: 20231 ns, Cleanup: 562247 ns, At safepoint: 41551 ns, Total: 624029 ns
[2025-01-17T08:12:38.114+0000][79][info ][safepoint   ] Safepoint "Cleanup", Time since last: 2016563323 ns, Reaching safepoint: 27260 ns, Cleanup: 252827 ns, At safepoint: 8996 ns, Total: 289083 ns
[2025-01-17T08:12:40.115+0000][79][info ][safepoint   ] Safepoint "Cleanup", Time since last: 2000750191 ns, Reaching safepoint: 48217 ns, Cleanup: 767116 ns, At safepoint: 38788 ns, Total: 854121 ns
[2025-01-17T08:12:41.126+0000][79][info ][safepoint   ] Safepoint "Cleanup", Time since last: 1010343324 ns, Reaching safepoint: 17780 ns, Cleanup: 485444 ns, At safepoint: 40136 ns, Total: 543360 ns
[2025-01-17T08:12:46.820+0000][79][info ][safepoint   ] Safepoint "Cleanup", Time since last: 5693779382 ns, Reaching safepoint: 40164 ns, Cleanup: 275495 ns, At safepoint: 22951 ns, Total: 338610 ns
[2025-01-17T08:12:48.258+0000][79][info ][safepoint   ] Safepoint "Cleanup", Time since last: 1436697644 ns, Reaching safepoint: 75717 ns, Cleanup: 514355 ns, At safepoint: 14427 ns, Total: 604499 ns
[2025-01-17T08:12:52.831+0000][79][info ][safepoint   ] Safepoint "Cleanup", Time since last: 4573071470 ns, Reaching safepoint: 18582 ns, Cleanup: 251165 ns, At safepoint: 32000 ns, Total: 301747 ns
[2025-01-17T08:12:54.275+0000][79][info ][safepoint   ] Safepoint "Cleanup", Time since last: 1445527718 ns, Reaching safepoint: 32540 ns, Cleanup: 312650 ns, At safepoint: 40589 ns, Total: 385779 ns
[2025-01-17T08:12:55.276+0000][79][info ][safepoint   ] Safepoint "Cleanup", Time since last: 1000577892 ns, Reaching safepoint: 29248 ns, Cleanup: 253555 ns, At safepoint: 8458 ns, Total: 291261 ns
[2025-01-17T08:12:58.833+0000][79][info ][safepoint   ] Safepoint "Cleanup", Time since last: 3557367123 ns, Reaching safepoint: 27377 ns, Cleanup: 248241 ns, At safepoint: 20000 ns, Total: 295618 ns
[2025-01-17T08:12:59.544+0000][79][info ][safepoint   ] Safepoint "ICBufferFull", Time since last: 710024379 ns, Reaching safepoint: 28831 ns, Cleanup: 242663 ns, At safepoint: 32486 ns, Total: 303980 ns
[2025-01-17T08:13:00.545+0000][79][info ][safepoint   ] Safepoint "Cleanup", Time since last: 1000449594 ns, Reaching safepoint: 32670 ns, Cleanup: 265550 ns, At safepoint: 10895 ns, Total: 309115 ns
[2025-01-17T08:13:04.546+0000][79][info ][safepoint   ] Safepoint "Cleanup", Time since last: 4001032102 ns, Reaching safepoint: 65643 ns, Cleanup: 258566 ns, At safepoint: 9719 ns, Total: 333928 ns
[2025-01-17T08:13:06.330+0000][79][info ][safepoint   ] Safepoint "Cleanup", Time since last: 1783504138 ns, Reaching safepoint: 73889 ns, Cleanup: 663236 ns, At safepoint: 20912 ns, Total: 758037 ns
[2025-01-17T08:13:10.822+0000][79][info ][safepoint   ] Safepoint "Cleanup", Time since last: 4491746849 ns, Reaching safepoint: 11179 ns, Cleanup: 246380 ns, At safepoint: 21475 ns, Total: 279034 ns
[2025-01-17T08:13:12.348+0000][79][info ][safepoint   ] Safepoint "Cleanup", Time since last: 1525731370 ns, Reaching safepoint: 29190 ns, Cleanup: 265239 ns, At safepoint: 8431 ns, Total: 302860 ns
[2025-01-17T08:13:13.350+0000][79][info ][safepoint   ] Safepoint "Cleanup", Time since last: 1000821072 ns, Reaching safepoint: 122869 ns, Cleanup: 625952 ns, At safepoint: 56064 ns, Total: 804885 ns
[2025-01-17T08:13:16.823+0000][79][info ][safepoint   ] Safepoint "Cleanup", Time since last: 3472417646 ns, Reaching safepoint: 33846 ns, Cleanup: 272495 ns, At safepoint: 36303 ns, Total: 342644 ns
[2025-01-17T08:13:18.361+0000][79][info ][safepoint   ] Safepoint "Cleanup", Time since last: 1538548511 ns, Reaching safepoint: 26750 ns, Cleanup: 288919 ns, At safepoint: 12891 ns, Total: 328560 ns
[2025-01-17T08:13:23.369+0000][79][info ][safepoint   ] Safepoint "Cleanup", Time since last: 5009771419 ns, Reaching safepoint: 12765 ns, Cleanup: 261805 ns, At safepoint: 22243 ns, Total: 296813 ns
[2025-01-17T08:13:24.377+0000][79][info ][safepoint   ] Safepoint "Cleanup", Time since last: 1008170658 ns, Reaching safepoint: 33777 ns, Cleanup: 262591 ns, At safepoint: 8602 ns, Total: 304970 ns
[2025-01-17T08:13:28.818+0000][79][info ][safepoint   ] Safepoint "Cleanup", Time since last: 4440079249 ns, Reaching safepoint: 22188 ns, Cleanup: 232574 ns, At safepoint: 27641 ns, Total: 282403 ns
[2025-01-17T08:13:30.408+0000][79][info ][safepoint   ] Safepoint "Cleanup", Time since last: 1589268553 ns, Reaching safepoint: 44739 ns, Cleanup: 608423 ns, At safepoint: 45081 ns, Total: 698243 ns
[2025-01-17T08:13:34.826+0000][79][info ][safepoint   ] Safepoint "Cleanup", Time since last: 4418343019 ns, Reaching safepoint: 10382 ns, Cleanup: 252221 ns, At safepoint: 20275 ns, Total: 282878 ns
[2025-01-17T08:13:36.438+0000][79][info ][safepoint   ] Safepoint "Cleanup", Time since last: 1610888821 ns, Reaching safepoint: 37795 ns, Cleanup: 544497 ns, At safepoint: 22180 ns, Total: 604472 ns
[2025-01-17T08:13:38.439+0000][79][info ][safepoint   ] Safepoint "Cleanup", Time since last: 2000981002 ns, Reaching safepoint: 42800 ns, Cleanup: 484083 ns, At safepoint: 65278 ns, Total: 592161 ns
[2025-01-17T08:13:40.851+0000][79][info ][safepoint   ] Safepoint "Cleanup", Time since last: 2411309806 ns, Reaching safepoint: 15729 ns, Cleanup: 429349 ns, At safepoint: 51771 ns, Total: 496849 ns
[2025-01-17T08:13:42.489+0000][79][info ][safepoint   ] Safepoint "Cleanup", Time since last: 1637845664 ns, Reaching safepoint: 30844 ns, Cleanup: 258545 ns, At safepoint: 9922 ns, Total: 299311 ns
[2025-01-17T08:13:44.491+0000][79][info ][safepoint   ] Safepoint "Cleanup", Time since last: 2001008412 ns, Reaching safepoint: 51703 ns, Cleanup: 254108 ns, At safepoint: 9764 ns, Total: 315575 ns
[2025-01-17T08:13:46.825+0000][79][info ][safepoint   ] Safepoint "Cleanup", Time since last: 2334399863 ns, Reaching safepoint: 9329 ns, Cleanup: 221238 ns, At safepoint: 17714 ns, Total: 248281 ns
[2025-01-17T08:13:50.515+0000][79][info ][safepoint   ] Safepoint "Cleanup", Time since last: 3689711697 ns, Reaching safepoint: 25751 ns, Cleanup: 220249 ns, At safepoint: 9371 ns, Total: 255371 ns
[2025-01-17T08:13:52.835+0000][79][info ][safepoint   ] Safepoint "Cleanup", Time since last: 2318950673 ns, Reaching safepoint: 11240 ns, Cleanup: 297467 ns, At safepoint: 24769 ns, Total: 333476 ns
[2025-01-17T08:13:54.549+0000][79][info ][safepoint   ] Safepoint "Cleanup", Time since last: 1715102536 ns, Reaching safepoint: 29861 ns, Cleanup: 235094 ns, At safepoint: 10690 ns, Total: 275645 ns
[2025-01-17T08:13:58.832+0000][79][info ][safepoint   ] Safepoint "Cleanup", Time since last: 4282635041 ns, Reaching safepoint: 14985 ns, Cleanup: 300510 ns, At safepoint: 58661 ns, Total: 374156 ns
[2025-01-17T08:14:00.577+0000][79][info ][safepoint   ] Safepoint "Cleanup", Time since last: 1744860989 ns, Reaching safepoint: 61865 ns, Cleanup: 277149 ns, At safepoint: 9869 ns, Total: 348883 ns
[2025-01-17T08:14:04.579+0000][79][info ][safepoint   ] Safepoint "Cleanup", Time since last: 4001038911 ns, Reaching safepoint: 149620 ns, Cleanup: 249832 ns, At safepoint: 9297 ns, Total: 408749 ns
[2025-01-17T08:14:05.590+0000][79][info ][safepoint   ] Safepoint "Cleanup", Time since last: 1011527370 ns, Reaching safepoint: 11615 ns, Cleanup: 269390 ns, At safepoint: 34073 ns, Total: 315078 ns
[2025-01-17T08:14:06.610+0000][79][info ][safepoint   ] Safepoint "Cleanup", Time since last: 1018861179 ns, Reaching safepoint: 20249 ns, Cleanup: 462655 ns, At safepoint: 38650 ns, Total: 521554 ns
[2025-01-17T08:14:07.623+0000][79][info ][safepoint   ] Safepoint "Cleanup", Time since last: 1012484448 ns, Reaching safepoint: 34105 ns, Cleanup: 273892 ns, At safepoint: 11349 ns, Total: 319346 ns
[2025-01-17T08:14:08.624+0000][79][info ][safepoint   ] Safepoint "Cleanup", Time since last: 1000758934 ns, Reaching safepoint: 28809 ns, Cleanup: 271079 ns, At safepoint: 11394 ns, Total: 311282 ns
[2025-01-17T08:14:10.816+0000][79][info ][safepoint   ] Safepoint "Cleanup", Time since last: 2192529274 ns, Reaching safepoint: 11440 ns, Cleanup: 256139 ns, At safepoint: 20412 ns, Total: 287991 ns
[2025-01-17T08:14:12.638+0000][79][info ][safepoint   ] Safepoint "Cleanup", Time since last: 1820814354 ns, Reaching safepoint: 31246 ns, Cleanup: 243497 ns, At safepoint: 8347 ns, Total: 283090 ns
[2025-01-17T08:14:14.639+0000][79][info ][safepoint   ] Safepoint "Cleanup", Time since last: 2000693859 ns, Reaching safepoint: 36340 ns, Cleanup: 215213 ns, At safepoint: 22169 ns, Total: 273722 ns
[2025-01-17T08:14:19.663+0000][79][info ][safepoint   ] Safepoint "Cleanup", Time since last: 5023411734 ns, Reaching safepoint: 75317 ns, Cleanup: 447765 ns, At safepoint: 15841 ns, Total: 538923 ns
[2025-01-17T08:14:23.685+0000][79][info ][safepoint   ] Safepoint "Cleanup", Time since last: 4024847831 ns, Reaching safepoint: 10654 ns, Cleanup: 249129 ns, At safepoint: 20064 ns, Total: 279847 ns
[2025-01-17T08:14:26.694+0000][79][info ][safepoint   ] Safepoint "Cleanup", Time since last: 3008621738 ns, Reaching safepoint: 26886 ns, Cleanup: 258886 ns, At safepoint: 10655 ns, Total: 296427 ns
[2025-01-17T08:14:28.258+0000][79][info ][safepoint   ] Safepoint "Cleanup", Time since last: 1563170084 ns, Reaching safepoint: 83709 ns, Cleanup: 326271 ns, At safepoint: 43124 ns, Total: 453104 ns
[2025-01-17T08:14:34.824+0000][79][info ][safepoint   ] Safepoint "Cleanup", Time since last: 6565381145 ns, Reaching safepoint: 32079 ns, Cleanup: 270571 ns, At safepoint: 28426 ns, Total: 331076 ns
[2025-01-17T08:14:36.737+0000][79][info ][safepoint   ] Safepoint "Cleanup", Time since last: 1912401081 ns, Reaching safepoint: 49240 ns, Cleanup: 620306 ns, At safepoint: 116442 ns, Total: 785988 ns
[2025-01-17T08:14:37.738+0000][79][info ][safepoint   ] Safepoint "Cleanup", Time since last: 1001031809 ns, Reaching safepoint: 30944 ns, Cleanup: 266011 ns, At safepoint: 9870 ns, Total: 306825 ns
[2025-01-17T08:14:40.826+0000][79][info ][safepoint   ] Safepoint "Cleanup", Time since last: 3087436605 ns, Reaching safepoint: 26012 ns, Cleanup: 525890 ns, At safepoint: 43416 ns, Total: 595318 ns
[2025-01-17T08:14:42.767+0000][79][info ][safepoint   ] Safepoint "Cleanup", Time since last: 1940208400 ns, Reaching safepoint: 9274 ns, Cleanup: 214603 ns, At safepoint: 19478 ns, Total: 243355 ns
[2025-01-17T08:14:47.779+0000][79][info ][safepoint   ] Safepoint "Cleanup", Time since last: 5012205265 ns, Reaching safepoint: 44255 ns, Cleanup: 255165 ns, At safepoint: 20846 ns, Total: 320266 ns
[2025-01-17T08:14:53.804+0000][79][info ][safepoint   ] Safepoint "Cleanup", Time since last: 6025874372 ns, Reaching safepoint: 270233 ns, Cleanup: 250482 ns, At safepoint: 45130 ns, Total: 565845 ns
[2025-01-17T08:14:54.809+0000][79][info ][safepoint   ] Safepoint "Cleanup", Time since last: 1003839994 ns, Reaching safepoint: 31098 ns, Cleanup: 271602 ns, At safepoint: 10536 ns, Total: 313236 ns
[2025-01-17T08:14:55.810+0000][79][info ][safepoint   ] Safepoint "Cleanup", Time since last: 1000804568 ns, Reaching safepoint: 31395 ns, Cleanup: 328204 ns, At safepoint: 42182 ns, Total: 401781 ns
[2025-01-17T08:14:58.811+0000][79][info ][safepoint   ] Safepoint "Cleanup", Time since last: 3000878225 ns, Reaching safepoint: 31078 ns, Cleanup: 266482 ns, At safepoint: 32720 ns, Total: 330280 ns
[2025-01-17T08:14:59.824+0000][79][info ][safepoint   ] Safepoint "Cleanup", Time since last: 1012970834 ns, Reaching safepoint: 11428 ns, Cleanup: 268738 ns, At safepoint: 21174 ns, Total: 301340 ns
[2025-01-17T08:15:02.832+0000][79][info ][safepoint   ] Safepoint "Cleanup", Time since last: 3007565037 ns, Reaching safepoint: 43979 ns, Cleanup: 244438 ns, At safepoint: 8861 ns, Total: 297278 ns
[2025-01-17T08:15:04.822+0000][79][info ][safepoint   ] Safepoint "Cleanup", Time since last: 1989943841 ns, Reaching safepoint: 9641 ns, Cleanup: 209491 ns, At safepoint: 18740 ns, Total: 237872 ns
[2025-01-17T08:15:05.839+0000][79][info ][safepoint   ] Safepoint "Cleanup", Time since last: 1015506908 ns, Reaching safepoint: 54960 ns, Cleanup: 852619 ns, At safepoint: 23106 ns, Total: 930685 ns
[2025-01-17T08:15:10.820+0000][79][info ][safepoint   ] Safepoint "Cleanup", Time since last: 4980617218 ns, Reaching safepoint: 12227 ns, Cleanup: 240928 ns, At safepoint: 18986 ns, Total: 272141 ns
[2025-01-17T08:15:11.882+0000][79][info ][safepoint   ] Safepoint "Cleanup", Time since last: 1061645445 ns, Reaching safepoint: 32007 ns, Cleanup: 287843 ns, At safepoint: 12382 ns, Total: 332232 ns
[2025-01-17T08:15:12.895+0000][79][info ][safepoint   ] Safepoint "Cleanup", Time since last: 1013533997 ns, Reaching safepoint: 30291 ns, Cleanup: 267982 ns, At safepoint: 10338 ns, Total: 308611 ns
[2025-01-17T08:15:14.897+0000][79][info ][safepoint   ] Safepoint "Cleanup", Time since last: 2000925541 ns, Reaching safepoint: 31943 ns, Cleanup: 254318 ns, At safepoint: 8482 ns, Total: 294743 ns
[2025-01-17T08:15:16.820+0000][79][info ][safepoint   ] Safepoint "Cleanup", Time since last: 1923301935 ns, Reaching safepoint: 13105 ns, Cleanup: 256228 ns, At safepoint: 31948 ns, Total: 301281 ns
[2025-01-17T08:15:17.841+0000][79][info ][safepoint   ] Safepoint "Cleanup", Time since last: 1020480260 ns, Reaching safepoint: 33842 ns, Cleanup: 342810 ns, At safepoint: 40066 ns, Total: 416718 ns
[2025-01-17T08:15:18.929+0000][79][info ][safepoint   ] Safepoint "Cleanup", Time since last: 1087976890 ns, Reaching safepoint: 17199 ns, Cleanup: 286710 ns, At safepoint: 18968 ns, Total: 322877 ns
[2025-01-17T08:15:20.933+0000][79][info ][safepoint   ] Safepoint "Cleanup", Time since last: 2003247635 ns, Reaching safepoint: 25477 ns, Cleanup: 247380 ns, At safepoint: 7816 ns, Total: 280673 ns
[2025-01-17T08:15:22.810+0000][79][info ][safepoint   ] Safepoint "Cleanup", Time since last: 1877008136 ns, Reaching safepoint: 9040 ns, Cleanup: 229134 ns, At safepoint: 30162 ns, Total: 268336 ns
[2025-01-17T08:15:23.944+0000][79][info ][safepoint   ] Safepoint "Cleanup", Time since last: 1134811353 ns, Reaching safepoint: 31311 ns, Cleanup: 290936 ns, At safepoint: 13518 ns, Total: 335765 ns
[2025-01-17T08:15:24.968+0000][79][info ][safepoint   ] Safepoint "Cleanup", Time since last: 1024621033 ns, Reaching safepoint: 29893 ns, Cleanup: 259313 ns, At safepoint: 9719 ns, Total: 298925 ns
[2025-01-17T08:15:25.970+0000][79][info ][safepoint   ] Safepoint "Cleanup", Time since last: 1000655842 ns, Reaching safepoint: 55917 ns, Cleanup: 965583 ns, At safepoint: 72201 ns, Total: 1093701 ns
[2025-01-17T08:15:26.972+0000][79][info ][safepoint   ] Safepoint "Cleanup", Time since last: 1001316361 ns, Reaching safepoint: 23870 ns, Cleanup: 256014 ns, At safepoint: 9341 ns, Total: 289225 ns
[2025-01-17T08:15:28.977+0000][79][info ][safepoint   ] Safepoint "Cleanup", Time since last: 2005092383 ns, Reaching safepoint: 10569 ns, Cleanup: 231075 ns, At safepoint: 20587 ns, Total: 262231 ns
[2025-01-17T08:15:29.985+0000][79][info ][safepoint   ] Safepoint "Cleanup", Time since last: 1007182711 ns, Reaching safepoint: 29722 ns, Cleanup: 323212 ns, At safepoint: 12180 ns, Total: 365114 ns
[2025-01-17T08:15:30.986+0000][79][info ][safepoint   ] Safepoint "Cleanup", Time since last: 1001064754 ns, Reaching safepoint: 50602 ns, Cleanup: 595513 ns, At safepoint: 18334 ns, Total: 664449 ns
[2025-01-17T08:15:34.851+0000][79][info ][safepoint   ] Safepoint "Cleanup", Time since last: 3864292629 ns, Reaching safepoint: 35831 ns, Cleanup: 400928 ns, At safepoint: 37210 ns, Total: 473969 ns
[2025-01-17T08:15:36.012+0000][79][info ][safepoint   ] Safepoint "Cleanup", Time since last: 1160786253 ns, Reaching safepoint: 27481 ns, Cleanup: 265526 ns, At safepoint: 12082 ns, Total: 305089 ns
[2025-01-17T08:15:37.050+0000][79][info ][safepoint   ] Safepoint "Cleanup", Time since last: 1036175253 ns, Reaching safepoint: 55858 ns, Cleanup: 905363 ns, At safepoint: 25823 ns, Total: 987044 ns
[2025-01-17T08:15:38.052+0000][79][info ][safepoint   ] Safepoint "Cleanup", Time since last: 1001764840 ns, Reaching safepoint: 31399 ns, Cleanup: 528861 ns, At safepoint: 40623 ns, Total: 600883 ns
[2025-01-17T08:15:40.833+0000][79][info ][safepoint   ] Safepoint "Cleanup", Time since last: 2781155394 ns, Reaching safepoint: 10443 ns, Cleanup: 253256 ns, At safepoint: 21961 ns, Total: 285660 ns
[2025-01-17T08:15:42.085+0000][79][info ][safepoint   ] Safepoint "Cleanup", Time since last: 1251365127 ns, Reaching safepoint: 20011 ns, Cleanup: 564031 ns, At safepoint: 66892 ns, Total: 650934 ns
[2025-01-17T08:15:46.842+0000][79][info ][safepoint   ] Safepoint "Cleanup", Time since last: 4755620981 ns, Reaching safepoint: 24441 ns, Cleanup: 658561 ns, At safepoint: 197806 ns, Total: 880808 ns
[2025-01-17T08:15:53.146+0000][79][info ][safepoint   ] Safepoint "Cleanup", Time since last: 6303527512 ns, Reaching safepoint: 81817 ns, Cleanup: 474055 ns, At safepoint: 38218 ns, Total: 594090 ns
[2025-01-17T08:15:54.166+0000][79][info ][safepoint   ] Safepoint "Cleanup", Time since last: 1022250115 ns, Reaching safepoint: 37852 ns, Cleanup: 501925 ns, At safepoint: 45051 ns, Total: 584828 ns
[2025-01-17T08:15:55.171+0000][79][info ][safepoint   ] Safepoint "Cleanup", Time since last: 1003682267 ns, Reaching safepoint: 46330 ns, Cleanup: 684470 ns, At safepoint: 23161 ns, Total: 753961 ns
[2025-01-17T08:15:56.173+0000][79][info ][safepoint   ] Safepoint "Cleanup", Time since last: 1001493098 ns, Reaching safepoint: 42064 ns, Cleanup: 711940 ns, At safepoint: 25376 ns, Total: 779380 ns
[2025-01-17T08:15:57.521+0000][79][info ][safepoint   ] Safepoint "Cleanup", Time since last: 1347414214 ns, Reaching safepoint: 29732 ns, Cleanup: 296639 ns, At safepoint: 25406 ns, Total: 351777 ns
[2025-01-17T08:15:59.186+0000][79][info ][safepoint   ] Safepoint "Cleanup", Time since last: 1664440660 ns, Reaching safepoint: 16545 ns, Cleanup: 441500 ns, At safepoint: 35006 ns, Total: 493051 ns
[2025-01-17T08:16:00.209+0000][79][info ][safepoint   ] Safepoint "Cleanup", Time since last: 1023273844 ns, Reaching safepoint: 113315 ns, Cleanup: 312216 ns, At safepoint: 12109 ns, Total: 437640 ns
[2025-01-17T08:16:01.210+0000][79][info ][safepoint   ] Safepoint "Cleanup", Time since last: 1000744369 ns, Reaching safepoint: 29527 ns, Cleanup: 270862 ns, At safepoint: 10205 ns, Total: 310594 ns
[2025-01-17T08:16:04.822+0000][79][info ][safepoint   ] Safepoint "Cleanup", Time since last: 3611001873 ns, Reaching safepoint: 45315 ns, Cleanup: 262924 ns, At safepoint: 27635 ns, Total: 335874 ns
[2025-01-17T08:16:06.238+0000][79][info ][safepoint   ] Safepoint "Cleanup", Time since last: 1416500575 ns, Reaching safepoint: 30887 ns, Cleanup: 285299 ns, At safepoint: 11250 ns, Total: 327436 ns
[2025-01-17T08:16:10.240+0000][79][info ][safepoint   ] Safepoint "Cleanup", Time since last: 4001122229 ns, Reaching safepoint: 32177 ns, Cleanup: 276871 ns, At safepoint: 9035 ns, Total: 318083 ns
[2025-01-17T08:16:11.254+0000][79][info ][safepoint   ] Safepoint "Cleanup", Time since last: 1014246953 ns, Reaching safepoint: 12859 ns, Cleanup: 288814 ns, At safepoint: 21661 ns, Total: 323334 ns
[2025-01-17T08:16:12.281+0000][79][info ][safepoint   ] Safepoint "Cleanup", Time since last: 1026111122 ns, Reaching safepoint: 30377 ns, Cleanup: 278005 ns, At safepoint: 12426 ns, Total: 320808 ns
[2025-01-17T08:16:13.282+0000][79][info ][safepoint   ] Safepoint "Cleanup", Time since last: 1000626552 ns, Reaching safepoint: 54995 ns, Cleanup: 291799 ns, At safepoint: 11629 ns, Total: 358423 ns
[2025-01-17T08:16:14.288+0000][79][info ][safepoint   ] Safepoint "Cleanup", Time since last: 1005295751 ns, Reaching safepoint: 13769 ns, Cleanup: 268892 ns, At safepoint: 33231 ns, Total: 315892 ns
[2025-01-17T08:16:16.831+0000][79][info ][safepoint   ] Safepoint "Cleanup", Time since last: 2543185673 ns, Reaching safepoint: 26228 ns, Cleanup: 271142 ns, At safepoint: 19653 ns, Total: 317023 ns
[2025-01-17T08:16:18.353+0000][79][info ][safepoint   ] Safepoint "Cleanup", Time since last: 1521548122 ns, Reaching safepoint: 60681 ns, Cleanup: 356149 ns, At safepoint: 42156 ns, Total: 458986 ns
[2025-01-17T08:16:19.354+0000][79][info ][safepoint   ] Safepoint "Cleanup", Time since last: 1000703326 ns, Reaching safepoint: 24532 ns, Cleanup: 269892 ns, At safepoint: 7738 ns, Total: 302162 ns
[2025-01-17T08:16:20.355+0000][79][info ][safepoint   ] Safepoint "Cleanup", Time since last: 1000830605 ns, Reaching safepoint: 28297 ns, Cleanup: 473369 ns, At safepoint: 38253 ns, Total: 539919 ns
[2025-01-17T08:16:23.358+0000][79][info ][safepoint   ] Safepoint "Cleanup", Time since last: 3002580169 ns, Reaching safepoint: 10709 ns, Cleanup: 263150 ns, At safepoint: 21308 ns, Total: 295167 ns
[2025-01-17T08:16:24.366+0000][79][info ][safepoint   ] Safepoint "Cleanup", Time since last: 1007671851 ns, Reaching safepoint: 35809 ns, Cleanup: 455851 ns, At safepoint: 13233 ns, Total: 504893 ns
[2025-01-17T08:16:29.380+0000][79][info ][safepoint   ] Safepoint "Cleanup", Time since last: 5014222993 ns, Reaching safepoint: 16674 ns, Cleanup: 439518 ns, At safepoint: 40182 ns, Total: 496374 ns
[2025-01-17T08:16:30.399+0000][79][info ][safepoint   ] Safepoint "Cleanup", Time since last: 1017956062 ns, Reaching safepoint: 45394 ns, Cleanup: 454597 ns, At safepoint: 30208 ns, Total: 530199 ns
[2025-01-17T08:16:34.831+0000][79][info ][safepoint   ] Safepoint "Cleanup", Time since last: 4432056417 ns, Reaching safepoint: 33140 ns, Cleanup: 353312 ns, At safepoint: 28475 ns, Total: 414927 ns
[2025-01-17T08:16:36.435+0000][79][info ][safepoint   ] Safepoint "Cleanup", Time since last: 1602714415 ns, Reaching safepoint: 41194 ns, Cleanup: 568197 ns, At safepoint: 20026 ns, Total: 629417 ns
[2025-01-17T08:16:40.440+0000][79][info ][safepoint   ] Safepoint "Cleanup", Time since last: 4004483904 ns, Reaching safepoint: 47409 ns, Cleanup: 706322 ns, At safepoint: 134796 ns, Total: 888527 ns
[2025-01-17T08:16:41.446+0000][79][info ][safepoint   ] Safepoint "Cleanup", Time since last: 1005105339 ns, Reaching safepoint: 19923 ns, Cleanup: 574657 ns, At safepoint: 70274 ns, Total: 664854 ns
[2025-01-17T08:16:42.462+0000][79][info ][safepoint   ] Safepoint "Cleanup", Time since last: 1015287670 ns, Reaching safepoint: 37645 ns, Cleanup: 501287 ns, At safepoint: 59261 ns, Total: 598193 ns
[2025-01-17T08:16:46.826+0000][79][info ][safepoint   ] Safepoint "Cleanup", Time since last: 4363873737 ns, Reaching safepoint: 11090 ns, Cleanup: 243592 ns, At safepoint: 22628 ns, Total: 277310 ns
[2025-01-17T08:16:52.827+0000][79][info ][safepoint   ] Safepoint "Cleanup", Time since last: 6000593308 ns, Reaching safepoint: 32821 ns, Cleanup: 318629 ns, At safepoint: 29173 ns, Total: 380623 ns
[2025-01-17T08:16:54.515+0000][79][info ][safepoint   ] Safepoint "Cleanup", Time since last: 1690190509 ns, Reaching safepoint: 53513 ns, Cleanup: 621233 ns, At safepoint: 23223 ns, Total: 697969 ns
[2025-01-17T08:16:58.841+0000][79][info ][safepoint   ] Safepoint "Cleanup", Time since last: 4325890092 ns, Reaching safepoint: 20729 ns, Cleanup: 445202 ns, At safepoint: 55318 ns, Total: 521249 ns
[2025-01-17T08:17:00.547+0000][79][info ][safepoint   ] Safepoint "Cleanup", Time since last: 1705773946 ns, Reaching safepoint: 42518 ns, Cleanup: 425933 ns, At safepoint: 15982 ns, Total: 484433 ns
[2025-01-17T08:17:04.550+0000][79][info ][safepoint   ] Safepoint "Cleanup", Time since last: 4001536058 ns, Reaching safepoint: 88957 ns, Cleanup: 512642 ns, At safepoint: 15695 ns, Total: 617294 ns
[2025-01-17T08:17:05.561+0000][79][info ][safepoint   ] Safepoint "Cleanup", Time since last: 1010834459 ns, Reaching safepoint: 13101 ns, Cleanup: 364606 ns, At safepoint: 26923 ns, Total: 404630 ns
[2025-01-17T08:17:10.845+0000][79][info ][safepoint   ] Safepoint "Cleanup", Time since last: 5283997316 ns, Reaching safepoint: 11287 ns, Cleanup: 411741 ns, At safepoint: 93443 ns, Total: 516471 ns
[2025-01-17T08:17:12.616+0000][79][info ][safepoint   ] Safepoint "Cleanup", Time since last: 1769938863 ns, Reaching safepoint: 42923 ns, Cleanup: 470875 ns, At safepoint: 18584 ns, Total: 532382 ns
[2025-01-17T08:17:14.618+0000][79][info ][safepoint   ] Safepoint "Cleanup", Time since last: 2001512726 ns, Reaching safepoint: 32913 ns, Cleanup: 385978 ns, At safepoint: 17946 ns, Total: 436837 ns
[2025-01-17T08:17:16.824+0000][79][info ][safepoint   ] Safepoint "Cleanup", Time since last: 2205970313 ns, Reaching safepoint: 10881 ns, Cleanup: 219681 ns, At safepoint: 18993 ns, Total: 249555 ns
[2025-01-17T08:17:18.645+0000][79][info ][safepoint   ] Safepoint "Cleanup", Time since last: 1820160380 ns, Reaching safepoint: 47320 ns, Cleanup: 559791 ns, At safepoint: 54722 ns, Total: 661833 ns
[2025-01-17T08:17:20.649+0000][79][info ][safepoint   ] Safepoint "Cleanup", Time since last: 2003812748 ns, Reaching safepoint: 53140 ns, Cleanup: 625298 ns, At safepoint: 66805 ns, Total: 745243 ns
[2025-01-17T08:17:23.653+0000][79][info ][safepoint   ] Safepoint "Cleanup", Time since last: 3004208141 ns, Reaching safepoint: 23114 ns, Cleanup: 951867 ns, At safepoint: 82586 ns, Total: 1057567 ns
[2025-01-17T08:17:28.854+0000][79][info ][gc,start    ] GC(15) Pause Young (Concurrent Start) (CodeCache GC Threshold)
[2025-01-17T08:17:28.860+0000][79][info ][gc,task     ] GC(15) Using 18 workers of 18 for evacuation
[2025-01-17T08:17:28.861+0000][79][debug][gc,age      ] GC(15) Desired survivor size 134217728 bytes, new threshold 15 (max threshold 15)
[2025-01-17T08:17:28.977+0000][79][info ][gc,phases   ] GC(15)   Pre Evacuate Collection Set: 8.8ms
[2025-01-17T08:17:28.978+0000][79][info ][gc,phases   ] GC(15)   Merge Heap Roots: 1.5ms
[2025-01-17T08:17:28.979+0000][79][info ][gc,phases   ] GC(15)   Evacuate Collection Set: 93.1ms
[2025-01-17T08:17:28.979+0000][79][info ][gc,phases   ] GC(15)   Post Evacuate Collection Set: 7.2ms
[2025-01-17T08:17:28.979+0000][79][info ][gc,phases   ] GC(15)   Other: 8.0ms
[2025-01-17T08:17:28.980+0000][79][trace][gc,age      ] GC(15) Age table with threshold 15 (max threshold 15)
[2025-01-17T08:17:28.980+0000][79][trace][gc,age      ] GC(15) - age   1:    6894320 bytes,    6894320 total
[2025-01-17T08:17:28.981+0000][79][trace][gc,age      ] GC(15) - age   2:    1861968 bytes,    8756288 total
[2025-01-17T08:17:28.981+0000][79][trace][gc,age      ] GC(15) - age   3:    5044192 bytes,   13800480 total
[2025-01-17T08:17:28.981+0000][79][info ][gc,heap     ] GC(15) Eden regions: 481->0(504)
[2025-01-17T08:17:28.982+0000][79][info ][gc,heap     ] GC(15) Survivor regions: 4->4(64)
[2025-01-17T08:17:28.982+0000][79][info ][gc,heap     ] GC(15) Old regions: 35->35
[2025-01-17T08:17:28.982+0000][79][info ][gc,heap     ] GC(15) Archive regions: 2->2
[2025-01-17T08:17:28.983+0000][79][info ][gc,heap     ] GC(15) Humongous regions: 4->4
[2025-01-17T08:17:28.983+0000][79][info ][gc,metaspace] GC(15) Metaspace: 144620K(148544K)->144620K(148544K) NonClass: 125556K(127680K)->125556K(127680K) Class: 19063K(20864K)->19063K(20864K)
[2025-01-17T08:17:28.984+0000][79][info ][gc          ] GC(15) Pause Young (Concurrent Start) (CodeCache GC Threshold) 2089M->171M(3392M) 130.096ms
[2025-01-17T08:17:28.984+0000][79][info ][gc,cpu      ] GC(15) User=1.46s Sys=0.00s Real=0.13s
[2025-01-17T08:17:28.985+0000][79][info ][gc          ] GC(16) Concurrent Mark Cycle
[2025-01-17T08:17:28.985+0000][79][info ][safepoint   ] Safepoint "G1TryInitiateConcMark", Time since last: 5199148669 ns, Reaching safepoint: 111487 ns, Cleanup: 259114 ns, At safepoint: 132332950 ns, Total: 132703551 ns
[2025-01-17T08:17:28.985+0000][79][info ][gc,marking  ] GC(16) Concurrent Scan Root Regions
[2025-01-17T08:17:29.004+0000][79][info ][gc,marking  ] GC(16) Concurrent Scan Root Regions 18.853ms
[2025-01-17T08:17:29.005+0000][79][info ][gc,marking  ] GC(16) Concurrent Mark
[2025-01-17T08:17:29.005+0000][79][info ][gc,marking  ] GC(16) Concurrent Mark From Roots
[2025-01-17T08:17:29.005+0000][79][info ][gc,task     ] GC(16) Using 5 workers of 5 for marking
[2025-01-17T08:17:29.100+0000][79][info ][gc,marking  ] GC(16) Concurrent Mark From Roots 95.462ms
[2025-01-17T08:17:29.101+0000][79][info ][gc,marking  ] GC(16) Concurrent Preclean
[2025-01-17T08:17:29.101+0000][79][info ][gc,marking  ] GC(16) Concurrent Preclean 0.415ms
[2025-01-17T08:17:29.102+0000][79][info ][gc,start    ] GC(16) Pause Remark
[2025-01-17T08:17:29.140+0000][79][info ][gc          ] GC(16) Pause Remark 187M->187M(3392M) 37.456ms
[2025-01-17T08:17:29.140+0000][79][info ][gc,cpu      ] GC(16) User=0.48s Sys=0.00s Real=0.04s
[2025-01-17T08:17:29.141+0000][79][info ][safepoint   ] Safepoint "G1PauseRemark", Time since last: 116959350 ns, Reaching safepoint: 26823 ns, Cleanup: 239465 ns, At safepoint: 38739565 ns, Total: 39005853 ns
[2025-01-17T08:17:29.142+0000][79][info ][gc,marking  ] GC(16) Concurrent Mark 137.015ms
[2025-01-17T08:17:29.142+0000][79][info ][gc,marking  ] GC(16) Concurrent Rebuild Remembered Sets and Scrub Regions
[2025-01-17T08:17:29.157+0000][79][info ][gc,marking  ] GC(16) Concurrent Rebuild Remembered Sets and Scrub Regions 15.264ms
[2025-01-17T08:17:29.158+0000][79][info ][gc,start    ] GC(16) Pause Cleanup
[2025-01-17T08:17:29.159+0000][79][info ][gc          ] GC(16) Pause Cleanup 187M->187M(3392M) 0.917ms
[2025-01-17T08:17:29.160+0000][79][info ][gc,cpu      ] GC(16) User=0.00s Sys=0.00s Real=0.01s
[2025-01-17T08:17:29.160+0000][79][info ][safepoint   ] Safepoint "G1PauseCleanup", Time since last: 17322184 ns, Reaching safepoint: 19393 ns, Cleanup: 264549 ns, At safepoint: 1748681 ns, Total: 2032623 ns
[2025-01-17T08:17:29.160+0000][79][info ][gc,marking  ] GC(16) Concurrent Clear Claimed Marks
[2025-01-17T08:17:29.161+0000][79][info ][gc,marking  ] GC(16) Concurrent Clear Claimed Marks 0.836ms
[2025-01-17T08:17:29.162+0000][79][info ][gc,marking  ] GC(16) Concurrent Cleanup for Next Mark
[2025-01-17T08:17:29.193+0000][79][info ][gc,marking  ] GC(16) Concurrent Cleanup for Next Mark 31.608ms
[2025-01-17T08:17:29.194+0000][79][info ][gc          ] GC(16) Concurrent Mark Cycle 209.197ms
[2025-01-17T08:17:30.697+0000][79][info ][safepoint   ] Safepoint "Cleanup", Time since last: 1536492213 ns, Reaching safepoint: 32205 ns, Cleanup: 379619 ns, At safepoint: 16335 ns, Total: 428159 ns
[2025-01-17T08:17:34.832+0000][79][info ][safepoint   ] Safepoint "Cleanup", Time since last: 4134852764 ns, Reaching safepoint: 83394 ns, Cleanup: 258543 ns, At safepoint: 19970 ns, Total: 361907 ns
[2025-01-17T08:17:36.744+0000][79][info ][safepoint   ] Safepoint "Cleanup", Time since last: 1911045192 ns, Reaching safepoint: 33630 ns, Cleanup: 292684 ns, At safepoint: 10994 ns, Total: 337308 ns
[2025-01-17T08:17:44.770+0000][79][info ][safepoint   ] Safepoint "Cleanup", Time since last: 8026332772 ns, Reaching safepoint: 33936 ns, Cleanup: 239850 ns, At safepoint: 9059 ns, Total: 282845 ns
[2025-01-17T08:17:46.862+0000][79][info ][safepoint   ] Safepoint "Cleanup", Time since last: 2091216029 ns, Reaching safepoint: 13816 ns, Cleanup: 338075 ns, At safepoint: 49708 ns, Total: 401599 ns
[2025-01-17T08:17:48.824+0000][79][info ][safepoint   ] Safepoint "Cleanup", Time since last: 1961848497 ns, Reaching safepoint: 40073 ns, Cleanup: 660914 ns, At safepoint: 18085 ns, Total: 719072 ns
[2025-01-17T08:17:52.827+0000][79][info ][safepoint   ] Safepoint "Cleanup", Time since last: 4002006584 ns, Reaching safepoint: 40246 ns, Cleanup: 260470 ns, At safepoint: 7089 ns, Total: 307805 ns
[2025-01-17T08:17:55.881+0000][79][info ][safepoint   ] Safepoint "Cleanup", Time since last: 3055203987 ns, Reaching safepoint: 30234 ns, Cleanup: 244020 ns, At safepoint: 9965 ns, Total: 284219 ns
[2025-01-17T08:18:00.912+0000][79][info ][safepoint   ] Safepoint "Cleanup", Time since last: 5030196739 ns, Reaching safepoint: 28759 ns, Cleanup: 327429 ns, At safepoint: 44596 ns, Total: 400784 ns
[2025-01-17T08:18:01.913+0000][79][info ][safepoint   ] Safepoint "Cleanup", Time since last: 1000570369 ns, Reaching safepoint: 28597 ns, Cleanup: 281659 ns, At safepoint: 8686 ns, Total: 318942 ns
[2025-01-17T08:18:04.838+0000][79][info ][safepoint   ] Safepoint "Cleanup", Time since last: 2924774901 ns, Reaching safepoint: 10480 ns, Cleanup: 248029 ns, At safepoint: 20401 ns, Total: 278910 ns
[2025-01-17T08:18:05.930+0000][79][info ][safepoint   ] Safepoint "Cleanup", Time since last: 1091696378 ns, Reaching safepoint: 81902 ns, Cleanup: 412188 ns, At safepoint: 20268 ns, Total: 514358 ns
[2025-01-17T08:18:07.959+0000][79][info ][safepoint   ] Safepoint "Cleanup", Time since last: 2028243055 ns, Reaching safepoint: 64768 ns, Cleanup: 517387 ns, At safepoint: 21675 ns, Total: 603830 ns
[2025-01-17T08:18:10.873+0000][79][info ][safepoint   ] Safepoint "Cleanup", Time since last: 2914030308 ns, Reaching safepoint: 21673 ns, Cleanup: 500105 ns, At safepoint: 44239 ns, Total: 566017 ns
[2025-01-17T08:18:11.907+0000][79][info ][safepoint   ] Safepoint "Cleanup", Time since last: 1033035197 ns, Reaching safepoint: 51448 ns, Cleanup: 664678 ns, At safepoint: 29181 ns, Total: 745307 ns
[2025-01-17T08:18:16.847+0000][79][info ][safepoint   ] Safepoint "Cleanup", Time since last: 4939656201 ns, Reaching safepoint: 13090 ns, Cleanup: 301826 ns, At safepoint: 37712 ns, Total: 352628 ns
[2025-01-17T08:18:18.006+0000][79][info ][safepoint   ] Safepoint "Cleanup", Time since last: 1157911917 ns, Reaching safepoint: 20648 ns, Cleanup: 539515 ns, At safepoint: 67613 ns, Total: 627776 ns
[2025-01-17T08:18:20.027+0000][79][info ][safepoint   ] Safepoint "Cleanup", Time since last: 2020351660 ns, Reaching safepoint: 56563 ns, Cleanup: 643023 ns, At safepoint: 53993 ns, Total: 753579 ns
[2025-01-17T08:18:25.055+0000][79][info ][safepoint   ] Safepoint "Cleanup", Time since last: 5030119432 ns, Reaching safepoint: 81883 ns, Cleanup: 456895 ns, At safepoint: 34993 ns, Total: 573771 ns
[2025-01-17T08:18:26.057+0000][79][info ][safepoint   ] Safepoint "Cleanup", Time since last: 1001106830 ns, Reaching safepoint: 47068 ns, Cleanup: 751276 ns, At safepoint: 115102 ns, Total: 913446 ns
[2025-01-17T08:18:28.829+0000][79][info ][safepoint   ] Safepoint "Cleanup", Time since last: 2772390966 ns, Reaching safepoint: 10607 ns, Cleanup: 251694 ns, At safepoint: 21544 ns, Total: 283845 ns
[2025-01-17T08:18:32.093+0000][79][info ][safepoint   ] Safepoint "Cleanup", Time since last: 3262941624 ns, Reaching safepoint: 40508 ns, Cleanup: 554616 ns, At safepoint: 19621 ns, Total: 614745 ns
[2025-01-17T08:18:34.855+0000][79][info ][safepoint   ] Safepoint "Cleanup", Time since last: 2761527170 ns, Reaching safepoint: 112514 ns, Cleanup: 287023 ns, At safepoint: 69055 ns, Total: 468592 ns
[2025-01-17T08:18:40.865+0000][79][info ][safepoint   ] Safepoint "Cleanup", Time since last: 6009493758 ns, Reaching safepoint: 55207 ns, Cleanup: 275131 ns, At safepoint: 22378 ns, Total: 352716 ns
[2025-01-17T08:18:50.249+0000][79][info ][safepoint   ] Safepoint "Cleanup", Time since last: 9383125899 ns, Reaching safepoint: 69181 ns, Cleanup: 785440 ns, At safepoint: 23765 ns, Total: 878386 ns
[2025-01-17T08:18:52.877+0000][79][info ][safepoint   ] Safepoint "Cleanup", Time since last: 2627472683 ns, Reaching safepoint: 30459 ns, Cleanup: 364363 ns, At safepoint: 70610 ns, Total: 465432 ns
[2025-01-17T08:18:54.277+0000][79][info ][safepoint   ] Safepoint "Cleanup", Time since last: 1400547013 ns, Reaching safepoint: 57561 ns, Cleanup: 674376 ns, At safepoint: 20230 ns, Total: 752167 ns
[2025-01-17T08:18:55.279+0000][79][info ][safepoint   ] Safepoint "Cleanup", Time since last: 1001368667 ns, Reaching safepoint: 55116 ns, Cleanup: 675054 ns, At safepoint: 17842 ns, Total: 748012 ns
[2025-01-17T08:18:57.280+0000][79][info ][safepoint   ] Safepoint "Cleanup", Time since last: 2001291955 ns, Reaching safepoint: 27952 ns, Cleanup: 254000 ns, At safepoint: 8552 ns, Total: 290504 ns
[2025-01-17T08:18:58.889+0000][79][info ][safepoint   ] Safepoint "Cleanup", Time since last: 1608515309 ns, Reaching safepoint: 29602 ns, Cleanup: 425139 ns, At safepoint: 35708 ns, Total: 490449 ns
[2025-01-17T08:19:00.328+0000][79][info ][safepoint   ] Safepoint "Cleanup", Time since last: 1437557439 ns, Reaching safepoint: 53208 ns, Cleanup: 691386 ns, At safepoint: 21361 ns, Total: 765955 ns
[2025-01-17T08:19:02.329+0000][79][info ][safepoint   ] Safepoint "Cleanup", Time since last: 2001536358 ns, Reaching safepoint: 28621 ns, Cleanup: 240502 ns, At safepoint: 9659 ns, Total: 278782 ns
[2025-01-17T08:19:04.842+0000][79][info ][safepoint   ] Safepoint "Cleanup", Time since last: 2512479236 ns, Reaching safepoint: 11428 ns, Cleanup: 214700 ns, At safepoint: 19713 ns, Total: 245841 ns
[2025-01-17T08:19:06.392+0000][79][info ][safepoint   ] Safepoint "Cleanup", Time since last: 1549485280 ns, Reaching safepoint: 25649 ns, Cleanup: 226614 ns, At safepoint: 8831 ns, Total: 261094 ns
[2025-01-17T08:19:11.403+0000][79][info ][safepoint   ] Safepoint "Cleanup", Time since last: 5010681768 ns, Reaching safepoint: 41947 ns, Cleanup: 490645 ns, At safepoint: 43435 ns, Total: 576027 ns
[2025-01-17T08:19:14.427+0000][79][info ][safepoint   ] Safepoint "Cleanup", Time since last: 3023605861 ns, Reaching safepoint: 27756 ns, Cleanup: 225091 ns, At safepoint: 8521 ns, Total: 261368 ns
[2025-01-17T08:19:16.843+0000][79][info ][safepoint   ] Safepoint "Cleanup", Time since last: 2415473170 ns, Reaching safepoint: 9594 ns, Cleanup: 225879 ns, At safepoint: 20882 ns, Total: 256355 ns
[2025-01-17T08:19:18.456+0000][79][info ][safepoint   ] Safepoint "Cleanup", Time since last: 1612197923 ns, Reaching safepoint: 132694 ns, Cleanup: 497342 ns, At safepoint: 44435 ns, Total: 674471 ns
[2025-01-17T08:19:23.459+0000][79][info ][safepoint   ] Safepoint "Cleanup", Time since last: 5004698149 ns, Reaching safepoint: 24512 ns, Cleanup: 228332 ns, At safepoint: 27784 ns, Total: 280628 ns
[2025-01-17T08:19:24.477+0000][79][info ][safepoint   ] Safepoint "Cleanup", Time since last: 1017529204 ns, Reaching safepoint: 166474 ns, Cleanup: 447651 ns, At safepoint: 89695 ns, Total: 703820 ns
[2025-01-17T08:19:28.848+0000][79][info ][safepoint   ] Safepoint "Cleanup", Time since last: 4369966421 ns, Reaching safepoint: 14559 ns, Cleanup: 307737 ns, At safepoint: 23728 ns, Total: 346024 ns
[2025-01-17T08:19:32.514+0000][79][info ][safepoint   ] Safepoint "Cleanup", Time since last: 3666079776 ns, Reaching safepoint: 61057 ns, Cleanup: 541082 ns, At safepoint: 20287 ns, Total: 622426 ns
[2025-01-17T08:19:40.827+0000][79][info ][safepoint   ] Safepoint "Cleanup", Time since last: 8312021483 ns, Reaching safepoint: 23098 ns, Cleanup: 245302 ns, At safepoint: 19893 ns, Total: 288293 ns
[2025-01-17T08:19:47.610+0000][79][info ][safepoint   ] Safepoint "Cleanup", Time since last: 6783039326 ns, Reaching safepoint: 20578 ns, Cleanup: 530461 ns, At safepoint: 42092 ns, Total: 593131 ns
[2025-01-17T08:19:56.663+0000][79][info ][safepoint   ] Safepoint "Cleanup", Time since last: 9053632331 ns, Reaching safepoint: 119401 ns, Cleanup: 845372 ns, At safepoint: 24707 ns, Total: 989480 ns
[2025-01-17T08:20:00.700+0000][79][info ][safepoint   ] Safepoint "Cleanup", Time since last: 4036136635 ns, Reaching safepoint: 55671 ns, Cleanup: 693225 ns, At safepoint: 18870 ns, Total: 767766 ns
[2025-01-17T08:20:04.702+0000][79][info ][safepoint   ] Safepoint "Cleanup", Time since last: 4001849578 ns, Reaching safepoint: 45127 ns, Cleanup: 464730 ns, At safepoint: 14355 ns, Total: 524212 ns
[2025-01-17T08:20:05.734+0000][79][info ][safepoint   ] Safepoint "Cleanup", Time since last: 1031813870 ns, Reaching safepoint: 10917 ns, Cleanup: 227142 ns, At safepoint: 20358 ns, Total: 258417 ns
[2025-01-17T08:20:10.867+0000][79][info ][safepoint   ] Safepoint "Cleanup", Time since last: 5132346500 ns, Reaching safepoint: 32578 ns, Cleanup: 219874 ns, At safepoint: 18979 ns, Total: 271431 ns
[2025-01-17T08:20:12.795+0000][79][info ][safepoint   ] Safepoint "Cleanup", Time since last: 1927161122 ns, Reaching safepoint: 54239 ns, Cleanup: 826478 ns, At safepoint: 20242 ns, Total: 900959 ns
[2025-01-17T08:20:13.797+0000][79][info ][safepoint   ] Safepoint "Cleanup", Time since last: 1001311074 ns, Reaching safepoint: 32839 ns, Cleanup: 358064 ns, At safepoint: 13991 ns, Total: 404894 ns
[2025-01-17T08:20:16.867+0000][79][info ][safepoint   ] Safepoint "Cleanup", Time since last: 3069612564 ns, Reaching safepoint: 10958 ns, Cleanup: 229649 ns, At safepoint: 37745 ns, Total: 278352 ns
[2025-01-17T08:20:18.833+0000][79][info ][safepoint   ] Safepoint "Cleanup", Time since last: 1966113685 ns, Reaching safepoint: 41098 ns, Cleanup: 539685 ns, At safepoint: 15623 ns, Total: 596406 ns
[2025-01-17T08:20:23.007+0000][79][info ][safepoint   ] Safepoint "Cleanup", Time since last: 4173456099 ns, Reaching safepoint: 105189 ns, Cleanup: 250427 ns, At safepoint: 35967 ns, Total: 391583 ns
[2025-01-17T08:20:24.943+0000][79][info ][safepoint   ] Safepoint "Cleanup", Time since last: 1936829876 ns, Reaching safepoint: 103332 ns, Cleanup: 737524 ns, At safepoint: 52718 ns, Total: 893574 ns
[2025-01-17T08:20:31.003+0000][79][info ][safepoint   ] Safepoint "Cleanup", Time since last: 6060275859 ns, Reaching safepoint: 36086 ns, Cleanup: 245368 ns, At safepoint: 10931 ns, Total: 292385 ns
[2025-01-17T08:20:32.005+0000][79][info ][safepoint   ] Safepoint "Cleanup", Time since last: 1000856721 ns, Reaching safepoint: 46950 ns, Cleanup: 595462 ns, At safepoint: 18330 ns, Total: 660742 ns
[2025-01-17T08:20:34.859+0000][79][info ][safepoint   ] Safepoint "Cleanup", Time since last: 2854222044 ns, Reaching safepoint: 9873 ns, Cleanup: 246384 ns, At safepoint: 32674 ns, Total: 288931 ns
[2025-01-17T08:20:36.037+0000][79][info ][safepoint   ] Safepoint "Cleanup", Time since last: 1177278573 ns, Reaching safepoint: 39179 ns, Cleanup: 457896 ns, At safepoint: 15838 ns, Total: 512913 ns
[2025-01-17T08:20:38.039+0000][79][info ][safepoint   ] Safepoint "Cleanup", Time since last: 2001486583 ns, Reaching safepoint: 49161 ns, Cleanup: 615516 ns, At safepoint: 49028 ns, Total: 713705 ns
[2025-01-17T08:20:39.041+0000][79][info ][safepoint   ] Safepoint "Cleanup", Time since last: 1001456346 ns, Reaching safepoint: 76571 ns, Cleanup: 495034 ns, At safepoint: 19673 ns, Total: 591278 ns
[2025-01-17T08:20:40.854+0000][79][info ][safepoint   ] Safepoint "Cleanup", Time since last: 1812522735 ns, Reaching safepoint: 13632 ns, Cleanup: 346648 ns, At safepoint: 30051 ns, Total: 390331 ns
[2025-01-17T08:20:47.082+0000][79][info ][safepoint   ] Safepoint "Cleanup", Time since last: 6226873952 ns, Reaching safepoint: 17032 ns, Cleanup: 515523 ns, At safepoint: 40516 ns, Total: 573071 ns
[2025-01-17T08:20:53.125+0000][79][info ][safepoint   ] Safepoint "Cleanup", Time since last: 6042873187 ns, Reaching safepoint: 10477 ns, Cleanup: 299275 ns, At safepoint: 24299 ns, Total: 334051 ns
[2025-01-17T08:20:56.134+0000][79][info ][safepoint   ] Safepoint "Cleanup", Time since last: 3009929521 ns, Reaching safepoint: 149681 ns, Cleanup: 449349 ns, At safepoint: 14580 ns, Total: 613610 ns
[2025-01-17T08:20:57.135+0000][79][info ][safepoint   ] Safepoint "Cleanup", Time since last: 1000992088 ns, Reaching safepoint: 25811 ns, Cleanup: 262960 ns, At safepoint: 9533 ns, Total: 298304 ns
[2025-01-17T08:20:59.149+0000][79][info ][safepoint   ] Safepoint "Cleanup", Time since last: 2012769057 ns, Reaching safepoint: 12460 ns, Cleanup: 312213 ns, At safepoint: 26480 ns, Total: 351153 ns
[2025-01-17T08:21:00.167+0000][79][info ][safepoint   ] Safepoint "Cleanup", Time since last: 1017804463 ns, Reaching safepoint: 45783 ns, Cleanup: 613826 ns, At safepoint: 20488 ns, Total: 680097 ns
[2025-01-17T08:21:04.867+0000][79][info ][safepoint   ] Safepoint "Cleanup", Time since last: 4699832608 ns, Reaching safepoint: 10573 ns, Cleanup: 265504 ns, At safepoint: 11495 ns, Total: 287572 ns
[2025-01-17T08:21:06.213+0000][79][info ][safepoint   ] Safepoint "Cleanup", Time since last: 1345620714 ns, Reaching safepoint: 27694 ns, Cleanup: 298763 ns, At safepoint: 43157 ns, Total: 369614 ns
[2025-01-17T08:21:14.267+0000][79][info ][safepoint   ] Safepoint "Cleanup", Time since last: 8053276137 ns, Reaching safepoint: 46778 ns, Cleanup: 488202 ns, At safepoint: 40309 ns, Total: 575289 ns
[2025-01-17T08:21:17.329+0000][79][info ][safepoint   ] Safepoint "Cleanup", Time since last: 3061705679 ns, Reaching safepoint: 17076 ns, Cleanup: 438389 ns, At safepoint: 38645 ns, Total: 494110 ns
[2025-01-17T08:21:20.412+0000][79][info ][safepoint   ] Safepoint "Cleanup", Time since last: 3081873415 ns, Reaching safepoint: 48221 ns, Cleanup: 668480 ns, At safepoint: 54577 ns, Total: 771278 ns
[2025-01-17T08:21:21.418+0000][79][info ][safepoint   ] Safepoint "Cleanup", Time since last: 1006062838 ns, Reaching safepoint: 27343 ns, Cleanup: 250637 ns, At safepoint: 12845 ns, Total: 290825 ns
[2025-01-17T08:21:22.857+0000][79][info ][safepoint   ] Safepoint "Cleanup", Time since last: 1438192803 ns, Reaching safepoint: 10440 ns, Cleanup: 207558 ns, At safepoint: 19609 ns, Total: 237607 ns
[2025-01-17T08:21:24.422+0000][79][info ][safepoint   ] Safepoint "Cleanup", Time since last: 1566645523 ns, Reaching safepoint: 54947 ns, Cleanup: 811968 ns, At safepoint: 21941 ns, Total: 888856 ns
[2025-01-17T08:21:29.433+0000][79][info ][safepoint   ] Safepoint "Cleanup", Time since last: 5010822868 ns, Reaching safepoint: 19085 ns, Cleanup: 552387 ns, At safepoint: 44567 ns, Total: 616039 ns
[2025-01-17T08:21:30.452+0000][79][info ][safepoint   ] Safepoint "Cleanup", Time since last: 1018745593 ns, Reaching safepoint: 30352 ns, Cleanup: 299464 ns, At safepoint: 10743 ns, Total: 340559 ns
[2025-01-17T08:21:32.461+0000][79][info ][safepoint   ] Safepoint "Cleanup", Time since last: 2008098286 ns, Reaching safepoint: 48436 ns, Cleanup: 683280 ns, At safepoint: 21330 ns, Total: 753046 ns
[2025-01-17T08:21:34.847+0000][79][info ][safepoint   ] Safepoint "Cleanup", Time since last: 2385351391 ns, Reaching safepoint: 11283 ns, Cleanup: 260169 ns, At safepoint: 21759 ns, Total: 293211 ns
[2025-01-17T08:21:59.635+0000][79][info ][safepoint   ] Safepoint "Cleanup", Time since last: 24789001967 ns, Reaching safepoint: 43406 ns, Cleanup: 484070 ns, At safepoint: 40730 ns, Total: 568206 ns
[2025-01-17T08:22:04.886+0000][79][info ][safepoint   ] Safepoint "Cleanup", Time since last: 5250152309 ns, Reaching safepoint: 96605 ns, Cleanup: 235289 ns, At safepoint: 69670 ns, Total: 401564 ns
[2025-01-17T08:22:11.719+0000][79][info ][safepoint   ] Safepoint "Cleanup", Time since last: 6832936977 ns, Reaching safepoint: 45904 ns, Cleanup: 515279 ns, At safepoint: 36925 ns, Total: 598108 ns
[2025-01-17T08:22:14.746+0000][79][info ][safepoint   ] Safepoint "Cleanup", Time since last: 3026383413 ns, Reaching safepoint: 25471 ns, Cleanup: 249614 ns, At safepoint: 8683 ns, Total: 283768 ns
[2025-01-17T08:22:17.769+0000][79][info ][safepoint   ] Safepoint "Cleanup", Time since last: 3023018163 ns, Reaching safepoint: 16407 ns, Cleanup: 419016 ns, At safepoint: 33727 ns, Total: 469150 ns
[2025-01-17T08:22:23.020+0000][79][info ][safepoint   ] Safepoint "Cleanup", Time since last: 5250037958 ns, Reaching safepoint: 11725 ns, Cleanup: 219642 ns, At safepoint: 20141 ns, Total: 251508 ns
[2025-01-17T08:22:24.816+0000][79][info ][safepoint   ] Safepoint "Cleanup", Time since last: 1797721713 ns, Reaching safepoint: 35482 ns, Cleanup: 469316 ns, At safepoint: 14596 ns, Total: 519394 ns
[2025-01-17T08:22:27.628+0000][79][info ][safepoint   ] Safepoint "Cleanup", Time since last: 2811481463 ns, Reaching safepoint: 42027 ns, Cleanup: 279750 ns, At safepoint: 12407 ns, Total: 334184 ns
[2025-01-17T08:22:34.840+0000][79][info ][safepoint   ] Safepoint "Cleanup", Time since last: 7211842838 ns, Reaching safepoint: 26104 ns, Cleanup: 307740 ns, At safepoint: 29802 ns, Total: 363646 ns
[2025-01-17T08:22:35.857+0000][79][info ][safepoint   ] Safepoint "Cleanup", Time since last: 1015897569 ns, Reaching safepoint: 21486 ns, Cleanup: 267598 ns, At safepoint: 18472 ns, Total: 307556 ns
[2025-01-17T08:22:37.877+0000][79][info ][safepoint   ] Safepoint "Cleanup", Time since last: 2019615342 ns, Reaching safepoint: 44087 ns, Cleanup: 516084 ns, At safepoint: 17443 ns, Total: 577614 ns
[2025-01-17T08:22:40.863+0000][79][info ][safepoint   ] Safepoint "Cleanup", Time since last: 2985354982 ns, Reaching safepoint: 51523 ns, Cleanup: 470101 ns, At safepoint: 38057 ns, Total: 559681 ns
[2025-01-17T08:22:44.915+0000][79][info ][safepoint   ] Safepoint "Cleanup", Time since last: 4052428775 ns, Reaching safepoint: 48229 ns, Cleanup: 244415 ns, At safepoint: 16538 ns, Total: 309182 ns
[2025-01-17T08:22:47.949+0000][79][info ][safepoint   ] Safepoint "Cleanup", Time since last: 3033228632 ns, Reaching safepoint: 26740 ns, Cleanup: 344819 ns, At safepoint: 17843 ns, Total: 389402 ns
[2025-01-17T08:22:52.841+0000][79][info ][safepoint   ] Safepoint "Cleanup", Time since last: 4891951803 ns, Reaching safepoint: 10495 ns, Cleanup: 278943 ns, At safepoint: 21530 ns, Total: 310968 ns
[2025-01-17T08:22:55.013+0000][79][info ][safepoint   ] Safepoint "Cleanup", Time since last: 2173143855 ns, Reaching safepoint: 27792 ns, Cleanup: 220046 ns, At safepoint: 10534 ns, Total: 258372 ns
[2025-01-17T08:22:58.016+0000][79][info ][safepoint   ] Safepoint "Cleanup", Time since last: 3002859988 ns, Reaching safepoint: 26773 ns, Cleanup: 267769 ns, At safepoint: 37946 ns, Total: 332488 ns
[2025-01-17T08:23:02.087+0000][79][info ][safepoint   ] Safepoint "Cleanup", Time since last: 4069778200 ns, Reaching safepoint: 45720 ns, Cleanup: 655987 ns, At safepoint: 20358 ns, Total: 722065 ns
[2025-01-17T08:23:04.841+0000][79][info ][safepoint   ] Safepoint "Cleanup", Time since last: 2753529939 ns, Reaching safepoint: 45555 ns, Cleanup: 242761 ns, At safepoint: 20100 ns, Total: 308416 ns
[2025-01-17T08:23:07.118+0000][79][info ][safepoint   ] Safepoint "Cleanup", Time since last: 2276351087 ns, Reaching safepoint: 47696 ns, Cleanup: 607248 ns, At safepoint: 52576 ns, Total: 707520 ns
[2025-01-17T08:23:10.120+0000][79][info ][safepoint   ] Safepoint "Cleanup", Time since last: 3001523047 ns, Reaching safepoint: 24653 ns, Cleanup: 267900 ns, At safepoint: 10258 ns, Total: 302811 ns
[2025-01-17T08:23:11.135+0000][79][info ][safepoint   ] Safepoint "Cleanup", Time since last: 1015029728 ns, Reaching safepoint: 11945 ns, Cleanup: 282846 ns, At safepoint: 23251 ns, Total: 318042 ns
[2025-01-17T08:23:12.147+0000][79][info ][safepoint   ] Safepoint "Cleanup", Time since last: 1011197564 ns, Reaching safepoint: 42590 ns, Cleanup: 543859 ns, At safepoint: 19118 ns, Total: 605567 ns
[2025-01-17T08:23:17.177+0000][79][info ][safepoint   ] Safepoint "Cleanup", Time since last: 5029499876 ns, Reaching safepoint: 34778 ns, Cleanup: 319612 ns, At safepoint: 24611 ns, Total: 379001 ns
[2025-01-17T08:23:23.037+0000][79][info ][safepoint   ] Safepoint "Cleanup", Time since last: 5860216291 ns, Reaching safepoint: 10589 ns, Cleanup: 252172 ns, At safepoint: 18841 ns, Total: 281602 ns
[2025-01-17T08:23:24.203+0000][79][info ][safepoint   ] Safepoint "Cleanup", Time since last: 1167229294 ns, Reaching safepoint: 17195 ns, Cleanup: 539985 ns, At safepoint: 91726 ns, Total: 648906 ns
[2025-01-17T08:23:27.215+0000][79][info ][safepoint   ] Safepoint "Cleanup", Time since last: 3011258640 ns, Reaching safepoint: 26152 ns, Cleanup: 254303 ns, At safepoint: 8692 ns, Total: 289147 ns
[2025-01-17T08:23:34.859+0000][79][info ][safepoint   ] Safepoint "Cleanup", Time since last: 7643991624 ns, Reaching safepoint: 33781 ns, Cleanup: 382899 ns, At safepoint: 33276 ns, Total: 449956 ns
[2025-01-17T08:23:36.282+0000][79][info ][safepoint   ] Safepoint "Cleanup", Time since last: 1422393589 ns, Reaching safepoint: 26686 ns, Cleanup: 271726 ns, At safepoint: 9392 ns, Total: 307804 ns
[2025-01-17T08:23:44.310+0000][79][info ][safepoint   ] Safepoint "Cleanup", Time since last: 8027692003 ns, Reaching safepoint: 76651 ns, Cleanup: 311174 ns, At safepoint: 43141 ns, Total: 430966 ns
[2025-01-17T08:23:46.831+0000][79][info ][safepoint   ] Safepoint "Cleanup", Time since last: 2520745833 ns, Reaching safepoint: 10701 ns, Cleanup: 289861 ns, At safepoint: 45760 ns, Total: 346322 ns
[2025-01-17T08:23:48.339+0000][79][info ][safepoint   ] Safepoint "Cleanup", Time since last: 1506742281 ns, Reaching safepoint: 40830 ns, Cleanup: 424264 ns, At safepoint: 18128 ns, Total: 483222 ns
[2025-01-17T08:23:50.340+0000][79][info ][safepoint   ] Safepoint "Cleanup", Time since last: 2001068419 ns, Reaching safepoint: 31094 ns, Cleanup: 285117 ns, At safepoint: 22651 ns, Total: 338862 ns
[2025-01-17T08:23:52.855+0000][79][info ][safepoint   ] Safepoint "Cleanup", Time since last: 2514653060 ns, Reaching safepoint: 12030 ns, Cleanup: 272901 ns, At safepoint: 23257 ns, Total: 308188 ns
[2025-01-17T08:23:55.360+0000][79][info ][safepoint   ] Safepoint "Cleanup", Time since last: 2506547841 ns, Reaching safepoint: 37443 ns, Cleanup: 285624 ns, At safepoint: 9922 ns, Total: 332989 ns
[2025-01-17T08:23:58.847+0000][79][info ][safepoint   ] Safepoint "Cleanup", Time since last: 3487018727 ns, Reaching safepoint: 44065 ns, Cleanup: 254680 ns, At safepoint: 20431 ns, Total: 319176 ns
[2025-01-17T08:24:00.395+0000][79][info ][safepoint   ] Safepoint "Cleanup", Time since last: 1547532278 ns, Reaching safepoint: 102256 ns, Cleanup: 255570 ns, At safepoint: 19981 ns, Total: 377807 ns
[2025-01-17T08:24:02.397+0000][79][info ][safepoint   ] Safepoint "Cleanup", Time since last: 2000724837 ns, Reaching safepoint: 81505 ns, Cleanup: 356996 ns, At safepoint: 25394 ns, Total: 463895 ns
[2025-01-17T08:24:03.398+0000][79][info ][safepoint   ] Safepoint "Cleanup", Time since last: 1000557887 ns, Reaching safepoint: 128217 ns, Cleanup: 289843 ns, At safepoint: 75362 ns, Total: 493422 ns
[2025-01-17T08:24:04.399+0000][79][info ][safepoint   ] Safepoint "Cleanup", Time since last: 1000716157 ns, Reaching safepoint: 300028 ns, Cleanup: 260169 ns, At safepoint: 59116 ns, Total: 619313 ns
[2025-01-17T08:24:05.412+0000][79][info ][safepoint   ] Safepoint "Cleanup", Time since last: 1012584063 ns, Reaching safepoint: 11345 ns, Cleanup: 228069 ns, At safepoint: 19460 ns, Total: 258874 ns
[2025-01-17T08:24:10.869+0000][79][info ][safepoint   ] Safepoint "Cleanup", Time since last: 5457069960 ns, Reaching safepoint: 9616 ns, Cleanup: 259058 ns, At safepoint: 18546 ns, Total: 287220 ns
[2025-01-17T08:24:13.463+0000][79][info ][safepoint   ] Safepoint "Cleanup", Time since last: 2593684324 ns, Reaching safepoint: 109836 ns, Cleanup: 490514 ns, At safepoint: 17702 ns, Total: 618052 ns
[2025-01-17T08:24:16.854+0000][79][info ][safepoint   ] Safepoint "Cleanup", Time since last: 3389880838 ns, Reaching safepoint: 25754 ns, Cleanup: 227038 ns, At safepoint: 27032 ns, Total: 279824 ns
[2025-01-17T08:24:18.503+0000][79][info ][safepoint   ] Safepoint "Cleanup", Time since last: 1648528451 ns, Reaching safepoint: 32868 ns, Cleanup: 353502 ns, At safepoint: 10242 ns, Total: 396612 ns
[2025-01-17T08:24:23.326+0000][79][info ][safepoint   ] Safepoint "Cleanup", Time since last: 4824918535 ns, Reaching safepoint: 10964 ns, Cleanup: 265622 ns, At safepoint: 19861 ns, Total: 296447 ns
[2025-01-17T08:24:28.857+0000][79][info ][safepoint   ] Safepoint "Cleanup", Time since last: 5530950040 ns, Reaching safepoint: 16905 ns, Cleanup: 425537 ns, At safepoint: 38407 ns, Total: 480849 ns
[2025-01-17T08:24:34.839+0000][79][info ][safepoint   ] Safepoint "Cleanup", Time since last: 5981438911 ns, Reaching safepoint: 67953 ns, Cleanup: 242879 ns, At safepoint: 19299 ns, Total: 330131 ns
[2025-01-17T08:24:36.599+0000][79][info ][safepoint   ] Safepoint "Cleanup", Time since last: 1758826671 ns, Reaching safepoint: 46966 ns, Cleanup: 588674 ns, At safepoint: 17506 ns, Total: 653146 ns
[2025-01-17T08:24:40.856+0000][79][info ][safepoint   ] Safepoint "Cleanup", Time since last: 4257530703 ns, Reaching safepoint: 11513 ns, Cleanup: 251709 ns, At safepoint: 19408 ns, Total: 282630 ns
[2025-01-17T08:24:42.631+0000][79][info ][safepoint   ] Safepoint "Cleanup", Time since last: 1773895988 ns, Reaching safepoint: 31210 ns, Cleanup: 303954 ns, At safepoint: 11939 ns, Total: 347103 ns
[2025-01-17T08:24:48.664+0000][79][info ][safepoint   ] Safepoint "Cleanup", Time since last: 6032538994 ns, Reaching safepoint: 119193 ns, Cleanup: 575544 ns, At safepoint: 17967 ns, Total: 712704 ns
[2025-01-17T08:24:52.901+0000][79][info ][safepoint   ] Safepoint "Cleanup", Time since last: 4236265016 ns, Reaching safepoint: 12175 ns, Cleanup: 238298 ns, At safepoint: 21559 ns, Total: 272032 ns
[2025-01-17T08:24:55.709+0000][79][info ][safepoint   ] Safepoint "Cleanup", Time since last: 2809844780 ns, Reaching safepoint: 38219 ns, Cleanup: 424402 ns, At safepoint: 13397 ns, Total: 476018 ns
[2025-01-17T08:25:04.900+0000][79][info ][safepoint   ] Safepoint "Cleanup", Time since last: 9190212429 ns, Reaching safepoint: 10510 ns, Cleanup: 237770 ns, At safepoint: 20458 ns, Total: 268738 ns
[2025-01-17T08:25:10.869+0000][79][info ][safepoint   ] Safepoint "Cleanup", Time since last: 5968710170 ns, Reaching safepoint: 10646 ns, Cleanup: 242011 ns, At safepoint: 19977 ns, Total: 272634 ns
[2025-01-17T08:25:16.848+0000][79][info ][safepoint   ] Safepoint "Cleanup", Time since last: 5978754253 ns, Reaching safepoint: 69739 ns, Cleanup: 468764 ns, At safepoint: 19577 ns, Total: 558080 ns
[2025-01-17T08:25:17.881+0000][79][info ][safepoint   ] Safepoint "Cleanup", Time since last: 1032201320 ns, Reaching safepoint: 123940 ns, Cleanup: 227273 ns, At safepoint: 56146 ns, Total: 407359 ns
[2025-01-17T08:25:19.904+0000][79][info ][safepoint   ] Safepoint "Cleanup", Time since last: 2023258595 ns, Reaching safepoint: 24923 ns, Cleanup: 266779 ns, At safepoint: 11518 ns, Total: 303220 ns
[2025-01-17T08:25:29.109+0000][79][info ][safepoint   ] Safepoint "Cleanup", Time since last: 9205707181 ns, Reaching safepoint: 14825 ns, Cleanup: 448905 ns, At safepoint: 29480 ns, Total: 493210 ns
[2025-01-17T08:25:34.850+0000][79][info ][safepoint   ] Safepoint "Cleanup", Time since last: 5740512807 ns, Reaching safepoint: 92011 ns, Cleanup: 256328 ns, At safepoint: 21560 ns, Total: 369899 ns
[2025-01-17T08:25:36.021+0000][79][info ][safepoint   ] Safepoint "Cleanup", Time since last: 1170849261 ns, Reaching safepoint: 48822 ns, Cleanup: 391412 ns, At safepoint: 14520 ns, Total: 454754 ns
[2025-01-17T08:25:38.038+0000][79][info ][safepoint   ] Safepoint "Cleanup", Time since last: 2016786719 ns, Reaching safepoint: 77987 ns, Cleanup: 471734 ns, At safepoint: 22565 ns, Total: 572286 ns
[2025-01-17T08:25:46.842+0000][79][info ][safepoint   ] Safepoint "Cleanup", Time since last: 8802869897 ns, Reaching safepoint: 28919 ns, Cleanup: 274904 ns, At safepoint: 20357 ns, Total: 324180 ns
[2025-01-17T08:25:48.089+0000][79][info ][safepoint   ] Safepoint "Cleanup", Time since last: 1246955708 ns, Reaching safepoint: 28279 ns, Cleanup: 272985 ns, At safepoint: 9994 ns, Total: 311258 ns
[2025-01-17T08:25:54.116+0000][79][info ][safepoint   ] Safepoint "Cleanup", Time since last: 6028214328 ns, Reaching safepoint: 33543 ns, Cleanup: 377706 ns, At safepoint: 13799 ns, Total: 425048 ns
[2025-01-17T08:25:59.190+0000][79][info ][safepoint   ] Safepoint "Cleanup", Time since last: 5073747985 ns, Reaching safepoint: 13212 ns, Cleanup: 289856 ns, At safepoint: 22280 ns, Total: 325348 ns
[2025-01-17T08:26:04.837+0000][79][info ][safepoint   ] Safepoint "Cleanup", Time since last: 5647086494 ns, Reaching safepoint: 118901 ns, Cleanup: 250389 ns, At safepoint: 31738 ns, Total: 401028 ns
[2025-01-17T08:26:06.210+0000][79][info ][safepoint   ] Safepoint "Cleanup", Time since last: 1371915430 ns, Reaching safepoint: 40203 ns, Cleanup: 598112 ns, At safepoint: 76399 ns, Total: 714714 ns
[2025-01-17T08:26:10.845+0000][79][info ][safepoint   ] Safepoint "Cleanup", Time since last: 4635047728 ns, Reaching safepoint: 11163 ns, Cleanup: 284963 ns, At safepoint: 22979 ns, Total: 319105 ns
[2025-01-17T08:26:20.280+0000][79][info ][safepoint   ] Safepoint "Cleanup", Time since last: 9434291221 ns, Reaching safepoint: 43088 ns, Cleanup: 250356 ns, At safepoint: 21983 ns, Total: 315427 ns
[2025-01-17T08:26:26.370+0000][79][info ][safepoint   ] Safepoint "Cleanup", Time since last: 6091530366 ns, Reaching safepoint: 43328 ns, Cleanup: 357769 ns, At safepoint: 17432 ns, Total: 418529 ns
[2025-01-17T08:26:28.846+0000][79][info ][safepoint   ] Safepoint "Cleanup", Time since last: 2475257580 ns, Reaching safepoint: 12301 ns, Cleanup: 273287 ns, At safepoint: 20056 ns, Total: 305644 ns
[2025-01-17T08:26:30.387+0000][79][info ][safepoint   ] Safepoint "Cleanup", Time since last: 1541148063 ns, Reaching safepoint: 29420 ns, Cleanup: 268146 ns, At safepoint: 59029 ns, Total: 356595 ns
[2025-01-17T08:26:34.870+0000][79][info ][safepoint   ] Safepoint "Cleanup", Time since last: 4481946581 ns, Reaching safepoint: 163455 ns, Cleanup: 301600 ns, At safepoint: 48697 ns, Total: 513752 ns
[2025-01-17T08:26:36.415+0000][79][info ][safepoint   ] Safepoint "Cleanup", Time since last: 1544611966 ns, Reaching safepoint: 38808 ns, Cleanup: 298548 ns, At safepoint: 10458 ns, Total: 347814 ns
[2025-01-17T08:26:38.416+0000][79][info ][safepoint   ] Safepoint "Cleanup", Time since last: 2001019520 ns, Reaching safepoint: 37993 ns, Cleanup: 279200 ns, At safepoint: 9529 ns, Total: 326722 ns
[2025-01-17T08:26:46.863+0000][79][info ][safepoint   ] Safepoint "Cleanup", Time since last: 8446292080 ns, Reaching safepoint: 10847 ns, Cleanup: 236881 ns, At safepoint: 21967 ns, Total: 269695 ns
[2025-01-17T08:26:50.485+0000][79][info ][safepoint   ] Safepoint "Cleanup", Time since last: 3622059184 ns, Reaching safepoint: 53979 ns, Cleanup: 284630 ns, At safepoint: 9586 ns, Total: 348195 ns
[2025-01-17T08:26:52.847+0000][79][info ][safepoint   ] Safepoint "Cleanup", Time since last: 2361782870 ns, Reaching safepoint: 11509 ns, Cleanup: 261250 ns, At safepoint: 21982 ns, Total: 294741 ns
[2025-01-17T08:26:59.533+0000][79][info ][safepoint   ] Safepoint "Cleanup", Time since last: 6687520331 ns, Reaching safepoint: 13166 ns, Cleanup: 260034 ns, At safepoint: 22885 ns, Total: 296085 ns
[2025-01-17T08:27:00.549+0000][79][info ][safepoint   ] Safepoint "Cleanup", Time since last: 1015210512 ns, Reaching safepoint: 36785 ns, Cleanup: 285149 ns, At safepoint: 9770 ns, Total: 331704 ns
[2025-01-17T08:27:04.550+0000][79][info ][safepoint   ] Safepoint "Cleanup", Time since last: 4001028087 ns, Reaching safepoint: 133472 ns, Cleanup: 278241 ns, At safepoint: 10675 ns, Total: 422388 ns
[2025-01-17T08:27:05.569+0000][79][info ][safepoint   ] Safepoint "Cleanup", Time since last: 1018703939 ns, Reaching safepoint: 15193 ns, Cleanup: 287047 ns, At safepoint: 20946 ns, Total: 323186 ns
[2025-01-17T08:27:13.627+0000][79][info ][safepoint   ] Safepoint "Cleanup", Time since last: 8057702811 ns, Reaching safepoint: 28860 ns, Cleanup: 230663 ns, At safepoint: 9740 ns, Total: 269263 ns
[2025-01-17T08:27:15.628+0000][79][info ][safepoint   ] Safepoint "Cleanup", Time since last: 2000736825 ns, Reaching safepoint: 28804 ns, Cleanup: 287769 ns, At safepoint: 11158 ns, Total: 327731 ns
[2025-01-17T08:27:18.668+0000][79][info ][safepoint   ] Safepoint "Cleanup", Time since last: 3039330881 ns, Reaching safepoint: 123778 ns, Cleanup: 628827 ns, At safepoint: 26903 ns, Total: 779508 ns
[2025-01-17T08:27:24.720+0000][79][info ][safepoint   ] Safepoint "Cleanup", Time since last: 6053479771 ns, Reaching safepoint: 26721 ns, Cleanup: 291553 ns, At safepoint: 10133 ns, Total: 328407 ns
[2025-01-17T08:27:29.013+0000][79][info ][safepoint   ] Safepoint "Cleanup", Time since last: 4292235931 ns, Reaching safepoint: 17834 ns, Cleanup: 415852 ns, At safepoint: 34131 ns, Total: 467817 ns
[2025-01-17T08:27:30.758+0000][79][info ][safepoint   ] Safepoint "Cleanup", Time since last: 1744848245 ns, Reaching safepoint: 30531 ns, Cleanup: 274389 ns, At safepoint: 23277 ns, Total: 328197 ns
[2025-01-17T08:27:32.759+0000][79][info ][safepoint   ] Safepoint "Cleanup", Time since last: 2000983364 ns, Reaching safepoint: 30203 ns, Cleanup: 285707 ns, At safepoint: 10862 ns, Total: 326772 ns
[2025-01-17T08:27:34.852+0000][79][info ][safepoint   ] Safepoint "Cleanup", Time since last: 2092284597 ns, Reaching safepoint: 19882 ns, Cleanup: 268908 ns, At safepoint: 22940 ns, Total: 311730 ns
[2025-01-17T08:27:36.790+0000][79][info ][safepoint   ] Safepoint "Cleanup", Time since last: 1938122541 ns, Reaching safepoint: 30067 ns, Cleanup: 290467 ns, At safepoint: 9903 ns, Total: 330437 ns
[2025-01-17T08:27:44.109+0000][79][info ][safepoint   ] Safepoint "Cleanup", Time since last: 7318412438 ns, Reaching safepoint: 13358 ns, Cleanup: 293317 ns, At safepoint: 44885 ns, Total: 351560 ns
