[2025-01-17T09:27:23.139+0000][78][info][gc,init] CardTable entry size: 512
[2025-01-17T09:27:23.141+0000][78][info][gc     ] Using G1
[2025-01-17T09:27:27.795+0000][78][info][gc,init] Version: 21.0.2+13-58 (release)
[2025-01-17T09:27:27.795+0000][78][info][gc,init] CPUs: 24 total, 24 available
[2025-01-17T09:27:27.796+0000][78][info][gc,init] Memory: 6781M
[2025-01-17T09:27:27.796+0000][78][info][gc,init] Large Page Support: Disabled
[2025-01-17T09:27:27.797+0000][78][info][gc,init] NUMA Support: Disabled
[2025-01-17T09:27:27.797+0000][78][info][gc,init] Compressed Oops: Enabled (Zero based)
[2025-01-17T09:27:27.797+0000][78][info][gc,init] Heap Region Size: 4M
[2025-01-17T09:27:27.798+0000][78][info][gc,init] Heap Min Capacity: 3392M
[2025-01-17T09:27:27.799+0000][78][info][gc,init] Heap Initial Capacity: 3392M
[2025-01-17T09:27:27.799+0000][78][info][gc,init] Heap Max Capacity: 3392M
[2025-01-17T09:27:27.799+0000][78][info][gc,init] Pre-touch: Enabled
[2025-01-17T09:27:27.800+0000][78][info][gc,init] Parallel Workers: 18
[2025-01-17T09:27:27.800+0000][78][info][gc,init] Concurrent Workers: 5
[2025-01-17T09:27:27.801+0000][78][info][gc,init] Concurrent Refinement Workers: 18
[2025-01-17T09:27:27.801+0000][78][info][gc,init] Periodic GC: Disabled
[2025-01-17T09:27:27.927+0000][78][info][gc,metaspace] CDS archive(s) mapped at: [0x00007fdf6b000000-0x00007fdf6bca6000-0x00007fdf6bca6000), size 13262848, SharedBaseAddress: 0x00007fdf6b000000, ArchiveRelocationMode: 1.
[2025-01-17T09:27:27.928+0000][78][info][gc,metaspace] Compressed class space mapped at: 0x00007fdf6c000000-0x00007fdfac000000, reserved size: 1073741824
[2025-01-17T09:27:27.928+0000][78][info][gc,metaspace] Narrow klass base: 0x00007fdf6b000000, Narrow klass shift: 0, Narrow klass range: 0x100000000
[2025-01-17T09:27:28.450+0000][78][info][safepoint   ] Safepoint "ICBufferFull", Time since last: 504976882 ns, Reaching safepoint: 6541 ns, Cleanup: 106643 ns, At safepoint: 3467 ns, Total: 116651 ns
[2025-01-17T09:27:28.795+0000][78][info][safepoint   ] Safepoint "ICBufferFull", Time since last: 345132751 ns, Reaching safepoint: 3317 ns, Cleanup: 111401 ns, At safepoint: 2062 ns, Total: 116780 ns
[2025-01-17T09:27:29.054+0000][78][info][safepoint   ] Safepoint "ICBufferFull", Time since last: 258624455 ns, Reaching safepoint: 3418 ns, Cleanup: 82147 ns, At safepoint: 1890 ns, Total: 87455 ns
[2025-01-17T09:27:30.092+0000][78][info][safepoint   ] Safepoint "Cleanup", Time since last: 1037457842 ns, Reaching safepoint: 2474 ns, Cleanup: 62043 ns, At safepoint: 13455 ns, Total: 77972 ns
[2025-01-17T09:27:30.395+0000][78][info][safepoint   ] Safepoint "ICBufferFull", Time since last: 302849482 ns, Reaching safepoint: 3029 ns, Cleanup: 83063 ns, At safepoint: 15750 ns, Total: 101842 ns
[2025-01-17T09:27:30.828+0000][78][info][gc,start    ] GC(0) Pause Young (Normal) (G1 Evacuation Pause)
[2025-01-17T09:27:30.829+0000][78][info][gc,task     ] GC(0) Using 18 workers of 18 for evacuation
[2025-01-17T09:27:30.829+0000][78][debug][gc,age      ] GC(0) Desired survivor size 12582912 bytes, new threshold 15 (max threshold 15)
[2025-01-17T09:27:30.837+0000][78][info ][gc,phases   ] GC(0)   Pre Evacuate Collection Set: 0.7ms
[2025-01-17T09:27:30.838+0000][78][info ][gc,phases   ] GC(0)   Merge Heap Roots: 0.4ms
[2025-01-17T09:27:30.838+0000][78][info ][gc,phases   ] GC(0)   Evacuate Collection Set: 4.3ms
[2025-01-17T09:27:30.839+0000][78][info ][gc,phases   ] GC(0)   Post Evacuate Collection Set: 2.1ms
[2025-01-17T09:27:30.839+0000][78][info ][gc,phases   ] GC(0)   Other: 0.8ms
[2025-01-17T09:27:30.839+0000][78][trace][gc,age      ] GC(0) Age table with threshold 15 (max threshold 15)
[2025-01-17T09:27:30.840+0000][78][trace][gc,age      ] GC(0) - age   1:   11914472 bytes,   11914472 total
[2025-01-17T09:27:30.840+0000][78][info ][gc,heap     ] GC(0) Eden regions: 42->0(39)
[2025-01-17T09:27:30.841+0000][78][info ][gc,heap     ] GC(0) Survivor regions: 0->3(6)
[2025-01-17T09:27:30.841+0000][78][info ][gc,heap     ] GC(0) Old regions: 1->1
[2025-01-17T09:27:30.842+0000][78][info ][gc,heap     ] GC(0) Humongous regions: 0->0
[2025-01-17T09:27:30.842+0000][78][info ][gc,metaspace] GC(0) Metaspace: 20895K(21504K)->20895K(21504K) NonClass: 18587K(18944K)->18587K(18944K) Class: 2307K(2560K)->2307K(2560K)
[2025-01-17T09:27:30.843+0000][78][info ][gc          ] GC(0) Pause Young (Normal) (G1 Evacuation Pause) 169M->13M(3392M) 14.342ms
[2025-01-17T09:27:30.843+0000][78][info ][gc,cpu      ] GC(0) User=0.06s Sys=0.00s Real=0.01s
[2025-01-17T09:27:30.843+0000][78][info ][safepoint   ] Safepoint "G1CollectForAllocation", Time since last: 433433920 ns, Reaching safepoint: 3627 ns, Cleanup: 92404 ns, At safepoint: 15175178 ns, Total: 15271209 ns
[2025-01-17T09:27:30.855+0000][78][info ][gc,start    ] GC(1) Pause Young (Concurrent Start) (Metadata GC Threshold)
[2025-01-17T09:27:30.856+0000][78][info ][gc,task     ] GC(1) Using 18 workers of 18 for evacuation
[2025-01-17T09:27:30.857+0000][78][debug][gc,age      ] GC(1) Desired survivor size 12582912 bytes, new threshold 15 (max threshold 15)
[2025-01-17T09:27:30.864+0000][78][info ][gc,phases   ] GC(1)   Pre Evacuate Collection Set: 0.5ms
[2025-01-17T09:27:30.864+0000][78][info ][gc,phases   ] GC(1)   Merge Heap Roots: 0.3ms
[2025-01-17T09:27:30.865+0000][78][info ][gc,phases   ] GC(1)   Evacuate Collection Set: 3.8ms
[2025-01-17T09:27:30.866+0000][78][info ][gc,phases   ] GC(1)   Post Evacuate Collection Set: 1.8ms
[2025-01-17T09:27:30.866+0000][78][info ][gc,phases   ] GC(1)   Other: 1.7ms
[2025-01-17T09:27:30.867+0000][78][trace][gc,age      ] GC(1) Age table with threshold 15 (max threshold 15)
[2025-01-17T09:27:30.868+0000][78][trace][gc,age      ] GC(1) - age   1:      23552 bytes,      23552 total
[2025-01-17T09:27:30.868+0000][78][trace][gc,age      ] GC(1) - age   2:    9089888 bytes,    9113440 total
[2025-01-17T09:27:30.869+0000][78][info ][gc,heap     ] GC(1) Eden regions: 2->0(45)
[2025-01-17T09:27:30.870+0000][78][info ][gc,heap     ] GC(1) Survivor regions: 3->3(6)
[2025-01-17T09:27:30.870+0000][78][info ][gc,heap     ] GC(1) Old regions: 1->1
[2025-01-17T09:27:30.871+0000][78][info ][gc,heap     ] GC(1) Humongous regions: 0->0
[2025-01-17T09:27:30.872+0000][78][info ][gc,metaspace] GC(1) Metaspace: 20933K(21504K)->20933K(21504K) NonClass: 18618K(18944K)->18618K(18944K) Class: 2314K(2560K)->2314K(2560K)
[2025-01-17T09:27:30.872+0000][78][info ][gc          ] GC(1) Pause Young (Concurrent Start) (Metadata GC Threshold) 19M->11M(3392M) 17.052ms
[2025-01-17T09:27:30.873+0000][78][info ][gc,cpu      ] GC(1) User=0.04s Sys=0.00s Real=0.01s
[2025-01-17T09:27:30.874+0000][78][info ][safepoint   ] Safepoint "CollectForMetadataAllocation", Time since last: 11703785 ns, Reaching safepoint: 2906 ns, Cleanup: 13733 ns, At safepoint: 18592417 ns, Total: 18609056 ns
[2025-01-17T09:27:30.873+0000][78][info ][gc          ] GC(2) Concurrent Mark Cycle
[2025-01-17T09:27:30.875+0000][78][info ][gc,marking  ] GC(2) Concurrent Scan Root Regions
[2025-01-17T09:27:30.879+0000][78][info ][gc,marking  ] GC(2) Concurrent Scan Root Regions 3.818ms
[2025-01-17T09:27:30.879+0000][78][info ][gc,marking  ] GC(2) Concurrent Mark
[2025-01-17T09:27:30.880+0000][78][info ][gc,marking  ] GC(2) Concurrent Mark From Roots
[2025-01-17T09:27:30.882+0000][78][info ][gc,task     ] GC(2) Using 5 workers of 5 for marking
[2025-01-17T09:27:30.884+0000][78][info ][gc,marking  ] GC(2) Concurrent Mark From Roots 3.950ms
[2025-01-17T09:27:30.885+0000][78][info ][gc,marking  ] GC(2) Concurrent Preclean
[2025-01-17T09:27:30.885+0000][78][info ][gc,marking  ] GC(2) Concurrent Preclean 0.741ms
[2025-01-17T09:27:30.886+0000][78][info ][gc,start    ] GC(2) Pause Remark
[2025-01-17T09:27:30.890+0000][78][info ][gc          ] GC(2) Pause Remark 14M->14M(3392M) 3.742ms
[2025-01-17T09:27:30.891+0000][78][info ][gc,cpu      ] GC(2) User=0.02s Sys=0.00s Real=0.00s
[2025-01-17T09:27:30.891+0000][78][info ][safepoint   ] Safepoint "G1PauseRemark", Time since last: 12202904 ns, Reaching safepoint: 95282 ns, Cleanup: 16284 ns, At safepoint: 5142513 ns, Total: 5254079 ns
[2025-01-17T09:27:30.892+0000][78][info ][gc,marking  ] GC(2) Concurrent Mark 12.363ms
[2025-01-17T09:27:30.893+0000][78][info ][gc,marking  ] GC(2) Concurrent Rebuild Remembered Sets and Scrub Regions
[2025-01-17T09:27:30.894+0000][78][info ][gc,marking  ] GC(2) Concurrent Rebuild Remembered Sets and Scrub Regions 1.560ms
[2025-01-17T09:27:30.895+0000][78][info ][gc,start    ] GC(2) Pause Cleanup
[2025-01-17T09:27:30.896+0000][78][info ][gc          ] GC(2) Pause Cleanup 15M->15M(3392M) 0.888ms
[2025-01-17T09:27:30.897+0000][78][info ][gc,cpu      ] GC(2) User=0.00s Sys=0.00s Real=0.00s
[2025-01-17T09:27:30.897+0000][78][info ][safepoint   ] Safepoint "G1PauseCleanup", Time since last: 3931107 ns, Reaching safepoint: 96043 ns, Cleanup: 8380 ns, At safepoint: 1950521 ns, Total: 2054944 ns
[2025-01-17T09:27:30.898+0000][78][info ][gc,marking  ] GC(2) Concurrent Clear Claimed Marks
[2025-01-17T09:27:30.898+0000][78][info ][gc,marking  ] GC(2) Concurrent Clear Claimed Marks 0.563ms
[2025-01-17T09:27:30.899+0000][78][info ][gc,marking  ] GC(2) Concurrent Cleanup for Next Mark
[2025-01-17T09:27:30.902+0000][78][info ][gc,marking  ] GC(2) Concurrent Cleanup for Next Mark 3.041ms
[2025-01-17T09:27:30.902+0000][78][info ][gc          ] GC(2) Concurrent Mark Cycle 29.525ms
[2025-01-17T09:27:31.652+0000][78][info ][safepoint   ] Safepoint "ICBufferFull", Time since last: 754780630 ns, Reaching safepoint: 103466 ns, Cleanup: 119078 ns, At safepoint: 15770 ns, Total: 238314 ns
[2025-01-17T09:27:31.723+0000][78][info ][gc,start    ] GC(3) Pause Young (Prepare Mixed) (G1 Evacuation Pause)
[2025-01-17T09:27:31.727+0000][78][info ][gc,task     ] GC(3) Using 18 workers of 18 for evacuation
[2025-01-17T09:27:31.727+0000][78][debug][gc,age      ] GC(3) Desired survivor size 12582912 bytes, new threshold 15 (max threshold 15)
[2025-01-17T09:27:31.736+0000][78][info ][gc,phases   ] GC(3)   Pre Evacuate Collection Set: 0.4ms
[2025-01-17T09:27:31.737+0000][78][info ][gc,phases   ] GC(3)   Merge Heap Roots: 0.3ms
[2025-01-17T09:27:31.737+0000][78][info ][gc,phases   ] GC(3)   Evacuate Collection Set: 4.6ms
[2025-01-17T09:27:31.738+0000][78][info ][gc,phases   ] GC(3)   Post Evacuate Collection Set: 2.8ms
[2025-01-17T09:27:31.739+0000][78][info ][gc,phases   ] GC(3)   Other: 1.2ms
[2025-01-17T09:27:31.739+0000][78][trace][gc,age      ] GC(3) Age table with threshold 15 (max threshold 15)
[2025-01-17T09:27:31.740+0000][78][trace][gc,age      ] GC(3) - age   1:    4686880 bytes,    4686880 total
[2025-01-17T09:27:31.740+0000][78][trace][gc,age      ] GC(3) - age   2:      17376 bytes,    4704256 total
[2025-01-17T09:27:31.741+0000][78][trace][gc,age      ] GC(3) - age   3:    9078728 bytes,   13782984 total
[2025-01-17T09:27:31.742+0000][78][info ][gc,heap     ] GC(3) Eden regions: 45->0(81)
[2025-01-17T09:27:31.743+0000][78][info ][gc,heap     ] GC(3) Survivor regions: 3->4(6)
[2025-01-17T09:27:31.743+0000][78][info ][gc,heap     ] GC(3) Old regions: 1->1
[2025-01-17T09:27:31.744+0000][78][info ][gc,heap     ] GC(3) Humongous regions: 0->0
[2025-01-17T09:27:31.744+0000][78][info ][gc,metaspace] GC(3) Metaspace: 28048K(28672K)->28048K(28672K) NonClass: 24954K(25280K)->24954K(25280K) Class: 3094K(3392K)->3094K(3392K)
[2025-01-17T09:27:31.745+0000][78][info ][gc          ] GC(3) Pause Young (Prepare Mixed) (G1 Evacuation Pause) 191M->15M(3392M) 22.183ms
[2025-01-17T09:27:31.745+0000][78][info ][gc,cpu      ] GC(3) User=0.07s Sys=0.00s Real=0.03s
[2025-01-17T09:27:31.746+0000][78][info ][safepoint   ] Safepoint "G1CollectForAllocation", Time since last: 70430716 ns, Reaching safepoint: 4163 ns, Cleanup: 17494 ns, At safepoint: 23290846 ns, Total: 23312503 ns
[2025-01-17T09:27:32.228+0000][78][info ][safepoint   ] Safepoint "ICBufferFull", Time since last: 481480733 ns, Reaching safepoint: 3611 ns, Cleanup: 112113 ns, At safepoint: 1887 ns, Total: 117611 ns
[2025-01-17T09:27:32.457+0000][78][info ][gc,start    ] GC(4) Pause Young (Mixed) (G1 Evacuation Pause)
[2025-01-17T09:27:32.458+0000][78][info ][gc,task     ] GC(4) Using 18 workers of 18 for evacuation
[2025-01-17T09:27:32.458+0000][78][debug][gc,age      ] GC(4) Desired survivor size 23068672 bytes, new threshold 15 (max threshold 15)
[2025-01-17T09:27:32.468+0000][78][info ][gc,phases   ] GC(4)   Pre Evacuate Collection Set: 0.5ms
[2025-01-17T09:27:32.469+0000][78][info ][gc,phases   ] GC(4)   Merge Heap Roots: 0.3ms
[2025-01-17T09:27:32.469+0000][78][info ][gc,phases   ] GC(4)   Evacuate Collection Set: 6.2ms
[2025-01-17T09:27:32.470+0000][78][info ][gc,phases   ] GC(4)   Post Evacuate Collection Set: 1.8ms
[2025-01-17T09:27:32.470+0000][78][info ][gc,phases   ] GC(4)   Other: 1.3ms
[2025-01-17T09:27:32.471+0000][78][trace][gc,age      ] GC(4) Age table with threshold 15 (max threshold 15)
[2025-01-17T09:27:32.471+0000][78][trace][gc,age      ] GC(4) - age   1:    6518176 bytes,    6518176 total
[2025-01-17T09:27:32.472+0000][78][trace][gc,age      ] GC(4) - age   2:    4651080 bytes,   11169256 total
[2025-01-17T09:27:32.473+0000][78][trace][gc,age      ] GC(4) - age   3:      17344 bytes,   11186600 total
[2025-01-17T09:27:32.473+0000][78][trace][gc,age      ] GC(4) - age   4:    9076376 bytes,   20262976 total
[2025-01-17T09:27:32.474+0000][78][info ][gc,heap     ] GC(4) Eden regions: 81->0(82)
[2025-01-17T09:27:32.474+0000][78][info ][gc,heap     ] GC(4) Survivor regions: 4->6(11)
[2025-01-17T09:27:32.475+0000][78][info ][gc,heap     ] GC(4) Old regions: 1->1
[2025-01-17T09:27:32.475+0000][78][info ][gc,heap     ] GC(4) Humongous regions: 0->0
[2025-01-17T09:27:32.476+0000][78][info ][gc,metaspace] GC(4) Metaspace: 29945K(30656K)->29945K(30656K) NonClass: 26533K(26944K)->26533K(26944K) Class: 3412K(3712K)->3412K(3712K)
[2025-01-17T09:27:32.477+0000][78][info ][gc          ] GC(4) Pause Young (Mixed) (G1 Evacuation Pause) 339M->22M(3392M) 20.124ms
[2025-01-17T09:27:32.478+0000][78][info ][gc,cpu      ] GC(4) User=0.08s Sys=0.00s Real=0.02s
[2025-01-17T09:27:32.478+0000][78][info ][safepoint   ] Safepoint "G1CollectForAllocation", Time since last: 229133721 ns, Reaching safepoint: 3487 ns, Cleanup: 29030 ns, At safepoint: 21540295 ns, Total: 21572812 ns
[2025-01-17T09:27:32.936+0000][78][info ][safepoint   ] Safepoint "ICBufferFull", Time since last: 458117654 ns, Reaching safepoint: 3662 ns, Cleanup: 100749 ns, At safepoint: 1896 ns, Total: 106307 ns
[2025-01-17T09:27:33.038+0000][78][info ][gc,start    ] GC(5) Pause Young (Concurrent Start) (Metadata GC Threshold)
[2025-01-17T09:27:33.039+0000][78][info ][gc,task     ] GC(5) Using 18 workers of 18 for evacuation
[2025-01-17T09:27:33.040+0000][78][debug][gc,age      ] GC(5) Desired survivor size 23068672 bytes, new threshold 15 (max threshold 15)
[2025-01-17T09:27:33.051+0000][78][info ][gc,phases   ] GC(5)   Pre Evacuate Collection Set: 0.5ms
[2025-01-17T09:27:33.052+0000][78][info ][gc,phases   ] GC(5)   Merge Heap Roots: 0.3ms
[2025-01-17T09:27:33.052+0000][78][info ][gc,phases   ] GC(5)   Evacuate Collection Set: 6.3ms
[2025-01-17T09:27:33.053+0000][78][info ][gc,phases   ] GC(5)   Post Evacuate Collection Set: 2.6ms
[2025-01-17T09:27:33.054+0000][78][info ][gc,phases   ] GC(5)   Other: 2.2ms
[2025-01-17T09:27:33.055+0000][78][trace][gc,age      ] GC(5) Age table with threshold 15 (max threshold 15)
[2025-01-17T09:27:33.055+0000][78][trace][gc,age      ] GC(5) - age   1:    3345696 bytes,    3345696 total
[2025-01-17T09:27:33.056+0000][78][trace][gc,age      ] GC(5) - age   2:    6487648 bytes,    9833344 total
[2025-01-17T09:27:33.056+0000][78][trace][gc,age      ] GC(5) - age   3:    4649896 bytes,   14483240 total
[2025-01-17T09:27:33.057+0000][78][trace][gc,age      ] GC(5) - age   4:      17344 bytes,   14500584 total
[2025-01-17T09:27:33.057+0000][78][trace][gc,age      ] GC(5) - age   5:    9074904 bytes,   23575488 total
[2025-01-17T09:27:33.058+0000][78][info ][gc,heap     ] GC(5) Eden regions: 60->0(94)
[2025-01-17T09:27:33.059+0000][78][info ][gc,heap     ] GC(5) Survivor regions: 6->7(11)
[2025-01-17T09:27:33.059+0000][78][info ][gc,heap     ] GC(5) Old regions: 1->1
[2025-01-17T09:27:33.060+0000][78][info ][gc,heap     ] GC(5) Humongous regions: 0->0
[2025-01-17T09:27:33.060+0000][78][info ][gc,metaspace] GC(5) Metaspace: 35212K(35968K)->35212K(35968K) NonClass: 31240K(31680K)->31240K(31680K) Class: 3972K(4288K)->3972K(4288K)
[2025-01-17T09:27:33.061+0000][78][info ][gc          ] GC(5) Pause Young (Concurrent Start) (Metadata GC Threshold) 262M->25M(3392M) 22.604ms
[2025-01-17T09:27:33.061+0000][78][info ][gc,cpu      ] GC(5) User=0.06s Sys=0.00s Real=0.02s
[2025-01-17T09:27:33.061+0000][78][info ][gc          ] GC(6) Concurrent Mark Cycle
[2025-01-17T09:27:33.062+0000][78][info ][safepoint   ] Safepoint "CollectForMetadataAllocation", Time since last: 101501567 ns, Reaching safepoint: 2807 ns, Cleanup: 19825 ns, At safepoint: 24066719 ns, Total: 24089351 ns
[2025-01-17T09:27:33.063+0000][78][info ][gc,marking  ] GC(6) Concurrent Scan Root Regions
[2025-01-17T09:27:33.068+0000][78][info ][gc,marking  ] GC(6) Concurrent Scan Root Regions 4.950ms
[2025-01-17T09:27:33.068+0000][78][info ][gc,marking  ] GC(6) Concurrent Mark
[2025-01-17T09:27:33.069+0000][78][info ][gc,marking  ] GC(6) Concurrent Mark From Roots
[2025-01-17T09:27:33.069+0000][78][info ][gc,task     ] GC(6) Using 5 workers of 5 for marking
[2025-01-17T09:27:33.071+0000][78][info ][gc,marking  ] GC(6) Concurrent Mark From Roots 2.666ms
[2025-01-17T09:27:33.072+0000][78][info ][gc,marking  ] GC(6) Concurrent Preclean
[2025-01-17T09:27:33.073+0000][78][info ][gc,marking  ] GC(6) Concurrent Preclean 0.459ms
[2025-01-17T09:27:33.073+0000][78][info ][gc,start    ] GC(6) Pause Remark
[2025-01-17T09:27:33.077+0000][78][info ][gc          ] GC(6) Pause Remark 28M->28M(3392M) 3.827ms
[2025-01-17T09:27:33.077+0000][78][info ][gc,cpu      ] GC(6) User=0.03s Sys=0.00s Real=0.01s
[2025-01-17T09:27:33.078+0000][78][info ][safepoint   ] Safepoint "G1PauseRemark", Time since last: 11065409 ns, Reaching safepoint: 4058 ns, Cleanup: 12599 ns, At safepoint: 4652740 ns, Total: 4669397 ns
[2025-01-17T09:27:33.079+0000][78][info ][gc,marking  ] GC(6) Concurrent Mark 10.285ms
[2025-01-17T09:27:33.079+0000][78][info ][gc,marking  ] GC(6) Concurrent Rebuild Remembered Sets and Scrub Regions
[2025-01-17T09:27:33.080+0000][78][info ][gc,marking  ] GC(6) Concurrent Rebuild Remembered Sets and Scrub Regions 1.127ms
[2025-01-17T09:27:33.081+0000][78][info ][gc,start    ] GC(6) Pause Cleanup
[2025-01-17T09:27:33.082+0000][78][info ][gc          ] GC(6) Pause Cleanup 28M->28M(3392M) 0.894ms
[2025-01-17T09:27:33.082+0000][78][info ][gc,cpu      ] GC(6) User=0.00s Sys=0.00s Real=0.00s
[2025-01-17T09:27:33.083+0000][78][info ][safepoint   ] Safepoint "G1PauseCleanup", Time since last: 3071752 ns, Reaching safepoint: 84343 ns, Cleanup: 9230 ns, At safepoint: 1817655 ns, Total: 1911228 ns
[2025-01-17T09:27:33.083+0000][78][info ][gc,marking  ] GC(6) Concurrent Clear Claimed Marks
[2025-01-17T09:27:33.084+0000][78][info ][gc,marking  ] GC(6) Concurrent Clear Claimed Marks 0.447ms
[2025-01-17T09:27:33.084+0000][78][info ][gc,marking  ] GC(6) Concurrent Cleanup for Next Mark
[2025-01-17T09:27:33.086+0000][78][info ][gc,marking  ] GC(6) Concurrent Cleanup for Next Mark 2.020ms
[2025-01-17T09:27:33.087+0000][78][info ][gc          ] GC(6) Concurrent Mark Cycle 25.275ms
[2025-01-17T09:27:33.847+0000][78][info ][gc,start    ] GC(7) Pause Young (Normal) (G1 Evacuation Pause)
[2025-01-17T09:27:33.847+0000][78][info ][gc,task     ] GC(7) Using 18 workers of 18 for evacuation
[2025-01-17T09:27:33.848+0000][78][debug][gc,age      ] GC(7) Desired survivor size 27262976 bytes, new threshold 15 (max threshold 15)
[2025-01-17T09:27:33.858+0000][78][info ][gc,phases   ] GC(7)   Pre Evacuate Collection Set: 0.5ms
[2025-01-17T09:27:33.859+0000][78][info ][gc,phases   ] GC(7)   Merge Heap Roots: 0.2ms
[2025-01-17T09:27:33.860+0000][78][info ][gc,phases   ] GC(7)   Evacuate Collection Set: 7.8ms
[2025-01-17T09:27:33.860+0000][78][info ][gc,phases   ] GC(7)   Post Evacuate Collection Set: 2.0ms
[2025-01-17T09:27:33.860+0000][78][info ][gc,phases   ] GC(7)   Other: 0.8ms
[2025-01-17T09:27:33.860+0000][78][trace][gc,age      ] GC(7) Age table with threshold 15 (max threshold 15)
[2025-01-17T09:27:33.861+0000][78][trace][gc,age      ] GC(7) - age   1:    6478856 bytes,    6478856 total
[2025-01-17T09:27:33.862+0000][78][trace][gc,age      ] GC(7) - age   2:    3326664 bytes,    9805520 total
[2025-01-17T09:27:33.862+0000][78][trace][gc,age      ] GC(7) - age   3:    6481744 bytes,   16287264 total
[2025-01-17T09:27:33.862+0000][78][trace][gc,age      ] GC(7) - age   4:    4645568 bytes,   20932832 total
[2025-01-17T09:27:33.862+0000][78][trace][gc,age      ] GC(7) - age   5:      17344 bytes,   20950176 total
[2025-01-17T09:27:33.863+0000][78][trace][gc,age      ] GC(7) - age   6:    9039464 bytes,   29989640 total
[2025-01-17T09:27:33.863+0000][78][info ][gc,heap     ] GC(7) Eden regions: 94->0(144)
[2025-01-17T09:27:33.863+0000][78][info ][gc,heap     ] GC(7) Survivor regions: 7->8(13)
[2025-01-17T09:27:33.863+0000][78][info ][gc,heap     ] GC(7) Old regions: 1->1
[2025-01-17T09:27:33.864+0000][78][info ][gc,heap     ] GC(7) Humongous regions: 0->0
[2025-01-17T09:27:33.864+0000][78][info ][gc,metaspace] GC(7) Metaspace: 38015K(38912K)->38015K(38912K) NonClass: 33666K(34176K)->33666K(34176K) Class: 4349K(4736K)->4349K(4736K)
[2025-01-17T09:27:33.865+0000][78][info ][gc          ] GC(7) Pause Young (Normal) (G1 Evacuation Pause) 401M->32M(3392M) 18.062ms
[2025-01-17T09:27:33.865+0000][78][info ][gc,cpu      ] GC(7) User=0.06s Sys=0.00s Real=0.02s
[2025-01-17T09:27:33.866+0000][78][info ][safepoint   ] Safepoint "G1CollectForAllocation", Time since last: 763759217 ns, Reaching safepoint: 94101 ns, Cleanup: 106074 ns, At safepoint: 18889192 ns, Total: 19089367 ns
[2025-01-17T09:27:34.403+0000][78][info ][safepoint   ] Safepoint "ICBufferFull", Time since last: 536963661 ns, Reaching safepoint: 100301 ns, Cleanup: 95242 ns, At safepoint: 34462 ns, Total: 230005 ns
[2025-01-17T09:27:35.065+0000][78][info ][safepoint   ] Safepoint "ICBufferFull", Time since last: 661902884 ns, Reaching safepoint: 2981 ns, Cleanup: 138149 ns, At safepoint: 2279 ns, Total: 143409 ns
[2025-01-17T09:27:35.894+0000][78][info ][gc,start    ] GC(8) Pause Young (Concurrent Start) (Metadata GC Threshold)
[2025-01-17T09:27:35.895+0000][78][info ][gc,task     ] GC(8) Using 18 workers of 18 for evacuation
[2025-01-17T09:27:35.896+0000][78][debug][gc,age      ] GC(8) Desired survivor size 39845888 bytes, new threshold 15 (max threshold 15)
[2025-01-17T09:27:35.909+0000][78][info ][gc,phases   ] GC(8)   Pre Evacuate Collection Set: 0.5ms
[2025-01-17T09:27:35.910+0000][78][info ][gc,phases   ] GC(8)   Merge Heap Roots: 0.3ms
[2025-01-17T09:27:35.911+0000][78][info ][gc,phases   ] GC(8)   Evacuate Collection Set: 9.5ms
[2025-01-17T09:27:35.911+0000][78][info ][gc,phases   ] GC(8)   Post Evacuate Collection Set: 3.0ms
[2025-01-17T09:27:35.912+0000][78][info ][gc,phases   ] GC(8)   Other: 1.0ms
[2025-01-17T09:27:35.912+0000][78][trace][gc,age      ] GC(8) Age table with threshold 15 (max threshold 15)
[2025-01-17T09:27:35.913+0000][78][trace][gc,age      ] GC(8) - age   1:    9666136 bytes,    9666136 total
[2025-01-17T09:27:35.913+0000][78][trace][gc,age      ] GC(8) - age   2:    6227896 bytes,   15894032 total
[2025-01-17T09:27:35.914+0000][78][trace][gc,age      ] GC(8) - age   3:    3303432 bytes,   19197464 total
[2025-01-17T09:27:35.914+0000][78][trace][gc,age      ] GC(8) - age   4:    6452160 bytes,   25649624 total
[2025-01-17T09:27:35.914+0000][78][trace][gc,age      ] GC(8) - age   5:    4626128 bytes,   30275752 total
[2025-01-17T09:27:35.915+0000][78][trace][gc,age      ] GC(8) - age   6:      17312 bytes,   30293064 total
[2025-01-17T09:27:35.915+0000][78][trace][gc,age      ] GC(8) - age   7:    8859392 bytes,   39152456 total
[2025-01-17T09:27:35.916+0000][78][info ][gc,heap     ] GC(8) Eden regions: 140->0(497)
[2025-01-17T09:27:35.916+0000][78][info ][gc,heap     ] GC(8) Survivor regions: 8->11(19)
[2025-01-17T09:27:35.917+0000][78][info ][gc,heap     ] GC(8) Old regions: 1->1
[2025-01-17T09:27:35.917+0000][78][info ][gc,heap     ] GC(8) Humongous regions: 0->0
[2025-01-17T09:27:35.918+0000][78][info ][gc,metaspace] GC(8) Metaspace: 59109K(60416K)->59109K(60416K) NonClass: 51800K(52608K)->51800K(52608K) Class: 7308K(7808K)->7308K(7808K)
[2025-01-17T09:27:35.918+0000][78][info ][gc          ] GC(8) Pause Young (Concurrent Start) (Metadata GC Threshold) 592M->41M(3392M) 24.595ms
[2025-01-17T09:27:35.919+0000][78][info ][gc,cpu      ] GC(8) User=0.09s Sys=0.00s Real=0.03s
[2025-01-17T09:27:35.919+0000][78][info ][gc          ] GC(9) Concurrent Mark Cycle
[2025-01-17T09:27:35.920+0000][78][info ][gc,marking  ] GC(9) Concurrent Scan Root Regions
[2025-01-17T09:27:35.919+0000][78][info ][safepoint   ] Safepoint "CollectForMetadataAllocation", Time since last: 828755092 ns, Reaching safepoint: 3314 ns, Cleanup: 103748 ns, At safepoint: 25655018 ns, Total: 25762080 ns
[2025-01-17T09:27:35.925+0000][78][info ][gc,marking  ] GC(9) Concurrent Scan Root Regions 5.259ms
[2025-01-17T09:27:35.926+0000][78][info ][gc,marking  ] GC(9) Concurrent Mark
[2025-01-17T09:27:35.927+0000][78][info ][gc,marking  ] GC(9) Concurrent Mark From Roots
[2025-01-17T09:27:35.927+0000][78][info ][gc,task     ] GC(9) Using 5 workers of 5 for marking
[2025-01-17T09:27:35.929+0000][78][info ][gc,marking  ] GC(9) Concurrent Mark From Roots 2.615ms
[2025-01-17T09:27:35.930+0000][78][info ][gc,marking  ] GC(9) Concurrent Preclean
[2025-01-17T09:27:35.930+0000][78][info ][gc,marking  ] GC(9) Concurrent Preclean 0.488ms
[2025-01-17T09:27:35.931+0000][78][info ][gc,start    ] GC(9) Pause Remark
[2025-01-17T09:27:35.936+0000][78][info ][gc          ] GC(9) Pause Remark 45M->45M(3392M) 4.463ms
[2025-01-17T09:27:35.936+0000][78][info ][gc,cpu      ] GC(9) User=0.02s Sys=0.00s Real=0.01s
[2025-01-17T09:27:35.937+0000][78][info ][safepoint   ] Safepoint "G1PauseRemark", Time since last: 11666769 ns, Reaching safepoint: 266227 ns, Cleanup: 9887 ns, At safepoint: 5341813 ns, Total: 5617927 ns
[2025-01-17T09:27:35.937+0000][78][info ][gc,marking  ] GC(9) Concurrent Mark 11.620ms
[2025-01-17T09:27:35.938+0000][78][info ][gc,marking  ] GC(9) Concurrent Rebuild Remembered Sets and Scrub Regions
[2025-01-17T09:27:35.939+0000][78][info ][gc,marking  ] GC(9) Concurrent Rebuild Remembered Sets and Scrub Regions 1.176ms
[2025-01-17T09:27:35.940+0000][78][info ][gc,start    ] GC(9) Pause Cleanup
[2025-01-17T09:27:35.940+0000][78][info ][gc          ] GC(9) Pause Cleanup 45M->45M(3392M) 0.806ms
[2025-01-17T09:27:35.941+0000][78][info ][gc,cpu      ] GC(9) User=0.00s Sys=0.00s Real=0.00s
[2025-01-17T09:27:35.942+0000][78][info ][safepoint   ] Safepoint "G1PauseCleanup", Time since last: 2953802 ns, Reaching safepoint: 3263 ns, Cleanup: 8569 ns, At safepoint: 2026380 ns, Total: 2038212 ns
[2025-01-17T09:27:35.942+0000][78][info ][gc,marking  ] GC(9) Concurrent Clear Claimed Marks
[2025-01-17T09:27:35.942+0000][78][info ][gc,marking  ] GC(9) Concurrent Clear Claimed Marks 0.491ms
[2025-01-17T09:27:35.943+0000][78][info ][gc,marking  ] GC(9) Concurrent Cleanup for Next Mark
[2025-01-17T09:27:35.945+0000][78][info ][gc,marking  ] GC(9) Concurrent Cleanup for Next Mark 2.449ms
[2025-01-17T09:27:35.946+0000][78][info ][gc          ] GC(9) Concurrent Mark Cycle 26.764ms
[2025-01-17T09:27:37.285+0000][78][info ][safepoint   ] Safepoint "Cleanup", Time since last: 1343439861 ns, Reaching safepoint: 97235 ns, Cleanup: 98938 ns, At safepoint: 33789 ns, Total: 229962 ns
[2025-01-17T09:27:38.005+0000][78][info ][safepoint   ] Safepoint "ICBufferFull", Time since last: 719341448 ns, Reaching safepoint: 102215 ns, Cleanup: 97477 ns, At safepoint: 20982 ns, Total: 220674 ns
[2025-01-17T09:27:39.009+0000][78][info ][safepoint   ] Safepoint "Cleanup", Time since last: 1004000652 ns, Reaching safepoint: 3295 ns, Cleanup: 28990 ns, At safepoint: 1617 ns, Total: 33902 ns
[2025-01-17T09:27:39.908+0000][78][info ][safepoint   ] Safepoint "ICBufferFull", Time since last: 898943820 ns, Reaching safepoint: 3229 ns, Cleanup: 96678 ns, At safepoint: 1935 ns, Total: 101842 ns
[2025-01-17T09:27:40.847+0000][78][info ][safepoint   ] Safepoint "ICBufferFull", Time since last: 938927727 ns, Reaching safepoint: 3475 ns, Cleanup: 98569 ns, At safepoint: 2218 ns, Total: 104262 ns
[2025-01-17T09:27:40.888+0000][78][info ][gc,start    ] GC(10) Pause Young (Concurrent Start) (Metadata GC Threshold)
[2025-01-17T09:27:40.889+0000][78][info ][gc,task     ] GC(10) Using 18 workers of 18 for evacuation
[2025-01-17T09:27:40.889+0000][78][debug][gc,age      ] GC(10) Desired survivor size 134217728 bytes, new threshold 15 (max threshold 15)
[2025-01-17T09:27:40.910+0000][78][info ][gc,phases   ] GC(10)   Pre Evacuate Collection Set: 0.4ms
[2025-01-17T09:27:40.911+0000][78][info ][gc,phases   ] GC(10)   Merge Heap Roots: 0.3ms
[2025-01-17T09:27:40.912+0000][78][info ][gc,phases   ] GC(10)   Evacuate Collection Set: 15.7ms
[2025-01-17T09:27:40.912+0000][78][info ][gc,phases   ] GC(10)   Post Evacuate Collection Set: 4.6ms
[2025-01-17T09:27:40.913+0000][78][info ][gc,phases   ] GC(10)   Other: 0.6ms
[2025-01-17T09:27:40.914+0000][78][trace][gc,age      ] GC(10) Age table with threshold 15 (max threshold 15)
[2025-01-17T09:27:40.914+0000][78][trace][gc,age      ] GC(10) - age   1:   21102376 bytes,   21102376 total
[2025-01-17T09:27:40.915+0000][78][trace][gc,age      ] GC(10) - age   2:    9103616 bytes,   30205992 total
[2025-01-17T09:27:40.915+0000][78][trace][gc,age      ] GC(10) - age   3:    6169856 bytes,   36375848 total
[2025-01-17T09:27:40.916+0000][78][trace][gc,age      ] GC(10) - age   4:    3279864 bytes,   39655712 total
[2025-01-17T09:27:40.917+0000][78][trace][gc,age      ] GC(10) - age   5:    6435240 bytes,   46090952 total
[2025-01-17T09:27:40.917+0000][78][trace][gc,age      ] GC(10) - age   6:    4601912 bytes,   50692864 total
[2025-01-17T09:27:40.918+0000][78][trace][gc,age      ] GC(10) - age   7:      17184 bytes,   50710048 total
[2025-01-17T09:27:40.918+0000][78][trace][gc,age      ] GC(10) - age   8:    8816368 bytes,   59526416 total
[2025-01-17T09:27:40.919+0000][78][info ][gc,heap     ] GC(10) Eden regions: 206->0(417)
[2025-01-17T09:27:40.920+0000][78][info ][gc,heap     ] GC(10) Survivor regions: 11->16(64)
[2025-01-17T09:27:40.920+0000][78][info ][gc,heap     ] GC(10) Old regions: 1->1
[2025-01-17T09:27:40.921+0000][78][info ][gc,heap     ] GC(10) Humongous regions: 0->0
[2025-01-17T09:27:40.922+0000][78][info ][gc,metaspace] GC(10) Metaspace: 99072K(100928K)->99072K(100928K) NonClass: 86219K(87296K)->86219K(87296K) Class: 12853K(13632K)->12853K(13632K)
[2025-01-17T09:27:40.922+0000][78][info ][gc          ] GC(10) Pause Young (Concurrent Start) (Metadata GC Threshold) 865M->62M(3392M) 34.012ms
[2025-01-17T09:27:40.923+0000][78][info ][gc,cpu      ] GC(10) User=0.19s Sys=0.00s Real=0.03s
[2025-01-17T09:27:40.923+0000][78][info ][gc          ] GC(11) Concurrent Mark Cycle
[2025-01-17T09:27:40.924+0000][78][info ][gc,marking  ] GC(11) Concurrent Scan Root Regions
[2025-01-17T09:27:40.924+0000][78][info ][safepoint   ] Safepoint "CollectForMetadataAllocation", Time since last: 41243936 ns, Reaching safepoint: 3926 ns, Cleanup: 40941 ns, At safepoint: 35720390 ns, Total: 35765257 ns
[2025-01-17T09:27:40.932+0000][78][info ][gc,marking  ] GC(11) Concurrent Scan Root Regions 7.139ms
[2025-01-17T09:27:40.932+0000][78][info ][gc,marking  ] GC(11) Concurrent Mark
[2025-01-17T09:27:40.933+0000][78][info ][gc,marking  ] GC(11) Concurrent Mark From Roots
[2025-01-17T09:27:40.933+0000][78][info ][gc,task     ] GC(11) Using 5 workers of 5 for marking
[2025-01-17T09:27:40.936+0000][78][info ][gc,marking  ] GC(11) Concurrent Mark From Roots 2.938ms
[2025-01-17T09:27:40.936+0000][78][info ][gc,marking  ] GC(11) Concurrent Preclean
[2025-01-17T09:27:40.937+0000][78][info ][gc,marking  ] GC(11) Concurrent Preclean 0.507ms
[2025-01-17T09:27:40.937+0000][78][info ][gc,start    ] GC(11) Pause Remark
[2025-01-17T09:27:40.943+0000][78][info ][gc          ] GC(11) Pause Remark 66M->66M(3392M) 5.380ms
[2025-01-17T09:27:40.943+0000][78][info ][gc,cpu      ] GC(11) User=0.03s Sys=0.00s Real=0.00s
[2025-01-17T09:27:40.944+0000][78][info ][safepoint   ] Safepoint "G1PauseRemark", Time since last: 13366141 ns, Reaching safepoint: 3884 ns, Cleanup: 7811 ns, At safepoint: 6505964 ns, Total: 6517659 ns
[2025-01-17T09:27:40.945+0000][78][info ][gc,marking  ] GC(11) Concurrent Mark 12.404ms
[2025-01-17T09:27:40.945+0000][78][info ][gc,marking  ] GC(11) Concurrent Rebuild Remembered Sets and Scrub Regions
[2025-01-17T09:27:40.947+0000][78][info ][gc,marking  ] GC(11) Concurrent Rebuild Remembered Sets and Scrub Regions 1.416ms
[2025-01-17T09:27:40.948+0000][78][info ][gc,start    ] GC(11) Pause Cleanup
[2025-01-17T09:27:40.949+0000][78][info ][gc          ] GC(11) Pause Cleanup 66M->66M(3392M) 1.030ms
[2025-01-17T09:27:40.949+0000][78][info ][gc,cpu      ] GC(11) User=0.00s Sys=0.00s Real=0.00s
[2025-01-17T09:27:40.950+0000][78][info ][safepoint   ] Safepoint "G1PauseCleanup", Time since last: 3691894 ns, Reaching safepoint: 102296 ns, Cleanup: 13237 ns, At safepoint: 2437170 ns, Total: 2552703 ns
[2025-01-17T09:27:40.951+0000][78][info ][gc,marking  ] GC(11) Concurrent Clear Claimed Marks
[2025-01-17T09:27:40.951+0000][78][info ][gc,marking  ] GC(11) Concurrent Clear Claimed Marks 0.620ms
[2025-01-17T09:27:40.952+0000][78][info ][gc,marking  ] GC(11) Concurrent Cleanup for Next Mark
[2025-01-17T09:27:40.954+0000][78][info ][gc,marking  ] GC(11) Concurrent Cleanup for Next Mark 2.144ms
[2025-01-17T09:27:40.955+0000][78][info ][gc          ] GC(11) Concurrent Mark Cycle 31.531ms
[2025-01-17T09:27:41.815+0000][78][info ][safepoint   ] Safepoint "ICBufferFull", Time since last: 864903572 ns, Reaching safepoint: 4330 ns, Cleanup: 120059 ns, At safepoint: 1985 ns, Total: 126374 ns
[2025-01-17T09:27:42.357+0000][78][info ][safepoint   ] Safepoint "ICBufferFull", Time since last: 541934569 ns, Reaching safepoint: 111587 ns, Cleanup: 106326 ns, At safepoint: 172960 ns, Total: 390873 ns
[2025-01-17T09:27:42.518+0000][78][info ][safepoint   ] Safepoint "ICBufferFull", Time since last: 160822960 ns, Reaching safepoint: 7106 ns, Cleanup: 91988 ns, At safepoint: 59064 ns, Total: 158158 ns
[2025-01-17T09:27:43.156+0000][78][info ][safepoint   ] Safepoint "ICBufferFull", Time since last: 637366078 ns, Reaching safepoint: 5036 ns, Cleanup: 80257 ns, At safepoint: 38110 ns, Total: 123403 ns
[2025-01-17T09:27:43.242+0000][78][info ][safepoint   ] Safepoint "ICBufferFull", Time since last: 86238114 ns, Reaching safepoint: 6875 ns, Cleanup: 85817 ns, At safepoint: 2102 ns, Total: 94794 ns
[2025-01-17T09:27:43.343+0000][78][info ][safepoint   ] Safepoint "ICBufferFull", Time since last: 100262455 ns, Reaching safepoint: 7030 ns, Cleanup: 91928 ns, At safepoint: 2008 ns, Total: 100966 ns
[2025-01-17T09:27:43.447+0000][78][info ][safepoint   ] Safepoint "ICBufferFull", Time since last: 104528968 ns, Reaching safepoint: 6427 ns, Cleanup: 94245 ns, At safepoint: 25977 ns, Total: 126649 ns
[2025-01-17T09:27:43.679+0000][78][info ][safepoint   ] Safepoint "ICBufferFull", Time since last: 231230471 ns, Reaching safepoint: 6392 ns, Cleanup: 93895 ns, At safepoint: 26223 ns, Total: 126510 ns
[2025-01-17T09:27:43.972+0000][78][info ][safepoint   ] Safepoint "ICBufferFull", Time since last: 293398155 ns, Reaching safepoint: 7966 ns, Cleanup: 103795 ns, At safepoint: 2487 ns, Total: 114248 ns
[2025-01-17T09:27:44.304+0000][78][info ][safepoint   ] Safepoint "ICBufferFull", Time since last: 331457332 ns, Reaching safepoint: 6711 ns, Cleanup: 64985 ns, At safepoint: 21346 ns, Total: 93042 ns
[2025-01-17T09:27:44.620+0000][78][info ][safepoint   ] Safepoint "ICBufferFull", Time since last: 315381969 ns, Reaching safepoint: 151868 ns, Cleanup: 198504 ns, At safepoint: 62587 ns, Total: 412959 ns
[2025-01-17T09:27:45.877+0000][78][info ][safepoint   ] Safepoint "Cleanup", Time since last: 1257544181 ns, Reaching safepoint: 9861 ns, Cleanup: 67266 ns, At safepoint: 3133 ns, Total: 80260 ns
[2025-01-17T09:27:46.886+0000][78][info ][safepoint   ] Safepoint "Cleanup", Time since last: 1008892864 ns, Reaching safepoint: 10003 ns, Cleanup: 14833 ns, At safepoint: 3054 ns, Total: 27890 ns
[2025-01-17T09:27:47.191+0000][78][info ][safepoint   ] Safepoint "ICBufferFull", Time since last: 304789484 ns, Reaching safepoint: 101147 ns, Cleanup: 119419 ns, At safepoint: 43616 ns, Total: 264182 ns
[2025-01-17T09:27:47.464+0000][78][info ][safepoint   ] Safepoint "ICBufferFull", Time since last: 272533821 ns, Reaching safepoint: 17633 ns, Cleanup: 187343 ns, At safepoint: 81446 ns, Total: 286422 ns
[2025-01-17T09:27:48.014+0000][78][info ][safepoint   ] Safepoint "ICBufferFull", Time since last: 548865900 ns, Reaching safepoint: 791382 ns, Cleanup: 156530 ns, At safepoint: 77632 ns, Total: 1025544 ns
[2025-01-17T09:27:49.046+0000][78][info ][safepoint   ] Safepoint "Cleanup", Time since last: 1034378681 ns, Reaching safepoint: 36081 ns, Cleanup: 122652 ns, At safepoint: 3591 ns, Total: 162324 ns
[2025-01-17T09:27:50.777+0000][78][info ][safepoint   ] Safepoint "Cleanup", Time since last: 1730427253 ns, Reaching safepoint: 11062 ns, Cleanup: 83130 ns, At safepoint: 3743 ns, Total: 97935 ns
[2025-01-17T09:27:51.862+0000][78][info ][safepoint   ] Safepoint "Cleanup", Time since last: 1050592225 ns, Reaching safepoint: 33897510 ns, Cleanup: 127745 ns, At safepoint: 130409 ns, Total: 34155664 ns
[2025-01-17T09:27:51.864+0000][78][info ][safepoint   ] Safepoint "ICBufferFull", Time since last: 992244 ns, Reaching safepoint: 1453194 ns, Cleanup: 9162 ns, At safepoint: 69171 ns, Total: 1531527 ns
[2025-01-17T09:27:51.865+0000][78][info ][safepoint   ] Safepoint "ICBufferFull", Time since last: 639522 ns, Reaching safepoint: 199166 ns, Cleanup: 6237 ns, At safepoint: 161187 ns, Total: 366590 ns
[2025-01-17T09:27:51.867+0000][78][info ][safepoint   ] Safepoint "ICBufferFull", Time since last: 1742379 ns, Reaching safepoint: 110534 ns, Cleanup: 8772 ns, At safepoint: 91943 ns, Total: 211249 ns
[2025-01-17T09:27:51.868+0000][78][info ][safepoint   ] Safepoint "ICBufferFull", Time since last: 1256247 ns, Reaching safepoint: 97482 ns, Cleanup: 7854 ns, At safepoint: 86139 ns, Total: 191475 ns
[2025-01-17T09:27:51.870+0000][78][info ][safepoint   ] Safepoint "ICBufferFull", Time since last: 1261063 ns, Reaching safepoint: 28649 ns, Cleanup: 3408 ns, At safepoint: 85418 ns, Total: 117475 ns
[2025-01-17T09:27:51.871+0000][78][info ][safepoint   ] Safepoint "ICBufferFull", Time since last: 1040491 ns, Reaching safepoint: 9192 ns, Cleanup: 11709 ns, At safepoint: 49086 ns, Total: 69987 ns
[2025-01-17T09:27:51.872+0000][78][info ][safepoint   ] Safepoint "ICBufferFull", Time since last: 783930 ns, Reaching safepoint: 402137 ns, Cleanup: 10539 ns, At safepoint: 107222 ns, Total: 519898 ns
[2025-01-17T09:27:51.874+0000][78][info ][safepoint   ] Safepoint "ICBufferFull", Time since last: 1025416 ns, Reaching safepoint: 23487 ns, Cleanup: 9438 ns, At safepoint: 162208 ns, Total: 195133 ns
[2025-01-17T09:27:51.875+0000][78][info ][safepoint   ] Safepoint "ICBufferFull", Time since last: 1056876 ns, Reaching safepoint: 10022 ns, Cleanup: 10368 ns, At safepoint: 53218 ns, Total: 73608 ns
[2025-01-17T09:27:51.876+0000][78][info ][safepoint   ] Safepoint "ICBufferFull", Time since last: 707200 ns, Reaching safepoint: 283727 ns, Cleanup: 7091 ns, At safepoint: 67433 ns, Total: 358251 ns
[2025-01-17T09:27:51.877+0000][78][info ][safepoint   ] Safepoint "ICBufferFull", Time since last: 878393 ns, Reaching safepoint: 93724 ns, Cleanup: 9833 ns, At safepoint: 83275 ns, Total: 186832 ns
[2025-01-17T09:27:51.995+0000][78][info ][safepoint   ] Safepoint "ICBufferFull", Time since last: 117490510 ns, Reaching safepoint: 111301 ns, Cleanup: 114889 ns, At safepoint: 69282 ns, Total: 295472 ns
[2025-01-17T09:27:52.114+0000][78][info ][safepoint   ] Safepoint "ICBufferFull", Time since last: 119629332 ns, Reaching safepoint: 20249 ns, Cleanup: 102309 ns, At safepoint: 40391 ns, Total: 162949 ns
[2025-01-17T09:27:52.530+0000][78][info ][safepoint   ] Safepoint "ICBufferFull", Time since last: 415464443 ns, Reaching safepoint: 15804 ns, Cleanup: 119950 ns, At safepoint: 18486 ns, Total: 154240 ns
[2025-01-17T09:27:52.533+0000][78][info ][safepoint   ] Safepoint "ICBufferFull", Time since last: 2872378 ns, Reaching safepoint: 13756 ns, Cleanup: 4915 ns, At safepoint: 19700 ns, Total: 38371 ns
[2025-01-17T09:27:52.924+0000][78][info ][safepoint   ] Safepoint "ICBufferFull", Time since last: 391416607 ns, Reaching safepoint: 16579 ns, Cleanup: 105638 ns, At safepoint: 26536 ns, Total: 148753 ns
[2025-01-17T09:27:53.361+0000][78][info ][safepoint   ] Safepoint "ICBufferFull", Time since last: 436318334 ns, Reaching safepoint: 45353 ns, Cleanup: 230602 ns, At safepoint: 71635 ns, Total: 347590 ns
[2025-01-17T09:27:53.363+0000][78][info ][safepoint   ] Safepoint "ICBufferFull", Time since last: 1090707 ns, Reaching safepoint: 258673 ns, Cleanup: 12749 ns, At safepoint: 96496 ns, Total: 367918 ns
[2025-01-17T09:27:53.364+0000][78][info ][safepoint   ] Safepoint "ICBufferFull", Time since last: 583916 ns, Reaching safepoint: 568427 ns, Cleanup: 13338 ns, At safepoint: 89033 ns, Total: 670798 ns
[2025-01-17T09:27:53.744+0000][78][info ][safepoint   ] Safepoint "ICBufferFull", Time since last: 379931880 ns, Reaching safepoint: 16826 ns, Cleanup: 108446 ns, At safepoint: 27039 ns, Total: 152311 ns
[2025-01-17T09:27:54.214+0000][78][info ][safepoint   ] Safepoint "ICBufferFull", Time since last: 470074743 ns, Reaching safepoint: 21592 ns, Cleanup: 145797 ns, At safepoint: 4292 ns, Total: 171681 ns
[2025-01-17T09:27:54.800+0000][78][info ][safepoint   ] Safepoint "ICBufferFull", Time since last: 585595849 ns, Reaching safepoint: 16309 ns, Cleanup: 143445 ns, At safepoint: 30838 ns, Total: 190592 ns
[2025-01-17T09:27:55.275+0000][78][info ][safepoint   ] Safepoint "ICBufferFull", Time since last: 474348482 ns, Reaching safepoint: 53300 ns, Cleanup: 181959 ns, At safepoint: 6962 ns, Total: 242221 ns
[2025-01-17T09:27:55.722+0000][78][info ][safepoint   ] Safepoint "ICBufferFull", Time since last: 446641347 ns, Reaching safepoint: 179256 ns, Cleanup: 156199 ns, At safepoint: 35920 ns, Total: 371375 ns
[2025-01-17T09:27:56.561+0000][78][info ][safepoint   ] Safepoint "ICBufferFull", Time since last: 839308968 ns, Reaching safepoint: 22647 ns, Cleanup: 143910 ns, At safepoint: 4437 ns, Total: 170994 ns
[2025-01-17T09:27:57.162+0000][78][info ][safepoint   ] Safepoint "ICBufferFull", Time since last: 601263268 ns, Reaching safepoint: 27161 ns, Cleanup: 137124 ns, At safepoint: 28780 ns, Total: 193065 ns
[2025-01-17T09:27:57.796+0000][78][info ][safepoint   ] Safepoint "ICBufferFull", Time since last: 633256695 ns, Reaching safepoint: 20336 ns, Cleanup: 154919 ns, At safepoint: 19177 ns, Total: 194432 ns
[2025-01-17T09:27:57.963+0000][78][info ][safepoint   ] Safepoint "ICBufferFull", Time since last: 166803631 ns, Reaching safepoint: 35201 ns, Cleanup: 138960 ns, At safepoint: 51947 ns, Total: 226108 ns
[2025-01-17T09:27:58.265+0000][78][info ][safepoint   ] Safepoint "ICBufferFull", Time since last: 302300141 ns, Reaching safepoint: 30700 ns, Cleanup: 141162 ns, At safepoint: 59063 ns, Total: 230925 ns
[2025-01-17T09:27:58.942+0000][78][info ][safepoint   ] Safepoint "ICBufferFull", Time since last: 676349431 ns, Reaching safepoint: 18225 ns, Cleanup: 173497 ns, At safepoint: 19372 ns, Total: 211094 ns
[2025-01-17T09:27:59.542+0000][78][info ][safepoint   ] Safepoint "ICBufferFull", Time since last: 599410973 ns, Reaching safepoint: 28529 ns, Cleanup: 200769 ns, At safepoint: 42300 ns, Total: 271598 ns
[2025-01-17T09:28:00.127+0000][78][info ][safepoint   ] Safepoint "ICBufferFull", Time since last: 585127812 ns, Reaching safepoint: 27659 ns, Cleanup: 169064 ns, At safepoint: 26294 ns, Total: 223017 ns
[2025-01-17T09:28:00.842+0000][78][info ][safepoint   ] Safepoint "ICBufferFull", Time since last: 714777233 ns, Reaching safepoint: 27053 ns, Cleanup: 150904 ns, At safepoint: 71853 ns, Total: 249810 ns
[2025-01-17T09:28:01.035+0000][78][info ][safepoint   ] Safepoint "ICBufferFull", Time since last: 192579182 ns, Reaching safepoint: 126818 ns, Cleanup: 173604 ns, At safepoint: 158493 ns, Total: 458915 ns
[2025-01-17T09:28:01.201+0000][78][info ][gc,start    ] GC(12) Pause Young (Concurrent Start) (CodeCache GC Threshold)
[2025-01-17T09:28:01.202+0000][78][info ][gc,task     ] GC(12) Using 18 workers of 18 for evacuation
[2025-01-17T09:28:01.202+0000][78][debug][gc,age      ] GC(12) Desired survivor size 115343360 bytes, new threshold 15 (max threshold 15)
[2025-01-17T09:28:01.265+0000][78][info ][gc,phases   ] GC(12)   Pre Evacuate Collection Set: 0.8ms
[2025-01-17T09:28:01.266+0000][78][info ][gc,phases   ] GC(12)   Merge Heap Roots: 0.3ms
[2025-01-17T09:28:01.266+0000][78][info ][gc,phases   ] GC(12)   Evacuate Collection Set: 52.6ms
[2025-01-17T09:28:01.266+0000][78][info ][gc,phases   ] GC(12)   Post Evacuate Collection Set: 8.9ms
[2025-01-17T09:28:01.267+0000][78][info ][gc,phases   ] GC(12)   Other: 0.9ms
[2025-01-17T09:28:01.267+0000][78][trace][gc,age      ] GC(12) Age table with threshold 15 (max threshold 15)
[2025-01-17T09:28:01.267+0000][78][trace][gc,age      ] GC(12) - age   1:   68171104 bytes,   68171104 total
[2025-01-17T09:28:01.268+0000][78][trace][gc,age      ] GC(12) - age   2:   20252792 bytes,   88423896 total
[2025-01-17T09:28:01.268+0000][78][trace][gc,age      ] GC(12) - age   3:    8944920 bytes,   97368816 total
[2025-01-17T09:28:01.268+0000][78][trace][gc,age      ] GC(12) - age   4:    6166808 bytes,  103535624 total
[2025-01-17T09:28:01.269+0000][78][trace][gc,age      ] GC(12) - age   5:    3277160 bytes,  106812784 total
[2025-01-17T09:28:01.269+0000][78][trace][gc,age      ] GC(12) - age   6:    6432008 bytes,  113244792 total
[2025-01-17T09:28:01.269+0000][78][trace][gc,age      ] GC(12) - age   7:    4577560 bytes,  117822352 total
[2025-01-17T09:28:01.270+0000][78][trace][gc,age      ] GC(12) - age   8:      17184 bytes,  117839536 total
[2025-01-17T09:28:01.270+0000][78][trace][gc,age      ] GC(12) - age   9:    8757056 bytes,  126596592 total
[2025-01-17T09:28:01.270+0000][78][info ][gc,heap     ] GC(12) Eden regions: 319->0(208)
[2025-01-17T09:28:01.270+0000][78][info ][gc,heap     ] GC(12) Survivor regions: 16->33(55)
[2025-01-17T09:28:01.271+0000][78][info ][gc,heap     ] GC(12) Old regions: 1->1
[2025-01-17T09:28:01.271+0000][78][info ][gc,heap     ] GC(12) Humongous regions: 4->4
[2025-01-17T09:28:01.271+0000][78][info ][gc,metaspace] GC(12) Metaspace: 145701K(149632K)->145701K(149632K) NonClass: 125889K(127936K)->125889K(127936K) Class: 19811K(21696K)->19811K(21696K)
[2025-01-17T09:28:01.271+0000][78][info ][gc          ] GC(12) Pause Young (Concurrent Start) (CodeCache GC Threshold) 1352M->145M(3392M) 70.374ms
[2025-01-17T09:28:01.272+0000][78][info ][gc          ] GC(13) Concurrent Mark Cycle
[2025-01-17T09:28:01.272+0000][78][info ][gc,cpu      ] GC(12) User=0.57s Sys=0.00s Real=0.07s
[2025-01-17T09:28:01.272+0000][78][info ][gc,marking  ] GC(13) Concurrent Scan Root Regions
[2025-01-17T09:28:01.273+0000][78][info ][safepoint   ] Safepoint "G1TryInitiateConcMark", Time since last: 165767494 ns, Reaching safepoint: 58284 ns, Cleanup: 86476 ns, At safepoint: 72226941 ns, Total: 72371701 ns
[2025-01-17T09:28:01.288+0000][78][info ][gc,marking  ] GC(13) Concurrent Scan Root Regions 15.833ms
[2025-01-17T09:28:01.289+0000][78][info ][gc,marking  ] GC(13) Concurrent Mark
[2025-01-17T09:28:01.289+0000][78][info ][gc,marking  ] GC(13) Concurrent Mark From Roots
[2025-01-17T09:28:01.289+0000][78][info ][gc,task     ] GC(13) Using 5 workers of 5 for marking
[2025-01-17T09:28:01.292+0000][78][info ][gc,marking  ] GC(13) Concurrent Mark From Roots 3.108ms
[2025-01-17T09:28:01.293+0000][78][info ][gc,marking  ] GC(13) Concurrent Preclean
[2025-01-17T09:28:01.293+0000][78][info ][gc,marking  ] GC(13) Concurrent Preclean 0.380ms
[2025-01-17T09:28:01.294+0000][78][info ][gc,start    ] GC(13) Pause Remark
[2025-01-17T09:28:01.305+0000][78][info ][gc          ] GC(13) Pause Remark 155M->155M(3392M) 11.122ms
[2025-01-17T09:28:01.305+0000][78][info ][gc,cpu      ] GC(13) User=0.07s Sys=0.00s Real=0.01s
[2025-01-17T09:28:01.306+0000][78][info ][safepoint   ] Safepoint "G1PauseRemark", Time since last: 20197164 ns, Reaching safepoint: 139121 ns, Cleanup: 13269 ns, At safepoint: 12152382 ns, Total: 12304772 ns
[2025-01-17T09:28:01.306+0000][78][info ][gc,marking  ] GC(13) Concurrent Mark 17.756ms
[2025-01-17T09:28:01.307+0000][78][info ][gc,marking  ] GC(13) Concurrent Rebuild Remembered Sets and Scrub Regions
[2025-01-17T09:28:01.308+0000][78][info ][gc,marking  ] GC(13) Concurrent Rebuild Remembered Sets and Scrub Regions 1.482ms
[2025-01-17T09:28:01.309+0000][78][info ][gc,start    ] GC(13) Pause Cleanup
[2025-01-17T09:28:01.310+0000][78][info ][gc          ] GC(13) Pause Cleanup 155M->155M(3392M) 0.958ms
[2025-01-17T09:28:01.311+0000][78][info ][gc,cpu      ] GC(13) User=0.00s Sys=0.00s Real=0.00s
[2025-01-17T09:28:01.311+0000][78][info ][safepoint   ] Safepoint "G1PauseCleanup", Time since last: 3483951 ns, Reaching safepoint: 107244 ns, Cleanup: 29364 ns, At safepoint: 1948444 ns, Total: 2085052 ns
[2025-01-17T09:28:01.312+0000][78][info ][gc,marking  ] GC(13) Concurrent Clear Claimed Marks
[2025-01-17T09:28:01.313+0000][78][info ][gc,marking  ] GC(13) Concurrent Clear Claimed Marks 0.882ms
[2025-01-17T09:28:01.313+0000][78][info ][gc,marking  ] GC(13) Concurrent Cleanup for Next Mark
[2025-01-17T09:28:01.316+0000][78][info ][gc,marking  ] GC(13) Concurrent Cleanup for Next Mark 2.838ms
[2025-01-17T09:28:01.317+0000][78][info ][gc          ] GC(13) Concurrent Mark Cycle 44.683ms
[2025-01-17T09:28:02.239+0000][78][info ][safepoint   ] Safepoint "ICBufferFull", Time since last: 927703689 ns, Reaching safepoint: 25927 ns, Cleanup: 170855 ns, At safepoint: 23171 ns, Total: 219953 ns
[2025-01-17T09:28:03.422+0000][78][info ][safepoint   ] Safepoint "ICBufferFull", Time since last: 1182766019 ns, Reaching safepoint: 27047 ns, Cleanup: 140487 ns, At safepoint: 21764 ns, Total: 189298 ns
[2025-01-17T09:28:03.911+0000][78][info ][safepoint   ] Safepoint "ICBufferFull", Time since last: 488755128 ns, Reaching safepoint: 134541 ns, Cleanup: 137676 ns, At safepoint: 103747 ns, Total: 375964 ns
[2025-01-17T09:28:04.510+0000][78][info ][safepoint   ] Safepoint "ICBufferFull", Time since last: 598626028 ns, Reaching safepoint: 32614 ns, Cleanup: 153923 ns, At safepoint: 36098 ns, Total: 222635 ns
[2025-01-17T09:28:05.163+0000][78][info ][safepoint   ] Safepoint "ICBufferFull", Time since last: 652614715 ns, Reaching safepoint: 27554 ns, Cleanup: 172077 ns, At safepoint: 61689 ns, Total: 261320 ns
[2025-01-17T09:28:06.372+0000][78][info ][safepoint   ] Safepoint "Cleanup", Time since last: 1208369886 ns, Reaching safepoint: 33834 ns, Cleanup: 119117 ns, At safepoint: 39245 ns, Total: 192196 ns
[2025-01-17T09:28:07.418+0000][78][info ][safepoint   ] Safepoint "Cleanup", Time since last: 1045825478 ns, Reaching safepoint: 53186 ns, Cleanup: 74632 ns, At safepoint: 13985 ns, Total: 141803 ns
[2025-01-17T09:28:08.419+0000][78][info ][safepoint   ] Safepoint "Cleanup", Time since last: 1000756645 ns, Reaching safepoint: 142940 ns, Cleanup: 27501 ns, At safepoint: 39242 ns, Total: 209683 ns
[2025-01-17T09:28:09.589+0000][78][info ][safepoint   ] Safepoint "Cleanup", Time since last: 1169788748 ns, Reaching safepoint: 67357 ns, Cleanup: 108309 ns, At safepoint: 11776 ns, Total: 187442 ns
[2025-01-17T09:28:11.040+0000][78][info ][safepoint   ] Safepoint "Cleanup", Time since last: 1451418044 ns, Reaching safepoint: 38757 ns, Cleanup: 117147 ns, At safepoint: 26080 ns, Total: 181984 ns
[2025-01-17T09:28:12.049+0000][78][info ][safepoint   ] Safepoint "Cleanup", Time since last: 1008412965 ns, Reaching safepoint: 30966 ns, Cleanup: 18756 ns, At safepoint: 6519 ns, Total: 56241 ns
[2025-01-17T09:28:13.049+0000][78][info ][safepoint   ] Safepoint "Cleanup", Time since last: 1000484711 ns, Reaching safepoint: 28104 ns, Cleanup: 39524 ns, At safepoint: 5803 ns, Total: 73431 ns
[2025-01-17T09:28:14.373+0000][78][info ][safepoint   ] Safepoint "Cleanup", Time since last: 1323921791 ns, Reaching safepoint: 256451 ns, Cleanup: 25648 ns, At safepoint: 13223 ns, Total: 295322 ns
[2025-01-17T09:28:15.377+0000][78][info ][safepoint   ] Safepoint "Cleanup", Time since last: 1003252871 ns, Reaching safepoint: 208946 ns, Cleanup: 53818 ns, At safepoint: 12934 ns, Total: 275698 ns
[2025-01-17T09:28:17.060+0000][78][info ][safepoint   ] Safepoint "Cleanup", Time since last: 1682851917 ns, Reaching safepoint: 87358 ns, Cleanup: 105994 ns, At safepoint: 11801 ns, Total: 205153 ns
[2025-01-17T09:28:18.061+0000][78][info ][safepoint   ] Safepoint "Cleanup", Time since last: 1000854121 ns, Reaching safepoint: 30016 ns, Cleanup: 14508 ns, At safepoint: 5718 ns, Total: 50242 ns
[2025-01-17T09:28:19.058+0000][78][info ][safepoint   ] Safepoint "Cleanup", Time since last: 1000759691 ns, Reaching safepoint: 72432 ns, Cleanup: 32328 ns, At safepoint: 11828 ns, Total: 116588 ns
[2025-01-17T09:28:20.059+0000][78][info ][safepoint   ] Safepoint "Cleanup", Time since last: 1000795591 ns, Reaching safepoint: 27322 ns, Cleanup: 8987 ns, At safepoint: 5147 ns, Total: 41456 ns
[2025-01-17T09:28:21.842+0000][78][info ][safepoint   ] Safepoint "Cleanup", Time since last: 1782461914 ns, Reaching safepoint: 25537 ns, Cleanup: 24311 ns, At safepoint: 107777 ns, Total: 157625 ns
[2025-01-17T09:28:23.073+0000][78][info ][safepoint   ] Safepoint "Cleanup", Time since last: 1230876756 ns, Reaching safepoint: 109439 ns, Cleanup: 81002 ns, At safepoint: 16024 ns, Total: 206465 ns
[2025-01-17T09:28:24.240+0000][78][info ][safepoint   ] Safepoint "Cleanup", Time since last: 1166816263 ns, Reaching safepoint: 42292 ns, Cleanup: 76033 ns, At safepoint: 12270 ns, Total: 130595 ns
[2025-01-17T09:28:25.244+0000][78][info ][safepoint   ] Safepoint "Cleanup", Time since last: 1003818250 ns, Reaching safepoint: 62979 ns, Cleanup: 31827 ns, At safepoint: 7108 ns, Total: 101914 ns
[2025-01-17T09:28:26.245+0000][78][info ][safepoint   ] Safepoint "Cleanup", Time since last: 1001247889 ns, Reaching safepoint: 41727 ns, Cleanup: 24169 ns, At safepoint: 11134 ns, Total: 77030 ns
[2025-01-17T09:28:27.248+0000][78][info ][safepoint   ] Safepoint "Cleanup", Time since last: 1002775026 ns, Reaching safepoint: 47328 ns, Cleanup: 45935 ns, At safepoint: 11785 ns, Total: 105048 ns
[2025-01-17T09:28:29.090+0000][78][info ][safepoint   ] Safepoint "Cleanup", Time since last: 1842144052 ns, Reaching safepoint: 50242 ns, Cleanup: 68546 ns, At safepoint: 7690 ns, Total: 126478 ns
[2025-01-17T09:28:30.092+0000][78][info ][safepoint   ] Safepoint "Cleanup", Time since last: 1001879681 ns, Reaching safepoint: 28806 ns, Cleanup: 19075 ns, At safepoint: 6179 ns, Total: 54060 ns
[2025-01-17T09:28:31.093+0000][78][info ][safepoint   ] Safepoint "Cleanup", Time since last: 1000743412 ns, Reaching safepoint: 32385 ns, Cleanup: 30100 ns, At safepoint: 6831 ns, Total: 69316 ns
[2025-01-17T09:28:32.094+0000][78][info ][safepoint   ] Safepoint "Cleanup", Time since last: 1000918762 ns, Reaching safepoint: 52166 ns, Cleanup: 23175 ns, At safepoint: 13380 ns, Total: 88721 ns
[2025-01-17T09:28:33.832+0000][78][info ][safepoint   ] Safepoint "Cleanup", Time since last: 1738492723 ns, Reaching safepoint: 9778 ns, Cleanup: 23308 ns, At safepoint: 4815 ns, Total: 37901 ns
[2025-01-17T09:28:35.106+0000][78][info ][safepoint   ] Safepoint "Cleanup", Time since last: 1273243890 ns, Reaching safepoint: 97636 ns, Cleanup: 94233 ns, At safepoint: 12661 ns, Total: 204530 ns
[2025-01-17T09:28:37.108+0000][78][info ][safepoint   ] Safepoint "Cleanup", Time since last: 2001739943 ns, Reaching safepoint: 48386 ns, Cleanup: 59594 ns, At safepoint: 12574 ns, Total: 120554 ns
[2025-01-17T09:28:39.109+0000][78][info ][safepoint   ] Safepoint "Cleanup", Time since last: 2001387966 ns, Reaching safepoint: 40260 ns, Cleanup: 39021 ns, At safepoint: 45890 ns, Total: 125171 ns
[2025-01-17T09:28:40.116+0000][78][info ][safepoint   ] Safepoint "Cleanup", Time since last: 1006535646 ns, Reaching safepoint: 10404 ns, Cleanup: 46515 ns, At safepoint: 19259 ns, Total: 76178 ns
[2025-01-17T09:28:41.132+0000][78][info ][safepoint   ] Safepoint "Cleanup", Time since last: 1015612937 ns, Reaching safepoint: 29450 ns, Cleanup: 14992 ns, At safepoint: 5629 ns, Total: 50071 ns
[2025-01-17T09:28:42.133+0000][78][info ][safepoint   ] Safepoint "Cleanup", Time since last: 1000928206 ns, Reaching safepoint: 89363 ns, Cleanup: 23015 ns, At safepoint: 10456 ns, Total: 122834 ns
[2025-01-17T09:28:43.134+0000][78][info ][safepoint   ] Safepoint "Cleanup", Time since last: 1001581019 ns, Reaching safepoint: 26793 ns, Cleanup: 24753 ns, At safepoint: 5350 ns, Total: 56896 ns
[2025-01-17T09:28:44.135+0000][78][info ][safepoint   ] Safepoint "Cleanup", Time since last: 1000792608 ns, Reaching safepoint: 40328 ns, Cleanup: 22800 ns, At safepoint: 10630 ns, Total: 73758 ns
[2025-01-17T09:28:45.833+0000][78][info ][safepoint   ] Safepoint "Cleanup", Time since last: 1697357285 ns, Reaching safepoint: 16424 ns, Cleanup: 22571 ns, At safepoint: 6667 ns, Total: 45662 ns
[2025-01-17T09:28:47.148+0000][78][info ][safepoint   ] Safepoint "Cleanup", Time since last: 1315554803 ns, Reaching safepoint: 36995 ns, Cleanup: 27918 ns, At safepoint: 6093 ns, Total: 71006 ns
[2025-01-17T09:28:48.722+0000][78][info ][safepoint   ] Safepoint "Cleanup", Time since last: 1576128060 ns, Reaching safepoint: 12007 ns, Cleanup: 11688 ns, At safepoint: 4846 ns, Total: 28541 ns
[2025-01-17T09:28:49.730+0000][78][info ][safepoint   ] Safepoint "Cleanup", Time since last: 1007007977 ns, Reaching safepoint: 117327 ns, Cleanup: 132612 ns, At safepoint: 14026 ns, Total: 263965 ns
[2025-01-17T09:28:51.732+0000][78][info ][safepoint   ] Safepoint "Cleanup", Time since last: 2001679928 ns, Reaching safepoint: 33148 ns, Cleanup: 68703 ns, At safepoint: 7263 ns, Total: 109114 ns
[2025-01-17T09:28:53.191+0000][78][info ][safepoint   ] Safepoint "Cleanup", Time since last: 1458829056 ns, Reaching safepoint: 28075 ns, Cleanup: 191578 ns, At safepoint: 55082 ns, Total: 274735 ns
[2025-01-17T09:28:54.198+0000][78][info ][safepoint   ] Safepoint "Cleanup", Time since last: 1006657889 ns, Reaching safepoint: 207834 ns, Cleanup: 32841 ns, At safepoint: 19737 ns, Total: 260412 ns
[2025-01-17T09:28:55.199+0000][78][info ][safepoint   ] Safepoint "Cleanup", Time since last: 1001390798 ns, Reaching safepoint: 28759 ns, Cleanup: 23320 ns, At safepoint: 23957 ns, Total: 76036 ns
[2025-01-17T09:28:56.200+0000][78][info ][safepoint   ] Safepoint "Cleanup", Time since last: 1000811546 ns, Reaching safepoint: 40133 ns, Cleanup: 25749 ns, At safepoint: 10533 ns, Total: 76415 ns
[2025-01-17T09:28:57.201+0000][78][info ][safepoint   ] Safepoint "Cleanup", Time since last: 1001153849 ns, Reaching safepoint: 26768 ns, Cleanup: 17722 ns, At safepoint: 5783 ns, Total: 50273 ns
[2025-01-17T09:28:58.205+0000][78][info ][safepoint   ] Safepoint "Cleanup", Time since last: 1003715449 ns, Reaching safepoint: 17076 ns, Cleanup: 60620 ns, At safepoint: 8803 ns, Total: 86499 ns
[2025-01-17T09:28:59.218+0000][78][info ][safepoint   ] Safepoint "Cleanup", Time since last: 1013095553 ns, Reaching safepoint: 29387 ns, Cleanup: 26371 ns, At safepoint: 5253 ns, Total: 61011 ns
[2025-01-17T09:29:01.219+0000][78][info ][safepoint   ] Safepoint "Cleanup", Time since last: 2000926884 ns, Reaching safepoint: 49786 ns, Cleanup: 21944 ns, At safepoint: 6059 ns, Total: 77789 ns
[2025-01-17T09:29:02.220+0000][78][info ][safepoint   ] Safepoint "Cleanup", Time since last: 1000816116 ns, Reaching safepoint: 39970 ns, Cleanup: 16313 ns, At safepoint: 8019 ns, Total: 64302 ns
[2025-01-17T09:29:03.822+0000][78][info ][safepoint   ] Safepoint "Cleanup", Time since last: 1601776563 ns, Reaching safepoint: 33652 ns, Cleanup: 16505 ns, At safepoint: 20284 ns, Total: 70441 ns
[2025-01-17T09:29:05.237+0000][78][info ][safepoint   ] Safepoint "Cleanup", Time since last: 1414713382 ns, Reaching safepoint: 90980 ns, Cleanup: 54108 ns, At safepoint: 11957 ns, Total: 157045 ns
[2025-01-17T09:29:06.238+0000][78][info ][safepoint   ] Safepoint "Cleanup", Time since last: 1000922801 ns, Reaching safepoint: 39284 ns, Cleanup: 24640 ns, At safepoint: 12494 ns, Total: 76418 ns
[2025-01-17T09:29:07.239+0000][78][info ][safepoint   ] Safepoint "Cleanup", Time since last: 1000844883 ns, Reaching safepoint: 56789 ns, Cleanup: 40759 ns, At safepoint: 13432 ns, Total: 110980 ns
[2025-01-17T09:29:08.242+0000][78][info ][safepoint   ] Safepoint "Cleanup", Time since last: 1002830889 ns, Reaching safepoint: 28425 ns, Cleanup: 12657 ns, At safepoint: 5732 ns, Total: 46814 ns
[2025-01-17T09:29:09.243+0000][78][info ][safepoint   ] Safepoint "Cleanup", Time since last: 1001320674 ns, Reaching safepoint: 28672 ns, Cleanup: 16277 ns, At safepoint: 5839 ns, Total: 50788 ns
[2025-01-17T09:29:10.249+0000][78][info ][safepoint   ] Safepoint "Cleanup", Time since last: 1005768309 ns, Reaching safepoint: 19526 ns, Cleanup: 46288 ns, At safepoint: 9237 ns, Total: 75051 ns
[2025-01-17T09:29:13.261+0000][78][info ][safepoint   ] Safepoint "Cleanup", Time since last: 3012601828 ns, Reaching safepoint: 41054 ns, Cleanup: 24271 ns, At safepoint: 6161 ns, Total: 71486 ns
[2025-01-17T09:29:14.262+0000][78][info ][safepoint   ] Safepoint "Cleanup", Time since last: 1000889042 ns, Reaching safepoint: 55754 ns, Cleanup: 28762 ns, At safepoint: 16020 ns, Total: 100536 ns
[2025-01-17T09:29:15.838+0000][78][info ][safepoint   ] Safepoint "Cleanup", Time since last: 1575733191 ns, Reaching safepoint: 11177 ns, Cleanup: 12430 ns, At safepoint: 5678 ns, Total: 29285 ns
[2025-01-17T09:29:17.288+0000][78][info ][safepoint   ] Safepoint "Cleanup", Time since last: 1450040389 ns, Reaching safepoint: 37860 ns, Cleanup: 31242 ns, At safepoint: 5882 ns, Total: 74984 ns
[2025-01-17T09:29:18.289+0000][78][info ][safepoint   ] Safepoint "Cleanup", Time since last: 1000724147 ns, Reaching safepoint: 43315 ns, Cleanup: 35466 ns, At safepoint: 11164 ns, Total: 89945 ns
[2025-01-17T09:29:21.818+0000][78][info ][safepoint   ] Safepoint "Cleanup", Time since last: 3531878017 ns, Reaching safepoint: 113568 ns, Cleanup: 18118 ns, At safepoint: 35283 ns, Total: 166969 ns
[2025-01-17T09:29:23.288+0000][78][info ][safepoint   ] Safepoint "Cleanup", Time since last: 1469390050 ns, Reaching safepoint: 23418 ns, Cleanup: 194076 ns, At safepoint: 56193 ns, Total: 273687 ns
[2025-01-17T09:29:25.341+0000][78][info ][safepoint   ] Safepoint "Cleanup", Time since last: 2053070550 ns, Reaching safepoint: 41605 ns, Cleanup: 31231 ns, At safepoint: 9567 ns, Total: 82403 ns
[2025-01-17T09:29:27.342+0000][78][info ][safepoint   ] Safepoint "Cleanup", Time since last: 2001203948 ns, Reaching safepoint: 56529 ns, Cleanup: 27464 ns, At safepoint: 14911 ns, Total: 98904 ns
[2025-01-17T09:29:28.352+0000][78][info ][safepoint   ] Safepoint "Cleanup", Time since last: 1009258774 ns, Reaching safepoint: 16255 ns, Cleanup: 100722 ns, At safepoint: 38292 ns, Total: 155269 ns
[2025-01-17T09:29:29.364+0000][78][info ][safepoint   ] Safepoint "Cleanup", Time since last: 1012142722 ns, Reaching safepoint: 50373 ns, Cleanup: 25130 ns, At safepoint: 12036 ns, Total: 87539 ns
[2025-01-17T09:29:31.370+0000][78][info ][safepoint   ] Safepoint "Cleanup", Time since last: 2006270734 ns, Reaching safepoint: 49066 ns, Cleanup: 53064 ns, At safepoint: 13053 ns, Total: 115183 ns
[2025-01-17T09:29:33.837+0000][78][info ][safepoint   ] Safepoint "Cleanup", Time since last: 2467008058 ns, Reaching safepoint: 19612 ns, Cleanup: 17758 ns, At safepoint: 10280 ns, Total: 47650 ns
[2025-01-17T09:29:35.387+0000][78][info ][safepoint   ] Safepoint "Cleanup", Time since last: 1549486766 ns, Reaching safepoint: 48837 ns, Cleanup: 38401 ns, At safepoint: 9299 ns, Total: 96537 ns
[2025-01-17T09:29:37.388+0000][78][info ][safepoint   ] Safepoint "Cleanup", Time since last: 2001058750 ns, Reaching safepoint: 49132 ns, Cleanup: 163578 ns, At safepoint: 16100 ns, Total: 228810 ns
[2025-01-17T09:29:39.817+0000][78][info ][safepoint   ] Safepoint "Cleanup", Time since last: 2429122866 ns, Reaching safepoint: 9596 ns, Cleanup: 6607 ns, At safepoint: 17190 ns, Total: 33393 ns
[2025-01-17T09:29:41.406+0000][78][info ][safepoint   ] Safepoint "Cleanup", Time since last: 1588664615 ns, Reaching safepoint: 57412 ns, Cleanup: 36310 ns, At safepoint: 17407 ns, Total: 111129 ns
[2025-01-17T09:29:42.408+0000][78][info ][safepoint   ] Safepoint "Cleanup", Time since last: 1001651496 ns, Reaching safepoint: 43355 ns, Cleanup: 26172 ns, At safepoint: 10584 ns, Total: 80111 ns
[2025-01-17T09:29:43.409+0000][78][info ][safepoint   ] Safepoint "Cleanup", Time since last: 1001042843 ns, Reaching safepoint: 30050 ns, Cleanup: 18475 ns, At safepoint: 5894 ns, Total: 54419 ns
[2025-01-17T09:29:45.834+0000][78][info ][safepoint   ] Safepoint "Cleanup", Time since last: 2424713439 ns, Reaching safepoint: 16796 ns, Cleanup: 12839 ns, At safepoint: 9365 ns, Total: 39000 ns
[2025-01-17T09:29:47.432+0000][78][info ][safepoint   ] Safepoint "Cleanup", Time since last: 1598321177 ns, Reaching safepoint: 27022 ns, Cleanup: 14990 ns, At safepoint: 5240 ns, Total: 47252 ns
[2025-01-17T09:29:48.433+0000][78][info ][safepoint   ] Safepoint "Cleanup", Time since last: 1000534249 ns, Reaching safepoint: 26034 ns, Cleanup: 14598 ns, At safepoint: 5682 ns, Total: 46314 ns
[2025-01-17T09:29:49.434+0000][78][info ][safepoint   ] Safepoint "Cleanup", Time since last: 1002621098 ns, Reaching safepoint: 55465 ns, Cleanup: 40159 ns, At safepoint: 17780 ns, Total: 113404 ns
[2025-01-17T09:29:51.820+0000][78][info ][safepoint   ] Safepoint "Cleanup", Time since last: 2386543750 ns, Reaching safepoint: 16851 ns, Cleanup: 41287 ns, At safepoint: 37151 ns, Total: 95289 ns
[2025-01-17T09:29:53.452+0000][78][info ][safepoint   ] Safepoint "Cleanup", Time since last: 1631890620 ns, Reaching safepoint: 28553 ns, Cleanup: 67024 ns, At safepoint: 5844 ns, Total: 101421 ns
[2025-01-17T09:29:55.453+0000][78][info ][safepoint   ] Safepoint "Cleanup", Time since last: 2001076577 ns, Reaching safepoint: 61138 ns, Cleanup: 32252 ns, At safepoint: 16074 ns, Total: 109464 ns
[2025-01-17T09:29:57.826+0000][78][info ][safepoint   ] Safepoint "Cleanup", Time since last: 2372156396 ns, Reaching safepoint: 14465 ns, Cleanup: 16403 ns, At safepoint: 18678 ns, Total: 49546 ns
[2025-01-17T09:29:59.464+0000][78][info ][safepoint   ] Safepoint "Cleanup", Time since last: 1638574325 ns, Reaching safepoint: 27066 ns, Cleanup: 28985 ns, At safepoint: 5376 ns, Total: 61427 ns
[2025-01-17T09:30:01.465+0000][78][info ][safepoint   ] Safepoint "Cleanup", Time since last: 2000929851 ns, Reaching safepoint: 29849 ns, Cleanup: 26699 ns, At safepoint: 6088 ns, Total: 62636 ns
[2025-01-17T09:30:03.827+0000][78][info ][safepoint   ] Safepoint "Cleanup", Time since last: 2361609292 ns, Reaching safepoint: 11123 ns, Cleanup: 13545 ns, At safepoint: 23032 ns, Total: 47700 ns
[2025-01-17T09:30:05.483+0000][78][info ][safepoint   ] Safepoint "Cleanup", Time since last: 1655979117 ns, Reaching safepoint: 44695 ns, Cleanup: 31359 ns, At safepoint: 11397 ns, Total: 87451 ns
[2025-01-17T09:30:06.484+0000][78][info ][safepoint   ] Safepoint "Cleanup", Time since last: 1000967736 ns, Reaching safepoint: 61808 ns, Cleanup: 18124 ns, At safepoint: 8514 ns, Total: 88446 ns
[2025-01-17T09:30:07.485+0000][78][info ][safepoint   ] Safepoint "Cleanup", Time since last: 1000913161 ns, Reaching safepoint: 58051 ns, Cleanup: 29487 ns, At safepoint: 14875 ns, Total: 102413 ns
[2025-01-17T09:30:09.836+0000][78][info ][safepoint   ] Safepoint "Cleanup", Time since last: 2351301747 ns, Reaching safepoint: 16615 ns, Cleanup: 10150 ns, At safepoint: 8462 ns, Total: 35227 ns
[2025-01-17T09:30:11.498+0000][78][info ][safepoint   ] Safepoint "Cleanup", Time since last: 1661926290 ns, Reaching safepoint: 36874 ns, Cleanup: 43755 ns, At safepoint: 8992 ns, Total: 89621 ns
[2025-01-17T09:30:12.499+0000][78][info ][safepoint   ] Safepoint "Cleanup", Time since last: 1000822837 ns, Reaching safepoint: 63193 ns, Cleanup: 25286 ns, At safepoint: 15527 ns, Total: 104006 ns
[2025-01-17T09:30:13.501+0000][78][info ][safepoint   ] Safepoint "Cleanup", Time since last: 1001293837 ns, Reaching safepoint: 50572 ns, Cleanup: 24446 ns, At safepoint: 12595 ns, Total: 87613 ns
[2025-01-17T09:30:15.838+0000][78][info ][safepoint   ] Safepoint "Cleanup", Time since last: 2336821882 ns, Reaching safepoint: 17840 ns, Cleanup: 19492 ns, At safepoint: 10315 ns, Total: 47647 ns
[2025-01-17T09:30:17.522+0000][78][info ][safepoint   ] Safepoint "Cleanup", Time since last: 1684275765 ns, Reaching safepoint: 63627 ns, Cleanup: 45356 ns, At safepoint: 14949 ns, Total: 123932 ns
[2025-01-17T09:30:18.523+0000][78][info ][safepoint   ] Safepoint "Cleanup", Time since last: 1000945717 ns, Reaching safepoint: 36594 ns, Cleanup: 17030 ns, At safepoint: 6521 ns, Total: 60145 ns
[2025-01-17T09:30:19.521+0000][78][info ][safepoint   ] Safepoint "Cleanup", Time since last: 1000562218 ns, Reaching safepoint: 40254 ns, Cleanup: 20198 ns, At safepoint: 6705 ns, Total: 67157 ns
[2025-01-17T09:30:21.844+0000][78][info ][safepoint   ] Safepoint "Cleanup", Time since last: 2322866660 ns, Reaching safepoint: 130394 ns, Cleanup: 11361 ns, At safepoint: 35421 ns, Total: 177176 ns
[2025-01-17T09:30:23.339+0000][78][info ][safepoint   ] Safepoint "Cleanup", Time since last: 1494806006 ns, Reaching safepoint: 10494 ns, Cleanup: 40386 ns, At safepoint: 21877 ns, Total: 72757 ns
[2025-01-17T09:30:24.340+0000][78][info ][safepoint   ] Safepoint "Cleanup", Time since last: 1000806205 ns, Reaching safepoint: 57193 ns, Cleanup: 35675 ns, At safepoint: 16009 ns, Total: 108877 ns
[2025-01-17T09:30:25.341+0000][78][info ][safepoint   ] Safepoint "Cleanup", Time since last: 1001181213 ns, Reaching safepoint: 54386 ns, Cleanup: 32975 ns, At safepoint: 13829 ns, Total: 101190 ns
[2025-01-17T09:30:27.836+0000][78][info ][safepoint   ] Safepoint "Cleanup", Time since last: 2495171154 ns, Reaching safepoint: 8241 ns, Cleanup: 5664 ns, At safepoint: 16718 ns, Total: 30623 ns
[2025-01-17T09:30:29.574+0000][78][info ][safepoint   ] Safepoint "Cleanup", Time since last: 1737914493 ns, Reaching safepoint: 40504 ns, Cleanup: 38172 ns, At safepoint: 10803 ns, Total: 89479 ns
[2025-01-17T09:30:32.576+0000][78][info ][safepoint   ] Safepoint "Cleanup", Time since last: 3001743113 ns, Reaching safepoint: 46940 ns, Cleanup: 20282 ns, At safepoint: 10955 ns, Total: 78177 ns
[2025-01-17T09:30:33.848+0000][78][info ][safepoint   ] Safepoint "Cleanup", Time since last: 1271586663 ns, Reaching safepoint: 17013 ns, Cleanup: 13499 ns, At safepoint: 8502 ns, Total: 39014 ns
[2025-01-17T09:30:35.597+0000][78][info ][safepoint   ] Safepoint "Cleanup", Time since last: 1749721194 ns, Reaching safepoint: 35714 ns, Cleanup: 22764 ns, At safepoint: 5983 ns, Total: 64461 ns
[2025-01-17T09:30:37.601+0000][78][info ][safepoint   ] Safepoint "Cleanup", Time since last: 2002982233 ns, Reaching safepoint: 117475 ns, Cleanup: 37977 ns, At safepoint: 16299 ns, Total: 171751 ns
[2025-01-17T09:30:39.830+0000][78][info ][safepoint   ] Safepoint "Cleanup", Time since last: 2229098827 ns, Reaching safepoint: 12130 ns, Cleanup: 52892 ns, At safepoint: 21177 ns, Total: 86199 ns
[2025-01-17T09:30:41.615+0000][78][info ][safepoint   ] Safepoint "Cleanup", Time since last: 1784976443 ns, Reaching safepoint: 43144 ns, Cleanup: 33926 ns, At safepoint: 13035 ns, Total: 90105 ns
[2025-01-17T09:30:42.616+0000][78][info ][safepoint   ] Safepoint "Cleanup", Time since last: 1000985557 ns, Reaching safepoint: 44140 ns, Cleanup: 35111 ns, At safepoint: 10514 ns, Total: 89765 ns
[2025-01-17T09:30:43.617+0000][78][info ][safepoint   ] Safepoint "Cleanup", Time since last: 1000960584 ns, Reaching safepoint: 37645 ns, Cleanup: 18194 ns, At safepoint: 7855 ns, Total: 63694 ns
[2025-01-17T09:30:44.618+0000][78][info ][safepoint   ] Safepoint "Cleanup", Time since last: 1001091090 ns, Reaching safepoint: 30546 ns, Cleanup: 14325 ns, At safepoint: 5702 ns, Total: 50573 ns
[2025-01-17T09:30:45.843+0000][78][info ][safepoint   ] Safepoint "Cleanup", Time since last: 1225061612 ns, Reaching safepoint: 18753 ns, Cleanup: 20541 ns, At safepoint: 36683 ns, Total: 75977 ns
[2025-01-17T09:30:47.650+0000][78][info ][safepoint   ] Safepoint "Cleanup", Time since last: 1806404295 ns, Reaching safepoint: 15690 ns, Cleanup: 19294 ns, At safepoint: 17496 ns, Total: 52480 ns
[2025-01-17T09:30:48.662+0000][78][info ][safepoint   ] Safepoint "Cleanup", Time since last: 1012169461 ns, Reaching safepoint: 42114 ns, Cleanup: 9432 ns, At safepoint: 6443 ns, Total: 57989 ns
[2025-01-17T09:30:49.661+0000][78][info ][safepoint   ] Safepoint "Cleanup", Time since last: 1000678184 ns, Reaching safepoint: 37868 ns, Cleanup: 27048 ns, At safepoint: 8259 ns, Total: 73175 ns
[2025-01-17T09:30:51.662+0000][78][info ][safepoint   ] Safepoint "Cleanup", Time since last: 2001070487 ns, Reaching safepoint: 119489 ns, Cleanup: 38979 ns, At safepoint: 233849 ns, Total: 392317 ns
[2025-01-17T09:30:52.670+0000][78][info ][safepoint   ] Safepoint "Cleanup", Time since last: 1007414443 ns, Reaching safepoint: 25789 ns, Cleanup: 81107 ns, At safepoint: 52333 ns, Total: 159229 ns
[2025-01-17T09:30:53.679+0000][78][info ][safepoint   ] Safepoint "Cleanup", Time since last: 1009340271 ns, Reaching safepoint: 37360 ns, Cleanup: 16585 ns, At safepoint: 7613 ns, Total: 61558 ns
[2025-01-17T09:30:55.682+0000][78][info ][safepoint   ] Safepoint "Cleanup", Time since last: 2002175411 ns, Reaching safepoint: 614279 ns, Cleanup: 30370 ns, At safepoint: 20813 ns, Total: 665462 ns
[2025-01-17T09:30:57.829+0000][78][info ][safepoint   ] Safepoint "Cleanup", Time since last: 2147002102 ns, Reaching safepoint: 10790 ns, Cleanup: 6873 ns, At safepoint: 17096 ns, Total: 34759 ns
[2025-01-17T09:30:59.699+0000][78][info ][safepoint   ] Safepoint "Cleanup", Time since last: 1870046094 ns, Reaching safepoint: 59426 ns, Cleanup: 48877 ns, At safepoint: 16429 ns, Total: 124732 ns
[2025-01-17T09:31:01.701+0000][78][info ][safepoint   ] Safepoint "Cleanup", Time since last: 2001660694 ns, Reaching safepoint: 26022 ns, Cleanup: 22076 ns, At safepoint: 5889 ns, Total: 53987 ns
[2025-01-17T09:31:02.701+0000][78][info ][safepoint   ] Safepoint "Cleanup", Time since last: 1000453638 ns, Reaching safepoint: 30085 ns, Cleanup: 13590 ns, At safepoint: 5945 ns, Total: 49620 ns
[2025-01-17T09:31:03.840+0000][78][info ][safepoint   ] Safepoint "Cleanup", Time since last: 1139018990 ns, Reaching safepoint: 10456 ns, Cleanup: 7790 ns, At safepoint: 4766 ns, Total: 23012 ns
[2025-01-17T09:31:05.723+0000][78][info ][safepoint   ] Safepoint "Cleanup", Time since last: 1882175700 ns, Reaching safepoint: 57798 ns, Cleanup: 53610 ns, At safepoint: 15406 ns, Total: 126814 ns
[2025-01-17T09:31:06.724+0000][78][info ][safepoint   ] Safepoint "Cleanup", Time since last: 1001134451 ns, Reaching safepoint: 37999 ns, Cleanup: 15627 ns, At safepoint: 5912 ns, Total: 59538 ns
[2025-01-17T09:31:07.725+0000][78][info ][safepoint   ] Safepoint "Cleanup", Time since last: 1000807635 ns, Reaching safepoint: 79921 ns, Cleanup: 29820 ns, At safepoint: 12949 ns, Total: 122690 ns
[2025-01-17T09:31:09.726+0000][78][info ][safepoint   ] Safepoint "Cleanup", Time since last: 2001631936 ns, Reaching safepoint: 32211 ns, Cleanup: 13118 ns, At safepoint: 5221 ns, Total: 50550 ns
[2025-01-17T09:31:10.735+0000][78][info ][safepoint   ] Safepoint "Cleanup", Time since last: 1008135732 ns, Reaching safepoint: 10110 ns, Cleanup: 20241 ns, At safepoint: 4901 ns, Total: 35252 ns
[2025-01-17T09:31:11.740+0000][78][info ][safepoint   ] Safepoint "Cleanup", Time since last: 1005511335 ns, Reaching safepoint: 52370 ns, Cleanup: 34492 ns, At safepoint: 12176 ns, Total: 99038 ns
[2025-01-17T09:31:13.742+0000][78][info ][safepoint   ] Safepoint "Cleanup", Time since last: 2001470151 ns, Reaching safepoint: 59804 ns, Cleanup: 39140 ns, At safepoint: 16890 ns, Total: 115834 ns
[2025-01-17T09:31:14.743+0000][78][info ][safepoint   ] Safepoint "Cleanup", Time since last: 1001385201 ns, Reaching safepoint: 27647 ns, Cleanup: 12775 ns, At safepoint: 5630 ns, Total: 46052 ns
[2025-01-17T09:31:15.837+0000][78][info ][safepoint   ] Safepoint "Cleanup", Time since last: 1093340143 ns, Reaching safepoint: 16030 ns, Cleanup: 15830 ns, At safepoint: 7821 ns, Total: 39681 ns
[2025-01-17T09:31:17.760+0000][78][info ][safepoint   ] Safepoint "Cleanup", Time since last: 1922855843 ns, Reaching safepoint: 39733 ns, Cleanup: 48985 ns, At safepoint: 9980 ns, Total: 98698 ns
[2025-01-17T09:31:19.759+0000][78][info ][safepoint   ] Safepoint "Cleanup", Time since last: 2001046606 ns, Reaching safepoint: 142379 ns, Cleanup: 23329 ns, At safepoint: 30107 ns, Total: 195815 ns
[2025-01-17T09:31:21.867+0000][78][info ][safepoint   ] Safepoint "Cleanup", Time since last: 2108600099 ns, Reaching safepoint: 19640 ns, Cleanup: 54655 ns, At safepoint: 86476 ns, Total: 160771 ns
[2025-01-17T09:31:23.391+0000][78][info ][safepoint   ] Safepoint "Cleanup", Time since last: 1523219253 ns, Reaching safepoint: 10557 ns, Cleanup: 30616 ns, At safepoint: 17360 ns, Total: 58533 ns
[2025-01-17T09:31:25.392+0000][78][info ][safepoint   ] Safepoint "Cleanup", Time since last: 2001231709 ns, Reaching safepoint: 53687 ns, Cleanup: 40498 ns, At safepoint: 14495 ns, Total: 108680 ns
[2025-01-17T09:31:27.861+0000][78][info ][safepoint   ] Safepoint "Cleanup", Time since last: 2468507671 ns, Reaching safepoint: 25740 ns, Cleanup: 17267 ns, At safepoint: 14792 ns, Total: 57799 ns
[2025-01-17T09:31:29.823+0000][78][info ][safepoint   ] Safepoint "Cleanup", Time since last: 1962320076 ns, Reaching safepoint: 30873 ns, Cleanup: 21522 ns, At safepoint: 6298 ns, Total: 58693 ns
[2025-01-17T09:31:30.824+0000][78][info ][safepoint   ] Safepoint "Cleanup", Time since last: 1000774805 ns, Reaching safepoint: 30392 ns, Cleanup: 21187 ns, At safepoint: 6395 ns, Total: 57974 ns
[2025-01-17T09:31:34.836+0000][78][info ][safepoint   ] Safepoint "Cleanup", Time since last: 4012234929 ns, Reaching safepoint: 95512 ns, Cleanup: 14385 ns, At safepoint: 25964 ns, Total: 135861 ns
[2025-01-17T09:31:36.842+0000][78][info ][safepoint   ] Safepoint "Cleanup", Time since last: 2006214933 ns, Reaching safepoint: 29730 ns, Cleanup: 17218 ns, At safepoint: 5621 ns, Total: 52569 ns
[2025-01-17T09:31:39.835+0000][78][info ][safepoint   ] Safepoint "Cleanup", Time since last: 2992724813 ns, Reaching safepoint: 30798 ns, Cleanup: 10034 ns, At safepoint: 19892 ns, Total: 60724 ns
[2025-01-17T09:31:42.858+0000][78][info ][safepoint   ] Safepoint "Cleanup", Time since last: 3023188392 ns, Reaching safepoint: 33859 ns, Cleanup: 24470 ns, At safepoint: 6214 ns, Total: 64543 ns
[2025-01-17T09:31:45.829+0000][78][info ][safepoint   ] Safepoint "Cleanup", Time since last: 2970192189 ns, Reaching safepoint: 10349 ns, Cleanup: 8740 ns, At safepoint: 18167 ns, Total: 37256 ns
[2025-01-17T09:31:46.842+0000][78][info ][safepoint   ] Safepoint "Cleanup", Time since last: 1013232573 ns, Reaching safepoint: 31297 ns, Cleanup: 14300 ns, At safepoint: 6315 ns, Total: 51912 ns
[2025-01-17T09:31:47.892+0000][78][info ][safepoint   ] Safepoint "Cleanup", Time since last: 1050465604 ns, Reaching safepoint: 11394 ns, Cleanup: 19658 ns, At safepoint: 27849 ns, Total: 58901 ns
[2025-01-17T09:31:48.897+0000][78][info ][safepoint   ] Safepoint "Cleanup", Time since last: 1007161934 ns, Reaching safepoint: 41732 ns, Cleanup: 16946 ns, At safepoint: 8970 ns, Total: 67648 ns
[2025-01-17T09:31:51.827+0000][78][info ][safepoint   ] Safepoint "Cleanup", Time since last: 2929856853 ns, Reaching safepoint: 10841 ns, Cleanup: 26639 ns, At safepoint: 18118 ns, Total: 55598 ns
[2025-01-17T09:31:52.915+0000][78][info ][safepoint   ] Safepoint "Cleanup", Time since last: 1088031504 ns, Reaching safepoint: 16795 ns, Cleanup: 42578 ns, At safepoint: 33944 ns, Total: 93317 ns
[2025-01-17T09:31:53.922+0000][78][info ][safepoint   ] Safepoint "Cleanup", Time since last: 1006449803 ns, Reaching safepoint: 234268 ns, Cleanup: 54065 ns, At safepoint: 11099 ns, Total: 299432 ns
[2025-01-17T09:31:54.923+0000][78][info ][safepoint   ] Safepoint "Cleanup", Time since last: 1000691771 ns, Reaching safepoint: 159871 ns, Cleanup: 30113 ns, At safepoint: 17435 ns, Total: 207419 ns
[2025-01-17T09:31:57.833+0000][78][info ][safepoint   ] Safepoint "Cleanup", Time since last: 2910306550 ns, Reaching safepoint: 11796 ns, Cleanup: 9267 ns, At safepoint: 20033 ns, Total: 41096 ns
[2025-01-17T09:31:58.937+0000][78][info ][safepoint   ] Safepoint "Cleanup", Time since last: 1103431460 ns, Reaching safepoint: 38954 ns, Cleanup: 18563 ns, At safepoint: 10157 ns, Total: 67674 ns
[2025-01-17T09:32:01.957+0000][78][info ][safepoint   ] Safepoint "Cleanup", Time since last: 3019690572 ns, Reaching safepoint: 46960 ns, Cleanup: 33280 ns, At safepoint: 11911 ns, Total: 92151 ns
[2025-01-17T09:32:03.837+0000][78][info ][safepoint   ] Safepoint "Cleanup", Time since last: 1879730687 ns, Reaching safepoint: 98802 ns, Cleanup: 9204 ns, At safepoint: 37115 ns, Total: 145121 ns
[2025-01-17T09:32:04.982+0000][78][info ][safepoint   ] Safepoint "Cleanup", Time since last: 1145658529 ns, Reaching safepoint: 29114 ns, Cleanup: 15926 ns, At safepoint: 5815 ns, Total: 50855 ns
[2025-01-17T09:32:07.001+0000][78][info ][safepoint   ] Safepoint "Cleanup", Time since last: 2018740320 ns, Reaching safepoint: 57496 ns, Cleanup: 45406 ns, At safepoint: 92834 ns, Total: 195736 ns
[2025-01-17T09:32:09.843+0000][78][info ][safepoint   ] Safepoint "Cleanup", Time since last: 2842037637 ns, Reaching safepoint: 10483 ns, Cleanup: 10815 ns, At safepoint: 4312 ns, Total: 25610 ns
[2025-01-17T09:32:11.024+0000][78][info ][safepoint   ] Safepoint "Cleanup", Time since last: 1180563119 ns, Reaching safepoint: 53914 ns, Cleanup: 43354 ns, At safepoint: 14024 ns, Total: 111292 ns
[2025-01-17T09:32:12.026+0000][78][info ][safepoint   ] Safepoint "Cleanup", Time since last: 1001605122 ns, Reaching safepoint: 49215 ns, Cleanup: 33753 ns, At safepoint: 12725 ns, Total: 95693 ns
[2025-01-17T09:32:13.027+0000][78][info ][safepoint   ] Safepoint "Cleanup", Time since last: 1001228602 ns, Reaching safepoint: 26760 ns, Cleanup: 19194 ns, At safepoint: 5675 ns, Total: 51629 ns
[2025-01-17T09:32:15.028+0000][78][info ][safepoint   ] Safepoint "Cleanup", Time since last: 2001075871 ns, Reaching safepoint: 48175 ns, Cleanup: 22774 ns, At safepoint: 12668 ns, Total: 83617 ns
[2025-01-17T09:32:16.041+0000][78][info ][safepoint   ] Safepoint "Cleanup", Time since last: 1012756689 ns, Reaching safepoint: 20472 ns, Cleanup: 31399 ns, At safepoint: 10341 ns, Total: 62212 ns
[2025-01-17T09:32:17.072+0000][78][info ][safepoint   ] Safepoint "Cleanup", Time since last: 1031060827 ns, Reaching safepoint: 10917 ns, Cleanup: 10595 ns, At safepoint: 17060 ns, Total: 38572 ns
[2025-01-17T09:32:18.078+0000][78][info ][safepoint   ] Safepoint "Cleanup", Time since last: 1005577081 ns, Reaching safepoint: 32220 ns, Cleanup: 13808 ns, At safepoint: 6959 ns, Total: 52987 ns
[2025-01-17T09:32:21.818+0000][78][info ][safepoint   ] Safepoint "Cleanup", Time since last: 3742471504 ns, Reaching safepoint: 10471 ns, Cleanup: 6409 ns, At safepoint: 18542 ns, Total: 35422 ns
[2025-01-17T09:32:23.087+0000][78][info ][safepoint   ] Safepoint "Cleanup", Time since last: 1269300566 ns, Reaching safepoint: 56221 ns, Cleanup: 41018 ns, At safepoint: 89155 ns, Total: 186394 ns
[2025-01-17T09:32:24.435+0000][78][info ][safepoint   ] Safepoint "Cleanup", Time since last: 1347340157 ns, Reaching safepoint: 54307 ns, Cleanup: 14657 ns, At safepoint: 7326 ns, Total: 76290 ns
[2025-01-17T09:32:25.436+0000][78][info ][safepoint   ] Safepoint "Cleanup", Time since last: 1001182424 ns, Reaching safepoint: 63011 ns, Cleanup: 31816 ns, At safepoint: 15750 ns, Total: 110577 ns
[2025-01-17T09:32:27.850+0000][78][info ][safepoint   ] Safepoint "Cleanup", Time since last: 2414548954 ns, Reaching safepoint: 16237 ns, Cleanup: 12679 ns, At safepoint: 7056 ns, Total: 35972 ns
[2025-01-17T09:32:29.115+0000][78][info ][safepoint   ] Safepoint "Cleanup", Time since last: 1264356300 ns, Reaching safepoint: 47392 ns, Cleanup: 25517 ns, At safepoint: 11718 ns, Total: 84627 ns
[2025-01-17T09:32:30.116+0000][78][info ][safepoint   ] Safepoint "Cleanup", Time since last: 1000807987 ns, Reaching safepoint: 28643 ns, Cleanup: 14141 ns, At safepoint: 5785 ns, Total: 48569 ns
[2025-01-17T09:32:33.840+0000][78][info ][safepoint   ] Safepoint "Cleanup", Time since last: 3724476329 ns, Reaching safepoint: 9621 ns, Cleanup: 14421 ns, At safepoint: 4792 ns, Total: 28834 ns
[2025-01-17T09:32:35.141+0000][78][info ][safepoint   ] Safepoint "Cleanup", Time since last: 1300445656 ns, Reaching safepoint: 35248 ns, Cleanup: 39631 ns, At safepoint: 6194 ns, Total: 81073 ns
[2025-01-17T09:32:36.799+0000][78][info ][gc,start    ] GC(14) Pause Young (Normal) (G1 Evacuation Pause)
[2025-01-17T09:32:36.800+0000][78][info ][gc,task     ] GC(14) Using 18 workers of 18 for evacuation
[2025-01-17T09:32:36.802+0000][78][debug][gc,age      ] GC(14) Desired survivor size 65011712 bytes, new threshold 1 (max threshold 15)
[2025-01-17T09:32:36.964+0000][78][info ][gc,phases   ] GC(14)   Pre Evacuate Collection Set: 2.6ms
[2025-01-17T09:32:37.136+0000][78][info ][gc,phases   ] GC(14)   Merge Heap Roots: 1.5ms
[2025-01-17T09:32:37.137+0000][78][info ][gc,phases   ] GC(14)   Evacuate Collection Set: 151.9ms
[2025-01-17T09:32:37.137+0000][78][info ][gc,phases   ] GC(14)   Post Evacuate Collection Set: 5.1ms
[2025-01-17T09:32:37.138+0000][78][info ][gc,phases   ] GC(14)   Other: 2.5ms
[2025-01-17T09:32:37.140+0000][78][trace][gc,age      ] GC(14) Age table with threshold 1 (max threshold 15)
[2025-01-17T09:32:37.141+0000][78][trace][gc,age      ] GC(14) - age   1:    4498776 bytes,    4498776 total
[2025-01-17T09:32:37.142+0000][78][info ][gc,heap     ] GC(14) Eden regions: 208->0(504)
[2025-01-17T09:32:37.142+0000][78][info ][gc,heap     ] GC(14) Survivor regions: 33->4(31)
[2025-01-17T09:32:37.143+0000][78][info ][gc,heap     ] GC(14) Old regions: 1->35
[2025-01-17T09:32:37.143+0000][78][info ][gc,heap     ] GC(14) Humongous regions: 4->4
[2025-01-17T09:32:37.144+0000][78][info ][gc,metaspace] GC(14) Metaspace: 149882K(153920K)->149882K(153920K) NonClass: 129881K(131968K)->129881K(131968K) Class: 20000K(21952K)->20000K(21952K)
[2025-01-17T09:32:37.145+0000][78][info ][gc          ] GC(14) Pause Young (Normal) (G1 Evacuation Pause) 977M->169M(3392M) 345.302ms
[2025-01-17T09:32:37.145+0000][78][info ][gc,cpu      ] GC(14) User=1.46s Sys=0.00s Real=0.35s
[2025-01-17T09:32:37.146+0000][78][info ][safepoint   ] Safepoint "G1CollectForAllocation", Time since last: 1658220749 ns, Reaching safepoint: 49319 ns, Cleanup: 8152 ns, At safepoint: 347054596 ns, Total: 347112067 ns
[2025-01-17T09:32:38.147+0000][78][info ][safepoint   ] Safepoint "Cleanup", Time since last: 1000706183 ns, Reaching safepoint: 44631 ns, Cleanup: 21839 ns, At safepoint: 40310 ns, Total: 106780 ns
[2025-01-17T09:32:39.833+0000][78][info ][safepoint   ] Safepoint "Cleanup", Time since last: 1686557060 ns, Reaching safepoint: 18207 ns, Cleanup: 7346 ns, At safepoint: 18694 ns, Total: 44247 ns
[2025-01-17T09:32:43.169+0000][78][info ][safepoint   ] Safepoint "Cleanup", Time since last: 3335232778 ns, Reaching safepoint: 30761 ns, Cleanup: 21789 ns, At safepoint: 6001 ns, Total: 58551 ns
[2025-01-17T09:32:45.832+0000][78][info ][safepoint   ] Safepoint "Cleanup", Time since last: 2663558520 ns, Reaching safepoint: 14635 ns, Cleanup: 12339 ns, At safepoint: 6038 ns, Total: 33012 ns
[2025-01-17T09:32:47.217+0000][78][info ][safepoint   ] Safepoint "Cleanup", Time since last: 1384878345 ns, Reaching safepoint: 28875 ns, Cleanup: 80930 ns, At safepoint: 6205 ns, Total: 116010 ns
[2025-01-17T09:32:49.617+0000][78][info ][safepoint   ] Safepoint "Cleanup", Time since last: 2400882280 ns, Reaching safepoint: 210562 ns, Cleanup: 94725 ns, At safepoint: 198340 ns, Total: 503627 ns
[2025-01-17T09:32:49.685+0000][78][info ][safepoint   ] Safepoint "ICBufferFull", Time since last: 67290393 ns, Reaching safepoint: 275649 ns, Cleanup: 175515 ns, At safepoint: 92927 ns, Total: 544091 ns
[2025-01-17T09:32:50.755+0000][78][info ][safepoint   ] Safepoint "Cleanup", Time since last: 1069462724 ns, Reaching safepoint: 21741 ns, Cleanup: 206703 ns, At safepoint: 53185 ns, Total: 281629 ns
[2025-01-17T09:32:51.765+0000][78][info ][safepoint   ] Safepoint "Cleanup", Time since last: 1009835999 ns, Reaching safepoint: 28378 ns, Cleanup: 53096 ns, At safepoint: 6013 ns, Total: 87487 ns
[2025-01-17T09:32:53.228+0000][78][info ][safepoint   ] Safepoint "Cleanup", Time since last: 1463052291 ns, Reaching safepoint: 49234 ns, Cleanup: 224165 ns, At safepoint: 18693 ns, Total: 292092 ns
[2025-01-17T09:32:54.229+0000][78][info ][safepoint   ] Safepoint "Cleanup", Time since last: 1001134262 ns, Reaching safepoint: 36677 ns, Cleanup: 26489 ns, At safepoint: 19860 ns, Total: 83026 ns
[2025-01-17T09:32:55.230+0000][78][info ][safepoint   ] Safepoint "Cleanup", Time since last: 1000942667 ns, Reaching safepoint: 113271 ns, Cleanup: 29745 ns, At safepoint: 22443 ns, Total: 165459 ns
[2025-01-17T09:32:56.232+0000][78][info ][safepoint   ] Safepoint "Cleanup", Time since last: 1001400944 ns, Reaching safepoint: 27029 ns, Cleanup: 10064 ns, At safepoint: 5583 ns, Total: 42676 ns
[2025-01-17T09:32:57.858+0000][78][info ][safepoint   ] Safepoint "Cleanup", Time since last: 1626541772 ns, Reaching safepoint: 11663 ns, Cleanup: 12878 ns, At safepoint: 5061 ns, Total: 29602 ns
[2025-01-17T09:32:59.264+0000][78][info ][safepoint   ] Safepoint "Cleanup", Time since last: 1405273205 ns, Reaching safepoint: 10623 ns, Cleanup: 31305 ns, At safepoint: 20431 ns, Total: 62359 ns
[2025-01-17T09:33:01.279+0000][78][info ][safepoint   ] Safepoint "Cleanup", Time since last: 2015536964 ns, Reaching safepoint: 45027 ns, Cleanup: 27296 ns, At safepoint: 11566 ns, Total: 83889 ns
[2025-01-17T09:33:02.281+0000][78][info ][safepoint   ] Safepoint "Cleanup", Time since last: 1001111109 ns, Reaching safepoint: 28349 ns, Cleanup: 14501 ns, At safepoint: 36095 ns, Total: 78945 ns
[2025-01-17T09:33:03.281+0000][78][info ][safepoint   ] Safepoint "Cleanup", Time since last: 1000717072 ns, Reaching safepoint: 57074 ns, Cleanup: 24248 ns, At safepoint: 96701 ns, Total: 178023 ns
[2025-01-17T09:33:04.284+0000][78][info ][safepoint   ] Safepoint "Cleanup", Time since last: 1002074947 ns, Reaching safepoint: 10503 ns, Cleanup: 16967 ns, At safepoint: 18094 ns, Total: 45564 ns
[2025-01-17T09:33:05.289+0000][78][info ][safepoint   ] Safepoint "Cleanup", Time since last: 1005618133 ns, Reaching safepoint: 44921 ns, Cleanup: 18197 ns, At safepoint: 11300 ns, Total: 74418 ns
[2025-01-17T09:33:06.290+0000][78][info ][safepoint   ] Safepoint "Cleanup", Time since last: 1000975037 ns, Reaching safepoint: 42360 ns, Cleanup: 23169 ns, At safepoint: 11518 ns, Total: 77047 ns
[2025-01-17T09:33:07.292+0000][78][info ][safepoint   ] Safepoint "Cleanup", Time since last: 1001267577 ns, Reaching safepoint: 54570 ns, Cleanup: 38873 ns, At safepoint: 14403 ns, Total: 107846 ns
[2025-01-17T09:33:08.293+0000][78][info ][safepoint   ] Safepoint "Cleanup", Time since last: 1001210067 ns, Reaching safepoint: 34632 ns, Cleanup: 13974 ns, At safepoint: 6249 ns, Total: 54855 ns
[2025-01-17T09:33:09.834+0000][78][info ][safepoint   ] Safepoint "Cleanup", Time since last: 1541129843 ns, Reaching safepoint: 17405 ns, Cleanup: 11585 ns, At safepoint: 8486 ns, Total: 37476 ns
[2025-01-17T09:33:13.312+0000][78][info ][safepoint   ] Safepoint "Cleanup", Time since last: 3477363749 ns, Reaching safepoint: 55368 ns, Cleanup: 17662 ns, At safepoint: 6629 ns, Total: 79659 ns
[2025-01-17T09:33:15.313+0000][78][info ][safepoint   ] Safepoint "Cleanup", Time since last: 2001017582 ns, Reaching safepoint: 48673 ns, Cleanup: 21412 ns, At safepoint: 12562 ns, Total: 82647 ns
[2025-01-17T09:33:17.341+0000][78][info ][safepoint   ] Safepoint "Cleanup", Time since last: 2028150584 ns, Reaching safepoint: 28769 ns, Cleanup: 12252 ns, At safepoint: 5974 ns, Total: 46995 ns
[2025-01-17T09:33:19.339+0000][78][info ][safepoint   ] Safepoint "Cleanup", Time since last: 2000640831 ns, Reaching safepoint: 82990 ns, Cleanup: 15975 ns, At safepoint: 8138 ns, Total: 107103 ns
[2025-01-17T09:33:22.351+0000][78][info ][safepoint   ] Safepoint "Cleanup", Time since last: 3012004094 ns, Reaching safepoint: 16189 ns, Cleanup: 11909 ns, At safepoint: 25392 ns, Total: 53490 ns
[2025-01-17T09:33:23.366+0000][78][info ][safepoint   ] Safepoint "Cleanup", Time since last: 1014822692 ns, Reaching safepoint: 62244 ns, Cleanup: 32202 ns, At safepoint: 16913 ns, Total: 111359 ns
[2025-01-17T09:33:25.479+0000][78][info ][safepoint   ] Safepoint "Cleanup", Time since last: 2112405965 ns, Reaching safepoint: 32494 ns, Cleanup: 14077 ns, At safepoint: 6551 ns, Total: 53122 ns
[2025-01-17T09:33:27.862+0000][78][info ][safepoint   ] Safepoint "Cleanup", Time since last: 2383091467 ns, Reaching safepoint: 10922 ns, Cleanup: 9295 ns, At safepoint: 4474 ns, Total: 24691 ns
[2025-01-17T09:33:29.402+0000][78][info ][safepoint   ] Safepoint "Cleanup", Time since last: 1540061928 ns, Reaching safepoint: 28101 ns, Cleanup: 16320 ns, At safepoint: 6252 ns, Total: 50673 ns
[2025-01-17T09:33:31.404+0000][78][info ][safepoint   ] Safepoint "Cleanup", Time since last: 2001378672 ns, Reaching safepoint: 62860 ns, Cleanup: 26245 ns, At safepoint: 17176 ns, Total: 106281 ns
[2025-01-17T09:33:32.405+0000][78][info ][safepoint   ] Safepoint "Cleanup", Time since last: 1001205906 ns, Reaching safepoint: 42803 ns, Cleanup: 24902 ns, At safepoint: 10336 ns, Total: 78041 ns
[2025-01-17T09:33:34.410+0000][78][info ][safepoint   ] Safepoint "Cleanup", Time since last: 2004937016 ns, Reaching safepoint: 10723 ns, Cleanup: 7287 ns, At safepoint: 16594 ns, Total: 34604 ns
[2025-01-17T09:33:37.416+0000][78][info ][safepoint   ] Safepoint "Cleanup", Time since last: 3005963144 ns, Reaching safepoint: 43932 ns, Cleanup: 18203 ns, At safepoint: 10510 ns, Total: 72645 ns
[2025-01-17T09:33:39.847+0000][78][info ][safepoint   ] Safepoint "Cleanup", Time since last: 2430934122 ns, Reaching safepoint: 16052 ns, Cleanup: 11141 ns, At safepoint: 30497 ns, Total: 57690 ns
[2025-01-17T09:33:41.439+0000][78][info ][safepoint   ] Safepoint "Cleanup", Time since last: 1591940500 ns, Reaching safepoint: 112455 ns, Cleanup: 32294 ns, At safepoint: 20534 ns, Total: 165283 ns
[2025-01-17T09:33:43.441+0000][78][info ][safepoint   ] Safepoint "Cleanup", Time since last: 2001620079 ns, Reaching safepoint: 28340 ns, Cleanup: 11511 ns, At safepoint: 5062 ns, Total: 44913 ns
[2025-01-17T09:33:45.840+0000][78][info ][safepoint   ] Safepoint "Cleanup", Time since last: 2399779061 ns, Reaching safepoint: 18911 ns, Cleanup: 21225 ns, At safepoint: 37627 ns, Total: 77763 ns
[2025-01-17T09:33:47.465+0000][78][info ][safepoint   ] Safepoint "Cleanup", Time since last: 1624043584 ns, Reaching safepoint: 32655 ns, Cleanup: 13585 ns, At safepoint: 6150 ns, Total: 52390 ns
[2025-01-17T09:33:48.465+0000][78][info ][safepoint   ] Safepoint "Cleanup", Time since last: 1000625812 ns, Reaching safepoint: 45921 ns, Cleanup: 18789 ns, At safepoint: 11193 ns, Total: 75903 ns
[2025-01-17T09:33:51.823+0000][78][info ][safepoint   ] Safepoint "Cleanup", Time since last: 3360176089 ns, Reaching safepoint: 12114 ns, Cleanup: 43900 ns, At safepoint: 18779 ns, Total: 74793 ns
[2025-01-17T09:33:53.488+0000][78][info ][safepoint   ] Safepoint "Cleanup", Time since last: 1664501662 ns, Reaching safepoint: 11853 ns, Cleanup: 15980 ns, At safepoint: 5453 ns, Total: 33286 ns
[2025-01-17T09:33:55.494+0000][78][info ][safepoint   ] Safepoint "Cleanup", Time since last: 2006561087 ns, Reaching safepoint: 53994 ns, Cleanup: 20088 ns, At safepoint: 7956 ns, Total: 82038 ns
[2025-01-17T09:33:57.495+0000][78][info ][safepoint   ] Safepoint "Cleanup", Time since last: 2001046759 ns, Reaching safepoint: 57468 ns, Cleanup: 13286 ns, At safepoint: 6519 ns, Total: 77273 ns
[2025-01-17T09:33:58.501+0000][78][info ][safepoint   ] Safepoint "Cleanup", Time since last: 1005161474 ns, Reaching safepoint: 16452 ns, Cleanup: 44333 ns, At safepoint: 32323 ns, Total: 93108 ns
[2025-01-17T09:33:59.507+0000][78][info ][safepoint   ] Safepoint "Cleanup", Time since last: 1006119540 ns, Reaching safepoint: 45658 ns, Cleanup: 14856 ns, At safepoint: 6606 ns, Total: 67120 ns
[2025-01-17T09:34:01.508+0000][78][info ][safepoint   ] Safepoint "Cleanup", Time since last: 2000833431 ns, Reaching safepoint: 30228 ns, Cleanup: 17380 ns, At safepoint: 6138 ns, Total: 53746 ns
[2025-01-17T09:34:02.508+0000][78][info ][safepoint   ] Safepoint "Cleanup", Time since last: 1000719058 ns, Reaching safepoint: 36483 ns, Cleanup: 22337 ns, At safepoint: 9330 ns, Total: 68150 ns
[2025-01-17T09:34:03.832+0000][78][info ][safepoint   ] Safepoint "Cleanup", Time since last: 1323391407 ns, Reaching safepoint: 13080 ns, Cleanup: 19542 ns, At safepoint: 22438 ns, Total: 55060 ns
[2025-01-17T09:34:05.524+0000][78][info ][safepoint   ] Safepoint "Cleanup", Time since last: 1692001690 ns, Reaching safepoint: 41560 ns, Cleanup: 25728 ns, At safepoint: 10082 ns, Total: 77370 ns
[2025-01-17T09:34:12.540+0000][78][info ][safepoint   ] Safepoint "Cleanup", Time since last: 7016380737 ns, Reaching safepoint: 80613 ns, Cleanup: 19283 ns, At safepoint: 11075 ns, Total: 110971 ns
[2025-01-17T09:34:15.823+0000][78][info ][safepoint   ] Safepoint "Cleanup", Time since last: 3282626624 ns, Reaching safepoint: 13280 ns, Cleanup: 5650 ns, At safepoint: 17719 ns, Total: 36649 ns
[2025-01-17T09:34:17.556+0000][78][info ][safepoint   ] Safepoint "Cleanup", Time since last: 1732520365 ns, Reaching safepoint: 47019 ns, Cleanup: 19278 ns, At safepoint: 9618 ns, Total: 75915 ns
[2025-01-17T09:34:19.554+0000][78][info ][safepoint   ] Safepoint "Cleanup", Time since last: 2000968182 ns, Reaching safepoint: 31001 ns, Cleanup: 21221 ns, At safepoint: 6166 ns, Total: 58388 ns
[2025-01-17T09:34:21.827+0000][78][info ][safepoint   ] Safepoint "Cleanup", Time since last: 2272051352 ns, Reaching safepoint: 12354 ns, Cleanup: 24501 ns, At safepoint: 24001 ns, Total: 60856 ns
[2025-01-17T09:34:23.518+0000][78][info ][safepoint   ] Safepoint "Cleanup", Time since last: 1691546152 ns, Reaching safepoint: 9582 ns, Cleanup: 14142 ns, At safepoint: 4567 ns, Total: 28291 ns
[2025-01-17T09:34:27.520+0000][78][info ][safepoint   ] Safepoint "Cleanup", Time since last: 4001478494 ns, Reaching safepoint: 97218 ns, Cleanup: 28793 ns, At safepoint: 16041 ns, Total: 142052 ns
[2025-01-17T09:34:28.580+0000][78][info ][safepoint   ] Safepoint "Cleanup", Time since last: 1060606078 ns, Reaching safepoint: 11806 ns, Cleanup: 17964 ns, At safepoint: 19110 ns, Total: 48880 ns
[2025-01-17T09:34:31.596+0000][78][info ][safepoint   ] Safepoint "Cleanup", Time since last: 3015360262 ns, Reaching safepoint: 45793 ns, Cleanup: 19857 ns, At safepoint: 10877 ns, Total: 76527 ns
[2025-01-17T09:34:33.838+0000][78][info ][safepoint   ] Safepoint "Cleanup", Time since last: 2242318627 ns, Reaching safepoint: 16610 ns, Cleanup: 10893 ns, At safepoint: 33037 ns, Total: 60540 ns
[2025-01-17T09:34:35.616+0000][78][info ][safepoint   ] Safepoint "Cleanup", Time since last: 1778002587 ns, Reaching safepoint: 52277 ns, Cleanup: 53603 ns, At safepoint: 14940 ns, Total: 120820 ns
[2025-01-17T09:34:40.629+0000][78][info ][safepoint   ] Safepoint "Cleanup", Time since last: 5012540201 ns, Reaching safepoint: 19394 ns, Cleanup: 12014 ns, At safepoint: 8549 ns, Total: 39957 ns
[2025-01-17T09:34:42.641+0000][78][info ][safepoint   ] Safepoint "Cleanup", Time since last: 2011528329 ns, Reaching safepoint: 147855 ns, Cleanup: 23872 ns, At safepoint: 18821 ns, Total: 190548 ns
[2025-01-17T09:34:44.642+0000][78][info ][safepoint   ] Safepoint "Cleanup", Time since last: 2001610885 ns, Reaching safepoint: 48120 ns, Cleanup: 22047 ns, At safepoint: 12104 ns, Total: 82271 ns
[2025-01-17T09:34:45.823+0000][78][info ][safepoint   ] Safepoint "Cleanup", Time since last: 1180649446 ns, Reaching safepoint: 10686 ns, Cleanup: 10110 ns, At safepoint: 18221 ns, Total: 39017 ns
[2025-01-17T09:34:47.667+0000][78][info ][safepoint   ] Safepoint "Cleanup", Time since last: 1843531139 ns, Reaching safepoint: 50400 ns, Cleanup: 29321 ns, At safepoint: 12321 ns, Total: 92042 ns
[2025-01-17T09:34:49.666+0000][78][info ][safepoint   ] Safepoint "Cleanup", Time since last: 2001524573 ns, Reaching safepoint: 27293 ns, Cleanup: 11406 ns, At safepoint: 5413 ns, Total: 44112 ns
[2025-01-17T09:34:51.667+0000][78][info ][safepoint   ] Safepoint "Cleanup", Time since last: 2000754241 ns, Reaching safepoint: 26518 ns, Cleanup: 35890 ns, At safepoint: 6486 ns, Total: 68894 ns
[2025-01-17T09:34:52.679+0000][78][info ][safepoint   ] Safepoint "Cleanup", Time since last: 1012123758 ns, Reaching safepoint: 18972 ns, Cleanup: 24476 ns, At safepoint: 9366 ns, Total: 52814 ns
[2025-01-17T09:34:53.706+0000][78][info ][safepoint   ] Safepoint "Cleanup", Time since last: 1026963976 ns, Reaching safepoint: 21660 ns, Cleanup: 29619 ns, At safepoint: 53692 ns, Total: 104971 ns
[2025-01-17T09:34:57.837+0000][78][info ][safepoint   ] Safepoint "Cleanup", Time since last: 4131081017 ns, Reaching safepoint: 13026 ns, Cleanup: 9233 ns, At safepoint: 26939 ns, Total: 49198 ns
[2025-01-17T09:34:59.731+0000][78][info ][safepoint   ] Safepoint "Cleanup", Time since last: 1894197487 ns, Reaching safepoint: 47170 ns, Cleanup: 32568 ns, At safepoint: 7253 ns, Total: 86991 ns
[2025-01-17T09:35:03.826+0000][78][info ][safepoint   ] Safepoint "Cleanup", Time since last: 4094981017 ns, Reaching safepoint: 9882 ns, Cleanup: 6623 ns, At safepoint: 17536 ns, Total: 34041 ns
[2025-01-17T09:35:05.748+0000][78][info ][safepoint   ] Safepoint "Cleanup", Time since last: 1921484701 ns, Reaching safepoint: 63219 ns, Cleanup: 55304 ns, At safepoint: 17723 ns, Total: 136246 ns
[2025-01-17T09:35:06.751+0000][78][info ][safepoint   ] Safepoint "Cleanup", Time since last: 1002572108 ns, Reaching safepoint: 41330 ns, Cleanup: 17285 ns, At safepoint: 10183 ns, Total: 68798 ns
[2025-01-17T09:35:07.752+0000][78][info ][safepoint   ] Safepoint "Cleanup", Time since last: 1001159078 ns, Reaching safepoint: 28505 ns, Cleanup: 12873 ns, At safepoint: 5315 ns, Total: 46693 ns
[2025-01-17T09:35:09.832+0000][78][info ][safepoint   ] Safepoint "Cleanup", Time since last: 2080356470 ns, Reaching safepoint: 10684 ns, Cleanup: 7516 ns, At safepoint: 4247 ns, Total: 22447 ns
[2025-01-17T09:35:11.766+0000][78][info ][safepoint   ] Safepoint "Cleanup", Time since last: 1933788308 ns, Reaching safepoint: 29029 ns, Cleanup: 15688 ns, At safepoint: 5364 ns, Total: 50081 ns
[2025-01-17T09:35:13.767+0000][78][info ][safepoint   ] Safepoint "Cleanup", Time since last: 2000756817 ns, Reaching safepoint: 107792 ns, Cleanup: 38091 ns, At safepoint: 21989 ns, Total: 167872 ns
[2025-01-17T09:35:15.824+0000][78][info ][safepoint   ] Safepoint "Cleanup", Time since last: 2056868027 ns, Reaching safepoint: 11484 ns, Cleanup: 8751 ns, At safepoint: 18246 ns, Total: 38481 ns
[2025-01-17T09:35:17.781+0000][78][info ][safepoint   ] Safepoint "Cleanup", Time since last: 1956687606 ns, Reaching safepoint: 30129 ns, Cleanup: 28732 ns, At safepoint: 5639 ns, Total: 64500 ns
[2025-01-17T09:35:21.837+0000][78][info ][safepoint   ] Safepoint "Cleanup", Time since last: 4058621746 ns, Reaching safepoint: 38374 ns, Cleanup: 14462 ns, At safepoint: 21238 ns, Total: 74074 ns
[2025-01-17T09:35:23.564+0000][78][info ][safepoint   ] Safepoint "Cleanup", Time since last: 1726575414 ns, Reaching safepoint: 19821 ns, Cleanup: 33041 ns, At safepoint: 42453 ns, Total: 95315 ns
[2025-01-17T09:35:25.565+0000][78][info ][safepoint   ] Safepoint "Cleanup", Time since last: 2001342357 ns, Reaching safepoint: 55670 ns, Cleanup: 24349 ns, At safepoint: 13292 ns, Total: 93311 ns
[2025-01-17T09:35:27.567+0000][78][info ][safepoint   ] Safepoint "Cleanup", Time since last: 2001531461 ns, Reaching safepoint: 58357 ns, Cleanup: 23208 ns, At safepoint: 13820 ns, Total: 95385 ns
[2025-01-17T09:35:28.803+0000][78][info ][safepoint   ] Safepoint "Cleanup", Time since last: 1236472086 ns, Reaching safepoint: 16116 ns, Cleanup: 22488 ns, At safepoint: 32119 ns, Total: 70723 ns
[2025-01-17T09:35:29.815+0000][78][info ][safepoint   ] Safepoint "Cleanup", Time since last: 1012055435 ns, Reaching safepoint: 62686 ns, Cleanup: 27469 ns, At safepoint: 15408 ns, Total: 105563 ns
[2025-01-17T09:35:30.817+0000][78][info ][safepoint   ] Safepoint "Cleanup", Time since last: 1001386571 ns, Reaching safepoint: 30771 ns, Cleanup: 26243 ns, At safepoint: 8254 ns, Total: 65268 ns
[2025-01-17T09:35:33.819+0000][78][info ][safepoint   ] Safepoint "Cleanup", Time since last: 3001580557 ns, Reaching safepoint: 31999 ns, Cleanup: 32446 ns, At safepoint: 9155 ns, Total: 73600 ns
[2025-01-17T09:35:34.835+0000][78][info ][safepoint   ] Safepoint "Cleanup", Time since last: 1016431016 ns, Reaching safepoint: 19870 ns, Cleanup: 28835 ns, At safepoint: 44161 ns, Total: 92866 ns
[2025-01-17T09:35:36.851+0000][78][info ][safepoint   ] Safepoint "Cleanup", Time since last: 2015688659 ns, Reaching safepoint: 29150 ns, Cleanup: 13790 ns, At safepoint: 6115 ns, Total: 49055 ns
[2025-01-17T09:35:39.831+0000][78][info ][safepoint   ] Safepoint "Cleanup", Time since last: 2980361224 ns, Reaching safepoint: 14678 ns, Cleanup: 9179 ns, At safepoint: 7184 ns, Total: 31041 ns
[2025-01-17T09:35:41.876+0000][78][info ][safepoint   ] Safepoint "Cleanup", Time since last: 2044516270 ns, Reaching safepoint: 38550 ns, Cleanup: 18543 ns, At safepoint: 6387 ns, Total: 63480 ns
[2025-01-17T09:35:42.877+0000][78][info ][safepoint   ] Safepoint "Cleanup", Time since last: 1000739397 ns, Reaching safepoint: 49642 ns, Cleanup: 29247 ns, At safepoint: 12305 ns, Total: 91194 ns
[2025-01-17T09:35:47.906+0000][78][info ][safepoint   ] Safepoint "Cleanup", Time since last: 5029167228 ns, Reaching safepoint: 45284 ns, Cleanup: 19121 ns, At safepoint: 11699 ns, Total: 76104 ns
[2025-01-17T09:35:51.828+0000][78][info ][safepoint   ] Safepoint "Cleanup", Time since last: 3924692745 ns, Reaching safepoint: 102028 ns, Cleanup: 14427 ns, At safepoint: 39798 ns, Total: 156253 ns
[2025-01-17T09:35:52.927+0000][78][info ][safepoint   ] Safepoint "Cleanup", Time since last: 1098491086 ns, Reaching safepoint: 49608 ns, Cleanup: 33192 ns, At safepoint: 12392 ns, Total: 95192 ns
[2025-01-17T09:35:54.943+0000][78][info ][safepoint   ] Safepoint "Cleanup", Time since last: 2016194621 ns, Reaching safepoint: 49922 ns, Cleanup: 21974 ns, At safepoint: 11539 ns, Total: 83435 ns
[2025-01-17T09:35:56.946+0000][78][info ][safepoint   ] Safepoint "Cleanup", Time since last: 2002715371 ns, Reaching safepoint: 129241 ns, Cleanup: 31787 ns, At safepoint: 16153 ns, Total: 177181 ns
[2025-01-17T09:35:58.132+0000][78][info ][safepoint   ] Safepoint "Cleanup", Time since last: 1185879787 ns, Reaching safepoint: 10916 ns, Cleanup: 5597 ns, At safepoint: 17513 ns, Total: 34026 ns
[2025-01-17T09:35:59.964+0000][78][info ][safepoint   ] Safepoint "Cleanup", Time since last: 1831834513 ns, Reaching safepoint: 94054 ns, Cleanup: 28970 ns, At safepoint: 66458 ns, Total: 189482 ns
[2025-01-17T09:36:02.965+0000][78][info ][safepoint   ] Safepoint "Cleanup", Time since last: 3001455027 ns, Reaching safepoint: 49300 ns, Cleanup: 19300 ns, At safepoint: 65539 ns, Total: 134139 ns
[2025-01-17T09:36:03.967+0000][78][info ][safepoint   ] Safepoint "Cleanup", Time since last: 1001872701 ns, Reaching safepoint: 10087 ns, Cleanup: 8900 ns, At safepoint: 19112 ns, Total: 38099 ns
[2025-01-17T09:36:06.973+0000][78][info ][safepoint   ] Safepoint "Cleanup", Time since last: 3005632954 ns, Reaching safepoint: 35578 ns, Cleanup: 15463 ns, At safepoint: 8303 ns, Total: 59344 ns
[2025-01-17T09:36:09.839+0000][78][info ][safepoint   ] Safepoint "Cleanup", Time since last: 2865942551 ns, Reaching safepoint: 15353 ns, Cleanup: 10300 ns, At safepoint: 29892 ns, Total: 55545 ns
[2025-01-17T09:36:13.014+0000][78][info ][safepoint   ] Safepoint "Cleanup", Time since last: 3174770672 ns, Reaching safepoint: 60387 ns, Cleanup: 23167 ns, At safepoint: 13198 ns, Total: 96752 ns
[2025-01-17T09:36:15.822+0000][78][info ][safepoint   ] Safepoint "Cleanup", Time since last: 2808566943 ns, Reaching safepoint: 23988 ns, Cleanup: 8319 ns, At safepoint: 18202 ns, Total: 50509 ns
[2025-01-17T09:36:17.027+0000][78][info ][safepoint   ] Safepoint "Cleanup", Time since last: 1204108116 ns, Reaching safepoint: 30154 ns, Cleanup: 13066 ns, At safepoint: 6031 ns, Total: 49251 ns
[2025-01-17T09:36:21.829+0000][78][info ][safepoint   ] Safepoint "Cleanup", Time since last: 4804194607 ns, Reaching safepoint: 11610 ns, Cleanup: 13320 ns, At safepoint: 5722 ns, Total: 30652 ns
[2025-01-17T09:36:23.046+0000][78][info ][safepoint   ] Safepoint "Cleanup", Time since last: 1216771609 ns, Reaching safepoint: 44371 ns, Cleanup: 25135 ns, At safepoint: 11174 ns, Total: 80680 ns
[2025-01-17T09:36:27.856+0000][78][info ][safepoint   ] Safepoint "Cleanup", Time since last: 4810737588 ns, Reaching safepoint: 13182 ns, Cleanup: 8704 ns, At safepoint: 18862 ns, Total: 40748 ns
[2025-01-17T09:36:29.073+0000][78][info ][safepoint   ] Safepoint "Cleanup", Time since last: 1216414473 ns, Reaching safepoint: 30076 ns, Cleanup: 22526 ns, At safepoint: 5980 ns, Total: 58582 ns
[2025-01-17T09:36:34.078+0000][78][info ][safepoint   ] Safepoint "Cleanup", Time since last: 5005302860 ns, Reaching safepoint: 34980 ns, Cleanup: 7850 ns, At safepoint: 5031 ns, Total: 47861 ns
[2025-01-17T09:36:39.828+0000][78][info ][safepoint   ] Safepoint "Cleanup", Time since last: 5749939805 ns, Reaching safepoint: 15272 ns, Cleanup: 12056 ns, At safepoint: 45742 ns, Total: 73070 ns
[2025-01-17T09:36:41.105+0000][78][info ][safepoint   ] Safepoint "Cleanup", Time since last: 1276454311 ns, Reaching safepoint: 50331 ns, Cleanup: 33506 ns, At safepoint: 13442 ns, Total: 97279 ns
[2025-01-17T09:36:45.837+0000][78][info ][safepoint   ] Safepoint "Cleanup", Time since last: 4732008969 ns, Reaching safepoint: 179452 ns, Cleanup: 21565 ns, At safepoint: 63757 ns, Total: 264774 ns
[2025-01-17T09:36:47.119+0000][78][info ][safepoint   ] Safepoint "Cleanup", Time since last: 1281701927 ns, Reaching safepoint: 30532 ns, Cleanup: 15986 ns, At safepoint: 6123 ns, Total: 52641 ns
[2025-01-17T09:36:49.118+0000][78][info ][safepoint   ] Safepoint "Cleanup", Time since last: 2001199799 ns, Reaching safepoint: 43670 ns, Cleanup: 20305 ns, At safepoint: 11367 ns, Total: 75342 ns
[2025-01-17T09:36:51.848+0000][78][info ][safepoint   ] Safepoint "Cleanup", Time since last: 2730338577 ns, Reaching safepoint: 19608 ns, Cleanup: 35693 ns, At safepoint: 39949 ns, Total: 95250 ns
[2025-01-17T09:36:53.150+0000][78][info ][safepoint   ] Safepoint "Cleanup", Time since last: 1301618275 ns, Reaching safepoint: 18329 ns, Cleanup: 16967 ns, At safepoint: 9601 ns, Total: 44897 ns
[2025-01-17T09:36:54.166+0000][78][info ][safepoint   ] Safepoint "Cleanup", Time since last: 1016214282 ns, Reaching safepoint: 31081 ns, Cleanup: 12891 ns, At safepoint: 5991 ns, Total: 49963 ns
[2025-01-17T09:36:55.167+0000][78][info ][safepoint   ] Safepoint "Cleanup", Time since last: 1000664793 ns, Reaching safepoint: 29307 ns, Cleanup: 15538 ns, At safepoint: 5922 ns, Total: 50767 ns
[2025-01-17T09:36:58.176+0000][78][info ][safepoint   ] Safepoint "Cleanup", Time since last: 3009401153 ns, Reaching safepoint: 17416 ns, Cleanup: 14090 ns, At safepoint: 9394 ns, Total: 40900 ns
[2025-01-17T09:37:01.188+0000][78][info ][safepoint   ] Safepoint "Cleanup", Time since last: 3012342232 ns, Reaching safepoint: 66037 ns, Cleanup: 18697 ns, At safepoint: 10070 ns, Total: 94804 ns
[2025-01-17T09:37:03.837+0000][78][info ][safepoint   ] Safepoint "Cleanup", Time since last: 2648430632 ns, Reaching safepoint: 99694 ns, Cleanup: 11747 ns, At safepoint: 60815 ns, Total: 172256 ns
[2025-01-17T09:37:05.222+0000][78][info ][safepoint   ] Safepoint "Cleanup", Time since last: 1384480208 ns, Reaching safepoint: 20128 ns, Cleanup: 22158 ns, At safepoint: 42401 ns, Total: 84687 ns
[2025-01-17T09:37:09.847+0000][78][info ][safepoint   ] Safepoint "Cleanup", Time since last: 4625575531 ns, Reaching safepoint: 16864 ns, Cleanup: 18275 ns, At safepoint: 33059 ns, Total: 68198 ns
[2025-01-17T09:37:11.249+0000][78][info ][safepoint   ] Safepoint "Cleanup", Time since last: 1401766081 ns, Reaching safepoint: 29486 ns, Cleanup: 12734 ns, At safepoint: 5687 ns, Total: 47907 ns
[2025-01-17T09:37:13.250+0000][78][info ][safepoint   ] Safepoint "Cleanup", Time since last: 2000705286 ns, Reaching safepoint: 47299 ns, Cleanup: 40832 ns, At safepoint: 11264 ns, Total: 99395 ns
[2025-01-17T09:37:15.828+0000][78][info ][safepoint   ] Safepoint "Cleanup", Time since last: 2578115570 ns, Reaching safepoint: 10468 ns, Cleanup: 5970 ns, At safepoint: 21394 ns, Total: 37832 ns
[2025-01-17T09:37:17.264+0000][78][info ][safepoint   ] Safepoint "Cleanup", Time since last: 1435754077 ns, Reaching safepoint: 52530 ns, Cleanup: 16517 ns, At safepoint: 6075 ns, Total: 75122 ns
[2025-01-17T09:37:19.263+0000][78][info ][safepoint   ] Safepoint "Cleanup", Time since last: 2001065829 ns, Reaching safepoint: 55456 ns, Cleanup: 23043 ns, At safepoint: 15508 ns, Total: 94007 ns
[2025-01-17T09:37:21.841+0000][78][info ][safepoint   ] Safepoint "Cleanup", Time since last: 2577228195 ns, Reaching safepoint: 18392 ns, Cleanup: 15450 ns, At safepoint: 65126 ns, Total: 98968 ns
[2025-01-17T09:37:23.289+0000][78][info ][safepoint   ] Safepoint "Cleanup", Time since last: 1448389282 ns, Reaching safepoint: 47080 ns, Cleanup: 27942 ns, At safepoint: 10900 ns, Total: 85922 ns
[2025-01-17T09:37:25.660+0000][78][info ][safepoint   ] Safepoint "Cleanup", Time since last: 2371158726 ns, Reaching safepoint: 33574 ns, Cleanup: 16560 ns, At safepoint: 7466 ns, Total: 57600 ns
[2025-01-17T09:37:27.855+0000][78][info ][safepoint   ] Safepoint "Cleanup", Time since last: 2195051998 ns, Reaching safepoint: 9667 ns, Cleanup: 12062 ns, At safepoint: 5077 ns, Total: 26806 ns
[2025-01-17T09:37:29.316+0000][78][info ][safepoint   ] Safepoint "Cleanup", Time since last: 1460019778 ns, Reaching safepoint: 28897 ns, Cleanup: 17251 ns, At safepoint: 6253 ns, Total: 52401 ns
[2025-01-17T09:37:33.829+0000][78][info ][safepoint   ] Safepoint "Cleanup", Time since last: 4513059387 ns, Reaching safepoint: 39016 ns, Cleanup: 7788 ns, At safepoint: 4609 ns, Total: 51413 ns
[2025-01-17T09:37:35.340+0000][78][info ][safepoint   ] Safepoint "Cleanup", Time since last: 1511678487 ns, Reaching safepoint: 12765 ns, Cleanup: 20541 ns, At safepoint: 34194 ns, Total: 67500 ns
[2025-01-17T09:37:36.348+0000][78][info ][safepoint   ] Safepoint "Cleanup", Time since last: 1007115254 ns, Reaching safepoint: 140674 ns, Cleanup: 29241 ns, At safepoint: 15714 ns, Total: 185629 ns
[2025-01-17T09:37:42.363+0000][78][info ][safepoint   ] Safepoint "Cleanup", Time since last: 6015471000 ns, Reaching safepoint: 42069 ns, Cleanup: 97553 ns, At safepoint: 28697 ns, Total: 168319 ns
[2025-01-17T09:37:43.364+0000][78][info ][safepoint   ] Safepoint "Cleanup", Time since last: 1000514033 ns, Reaching safepoint: 32172 ns, Cleanup: 45795 ns, At safepoint: 6011 ns, Total: 83978 ns
[2025-01-17T09:37:44.365+0000][78][info ][safepoint   ] Safepoint "Cleanup", Time since last: 1000626206 ns, Reaching safepoint: 48617 ns, Cleanup: 19816 ns, At safepoint: 11500 ns, Total: 79933 ns
[2025-01-17T09:37:47.382+0000][78][info ][safepoint   ] Safepoint "Cleanup", Time since last: 3017227326 ns, Reaching safepoint: 36014 ns, Cleanup: 13512 ns, At safepoint: 6346 ns, Total: 55872 ns
[2025-01-17T09:37:51.632+0000][78][info ][gc,start    ] GC(15) Pause Young (Concurrent Start) (CodeCache GC Threshold)
[2025-01-17T09:37:51.633+0000][78][info ][gc,task     ] GC(15) Using 18 workers of 18 for evacuation
[2025-01-17T09:37:51.634+0000][78][debug][gc,age      ] GC(15) Desired survivor size 134217728 bytes, new threshold 15 (max threshold 15)
[2025-01-17T09:37:51.655+0000][78][info ][gc,phases   ] GC(15)   Pre Evacuate Collection Set: 3.4ms
[2025-01-17T09:37:51.655+0000][78][info ][gc,phases   ] GC(15)   Merge Heap Roots: 0.4ms
[2025-01-17T09:37:51.656+0000][78][info ][gc,phases   ] GC(15)   Evacuate Collection Set: 13.9ms
[2025-01-17T09:37:51.656+0000][78][info ][gc,phases   ] GC(15)   Post Evacuate Collection Set: 1.8ms
[2025-01-17T09:37:51.657+0000][78][info ][gc,phases   ] GC(15)   Other: 2.0ms
[2025-01-17T09:37:51.657+0000][78][trace][gc,age      ] GC(15) Age table with threshold 15 (max threshold 15)
[2025-01-17T09:37:51.657+0000][78][trace][gc,age      ] GC(15) - age   1:    3532288 bytes,    3532288 total
[2025-01-17T09:37:51.658+0000][78][trace][gc,age      ] GC(15) - age   2:    2415872 bytes,    5948160 total
[2025-01-17T09:37:51.658+0000][78][info ][gc,heap     ] GC(15) Eden regions: 188->0(505)
[2025-01-17T09:37:51.658+0000][78][info ][gc,heap     ] GC(15) Survivor regions: 4->3(64)
[2025-01-17T09:37:51.659+0000][78][info ][gc,heap     ] GC(15) Old regions: 35->35
[2025-01-17T09:37:51.659+0000][78][info ][gc,heap     ] GC(15) Humongous regions: 4->4
[2025-01-17T09:37:51.659+0000][78][info ][gc,metaspace] GC(15) Metaspace: 152439K(156608K)->152439K(156608K) NonClass: 132089K(134336K)->132089K(134336K) Class: 20349K(22272K)->20349K(22272K)
[2025-01-17T09:37:51.659+0000][78][info ][gc          ] GC(15) Pause Young (Concurrent Start) (CodeCache GC Threshold) 921M->162M(3392M) 26.916ms
[2025-01-17T09:37:51.660+0000][78][info ][gc,cpu      ] GC(15) User=0.09s Sys=0.00s Real=0.03s
[2025-01-17T09:37:51.660+0000][78][info ][gc          ] GC(16) Concurrent Mark Cycle
[2025-01-17T09:37:51.660+0000][78][info ][safepoint   ] Safepoint "G1TryInitiateConcMark", Time since last: 4252978225 ns, Reaching safepoint: 57528 ns, Cleanup: 30984 ns, At safepoint: 27827300 ns, Total: 27915812 ns
[2025-01-17T09:37:51.660+0000][78][info ][gc,marking  ] GC(16) Concurrent Scan Root Regions
[2025-01-17T09:37:51.667+0000][78][info ][gc,marking  ] GC(16) Concurrent Scan Root Regions 6.152ms
[2025-01-17T09:37:51.667+0000][78][info ][gc,marking  ] GC(16) Concurrent Mark
[2025-01-17T09:37:51.668+0000][78][info ][gc,marking  ] GC(16) Concurrent Mark From Roots
[2025-01-17T09:37:51.668+0000][78][info ][gc,task     ] GC(16) Using 5 workers of 5 for marking
[2025-01-17T09:37:51.704+0000][78][info ][gc,marking  ] GC(16) Concurrent Mark From Roots 36.278ms
[2025-01-17T09:37:51.705+0000][78][info ][gc,marking  ] GC(16) Concurrent Preclean
[2025-01-17T09:37:51.706+0000][78][info ][gc,marking  ] GC(16) Concurrent Preclean 0.931ms
[2025-01-17T09:37:51.706+0000][78][info ][gc,start    ] GC(16) Pause Remark
[2025-01-17T09:37:51.776+0000][78][info ][gc          ] GC(16) Pause Remark 169M->169M(3392M) 70.265ms
[2025-01-17T09:37:51.777+0000][78][info ][gc,cpu      ] GC(16) User=0.77s Sys=0.00s Real=0.07s
[2025-01-17T09:37:51.778+0000][78][info ][safepoint   ] Safepoint "G1PauseRemark", Time since last: 46003626 ns, Reaching safepoint: 33555 ns, Cleanup: 15193 ns, At safepoint: 71519600 ns, Total: 71568348 ns
[2025-01-17T09:37:51.778+0000][78][info ][gc,marking  ] GC(16) Concurrent Mark 111.016ms
[2025-01-17T09:37:51.779+0000][78][info ][gc,marking  ] GC(16) Concurrent Rebuild Remembered Sets and Scrub Regions
[2025-01-17T09:37:51.792+0000][78][info ][gc,marking  ] GC(16) Concurrent Rebuild Remembered Sets and Scrub Regions 13.693ms
[2025-01-17T09:37:51.793+0000][78][info ][gc,start    ] GC(16) Pause Cleanup
[2025-01-17T09:37:51.794+0000][78][info ][gc          ] GC(16) Pause Cleanup 170M->170M(3392M) 0.987ms
[2025-01-17T09:37:51.795+0000][78][info ][gc,cpu      ] GC(16) User=0.00s Sys=0.00s Real=0.00s
[2025-01-17T09:37:51.795+0000][78][info ][safepoint   ] Safepoint "G1PauseCleanup", Time since last: 15329413 ns, Reaching safepoint: 129815 ns, Cleanup: 82935 ns, At safepoint: 2041595 ns, Total: 2254345 ns
[2025-01-17T09:37:51.796+0000][78][info ][gc,marking  ] GC(16) Concurrent Clear Claimed Marks
[2025-01-17T09:37:51.797+0000][78][info ][gc,marking  ] GC(16) Concurrent Clear Claimed Marks 1.064ms
[2025-01-17T09:37:51.797+0000][78][info ][gc,marking  ] GC(16) Concurrent Cleanup for Next Mark
[2025-01-17T09:37:51.835+0000][78][info ][gc,marking  ] GC(16) Concurrent Cleanup for Next Mark 37.164ms
[2025-01-17T09:37:51.835+0000][78][info ][gc          ] GC(16) Concurrent Mark Cycle 175.291ms
[2025-01-17T09:37:55.398+0000][78][info ][safepoint   ] Safepoint "Cleanup", Time since last: 3602915326 ns, Reaching safepoint: 77031 ns, Cleanup: 24324 ns, At safepoint: 14316 ns, Total: 115671 ns
[2025-01-17T09:37:57.400+0000][78][info ][safepoint   ] Safepoint "Cleanup", Time since last: 2001660638 ns, Reaching safepoint: 64770 ns, Cleanup: 26018 ns, At safepoint: 17932 ns, Total: 108720 ns
[2025-01-17T09:37:58.408+0000][78][info ][safepoint   ] Safepoint "Cleanup", Time since last: 1007500749 ns, Reaching safepoint: 18804 ns, Cleanup: 20716 ns, At safepoint: 10936 ns, Total: 50456 ns
[2025-01-17T09:37:59.419+0000][78][info ][safepoint   ] Safepoint "Cleanup", Time since last: 1011183403 ns, Reaching safepoint: 49864 ns, Cleanup: 21704 ns, At safepoint: 10720 ns, Total: 82288 ns
[2025-01-17T09:38:00.813+0000][78][info ][safepoint   ] Safepoint "Cleanup", Time since last: 1394426282 ns, Reaching safepoint: 10900 ns, Cleanup: 7524 ns, At safepoint: 17735 ns, Total: 36159 ns
[2025-01-17T09:38:02.439+0000][78][info ][safepoint   ] Safepoint "Cleanup", Time since last: 1625788806 ns, Reaching safepoint: 50289 ns, Cleanup: 66929 ns, At safepoint: 17795 ns, Total: 135013 ns
[2025-01-17T09:38:03.462+0000][78][info ][safepoint   ] Safepoint "Cleanup", Time since last: 1022724452 ns, Reaching safepoint: 48837 ns, Cleanup: 20826 ns, At safepoint: 12187 ns, Total: 81850 ns
[2025-01-17T09:38:04.466+0000][78][info ][safepoint   ] Safepoint "Cleanup", Time since last: 1004040641 ns, Reaching safepoint: 17797 ns, Cleanup: 53388 ns, At safepoint: 9880 ns, Total: 81065 ns
[2025-01-17T09:38:10.482+0000][78][info ][safepoint   ] Safepoint "Cleanup", Time since last: 6015529160 ns, Reaching safepoint: 64012 ns, Cleanup: 18239 ns, At safepoint: 50274 ns, Total: 132525 ns
[2025-01-17T09:38:12.491+0000][78][info ][safepoint   ] Safepoint "Cleanup", Time since last: 2009288001 ns, Reaching safepoint: 43784 ns, Cleanup: 22257 ns, At safepoint: 10035 ns, Total: 76076 ns
[2025-01-17T09:38:14.492+0000][78][info ][safepoint   ] Safepoint "Cleanup", Time since last: 2000937498 ns, Reaching safepoint: 67467 ns, Cleanup: 28625 ns, At safepoint: 18920 ns, Total: 115012 ns
[2025-01-17T09:38:15.837+0000][78][info ][safepoint   ] Safepoint "Cleanup", Time since last: 1344824838 ns, Reaching safepoint: 14490 ns, Cleanup: 8775 ns, At safepoint: 26647 ns, Total: 49912 ns
[2025-01-17T09:38:17.511+0000][78][info ][safepoint   ] Safepoint "Cleanup", Time since last: 1674095266 ns, Reaching safepoint: 28576 ns, Cleanup: 13243 ns, At safepoint: 5954 ns, Total: 47773 ns
[2025-01-17T09:38:21.829+0000][78][info ][safepoint   ] Safepoint "Cleanup", Time since last: 4319755682 ns, Reaching safepoint: 106639 ns, Cleanup: 9351 ns, At safepoint: 63355 ns, Total: 179345 ns
[2025-01-17T09:38:23.529+0000][78][info ][safepoint   ] Safepoint "Cleanup", Time since last: 1699815552 ns, Reaching safepoint: 105990 ns, Cleanup: 35992 ns, At safepoint: 14244 ns, Total: 156226 ns
[2025-01-17T09:38:24.712+0000][78][info ][safepoint   ] Safepoint "Cleanup", Time since last: 1182243685 ns, Reaching safepoint: 45152 ns, Cleanup: 19059 ns, At safepoint: 10562 ns, Total: 74773 ns
[2025-01-17T09:38:28.541+0000][78][info ][safepoint   ] Safepoint "Cleanup", Time since last: 3828931099 ns, Reaching safepoint: 16632 ns, Cleanup: 10119 ns, At safepoint: 9293 ns, Total: 36044 ns
[2025-01-17T09:38:29.549+0000][78][info ][safepoint   ] Safepoint "Cleanup", Time since last: 1008350029 ns, Reaching safepoint: 32311 ns, Cleanup: 16866 ns, At safepoint: 6207 ns, Total: 55384 ns
[2025-01-17T09:38:31.550+0000][78][info ][safepoint   ] Safepoint "Cleanup", Time since last: 2000853844 ns, Reaching safepoint: 52956 ns, Cleanup: 44939 ns, At safepoint: 13213 ns, Total: 111108 ns
[2025-01-17T09:38:34.558+0000][78][info ][safepoint   ] Safepoint "Cleanup", Time since last: 3008052094 ns, Reaching safepoint: 123704 ns, Cleanup: 8467 ns, At safepoint: 19475 ns, Total: 151646 ns
[2025-01-17T09:38:35.564+0000][78][info ][safepoint   ] Safepoint "Cleanup", Time since last: 1005346585 ns, Reaching safepoint: 46833 ns, Cleanup: 25699 ns, At safepoint: 11233 ns, Total: 83765 ns
[2025-01-17T09:38:37.565+0000][78][info ][safepoint   ] Safepoint "Cleanup", Time since last: 2001576475 ns, Reaching safepoint: 49400 ns, Cleanup: 20663 ns, At safepoint: 11863 ns, Total: 81926 ns
[2025-01-17T09:38:39.835+0000][78][info ][safepoint   ] Safepoint "Cleanup", Time since last: 2269203897 ns, Reaching safepoint: 20534 ns, Cleanup: 10195 ns, At safepoint: 13124 ns, Total: 43853 ns
[2025-01-17T09:38:45.848+0000][78][info ][safepoint   ] Safepoint "Cleanup", Time since last: 6013424454 ns, Reaching safepoint: 19862 ns, Cleanup: 10248 ns, At safepoint: 35481 ns, Total: 65591 ns
[2025-01-17T09:38:47.609+0000][78][info ][safepoint   ] Safepoint "Cleanup", Time since last: 1760739882 ns, Reaching safepoint: 29852 ns, Cleanup: 15005 ns, At safepoint: 6390 ns, Total: 51247 ns
[2025-01-17T09:38:51.834+0000][78][info ][safepoint   ] Safepoint "Cleanup", Time since last: 4227153408 ns, Reaching safepoint: 15871 ns, Cleanup: 20830 ns, At safepoint: 33177 ns, Total: 69878 ns
[2025-01-17T09:38:53.648+0000][78][info ][safepoint   ] Safepoint "Cleanup", Time since last: 1814221989 ns, Reaching safepoint: 106576 ns, Cleanup: 31611 ns, At safepoint: 18196 ns, Total: 156383 ns
[2025-01-17T09:38:54.650+0000][78][info ][safepoint   ] Safepoint "Cleanup", Time since last: 1001756533 ns, Reaching safepoint: 60001 ns, Cleanup: 25090 ns, At safepoint: 15235 ns, Total: 100326 ns
[2025-01-17T09:38:55.651+0000][78][info ][safepoint   ] Safepoint "Cleanup", Time since last: 1001345754 ns, Reaching safepoint: 28473 ns, Cleanup: 11883 ns, At safepoint: 5455 ns, Total: 45811 ns
[2025-01-17T09:38:57.853+0000][78][info ][safepoint   ] Safepoint "Cleanup", Time since last: 2201203162 ns, Reaching safepoint: 16341 ns, Cleanup: 14656 ns, At safepoint: 8779 ns, Total: 39776 ns
[2025-01-17T09:38:59.669+0000][78][info ][safepoint   ] Safepoint "Cleanup", Time since last: 1816455635 ns, Reaching safepoint: 89324 ns, Cleanup: 22447 ns, At safepoint: 13831 ns, Total: 125602 ns
[2025-01-17T09:39:01.670+0000][78][info ][safepoint   ] Safepoint "Cleanup", Time since last: 2001221050 ns, Reaching safepoint: 47565 ns, Cleanup: 30738 ns, At safepoint: 11365 ns, Total: 89668 ns
[2025-01-17T09:39:04.147+0000][78][info ][safepoint   ] Safepoint "Cleanup", Time since last: 2476738237 ns, Reaching safepoint: 11502 ns, Cleanup: 6135 ns, At safepoint: 17068 ns, Total: 34705 ns
[2025-01-17T09:39:05.682+0000][78][info ][safepoint   ] Safepoint "Cleanup", Time since last: 1534964534 ns, Reaching safepoint: 58285 ns, Cleanup: 23732 ns, At safepoint: 7542 ns, Total: 89559 ns
[2025-01-17T09:39:06.683+0000][78][info ][safepoint   ] Safepoint "Cleanup", Time since last: 1000811151 ns, Reaching safepoint: 32479 ns, Cleanup: 16453 ns, At safepoint: 8538 ns, Total: 57470 ns
[2025-01-17T09:39:10.687+0000][78][info ][safepoint   ] Safepoint "Cleanup", Time since last: 4004106954 ns, Reaching safepoint: 17400 ns, Cleanup: 17463 ns, At safepoint: 47410 ns, Total: 82273 ns
[2025-01-17T09:39:12.695+0000][78][info ][safepoint   ] Safepoint "Cleanup", Time since last: 2007665092 ns, Reaching safepoint: 88386 ns, Cleanup: 23735 ns, At safepoint: 14002 ns, Total: 126123 ns
[2025-01-17T09:39:15.844+0000][78][info ][safepoint   ] Safepoint "Cleanup", Time since last: 3149119344 ns, Reaching safepoint: 13929 ns, Cleanup: 8308 ns, At safepoint: 26565 ns, Total: 48802 ns
[2025-01-17T09:39:17.715+0000][78][info ][safepoint   ] Safepoint "Cleanup", Time since last: 1870780645 ns, Reaching safepoint: 28639 ns, Cleanup: 13426 ns, At safepoint: 6050 ns, Total: 48115 ns
[2025-01-17T09:39:22.724+0000][78][info ][safepoint   ] Safepoint "Cleanup", Time since last: 5010670757 ns, Reaching safepoint: 19875 ns, Cleanup: 14612 ns, At safepoint: 61587 ns, Total: 96074 ns
[2025-01-17T09:39:28.746+0000][78][info ][safepoint   ] Safepoint "Cleanup", Time since last: 6022729166 ns, Reaching safepoint: 14744 ns, Cleanup: 9072 ns, At safepoint: 7394 ns, Total: 31210 ns
[2025-01-17T09:39:31.757+0000][78][info ][safepoint   ] Safepoint "Cleanup", Time since last: 3010101717 ns, Reaching safepoint: 40138 ns, Cleanup: 18335 ns, At safepoint: 9077 ns, Total: 67550 ns
[2025-01-17T09:39:33.830+0000][78][info ][safepoint   ] Safepoint "Cleanup", Time since last: 2072843885 ns, Reaching safepoint: 11720 ns, Cleanup: 10975 ns, At safepoint: 4887 ns, Total: 27582 ns
[2025-01-17T09:39:35.769+0000][78][info ][safepoint   ] Safepoint "Cleanup", Time since last: 1938896515 ns, Reaching safepoint: 58016 ns, Cleanup: 13162 ns, At safepoint: 6132 ns, Total: 77310 ns
[2025-01-17T09:39:40.776+0000][78][info ][safepoint   ] Safepoint "Cleanup", Time since last: 5007887245 ns, Reaching safepoint: 20547 ns, Cleanup: 45095 ns, At safepoint: 37962 ns, Total: 103604 ns
[2025-01-17T09:39:41.788+0000][78][info ][safepoint   ] Safepoint "Cleanup", Time since last: 1011801513 ns, Reaching safepoint: 54163 ns, Cleanup: 43715 ns, At safepoint: 11976 ns, Total: 109854 ns
[2025-01-17T09:39:42.789+0000][78][info ][safepoint   ] Safepoint "Cleanup", Time since last: 1000999197 ns, Reaching safepoint: 30212 ns, Cleanup: 13788 ns, At safepoint: 5959 ns, Total: 49959 ns
[2025-01-17T09:39:43.790+0000][78][info ][safepoint   ] Safepoint "Cleanup", Time since last: 1000587502 ns, Reaching safepoint: 33891 ns, Cleanup: 17190 ns, At safepoint: 6556 ns, Total: 57637 ns
[2025-01-17T09:39:46.799+0000][78][info ][safepoint   ] Safepoint "Cleanup", Time since last: 3009017011 ns, Reaching safepoint: 21131 ns, Cleanup: 14097 ns, At safepoint: 9247 ns, Total: 44475 ns
[2025-01-17T09:39:51.809+0000][78][info ][safepoint   ] Safepoint "Cleanup", Time since last: 5012685575 ns, Reaching safepoint: 60748 ns, Cleanup: 18271 ns, At safepoint: 5294 ns, Total: 84313 ns
[2025-01-17T09:39:52.827+0000][78][info ][safepoint   ] Safepoint "Cleanup", Time since last: 1018421283 ns, Reaching safepoint: 100675 ns, Cleanup: 13160 ns, At safepoint: 55724 ns, Total: 169559 ns
[2025-01-17T09:39:57.840+0000][78][info ][safepoint   ] Safepoint "Cleanup", Time since last: 5012825163 ns, Reaching safepoint: 45015 ns, Cleanup: 20914 ns, At safepoint: 10109 ns, Total: 76038 ns
[2025-01-17T09:39:58.856+0000][78][info ][safepoint   ] Safepoint "Cleanup", Time since last: 1015944140 ns, Reaching safepoint: 30964 ns, Cleanup: 24858 ns, At safepoint: 6723 ns, Total: 62545 ns
[2025-01-17T09:40:01.864+0000][78][info ][safepoint   ] Safepoint "Cleanup", Time since last: 3007314899 ns, Reaching safepoint: 36273 ns, Cleanup: 15078 ns, At safepoint: 6284 ns, Total: 57635 ns
[2025-01-17T09:40:03.832+0000][78][info ][safepoint   ] Safepoint "Cleanup", Time since last: 1967853587 ns, Reaching safepoint: 10598 ns, Cleanup: 9191 ns, At safepoint: 19352 ns, Total: 39141 ns
[2025-01-17T09:40:06.876+0000][78][info ][safepoint   ] Safepoint "Cleanup", Time since last: 3044315030 ns, Reaching safepoint: 120167 ns, Cleanup: 21879 ns, At safepoint: 13859 ns, Total: 155905 ns
[2025-01-17T09:40:10.895+0000][78][info ][safepoint   ] Safepoint "Cleanup", Time since last: 4018729568 ns, Reaching safepoint: 15734 ns, Cleanup: 14218 ns, At safepoint: 20555 ns, Total: 50507 ns
[2025-01-17T09:40:11.895+0000][78][info ][safepoint   ] Safepoint "Cleanup", Time since last: 1000349546 ns, Reaching safepoint: 13792 ns, Cleanup: 10890 ns, At safepoint: 22186 ns, Total: 46868 ns
[2025-01-17T09:40:12.902+0000][78][info ][safepoint   ] Safepoint "Cleanup", Time since last: 1007073570 ns, Reaching safepoint: 34360 ns, Cleanup: 16148 ns, At safepoint: 6227 ns, Total: 56735 ns
[2025-01-17T09:40:15.830+0000][78][info ][safepoint   ] Safepoint "Cleanup", Time since last: 2927649231 ns, Reaching safepoint: 110606 ns, Cleanup: 10534 ns, At safepoint: 25183 ns, Total: 146323 ns
[2025-01-17T09:40:16.912+0000][78][info ][safepoint   ] Safepoint "Cleanup", Time since last: 1082044144 ns, Reaching safepoint: 36128 ns, Cleanup: 13580 ns, At safepoint: 6583 ns, Total: 56291 ns
[2025-01-17T09:40:19.923+0000][78][info ][safepoint   ] Safepoint "Cleanup", Time since last: 3011274049 ns, Reaching safepoint: 36760 ns, Cleanup: 76976 ns, At safepoint: 22770 ns, Total: 136506 ns
[2025-01-17T09:40:20.923+0000][78][info ][safepoint   ] Safepoint "Cleanup", Time since last: 1000421436 ns, Reaching safepoint: 59068 ns, Cleanup: 17930 ns, At safepoint: 7709 ns, Total: 84707 ns
[2025-01-17T09:40:21.928+0000][78][info ][safepoint   ] Safepoint "Cleanup", Time since last: 1005163016 ns, Reaching safepoint: 13579 ns, Cleanup: 17735 ns, At safepoint: 20333 ns, Total: 51647 ns
[2025-01-17T09:40:24.801+0000][78][info ][safepoint   ] Safepoint "Cleanup", Time since last: 2872647129 ns, Reaching safepoint: 32947 ns, Cleanup: 24070 ns, At safepoint: 6555 ns, Total: 63572 ns
[2025-01-17T09:40:27.827+0000][78][info ][safepoint   ] Safepoint "Cleanup", Time since last: 3025884873 ns, Reaching safepoint: 15589 ns, Cleanup: 8983 ns, At safepoint: 18116 ns, Total: 42688 ns
[2025-01-17T09:40:33.989+0000][78][info ][safepoint   ] Safepoint "Cleanup", Time since last: 6162143707 ns, Reaching safepoint: 11194 ns, Cleanup: 5989 ns, At safepoint: 4718 ns, Total: 21901 ns
[2025-01-17T09:40:36.994+0000][78][info ][safepoint   ] Safepoint "Cleanup", Time since last: 3004265855 ns, Reaching safepoint: 234769 ns, Cleanup: 27755 ns, At safepoint: 13927 ns, Total: 276451 ns
[2025-01-17T09:40:39.843+0000][78][info ][safepoint   ] Safepoint "Cleanup", Time since last: 2849170806 ns, Reaching safepoint: 20177 ns, Cleanup: 15744 ns, At safepoint: 40047 ns, Total: 75968 ns
[2025-01-17T09:40:42.008+0000][78][info ][safepoint   ] Safepoint "Cleanup", Time since last: 2164918753 ns, Reaching safepoint: 31477 ns, Cleanup: 11364 ns, At safepoint: 5980 ns, Total: 48821 ns
[2025-01-17T09:40:43.008+0000][78][info ][safepoint   ] Safepoint "Cleanup", Time since last: 1000550493 ns, Reaching safepoint: 31331 ns, Cleanup: 13305 ns, At safepoint: 5971 ns, Total: 50607 ns
[2025-01-17T09:40:45.851+0000][78][info ][safepoint   ] Safepoint "Cleanup", Time since last: 2842823981 ns, Reaching safepoint: 17893 ns, Cleanup: 15164 ns, At safepoint: 7995 ns, Total: 41052 ns
[2025-01-17T09:40:47.029+0000][78][info ][safepoint   ] Safepoint "Cleanup", Time since last: 1177176490 ns, Reaching safepoint: 30730 ns, Cleanup: 13571 ns, At safepoint: 5861 ns, Total: 50162 ns
[2025-01-17T09:40:51.850+0000][78][info ][safepoint   ] Safepoint "Cleanup", Time since last: 4823398668 ns, Reaching safepoint: 44612 ns, Cleanup: 30713 ns, At safepoint: 40031 ns, Total: 115356 ns
[2025-01-17T09:40:53.038+0000][78][info ][safepoint   ] Safepoint "Cleanup", Time since last: 1188747657 ns, Reaching safepoint: 43343 ns, Cleanup: 19055 ns, At safepoint: 10809 ns, Total: 73207 ns
[2025-01-17T09:40:57.040+0000][78][info ][safepoint   ] Safepoint "Cleanup", Time since last: 4001276778 ns, Reaching safepoint: 62969 ns, Cleanup: 35610 ns, At safepoint: 17848 ns, Total: 116427 ns
[2025-01-17T09:40:58.046+0000][78][info ][safepoint   ] Safepoint "Cleanup", Time since last: 1005957560 ns, Reaching safepoint: 12570 ns, Cleanup: 21782 ns, At safepoint: 6924 ns, Total: 41276 ns
[2025-01-17T09:41:03.832+0000][78][info ][safepoint   ] Safepoint "Cleanup", Time since last: 5786298834 ns, Reaching safepoint: 14294 ns, Cleanup: 7459 ns, At safepoint: 18693 ns, Total: 40446 ns
[2025-01-17T09:41:05.068+0000][78][info ][safepoint   ] Safepoint "Cleanup", Time since last: 1235754825 ns, Reaching safepoint: 36857 ns, Cleanup: 18507 ns, At safepoint: 6670 ns, Total: 62034 ns
[2025-01-17T09:41:10.108+0000][78][info ][safepoint   ] Safepoint "Cleanup", Time since last: 5040141487 ns, Reaching safepoint: 63587 ns, Cleanup: 23341 ns, At safepoint: 182014 ns, Total: 268942 ns
[2025-01-17T09:41:11.113+0000][78][info ][safepoint   ] Safepoint "Cleanup", Time since last: 1004849179 ns, Reaching safepoint: 27189 ns, Cleanup: 19008 ns, At safepoint: 69451 ns, Total: 115648 ns
[2025-01-17T09:41:15.830+0000][78][info ][safepoint   ] Safepoint "Cleanup", Time since last: 4716766477 ns, Reaching safepoint: 9394 ns, Cleanup: 13354 ns, At safepoint: 4597 ns, Total: 27345 ns
[2025-01-17T09:41:17.131+0000][78][info ][safepoint   ] Safepoint "Cleanup", Time since last: 1300753547 ns, Reaching safepoint: 40211 ns, Cleanup: 24080 ns, At safepoint: 7129 ns, Total: 71420 ns
[2025-01-17T09:41:19.128+0000][78][info ][safepoint   ] Safepoint "Cleanup", Time since last: 2000791492 ns, Reaching safepoint: 45911 ns, Cleanup: 23484 ns, At safepoint: 11033 ns, Total: 80428 ns
[2025-01-17T09:41:22.135+0000][78][info ][safepoint   ] Safepoint "Cleanup", Time since last: 3006034854 ns, Reaching safepoint: 67455 ns, Cleanup: 61517 ns, At safepoint: 77411 ns, Total: 206383 ns
[2025-01-17T09:41:24.846+0000][78][info ][safepoint   ] Safepoint "Cleanup", Time since last: 2711585100 ns, Reaching safepoint: 31959 ns, Cleanup: 15034 ns, At safepoint: 6996 ns, Total: 53989 ns
[2025-01-17T09:41:27.848+0000][78][info ][safepoint   ] Safepoint "Cleanup", Time since last: 3001597141 ns, Reaching safepoint: 345420 ns, Cleanup: 21085 ns, At safepoint: 107470 ns, Total: 473975 ns
[2025-01-17T09:41:37.179+0000][78][info ][safepoint   ] Safepoint "Cleanup", Time since last: 9330273249 ns, Reaching safepoint: 35263 ns, Cleanup: 60198 ns, At safepoint: 11051 ns, Total: 106512 ns
[2025-01-17T09:41:39.832+0000][78][info ][safepoint   ] Safepoint "Cleanup", Time since last: 2652860589 ns, Reaching safepoint: 57415 ns, Cleanup: 8471 ns, At safepoint: 17704 ns, Total: 83590 ns
[2025-01-17T09:41:41.220+0000][78][info ][safepoint   ] Safepoint "Cleanup", Time since last: 1388059254 ns, Reaching safepoint: 28920 ns, Cleanup: 22253 ns, At safepoint: 6119 ns, Total: 57292 ns
[2025-01-17T09:41:43.221+0000][78][info ][safepoint   ] Safepoint "Cleanup", Time since last: 2001354113 ns, Reaching safepoint: 56519 ns, Cleanup: 28098 ns, At safepoint: 15720 ns, Total: 100337 ns
[2025-01-17T09:41:45.842+0000][78][info ][safepoint   ] Safepoint "Cleanup", Time since last: 2621113306 ns, Reaching safepoint: 9929 ns, Cleanup: 8106 ns, At safepoint: 4490 ns, Total: 22525 ns
[2025-01-17T09:41:47.242+0000][78][info ][safepoint   ] Safepoint "Cleanup", Time since last: 1399284542 ns, Reaching safepoint: 59869 ns, Cleanup: 25281 ns, At safepoint: 16293 ns, Total: 101443 ns
[2025-01-17T09:41:51.845+0000][78][info ][safepoint   ] Safepoint "Cleanup", Time since last: 4604855274 ns, Reaching safepoint: 19687 ns, Cleanup: 27223 ns, At safepoint: 9598 ns, Total: 56508 ns
[2025-01-17T09:41:53.264+0000][78][info ][safepoint   ] Safepoint "Cleanup", Time since last: 1419353699 ns, Reaching safepoint: 88145 ns, Cleanup: 35310 ns, At safepoint: 17788 ns, Total: 141243 ns
[2025-01-17T09:41:59.293+0000][78][info ][safepoint   ] Safepoint "Cleanup", Time since last: 6028603872 ns, Reaching safepoint: 58737 ns, Cleanup: 23390 ns, At safepoint: 12329 ns, Total: 94456 ns
[2025-01-17T09:42:02.296+0000][78][info ][safepoint   ] Safepoint "Cleanup", Time since last: 3002556026 ns, Reaching safepoint: 48966 ns, Cleanup: 21272 ns, At safepoint: 11384 ns, Total: 81622 ns
[2025-01-17T09:42:04.344+0000][78][info ][safepoint   ] Safepoint "Cleanup", Time since last: 2047756097 ns, Reaching safepoint: 20137 ns, Cleanup: 66976 ns, At safepoint: 10695 ns, Total: 97808 ns
[2025-01-17T09:42:10.065+0000][78][info ][safepoint   ] Safepoint "Cleanup", Time since last: 5721524534 ns, Reaching safepoint: 13876 ns, Cleanup: 9533 ns, At safepoint: 6546 ns, Total: 29955 ns
[2025-01-17T09:42:13.354+0000][78][info ][safepoint   ] Safepoint "Cleanup", Time since last: 3288467559 ns, Reaching safepoint: 48232 ns, Cleanup: 29051 ns, At safepoint: 12028 ns, Total: 89311 ns
[2025-01-17T09:42:15.846+0000][78][info ][safepoint   ] Safepoint "Cleanup", Time since last: 2492013429 ns, Reaching safepoint: 16720 ns, Cleanup: 13051 ns, At safepoint: 8464 ns, Total: 38235 ns
[2025-01-17T09:42:21.844+0000][78][info ][safepoint   ] Safepoint "Cleanup", Time since last: 6000941486 ns, Reaching safepoint: 24045 ns, Cleanup: 13609 ns, At safepoint: 8648 ns, Total: 46302 ns
[2025-01-17T09:42:23.394+0000][78][info ][safepoint   ] Safepoint "Cleanup", Time since last: 1549188446 ns, Reaching safepoint: 76701 ns, Cleanup: 28573 ns, At safepoint: 10710 ns, Total: 115984 ns
[2025-01-17T09:42:24.896+0000][78][info ][safepoint   ] Safepoint "Cleanup", Time since last: 1502443182 ns, Reaching safepoint: 48716 ns, Cleanup: 25295 ns, At safepoint: 10363 ns, Total: 84374 ns
[2025-01-17T09:42:27.840+0000][78][info ][safepoint   ] Safepoint "Cleanup", Time since last: 2943398466 ns, Reaching safepoint: 18705 ns, Cleanup: 13130 ns, At safepoint: 7574 ns, Total: 39409 ns
[2025-01-17T09:42:29.411+0000][78][info ][safepoint   ] Safepoint "Cleanup", Time since last: 1571396998 ns, Reaching safepoint: 54286 ns, Cleanup: 23018 ns, At safepoint: 13898 ns, Total: 91202 ns
[2025-01-17T09:42:31.413+0000][78][info ][safepoint   ] Safepoint "Cleanup", Time since last: 2002048246 ns, Reaching safepoint: 47035 ns, Cleanup: 24209 ns, At safepoint: 9457 ns, Total: 80701 ns
[2025-01-17T09:42:32.414+0000][78][info ][safepoint   ] Safepoint "Cleanup", Time since last: 1000988073 ns, Reaching safepoint: 44912 ns, Cleanup: 14915 ns, At safepoint: 6960 ns, Total: 66787 ns
[2025-01-17T09:42:33.842+0000][78][info ][safepoint   ] Safepoint "Cleanup", Time since last: 1427871367 ns, Reaching safepoint: 14327 ns, Cleanup: 11832 ns, At safepoint: 6533 ns, Total: 32692 ns
[2025-01-17T09:42:35.437+0000][78][info ][safepoint   ] Safepoint "Cleanup", Time since last: 1594354316 ns, Reaching safepoint: 57333 ns, Cleanup: 29575 ns, At safepoint: 13956 ns, Total: 100864 ns
[2025-01-17T09:42:40.450+0000][78][info ][safepoint   ] Safepoint "Cleanup", Time since last: 5013648272 ns, Reaching safepoint: 24421 ns, Cleanup: 14766 ns, At safepoint: 52916 ns, Total: 92103 ns
[2025-01-17T09:42:42.463+0000][78][info ][safepoint   ] Safepoint "Cleanup", Time since last: 2013005629 ns, Reaching safepoint: 28344 ns, Cleanup: 11084 ns, At safepoint: 5548 ns, Total: 44976 ns
[2025-01-17T09:42:43.464+0000][78][info ][safepoint   ] Safepoint "Cleanup", Time since last: 1000582129 ns, Reaching safepoint: 40209 ns, Cleanup: 15469 ns, At safepoint: 8237 ns, Total: 63915 ns
[2025-01-17T09:42:44.466+0000][78][info ][safepoint   ] Safepoint "Cleanup", Time since last: 1001767747 ns, Reaching safepoint: 60324 ns, Cleanup: 25729 ns, At safepoint: 17431 ns, Total: 103484 ns
[2025-01-17T09:42:46.473+0000][78][info ][safepoint   ] Safepoint "Cleanup", Time since last: 2007089708 ns, Reaching safepoint: 10842 ns, Cleanup: 10635 ns, At safepoint: 5136 ns, Total: 26613 ns
[2025-01-17T09:42:47.481+0000][78][info ][safepoint   ] Safepoint "Cleanup", Time since last: 1008405387 ns, Reaching safepoint: 33954 ns, Cleanup: 14948 ns, At safepoint: 5783 ns, Total: 54685 ns
[2025-01-17T09:42:49.480+0000][78][info ][safepoint   ] Safepoint "Cleanup", Time since last: 2000729923 ns, Reaching safepoint: 73973 ns, Cleanup: 31026 ns, At safepoint: 17927 ns, Total: 122926 ns
[2025-01-17T09:42:51.831+0000][78][info ][safepoint   ] Safepoint "Cleanup", Time since last: 2350761166 ns, Reaching safepoint: 9994 ns, Cleanup: 14653 ns, At safepoint: 4564 ns, Total: 29211 ns
[2025-01-17T09:42:53.504+0000][78][info ][safepoint   ] Safepoint "Cleanup", Time since last: 1672624547 ns, Reaching safepoint: 62233 ns, Cleanup: 37060 ns, At safepoint: 13508 ns, Total: 112801 ns
[2025-01-17T09:42:57.875+0000][78][info ][safepoint   ] Safepoint "Cleanup", Time since last: 4371074117 ns, Reaching safepoint: 40884 ns, Cleanup: 12913 ns, At safepoint: 9255 ns, Total: 63052 ns
[2025-01-17T09:43:00.827+0000][78][info ][safepoint   ] Safepoint "Cleanup", Time since last: 2951722548 ns, Reaching safepoint: 12882 ns, Cleanup: 6928 ns, At safepoint: 5803 ns, Total: 25613 ns
[2025-01-17T09:43:02.546+0000][78][info ][safepoint   ] Safepoint "Cleanup", Time since last: 1719045174 ns, Reaching safepoint: 42737 ns, Cleanup: 31227 ns, At safepoint: 10219 ns, Total: 84183 ns
[2025-01-17T09:43:03.843+0000][78][info ][safepoint   ] Safepoint "Cleanup", Time since last: 1297036922 ns, Reaching safepoint: 16741 ns, Cleanup: 12704 ns, At safepoint: 37356 ns, Total: 66801 ns
[2025-01-17T09:43:04.996+0000][78][info ][safepoint   ] Safepoint "Cleanup", Time since last: 1153443331 ns, Reaching safepoint: 10719 ns, Cleanup: 9568 ns, At safepoint: 18340 ns, Total: 38627 ns
[2025-01-17T09:43:06.588+0000][78][info ][safepoint   ] Safepoint "Cleanup", Time since last: 1591834894 ns, Reaching safepoint: 64931 ns, Cleanup: 36594 ns, At safepoint: 16591 ns, Total: 118116 ns
[2025-01-17T09:43:07.590+0000][78][info ][safepoint   ] Safepoint "Cleanup", Time since last: 1001341452 ns, Reaching safepoint: 61735 ns, Cleanup: 29953 ns, At safepoint: 73525 ns, Total: 165213 ns
[2025-01-17T09:43:09.002+0000][78][info ][safepoint   ] Safepoint "Cleanup", Time since last: 1412138593 ns, Reaching safepoint: 14092 ns, Cleanup: 20574 ns, At safepoint: 16013 ns, Total: 50679 ns
[2025-01-17T09:43:10.012+0000][78][info ][safepoint   ] Safepoint "Cleanup", Time since last: 1010073817 ns, Reaching safepoint: 13368 ns, Cleanup: 11204 ns, At safepoint: 25355 ns, Total: 49927 ns
[2025-01-17T09:43:11.597+0000][78][info ][safepoint   ] Safepoint "Cleanup", Time since last: 1584983854 ns, Reaching safepoint: 48100 ns, Cleanup: 21153 ns, At safepoint: 12135 ns, Total: 81388 ns
[2025-01-17T09:43:12.598+0000][78][info ][safepoint   ] Safepoint "Cleanup", Time since last: 1000927267 ns, Reaching safepoint: 43822 ns, Cleanup: 31203 ns, At safepoint: 9527 ns, Total: 84552 ns
[2025-01-17T09:43:15.849+0000][78][info ][safepoint   ] Safepoint "Cleanup", Time since last: 3251042460 ns, Reaching safepoint: 15638 ns, Cleanup: 10991 ns, At safepoint: 8568 ns, Total: 35197 ns
[2025-01-17T09:43:19.616+0000][78][info ][safepoint   ] Safepoint "Cleanup", Time since last: 3768854966 ns, Reaching safepoint: 53831 ns, Cleanup: 22680 ns, At safepoint: 11607 ns, Total: 88118 ns
[2025-01-17T09:43:22.626+0000][78][info ][safepoint   ] Safepoint "Cleanup", Time since last: 3010180973 ns, Reaching safepoint: 27250 ns, Cleanup: 15904 ns, At safepoint: 12717 ns, Total: 55871 ns
[2025-01-17T09:43:29.668+0000][78][info ][safepoint   ] Safepoint "Cleanup", Time since last: 7041076653 ns, Reaching safepoint: 116505 ns, Cleanup: 26122 ns, At safepoint: 14984 ns, Total: 157611 ns
[2025-01-17T09:43:40.696+0000][78][info ][safepoint   ] Safepoint "Cleanup", Time since last: 11028310210 ns, Reaching safepoint: 18749 ns, Cleanup: 11675 ns, At safepoint: 20255 ns, Total: 50679 ns
[2025-01-17T09:43:41.701+0000][78][info ][safepoint   ] Safepoint "Cleanup", Time since last: 1005065137 ns, Reaching safepoint: 49830 ns, Cleanup: 16100 ns, At safepoint: 78218 ns, Total: 144148 ns
[2025-01-17T09:43:42.702+0000][78][info ][safepoint   ] Safepoint "Cleanup", Time since last: 1000944666 ns, Reaching safepoint: 39214 ns, Cleanup: 17225 ns, At safepoint: 10037 ns, Total: 66476 ns
[2025-01-17T09:43:45.860+0000][78][info ][safepoint   ] Safepoint "Cleanup", Time since last: 3158029615 ns, Reaching safepoint: 17859 ns, Cleanup: 9073 ns, At safepoint: 32838 ns, Total: 59770 ns
[2025-01-17T09:43:47.723+0000][78][info ][safepoint   ] Safepoint "Cleanup", Time since last: 1862474829 ns, Reaching safepoint: 39954 ns, Cleanup: 22278 ns, At safepoint: 10146 ns, Total: 72378 ns
[2025-01-17T09:43:53.443+0000][78][info ][safepoint   ] Safepoint "Cleanup", Time since last: 4030582241 ns, Reaching safepoint: 51830 ns, Cleanup: 24602 ns, At safepoint: 10873 ns, Total: 87305 ns
[2025-01-17T09:43:57.453+0000][78][info ][safepoint   ] Safepoint "Cleanup", Time since last: 4010123104 ns, Reaching safepoint: 21370 ns, Cleanup: 19364 ns, At safepoint: 9383 ns, Total: 50117 ns
[2025-01-17T09:44:02.470+0000][78][info ][safepoint   ] Safepoint "Cleanup", Time since last: 5016604807 ns, Reaching safepoint: 69724 ns, Cleanup: 205927 ns, At safepoint: 22719 ns, Total: 298370 ns
[2025-01-17T09:44:07.508+0000][78][info ][safepoint   ] Safepoint "Cleanup", Time since last: 5037890695 ns, Reaching safepoint: 62345 ns, Cleanup: 27173 ns, At safepoint: 18913 ns, Total: 108431 ns
[2025-01-17T09:44:09.543+0000][78][info ][safepoint   ] Safepoint "Cleanup", Time since last: 2034611736 ns, Reaching safepoint: 53254 ns, Cleanup: 37801 ns, At safepoint: 68249 ns, Total: 159304 ns
[2025-01-17T09:44:10.576+0000][78][info ][safepoint   ] Safepoint "Cleanup", Time since last: 1033081460 ns, Reaching safepoint: 70757 ns, Cleanup: 30580 ns, At safepoint: 18733 ns, Total: 120070 ns
[2025-01-17T09:44:15.595+0000][78][info ][safepoint   ] Safepoint "Cleanup", Time since last: 5019180096 ns, Reaching safepoint: 56615 ns, Cleanup: 22243 ns, At safepoint: 58028 ns, Total: 136886 ns
[2025-01-17T09:44:16.630+0000][78][info ][safepoint   ] Safepoint "Cleanup", Time since last: 1035280234 ns, Reaching safepoint: 10697 ns, Cleanup: 8076 ns, At safepoint: 17203 ns, Total: 35976 ns
[2025-01-17T09:44:20.586+0000][78][info ][safepoint   ] Safepoint "Cleanup", Time since last: 3959346498 ns, Reaching safepoint: 11316 ns, Cleanup: 9033 ns, At safepoint: 4837 ns, Total: 25186 ns
[2025-01-17T09:44:21.639+0000][78][info ][safepoint   ] Safepoint "Cleanup", Time since last: 1052772498 ns, Reaching safepoint: 27695 ns, Cleanup: 11562 ns, At safepoint: 5510 ns, Total: 44767 ns
[2025-01-17T09:44:33.723+0000][78][info ][safepoint   ] Safepoint "Cleanup", Time since last: 12083947118 ns, Reaching safepoint: 155407 ns, Cleanup: 17957 ns, At safepoint: 7195 ns, Total: 180559 ns
[2025-01-17T09:44:35.724+0000][78][info ][safepoint   ] Safepoint "Cleanup", Time since last: 2001054345 ns, Reaching safepoint: 64920 ns, Cleanup: 28180 ns, At safepoint: 18920 ns, Total: 112020 ns
[2025-01-17T09:44:38.742+0000][78][info ][safepoint   ] Safepoint "Cleanup", Time since last: 3017614664 ns, Reaching safepoint: 11303 ns, Cleanup: 7627 ns, At safepoint: 17464 ns, Total: 36394 ns
[2025-01-17T09:44:44.764+0000][78][info ][safepoint   ] Safepoint "Cleanup", Time since last: 6022073328 ns, Reaching safepoint: 46156 ns, Cleanup: 17547 ns, At safepoint: 9629 ns, Total: 73332 ns
[2025-01-17T09:44:45.797+0000][78][info ][safepoint   ] Safepoint "Cleanup", Time since last: 1033477792 ns, Reaching safepoint: 19179 ns, Cleanup: 13646 ns, At safepoint: 11673 ns, Total: 44498 ns
[2025-01-17T09:44:47.809+0000][78][info ][safepoint   ] Safepoint "Cleanup", Time since last: 2011824796 ns, Reaching safepoint: 31504 ns, Cleanup: 14486 ns, At safepoint: 6534 ns, Total: 52524 ns
[2025-01-17T09:44:48.810+0000][78][info ][safepoint   ] Safepoint "Cleanup", Time since last: 1000982509 ns, Reaching safepoint: 47146 ns, Cleanup: 22584 ns, At safepoint: 11939 ns, Total: 81669 ns
[2025-01-17T09:44:53.830+0000][78][info ][safepoint   ] Safepoint "Cleanup", Time since last: 5022276267 ns, Reaching safepoint: 61847 ns, Cleanup: 56744 ns, At safepoint: 18654 ns, Total: 137245 ns
[2025-01-17T09:44:56.521+0000][78][info ][safepoint   ] Safepoint "Cleanup", Time since last: 2690470970 ns, Reaching safepoint: 97299 ns, Cleanup: 7870 ns, At safepoint: 48372 ns, Total: 153541 ns
[2025-01-17T09:44:57.852+0000][78][info ][safepoint   ] Safepoint "Cleanup", Time since last: 1331022577 ns, Reaching safepoint: 59738 ns, Cleanup: 25835 ns, At safepoint: 15965 ns, Total: 101538 ns
[2025-01-17T09:44:58.854+0000][78][info ][safepoint   ] Safepoint "Cleanup", Time since last: 1001536180 ns, Reaching safepoint: 98638 ns, Cleanup: 23995 ns, At safepoint: 18150 ns, Total: 140783 ns
[2025-01-17T09:44:59.855+0000][78][info ][safepoint   ] Safepoint "Cleanup", Time since last: 1001262121 ns, Reaching safepoint: 57055 ns, Cleanup: 23434 ns, At safepoint: 14172 ns, Total: 94661 ns
[2025-01-17T09:45:01.857+0000][78][info ][safepoint   ] Safepoint "Cleanup", Time since last: 2001286790 ns, Reaching safepoint: 56857 ns, Cleanup: 23581 ns, At safepoint: 13597 ns, Total: 94035 ns
[2025-01-17T09:45:02.862+0000][78][info ][safepoint   ] Safepoint "Cleanup", Time since last: 1005547666 ns, Reaching safepoint: 12035 ns, Cleanup: 9824 ns, At safepoint: 19007 ns, Total: 40866 ns
[2025-01-17T09:45:03.870+0000][78][info ][safepoint   ] Safepoint "Cleanup", Time since last: 1007753117 ns, Reaching safepoint: 48585 ns, Cleanup: 34385 ns, At safepoint: 12232 ns, Total: 95202 ns
[2025-01-17T09:45:08.541+0000][78][info ][safepoint   ] Safepoint "Cleanup", Time since last: 4670400244 ns, Reaching safepoint: 25055 ns, Cleanup: 16208 ns, At safepoint: 37073 ns, Total: 78336 ns
[2025-01-17T09:45:09.902+0000][78][info ][safepoint   ] Safepoint "Cleanup", Time since last: 1361051783 ns, Reaching safepoint: 33706 ns, Cleanup: 14512 ns, At safepoint: 5918 ns, Total: 54136 ns
[2025-01-17T09:45:14.740+0000][78][info ][safepoint   ] Safepoint "Cleanup", Time since last: 4838658879 ns, Reaching safepoint: 96967 ns, Cleanup: 7463 ns, At safepoint: 41076 ns, Total: 145506 ns
[2025-01-17T09:45:15.929+0000][78][info ][safepoint   ] Safepoint "Cleanup", Time since last: 1188165846 ns, Reaching safepoint: 42447 ns, Cleanup: 20898 ns, At safepoint: 11864 ns, Total: 75209 ns
[2025-01-17T09:45:23.972+0000][78][info ][safepoint   ] Safepoint "Cleanup", Time since last: 8044856846 ns, Reaching safepoint: 47323 ns, Cleanup: 18602 ns, At safepoint: 10885 ns, Total: 76810 ns
[2025-01-17T09:45:26.548+0000][78][info ][safepoint   ] Safepoint "Cleanup", Time since last: 2575979330 ns, Reaching safepoint: 17587 ns, Cleanup: 16726 ns, At safepoint: 8853 ns, Total: 43166 ns
[2025-01-17T09:45:32.527+0000][78][info ][safepoint   ] Safepoint "Cleanup", Time since last: 5979024522 ns, Reaching safepoint: 24560 ns, Cleanup: 8552 ns, At safepoint: 4672 ns, Total: 37784 ns
[2025-01-17T09:45:36.021+0000][78][info ][safepoint   ] Safepoint "Cleanup", Time since last: 3493491916 ns, Reaching safepoint: 49818 ns, Cleanup: 22782 ns, At safepoint: 13833 ns, Total: 86433 ns
[2025-01-17T09:45:42.048+0000][78][info ][safepoint   ] Safepoint "Cleanup", Time since last: 6027101902 ns, Reaching safepoint: 31658 ns, Cleanup: 14319 ns, At safepoint: 5831 ns, Total: 51808 ns
[2025-01-17T09:45:43.049+0000][78][info ][safepoint   ] Safepoint "Cleanup", Time since last: 1000881126 ns, Reaching safepoint: 49747 ns, Cleanup: 20957 ns, At safepoint: 11517 ns, Total: 82221 ns
[2025-01-17T09:45:44.537+0000][78][info ][safepoint   ] Safepoint "Cleanup", Time since last: 1487377683 ns, Reaching safepoint: 17927 ns, Cleanup: 15157 ns, At safepoint: 9028 ns, Total: 42112 ns
[2025-01-17T09:45:46.082+0000][78][info ][safepoint   ] Safepoint "Cleanup", Time since last: 1544922760 ns, Reaching safepoint: 63540 ns, Cleanup: 15918 ns, At safepoint: 7013 ns, Total: 86471 ns
[2025-01-17T09:45:48.083+0000][78][info ][safepoint   ] Safepoint "Cleanup", Time since last: 2001216341 ns, Reaching safepoint: 119254 ns, Cleanup: 31666 ns, At safepoint: 19663 ns, Total: 170583 ns
[2025-01-17T09:45:50.519+0000][78][info ][safepoint   ] Safepoint "Cleanup", Time since last: 2438081824 ns, Reaching safepoint: 11529 ns, Cleanup: 9535 ns, At safepoint: 4485 ns, Total: 25549 ns
[2025-01-17T09:45:52.116+0000][78][info ][safepoint   ] Safepoint "Cleanup", Time since last: 1597161417 ns, Reaching safepoint: 68609 ns, Cleanup: 55988 ns, At safepoint: 19950 ns, Total: 144547 ns
[2025-01-17T09:45:54.118+0000][78][info ][safepoint   ] Safepoint "Cleanup", Time since last: 2001702683 ns, Reaching safepoint: 46217 ns, Cleanup: 26508 ns, At safepoint: 9233 ns, Total: 81958 ns
[2025-01-17T09:45:56.520+0000][78][info ][safepoint   ] Safepoint "Cleanup", Time since last: 2402030286 ns, Reaching safepoint: 10756 ns, Cleanup: 6747 ns, At safepoint: 18467 ns, Total: 35970 ns
[2025-01-17T09:45:58.132+0000][78][info ][safepoint   ] Safepoint "Cleanup", Time since last: 1612581600 ns, Reaching safepoint: 62773 ns, Cleanup: 20927 ns, At safepoint: 12506 ns, Total: 96206 ns
[2025-01-17T09:46:02.528+0000][78][info ][safepoint   ] Safepoint "Cleanup", Time since last: 4395304916 ns, Reaching safepoint: 100041 ns, Cleanup: 8947 ns, At safepoint: 23352 ns, Total: 132340 ns
[2025-01-17T09:46:14.538+0000][78][info ][safepoint   ] Safepoint "Cleanup", Time since last: 12009625040 ns, Reaching safepoint: 9617 ns, Cleanup: 6476 ns, At safepoint: 17388 ns, Total: 33481 ns
[2025-01-17T09:46:16.234+0000][78][info ][safepoint   ] Safepoint "Cleanup", Time since last: 1695920993 ns, Reaching safepoint: 117085 ns, Cleanup: 32176 ns, At safepoint: 26203 ns, Total: 175464 ns
[2025-01-17T09:46:20.544+0000][78][info ][safepoint   ] Safepoint "Cleanup", Time since last: 4312726833 ns, Reaching safepoint: 15607 ns, Cleanup: 7123 ns, At safepoint: 17732 ns, Total: 40462 ns
[2025-01-17T09:46:22.266+0000][78][info ][safepoint   ] Safepoint "Cleanup", Time since last: 1721302896 ns, Reaching safepoint: 44482 ns, Cleanup: 19420 ns, At safepoint: 9902 ns, Total: 73804 ns
[2025-01-17T09:46:27.285+0000][78][info ][safepoint   ] Safepoint "Cleanup", Time since last: 5019610788 ns, Reaching safepoint: 15114 ns, Cleanup: 16226 ns, At safepoint: 6848 ns, Total: 38188 ns
[2025-01-17T09:46:32.549+0000][78][info ][safepoint   ] Safepoint "Cleanup", Time since last: 5263572210 ns, Reaching safepoint: 22354 ns, Cleanup: 7257 ns, At safepoint: 4679 ns, Total: 34290 ns
[2025-01-17T09:46:34.314+0000][78][info ][safepoint   ] Safepoint "Cleanup", Time since last: 1764657072 ns, Reaching safepoint: 28844 ns, Cleanup: 13199 ns, At safepoint: 5932 ns, Total: 47975 ns
[2025-01-17T09:46:39.330+0000][78][info ][safepoint   ] Safepoint "Cleanup", Time since last: 5016445987 ns, Reaching safepoint: 19323 ns, Cleanup: 11957 ns, At safepoint: 9015 ns, Total: 40295 ns
[2025-01-17T09:46:44.343+0000][78][info ][safepoint   ] Safepoint "Cleanup", Time since last: 5012844199 ns, Reaching safepoint: 29485 ns, Cleanup: 13835 ns, At safepoint: 6106 ns, Total: 49426 ns
[2025-01-17T09:46:45.364+0000][78][info ][safepoint   ] Safepoint "Cleanup", Time since last: 1020745520 ns, Reaching safepoint: 143261 ns, Cleanup: 20777 ns, At safepoint: 118721 ns, Total: 282759 ns
[2025-01-17T09:46:58.436+0000][78][info ][safepoint   ] Safepoint "Cleanup", Time since last: 13073079502 ns, Reaching safepoint: 225272 ns, Cleanup: 25137 ns, At safepoint: 15364 ns, Total: 265773 ns
[2025-01-17T09:47:00.437+0000][78][info ][safepoint   ] Safepoint "Cleanup", Time since last: 2001362691 ns, Reaching safepoint: 32304 ns, Cleanup: 18932 ns, At safepoint: 5488 ns, Total: 56724 ns
[2025-01-17T09:47:03.456+0000][78][info ][safepoint   ] Safepoint "Cleanup", Time since last: 3018587038 ns, Reaching safepoint: 43492 ns, Cleanup: 13632 ns, At safepoint: 47706 ns, Total: 104830 ns
[2025-01-17T09:47:11.515+0000][78][info ][safepoint   ] Safepoint "Cleanup", Time since last: 8059248532 ns, Reaching safepoint: 38556 ns, Cleanup: 16783 ns, At safepoint: 10550 ns, Total: 65889 ns
[2025-01-17T09:47:14.572+0000][78][info ][safepoint   ] Safepoint "Cleanup", Time since last: 3056333991 ns, Reaching safepoint: 114537 ns, Cleanup: 15224 ns, At safepoint: 62822 ns, Total: 192583 ns
[2025-01-17T09:47:15.572+0000][78][info ][safepoint   ] Safepoint "Cleanup", Time since last: 1000585609 ns, Reaching safepoint: 15193 ns, Cleanup: 24971 ns, At safepoint: 17483 ns, Total: 57647 ns
[2025-01-17T09:47:19.581+0000][78][info ][safepoint   ] Safepoint "Cleanup", Time since last: 4008610155 ns, Reaching safepoint: 120656 ns, Cleanup: 28210 ns, At safepoint: 16694 ns, Total: 165560 ns
[2025-01-17T09:47:20.584+0000][78][info ][safepoint   ] Safepoint "Cleanup", Time since last: 1005674165 ns, Reaching safepoint: 89776 ns, Cleanup: 7668 ns, At safepoint: 18054 ns, Total: 115498 ns
[2025-01-17T09:47:26.545+0000][78][info ][safepoint   ] Safepoint "Cleanup", Time since last: 5960552911 ns, Reaching safepoint: 14174 ns, Cleanup: 8646 ns, At safepoint: 7036 ns, Total: 29856 ns
[2025-01-17T09:47:41.700+0000][78][info ][safepoint   ] Safepoint "Cleanup", Time since last: 15155092445 ns, Reaching safepoint: 58459 ns, Cleanup: 23772 ns, At safepoint: 13206 ns, Total: 95437 ns
[2025-01-17T09:47:44.543+0000][78][info ][safepoint   ] Safepoint "Cleanup", Time since last: 2843486149 ns, Reaching safepoint: 17192 ns, Cleanup: 16490 ns, At safepoint: 8746 ns, Total: 42428 ns
[2025-01-17T09:47:53.823+0000][78][info ][safepoint   ] Safepoint "Cleanup", Time since last: 9281709939 ns, Reaching safepoint: 93973 ns, Cleanup: 36044 ns, At safepoint: 12240 ns, Total: 142257 ns
[2025-01-17T09:47:56.841+0000][78][info ][safepoint   ] Safepoint "Cleanup", Time since last: 3018117979 ns, Reaching safepoint: 18192 ns, Cleanup: 16652 ns, At safepoint: 38612 ns, Total: 73456 ns
[2025-01-17T09:48:02.534+0000][78][info ][safepoint   ] Safepoint "Cleanup", Time since last: 5692705497 ns, Reaching safepoint: 14476 ns, Cleanup: 10344 ns, At safepoint: 6511 ns, Total: 31331 ns
[2025-01-17T09:48:03.888+0000][78][info ][safepoint   ] Safepoint "Cleanup", Time since last: 1354345494 ns, Reaching safepoint: 95370 ns, Cleanup: 38117 ns, At safepoint: 13239 ns, Total: 146726 ns
[2025-01-17T09:48:05.899+0000][78][info ][safepoint   ] Safepoint "Cleanup", Time since last: 2010647259 ns, Reaching safepoint: 19376 ns, Cleanup: 19296 ns, At safepoint: 37994 ns, Total: 76666 ns
[2025-01-17T09:48:06.929+0000][78][info ][safepoint   ] Safepoint "Cleanup", Time since last: 1029907321 ns, Reaching safepoint: 19160 ns, Cleanup: 15072 ns, At safepoint: 9161 ns, Total: 43393 ns
[2025-01-17T09:48:14.991+0000][78][info ][safepoint   ] Safepoint "Cleanup", Time since last: 8062282397 ns, Reaching safepoint: 13684 ns, Cleanup: 8984 ns, At safepoint: 17387 ns, Total: 40055 ns
[2025-01-17T09:48:36.065+0000][78][info ][safepoint   ] Safepoint "Cleanup", Time since last: 21077144030 ns, Reaching safepoint: 92028 ns, Cleanup: 18064 ns, At safepoint: 9965 ns, Total: 120057 ns
[2025-01-17T09:48:38.535+0000][78][info ][safepoint   ] Safepoint "Cleanup", Time since last: 2470196131 ns, Reaching safepoint: 18394 ns, Cleanup: 11824 ns, At safepoint: 9774 ns, Total: 39992 ns
[2025-01-17T09:48:41.085+0000][78][info ][safepoint   ] Safepoint "Cleanup", Time since last: 2549949816 ns, Reaching safepoint: 50266 ns, Cleanup: 20206 ns, At safepoint: 13030 ns, Total: 83502 ns
[2025-01-17T09:48:44.527+0000][78][info ][safepoint   ] Safepoint "Cleanup", Time since last: 3441747234 ns, Reaching safepoint: 19246 ns, Cleanup: 13619 ns, At safepoint: 9443 ns, Total: 42308 ns
[2025-01-17T09:48:49.106+0000][78][info ][safepoint   ] Safepoint "Cleanup", Time since last: 4579635333 ns, Reaching safepoint: 89784 ns, Cleanup: 21250 ns, At safepoint: 15687 ns, Total: 126721 ns
[2025-01-17T09:48:50.532+0000][78][info ][safepoint   ] Safepoint "Cleanup", Time since last: 1426309676 ns, Reaching safepoint: 10766 ns, Cleanup: 9281 ns, At safepoint: 5414 ns, Total: 25461 ns
[2025-01-17T09:48:52.142+0000][78][info ][safepoint   ] Safepoint "Cleanup", Time since last: 1609298121 ns, Reaching safepoint: 21208 ns, Cleanup: 16037 ns, At safepoint: 41529 ns, Total: 78774 ns
[2025-01-17T09:48:54.155+0000][78][info ][safepoint   ] Safepoint "Cleanup", Time since last: 2012662135 ns, Reaching safepoint: 63512 ns, Cleanup: 28617 ns, At safepoint: 13146 ns, Total: 105275 ns
[2025-01-17T09:48:56.157+0000][78][info ][safepoint   ] Safepoint "Cleanup", Time since last: 2001897031 ns, Reaching safepoint: 50146 ns, Cleanup: 21592 ns, At safepoint: 11617 ns, Total: 83355 ns
[2025-01-17T09:49:01.167+0000][78][info ][safepoint   ] Safepoint "Cleanup", Time since last: 5009952618 ns, Reaching safepoint: 47867 ns, Cleanup: 18239 ns, At safepoint: 10629 ns, Total: 76735 ns
[2025-01-17T09:49:02.531+0000][78][info ][safepoint   ] Safepoint "Cleanup", Time since last: 1364595334 ns, Reaching safepoint: 11195 ns, Cleanup: 6413 ns, At safepoint: 20168 ns, Total: 37776 ns
[2025-01-17T09:49:04.180+0000][78][info ][safepoint   ] Safepoint "Cleanup", Time since last: 1649062109 ns, Reaching safepoint: 45711 ns, Cleanup: 19181 ns, At safepoint: 11558 ns, Total: 76450 ns
[2025-01-17T09:49:09.194+0000][78][info ][safepoint   ] Safepoint "Cleanup", Time since last: 5013223479 ns, Reaching safepoint: 36073 ns, Cleanup: 10988 ns, At safepoint: 6196 ns, Total: 53257 ns
[2025-01-17T09:49:14.205+0000][78][info ][safepoint   ] Safepoint "Cleanup", Time since last: 5011124672 ns, Reaching safepoint: 49849 ns, Cleanup: 21152 ns, At safepoint: 9777 ns, Total: 80778 ns
[2025-01-17T09:49:15.217+0000][78][info ][safepoint   ] Safepoint "Cleanup", Time since last: 1012541677 ns, Reaching safepoint: 19105 ns, Cleanup: 11701 ns, At safepoint: 9138 ns, Total: 39944 ns
[2025-01-17T09:49:20.606+0000][78][info ][safepoint   ] Safepoint "Cleanup", Time since last: 5390654469 ns, Reaching safepoint: 11348 ns, Cleanup: 7653 ns, At safepoint: 18486 ns, Total: 37487 ns
[2025-01-17T09:49:22.267+0000][78][info ][safepoint   ] Safepoint "Cleanup", Time since last: 1660746792 ns, Reaching safepoint: 42019 ns, Cleanup: 20660 ns, At safepoint: 9916 ns, Total: 72595 ns
[2025-01-17T09:49:30.285+0000][78][info ][safepoint   ] Safepoint "Cleanup", Time since last: 8018562532 ns, Reaching safepoint: 44444 ns, Cleanup: 20165 ns, At safepoint: 9819 ns, Total: 74428 ns
[2025-01-17T09:49:36.305+0000][78][info ][safepoint   ] Safepoint "Cleanup", Time since last: 6020191298 ns, Reaching safepoint: 61840 ns, Cleanup: 18763 ns, At safepoint: 6809 ns, Total: 87412 ns
[2025-01-17T09:49:44.336+0000][78][info ][safepoint   ] Safepoint "Cleanup", Time since last: 8030119323 ns, Reaching safepoint: 48123 ns, Cleanup: 20053 ns, At safepoint: 10282 ns, Total: 78458 ns
[2025-01-17T09:49:45.357+0000][78][info ][safepoint   ] Safepoint "Cleanup", Time since last: 1020879641 ns, Reaching safepoint: 18526 ns, Cleanup: 14117 ns, At safepoint: 8612 ns, Total: 41255 ns
[2025-01-17T09:49:50.532+0000][78][info ][safepoint   ] Safepoint "Cleanup", Time since last: 5177380527 ns, Reaching safepoint: 13749 ns, Cleanup: 6991 ns, At safepoint: 20930 ns, Total: 41670 ns
[2025-01-17T09:49:52.407+0000][78][info ][safepoint   ] Safepoint "Cleanup", Time since last: 1874921421 ns, Reaching safepoint: 47663 ns, Cleanup: 28850 ns, At safepoint: 9532 ns, Total: 86045 ns
[2025-01-17T09:49:53.408+0000][78][info ][safepoint   ] Safepoint "Cleanup", Time since last: 1000882817 ns, Reaching safepoint: 36044 ns, Cleanup: 14904 ns, At safepoint: 7280 ns, Total: 58228 ns
[2025-01-17T09:49:56.528+0000][78][info ][safepoint   ] Safepoint "Cleanup", Time since last: 3120082960 ns, Reaching safepoint: 18076 ns, Cleanup: 9363 ns, At safepoint: 6018 ns, Total: 33457 ns
[2025-01-17T09:49:58.424+0000][78][info ][safepoint   ] Safepoint "Cleanup", Time since last: 1896720319 ns, Reaching safepoint: 47610 ns, Cleanup: 14990 ns, At safepoint: 6115 ns, Total: 68715 ns
[2025-01-17T09:49:59.425+0000][78][info ][safepoint   ] Safepoint "Cleanup", Time since last: 1000921587 ns, Reaching safepoint: 56251 ns, Cleanup: 14202 ns, At safepoint: 6204 ns, Total: 76657 ns
[2025-01-17T09:50:03.435+0000][78][info ][safepoint   ] Safepoint "Cleanup", Time since last: 4009793791 ns, Reaching safepoint: 19469 ns, Cleanup: 8339 ns, At safepoint: 5103 ns, Total: 32911 ns
[2025-01-17T09:50:05.447+0000][78][info ][safepoint   ] Safepoint "Cleanup", Time since last: 2011844150 ns, Reaching safepoint: 55378 ns, Cleanup: 63223 ns, At safepoint: 7462 ns, Total: 126063 ns
[2025-01-17T09:50:06.448+0000][78][info ][safepoint   ] Safepoint "Cleanup", Time since last: 1000913816 ns, Reaching safepoint: 65928 ns, Cleanup: 28927 ns, At safepoint: 6148 ns, Total: 101003 ns
[2025-01-17T09:50:09.459+0000][78][info ][safepoint   ] Safepoint "Cleanup", Time since last: 3010812333 ns, Reaching safepoint: 12332 ns, Cleanup: 14015 ns, At safepoint: 20967 ns, Total: 47314 ns
[2025-01-17T09:50:10.480+0000][78][info ][safepoint   ] Safepoint "Cleanup", Time since last: 1020385226 ns, Reaching safepoint: 29106 ns, Cleanup: 54476 ns, At safepoint: 6401 ns, Total: 89983 ns
[2025-01-17T09:50:11.480+0000][78][info ][safepoint   ] Safepoint "Cleanup", Time since last: 1000445770 ns, Reaching safepoint: 28906 ns, Cleanup: 16486 ns, At safepoint: 5726 ns, Total: 51118 ns
[2025-01-17T09:50:12.481+0000][78][info ][safepoint   ] Safepoint "Cleanup", Time since last: 1000669169 ns, Reaching safepoint: 66173 ns, Cleanup: 27707 ns, At safepoint: 13458 ns, Total: 107338 ns
[2025-01-17T09:50:13.484+0000][78][info ][safepoint   ] Safepoint "Cleanup", Time since last: 1002731942 ns, Reaching safepoint: 51777 ns, Cleanup: 30237 ns, At safepoint: 12985 ns, Total: 94999 ns
[2025-01-17T09:50:14.546+0000][78][info ][safepoint   ] Safepoint "Cleanup", Time since last: 1062268698 ns, Reaching safepoint: 19213 ns, Cleanup: 11682 ns, At safepoint: 10009 ns, Total: 40904 ns
[2025-01-17T09:50:15.554+0000][78][info ][safepoint   ] Safepoint "Cleanup", Time since last: 1007882161 ns, Reaching safepoint: 9227 ns, Cleanup: 15219 ns, At safepoint: 4916 ns, Total: 29362 ns
[2025-01-17T09:50:17.552+0000][78][info ][safepoint   ] Safepoint "Cleanup", Time since last: 1997794940 ns, Reaching safepoint: 28709 ns, Cleanup: 12431 ns, At safepoint: 5660 ns, Total: 46800 ns
[2025-01-17T09:50:19.553+0000][78][info ][safepoint   ] Safepoint "Cleanup", Time since last: 2000746117 ns, Reaching safepoint: 112566 ns, Cleanup: 19652 ns, At safepoint: 11388 ns, Total: 143606 ns
[2025-01-17T09:50:20.735+0000][78][info ][safepoint   ] Safepoint "Cleanup", Time since last: 1184536341 ns, Reaching safepoint: 17358 ns, Cleanup: 13868 ns, At safepoint: 9232 ns, Total: 40458 ns
[2025-01-17T09:50:22.565+0000][78][info ][safepoint   ] Safepoint "Cleanup", Time since last: 1830378018 ns, Reaching safepoint: 76058 ns, Cleanup: 26994 ns, At safepoint: 10988 ns, Total: 114040 ns
[2025-01-17T09:50:26.004+0000][78][info ][safepoint   ] Safepoint "Cleanup", Time since last: 3438690521 ns, Reaching safepoint: 17599 ns, Cleanup: 20827 ns, At safepoint: 9853 ns, Total: 48279 ns
[2025-01-17T09:50:27.552+0000][78][info ][safepoint   ] Safepoint "Cleanup", Time since last: 1547946302 ns, Reaching safepoint: 46055 ns, Cleanup: 22879 ns, At safepoint: 11586 ns, Total: 80520 ns
[2025-01-17T09:50:29.589+0000][78][info ][safepoint   ] Safepoint "Cleanup", Time since last: 2037396910 ns, Reaching safepoint: 48511 ns, Cleanup: 23843 ns, At safepoint: 10860 ns, Total: 83214 ns
[2025-01-17T09:50:31.591+0000][78][info ][safepoint   ] Safepoint "Cleanup", Time since last: 2001612767 ns, Reaching safepoint: 41129 ns, Cleanup: 17337 ns, At safepoint: 9795 ns, Total: 68261 ns
[2025-01-17T09:50:33.563+0000][78][info ][safepoint   ] Safepoint "Cleanup", Time since last: 1971734268 ns, Reaching safepoint: 37987 ns, Cleanup: 18947 ns, At safepoint: 9426 ns, Total: 66360 ns
[2025-01-17T09:50:50.587+0000][78][info ][safepoint   ] Safepoint "Cleanup", Time since last: 17025597938 ns, Reaching safepoint: 268639 ns, Cleanup: 11850 ns, At safepoint: 28872 ns, Total: 309361 ns
[2025-01-17T09:50:51.750+0000][78][info ][safepoint   ] Safepoint "Cleanup", Time since last: 1163596678 ns, Reaching safepoint: 33468 ns, Cleanup: 12652 ns, At safepoint: 6144 ns, Total: 52264 ns
[2025-01-17T09:50:53.752+0000][78][info ][safepoint   ] Safepoint "Cleanup", Time since last: 2001167996 ns, Reaching safepoint: 78585 ns, Cleanup: 28904 ns, At safepoint: 11770 ns, Total: 119259 ns
[2025-01-17T09:50:58.773+0000][78][info ][safepoint   ] Safepoint "Cleanup", Time since last: 5021591237 ns, Reaching safepoint: 30875 ns, Cleanup: 14589 ns, At safepoint: 6405 ns, Total: 51869 ns
[2025-01-17T09:51:01.774+0000][78][info ][safepoint   ] Safepoint "Cleanup", Time since last: 3000773401 ns, Reaching safepoint: 34515 ns, Cleanup: 24210 ns, At safepoint: 6600 ns, Total: 65325 ns
[2025-01-17T09:51:02.789+0000][78][info ][safepoint   ] Safepoint "Cleanup", Time since last: 1014830656 ns, Reaching safepoint: 11660 ns, Cleanup: 11486 ns, At safepoint: 21377 ns, Total: 44523 ns
[2025-01-17T09:51:08.808+0000][78][info ][safepoint   ] Safepoint "Cleanup", Time since last: 6018870808 ns, Reaching safepoint: 11531 ns, Cleanup: 8698 ns, At safepoint: 19111 ns, Total: 39340 ns
[2025-01-17T09:51:09.817+0000][78][info ][safepoint   ] Safepoint "Cleanup", Time since last: 1008478214 ns, Reaching safepoint: 34691 ns, Cleanup: 15115 ns, At safepoint: 6106 ns, Total: 55912 ns
[2025-01-17T09:51:12.818+0000][78][info ][safepoint   ] Safepoint "Cleanup", Time since last: 3000980933 ns, Reaching safepoint: 36589 ns, Cleanup: 18246 ns, At safepoint: 6378 ns, Total: 61213 ns
[2025-01-17T09:51:14.533+0000][78][info ][safepoint   ] Safepoint "Cleanup", Time since last: 1715431923 ns, Reaching safepoint: 11223 ns, Cleanup: 26423 ns, At safepoint: 20428 ns, Total: 58074 ns
[2025-01-17T09:51:15.853+0000][78][info ][safepoint   ] Safepoint "Cleanup", Time since last: 1320339415 ns, Reaching safepoint: 10821 ns, Cleanup: 14567 ns, At safepoint: 20327 ns, Total: 45715 ns
[2025-01-17T09:51:19.863+0000][78][info ][safepoint   ] Safepoint "Cleanup", Time since last: 4009323803 ns, Reaching safepoint: 33735 ns, Cleanup: 25037 ns, At safepoint: 6100 ns, Total: 64872 ns
[2025-01-17T09:51:20.868+0000][78][info ][safepoint   ] Safepoint "Cleanup", Time since last: 1006579782 ns, Reaching safepoint: 309981 ns, Cleanup: 35350 ns, At safepoint: 171951 ns, Total: 517282 ns
[2025-01-17T09:51:22.191+0000][78][info ][safepoint   ] Safepoint "Cleanup", Time since last: 1322524117 ns, Reaching safepoint: 35064 ns, Cleanup: 122042 ns, At safepoint: 9197 ns, Total: 166303 ns
[2025-01-17T09:51:24.192+0000][78][info ][safepoint   ] Safepoint "Cleanup", Time since last: 2000978504 ns, Reaching safepoint: 59419 ns, Cleanup: 16092 ns, At safepoint: 7202 ns, Total: 82713 ns
[2025-01-17T09:51:26.561+0000][78][info ][safepoint   ] Safepoint "Cleanup", Time since last: 2369445559 ns, Reaching safepoint: 19873 ns, Cleanup: 23184 ns, At safepoint: 36597 ns, Total: 79654 ns
[2025-01-17T09:51:27.932+0000][78][info ][safepoint   ] Safepoint "Cleanup", Time since last: 1370787554 ns, Reaching safepoint: 16683 ns, Cleanup: 15465 ns, At safepoint: 8606 ns, Total: 40754 ns
[2025-01-17T09:51:32.955+0000][78][info ][safepoint   ] Safepoint "Cleanup", Time since last: 5022602723 ns, Reaching safepoint: 15701 ns, Cleanup: 10241 ns, At safepoint: 21400 ns, Total: 47342 ns
[2025-01-17T09:51:38.530+0000][78][info ][safepoint   ] Safepoint "Cleanup", Time since last: 5574393242 ns, Reaching safepoint: 223796 ns, Cleanup: 13198 ns, At safepoint: 67157 ns, Total: 304151 ns
[2025-01-17T09:51:39.990+0000][78][info ][safepoint   ] Safepoint "Cleanup", Time since last: 1459858681 ns, Reaching safepoint: 46215 ns, Cleanup: 20534 ns, At safepoint: 12005 ns, Total: 78754 ns
[2025-01-17T09:51:48.015+0000][78][info ][safepoint   ] Safepoint "Cleanup", Time since last: 8024995480 ns, Reaching safepoint: 52945 ns, Cleanup: 24637 ns, At safepoint: 6932 ns, Total: 84514 ns
[2025-01-17T09:51:51.026+0000][78][info ][safepoint   ] Safepoint "Cleanup", Time since last: 3014107361 ns, Reaching safepoint: 19520 ns, Cleanup: 14232 ns, At safepoint: 9466 ns, Total: 43218 ns
[2025-01-17T09:51:53.729+0000][78][info ][safepoint   ] Safepoint "Cleanup", Time since last: 2703074677 ns, Reaching safepoint: 11077 ns, Cleanup: 15114 ns, At safepoint: 5023 ns, Total: 31214 ns
[2025-01-17T09:51:54.731+0000][78][info ][safepoint   ] Safepoint "Cleanup", Time since last: 1001644912 ns, Reaching safepoint: 32017 ns, Cleanup: 31787 ns, At safepoint: 7315 ns, Total: 71119 ns
[2025-01-17T09:51:56.545+0000][78][info ][safepoint   ] Safepoint "Cleanup", Time since last: 1814066819 ns, Reaching safepoint: 17415 ns, Cleanup: 13177 ns, At safepoint: 9329 ns, Total: 39921 ns
[2025-01-17T09:51:58.077+0000][78][info ][safepoint   ] Safepoint "Cleanup", Time since last: 1532600427 ns, Reaching safepoint: 9515 ns, Cleanup: 19928 ns, At safepoint: 5053 ns, Total: 34496 ns
[2025-01-17T09:52:03.103+0000][78][info ][safepoint   ] Safepoint "Cleanup", Time since last: 5025008316 ns, Reaching safepoint: 18005 ns, Cleanup: 16047 ns, At safepoint: 38671 ns, Total: 72723 ns
[2025-01-17T09:52:08.115+0000][78][info ][safepoint   ] Safepoint "Cleanup", Time since last: 5012482814 ns, Reaching safepoint: 31593 ns, Cleanup: 14423 ns, At safepoint: 6094 ns, Total: 52110 ns
[2025-01-17T09:52:09.143+0000][78][info ][safepoint   ] Safepoint "Cleanup", Time since last: 1027480485 ns, Reaching safepoint: 66492 ns, Cleanup: 29003 ns, At safepoint: 59931 ns, Total: 155426 ns
[2025-01-17T09:52:19.193+0000][78][info ][safepoint   ] Safepoint "Cleanup", Time since last: 10050286293 ns, Reaching safepoint: 51770 ns, Cleanup: 19809 ns, At safepoint: 12044 ns, Total: 83623 ns
[2025-01-17T09:52:20.529+0000][78][info ][safepoint   ] Safepoint "Cleanup", Time since last: 1338913967 ns, Reaching safepoint: 12416 ns, Cleanup: 9817 ns, At safepoint: 33457 ns, Total: 55690 ns
[2025-01-17T09:52:22.237+0000][78][info ][safepoint   ] Safepoint "Cleanup", Time since last: 1707385985 ns, Reaching safepoint: 62883 ns, Cleanup: 32320 ns, At safepoint: 17345 ns, Total: 112548 ns
[2025-01-17T09:52:24.239+0000][78][info ][safepoint   ] Safepoint "Cleanup", Time since last: 2002158909 ns, Reaching safepoint: 74880 ns, Cleanup: 18533 ns, At safepoint: 8218 ns, Total: 101631 ns
[2025-01-17T09:52:26.584+0000][78][info ][safepoint   ] Safepoint "Cleanup", Time since last: 2344713218 ns, Reaching safepoint: 12141 ns, Cleanup: 6437 ns, At safepoint: 6154 ns, Total: 24732 ns
[2025-01-17T09:52:28.277+0000][78][info ][safepoint   ] Safepoint "Cleanup", Time since last: 1693325056 ns, Reaching safepoint: 47172 ns, Cleanup: 31578 ns, At safepoint: 13881 ns, Total: 92631 ns
[2025-01-17T09:52:30.281+0000][78][info ][safepoint   ] Safepoint "Cleanup", Time since last: 2004032467 ns, Reaching safepoint: 54843 ns, Cleanup: 55041 ns, At safepoint: 15684 ns, Total: 125568 ns
[2025-01-17T09:52:32.541+0000][78][info ][safepoint   ] Safepoint "Cleanup", Time since last: 2259489670 ns, Reaching safepoint: 16176 ns, Cleanup: 12307 ns, At safepoint: 8603 ns, Total: 37086 ns
[2025-01-17T09:52:36.296+0000][78][info ][safepoint   ] Safepoint "Cleanup", Time since last: 3754961693 ns, Reaching safepoint: 45434 ns, Cleanup: 21749 ns, At safepoint: 10817 ns, Total: 78000 ns
[2025-01-17T09:52:38.529+0000][78][info ][safepoint   ] Safepoint "Cleanup", Time since last: 2232440401 ns, Reaching safepoint: 11549 ns, Cleanup: 13929 ns, At safepoint: 31270 ns, Total: 56748 ns
[2025-01-17T09:52:40.330+0000][78][info ][safepoint   ] Safepoint "Cleanup", Time since last: 1801280119 ns, Reaching safepoint: 122202 ns, Cleanup: 27683 ns, At safepoint: 19185 ns, Total: 169070 ns
[2025-01-17T09:52:44.333+0000][78][info ][safepoint   ] Safepoint "Cleanup", Time since last: 4002628443 ns, Reaching safepoint: 61968 ns, Cleanup: 24690 ns, At safepoint: 14908 ns, Total: 101566 ns
[2025-01-17T09:52:46.368+0000][78][info ][safepoint   ] Safepoint "Cleanup", Time since last: 2034975219 ns, Reaching safepoint: 58572 ns, Cleanup: 23786 ns, At safepoint: 13577 ns, Total: 95935 ns
[2025-01-17T09:52:53.403+0000][78][info ][safepoint   ] Safepoint "Cleanup", Time since last: 7037029341 ns, Reaching safepoint: 42205 ns, Cleanup: 35257 ns, At safepoint: 10164 ns, Total: 87626 ns
[2025-01-17T09:52:56.571+0000][78][info ][safepoint   ] Safepoint "Cleanup", Time since last: 3167057024 ns, Reaching safepoint: 12824 ns, Cleanup: 15594 ns, At safepoint: 33096 ns, Total: 61514 ns
[2025-01-17T09:52:58.458+0000][78][info ][safepoint   ] Safepoint "Cleanup", Time since last: 1887825324 ns, Reaching safepoint: 29841 ns, Cleanup: 11966 ns, At safepoint: 21463 ns, Total: 63270 ns
[2025-01-17T09:53:02.460+0000][78][info ][safepoint   ] Safepoint "Cleanup", Time since last: 4001781932 ns, Reaching safepoint: 50194 ns, Cleanup: 22860 ns, At safepoint: 10567 ns, Total: 83621 ns
[2025-01-17T09:53:03.469+0000][78][info ][safepoint   ] Safepoint "Cleanup", Time since last: 1008905460 ns, Reaching safepoint: 126038 ns, Cleanup: 24630 ns, At safepoint: 52438 ns, Total: 203106 ns
[2025-01-17T09:53:09.503+0000][78][info ][safepoint   ] Safepoint "Cleanup", Time since last: 6033849324 ns, Reaching safepoint: 95748 ns, Cleanup: 10255 ns, At safepoint: 52073 ns, Total: 158076 ns
[2025-01-17T09:53:10.912+0000][78][info ][safepoint   ] Safepoint "Cleanup", Time since last: 1408720010 ns, Reaching safepoint: 20853 ns, Cleanup: 17229 ns, At safepoint: 10924 ns, Total: 49006 ns
[2025-01-17T09:53:21.562+0000][78][info ][safepoint   ] Safepoint "Cleanup", Time since last: 10652184518 ns, Reaching safepoint: 15598 ns, Cleanup: 8998 ns, At safepoint: 27840 ns, Total: 52436 ns
[2025-01-17T09:53:22.598+0000][78][info ][safepoint   ] Safepoint "Cleanup", Time since last: 1035656293 ns, Reaching safepoint: 10222 ns, Cleanup: 10607 ns, At safepoint: 17080 ns, Total: 37909 ns
[2025-01-17T09:53:23.602+0000][78][info ][safepoint   ] Safepoint "Cleanup", Time since last: 1004798841 ns, Reaching safepoint: 40462 ns, Cleanup: 17365 ns, At safepoint: 9833 ns, Total: 67660 ns
[2025-01-17T09:53:26.700+0000][78][info ][safepoint   ] Safepoint "Cleanup", Time since last: 3097295660 ns, Reaching safepoint: 10550 ns, Cleanup: 7758 ns, At safepoint: 4605 ns, Total: 22913 ns
[2025-01-17T09:53:32.540+0000][78][info ][safepoint   ] Safepoint "Cleanup", Time since last: 5839883212 ns, Reaching safepoint: 13476 ns, Cleanup: 9338 ns, At safepoint: 6662 ns, Total: 29476 ns
[2025-01-17T09:53:36.639+0000][78][info ][safepoint   ] Safepoint "Cleanup", Time since last: 4099435520 ns, Reaching safepoint: 67995 ns, Cleanup: 32388 ns, At safepoint: 18916 ns, Total: 119299 ns
[2025-01-17T09:53:39.669+0000][78][info ][gc,start    ] GC(17) Pause Young (Prepare Mixed) (G1 Evacuation Pause)
[2025-01-17T09:53:39.672+0000][78][info ][gc,task     ] GC(17) Using 18 workers of 18 for evacuation
[2025-01-17T09:53:39.672+0000][78][debug][gc,age      ] GC(17) Desired survivor size 134217728 bytes, new threshold 15 (max threshold 15)
[2025-01-17T09:53:39.736+0000][78][info ][gc,phases   ] GC(17)   Pre Evacuate Collection Set: 5.7ms
[2025-01-17T09:53:39.737+0000][78][info ][gc,phases   ] GC(17)   Merge Heap Roots: 1.7ms
[2025-01-17T09:53:39.737+0000][78][info ][gc,phases   ] GC(17)   Evacuate Collection Set: 50.6ms
[2025-01-17T09:53:39.738+0000][78][info ][gc,phases   ] GC(17)   Post Evacuate Collection Set: 4.6ms
[2025-01-17T09:53:39.738+0000][78][info ][gc,phases   ] GC(17)   Other: 1.8ms
[2025-01-17T09:53:39.739+0000][78][trace][gc,age      ] GC(17) Age table with threshold 15 (max threshold 15)
[2025-01-17T09:53:39.739+0000][78][trace][gc,age      ] GC(17) - age   1:    2826160 bytes,    2826160 total
[2025-01-17T09:53:39.740+0000][78][trace][gc,age      ] GC(17) - age   2:    1987672 bytes,    4813832 total
[2025-01-17T09:53:39.740+0000][78][trace][gc,age      ] GC(17) - age   3:    2307896 bytes,    7121728 total
[2025-01-17T09:53:39.740+0000][78][info ][gc,heap     ] GC(17) Eden regions: 505->0(506)
[2025-01-17T09:53:39.741+0000][78][info ][gc,heap     ] GC(17) Survivor regions: 3->2(64)
[2025-01-17T09:53:39.741+0000][78][info ][gc,heap     ] GC(17) Old regions: 35->35
[2025-01-17T09:53:39.742+0000][78][info ][gc,heap     ] GC(17) Humongous regions: 4->4
[2025-01-17T09:53:39.742+0000][78][info ][gc,metaspace] GC(17) Metaspace: 153398K(157568K)->153398K(157568K) NonClass: 133023K(135232K)->133023K(135232K) Class: 20374K(22336K)->20374K(22336K)
[2025-01-17T09:53:39.743+0000][78][info ][gc          ] GC(17) Pause Young (Prepare Mixed) (G1 Evacuation Pause) 2182M->161M(3392M) 73.893ms
[2025-01-17T09:53:39.744+0000][78][info ][gc,cpu      ] GC(17) User=0.45s Sys=0.00s Real=0.07s
[2025-01-17T09:53:39.744+0000][78][info ][safepoint   ] Safepoint "G1CollectForAllocation", Time since last: 3028783645 ns, Reaching safepoint: 29991 ns, Cleanup: 5154 ns, At safepoint: 76291241 ns, Total: 76326386 ns
[2025-01-17T09:53:40.757+0000][78][info ][safepoint   ] Safepoint "Cleanup", Time since last: 1012758341 ns, Reaching safepoint: 113225 ns, Cleanup: 26201 ns, At safepoint: 24089 ns, Total: 163515 ns
[2025-01-17T09:53:44.532+0000][78][info ][safepoint   ] Safepoint "Cleanup", Time since last: 3774343628 ns, Reaching safepoint: 10572 ns, Cleanup: 6814 ns, At safepoint: 18009 ns, Total: 35395 ns
[2025-01-17T09:53:50.818+0000][78][info ][safepoint   ] Safepoint "Cleanup", Time since last: 6288026815 ns, Reaching safepoint: 20016 ns, Cleanup: 25304 ns, At safepoint: 37749 ns, Total: 83069 ns
[2025-01-17T09:53:53.834+0000][78][info ][safepoint   ] Safepoint "Cleanup", Time since last: 3016624339 ns, Reaching safepoint: 24964 ns, Cleanup: 17041 ns, At safepoint: 5504 ns, Total: 47509 ns
[2025-01-17T09:53:56.871+0000][78][info ][safepoint   ] Safepoint "Cleanup", Time since last: 3036337348 ns, Reaching safepoint: 10218 ns, Cleanup: 7662 ns, At safepoint: 17800 ns, Total: 35680 ns
[2025-01-17T09:54:01.832+0000][78][info ][safepoint   ] Safepoint "Cleanup", Time since last: 4961448579 ns, Reaching safepoint: 11560 ns, Cleanup: 19669 ns, At safepoint: 19131 ns, Total: 50360 ns
[2025-01-17T09:54:03.842+0000][78][info ][safepoint   ] Safepoint "Cleanup", Time since last: 2006962527 ns, Reaching safepoint: 2139032 ns, Cleanup: 13153 ns, At safepoint: 111713 ns, Total: 2263898 ns
[2025-01-17T09:54:05.275+0000][78][info ][safepoint   ] Safepoint "Cleanup", Time since last: 1433381611 ns, Reaching safepoint: 8373 ns, Cleanup: 83185 ns, At safepoint: 47140 ns, Total: 138698 ns
[2025-01-17T09:54:06.079+0000][78][info ][gc,heap,exit] Heap
[2025-01-17T09:54:06.079+0000][78][info ][gc,heap,exit]  garbage-first heap   total 3473408K, used 325099K [0x000000072c000000, 0x0000000800000000)
[2025-01-17T09:54:06.079+0000][78][info ][gc,heap,exit]   region size 4096K, 42 young (172032K), 2 survivors (8192K)
[2025-01-17T09:54:06.080+0000][78][info ][gc,heap,exit]  Metaspace       used 153723K, committed 157824K, reserved 1245184K
[2025-01-17T09:54:06.080+0000][78][info ][gc,heap,exit]   class space    used 20433K, committed 22336K, reserved 1048576K
