[2025-01-18T03:49:03.176+0000][79][info][gc,init] CardTable entry size: 512
[2025-01-18T03:49:03.177+0000][79][info][gc     ] Using G1
[2025-01-18T03:49:07.582+0000][79][info][gc,init] Version: 21.0.2+13-58 (release)
[2025-01-18T03:49:07.586+0000][79][info][gc,init] CPUs: 24 total, 24 available
[2025-01-18T03:49:07.589+0000][79][info][gc,init] Memory: 6781M
[2025-01-18T03:49:07.590+0000][79][info][gc,init] Large Page Support: Disabled
[2025-01-18T03:49:07.590+0000][79][info][gc,init] NUMA Support: Disabled
[2025-01-18T03:49:07.590+0000][79][info][gc,init] Compressed Oops: Enabled (Zero based)
[2025-01-18T03:49:07.591+0000][79][info][gc,init] Heap Region Size: 4M
[2025-01-18T03:49:07.610+0000][79][info][gc,init] Heap Min Capacity: 3392M
[2025-01-18T03:49:07.610+0000][79][info][gc,init] Heap Initial Capacity: 3392M
[2025-01-18T03:49:07.610+0000][79][info][gc,init] Heap Max Capacity: 3392M
[2025-01-18T03:49:07.611+0000][79][info][gc,init] Pre-touch: Enabled
[2025-01-18T03:49:07.611+0000][79][info][gc,init] Parallel Workers: 18
[2025-01-18T03:49:07.612+0000][79][info][gc,init] Concurrent Workers: 5
[2025-01-18T03:49:07.612+0000][79][info][gc,init] Concurrent Refinement Workers: 18
[2025-01-18T03:49:07.612+0000][79][info][gc,init] Periodic GC: Disabled
[2025-01-18T03:49:07.676+0000][79][info][gc,metaspace] CDS archive(s) mapped at: [0x00007fcd33000000-0x00007fcd33ca6000-0x00007fcd33ca6000), size 13262848, SharedBaseAddress: 0x00007fcd33000000, ArchiveRelocationMode: 1.
[2025-01-18T03:49:07.677+0000][79][info][gc,metaspace] Compressed class space mapped at: 0x00007fcd34000000-0x00007fcd74000000, reserved size: 1073741824
[2025-01-18T03:49:07.677+0000][79][info][gc,metaspace] Narrow klass base: 0x00007fcd33000000, Narrow klass shift: 0, Narrow klass range: 0x100000000
[2025-01-18T03:49:08.175+0000][79][info][safepoint   ] Safepoint "ICBufferFull", Time since last: 456134113 ns, Reaching safepoint: 74538 ns, Cleanup: 162311 ns, At safepoint: 42268 ns, Total: 279117 ns
[2025-01-18T03:49:08.525+0000][79][info][safepoint   ] Safepoint "ICBufferFull", Time since last: 349041121 ns, Reaching safepoint: 102716 ns, Cleanup: 80781 ns, At safepoint: 85031 ns, Total: 268528 ns
[2025-01-18T03:49:08.848+0000][79][info][safepoint   ] Safepoint "ICBufferFull", Time since last: 330717710 ns, Reaching safepoint: 6411 ns, Cleanup: 101622 ns, At safepoint: 73940 ns, Total: 181973 ns
[2025-01-18T03:49:09.708+0000][79][info][safepoint   ] Safepoint "ICBufferFull", Time since last: 859797418 ns, Reaching safepoint: 3682 ns, Cleanup: 114105 ns, At safepoint: 1866 ns, Total: 119653 ns
[2025-01-18T03:49:10.030+0000][79][info][safepoint   ] Safepoint "ICBufferFull", Time since last: 321696723 ns, Reaching safepoint: 4243 ns, Cleanup: 92074 ns, At safepoint: 1998 ns, Total: 98315 ns
[2025-01-18T03:49:10.495+0000][79][info][safepoint   ] Safepoint "ICBufferFull", Time since last: 465675121 ns, Reaching safepoint: 5679 ns, Cleanup: 106662 ns, At safepoint: 10706 ns, Total: 123047 ns
[2025-01-18T03:49:10.566+0000][79][info][gc,start    ] GC(0) Pause Young (Normal) (G1 Evacuation Pause)
[2025-01-18T03:49:10.570+0000][79][info][gc,task     ] GC(0) Using 18 workers of 18 for evacuation
[2025-01-18T03:49:10.570+0000][79][debug][gc,age      ] GC(0) Desired survivor size 12582912 bytes, new threshold 15 (max threshold 15)
[2025-01-18T03:49:10.582+0000][79][info ][gc,phases   ] GC(0)   Pre Evacuate Collection Set: 0.7ms
[2025-01-18T03:49:10.582+0000][79][info ][gc,phases   ] GC(0)   Merge Heap Roots: 0.3ms
[2025-01-18T03:49:10.583+0000][79][info ][gc,phases   ] GC(0)   Evacuate Collection Set: 5.4ms
[2025-01-18T03:49:10.583+0000][79][info ][gc,phases   ] GC(0)   Post Evacuate Collection Set: 4.0ms
[2025-01-18T03:49:10.584+0000][79][info ][gc,phases   ] GC(0)   Other: 1.4ms
[2025-01-18T03:49:10.584+0000][79][trace][gc,age      ] GC(0) Age table with threshold 15 (max threshold 15)
[2025-01-18T03:49:10.585+0000][79][trace][gc,age      ] GC(0) - age   1:   11745024 bytes,   11745024 total
[2025-01-18T03:49:10.585+0000][79][info ][gc,heap     ] GC(0) Eden regions: 42->0(39)
[2025-01-18T03:49:10.586+0000][79][info ][gc,heap     ] GC(0) Survivor regions: 0->3(6)
[2025-01-18T03:49:10.586+0000][79][info ][gc,heap     ] GC(0) Old regions: 1->1
[2025-01-18T03:49:10.586+0000][79][info ][gc,heap     ] GC(0) Humongous regions: 0->0
[2025-01-18T03:49:10.587+0000][79][info ][gc,metaspace] GC(0) Metaspace: 20923K(21504K)->20923K(21504K) NonClass: 18615K(18944K)->18615K(18944K) Class: 2307K(2560K)->2307K(2560K)
[2025-01-18T03:49:10.587+0000][79][info ][gc          ] GC(0) Pause Young (Normal) (G1 Evacuation Pause) 169M->12M(3392M) 21.783ms
[2025-01-18T03:49:10.588+0000][79][info ][gc,cpu      ] GC(0) User=0.13s Sys=0.00s Real=0.02s
[2025-01-18T03:49:10.588+0000][79][info ][safepoint   ] Safepoint "G1CollectForAllocation", Time since last: 69452887 ns, Reaching safepoint: 5518 ns, Cleanup: 34148 ns, At safepoint: 23586687 ns, Total: 23626353 ns
[2025-01-18T03:49:10.610+0000][79][info ][gc,start    ] GC(1) Pause Young (Concurrent Start) (Metadata GC Threshold)
[2025-01-18T03:49:10.611+0000][79][info ][gc,task     ] GC(1) Using 18 workers of 18 for evacuation
[2025-01-18T03:49:10.611+0000][79][debug][gc,age      ] GC(1) Desired survivor size 12582912 bytes, new threshold 15 (max threshold 15)
[2025-01-18T03:49:10.621+0000][79][info ][gc,phases   ] GC(1)   Pre Evacuate Collection Set: 2.1ms
[2025-01-18T03:49:10.621+0000][79][info ][gc,phases   ] GC(1)   Merge Heap Roots: 0.3ms
[2025-01-18T03:49:10.622+0000][79][info ][gc,phases   ] GC(1)   Evacuate Collection Set: 4.8ms
[2025-01-18T03:49:10.622+0000][79][info ][gc,phases   ] GC(1)   Post Evacuate Collection Set: 2.0ms
[2025-01-18T03:49:10.623+0000][79][info ][gc,phases   ] GC(1)   Other: 1.0ms
[2025-01-18T03:49:10.623+0000][79][trace][gc,age      ] GC(1) Age table with threshold 15 (max threshold 15)
[2025-01-18T03:49:10.623+0000][79][trace][gc,age      ] GC(1) - age   1:      22864 bytes,      22864 total
[2025-01-18T03:49:10.624+0000][79][trace][gc,age      ] GC(1) - age   2:    9092320 bytes,    9115184 total
[2025-01-18T03:49:10.624+0000][79][info ][gc,heap     ] GC(1) Eden regions: 2->0(47)
[2025-01-18T03:49:10.624+0000][79][info ][gc,heap     ] GC(1) Survivor regions: 3->3(6)
[2025-01-18T03:49:10.625+0000][79][info ][gc,heap     ] GC(1) Old regions: 1->1
[2025-01-18T03:49:10.625+0000][79][info ][gc,heap     ] GC(1) Humongous regions: 0->0
[2025-01-18T03:49:10.625+0000][79][info ][gc,metaspace] GC(1) Metaspace: 20961K(21504K)->20961K(21504K) NonClass: 18647K(18944K)->18647K(18944K) Class: 2314K(2560K)->2314K(2560K)
[2025-01-18T03:49:10.626+0000][79][info ][gc          ] GC(1) Pause Young (Concurrent Start) (Metadata GC Threshold) 18M->10M(3392M) 15.538ms
[2025-01-18T03:49:10.626+0000][79][info ][gc,cpu      ] GC(1) User=0.07s Sys=0.00s Real=0.02s
[2025-01-18T03:49:10.626+0000][79][info ][gc          ] GC(2) Concurrent Mark Cycle
[2025-01-18T03:49:10.626+0000][79][info ][safepoint   ] Safepoint "CollectForMetadataAllocation", Time since last: 21487963 ns, Reaching safepoint: 6886 ns, Cleanup: 22249 ns, At safepoint: 16274633 ns, Total: 16303768 ns
[2025-01-18T03:49:10.626+0000][79][info ][gc,marking  ] GC(2) Concurrent Scan Root Regions
[2025-01-18T03:49:10.630+0000][79][info ][gc,marking  ] GC(2) Concurrent Scan Root Regions 3.465ms
[2025-01-18T03:49:10.634+0000][79][info ][gc,marking  ] GC(2) Concurrent Mark
[2025-01-18T03:49:10.634+0000][79][info ][gc,marking  ] GC(2) Concurrent Mark From Roots
[2025-01-18T03:49:10.636+0000][79][info ][gc,task     ] GC(2) Using 5 workers of 5 for marking
[2025-01-18T03:49:10.638+0000][79][info ][gc,marking  ] GC(2) Concurrent Mark From Roots 3.982ms
[2025-01-18T03:49:10.639+0000][79][info ][gc,marking  ] GC(2) Concurrent Preclean
[2025-01-18T03:49:10.639+0000][79][info ][gc,marking  ] GC(2) Concurrent Preclean 0.316ms
[2025-01-18T03:49:10.640+0000][79][info ][gc,start    ] GC(2) Pause Remark
[2025-01-18T03:49:10.643+0000][79][info ][gc          ] GC(2) Pause Remark 13M->13M(3392M) 3.425ms
[2025-01-18T03:49:10.644+0000][79][info ][gc,cpu      ] GC(2) User=0.04s Sys=0.00s Real=0.01s
[2025-01-18T03:49:10.644+0000][79][info ][safepoint   ] Safepoint "G1PauseRemark", Time since last: 13362789 ns, Reaching safepoint: 100319 ns, Cleanup: 17542 ns, At safepoint: 4281795 ns, Total: 4399656 ns
[2025-01-18T03:49:10.645+0000][79][info ][gc,marking  ] GC(2) Concurrent Mark 11.119ms
[2025-01-18T03:49:10.645+0000][79][info ][gc,marking  ] GC(2) Concurrent Rebuild Remembered Sets and Scrub Regions
[2025-01-18T03:49:10.646+0000][79][info ][gc,marking  ] GC(2) Concurrent Rebuild Remembered Sets and Scrub Regions 1.211ms
[2025-01-18T03:49:10.647+0000][79][info ][gc,start    ] GC(2) Pause Cleanup
[2025-01-18T03:49:10.647+0000][79][info ][gc          ] GC(2) Pause Cleanup 13M->13M(3392M) 0.575ms
[2025-01-18T03:49:10.648+0000][79][info ][gc,cpu      ] GC(2) User=0.00s Sys=0.00s Real=0.00s
[2025-01-18T03:49:10.648+0000][79][info ][safepoint   ] Safepoint "G1PauseCleanup", Time since last: 2824568 ns, Reaching safepoint: 117088 ns, Cleanup: 9020 ns, At safepoint: 1372490 ns, Total: 1498598 ns
[2025-01-18T03:49:10.649+0000][79][info ][gc,marking  ] GC(2) Concurrent Clear Claimed Marks
[2025-01-18T03:49:10.649+0000][79][info ][gc,marking  ] GC(2) Concurrent Clear Claimed Marks 0.367ms
[2025-01-18T03:49:10.649+0000][79][info ][gc,marking  ] GC(2) Concurrent Cleanup for Next Mark
[2025-01-18T03:49:10.652+0000][79][info ][gc,marking  ] GC(2) Concurrent Cleanup for Next Mark 2.711ms
[2025-01-18T03:49:10.653+0000][79][info ][gc          ] GC(2) Concurrent Mark Cycle 26.991ms
[2025-01-18T03:49:11.230+0000][79][info ][safepoint   ] Safepoint "ICBufferFull", Time since last: 581414251 ns, Reaching safepoint: 3952 ns, Cleanup: 104524 ns, At safepoint: 2161 ns, Total: 110637 ns
[2025-01-18T03:49:11.493+0000][79][info ][gc,start    ] GC(3) Pause Young (Prepare Mixed) (G1 Evacuation Pause)
[2025-01-18T03:49:11.494+0000][79][info ][gc,task     ] GC(3) Using 18 workers of 18 for evacuation
[2025-01-18T03:49:11.495+0000][79][debug][gc,age      ] GC(3) Desired survivor size 14680064 bytes, new threshold 15 (max threshold 15)
[2025-01-18T03:49:11.502+0000][79][info ][gc,phases   ] GC(3)   Pre Evacuate Collection Set: 0.4ms
[2025-01-18T03:49:11.503+0000][79][info ][gc,phases   ] GC(3)   Merge Heap Roots: 0.2ms
[2025-01-18T03:49:11.503+0000][79][info ][gc,phases   ] GC(3)   Evacuate Collection Set: 4.6ms
[2025-01-18T03:49:11.504+0000][79][info ][gc,phases   ] GC(3)   Post Evacuate Collection Set: 1.7ms
[2025-01-18T03:49:11.504+0000][79][info ][gc,phases   ] GC(3)   Other: 1.1ms
[2025-01-18T03:49:11.505+0000][79][trace][gc,age      ] GC(3) Age table with threshold 15 (max threshold 15)
[2025-01-18T03:49:11.505+0000][79][trace][gc,age      ] GC(3) - age   1:    4675368 bytes,    4675368 total
[2025-01-18T03:49:11.506+0000][79][trace][gc,age      ] GC(3) - age   2:      16608 bytes,    4691976 total
[2025-01-18T03:49:11.506+0000][79][trace][gc,age      ] GC(3) - age   3:    9081160 bytes,   13773136 total
[2025-01-18T03:49:11.506+0000][79][info ][gc,heap     ] GC(3) Eden regions: 47->0(84)
[2025-01-18T03:49:11.507+0000][79][info ][gc,heap     ] GC(3) Survivor regions: 3->4(7)
[2025-01-18T03:49:11.507+0000][79][info ][gc,heap     ] GC(3) Old regions: 1->1
[2025-01-18T03:49:11.507+0000][79][info ][gc,heap     ] GC(3) Humongous regions: 0->0
[2025-01-18T03:49:11.507+0000][79][info ][gc,metaspace] GC(3) Metaspace: 28088K(28736K)->28088K(28736K) NonClass: 24994K(25344K)->24994K(25344K) Class: 3094K(3392K)->3094K(3392K)
[2025-01-18T03:49:11.508+0000][79][info ][gc          ] GC(3) Pause Young (Prepare Mixed) (G1 Evacuation Pause) 198M->15M(3392M) 14.342ms
[2025-01-18T03:49:11.508+0000][79][info ][gc,cpu      ] GC(3) User=0.05s Sys=0.00s Real=0.01s
[2025-01-18T03:49:11.509+0000][79][info ][safepoint   ] Safepoint "G1CollectForAllocation", Time since last: 263513128 ns, Reaching safepoint: 83525 ns, Cleanup: 70056 ns, At safepoint: 15261520 ns, Total: 15415101 ns
[2025-01-18T03:49:11.873+0000][79][info ][safepoint   ] Safepoint "ICBufferFull", Time since last: 363686997 ns, Reaching safepoint: 97272 ns, Cleanup: 100781 ns, At safepoint: 20962 ns, Total: 219015 ns
[2025-01-18T03:49:12.360+0000][79][info ][gc,start    ] GC(4) Pause Young (Mixed) (G1 Evacuation Pause)
[2025-01-18T03:49:12.360+0000][79][info ][gc,task     ] GC(4) Using 18 workers of 18 for evacuation
[2025-01-18T03:49:12.360+0000][79][debug][gc,age      ] GC(4) Desired survivor size 23068672 bytes, new threshold 15 (max threshold 15)
[2025-01-18T03:49:12.375+0000][79][info ][gc,phases   ] GC(4)   Pre Evacuate Collection Set: 0.3ms
[2025-01-18T03:49:12.376+0000][79][info ][gc,phases   ] GC(4)   Merge Heap Roots: 0.2ms
[2025-01-18T03:49:12.377+0000][79][info ][gc,phases   ] GC(4)   Evacuate Collection Set: 12.4ms
[2025-01-18T03:49:12.377+0000][79][info ][gc,phases   ] GC(4)   Post Evacuate Collection Set: 1.6ms
[2025-01-18T03:49:12.377+0000][79][info ][gc,phases   ] GC(4)   Other: 0.4ms
[2025-01-18T03:49:12.379+0000][79][trace][gc,age      ] GC(4) Age table with threshold 15 (max threshold 15)
[2025-01-18T03:49:12.379+0000][79][trace][gc,age      ] GC(4) - age   1:    6943272 bytes,    6943272 total
[2025-01-18T03:49:12.380+0000][79][trace][gc,age      ] GC(4) - age   2:    4597576 bytes,   11540848 total
[2025-01-18T03:49:12.381+0000][79][trace][gc,age      ] GC(4) - age   3:      16576 bytes,   11557424 total
[2025-01-18T03:49:12.381+0000][79][trace][gc,age      ] GC(4) - age   4:    9078904 bytes,   20636328 total
[2025-01-18T03:49:12.382+0000][79][info ][gc,heap     ] GC(4) Eden regions: 84->0(100)
[2025-01-18T03:49:12.382+0000][79][info ][gc,heap     ] GC(4) Survivor regions: 4->6(11)
[2025-01-18T03:49:12.382+0000][79][info ][gc,heap     ] GC(4) Old regions: 1->1
[2025-01-18T03:49:12.383+0000][79][info ][gc,heap     ] GC(4) Humongous regions: 0->0
[2025-01-18T03:49:12.383+0000][79][info ][gc,metaspace] GC(4) Metaspace: 29987K(30720K)->29987K(30720K) NonClass: 26577K(27008K)->26577K(27008K) Class: 3409K(3712K)->3409K(3712K)
[2025-01-18T03:49:12.384+0000][79][info ][gc          ] GC(4) Pause Young (Mixed) (G1 Evacuation Pause) 351M->22M(3392M) 23.998ms
[2025-01-18T03:49:12.384+0000][79][info ][gc,cpu      ] GC(4) User=0.16s Sys=0.00s Real=0.03s
[2025-01-18T03:49:12.385+0000][79][info ][safepoint   ] Safepoint "G1CollectForAllocation", Time since last: 487090569 ns, Reaching safepoint: 5502 ns, Cleanup: 79231 ns, At safepoint: 24997737 ns, Total: 25082470 ns
[2025-01-18T03:49:13.104+0000][79][info ][gc,start    ] GC(5) Pause Young (Concurrent Start) (Metadata GC Threshold)
[2025-01-18T03:49:13.105+0000][79][info ][gc,task     ] GC(5) Using 18 workers of 18 for evacuation
[2025-01-18T03:49:13.107+0000][79][debug][gc,age      ] GC(5) Desired survivor size 29360128 bytes, new threshold 15 (max threshold 15)
[2025-01-18T03:49:13.123+0000][79][info ][gc,phases   ] GC(5)   Pre Evacuate Collection Set: 0.7ms
[2025-01-18T03:49:13.125+0000][79][info ][gc,phases   ] GC(5)   Merge Heap Roots: 0.6ms
[2025-01-18T03:49:13.125+0000][79][info ][gc,phases   ] GC(5)   Evacuate Collection Set: 9.6ms
[2025-01-18T03:49:13.126+0000][79][info ][gc,phases   ] GC(5)   Post Evacuate Collection Set: 4.9ms
[2025-01-18T03:49:13.126+0000][79][info ][gc,phases   ] GC(5)   Other: 2.5ms
[2025-01-18T03:49:13.126+0000][79][trace][gc,age      ] GC(5) Age table with threshold 15 (max threshold 15)
[2025-01-18T03:49:13.126+0000][79][trace][gc,age      ] GC(5) - age   1:    3376984 bytes,    3376984 total
[2025-01-18T03:49:13.127+0000][79][trace][gc,age      ] GC(5) - age   2:    6520848 bytes,    9897832 total
[2025-01-18T03:49:13.127+0000][79][trace][gc,age      ] GC(5) - age   3:    4596040 bytes,   14493872 total
[2025-01-18T03:49:13.127+0000][79][trace][gc,age      ] GC(5) - age   4:      16576 bytes,   14510448 total
[2025-01-18T03:49:13.128+0000][79][trace][gc,age      ] GC(5) - age   5:    9077432 bytes,   23587880 total
[2025-01-18T03:49:13.128+0000][79][info ][gc,heap     ] GC(5) Eden regions: 69->0(153)
[2025-01-18T03:49:13.128+0000][79][info ][gc,heap     ] GC(5) Survivor regions: 6->7(14)
[2025-01-18T03:49:13.128+0000][79][info ][gc,heap     ] GC(5) Old regions: 1->1
[2025-01-18T03:49:13.129+0000][79][info ][gc,heap     ] GC(5) Humongous regions: 0->0
[2025-01-18T03:49:13.129+0000][79][info ][gc,metaspace] GC(5) Metaspace: 35184K(35968K)->35184K(35968K) NonClass: 31224K(31680K)->31224K(31680K) Class: 3960K(4288K)->3960K(4288K)
[2025-01-18T03:49:13.130+0000][79][info ][gc          ] GC(5) Pause Young (Concurrent Start) (Metadata GC Threshold) 296M->25M(3392M) 25.877ms
[2025-01-18T03:49:13.130+0000][79][info ][gc          ] GC(6) Concurrent Mark Cycle
[2025-01-18T03:49:13.130+0000][79][info ][gc,marking  ] GC(6) Concurrent Scan Root Regions
[2025-01-18T03:49:13.130+0000][79][info ][gc,cpu      ] GC(5) User=0.07s Sys=0.00s Real=0.02s
[2025-01-18T03:49:13.132+0000][79][info ][safepoint   ] Safepoint "CollectForMetadataAllocation", Time since last: 718703693 ns, Reaching safepoint: 8195 ns, Cleanup: 126147 ns, At safepoint: 28040593 ns, Total: 28174935 ns
[2025-01-18T03:49:13.134+0000][79][info ][gc,marking  ] GC(6) Concurrent Scan Root Regions 3.602ms
[2025-01-18T03:49:13.135+0000][79][info ][gc,marking  ] GC(6) Concurrent Mark
[2025-01-18T03:49:13.135+0000][79][info ][gc,marking  ] GC(6) Concurrent Mark From Roots
[2025-01-18T03:49:13.136+0000][79][info ][gc,task     ] GC(6) Using 5 workers of 5 for marking
[2025-01-18T03:49:13.138+0000][79][info ][gc,marking  ] GC(6) Concurrent Mark From Roots 2.216ms
[2025-01-18T03:49:13.138+0000][79][info ][gc,marking  ] GC(6) Concurrent Preclean
[2025-01-18T03:49:13.138+0000][79][info ][gc,marking  ] GC(6) Concurrent Preclean 0.245ms
[2025-01-18T03:49:13.139+0000][79][info ][gc,start    ] GC(6) Pause Remark
[2025-01-18T03:49:13.144+0000][79][info ][gc          ] GC(6) Pause Remark 28M->28M(3392M) 4.625ms
[2025-01-18T03:49:13.144+0000][79][info ][gc,cpu      ] GC(6) User=0.02s Sys=0.00s Real=0.01s
[2025-01-18T03:49:13.145+0000][79][info ][safepoint   ] Safepoint "G1PauseRemark", Time since last: 6992048 ns, Reaching safepoint: 462410 ns, Cleanup: 4102 ns, At safepoint: 5476817 ns, Total: 5943329 ns
[2025-01-18T03:49:13.145+0000][79][info ][gc,marking  ] GC(6) Concurrent Mark 9.824ms
[2025-01-18T03:49:13.145+0000][79][info ][gc,marking  ] GC(6) Concurrent Rebuild Remembered Sets and Scrub Regions
[2025-01-18T03:49:13.146+0000][79][info ][gc,marking  ] GC(6) Concurrent Rebuild Remembered Sets and Scrub Regions 0.821ms
[2025-01-18T03:49:13.147+0000][79][info ][gc,start    ] GC(6) Pause Cleanup
[2025-01-18T03:49:13.147+0000][79][info ][gc          ] GC(6) Pause Cleanup 28M->28M(3392M) 0.594ms
[2025-01-18T03:49:13.148+0000][79][info ][gc,cpu      ] GC(6) User=0.00s Sys=0.00s Real=0.00s
[2025-01-18T03:49:13.148+0000][79][info ][safepoint   ] Safepoint "G1PauseCleanup", Time since last: 2111346 ns, Reaching safepoint: 103491 ns, Cleanup: 13550 ns, At safepoint: 1566598 ns, Total: 1683639 ns
[2025-01-18T03:49:13.149+0000][79][info ][gc,marking  ] GC(6) Concurrent Clear Claimed Marks
[2025-01-18T03:49:13.149+0000][79][info ][gc,marking  ] GC(6) Concurrent Clear Claimed Marks 0.496ms
[2025-01-18T03:49:13.150+0000][79][info ][gc,marking  ] GC(6) Concurrent Cleanup for Next Mark
[2025-01-18T03:49:13.154+0000][79][info ][gc,marking  ] GC(6) Concurrent Cleanup for Next Mark 3.890ms
[2025-01-18T03:49:13.154+0000][79][info ][gc          ] GC(6) Concurrent Mark Cycle 24.034ms
[2025-01-18T03:49:14.149+0000][79][info ][safepoint   ] Safepoint "Cleanup", Time since last: 1000562885 ns, Reaching safepoint: 4595 ns, Cleanup: 86529 ns, At safepoint: 2439 ns, Total: 93563 ns
[2025-01-18T03:49:14.407+0000][79][info ][gc,start    ] GC(7) Pause Young (Normal) (G1 Evacuation Pause)
[2025-01-18T03:49:14.413+0000][79][info ][gc,task     ] GC(7) Using 18 workers of 18 for evacuation
[2025-01-18T03:49:14.414+0000][79][debug][gc,age      ] GC(7) Desired survivor size 41943040 bytes, new threshold 15 (max threshold 15)
[2025-01-18T03:49:14.423+0000][79][info ][gc,phases   ] GC(7)   Pre Evacuate Collection Set: 0.3ms
[2025-01-18T03:49:14.424+0000][79][info ][gc,phases   ] GC(7)   Merge Heap Roots: 0.2ms
[2025-01-18T03:49:14.425+0000][79][info ][gc,phases   ] GC(7)   Evacuate Collection Set: 6.2ms
[2025-01-18T03:49:14.425+0000][79][info ][gc,phases   ] GC(7)   Post Evacuate Collection Set: 2.1ms
[2025-01-18T03:49:14.425+0000][79][info ][gc,phases   ] GC(7)   Other: 1.2ms
[2025-01-18T03:49:14.426+0000][79][trace][gc,age      ] GC(7) Age table with threshold 15 (max threshold 15)
[2025-01-18T03:49:14.426+0000][79][trace][gc,age      ] GC(7) - age   1:   10542728 bytes,   10542728 total
[2025-01-18T03:49:14.427+0000][79][trace][gc,age      ] GC(7) - age   2:    3340488 bytes,   13883216 total
[2025-01-18T03:49:14.427+0000][79][trace][gc,age      ] GC(7) - age   3:    6515104 bytes,   20398320 total
[2025-01-18T03:49:14.428+0000][79][trace][gc,age      ] GC(7) - age   4:    4591712 bytes,   24990032 total
[2025-01-18T03:49:14.428+0000][79][trace][gc,age      ] GC(7) - age   5:      16576 bytes,   25006608 total
[2025-01-18T03:49:14.429+0000][79][trace][gc,age      ] GC(7) - age   6:    9041992 bytes,   34048600 total
[2025-01-18T03:49:14.430+0000][79][info ][gc,heap     ] GC(7) Eden regions: 153->0(174)
[2025-01-18T03:49:14.430+0000][79][info ][gc,heap     ] GC(7) Survivor regions: 7->9(20)
[2025-01-18T03:49:14.431+0000][79][info ][gc,heap     ] GC(7) Old regions: 1->1
[2025-01-18T03:49:14.431+0000][79][info ][gc,heap     ] GC(7) Humongous regions: 0->0
[2025-01-18T03:49:14.432+0000][79][info ][gc,metaspace] GC(7) Metaspace: 38329K(39296K)->38329K(39296K) NonClass: 33941K(34560K)->33941K(34560K) Class: 4387K(4736K)->4387K(4736K)
[2025-01-18T03:49:14.432+0000][79][info ][gc          ] GC(7) Pause Young (Normal) (G1 Evacuation Pause) 637M->36M(3392M) 25.095ms
[2025-01-18T03:49:14.432+0000][79][info ][gc,cpu      ] GC(7) User=0.11s Sys=0.00s Real=0.02s
[2025-01-18T03:49:14.433+0000][79][info ][safepoint   ] Safepoint "G1CollectForAllocation", Time since last: 257863904 ns, Reaching safepoint: 4831 ns, Cleanup: 19280 ns, At safepoint: 25988851 ns, Total: 26012962 ns
[2025-01-18T03:49:15.162+0000][79][info ][safepoint   ] Safepoint "ICBufferFull", Time since last: 728325322 ns, Reaching safepoint: 88218 ns, Cleanup: 125097 ns, At safepoint: 14174 ns, Total: 227489 ns
[2025-01-18T03:49:15.706+0000][79][info ][safepoint   ] Safepoint "ICBufferFull", Time since last: 543998174 ns, Reaching safepoint: 3368 ns, Cleanup: 112769 ns, At safepoint: 1819 ns, Total: 117956 ns
[2025-01-18T03:49:16.228+0000][79][info ][gc,start    ] GC(8) Pause Young (Concurrent Start) (Metadata GC Threshold)
[2025-01-18T03:49:16.229+0000][79][info ][gc,task     ] GC(8) Using 18 workers of 18 for evacuation
[2025-01-18T03:49:16.230+0000][79][debug][gc,age      ] GC(8) Desired survivor size 48234496 bytes, new threshold 15 (max threshold 15)
[2025-01-18T03:49:16.245+0000][79][info ][gc,phases   ] GC(8)   Pre Evacuate Collection Set: 0.5ms
[2025-01-18T03:49:16.245+0000][79][info ][gc,phases   ] GC(8)   Merge Heap Roots: 0.2ms
[2025-01-18T03:49:16.246+0000][79][info ][gc,phases   ] GC(8)   Evacuate Collection Set: 10.2ms
[2025-01-18T03:49:16.246+0000][79][info ][gc,phases   ] GC(8)   Post Evacuate Collection Set: 3.0ms
[2025-01-18T03:49:16.246+0000][79][info ][gc,phases   ] GC(8)   Other: 1.6ms
[2025-01-18T03:49:16.247+0000][79][trace][gc,age      ] GC(8) Age table with threshold 15 (max threshold 15)
[2025-01-18T03:49:16.247+0000][79][trace][gc,age      ] GC(8) - age   1:    6876272 bytes,    6876272 total
[2025-01-18T03:49:16.247+0000][79][trace][gc,age      ] GC(8) - age   2:    8906312 bytes,   15782584 total
[2025-01-18T03:49:16.248+0000][79][trace][gc,age      ] GC(8) - age   3:    3318720 bytes,   19101304 total
[2025-01-18T03:49:16.248+0000][79][trace][gc,age      ] GC(8) - age   4:    6487736 bytes,   25589040 total
[2025-01-18T03:49:16.248+0000][79][trace][gc,age      ] GC(8) - age   5:    4572240 bytes,   30161280 total
[2025-01-18T03:49:16.249+0000][79][trace][gc,age      ] GC(8) - age   6:      16544 bytes,   30177824 total
[2025-01-18T03:49:16.249+0000][79][trace][gc,age      ] GC(8) - age   7:    8862144 bytes,   39039968 total
[2025-01-18T03:49:16.250+0000][79][info ][gc,heap     ] GC(8) Eden regions: 98->0(244)
[2025-01-18T03:49:16.250+0000][79][info ][gc,heap     ] GC(8) Survivor regions: 9->11(23)
[2025-01-18T03:49:16.250+0000][79][info ][gc,heap     ] GC(8) Old regions: 1->1
[2025-01-18T03:49:16.251+0000][79][info ][gc,heap     ] GC(8) Humongous regions: 0->0
[2025-01-18T03:49:16.251+0000][79][info ][gc,metaspace] GC(8) Metaspace: 59158K(60416K)->59158K(60416K) NonClass: 51911K(52672K)->51911K(52672K) Class: 7246K(7744K)->7246K(7744K)
[2025-01-18T03:49:16.252+0000][79][info ][gc          ] GC(8) Pause Young (Concurrent Start) (Metadata GC Threshold) 426M->41M(3392M) 23.558ms
[2025-01-18T03:49:16.252+0000][79][info ][gc,cpu      ] GC(8) User=0.13s Sys=0.00s Real=0.02s
[2025-01-18T03:49:16.252+0000][79][info ][gc          ] GC(9) Concurrent Mark Cycle
[2025-01-18T03:49:16.252+0000][79][info ][safepoint   ] Safepoint "CollectForMetadataAllocation", Time since last: 522325477 ns, Reaching safepoint: 3580 ns, Cleanup: 44014 ns, At safepoint: 24357902 ns, Total: 24405496 ns
[2025-01-18T03:49:16.253+0000][79][info ][gc,marking  ] GC(9) Concurrent Scan Root Regions
[2025-01-18T03:49:16.257+0000][79][info ][gc,marking  ] GC(9) Concurrent Scan Root Regions 4.117ms
[2025-01-18T03:49:16.257+0000][79][info ][gc,marking  ] GC(9) Concurrent Mark
[2025-01-18T03:49:16.258+0000][79][info ][gc,marking  ] GC(9) Concurrent Mark From Roots
[2025-01-18T03:49:16.258+0000][79][info ][gc,task     ] GC(9) Using 5 workers of 5 for marking
[2025-01-18T03:49:16.260+0000][79][info ][gc,marking  ] GC(9) Concurrent Mark From Roots 2.045ms
[2025-01-18T03:49:16.260+0000][79][info ][gc,marking  ] GC(9) Concurrent Preclean
[2025-01-18T03:49:16.261+0000][79][info ][gc,marking  ] GC(9) Concurrent Preclean 0.504ms
[2025-01-18T03:49:16.261+0000][79][info ][gc,start    ] GC(9) Pause Remark
[2025-01-18T03:49:16.265+0000][79][info ][gc          ] GC(9) Pause Remark 45M->45M(3392M) 4.031ms
[2025-01-18T03:49:16.265+0000][79][info ][gc,cpu      ] GC(9) User=0.02s Sys=0.00s Real=0.01s
[2025-01-18T03:49:16.266+0000][79][info ][safepoint   ] Safepoint "G1PauseRemark", Time since last: 8622371 ns, Reaching safepoint: 3741 ns, Cleanup: 6144 ns, At safepoint: 4786178 ns, Total: 4796063 ns
[2025-01-18T03:49:16.266+0000][79][info ][gc,marking  ] GC(9) Concurrent Mark 8.913ms
[2025-01-18T03:49:16.267+0000][79][info ][gc,marking  ] GC(9) Concurrent Rebuild Remembered Sets and Scrub Regions
[2025-01-18T03:49:16.267+0000][79][info ][gc,marking  ] GC(9) Concurrent Rebuild Remembered Sets and Scrub Regions 0.904ms
[2025-01-18T03:49:16.268+0000][79][info ][gc,start    ] GC(9) Pause Cleanup
[2025-01-18T03:49:16.269+0000][79][info ][gc          ] GC(9) Pause Cleanup 45M->45M(3392M) 0.676ms
[2025-01-18T03:49:16.269+0000][79][info ][gc,cpu      ] GC(9) User=0.00s Sys=0.00s Real=0.00s
[2025-01-18T03:49:16.270+0000][79][info ][safepoint   ] Safepoint "G1PauseCleanup", Time since last: 2119498 ns, Reaching safepoint: 270099 ns, Cleanup: 12171 ns, At safepoint: 1454692 ns, Total: 1736962 ns
[2025-01-18T03:49:16.270+0000][79][info ][gc,marking  ] GC(9) Concurrent Clear Claimed Marks
[2025-01-18T03:49:16.270+0000][79][info ][gc,marking  ] GC(9) Concurrent Clear Claimed Marks 0.351ms
[2025-01-18T03:49:16.271+0000][79][info ][gc,marking  ] GC(9) Concurrent Cleanup for Next Mark
[2025-01-18T03:49:16.273+0000][79][info ][gc,marking  ] GC(9) Concurrent Cleanup for Next Mark 2.022ms
[2025-01-18T03:49:16.273+0000][79][info ][gc          ] GC(9) Concurrent Mark Cycle 21.339ms
[2025-01-18T03:49:17.113+0000][79][info ][safepoint   ] Safepoint "ICBufferFull", Time since last: 842936016 ns, Reaching safepoint: 4675 ns, Cleanup: 134760 ns, At safepoint: 3189 ns, Total: 142624 ns
[2025-01-18T03:49:18.144+0000][79][info ][safepoint   ] Safepoint "Cleanup", Time since last: 1031053133 ns, Reaching safepoint: 2814 ns, Cleanup: 75243 ns, At safepoint: 14175 ns, Total: 92232 ns
[2025-01-18T03:49:19.147+0000][79][info ][safepoint   ] Safepoint "Cleanup", Time since last: 1003418479 ns, Reaching safepoint: 88249 ns, Cleanup: 95120 ns, At safepoint: 19109 ns, Total: 202478 ns
[2025-01-18T03:49:19.963+0000][79][info ][safepoint   ] Safepoint "ICBufferFull", Time since last: 815117059 ns, Reaching safepoint: 4003 ns, Cleanup: 137532 ns, At safepoint: 2401 ns, Total: 143936 ns
[2025-01-18T03:49:21.088+0000][79][info ][gc,start    ] GC(10) Pause Young (Concurrent Start) (Metadata GC Threshold)
[2025-01-18T03:49:21.089+0000][79][info ][gc,task     ] GC(10) Using 18 workers of 18 for evacuation
[2025-01-18T03:49:21.089+0000][79][debug][gc,age      ] GC(10) Desired survivor size 67108864 bytes, new threshold 15 (max threshold 15)
[2025-01-18T03:49:21.109+0000][79][info ][gc,phases   ] GC(10)   Pre Evacuate Collection Set: 0.5ms
[2025-01-18T03:49:21.110+0000][79][info ][gc,phases   ] GC(10)   Merge Heap Roots: 0.2ms
[2025-01-18T03:49:21.110+0000][79][info ][gc,phases   ] GC(10)   Evacuate Collection Set: 15.4ms
[2025-01-18T03:49:21.110+0000][79][info ][gc,phases   ] GC(10)   Post Evacuate Collection Set: 3.6ms
[2025-01-18T03:49:21.111+0000][79][info ][gc,phases   ] GC(10)   Other: 0.9ms
[2025-01-18T03:49:21.111+0000][79][trace][gc,age      ] GC(10) Age table with threshold 15 (max threshold 15)
[2025-01-18T03:49:21.111+0000][79][trace][gc,age      ] GC(10) - age   1:   20771776 bytes,   20771776 total
[2025-01-18T03:49:21.111+0000][79][trace][gc,age      ] GC(10) - age   2:    6360352 bytes,   27132128 total
[2025-01-18T03:49:21.111+0000][79][trace][gc,age      ] GC(10) - age   3:    8842168 bytes,   35974296 total
[2025-01-18T03:49:21.111+0000][79][trace][gc,age      ] GC(10) - age   4:    3294600 bytes,   39268896 total
[2025-01-18T03:49:21.112+0000][79][trace][gc,age      ] GC(10) - age   5:    6470120 bytes,   45739016 total
[2025-01-18T03:49:21.112+0000][79][trace][gc,age      ] GC(10) - age   6:    4547992 bytes,   50287008 total
[2025-01-18T03:49:21.112+0000][79][trace][gc,age      ] GC(10) - age   7:      16416 bytes,   50303424 total
[2025-01-18T03:49:21.113+0000][79][trace][gc,age      ] GC(10) - age   8:    8818800 bytes,   59122224 total
[2025-01-18T03:49:21.113+0000][79][info ][gc,heap     ] GC(10) Eden regions: 205->0(279)
[2025-01-18T03:49:21.114+0000][79][info ][gc,heap     ] GC(10) Survivor regions: 11->16(32)
[2025-01-18T03:49:21.114+0000][79][info ][gc,heap     ] GC(10) Old regions: 1->1
[2025-01-18T03:49:21.114+0000][79][info ][gc,heap     ] GC(10) Humongous regions: 0->0
[2025-01-18T03:49:21.115+0000][79][info ][gc,metaspace] GC(10) Metaspace: 99167K(101056K)->99167K(101056K) NonClass: 86306K(87424K)->86306K(87424K) Class: 12861K(13632K)->12861K(13632K)
[2025-01-18T03:49:21.115+0000][79][info ][gc          ] GC(10) Pause Young (Concurrent Start) (Metadata GC Threshold) 859M->62M(3392M) 26.861ms
[2025-01-18T03:49:21.115+0000][79][info ][gc,cpu      ] GC(10) User=0.21s Sys=0.00s Real=0.03s
[2025-01-18T03:49:21.115+0000][79][info ][gc          ] GC(11) Concurrent Mark Cycle
[2025-01-18T03:49:21.116+0000][79][info ][safepoint   ] Safepoint "CollectForMetadataAllocation", Time since last: 1125368808 ns, Reaching safepoint: 4915 ns, Cleanup: 121424 ns, At safepoint: 27692748 ns, Total: 27819087 ns
[2025-01-18T03:49:21.116+0000][79][info ][gc,marking  ] GC(11) Concurrent Scan Root Regions
[2025-01-18T03:49:21.124+0000][79][info ][gc,marking  ] GC(11) Concurrent Scan Root Regions 7.774ms
[2025-01-18T03:49:21.124+0000][79][info ][gc,marking  ] GC(11) Concurrent Mark
[2025-01-18T03:49:21.125+0000][79][info ][gc,marking  ] GC(11) Concurrent Mark From Roots
[2025-01-18T03:49:21.125+0000][79][info ][gc,task     ] GC(11) Using 5 workers of 5 for marking
[2025-01-18T03:49:21.127+0000][79][info ][gc,marking  ] GC(11) Concurrent Mark From Roots 2.013ms
[2025-01-18T03:49:21.127+0000][79][info ][gc,marking  ] GC(11) Concurrent Preclean
[2025-01-18T03:49:21.128+0000][79][info ][gc,marking  ] GC(11) Concurrent Preclean 0.400ms
[2025-01-18T03:49:21.128+0000][79][info ][gc,start    ] GC(11) Pause Remark
[2025-01-18T03:49:21.134+0000][79][info ][gc          ] GC(11) Pause Remark 66M->66M(3392M) 5.470ms
[2025-01-18T03:49:21.134+0000][79][info ][gc,cpu      ] GC(11) User=0.03s Sys=0.00s Real=0.01s
[2025-01-18T03:49:21.135+0000][79][info ][safepoint   ] Safepoint "G1PauseRemark", Time since last: 12030555 ns, Reaching safepoint: 106271 ns, Cleanup: 9560 ns, At safepoint: 6641268 ns, Total: 6757099 ns
[2025-01-18T03:49:21.135+0000][79][info ][gc,marking  ] GC(11) Concurrent Mark 10.647ms
[2025-01-18T03:49:21.135+0000][79][info ][gc,marking  ] GC(11) Concurrent Rebuild Remembered Sets and Scrub Regions
[2025-01-18T03:49:21.136+0000][79][info ][gc,marking  ] GC(11) Concurrent Rebuild Remembered Sets and Scrub Regions 0.766ms
[2025-01-18T03:49:21.136+0000][79][info ][gc,start    ] GC(11) Pause Cleanup
[2025-01-18T03:49:21.137+0000][79][info ][gc          ] GC(11) Pause Cleanup 66M->66M(3392M) 0.591ms
[2025-01-18T03:49:21.137+0000][79][info ][gc,cpu      ] GC(11) User=0.00s Sys=0.00s Real=0.00s
[2025-01-18T03:49:21.138+0000][79][info ][safepoint   ] Safepoint "G1PauseCleanup", Time since last: 1629238 ns, Reaching safepoint: 9072 ns, Cleanup: 18345 ns, At safepoint: 1274850 ns, Total: 1302267 ns
[2025-01-18T03:49:21.138+0000][79][info ][gc,marking  ] GC(11) Concurrent Clear Claimed Marks
[2025-01-18T03:49:21.138+0000][79][info ][gc,marking  ] GC(11) Concurrent Clear Claimed Marks 0.392ms
[2025-01-18T03:49:21.139+0000][79][info ][gc,marking  ] GC(11) Concurrent Cleanup for Next Mark
[2025-01-18T03:49:21.141+0000][79][info ][gc,marking  ] GC(11) Concurrent Cleanup for Next Mark 2.350ms
[2025-01-18T03:49:21.142+0000][79][info ][gc          ] GC(11) Concurrent Mark Cycle 26.067ms
[2025-01-18T03:49:21.838+0000][79][info ][safepoint   ] Safepoint "ICBufferFull", Time since last: 700576393 ns, Reaching safepoint: 4597 ns, Cleanup: 115610 ns, At safepoint: 2342 ns, Total: 122549 ns
[2025-01-18T03:49:22.535+0000][79][info ][safepoint   ] Safepoint "ICBufferFull", Time since last: 696787278 ns, Reaching safepoint: 4070 ns, Cleanup: 113812 ns, At safepoint: 2138 ns, Total: 120020 ns
[2025-01-18T03:49:22.680+0000][79][info ][safepoint   ] Safepoint "ICBufferFull", Time since last: 144211259 ns, Reaching safepoint: 4691 ns, Cleanup: 84432 ns, At safepoint: 1731 ns, Total: 90854 ns
[2025-01-18T03:49:22.839+0000][79][info ][safepoint   ] Safepoint "ICBufferFull", Time since last: 159014880 ns, Reaching safepoint: 149763 ns, Cleanup: 84365 ns, At safepoint: 30565 ns, Total: 264693 ns
[2025-01-18T03:49:23.061+0000][79][info ][safepoint   ] Safepoint "ICBufferFull", Time since last: 222162933 ns, Reaching safepoint: 4404 ns, Cleanup: 114734 ns, At safepoint: 1842 ns, Total: 120980 ns
[2025-01-18T03:49:23.357+0000][79][info ][safepoint   ] Safepoint "ICBufferFull", Time since last: 295339938 ns, Reaching safepoint: 150411 ns, Cleanup: 103660 ns, At safepoint: 34584 ns, Total: 288655 ns
[2025-01-18T03:49:23.838+0000][79][info ][safepoint   ] Safepoint "ICBufferFull", Time since last: 480672940 ns, Reaching safepoint: 8114 ns, Cleanup: 116344 ns, At safepoint: 14498 ns, Total: 138956 ns
[2025-01-18T03:49:24.350+0000][79][info ][safepoint   ] Safepoint "ICBufferFull", Time since last: 512257319 ns, Reaching safepoint: 96189 ns, Cleanup: 90740 ns, At safepoint: 50265 ns, Total: 237194 ns
[2025-01-18T03:49:24.501+0000][79][info ][safepoint   ] Safepoint "ICBufferFull", Time since last: 150818300 ns, Reaching safepoint: 7446 ns, Cleanup: 90292 ns, At safepoint: 18889 ns, Total: 116627 ns
[2025-01-18T03:49:24.653+0000][79][info ][safepoint   ] Safepoint "ICBufferFull", Time since last: 151805999 ns, Reaching safepoint: 7446 ns, Cleanup: 90756 ns, At safepoint: 49752 ns, Total: 147954 ns
[2025-01-18T03:49:24.808+0000][79][info ][safepoint   ] Safepoint "ICBufferFull", Time since last: 154274494 ns, Reaching safepoint: 221188 ns, Cleanup: 133598 ns, At safepoint: 37076 ns, Total: 391862 ns
[2025-01-18T03:49:25.076+0000][79][info ][safepoint   ] Safepoint "ICBufferFull", Time since last: 267887315 ns, Reaching safepoint: 164565 ns, Cleanup: 97198 ns, At safepoint: 87500 ns, Total: 349263 ns
[2025-01-18T03:49:25.256+0000][79][info ][safepoint   ] Safepoint "ICBufferFull", Time since last: 180016431 ns, Reaching safepoint: 13716 ns, Cleanup: 98427 ns, At safepoint: 18410 ns, Total: 130553 ns
[2025-01-18T03:49:25.665+0000][79][info ][safepoint   ] Safepoint "ICBufferFull", Time since last: 396997543 ns, Reaching safepoint: 11361712 ns, Cleanup: 136239 ns, At safepoint: 98814 ns, Total: 11596765 ns
[2025-01-18T03:49:25.666+0000][79][info ][safepoint   ] Safepoint "ICBufferFull", Time since last: 851474 ns, Reaching safepoint: 404264 ns, Cleanup: 7228 ns, At safepoint: 72445 ns, Total: 483937 ns
[2025-01-18T03:49:25.676+0000][79][info ][safepoint   ] Safepoint "ICBufferFull", Time since last: 474378 ns, Reaching safepoint: 9326012 ns, Cleanup: 17194 ns, At safepoint: 81657 ns, Total: 9424863 ns
[2025-01-18T03:49:25.837+0000][79][info ][safepoint   ] Safepoint "ICBufferFull", Time since last: 161510112 ns, Reaching safepoint: 11228 ns, Cleanup: 89805 ns, At safepoint: 25533 ns, Total: 126566 ns
[2025-01-18T03:49:26.103+0000][79][info ][safepoint   ] Safepoint "ICBufferFull", Time since last: 265267349 ns, Reaching safepoint: 100042 ns, Cleanup: 98921 ns, At safepoint: 91552 ns, Total: 290515 ns
[2025-01-18T03:49:26.197+0000][79][info ][safepoint   ] Safepoint "ICBufferFull", Time since last: 93750677 ns, Reaching safepoint: 205375 ns, Cleanup: 118035 ns, At safepoint: 82902 ns, Total: 406312 ns
[2025-01-18T03:49:27.086+0000][79][info ][safepoint   ] Safepoint "ICBufferFull", Time since last: 888598092 ns, Reaching safepoint: 13189 ns, Cleanup: 105278 ns, At safepoint: 4025 ns, Total: 122492 ns
[2025-01-18T03:49:28.091+0000][79][info ][safepoint   ] Safepoint "Cleanup", Time since last: 1004681660 ns, Reaching safepoint: 21091 ns, Cleanup: 23381 ns, At safepoint: 4633 ns, Total: 49105 ns
[2025-01-18T03:49:29.092+0000][79][info ][safepoint   ] Safepoint "Cleanup", Time since last: 1000904333 ns, Reaching safepoint: 77481 ns, Cleanup: 30392 ns, At safepoint: 6042 ns, Total: 113915 ns
[2025-01-18T03:49:30.092+0000][79][info ][safepoint   ] Safepoint "Cleanup", Time since last: 1000772354 ns, Reaching safepoint: 18700 ns, Cleanup: 12243 ns, At safepoint: 4047 ns, Total: 34990 ns
[2025-01-18T03:49:31.093+0000][79][info ][safepoint   ] Safepoint "Cleanup", Time since last: 1000779365 ns, Reaching safepoint: 24919 ns, Cleanup: 23105 ns, At safepoint: 4841 ns, Total: 52865 ns
[2025-01-18T03:49:31.748+0000][79][info ][safepoint   ] Safepoint "ICBufferFull", Time since last: 654994811 ns, Reaching safepoint: 16379 ns, Cleanup: 92594 ns, At safepoint: 90968 ns, Total: 199941 ns
[2025-01-18T03:49:31.749+0000][79][info ][safepoint   ] Safepoint "ICBufferFull", Time since last: 597897 ns, Reaching safepoint: 67392 ns, Cleanup: 4250 ns, At safepoint: 96533 ns, Total: 168175 ns
[2025-01-18T03:49:32.623+0000][79][info ][safepoint   ] Safepoint "ICBufferFull", Time since last: 873755129 ns, Reaching safepoint: 233585 ns, Cleanup: 105658 ns, At safepoint: 67513 ns, Total: 406756 ns
[2025-01-18T03:49:32.717+0000][79][info ][safepoint   ] Safepoint "ICBufferFull", Time since last: 93060902 ns, Reaching safepoint: 22425 ns, Cleanup: 115493 ns, At safepoint: 47177 ns, Total: 185095 ns
[2025-01-18T03:49:34.584+0000][79][info ][safepoint   ] Safepoint "Cleanup", Time since last: 1866943072 ns, Reaching safepoint: 24248 ns, Cleanup: 77732 ns, At safepoint: 5180 ns, Total: 107160 ns
[2025-01-18T03:49:35.036+0000][79][info ][safepoint   ] Safepoint "ICBufferFull", Time since last: 451795168 ns, Reaching safepoint: 154509 ns, Cleanup: 102434 ns, At safepoint: 92161 ns, Total: 349104 ns
[2025-01-18T03:49:35.206+0000][79][info ][safepoint   ] Safepoint "ICBufferFull", Time since last: 169940941 ns, Reaching safepoint: 13666 ns, Cleanup: 94085 ns, At safepoint: 77912 ns, Total: 185663 ns
[2025-01-18T03:49:35.207+0000][79][info ][safepoint   ] Safepoint "ICBufferFull", Time since last: 750056 ns, Reaching safepoint: 12528 ns, Cleanup: 6497 ns, At safepoint: 32335 ns, Total: 51360 ns
[2025-01-18T03:49:35.272+0000][79][info ][safepoint   ] Safepoint "ICBufferFull", Time since last: 65421904 ns, Reaching safepoint: 20300 ns, Cleanup: 134828 ns, At safepoint: 69598 ns, Total: 224726 ns
[2025-01-18T03:49:35.397+0000][79][info ][safepoint   ] Safepoint "ICBufferFull", Time since last: 124200160 ns, Reaching safepoint: 155299 ns, Cleanup: 108038 ns, At safepoint: 48225 ns, Total: 311562 ns
[2025-01-18T03:49:35.737+0000][79][info ][safepoint   ] Safepoint "ICBufferFull", Time since last: 340002202 ns, Reaching safepoint: 34363 ns, Cleanup: 111985 ns, At safepoint: 19493 ns, Total: 165841 ns
[2025-01-18T03:49:35.754+0000][79][info ][gc,start    ] GC(12) Pause Young (Normal) (G1 Evacuation Pause)
[2025-01-18T03:49:35.754+0000][79][info ][gc,task     ] GC(12) Using 18 workers of 18 for evacuation
[2025-01-18T03:49:35.754+0000][79][debug][gc,age      ] GC(12) Desired survivor size 77594624 bytes, new threshold 15 (max threshold 15)
[2025-01-18T03:49:35.806+0000][79][info ][gc,phases   ] GC(12)   Pre Evacuate Collection Set: 0.4ms
[2025-01-18T03:49:35.806+0000][79][info ][gc,phases   ] GC(12)   Merge Heap Roots: 0.5ms
[2025-01-18T03:49:35.806+0000][79][info ][gc,phases   ] GC(12)   Evacuate Collection Set: 44.6ms
[2025-01-18T03:49:35.807+0000][79][info ][gc,phases   ] GC(12)   Post Evacuate Collection Set: 5.1ms
[2025-01-18T03:49:35.807+0000][79][info ][gc,phases   ] GC(12)   Other: 0.9ms
[2025-01-18T03:49:35.808+0000][79][trace][gc,age      ] GC(12) Age table with threshold 15 (max threshold 15)
[2025-01-18T03:49:35.808+0000][79][trace][gc,age      ] GC(12) - age   1:   61488272 bytes,   61488272 total
[2025-01-18T03:49:35.808+0000][79][trace][gc,age      ] GC(12) - age   2:   20090752 bytes,   81579024 total
[2025-01-18T03:49:35.809+0000][79][trace][gc,age      ] GC(12) - age   3:    6208008 bytes,   87787032 total
[2025-01-18T03:49:35.809+0000][79][trace][gc,age      ] GC(12) - age   4:    8838032 bytes,   96625064 total
[2025-01-18T03:49:35.810+0000][79][trace][gc,age      ] GC(12) - age   5:    3291544 bytes,   99916608 total
[2025-01-18T03:49:35.810+0000][79][trace][gc,age      ] GC(12) - age   6:    6467336 bytes,  106383944 total
[2025-01-18T03:49:35.810+0000][79][trace][gc,age      ] GC(12) - age   7:    4523544 bytes,  110907488 total
[2025-01-18T03:49:35.811+0000][79][trace][gc,age      ] GC(12) - age   8:      16416 bytes,  110923904 total
[2025-01-18T03:49:35.811+0000][79][trace][gc,age      ] GC(12) - age   9:    8759848 bytes,  119683752 total
[2025-01-18T03:49:35.811+0000][79][info ][gc,heap     ] GC(12) Eden regions: 279->0(211)
[2025-01-18T03:49:35.812+0000][79][info ][gc,heap     ] GC(12) Survivor regions: 16->33(37)
[2025-01-18T03:49:35.812+0000][79][info ][gc,heap     ] GC(12) Old regions: 1->1
[2025-01-18T03:49:35.813+0000][79][info ][gc,heap     ] GC(12) Humongous regions: 4->4
[2025-01-18T03:49:35.813+0000][79][info ][gc,metaspace] GC(12) Metaspace: 143409K(147264K)->143409K(147264K) NonClass: 123745K(125824K)->123745K(125824K) Class: 19663K(21440K)->19663K(21440K)
[2025-01-18T03:49:35.813+0000][79][info ][gc          ] GC(12) Pause Young (Normal) (G1 Evacuation Pause) 1194M->146M(3392M) 59.782ms
[2025-01-18T03:49:35.814+0000][79][info ][gc,cpu      ] GC(12) User=0.59s Sys=0.00s Real=0.06s
[2025-01-18T03:49:35.815+0000][79][info ][safepoint   ] Safepoint "G1CollectForAllocation", Time since last: 16093994 ns, Reaching safepoint: 402439 ns, Cleanup: 15584 ns, At safepoint: 60963843 ns, Total: 61381866 ns
[2025-01-18T03:49:37.351+0000][79][info ][safepoint   ] Safepoint "Cleanup", Time since last: 1536349234 ns, Reaching safepoint: 17713 ns, Cleanup: 146761 ns, At safepoint: 78996 ns, Total: 243470 ns
[2025-01-18T03:49:38.246+0000][79][info ][safepoint   ] Safepoint "ICBufferFull", Time since last: 894970711 ns, Reaching safepoint: 20766 ns, Cleanup: 121529 ns, At safepoint: 20809 ns, Total: 163104 ns
[2025-01-18T03:49:38.548+0000][79][info ][safepoint   ] Safepoint "ICBufferFull", Time since last: 301068530 ns, Reaching safepoint: 20216 ns, Cleanup: 112480 ns, At safepoint: 29801 ns, Total: 162497 ns
[2025-01-18T03:49:39.644+0000][79][info ][safepoint   ] Safepoint "Cleanup", Time since last: 1091567528 ns, Reaching safepoint: 11935 ns, Cleanup: 112033 ns, At safepoint: 25891 ns, Total: 149859 ns
[2025-01-18T03:49:40.658+0000][79][info ][safepoint   ] Safepoint "Cleanup", Time since last: 1013519176 ns, Reaching safepoint: 26772 ns, Cleanup: 44689 ns, At safepoint: 5935 ns, Total: 77396 ns
[2025-01-18T03:49:42.054+0000][79][info ][safepoint   ] Safepoint "Cleanup", Time since last: 1395492234 ns, Reaching safepoint: 36062 ns, Cleanup: 177327 ns, At safepoint: 13541 ns, Total: 226930 ns
[2025-01-18T03:49:43.476+0000][79][info ][safepoint   ] Safepoint "Cleanup", Time since last: 1422028790 ns, Reaching safepoint: 16392 ns, Cleanup: 113197 ns, At safepoint: 33588 ns, Total: 163177 ns
[2025-01-18T03:49:44.663+0000][79][info ][safepoint   ] Safepoint "Cleanup", Time since last: 1187576199 ns, Reaching safepoint: 14893 ns, Cleanup: 107122 ns, At safepoint: 33377 ns, Total: 155392 ns
[2025-01-18T03:49:45.675+0000][79][info ][safepoint   ] Safepoint "Cleanup", Time since last: 1011493153 ns, Reaching safepoint: 97732 ns, Cleanup: 48937 ns, At safepoint: 19219 ns, Total: 165888 ns
[2025-01-18T03:49:46.676+0000][79][info ][safepoint   ] Safepoint "Cleanup", Time since last: 1001321001 ns, Reaching safepoint: 27704 ns, Cleanup: 13332 ns, At safepoint: 5670 ns, Total: 46706 ns
[2025-01-18T03:49:47.677+0000][79][info ][safepoint   ] Safepoint "Cleanup", Time since last: 1000645886 ns, Reaching safepoint: 258343 ns, Cleanup: 72686 ns, At safepoint: 11974 ns, Total: 343003 ns
[2025-01-18T03:49:50.251+0000][79][info ][safepoint   ] Safepoint "Cleanup", Time since last: 2573763387 ns, Reaching safepoint: 11405 ns, Cleanup: 40716 ns, At safepoint: 19606 ns, Total: 71727 ns
[2025-01-18T03:49:51.735+0000][79][info ][safepoint   ] Safepoint "Cleanup", Time since last: 1483324181 ns, Reaching safepoint: 9719 ns, Cleanup: 64003 ns, At safepoint: 18664 ns, Total: 92386 ns
[2025-01-18T03:49:52.742+0000][79][info ][safepoint   ] Safepoint "Cleanup", Time since last: 1007308762 ns, Reaching safepoint: 36234 ns, Cleanup: 25669 ns, At safepoint: 9260 ns, Total: 71163 ns
[2025-01-18T03:49:53.744+0000][79][info ][safepoint   ] Safepoint "Cleanup", Time since last: 1001334168 ns, Reaching safepoint: 28180 ns, Cleanup: 62646 ns, At safepoint: 6884 ns, Total: 97710 ns
[2025-01-18T03:49:54.752+0000][79][info ][safepoint   ] Safepoint "Cleanup", Time since last: 1008830113 ns, Reaching safepoint: 31434 ns, Cleanup: 16850 ns, At safepoint: 8419 ns, Total: 56703 ns
[2025-01-18T03:49:55.754+0000][79][info ][safepoint   ] Safepoint "Cleanup", Time since last: 1001243939 ns, Reaching safepoint: 37376 ns, Cleanup: 14530 ns, At safepoint: 9068 ns, Total: 60974 ns
[2025-01-18T03:49:56.754+0000][79][info ][safepoint   ] Safepoint "Cleanup", Time since last: 1000153546 ns, Reaching safepoint: 13759 ns, Cleanup: 51414 ns, At safepoint: 42826 ns, Total: 107999 ns
[2025-01-18T03:49:57.757+0000][79][info ][safepoint   ] Safepoint "Cleanup", Time since last: 1002863640 ns, Reaching safepoint: 48494 ns, Cleanup: 67227 ns, At safepoint: 14353 ns, Total: 130074 ns
[2025-01-18T03:49:59.759+0000][79][info ][safepoint   ] Safepoint "Cleanup", Time since last: 2001812325 ns, Reaching safepoint: 41667 ns, Cleanup: 57338 ns, At safepoint: 11105 ns, Total: 110110 ns
[2025-01-18T03:50:01.760+0000][79][info ][safepoint   ] Safepoint "Cleanup", Time since last: 2001133423 ns, Reaching safepoint: 107944 ns, Cleanup: 20419 ns, At safepoint: 9665 ns, Total: 138028 ns
[2025-01-18T03:50:02.768+0000][79][info ][safepoint   ] Safepoint "Cleanup", Time since last: 1007956770 ns, Reaching safepoint: 187149 ns, Cleanup: 64338 ns, At safepoint: 94207 ns, Total: 345694 ns
[2025-01-18T03:50:04.273+0000][79][info ][safepoint   ] Safepoint "Cleanup", Time since last: 1504828823 ns, Reaching safepoint: 99034 ns, Cleanup: 78409 ns, At safepoint: 12354 ns, Total: 189797 ns
[2025-01-18T03:50:05.275+0000][79][info ][safepoint   ] Safepoint "Cleanup", Time since last: 1001143905 ns, Reaching safepoint: 26502 ns, Cleanup: 27992 ns, At safepoint: 5346 ns, Total: 59840 ns
[2025-01-18T03:50:06.276+0000][79][info ][safepoint   ] Safepoint "Cleanup", Time since last: 1000802948 ns, Reaching safepoint: 38244 ns, Cleanup: 17236 ns, At safepoint: 10752 ns, Total: 66232 ns
[2025-01-18T03:50:07.277+0000][79][info ][safepoint   ] Safepoint "Cleanup", Time since last: 1001153039 ns, Reaching safepoint: 47692 ns, Cleanup: 20472 ns, At safepoint: 10390 ns, Total: 78554 ns
[2025-01-18T03:50:08.796+0000][79][info ][safepoint   ] Safepoint "Cleanup", Time since last: 1518869106 ns, Reaching safepoint: 11226 ns, Cleanup: 22141 ns, At safepoint: 19909 ns, Total: 53276 ns
[2025-01-18T03:50:09.799+0000][79][info ][safepoint   ] Safepoint "Cleanup", Time since last: 1005338654 ns, Reaching safepoint: 70089 ns, Cleanup: 19930 ns, At safepoint: 13607 ns, Total: 103626 ns
[2025-01-18T03:50:10.800+0000][79][info ][safepoint   ] Safepoint "Cleanup", Time since last: 1000755029 ns, Reaching safepoint: 41483 ns, Cleanup: 18238 ns, At safepoint: 5597 ns, Total: 65318 ns
[2025-01-18T03:50:11.782+0000][79][info ][gc,start    ] GC(13) Pause Young (Concurrent Start) (CodeCache GC Threshold)
[2025-01-18T03:50:11.783+0000][79][info ][gc,task     ] GC(13) Using 18 workers of 18 for evacuation
[2025-01-18T03:50:11.784+0000][79][debug][gc,age      ] GC(13) Desired survivor size 65011712 bytes, new threshold 2 (max threshold 15)
[2025-01-18T03:50:11.854+0000][79][info ][gc,phases   ] GC(13)   Pre Evacuate Collection Set: 1.6ms
[2025-01-18T03:50:11.854+0000][79][info ][gc,phases   ] GC(13)   Merge Heap Roots: 0.5ms
[2025-01-18T03:50:11.855+0000][79][info ][gc,phases   ] GC(13)   Evacuate Collection Set: 62.1ms
[2025-01-18T03:50:11.856+0000][79][info ][gc,phases   ] GC(13)   Post Evacuate Collection Set: 4.1ms
[2025-01-18T03:50:11.856+0000][79][info ][gc,phases   ] GC(13)   Other: 2.3ms
[2025-01-18T03:50:11.856+0000][79][trace][gc,age      ] GC(13) Age table with threshold 2 (max threshold 15)
[2025-01-18T03:50:11.857+0000][79][trace][gc,age      ] GC(13) - age   1:    2457632 bytes,    2457632 total
[2025-01-18T03:50:11.857+0000][79][trace][gc,age      ] GC(13) - age   2:   58582176 bytes,   61039808 total
[2025-01-18T03:50:11.858+0000][79][info ][gc,heap     ] GC(13) Eden regions: 59->0(290)
[2025-01-18T03:50:11.858+0000][79][info ][gc,heap     ] GC(13) Survivor regions: 33->19(31)
[2025-01-18T03:50:11.859+0000][79][info ][gc,heap     ] GC(13) Old regions: 1->15
[2025-01-18T03:50:11.859+0000][79][info ][gc,heap     ] GC(13) Humongous regions: 4->4
[2025-01-18T03:50:11.860+0000][79][info ][gc,metaspace] GC(13) Metaspace: 145878K(149760K)->145878K(149760K) NonClass: 126005K(128128K)->126005K(128128K) Class: 19873K(21632K)->19873K(21632K)
[2025-01-18T03:50:11.860+0000][79][info ][gc          ] GC(13) Pause Young (Concurrent Start) (CodeCache GC Threshold) 382M->147M(3392M) 78.218ms
[2025-01-18T03:50:11.861+0000][79][info ][gc          ] GC(14) Concurrent Mark Cycle
[2025-01-18T03:50:11.861+0000][79][info ][gc,marking  ] GC(14) Concurrent Scan Root Regions
[2025-01-18T03:50:11.861+0000][79][info ][gc,cpu      ] GC(13) User=0.68s Sys=0.00s Real=0.08s
[2025-01-18T03:50:11.862+0000][79][info ][safepoint   ] Safepoint "G1TryInitiateConcMark", Time since last: 981760219 ns, Reaching safepoint: 41682 ns, Cleanup: 30524 ns, At safepoint: 80504490 ns, Total: 80576696 ns
[2025-01-18T03:50:11.874+0000][79][info ][gc,marking  ] GC(14) Concurrent Scan Root Regions 12.600ms
[2025-01-18T03:50:11.875+0000][79][info ][gc,marking  ] GC(14) Concurrent Mark
[2025-01-18T03:50:11.875+0000][79][info ][gc,marking  ] GC(14) Concurrent Mark From Roots
[2025-01-18T03:50:11.876+0000][79][info ][gc,task     ] GC(14) Using 5 workers of 5 for marking
[2025-01-18T03:50:11.878+0000][79][info ][gc,marking  ] GC(14) Concurrent Mark From Roots 2.804ms
[2025-01-18T03:50:11.879+0000][79][info ][gc,marking  ] GC(14) Concurrent Preclean
[2025-01-18T03:50:11.880+0000][79][info ][gc,marking  ] GC(14) Concurrent Preclean 0.635ms
[2025-01-18T03:50:11.880+0000][79][info ][gc,start    ] GC(14) Pause Remark
[2025-01-18T03:50:11.891+0000][79][info ][gc          ] GC(14) Pause Remark 150M->150M(3392M) 10.783ms
[2025-01-18T03:50:11.892+0000][79][info ][gc,cpu      ] GC(14) User=0.06s Sys=0.00s Real=0.01s
[2025-01-18T03:50:11.893+0000][79][info ][safepoint   ] Safepoint "G1PauseRemark", Time since last: 17967462 ns, Reaching safepoint: 25224 ns, Cleanup: 3284 ns, At safepoint: 12191495 ns, Total: 12220003 ns
[2025-01-18T03:50:11.893+0000][79][info ][gc,marking  ] GC(14) Concurrent Mark 18.558ms
[2025-01-18T03:50:11.894+0000][79][info ][gc,marking  ] GC(14) Concurrent Rebuild Remembered Sets and Scrub Regions
[2025-01-18T03:50:11.901+0000][79][info ][gc,marking  ] GC(14) Concurrent Rebuild Remembered Sets and Scrub Regions 7.260ms
[2025-01-18T03:50:11.902+0000][79][info ][gc,start    ] GC(14) Pause Cleanup
[2025-01-18T03:50:11.902+0000][79][info ][gc          ] GC(14) Pause Cleanup 150M->150M(3392M) 0.903ms
[2025-01-18T03:50:11.903+0000][79][info ][gc,cpu      ] GC(14) User=0.01s Sys=0.00s Real=0.00s
[2025-01-18T03:50:11.903+0000][79][info ][safepoint   ] Safepoint "G1PauseCleanup", Time since last: 8933958 ns, Reaching safepoint: 17360 ns, Cleanup: 15726 ns, At safepoint: 1917471 ns, Total: 1950557 ns
[2025-01-18T03:50:11.904+0000][79][info ][gc,marking  ] GC(14) Concurrent Clear Claimed Marks
[2025-01-18T03:50:11.905+0000][79][info ][gc,marking  ] GC(14) Concurrent Clear Claimed Marks 1.051ms
[2025-01-18T03:50:11.906+0000][79][info ][gc,marking  ] GC(14) Concurrent Cleanup for Next Mark
[2025-01-18T03:50:11.908+0000][79][info ][gc,marking  ] GC(14) Concurrent Cleanup for Next Mark 2.428ms
[2025-01-18T03:50:11.909+0000][79][info ][gc          ] GC(14) Concurrent Mark Cycle 48.321ms
[2025-01-18T03:50:14.243+0000][79][info ][safepoint   ] Safepoint "Cleanup", Time since last: 2339580453 ns, Reaching safepoint: 11122 ns, Cleanup: 37643 ns, At safepoint: 5049 ns, Total: 53814 ns
[2025-01-18T03:50:15.873+0000][79][info ][safepoint   ] Safepoint "Cleanup", Time since last: 1629427904 ns, Reaching safepoint: 33670 ns, Cleanup: 60109 ns, At safepoint: 9179 ns, Total: 102958 ns
[2025-01-18T03:50:16.874+0000][79][info ][safepoint   ] Safepoint "Cleanup", Time since last: 1000956647 ns, Reaching safepoint: 46969 ns, Cleanup: 9248 ns, At safepoint: 5692 ns, Total: 61909 ns
[2025-01-18T03:50:17.875+0000][79][info ][safepoint   ] Safepoint "Cleanup", Time since last: 1000959884 ns, Reaching safepoint: 33672 ns, Cleanup: 43050 ns, At safepoint: 9376 ns, Total: 86098 ns
[2025-01-18T03:50:20.243+0000][79][info ][safepoint   ] Safepoint "Cleanup", Time since last: 2367863768 ns, Reaching safepoint: 15855 ns, Cleanup: 43473 ns, At safepoint: 56901 ns, Total: 116229 ns
[2025-01-18T03:50:21.895+0000][79][info ][safepoint   ] Safepoint "Cleanup", Time since last: 1652547746 ns, Reaching safepoint: 34310 ns, Cleanup: 113701 ns, At safepoint: 6179 ns, Total: 154190 ns
[2025-01-18T03:50:23.897+0000][79][info ][safepoint   ] Safepoint "Cleanup", Time since last: 2001039355 ns, Reaching safepoint: 112199 ns, Cleanup: 26017 ns, At safepoint: 7242 ns, Total: 145458 ns
[2025-01-18T03:50:24.898+0000][79][info ][safepoint   ] Safepoint "Cleanup", Time since last: 1001022820 ns, Reaching safepoint: 35987 ns, Cleanup: 19467 ns, At safepoint: 9961 ns, Total: 65415 ns
[2025-01-18T03:50:25.899+0000][79][info ][safepoint   ] Safepoint "Cleanup", Time since last: 1001334737 ns, Reaching safepoint: 42668 ns, Cleanup: 34493 ns, At safepoint: 11016 ns, Total: 88177 ns
[2025-01-18T03:50:26.902+0000][79][info ][safepoint   ] Safepoint "Cleanup", Time since last: 1002665962 ns, Reaching safepoint: 21003 ns, Cleanup: 94814 ns, At safepoint: 34580 ns, Total: 150397 ns
[2025-01-18T03:50:27.916+0000][79][info ][safepoint   ] Safepoint "Cleanup", Time since last: 1013819791 ns, Reaching safepoint: 26063 ns, Cleanup: 10935 ns, At safepoint: 5522 ns, Total: 42520 ns
[2025-01-18T03:50:29.917+0000][79][info ][safepoint   ] Safepoint "Cleanup", Time since last: 2001293192 ns, Reaching safepoint: 26538 ns, Cleanup: 18643 ns, At safepoint: 5779 ns, Total: 50960 ns
[2025-01-18T03:50:30.918+0000][79][info ][safepoint   ] Safepoint "Cleanup", Time since last: 1001251023 ns, Reaching safepoint: 40778 ns, Cleanup: 23382 ns, At safepoint: 10856 ns, Total: 75016 ns
[2025-01-18T03:50:32.242+0000][79][info ][safepoint   ] Safepoint "Cleanup", Time since last: 1323381872 ns, Reaching safepoint: 9592 ns, Cleanup: 26822 ns, At safepoint: 17467 ns, Total: 53881 ns
[2025-01-18T03:50:33.935+0000][79][info ][safepoint   ] Safepoint "Cleanup", Time since last: 1693119075 ns, Reaching safepoint: 37338 ns, Cleanup: 27946 ns, At safepoint: 6497 ns, Total: 71781 ns
[2025-01-18T03:50:34.937+0000][79][info ][safepoint   ] Safepoint "Cleanup", Time since last: 1002241470 ns, Reaching safepoint: 24255 ns, Cleanup: 49108 ns, At safepoint: 5552 ns, Total: 78915 ns
[2025-01-18T03:50:35.939+0000][79][info ][safepoint   ] Safepoint "Cleanup", Time since last: 1001236478 ns, Reaching safepoint: 33309 ns, Cleanup: 51789 ns, At safepoint: 8844 ns, Total: 93942 ns
[2025-01-18T03:50:36.940+0000][79][info ][safepoint   ] Safepoint "Cleanup", Time since last: 1001375001 ns, Reaching safepoint: 30622 ns, Cleanup: 14560 ns, At safepoint: 5926 ns, Total: 51108 ns
[2025-01-18T03:50:37.941+0000][79][info ][safepoint   ] Safepoint "Cleanup", Time since last: 1000868358 ns, Reaching safepoint: 36612 ns, Cleanup: 11678 ns, At safepoint: 5305 ns, Total: 53595 ns
[2025-01-18T03:50:38.946+0000][79][info ][safepoint   ] Safepoint "Cleanup", Time since last: 1007642335 ns, Reaching safepoint: 20167 ns, Cleanup: 57731 ns, At safepoint: 9326 ns, Total: 87224 ns
[2025-01-18T03:50:39.957+0000][79][info ][safepoint   ] Safepoint "Cleanup", Time since last: 1011085811 ns, Reaching safepoint: 28897 ns, Cleanup: 19749 ns, At safepoint: 6112 ns, Total: 54758 ns
[2025-01-18T03:50:40.958+0000][79][info ][safepoint   ] Safepoint "Cleanup", Time since last: 1000851604 ns, Reaching safepoint: 37110 ns, Cleanup: 23189 ns, At safepoint: 8785 ns, Total: 69084 ns
[2025-01-18T03:50:41.959+0000][79][info ][safepoint   ] Safepoint "Cleanup", Time since last: 1001054794 ns, Reaching safepoint: 31118 ns, Cleanup: 21867 ns, At safepoint: 5899 ns, Total: 58884 ns
[2025-01-18T03:50:42.960+0000][79][info ][safepoint   ] Safepoint "Cleanup", Time since last: 1000720012 ns, Reaching safepoint: 43423 ns, Cleanup: 26358 ns, At safepoint: 9888 ns, Total: 79669 ns
[2025-01-18T03:50:44.236+0000][79][info ][safepoint   ] Safepoint "Cleanup", Time since last: 1275503123 ns, Reaching safepoint: 16702 ns, Cleanup: 22715 ns, At safepoint: 8907 ns, Total: 48324 ns
[2025-01-18T03:50:45.982+0000][79][info ][safepoint   ] Safepoint "Cleanup", Time since last: 1746068443 ns, Reaching safepoint: 30802 ns, Cleanup: 30895 ns, At safepoint: 6085 ns, Total: 67782 ns
[2025-01-18T03:50:46.983+0000][79][info ][safepoint   ] Safepoint "Cleanup", Time since last: 1000860811 ns, Reaching safepoint: 65412 ns, Cleanup: 17491 ns, At safepoint: 14243 ns, Total: 97146 ns
[2025-01-18T03:50:47.984+0000][79][info ][safepoint   ] Safepoint "Cleanup", Time since last: 1001207517 ns, Reaching safepoint: 27855 ns, Cleanup: 14865 ns, At safepoint: 5963 ns, Total: 48683 ns
[2025-01-18T03:50:48.985+0000][79][info ][safepoint   ] Safepoint "Cleanup", Time since last: 1001001126 ns, Reaching safepoint: 39825 ns, Cleanup: 16776 ns, At safepoint: 12333 ns, Total: 68934 ns
[2025-01-18T03:50:49.986+0000][79][info ][safepoint   ] Safepoint "Cleanup", Time since last: 1000960758 ns, Reaching safepoint: 29044 ns, Cleanup: 14232 ns, At safepoint: 5544 ns, Total: 48820 ns
[2025-01-18T03:50:50.995+0000][79][info ][safepoint   ] Safepoint "Cleanup", Time since last: 1008847907 ns, Reaching safepoint: 11999 ns, Cleanup: 35827 ns, At safepoint: 5368 ns, Total: 53194 ns
[2025-01-18T03:50:52.005+0000][79][info ][safepoint   ] Safepoint "Cleanup", Time since last: 1010261418 ns, Reaching safepoint: 32069 ns, Cleanup: 23638 ns, At safepoint: 7353 ns, Total: 63060 ns
[2025-01-18T03:50:54.007+0000][79][info ][safepoint   ] Safepoint "Cleanup", Time since last: 2001333611 ns, Reaching safepoint: 27745 ns, Cleanup: 25970 ns, At safepoint: 5896 ns, Total: 59611 ns
[2025-01-18T03:50:55.008+0000][79][info ][safepoint   ] Safepoint "Cleanup", Time since last: 1000915609 ns, Reaching safepoint: 35751 ns, Cleanup: 14374 ns, At safepoint: 8756 ns, Total: 58881 ns
[2025-01-18T03:50:56.232+0000][79][info ][safepoint   ] Safepoint "Cleanup", Time since last: 1224410592 ns, Reaching safepoint: 9809 ns, Cleanup: 13879 ns, At safepoint: 19108 ns, Total: 42796 ns
[2025-01-18T03:50:58.036+0000][79][info ][safepoint   ] Safepoint "Cleanup", Time since last: 1803716853 ns, Reaching safepoint: 36200 ns, Cleanup: 56054 ns, At safepoint: 6138 ns, Total: 98392 ns
[2025-01-18T03:51:00.038+0000][79][info ][safepoint   ] Safepoint "Cleanup", Time since last: 2001464438 ns, Reaching safepoint: 35821 ns, Cleanup: 33935 ns, At safepoint: 10620 ns, Total: 80376 ns
[2025-01-18T03:51:02.039+0000][79][info ][safepoint   ] Safepoint "Cleanup", Time since last: 2001440468 ns, Reaching safepoint: 26525 ns, Cleanup: 12283 ns, At safepoint: 5713 ns, Total: 44521 ns
[2025-01-18T03:51:03.043+0000][79][info ][safepoint   ] Safepoint "Cleanup", Time since last: 1003797561 ns, Reaching safepoint: 26087 ns, Cleanup: 32308 ns, At safepoint: 40703 ns, Total: 99098 ns
[2025-01-18T03:51:04.313+0000][79][info ][safepoint   ] Safepoint "Cleanup", Time since last: 1269889468 ns, Reaching safepoint: 37454 ns, Cleanup: 17695 ns, At safepoint: 9778 ns, Total: 64927 ns
[2025-01-18T03:51:05.314+0000][79][info ][safepoint   ] Safepoint "Cleanup", Time since last: 1001350291 ns, Reaching safepoint: 46174 ns, Cleanup: 19825 ns, At safepoint: 11847 ns, Total: 77846 ns
[2025-01-18T03:51:06.318+0000][79][info ][safepoint   ] Safepoint "Cleanup", Time since last: 1003479292 ns, Reaching safepoint: 26679 ns, Cleanup: 17731 ns, At safepoint: 5415 ns, Total: 49825 ns
[2025-01-18T03:51:08.228+0000][79][info ][safepoint   ] Safepoint "Cleanup", Time since last: 1910401491 ns, Reaching safepoint: 11428 ns, Cleanup: 19445 ns, At safepoint: 5098 ns, Total: 35971 ns
[2025-01-18T03:51:10.068+0000][79][info ][safepoint   ] Safepoint "Cleanup", Time since last: 1840755244 ns, Reaching safepoint: 26711 ns, Cleanup: 24928 ns, At safepoint: 5379 ns, Total: 57018 ns
[2025-01-18T03:51:11.069+0000][79][info ][safepoint   ] Safepoint "Cleanup", Time since last: 1000789669 ns, Reaching safepoint: 30611 ns, Cleanup: 18404 ns, At safepoint: 5918 ns, Total: 54933 ns
[2025-01-18T03:51:12.070+0000][79][info ][safepoint   ] Safepoint "Cleanup", Time since last: 1001070650 ns, Reaching safepoint: 37684 ns, Cleanup: 36769 ns, At safepoint: 10145 ns, Total: 84598 ns
[2025-01-18T03:51:14.228+0000][79][info ][safepoint   ] Safepoint "Cleanup", Time since last: 2157722047 ns, Reaching safepoint: 9812 ns, Cleanup: 8879 ns, At safepoint: 4787 ns, Total: 23478 ns
[2025-01-18T03:51:16.085+0000][79][info ][safepoint   ] Safepoint "Cleanup", Time since last: 1856753085 ns, Reaching safepoint: 37186 ns, Cleanup: 31072 ns, At safepoint: 9323 ns, Total: 77581 ns
[2025-01-18T03:51:18.086+0000][79][info ][safepoint   ] Safepoint "Cleanup", Time since last: 2001552895 ns, Reaching safepoint: 80710 ns, Cleanup: 49129 ns, At safepoint: 13141 ns, Total: 142980 ns
[2025-01-18T03:51:20.231+0000][79][info ][safepoint   ] Safepoint "Cleanup", Time since last: 2144970846 ns, Reaching safepoint: 10046 ns, Cleanup: 13716 ns, At safepoint: 4410 ns, Total: 28172 ns
[2025-01-18T03:51:22.105+0000][79][info ][safepoint   ] Safepoint "Cleanup", Time since last: 1873461255 ns, Reaching safepoint: 11132 ns, Cleanup: 31784 ns, At safepoint: 5026 ns, Total: 47942 ns
[2025-01-18T03:51:24.113+0000][79][info ][safepoint   ] Safepoint "Cleanup", Time since last: 2007706013 ns, Reaching safepoint: 51504 ns, Cleanup: 24387 ns, At safepoint: 6215 ns, Total: 82106 ns
[2025-01-18T03:51:25.114+0000][79][info ][safepoint   ] Safepoint "Cleanup", Time since last: 1001056436 ns, Reaching safepoint: 25524 ns, Cleanup: 10190 ns, At safepoint: 5221 ns, Total: 40935 ns
[2025-01-18T03:51:26.114+0000][79][info ][safepoint   ] Safepoint "Cleanup", Time since last: 1000740793 ns, Reaching safepoint: 37661 ns, Cleanup: 19770 ns, At safepoint: 9420 ns, Total: 66851 ns
[2025-01-18T03:51:27.118+0000][79][info ][safepoint   ] Safepoint "Cleanup", Time since last: 1003536075 ns, Reaching safepoint: 30766 ns, Cleanup: 73833 ns, At safepoint: 31897 ns, Total: 136496 ns
[2025-01-18T03:51:28.123+0000][79][info ][safepoint   ] Safepoint "Cleanup", Time since last: 1005119621 ns, Reaching safepoint: 29436 ns, Cleanup: 21385 ns, At safepoint: 5659 ns, Total: 56480 ns
[2025-01-18T03:51:30.124+0000][79][info ][safepoint   ] Safepoint "Cleanup", Time since last: 2000938662 ns, Reaching safepoint: 29570 ns, Cleanup: 49737 ns, At safepoint: 6957 ns, Total: 86264 ns
[2025-01-18T03:51:31.125+0000][79][info ][safepoint   ] Safepoint "Cleanup", Time since last: 1000849008 ns, Reaching safepoint: 36244 ns, Cleanup: 26711 ns, At safepoint: 10780 ns, Total: 73735 ns
[2025-01-18T03:51:32.226+0000][79][info ][safepoint   ] Safepoint "Cleanup", Time since last: 1100374537 ns, Reaching safepoint: 9604 ns, Cleanup: 8333 ns, At safepoint: 17573 ns, Total: 35510 ns
[2025-01-18T03:51:34.133+0000][79][info ][safepoint   ] Safepoint "Cleanup", Time since last: 1906918981 ns, Reaching safepoint: 55990 ns, Cleanup: 20352 ns, At safepoint: 6146 ns, Total: 82488 ns
[2025-01-18T03:51:35.133+0000][79][info ][safepoint   ] Safepoint "Cleanup", Time since last: 1000718558 ns, Reaching safepoint: 38082 ns, Cleanup: 40596 ns, At safepoint: 6542 ns, Total: 85220 ns
[2025-01-18T03:51:37.135+0000][79][info ][safepoint   ] Safepoint "Cleanup", Time since last: 2000936302 ns, Reaching safepoint: 273307 ns, Cleanup: 21831 ns, At safepoint: 18681 ns, Total: 313819 ns
[2025-01-18T03:51:38.226+0000][79][info ][safepoint   ] Safepoint "Cleanup", Time since last: 1091337438 ns, Reaching safepoint: 8882 ns, Cleanup: 8838 ns, At safepoint: 13080 ns, Total: 30800 ns
[2025-01-18T03:51:40.146+0000][79][info ][safepoint   ] Safepoint "Cleanup", Time since last: 1922125592 ns, Reaching safepoint: 127085 ns, Cleanup: 87984 ns, At safepoint: 7696 ns, Total: 222765 ns
[2025-01-18T03:51:41.147+0000][79][info ][safepoint   ] Safepoint "Cleanup", Time since last: 1000912171 ns, Reaching safepoint: 36825 ns, Cleanup: 13615 ns, At safepoint: 5637 ns, Total: 56077 ns
[2025-01-18T03:51:42.148+0000][79][info ][safepoint   ] Safepoint "Cleanup", Time since last: 1000731023 ns, Reaching safepoint: 34174 ns, Cleanup: 24727 ns, At safepoint: 7768 ns, Total: 66669 ns
[2025-01-18T03:51:44.248+0000][79][info ][safepoint   ] Safepoint "Cleanup", Time since last: 2100180557 ns, Reaching safepoint: 19928 ns, Cleanup: 18376 ns, At safepoint: 36588 ns, Total: 74892 ns
[2025-01-18T03:51:46.161+0000][79][info ][safepoint   ] Safepoint "Cleanup", Time since last: 1912656218 ns, Reaching safepoint: 32803 ns, Cleanup: 29098 ns, At safepoint: 8071 ns, Total: 69972 ns
[2025-01-18T03:51:47.164+0000][79][info ][safepoint   ] Safepoint "Cleanup", Time since last: 1003193393 ns, Reaching safepoint: 43108 ns, Cleanup: 36325 ns, At safepoint: 12592 ns, Total: 92025 ns
[2025-01-18T03:51:50.224+0000][79][info ][safepoint   ] Safepoint "Cleanup", Time since last: 3059813936 ns, Reaching safepoint: 16569 ns, Cleanup: 9746 ns, At safepoint: 17407 ns, Total: 43722 ns
[2025-01-18T03:51:52.174+0000][79][info ][safepoint   ] Safepoint "Cleanup", Time since last: 1949664805 ns, Reaching safepoint: 26863 ns, Cleanup: 34731 ns, At safepoint: 5930 ns, Total: 67524 ns
[2025-01-18T03:51:54.175+0000][79][info ][safepoint   ] Safepoint "Cleanup", Time since last: 2000907635 ns, Reaching safepoint: 29469 ns, Cleanup: 19045 ns, At safepoint: 6029 ns, Total: 54543 ns
[2025-01-18T03:51:55.176+0000][79][info ][safepoint   ] Safepoint "Cleanup", Time since last: 1000777193 ns, Reaching safepoint: 44827 ns, Cleanup: 26226 ns, At safepoint: 11749 ns, Total: 82802 ns
[2025-01-18T03:51:56.191+0000][79][info ][safepoint   ] Safepoint "Cleanup", Time since last: 1014904999 ns, Reaching safepoint: 48863 ns, Cleanup: 27028 ns, At safepoint: 13520 ns, Total: 89411 ns
[2025-01-18T03:51:57.191+0000][79][info ][safepoint   ] Safepoint "Cleanup", Time since last: 1000352889 ns, Reaching safepoint: 16826 ns, Cleanup: 50711 ns, At safepoint: 9349 ns, Total: 76886 ns
[2025-01-18T03:51:58.218+0000][79][info ][safepoint   ] Safepoint "Cleanup", Time since last: 1027068677 ns, Reaching safepoint: 41615 ns, Cleanup: 25283 ns, At safepoint: 12000 ns, Total: 78898 ns
[2025-01-18T03:51:59.219+0000][79][info ][safepoint   ] Safepoint "Cleanup", Time since last: 1001247650 ns, Reaching safepoint: 24666 ns, Cleanup: 16133 ns, At safepoint: 5717 ns, Total: 46516 ns
[2025-01-18T03:52:02.221+0000][79][info ][safepoint   ] Safepoint "Cleanup", Time since last: 3001068379 ns, Reaching safepoint: 23979 ns, Cleanup: 14159 ns, At safepoint: 50884 ns, Total: 89022 ns
[2025-01-18T03:52:03.235+0000][79][info ][safepoint   ] Safepoint "Cleanup", Time since last: 1014553044 ns, Reaching safepoint: 38089 ns, Cleanup: 45271 ns, At safepoint: 71816 ns, Total: 155176 ns
[2025-01-18T03:52:04.355+0000][79][info ][safepoint   ] Safepoint "Cleanup", Time since last: 1119537307 ns, Reaching safepoint: 56314 ns, Cleanup: 12428 ns, At safepoint: 7780 ns, Total: 76522 ns
[2025-01-18T03:52:05.356+0000][79][info ][safepoint   ] Safepoint "Cleanup", Time since last: 1000714030 ns, Reaching safepoint: 56172 ns, Cleanup: 49543 ns, At safepoint: 17839 ns, Total: 123554 ns
[2025-01-18T03:52:06.357+0000][79][info ][safepoint   ] Safepoint "Cleanup", Time since last: 1001333735 ns, Reaching safepoint: 39343 ns, Cleanup: 16357 ns, At safepoint: 10673 ns, Total: 66373 ns
[2025-01-18T03:52:08.224+0000][79][info ][safepoint   ] Safepoint "Cleanup", Time since last: 1866651776 ns, Reaching safepoint: 103915 ns, Cleanup: 19992 ns, At safepoint: 46218 ns, Total: 170125 ns
[2025-01-18T03:52:09.232+0000][79][info ][safepoint   ] Safepoint "Cleanup", Time since last: 1009144691 ns, Reaching safepoint: 59795 ns, Cleanup: 36253 ns, At safepoint: 18534 ns, Total: 114582 ns
[2025-01-18T03:52:11.271+0000][79][info ][safepoint   ] Safepoint "Cleanup", Time since last: 2038873172 ns, Reaching safepoint: 43227 ns, Cleanup: 43599 ns, At safepoint: 11800 ns, Total: 98626 ns
[2025-01-18T03:52:14.235+0000][79][info ][safepoint   ] Safepoint "Cleanup", Time since last: 2963753077 ns, Reaching safepoint: 15308 ns, Cleanup: 23549 ns, At safepoint: 48910 ns, Total: 87767 ns
[2025-01-18T03:52:15.247+0000][79][info ][safepoint   ] Safepoint "Cleanup", Time since last: 1012046498 ns, Reaching safepoint: 62374 ns, Cleanup: 74926 ns, At safepoint: 17431 ns, Total: 154731 ns
[2025-01-18T03:52:17.296+0000][79][info ][safepoint   ] Safepoint "Cleanup", Time since last: 2048786897 ns, Reaching safepoint: 47544 ns, Cleanup: 27272 ns, At safepoint: 12729 ns, Total: 87545 ns
[2025-01-18T03:52:18.297+0000][79][info ][safepoint   ] Safepoint "Cleanup", Time since last: 1001276069 ns, Reaching safepoint: 29651 ns, Cleanup: 15967 ns, At safepoint: 7159 ns, Total: 52777 ns
[2025-01-18T03:52:19.298+0000][79][info ][safepoint   ] Safepoint "Cleanup", Time since last: 1000854957 ns, Reaching safepoint: 88911 ns, Cleanup: 18444 ns, At safepoint: 18485 ns, Total: 125840 ns
[2025-01-18T03:52:20.306+0000][79][info ][safepoint   ] Safepoint "Cleanup", Time since last: 1008312223 ns, Reaching safepoint: 9931 ns, Cleanup: 24213 ns, At safepoint: 19397 ns, Total: 53541 ns
[2025-01-18T03:52:21.697+0000][79][info ][safepoint   ] Safepoint "Cleanup", Time since last: 1390654821 ns, Reaching safepoint: 33505 ns, Cleanup: 44736 ns, At safepoint: 10786 ns, Total: 89027 ns
[2025-01-18T03:52:22.725+0000][79][info ][safepoint   ] Safepoint "Cleanup", Time since last: 1028035555 ns, Reaching safepoint: 46326 ns, Cleanup: 33289 ns, At safepoint: 16037 ns, Total: 95652 ns
[2025-01-18T03:52:23.727+0000][79][info ][safepoint   ] Safepoint "Cleanup", Time since last: 1001220825 ns, Reaching safepoint: 43859 ns, Cleanup: 24887 ns, At safepoint: 11149 ns, Total: 79895 ns
[2025-01-18T03:52:25.728+0000][79][info ][safepoint   ] Safepoint "Cleanup", Time since last: 2001131394 ns, Reaching safepoint: 55831 ns, Cleanup: 32670 ns, At safepoint: 14349 ns, Total: 102850 ns
[2025-01-18T03:52:26.731+0000][79][info ][safepoint   ] Safepoint "Cleanup", Time since last: 1002989660 ns, Reaching safepoint: 9833 ns, Cleanup: 48163 ns, At safepoint: 18570 ns, Total: 76566 ns
[2025-01-18T03:52:27.735+0000][79][info ][safepoint   ] Safepoint "Cleanup", Time since last: 1003553532 ns, Reaching safepoint: 44160 ns, Cleanup: 21594 ns, At safepoint: 70221 ns, Total: 135975 ns
[2025-01-18T03:52:29.736+0000][79][info ][safepoint   ] Safepoint "Cleanup", Time since last: 2001421277 ns, Reaching safepoint: 53661 ns, Cleanup: 42106 ns, At safepoint: 16557 ns, Total: 112324 ns
[2025-01-18T03:52:31.738+0000][79][info ][safepoint   ] Safepoint "Cleanup", Time since last: 2001451636 ns, Reaching safepoint: 41674 ns, Cleanup: 20396 ns, At safepoint: 12013 ns, Total: 74083 ns
[2025-01-18T03:52:32.739+0000][79][info ][safepoint   ] Safepoint "Cleanup", Time since last: 1000972273 ns, Reaching safepoint: 10226 ns, Cleanup: 13343 ns, At safepoint: 30577 ns, Total: 54146 ns
[2025-01-18T03:52:35.744+0000][79][info ][safepoint   ] Safepoint "Cleanup", Time since last: 3005140549 ns, Reaching safepoint: 104994 ns, Cleanup: 86758 ns, At safepoint: 19379 ns, Total: 211131 ns
[2025-01-18T03:52:38.752+0000][79][info ][safepoint   ] Safepoint "Cleanup", Time since last: 3008106985 ns, Reaching safepoint: 48795 ns, Cleanup: 14221 ns, At safepoint: 32867 ns, Total: 95883 ns
[2025-01-18T03:52:44.237+0000][79][info ][safepoint   ] Safepoint "Cleanup", Time since last: 5486899230 ns, Reaching safepoint: 11926 ns, Cleanup: 11655 ns, At safepoint: 22962 ns, Total: 46543 ns
[2025-01-18T03:52:45.782+0000][79][info ][safepoint   ] Safepoint "Cleanup", Time since last: 1545122182 ns, Reaching safepoint: 28816 ns, Cleanup: 17209 ns, At safepoint: 5942 ns, Total: 51967 ns
[2025-01-18T03:52:50.220+0000][79][info ][safepoint   ] Safepoint "Cleanup", Time since last: 4437879811 ns, Reaching safepoint: 22386 ns, Cleanup: 9869 ns, At safepoint: 5073 ns, Total: 37328 ns
[2025-01-18T03:52:51.801+0000][79][info ][safepoint   ] Safepoint "Cleanup", Time since last: 1580527806 ns, Reaching safepoint: 58140 ns, Cleanup: 55334 ns, At safepoint: 17137 ns, Total: 130611 ns
[2025-01-18T03:52:52.802+0000][79][info ][safepoint   ] Safepoint "Cleanup", Time since last: 1001659428 ns, Reaching safepoint: 32171 ns, Cleanup: 19243 ns, At safepoint: 7617 ns, Total: 59031 ns
[2025-01-18T03:52:53.803+0000][79][info ][safepoint   ] Safepoint "Cleanup", Time since last: 1000927438 ns, Reaching safepoint: 28333 ns, Cleanup: 13300 ns, At safepoint: 5368 ns, Total: 47001 ns
[2025-01-18T03:52:54.804+0000][79][info ][safepoint   ] Safepoint "Cleanup", Time since last: 1000586792 ns, Reaching safepoint: 43870 ns, Cleanup: 22632 ns, At safepoint: 11429 ns, Total: 77931 ns
[2025-01-18T03:52:56.238+0000][79][info ][safepoint   ] Safepoint "Cleanup", Time since last: 1433496930 ns, Reaching safepoint: 10656 ns, Cleanup: 11974 ns, At safepoint: 20950 ns, Total: 43580 ns
[2025-01-18T03:52:57.832+0000][79][info ][safepoint   ] Safepoint "Cleanup", Time since last: 1594685579 ns, Reaching safepoint: 16880 ns, Cleanup: 69026 ns, At safepoint: 36533 ns, Total: 122439 ns
[2025-01-18T03:52:58.844+0000][79][info ][safepoint   ] Safepoint "Cleanup", Time since last: 1011112168 ns, Reaching safepoint: 27611 ns, Cleanup: 12410 ns, At safepoint: 5582 ns, Total: 45603 ns
[2025-01-18T03:52:59.844+0000][79][info ][safepoint   ] Safepoint "Cleanup", Time since last: 1000502068 ns, Reaching safepoint: 43695 ns, Cleanup: 26666 ns, At safepoint: 11550 ns, Total: 81911 ns
[2025-01-18T03:53:01.846+0000][79][info ][safepoint   ] Safepoint "Cleanup", Time since last: 2001230363 ns, Reaching safepoint: 53122 ns, Cleanup: 26473 ns, At safepoint: 15244 ns, Total: 94839 ns
[2025-01-18T03:53:02.852+0000][79][info ][safepoint   ] Safepoint "Cleanup", Time since last: 1005944989 ns, Reaching safepoint: 15641 ns, Cleanup: 19741 ns, At safepoint: 28594 ns, Total: 63976 ns
[2025-01-18T03:53:05.402+0000][79][info ][safepoint   ] Safepoint "Cleanup", Time since last: 2550356362 ns, Reaching safepoint: 47757 ns, Cleanup: 11128 ns, At safepoint: 5245 ns, Total: 64130 ns
[2025-01-18T03:53:06.403+0000][79][info ][safepoint   ] Safepoint "Cleanup", Time since last: 1000854132 ns, Reaching safepoint: 25725 ns, Cleanup: 13592 ns, At safepoint: 5663 ns, Total: 44980 ns
[2025-01-18T03:53:07.404+0000][79][info ][safepoint   ] Safepoint "Cleanup", Time since last: 1000621103 ns, Reaching safepoint: 38874 ns, Cleanup: 20452 ns, At safepoint: 10024 ns, Total: 69350 ns
[2025-01-18T03:53:08.873+0000][79][info ][safepoint   ] Safepoint "Cleanup", Time since last: 1468735003 ns, Reaching safepoint: 154921 ns, Cleanup: 39431 ns, At safepoint: 120961 ns, Total: 315313 ns
[2025-01-18T03:53:09.882+0000][79][info ][safepoint   ] Safepoint "Cleanup", Time since last: 1010586739 ns, Reaching safepoint: 37268 ns, Cleanup: 17274 ns, At safepoint: 9943 ns, Total: 64485 ns
[2025-01-18T03:53:10.882+0000][79][info ][safepoint   ] Safepoint "Cleanup", Time since last: 1000639597 ns, Reaching safepoint: 29423 ns, Cleanup: 12403 ns, At safepoint: 5715 ns, Total: 47541 ns
[2025-01-18T03:53:12.883+0000][79][info ][safepoint   ] Safepoint "Cleanup", Time since last: 2000812040 ns, Reaching safepoint: 51595 ns, Cleanup: 27554 ns, At safepoint: 15522 ns, Total: 94671 ns
[2025-01-18T03:53:14.240+0000][79][info ][safepoint   ] Safepoint "Cleanup", Time since last: 1357080921 ns, Reaching safepoint: 13246 ns, Cleanup: 11825 ns, At safepoint: 8388 ns, Total: 33459 ns
[2025-01-18T03:53:15.898+0000][79][info ][safepoint   ] Safepoint "Cleanup", Time since last: 1657747758 ns, Reaching safepoint: 28101 ns, Cleanup: 15842 ns, At safepoint: 5423 ns, Total: 49366 ns
[2025-01-18T03:53:17.899+0000][79][info ][safepoint   ] Safepoint "Cleanup", Time since last: 2000872705 ns, Reaching safepoint: 25911 ns, Cleanup: 14979 ns, At safepoint: 5294 ns, Total: 46184 ns
[2025-01-18T03:53:20.224+0000][79][info ][safepoint   ] Safepoint "Cleanup", Time since last: 2325206702 ns, Reaching safepoint: 9941 ns, Cleanup: 21591 ns, At safepoint: 4587 ns, Total: 36119 ns
[2025-01-18T03:53:21.916+0000][79][info ][safepoint   ] Safepoint "Cleanup", Time since last: 1691867554 ns, Reaching safepoint: 45163 ns, Cleanup: 49709 ns, At safepoint: 11926 ns, Total: 106798 ns
[2025-01-18T03:53:23.917+0000][79][info ][safepoint   ] Safepoint "Cleanup", Time since last: 2000925504 ns, Reaching safepoint: 112540 ns, Cleanup: 16691 ns, At safepoint: 6727 ns, Total: 135958 ns
[2025-01-18T03:53:24.919+0000][79][info ][safepoint   ] Safepoint "Cleanup", Time since last: 1001839711 ns, Reaching safepoint: 28352 ns, Cleanup: 12413 ns, At safepoint: 4539 ns, Total: 45304 ns
[2025-01-18T03:53:25.920+0000][79][info ][safepoint   ] Safepoint "Cleanup", Time since last: 1000442380 ns, Reaching safepoint: 29507 ns, Cleanup: 17344 ns, At safepoint: 6134 ns, Total: 52985 ns
[2025-01-18T03:53:26.932+0000][79][info ][safepoint   ] Safepoint "Cleanup", Time since last: 1012005579 ns, Reaching safepoint: 10751 ns, Cleanup: 35099 ns, At safepoint: 4900 ns, Total: 50750 ns
[2025-01-18T03:53:27.951+0000][79][info ][safepoint   ] Safepoint "Cleanup", Time since last: 1019004616 ns, Reaching safepoint: 44398 ns, Cleanup: 15137 ns, At safepoint: 6743 ns, Total: 66278 ns
[2025-01-18T03:53:29.952+0000][79][info ][safepoint   ] Safepoint "Cleanup", Time since last: 2000868261 ns, Reaching safepoint: 58002 ns, Cleanup: 17250 ns, At safepoint: 12507 ns, Total: 87759 ns
[2025-01-18T03:53:31.952+0000][79][info ][safepoint   ] Safepoint "Cleanup", Time since last: 2000651897 ns, Reaching safepoint: 115640 ns, Cleanup: 21174 ns, At safepoint: 6591 ns, Total: 143405 ns
[2025-01-18T03:53:32.971+0000][79][info ][safepoint   ] Safepoint "Cleanup", Time since last: 1018736283 ns, Reaching safepoint: 11891 ns, Cleanup: 29295 ns, At safepoint: 17872 ns, Total: 59058 ns
[2025-01-18T03:53:33.997+0000][79][info ][safepoint   ] Safepoint "Cleanup", Time since last: 1026052970 ns, Reaching safepoint: 28939 ns, Cleanup: 15211 ns, At safepoint: 5500 ns, Total: 49650 ns
[2025-01-18T03:53:34.998+0000][79][info ][safepoint   ] Safepoint "Cleanup", Time since last: 1000733031 ns, Reaching safepoint: 28768 ns, Cleanup: 35733 ns, At safepoint: 6043 ns, Total: 70544 ns
[2025-01-18T03:53:35.999+0000][79][info ][safepoint   ] Safepoint "Cleanup", Time since last: 1000532209 ns, Reaching safepoint: 59200 ns, Cleanup: 13675 ns, At safepoint: 8141 ns, Total: 81016 ns
[2025-01-18T03:53:38.248+0000][79][info ][safepoint   ] Safepoint "Cleanup", Time since last: 2249033867 ns, Reaching safepoint: 12412 ns, Cleanup: 13380 ns, At safepoint: 18157 ns, Total: 43949 ns
[2025-01-18T03:53:40.062+0000][79][info ][safepoint   ] Safepoint "Cleanup", Time since last: 1815757954 ns, Reaching safepoint: 31199 ns, Cleanup: 47437 ns, At safepoint: 6137 ns, Total: 84773 ns
[2025-01-18T03:53:41.064+0000][79][info ][safepoint   ] Safepoint "Cleanup", Time since last: 1001036308 ns, Reaching safepoint: 77584 ns, Cleanup: 41675 ns, At safepoint: 14123 ns, Total: 133382 ns
[2025-01-18T03:53:42.064+0000][79][info ][safepoint   ] Safepoint "Cleanup", Time since last: 1000603648 ns, Reaching safepoint: 34363 ns, Cleanup: 20782 ns, At safepoint: 6130 ns, Total: 61275 ns
[2025-01-18T03:53:43.065+0000][79][info ][safepoint   ] Safepoint "Cleanup", Time since last: 1000793656 ns, Reaching safepoint: 73114 ns, Cleanup: 15674 ns, At safepoint: 12294 ns, Total: 101082 ns
[2025-01-18T03:53:44.241+0000][79][info ][safepoint   ] Safepoint "Cleanup", Time since last: 1175841165 ns, Reaching safepoint: 10466 ns, Cleanup: 12122 ns, At safepoint: 19240 ns, Total: 41828 ns
[2025-01-18T03:53:45.052+0000][79][info ][safepoint   ] Safepoint "ICBufferFull", Time since last: 811018161 ns, Reaching safepoint: 44798 ns, Cleanup: 164611 ns, At safepoint: 6403 ns, Total: 215812 ns
[2025-01-18T03:53:46.091+0000][79][info ][safepoint   ] Safepoint "Cleanup", Time since last: 1038344474 ns, Reaching safepoint: 30168 ns, Cleanup: 112091 ns, At safepoint: 6539 ns, Total: 148798 ns
[2025-01-18T03:53:46.775+0000][79][info ][safepoint   ] Safepoint "ICBufferFull", Time since last: 683605407 ns, Reaching safepoint: 21037 ns, Cleanup: 135715 ns, At safepoint: 6811 ns, Total: 163563 ns
[2025-01-18T03:53:47.802+0000][79][info ][safepoint   ] Safepoint "Cleanup", Time since last: 1027722451 ns, Reaching safepoint: 46111 ns, Cleanup: 98681 ns, At safepoint: 6930 ns, Total: 151722 ns
[2025-01-18T03:53:50.250+0000][79][info ][safepoint   ] Safepoint "Cleanup", Time since last: 2447597653 ns, Reaching safepoint: 21424 ns, Cleanup: 21805 ns, At safepoint: 18847 ns, Total: 62076 ns
[2025-01-18T03:53:52.114+0000][79][info ][safepoint   ] Safepoint "Cleanup", Time since last: 1864114123 ns, Reaching safepoint: 66985 ns, Cleanup: 49100 ns, At safepoint: 6094 ns, Total: 122179 ns
[2025-01-18T03:53:53.116+0000][79][info ][safepoint   ] Safepoint "Cleanup", Time since last: 1001144289 ns, Reaching safepoint: 154418 ns, Cleanup: 23294 ns, At safepoint: 7238 ns, Total: 184950 ns
[2025-01-18T03:53:54.116+0000][79][info ][safepoint   ] Safepoint "Cleanup", Time since last: 1000752156 ns, Reaching safepoint: 28954 ns, Cleanup: 19111 ns, At safepoint: 6095 ns, Total: 54160 ns
[2025-01-18T03:53:56.118+0000][79][info ][safepoint   ] Safepoint "Cleanup", Time since last: 2000975034 ns, Reaching safepoint: 27559 ns, Cleanup: 11635 ns, At safepoint: 5371 ns, Total: 44565 ns
[2025-01-18T03:53:57.137+0000][79][info ][safepoint   ] Safepoint "Cleanup", Time since last: 1018997819 ns, Reaching safepoint: 10937 ns, Cleanup: 37990 ns, At safepoint: 18633 ns, Total: 67560 ns
[2025-01-18T03:54:00.167+0000][79][info ][safepoint   ] Safepoint "Cleanup", Time since last: 3030162296 ns, Reaching safepoint: 30444 ns, Cleanup: 13752 ns, At safepoint: 6540 ns, Total: 50736 ns
[2025-01-18T03:54:02.240+0000][79][info ][safepoint   ] Safepoint "Cleanup", Time since last: 2073408047 ns, Reaching safepoint: 23459 ns, Cleanup: 12377 ns, At safepoint: 46694 ns, Total: 82530 ns
[2025-01-18T03:54:03.439+0000][79][info ][safepoint   ] Safepoint "Cleanup", Time since last: 1198554397 ns, Reaching safepoint: 10261 ns, Cleanup: 15570 ns, At safepoint: 17286 ns, Total: 43117 ns
[2025-01-18T03:54:05.444+0000][79][info ][safepoint   ] Safepoint "Cleanup", Time since last: 2004906170 ns, Reaching safepoint: 27646 ns, Cleanup: 15193 ns, At safepoint: 5423 ns, Total: 48262 ns
[2025-01-18T03:54:08.261+0000][79][info ][safepoint   ] Safepoint "Cleanup", Time since last: 2816569321 ns, Reaching safepoint: 46041 ns, Cleanup: 10767 ns, At safepoint: 49337 ns, Total: 106145 ns
[2025-01-18T03:54:11.228+0000][79][info ][safepoint   ] Safepoint "Cleanup", Time since last: 2969986550 ns, Reaching safepoint: 34162 ns, Cleanup: 15057 ns, At safepoint: 8424 ns, Total: 57643 ns
[2025-01-18T03:54:14.265+0000][79][info ][safepoint   ] Safepoint "Cleanup", Time since last: 3036695048 ns, Reaching safepoint: 10774 ns, Cleanup: 5581 ns, At safepoint: 43289 ns, Total: 59644 ns
[2025-01-18T03:54:15.279+0000][79][info ][safepoint   ] Safepoint "Cleanup", Time since last: 1013498075 ns, Reaching safepoint: 145083 ns, Cleanup: 19145 ns, At safepoint: 54773 ns, Total: 219001 ns
[2025-01-18T03:54:16.295+0000][79][info ][safepoint   ] Safepoint "Cleanup", Time since last: 1015856161 ns, Reaching safepoint: 40449 ns, Cleanup: 17549 ns, At safepoint: 10719 ns, Total: 68717 ns
[2025-01-18T03:54:17.296+0000][79][info ][safepoint   ] Safepoint "Cleanup", Time since last: 1001104722 ns, Reaching safepoint: 28701 ns, Cleanup: 20252 ns, At safepoint: 5791 ns, Total: 54744 ns
[2025-01-18T03:54:18.297+0000][79][info ][safepoint   ] Safepoint "Cleanup", Time since last: 1000777752 ns, Reaching safepoint: 35404 ns, Cleanup: 17145 ns, At safepoint: 8446 ns, Total: 60995 ns
[2025-01-18T03:54:20.257+0000][79][info ][safepoint   ] Safepoint "Cleanup", Time since last: 1959849473 ns, Reaching safepoint: 9707 ns, Cleanup: 14153 ns, At safepoint: 4410 ns, Total: 28270 ns
[2025-01-18T03:54:21.276+0000][79][info ][safepoint   ] Safepoint "Cleanup", Time since last: 1019812986 ns, Reaching safepoint: 49903 ns, Cleanup: 19047 ns, At safepoint: 7468 ns, Total: 76418 ns
[2025-01-18T03:54:22.336+0000][79][info ][safepoint   ] Safepoint "Cleanup", Time since last: 1059133678 ns, Reaching safepoint: 12047 ns, Cleanup: 17780 ns, At safepoint: 6445 ns, Total: 36272 ns
[2025-01-18T03:54:23.342+0000][79][info ][safepoint   ] Safepoint "Cleanup", Time since last: 1006828236 ns, Reaching safepoint: 29768 ns, Cleanup: 13771 ns, At safepoint: 6746 ns, Total: 50285 ns
[2025-01-18T03:54:24.343+0000][79][info ][safepoint   ] Safepoint "Cleanup", Time since last: 1000625079 ns, Reaching safepoint: 28622 ns, Cleanup: 17707 ns, At safepoint: 6490 ns, Total: 52819 ns
[2025-01-18T03:54:25.344+0000][79][info ][safepoint   ] Safepoint "Cleanup", Time since last: 1000633279 ns, Reaching safepoint: 24330 ns, Cleanup: 17179 ns, At safepoint: 5465 ns, Total: 46974 ns
[2025-01-18T03:54:27.278+0000][79][info ][safepoint   ] Safepoint "Cleanup", Time since last: 1934004180 ns, Reaching safepoint: 57166 ns, Cleanup: 37027 ns, At safepoint: 6416 ns, Total: 100609 ns
[2025-01-18T03:54:29.375+0000][79][info ][safepoint   ] Safepoint "Cleanup", Time since last: 2097388955 ns, Reaching safepoint: 76309 ns, Cleanup: 11835 ns, At safepoint: 5452 ns, Total: 93596 ns
[2025-01-18T03:54:30.381+0000][79][info ][safepoint   ] Safepoint "Cleanup", Time since last: 1005130665 ns, Reaching safepoint: 23018 ns, Cleanup: 70141 ns, At safepoint: 5409 ns, Total: 98568 ns
[2025-01-18T03:54:31.382+0000][79][info ][safepoint   ] Safepoint "Cleanup", Time since last: 1000847136 ns, Reaching safepoint: 33376 ns, Cleanup: 32578 ns, At safepoint: 8762 ns, Total: 74716 ns
[2025-01-18T03:54:32.397+0000][79][info ][safepoint   ] Safepoint "Cleanup", Time since last: 1015357364 ns, Reaching safepoint: 9758 ns, Cleanup: 14942 ns, At safepoint: 17400 ns, Total: 42100 ns
[2025-01-18T03:54:33.414+0000][79][info ][safepoint   ] Safepoint "Cleanup", Time since last: 1017443027 ns, Reaching safepoint: 13520 ns, Cleanup: 16528 ns, At safepoint: 6445 ns, Total: 36493 ns
[2025-01-18T03:54:34.449+0000][79][info ][safepoint   ] Safepoint "Cleanup", Time since last: 1034105805 ns, Reaching safepoint: 38590 ns, Cleanup: 22785 ns, At safepoint: 10415 ns, Total: 71790 ns
[2025-01-18T03:54:35.454+0000][79][info ][safepoint   ] Safepoint "Cleanup", Time since last: 1004940404 ns, Reaching safepoint: 10688 ns, Cleanup: 40267 ns, At safepoint: 30558 ns, Total: 81513 ns
[2025-01-18T03:54:36.462+0000][79][info ][safepoint   ] Safepoint "Cleanup", Time since last: 1008216815 ns, Reaching safepoint: 51849 ns, Cleanup: 26865 ns, At safepoint: 5588 ns, Total: 84302 ns
[2025-01-18T03:54:37.937+0000][79][info ][safepoint   ] Safepoint "Cleanup", Time since last: 1474844323 ns, Reaching safepoint: 37385 ns, Cleanup: 39875 ns, At safepoint: 9471 ns, Total: 86731 ns
[2025-01-18T03:54:39.499+0000][79][info ][safepoint   ] Safepoint "Cleanup", Time since last: 1563824920 ns, Reaching safepoint: 28128 ns, Cleanup: 29630 ns, At safepoint: 6484 ns, Total: 64242 ns
[2025-01-18T03:54:41.500+0000][79][info ][safepoint   ] Safepoint "Cleanup", Time since last: 2001392703 ns, Reaching safepoint: 25977 ns, Cleanup: 15707 ns, At safepoint: 5349 ns, Total: 47033 ns
[2025-01-18T03:54:42.501+0000][79][info ][safepoint   ] Safepoint "Cleanup", Time since last: 1000823108 ns, Reaching safepoint: 27366 ns, Cleanup: 12904 ns, At safepoint: 5823 ns, Total: 46093 ns
[2025-01-18T03:54:44.263+0000][79][info ][safepoint   ] Safepoint "Cleanup", Time since last: 1761352199 ns, Reaching safepoint: 18126 ns, Cleanup: 12721 ns, At safepoint: 8906 ns, Total: 39753 ns
[2025-01-18T03:54:45.548+0000][79][info ][safepoint   ] Safepoint "Cleanup", Time since last: 1285027781 ns, Reaching safepoint: 39476 ns, Cleanup: 62665 ns, At safepoint: 11200 ns, Total: 113341 ns
[2025-01-18T03:54:46.551+0000][79][info ][safepoint   ] Safepoint "Cleanup", Time since last: 1003365761 ns, Reaching safepoint: 42234 ns, Cleanup: 19400 ns, At safepoint: 9214 ns, Total: 70848 ns
[2025-01-18T03:54:47.552+0000][79][info ][safepoint   ] Safepoint "Cleanup", Time since last: 1001031208 ns, Reaching safepoint: 24235 ns, Cleanup: 13045 ns, At safepoint: 5105 ns, Total: 42385 ns
[2025-01-18T03:54:49.555+0000][79][info ][safepoint   ] Safepoint "Cleanup", Time since last: 2002750411 ns, Reaching safepoint: 34106 ns, Cleanup: 19164 ns, At safepoint: 8739 ns, Total: 62009 ns
[2025-01-18T03:54:50.573+0000][79][info ][safepoint   ] Safepoint "Cleanup", Time since last: 1017420330 ns, Reaching safepoint: 137683 ns, Cleanup: 35955 ns, At safepoint: 96742 ns, Total: 270380 ns
[2025-01-18T03:54:51.604+0000][79][info ][safepoint   ] Safepoint "Cleanup", Time since last: 1030655003 ns, Reaching safepoint: 52996 ns, Cleanup: 27144 ns, At safepoint: 26241 ns, Total: 106381 ns
[2025-01-18T03:54:56.235+0000][79][info ][safepoint   ] Safepoint "Cleanup", Time since last: 4631332927 ns, Reaching safepoint: 9544 ns, Cleanup: 14810 ns, At safepoint: 17397 ns, Total: 41751 ns
[2025-01-18T03:54:57.646+0000][79][info ][safepoint   ] Safepoint "Cleanup", Time since last: 1411076762 ns, Reaching safepoint: 39661 ns, Cleanup: 19326 ns, At safepoint: 10581 ns, Total: 69568 ns
[2025-01-18T03:55:02.269+0000][79][info ][safepoint   ] Safepoint "Cleanup", Time since last: 4622441940 ns, Reaching safepoint: 10461 ns, Cleanup: 5394 ns, At safepoint: 4416 ns, Total: 20271 ns
[2025-01-18T03:55:03.480+0000][79][info ][safepoint   ] Safepoint "Cleanup", Time since last: 1211246672 ns, Reaching safepoint: 17157 ns, Cleanup: 18288 ns, At safepoint: 40151 ns, Total: 75596 ns
[2025-01-18T03:55:07.483+0000][79][info ][safepoint   ] Safepoint "Cleanup", Time since last: 4002962991 ns, Reaching safepoint: 51329 ns, Cleanup: 18619 ns, At safepoint: 5755 ns, Total: 75703 ns
[2025-01-18T03:55:08.698+0000][79][info ][safepoint   ] Safepoint "Cleanup", Time since last: 1215338010 ns, Reaching safepoint: 15702 ns, Cleanup: 27185 ns, At safepoint: 8136 ns, Total: 51023 ns
[2025-01-18T03:55:11.711+0000][79][info ][safepoint   ] Safepoint "Cleanup", Time since last: 3013743226 ns, Reaching safepoint: 36778 ns, Cleanup: 19126 ns, At safepoint: 9391 ns, Total: 65295 ns
[2025-01-18T03:55:14.236+0000][79][info ][safepoint   ] Safepoint "Cleanup", Time since last: 2524834523 ns, Reaching safepoint: 9998 ns, Cleanup: 6724 ns, At safepoint: 18794 ns, Total: 35516 ns
[2025-01-18T03:55:15.749+0000][79][info ][safepoint   ] Safepoint "Cleanup", Time since last: 1512790673 ns, Reaching safepoint: 41401 ns, Cleanup: 36824 ns, At safepoint: 10556 ns, Total: 88781 ns
[2025-01-18T03:55:20.240+0000][79][info ][safepoint   ] Safepoint "Cleanup", Time since last: 4491624580 ns, Reaching safepoint: 10384 ns, Cleanup: 9184 ns, At safepoint: 29084 ns, Total: 48652 ns
[2025-01-18T03:55:21.805+0000][79][info ][safepoint   ] Safepoint "Cleanup", Time since last: 1564745024 ns, Reaching safepoint: 28450 ns, Cleanup: 18987 ns, At safepoint: 5355 ns, Total: 52792 ns
[2025-01-18T03:55:22.807+0000][79][info ][safepoint   ] Safepoint "Cleanup", Time since last: 1002199127 ns, Reaching safepoint: 61505 ns, Cleanup: 17586 ns, At safepoint: 7916 ns, Total: 87007 ns
[2025-01-18T03:55:26.236+0000][79][info ][safepoint   ] Safepoint "Cleanup", Time since last: 3428401632 ns, Reaching safepoint: 11182 ns, Cleanup: 7939 ns, At safepoint: 4211 ns, Total: 23332 ns
[2025-01-18T03:55:27.826+0000][79][info ][safepoint   ] Safepoint "Cleanup", Time since last: 1589842101 ns, Reaching safepoint: 47426 ns, Cleanup: 31018 ns, At safepoint: 10129 ns, Total: 88573 ns
[2025-01-18T03:55:29.827+0000][79][info ][safepoint   ] Safepoint "Cleanup", Time since last: 2001512733 ns, Reaching safepoint: 34524 ns, Cleanup: 20940 ns, At safepoint: 8391 ns, Total: 63855 ns
[2025-01-18T03:55:31.835+0000][79][info ][safepoint   ] Safepoint "Cleanup", Time since last: 2007617906 ns, Reaching safepoint: 53555 ns, Cleanup: 26834 ns, At safepoint: 82980 ns, Total: 163369 ns
[2025-01-18T03:55:32.840+0000][79][info ][safepoint   ] Safepoint "Cleanup", Time since last: 1004931766 ns, Reaching safepoint: 13797 ns, Cleanup: 35740 ns, At safepoint: 30954 ns, Total: 80491 ns
[2025-01-18T03:55:35.853+0000][79][info ][safepoint   ] Safepoint "Cleanup", Time since last: 3012426490 ns, Reaching safepoint: 36388 ns, Cleanup: 58484 ns, At safepoint: 9540 ns, Total: 104412 ns
[2025-01-18T03:55:38.231+0000][79][info ][safepoint   ] Safepoint "Cleanup", Time since last: 2377960921 ns, Reaching safepoint: 24134 ns, Cleanup: 9392 ns, At safepoint: 4679 ns, Total: 38205 ns
[2025-01-18T03:55:39.867+0000][79][info ][safepoint   ] Safepoint "Cleanup", Time since last: 1638514242 ns, Reaching safepoint: 37625 ns, Cleanup: 27771 ns, At safepoint: 9640 ns, Total: 75036 ns
[2025-01-18T03:55:41.868+0000][79][info ][safepoint   ] Safepoint "Cleanup", Time since last: 2001128643 ns, Reaching safepoint: 29135 ns, Cleanup: 15344 ns, At safepoint: 6071 ns, Total: 50550 ns
[2025-01-18T03:55:44.248+0000][79][info ][safepoint   ] Safepoint "Cleanup", Time since last: 2380132343 ns, Reaching safepoint: 149760 ns, Cleanup: 22322 ns, At safepoint: 57468 ns, Total: 229550 ns
[2025-01-18T03:55:45.887+0000][79][info ][safepoint   ] Safepoint "Cleanup", Time since last: 1638915412 ns, Reaching safepoint: 47090 ns, Cleanup: 47931 ns, At safepoint: 11506 ns, Total: 106527 ns
[2025-01-18T03:55:47.889+0000][79][info ][safepoint   ] Safepoint "Cleanup", Time since last: 2001864043 ns, Reaching safepoint: 43119 ns, Cleanup: 22375 ns, At safepoint: 8883 ns, Total: 74377 ns
[2025-01-18T03:55:50.249+0000][79][info ][safepoint   ] Safepoint "Cleanup", Time since last: 2359071242 ns, Reaching safepoint: 11527 ns, Cleanup: 15406 ns, At safepoint: 5404 ns, Total: 32337 ns
[2025-01-18T03:55:51.916+0000][79][info ][safepoint   ] Safepoint "Cleanup", Time since last: 1667713647 ns, Reaching safepoint: 30853 ns, Cleanup: 18349 ns, At safepoint: 5465 ns, Total: 54667 ns
[2025-01-18T03:55:54.920+0000][79][info ][safepoint   ] Safepoint "Cleanup", Time since last: 3003385699 ns, Reaching safepoint: 73482 ns, Cleanup: 33818 ns, At safepoint: 9721 ns, Total: 117021 ns
[2025-01-18T03:55:56.259+0000][79][info ][safepoint   ] Safepoint "Cleanup", Time since last: 1339261757 ns, Reaching safepoint: 18727 ns, Cleanup: 10563 ns, At safepoint: 39227 ns, Total: 68517 ns
[2025-01-18T03:55:57.952+0000][79][info ][safepoint   ] Safepoint "Cleanup", Time since last: 1692476235 ns, Reaching safepoint: 46713 ns, Cleanup: 26831 ns, At safepoint: 9588 ns, Total: 83132 ns
[2025-01-18T03:56:02.237+0000][79][info ][safepoint   ] Safepoint "Cleanup", Time since last: 4285071684 ns, Reaching safepoint: 10640 ns, Cleanup: 9305 ns, At safepoint: 18544 ns, Total: 38489 ns
[2025-01-18T03:56:03.524+0000][79][info ][safepoint   ] Safepoint "Cleanup", Time since last: 1287270005 ns, Reaching safepoint: 10938 ns, Cleanup: 31027 ns, At safepoint: 17833 ns, Total: 59798 ns
[2025-01-18T03:56:08.236+0000][79][info ][safepoint   ] Safepoint "Cleanup", Time since last: 4711639412 ns, Reaching safepoint: 21633 ns, Cleanup: 10967 ns, At safepoint: 8613 ns, Total: 41213 ns
[2025-01-18T03:56:10.020+0000][79][info ][safepoint   ] Safepoint "Cleanup", Time since last: 1785457015 ns, Reaching safepoint: 165590 ns, Cleanup: 19301 ns, At safepoint: 10031 ns, Total: 194922 ns
[2025-01-18T03:56:11.021+0000][79][info ][safepoint   ] Safepoint "Cleanup", Time since last: 1000689947 ns, Reaching safepoint: 33021 ns, Cleanup: 13874 ns, At safepoint: 5543 ns, Total: 52438 ns
[2025-01-18T03:56:12.021+0000][79][info ][safepoint   ] Safepoint "Cleanup", Time since last: 1000730826 ns, Reaching safepoint: 51464 ns, Cleanup: 15823 ns, At safepoint: 6054 ns, Total: 73341 ns
[2025-01-18T03:56:14.239+0000][79][info ][safepoint   ] Safepoint "Cleanup", Time since last: 2217437610 ns, Reaching safepoint: 25254 ns, Cleanup: 7472 ns, At safepoint: 16892 ns, Total: 49618 ns
[2025-01-18T03:56:16.043+0000][79][info ][safepoint   ] Safepoint "Cleanup", Time since last: 1803765899 ns, Reaching safepoint: 30163 ns, Cleanup: 13744 ns, At safepoint: 5547 ns, Total: 49454 ns
[2025-01-18T03:56:18.044+0000][79][info ][safepoint   ] Safepoint "Cleanup", Time since last: 2000822755 ns, Reaching safepoint: 35547 ns, Cleanup: 41381 ns, At safepoint: 6118 ns, Total: 83046 ns
[2025-01-18T03:56:20.045+0000][79][info ][safepoint   ] Safepoint "Cleanup", Time since last: 2000910615 ns, Reaching safepoint: 28804 ns, Cleanup: 13053 ns, At safepoint: 5289 ns, Total: 47146 ns
[2025-01-18T03:56:21.060+0000][79][info ][safepoint   ] Safepoint "Cleanup", Time since last: 1015082290 ns, Reaching safepoint: 28691 ns, Cleanup: 17750 ns, At safepoint: 11317 ns, Total: 57758 ns
[2025-01-18T03:56:22.072+0000][79][info ][safepoint   ] Safepoint "Cleanup", Time since last: 1012280773 ns, Reaching safepoint: 29241 ns, Cleanup: 14382 ns, At safepoint: 5402 ns, Total: 49025 ns
[2025-01-18T03:56:23.073+0000][79][info ][safepoint   ] Safepoint "Cleanup", Time since last: 1000516798 ns, Reaching safepoint: 30381 ns, Cleanup: 13645 ns, At safepoint: 5537 ns, Total: 49563 ns
[2025-01-18T03:56:24.895+0000][79][info ][safepoint   ] Safepoint "Cleanup", Time since last: 1822283874 ns, Reaching safepoint: 74194 ns, Cleanup: 142107 ns, At safepoint: 72202 ns, Total: 288503 ns
[2025-01-18T03:56:26.044+0000][79][info ][safepoint   ] Safepoint "Cleanup", Time since last: 1148718302 ns, Reaching safepoint: 24603 ns, Cleanup: 60589 ns, At safepoint: 7067 ns, Total: 92259 ns
[2025-01-18T03:56:27.097+0000][79][info ][safepoint   ] Safepoint "Cleanup", Time since last: 1052748597 ns, Reaching safepoint: 16084 ns, Cleanup: 20057 ns, At safepoint: 7940 ns, Total: 44081 ns
[2025-01-18T03:56:28.136+0000][79][info ][safepoint   ] Safepoint "Cleanup", Time since last: 1039347031 ns, Reaching safepoint: 15415 ns, Cleanup: 21873 ns, At safepoint: 8146 ns, Total: 45434 ns
[2025-01-18T03:56:32.250+0000][79][info ][safepoint   ] Safepoint "Cleanup", Time since last: 4113291552 ns, Reaching safepoint: 11161 ns, Cleanup: 12882 ns, At safepoint: 5222 ns, Total: 29265 ns
[2025-01-18T03:56:34.165+0000][79][info ][safepoint   ] Safepoint "Cleanup", Time since last: 1915142410 ns, Reaching safepoint: 41177 ns, Cleanup: 30127 ns, At safepoint: 9519 ns, Total: 80823 ns
[2025-01-18T03:56:35.167+0000][79][info ][safepoint   ] Safepoint "Cleanup", Time since last: 1002449075 ns, Reaching safepoint: 36692 ns, Cleanup: 51493 ns, At safepoint: 9193 ns, Total: 97378 ns
[2025-01-18T03:56:36.169+0000][79][info ][safepoint   ] Safepoint "Cleanup", Time since last: 1001191362 ns, Reaching safepoint: 34129 ns, Cleanup: 28715 ns, At safepoint: 9337 ns, Total: 72181 ns
[2025-01-18T03:56:38.241+0000][79][info ][safepoint   ] Safepoint "Cleanup", Time since last: 2072152276 ns, Reaching safepoint: 11460 ns, Cleanup: 16408 ns, At safepoint: 5539 ns, Total: 33407 ns
[2025-01-18T03:56:42.190+0000][79][info ][safepoint   ] Safepoint "Cleanup", Time since last: 3951253577 ns, Reaching safepoint: 76337 ns, Cleanup: 19054 ns, At safepoint: 9360 ns, Total: 104751 ns
[2025-01-18T03:56:44.198+0000][79][info ][safepoint   ] Safepoint "Cleanup", Time since last: 2007230554 ns, Reaching safepoint: 41826 ns, Cleanup: 19574 ns, At safepoint: 10171 ns, Total: 71571 ns
[2025-01-18T03:56:45.216+0000][79][info ][safepoint   ] Safepoint "Cleanup", Time since last: 1018270457 ns, Reaching safepoint: 15252 ns, Cleanup: 15859 ns, At safepoint: 8162 ns, Total: 39273 ns
[2025-01-18T03:56:46.230+0000][79][info ][safepoint   ] Safepoint "Cleanup", Time since last: 1013756751 ns, Reaching safepoint: 38239 ns, Cleanup: 16913 ns, At safepoint: 9818 ns, Total: 64970 ns
[2025-01-18T03:56:47.232+0000][79][info ][safepoint   ] Safepoint "Cleanup", Time since last: 1001626923 ns, Reaching safepoint: 37352 ns, Cleanup: 16694 ns, At safepoint: 9361 ns, Total: 63407 ns
[2025-01-18T03:56:50.257+0000][79][info ][safepoint   ] Safepoint "Cleanup", Time since last: 3025742051 ns, Reaching safepoint: 9461 ns, Cleanup: 6555 ns, At safepoint: 4433 ns, Total: 20449 ns
[2025-01-18T03:56:51.295+0000][79][info ][safepoint   ] Safepoint "Cleanup", Time since last: 1036915380 ns, Reaching safepoint: 187856 ns, Cleanup: 14733 ns, At safepoint: 78179 ns, Total: 280768 ns
[2025-01-18T03:56:52.317+0000][79][info ][safepoint   ] Safepoint "Cleanup", Time since last: 1022420758 ns, Reaching safepoint: 26620 ns, Cleanup: 13835 ns, At safepoint: 5408 ns, Total: 45863 ns
[2025-01-18T03:56:59.356+0000][79][info ][safepoint   ] Safepoint "Cleanup", Time since last: 7038341008 ns, Reaching safepoint: 77333 ns, Cleanup: 55669 ns, At safepoint: 10485 ns, Total: 143487 ns
[2025-01-18T03:57:01.363+0000][79][info ][safepoint   ] Safepoint "Cleanup", Time since last: 2007410961 ns, Reaching safepoint: 25660 ns, Cleanup: 14237 ns, At safepoint: 5390 ns, Total: 45287 ns
[2025-01-18T03:57:02.373+0000][79][info ][safepoint   ] Safepoint "Cleanup", Time since last: 1010007970 ns, Reaching safepoint: 9809 ns, Cleanup: 13338 ns, At safepoint: 29849 ns, Total: 52996 ns
[2025-01-18T03:57:03.405+0000][79][info ][safepoint   ] Safepoint "Cleanup", Time since last: 1031462055 ns, Reaching safepoint: 17482 ns, Cleanup: 67639 ns, At safepoint: 39518 ns, Total: 124639 ns
[2025-01-18T03:57:05.567+0000][79][info ][safepoint   ] Safepoint "Cleanup", Time since last: 2162467369 ns, Reaching safepoint: 38391 ns, Cleanup: 25976 ns, At safepoint: 9048 ns, Total: 73415 ns
[2025-01-18T03:57:08.249+0000][79][info ][safepoint   ] Safepoint "Cleanup", Time since last: 2682099323 ns, Reaching safepoint: 9732 ns, Cleanup: 7461 ns, At safepoint: 7206 ns, Total: 24399 ns
[2025-01-18T03:57:09.457+0000][79][info ][safepoint   ] Safepoint "Cleanup", Time since last: 1209545521 ns, Reaching safepoint: 33217 ns, Cleanup: 18064 ns, At safepoint: 7361 ns, Total: 58642 ns
[2025-01-18T03:57:14.254+0000][79][info ][safepoint   ] Safepoint "Cleanup", Time since last: 4797050023 ns, Reaching safepoint: 11499 ns, Cleanup: 8247 ns, At safepoint: 4198 ns, Total: 23944 ns
[2025-01-18T03:57:15.493+0000][79][info ][safepoint   ] Safepoint "Cleanup", Time since last: 1238269733 ns, Reaching safepoint: 40099 ns, Cleanup: 18540 ns, At safepoint: 9518 ns, Total: 68157 ns
[2025-01-18T03:57:17.494+0000][79][info ][safepoint   ] Safepoint "Cleanup", Time since last: 2001003195 ns, Reaching safepoint: 32778 ns, Cleanup: 19903 ns, At safepoint: 8739 ns, Total: 61420 ns
[2025-01-18T03:57:20.372+0000][79][info ][safepoint   ] Safepoint "Cleanup", Time since last: 2878239694 ns, Reaching safepoint: 22115 ns, Cleanup: 11302 ns, At safepoint: 8883 ns, Total: 42300 ns
[2025-01-18T03:57:21.519+0000][79][info ][safepoint   ] Safepoint "Cleanup", Time since last: 1146859820 ns, Reaching safepoint: 46513 ns, Cleanup: 17613 ns, At safepoint: 7633 ns, Total: 71759 ns
[2025-01-18T03:57:22.547+0000][79][info ][safepoint   ] Safepoint "Cleanup", Time since last: 1028125583 ns, Reaching safepoint: 30711 ns, Cleanup: 13218 ns, At safepoint: 6357 ns, Total: 50286 ns
[2025-01-18T03:57:23.548+0000][79][info ][safepoint   ] Safepoint "Cleanup", Time since last: 1001050673 ns, Reaching safepoint: 26956 ns, Cleanup: 13359 ns, At safepoint: 5160 ns, Total: 45475 ns
[2025-01-18T03:57:26.257+0000][79][info ][safepoint   ] Safepoint "Cleanup", Time since last: 2708530038 ns, Reaching safepoint: 23823 ns, Cleanup: 12069 ns, At safepoint: 4630 ns, Total: 40522 ns
[2025-01-18T03:57:27.590+0000][79][info ][safepoint   ] Safepoint "Cleanup", Time since last: 1332865403 ns, Reaching safepoint: 28075 ns, Cleanup: 24057 ns, At safepoint: 5675 ns, Total: 57807 ns
[2025-01-18T03:57:32.599+0000][79][info ][safepoint   ] Safepoint "Cleanup", Time since last: 5009809699 ns, Reaching safepoint: 9741 ns, Cleanup: 6457 ns, At safepoint: 4311 ns, Total: 20509 ns
[2025-01-18T03:57:35.609+0000][79][info ][safepoint   ] Safepoint "Cleanup", Time since last: 3009232269 ns, Reaching safepoint: 38294 ns, Cleanup: 42001 ns, At safepoint: 10111 ns, Total: 90406 ns
[2025-01-18T03:57:38.256+0000][79][info ][safepoint   ] Safepoint "Cleanup", Time since last: 2647587196 ns, Reaching safepoint: 9896 ns, Cleanup: 7108 ns, At safepoint: 16800 ns, Total: 33804 ns
[2025-01-18T03:57:39.655+0000][79][info ][safepoint   ] Safepoint "Cleanup", Time since last: 1400107136 ns, Reaching safepoint: 34805 ns, Cleanup: 39692 ns, At safepoint: 6041 ns, Total: 80538 ns
[2025-01-18T03:57:41.656+0000][79][info ][safepoint   ] Safepoint "Cleanup", Time since last: 2000808253 ns, Reaching safepoint: 44978 ns, Cleanup: 14079 ns, At safepoint: 5501 ns, Total: 64558 ns
[2025-01-18T03:57:42.657+0000][79][info ][safepoint   ] Safepoint "Cleanup", Time since last: 1001064322 ns, Reaching safepoint: 45193 ns, Cleanup: 19469 ns, At safepoint: 10832 ns, Total: 75494 ns
[2025-01-18T03:57:45.684+0000][79][info ][safepoint   ] Safepoint "Cleanup", Time since last: 3026771643 ns, Reaching safepoint: 29576 ns, Cleanup: 13998 ns, At safepoint: 5453 ns, Total: 49027 ns
[2025-01-18T03:57:56.266+0000][79][info ][safepoint   ] Safepoint "Cleanup", Time since last: 10582642934 ns, Reaching safepoint: 21851 ns, Cleanup: 7484 ns, At safepoint: 21959 ns, Total: 51294 ns
[2025-01-18T03:57:57.760+0000][79][info ][safepoint   ] Safepoint "Cleanup", Time since last: 1493583036 ns, Reaching safepoint: 55603 ns, Cleanup: 31013 ns, At safepoint: 16290 ns, Total: 102906 ns
[2025-01-18T03:57:59.762+0000][79][info ][safepoint   ] Safepoint "Cleanup", Time since last: 2001916617 ns, Reaching safepoint: 29108 ns, Cleanup: 12506 ns, At safepoint: 5849 ns, Total: 47463 ns
[2025-01-18T03:58:01.763+0000][79][info ][safepoint   ] Safepoint "Cleanup", Time since last: 2001092984 ns, Reaching safepoint: 63236 ns, Cleanup: 31936 ns, At safepoint: 17793 ns, Total: 112965 ns
[2025-01-18T03:58:02.784+0000][79][info ][safepoint   ] Safepoint "Cleanup", Time since last: 1020942323 ns, Reaching safepoint: 17630 ns, Cleanup: 8672 ns, At safepoint: 8953 ns, Total: 35255 ns
[2025-01-18T03:58:05.616+0000][79][info ][safepoint   ] Safepoint "Cleanup", Time since last: 2831791187 ns, Reaching safepoint: 57634 ns, Cleanup: 31237 ns, At safepoint: 14167 ns, Total: 103038 ns
[2025-01-18T03:58:07.618+0000][79][info ][safepoint   ] Safepoint "Cleanup", Time since last: 2001517172 ns, Reaching safepoint: 42501 ns, Cleanup: 27249 ns, At safepoint: 10725 ns, Total: 80475 ns
[2025-01-18T03:58:08.835+0000][79][info ][safepoint   ] Safepoint "Cleanup", Time since last: 1217400727 ns, Reaching safepoint: 10142 ns, Cleanup: 16988 ns, At safepoint: 18315 ns, Total: 45445 ns
[2025-01-18T03:58:09.872+0000][79][info ][safepoint   ] Safepoint "Cleanup", Time since last: 1038715988 ns, Reaching safepoint: 41659 ns, Cleanup: 28742 ns, At safepoint: 10667 ns, Total: 81068 ns
[2025-01-18T03:58:14.886+0000][79][info ][gc,start    ] GC(15) Pause Young (Normal) (G1 Evacuation Pause)
[2025-01-18T03:58:14.893+0000][79][info ][gc,task     ] GC(15) Using 18 workers of 18 for evacuation
[2025-01-18T03:58:14.894+0000][79][debug][gc,age      ] GC(15) Desired survivor size 81788928 bytes, new threshold 15 (max threshold 15)
[2025-01-18T03:58:15.409+0000][79][info ][gc,mmu      ] GC(15) MMU target violated: 201.0ms (200.0ms/201.0ms)
[2025-01-18T03:58:15.410+0000][79][info ][gc,phases   ] GC(15)   Pre Evacuate Collection Set: 15.2ms
[2025-01-18T03:58:15.411+0000][79][info ][gc,phases   ] GC(15)   Merge Heap Roots: 5.0ms
[2025-01-18T03:58:15.411+0000][79][info ][gc,phases   ] GC(15)   Evacuate Collection Set: 454.9ms
[2025-01-18T03:58:15.411+0000][79][info ][gc,phases   ] GC(15)   Post Evacuate Collection Set: 8.8ms
[2025-01-18T03:58:15.412+0000][79][info ][gc,phases   ] GC(15)   Other: 35.0ms
[2025-01-18T03:58:15.412+0000][79][trace][gc,age      ] GC(15) Age table with threshold 15 (max threshold 15)
[2025-01-18T03:58:15.412+0000][79][trace][gc,age      ] GC(15) - age   1:    3471088 bytes,    3471088 total
[2025-01-18T03:58:15.413+0000][79][trace][gc,age      ] GC(15) - age   2:    1177448 bytes,    4648536 total
[2025-01-18T03:58:15.413+0000][79][trace][gc,age      ] GC(15) - age   3:   57208864 bytes,   61857400 total
[2025-01-18T03:58:15.413+0000][79][info ][gc,heap     ] GC(15) Eden regions: 290->0(24)
[2025-01-18T03:58:15.414+0000][79][info ][gc,heap     ] GC(15) Survivor regions: 19->18(39)
[2025-01-18T03:58:15.414+0000][79][info ][gc,heap     ] GC(15) Old regions: 15->15
[2025-01-18T03:58:15.414+0000][79][info ][gc,heap     ] GC(15) Humongous regions: 4->4
[2025-01-18T03:58:15.415+0000][79][info ][gc,metaspace] GC(15) Metaspace: 149789K(153728K)->149789K(153728K) NonClass: 129805K(131904K)->129805K(131904K) Class: 19984K(21824K)->19984K(21824K)
[2025-01-18T03:58:15.415+0000][79][info ][gc          ] GC(15) Pause Young (Normal) (G1 Evacuation Pause) 1307M->144M(3392M) 529.209ms
[2025-01-18T03:58:15.416+0000][79][info ][gc,cpu      ] GC(15) User=8.03s Sys=0.00s Real=0.53s
[2025-01-18T03:58:15.416+0000][79][info ][safepoint   ] Safepoint "G1CollectForAllocation", Time since last: 5011229782 ns, Reaching safepoint: 76477 ns, Cleanup: 7207 ns, At safepoint: 532140778 ns, Total: 532224462 ns
[2025-01-18T03:58:16.428+0000][79][info ][safepoint   ] Safepoint "Cleanup", Time since last: 1012163471 ns, Reaching safepoint: 171887 ns, Cleanup: 29135 ns, At safepoint: 9578 ns, Total: 210600 ns
[2025-01-18T03:58:20.287+0000][79][info ][safepoint   ] Safepoint "Cleanup", Time since last: 3858459765 ns, Reaching safepoint: 12703 ns, Cleanup: 9639 ns, At safepoint: 23868 ns, Total: 46210 ns
[2025-01-18T03:58:23.498+0000][79][info ][safepoint   ] Safepoint "Cleanup", Time since last: 3210798646 ns, Reaching safepoint: 49135 ns, Cleanup: 33606 ns, At safepoint: 13690 ns, Total: 96431 ns
[2025-01-18T03:58:25.499+0000][79][info ][safepoint   ] Safepoint "Cleanup", Time since last: 2001449621 ns, Reaching safepoint: 53538 ns, Cleanup: 17458 ns, At safepoint: 5999 ns, Total: 76995 ns
[2025-01-18T03:58:26.511+0000][79][info ][safepoint   ] Safepoint "Cleanup", Time since last: 1011702768 ns, Reaching safepoint: 18266 ns, Cleanup: 9526 ns, At safepoint: 18471 ns, Total: 46263 ns
[2025-01-18T03:58:27.518+0000][79][info ][safepoint   ] Safepoint "Cleanup", Time since last: 1006428573 ns, Reaching safepoint: 124478 ns, Cleanup: 19105 ns, At safepoint: 6839 ns, Total: 150422 ns
[2025-01-18T03:58:29.523+0000][79][info ][safepoint   ] Safepoint "Cleanup", Time since last: 2004928622 ns, Reaching safepoint: 26931 ns, Cleanup: 15895 ns, At safepoint: 5240 ns, Total: 48066 ns
[2025-01-18T03:58:31.524+0000][79][info ][safepoint   ] Safepoint "Cleanup", Time since last: 2000976672 ns, Reaching safepoint: 26899 ns, Cleanup: 13144 ns, At safepoint: 5298 ns, Total: 45341 ns
[2025-01-18T03:58:32.287+0000][79][info ][gc,start    ] GC(16) Pause Young (Normal) (G1 Evacuation Pause)
[2025-01-18T03:58:32.288+0000][79][info ][gc,task     ] GC(16) Using 18 workers of 18 for evacuation
[2025-01-18T03:58:32.288+0000][79][debug][gc,age      ] GC(16) Desired survivor size 12582912 bytes, new threshold 3 (max threshold 15)
[2025-01-18T03:58:32.360+0000][79][info ][gc,phases   ] GC(16)   Pre Evacuate Collection Set: 0.5ms
[2025-01-18T03:58:32.361+0000][79][info ][gc,phases   ] GC(16)   Merge Heap Roots: 0.2ms
[2025-01-18T03:58:32.361+0000][79][info ][gc,phases   ] GC(16)   Evacuate Collection Set: 68.2ms
[2025-01-18T03:58:32.362+0000][79][info ][gc,phases   ] GC(16)   Post Evacuate Collection Set: 2.5ms
[2025-01-18T03:58:32.362+0000][79][info ][gc,phases   ] GC(16)   Other: 0.9ms
[2025-01-18T03:58:32.363+0000][79][trace][gc,age      ] GC(16) Age table with threshold 3 (max threshold 15)
[2025-01-18T03:58:32.363+0000][79][trace][gc,age      ] GC(16) - age   1:    1157832 bytes,    1157832 total
[2025-01-18T03:58:32.364+0000][79][trace][gc,age      ] GC(16) - age   2:    3032104 bytes,    4189936 total
[2025-01-18T03:58:32.364+0000][79][trace][gc,age      ] GC(16) - age   3:    1177416 bytes,    5367352 total
[2025-01-18T03:58:32.365+0000][79][info ][gc,heap     ] GC(16) Eden regions: 24->0(368)
[2025-01-18T03:58:32.365+0000][79][info ][gc,heap     ] GC(16) Survivor regions: 18->3(6)
[2025-01-18T03:58:32.365+0000][79][info ][gc,heap     ] GC(16) Old regions: 15->31
[2025-01-18T03:58:32.366+0000][79][info ][gc,heap     ] GC(16) Humongous regions: 4->4
[2025-01-18T03:58:32.366+0000][79][info ][gc,metaspace] GC(16) Metaspace: 149817K(153792K)->149817K(153792K) NonClass: 129830K(131968K)->129830K(131968K) Class: 19986K(21824K)->19986K(21824K)
[2025-01-18T03:58:32.367+0000][79][info ][gc          ] GC(16) Pause Young (Normal) (G1 Evacuation Pause) 240M->144M(3392M) 79.379ms
[2025-01-18T03:58:32.367+0000][79][info ][gc,cpu      ] GC(16) User=0.64s Sys=0.00s Real=0.08s
[2025-01-18T03:58:32.368+0000][79][info ][safepoint   ] Safepoint "G1CollectForAllocation", Time since last: 763646995 ns, Reaching safepoint: 14634 ns, Cleanup: 13148 ns, At safepoint: 80389986 ns, Total: 80417768 ns
[2025-01-18T03:58:33.559+0000][79][info ][safepoint   ] Safepoint "Cleanup", Time since last: 1191628024 ns, Reaching safepoint: 27796 ns, Cleanup: 26539 ns, At safepoint: 6014 ns, Total: 60349 ns
[2025-01-18T03:58:35.562+0000][79][info ][safepoint   ] Safepoint "Cleanup", Time since last: 2003002377 ns, Reaching safepoint: 24944 ns, Cleanup: 13816 ns, At safepoint: 5433 ns, Total: 44193 ns
[2025-01-18T03:58:38.265+0000][79][info ][safepoint   ] Safepoint "Cleanup", Time since last: 2702242692 ns, Reaching safepoint: 10021 ns, Cleanup: 12936 ns, At safepoint: 19035 ns, Total: 41992 ns
[2025-01-18T03:58:39.571+0000][79][info ][safepoint   ] Safepoint "Cleanup", Time since last: 1308370702 ns, Reaching safepoint: 51493 ns, Cleanup: 39628 ns, At safepoint: 15271 ns, Total: 106392 ns
[2025-01-18T03:58:41.572+0000][79][info ][safepoint   ] Safepoint "Cleanup", Time since last: 2001172641 ns, Reaching safepoint: 106278 ns, Cleanup: 13016 ns, At safepoint: 6514 ns, Total: 125808 ns
[2025-01-18T03:58:42.573+0000][79][info ][safepoint   ] Safepoint "Cleanup", Time since last: 1000824294 ns, Reaching safepoint: 55552 ns, Cleanup: 11877 ns, At safepoint: 5211 ns, Total: 72640 ns
[2025-01-18T03:58:44.263+0000][79][info ][safepoint   ] Safepoint "Cleanup", Time since last: 1689528145 ns, Reaching safepoint: 25859 ns, Cleanup: 13198 ns, At safepoint: 8483 ns, Total: 47540 ns
[2025-01-18T03:58:45.584+0000][79][info ][safepoint   ] Safepoint "Cleanup", Time since last: 1320849612 ns, Reaching safepoint: 61626 ns, Cleanup: 33708 ns, At safepoint: 16150 ns, Total: 111484 ns
[2025-01-18T03:58:46.587+0000][79][info ][safepoint   ] Safepoint "Cleanup", Time since last: 1003069717 ns, Reaching safepoint: 38331 ns, Cleanup: 29101 ns, At safepoint: 9878 ns, Total: 77310 ns
[2025-01-18T03:58:50.264+0000][79][info ][safepoint   ] Safepoint "Cleanup", Time since last: 3676743674 ns, Reaching safepoint: 13914 ns, Cleanup: 6695 ns, At safepoint: 26801 ns, Total: 47410 ns
[2025-01-18T03:58:56.255+0000][79][info ][safepoint   ] Safepoint "Cleanup", Time since last: 5991142535 ns, Reaching safepoint: 10175 ns, Cleanup: 6463 ns, At safepoint: 4157 ns, Total: 20795 ns
[2025-01-18T03:58:57.674+0000][79][info ][safepoint   ] Safepoint "Cleanup", Time since last: 1419444480 ns, Reaching safepoint: 49374 ns, Cleanup: 16271 ns, At safepoint: 5373 ns, Total: 71018 ns
[2025-01-18T03:58:59.675+0000][79][info ][safepoint   ] Safepoint "Cleanup", Time since last: 2000894479 ns, Reaching safepoint: 52165 ns, Cleanup: 24837 ns, At safepoint: 14940 ns, Total: 91942 ns
[2025-01-18T03:59:02.682+0000][79][info ][safepoint   ] Safepoint "Cleanup", Time since last: 3007159108 ns, Reaching safepoint: 9820 ns, Cleanup: 9570 ns, At safepoint: 17324 ns, Total: 36714 ns
[2025-01-18T03:59:08.708+0000][79][info ][safepoint   ] Safepoint "Cleanup", Time since last: 6025713419 ns, Reaching safepoint: 17904 ns, Cleanup: 11773 ns, At safepoint: 9359 ns, Total: 39036 ns
[2025-01-18T03:59:14.748+0000][79][info ][safepoint   ] Safepoint "Cleanup", Time since last: 6041956873 ns, Reaching safepoint: 36030 ns, Cleanup: 9784 ns, At safepoint: 18637 ns, Total: 64451 ns
[2025-01-18T03:59:17.756+0000][79][info ][safepoint   ] Safepoint "Cleanup", Time since last: 3007122402 ns, Reaching safepoint: 52364 ns, Cleanup: 23814 ns, At safepoint: 13152 ns, Total: 89330 ns
[2025-01-18T03:59:20.772+0000][79][info ][safepoint   ] Safepoint "Cleanup", Time since last: 3016684565 ns, Reaching safepoint: 16807 ns, Cleanup: 9113 ns, At safepoint: 8062 ns, Total: 33982 ns
[2025-01-18T03:59:23.791+0000][79][info ][safepoint   ] Safepoint "Cleanup", Time since last: 3018128744 ns, Reaching safepoint: 26741 ns, Cleanup: 23398 ns, At safepoint: 5936 ns, Total: 56075 ns
[2025-01-18T03:59:26.300+0000][79][info ][safepoint   ] Safepoint "Cleanup", Time since last: 2509859121 ns, Reaching safepoint: 15988 ns, Cleanup: 9828 ns, At safepoint: 28112 ns, Total: 53928 ns
[2025-01-18T03:59:27.868+0000][79][info ][safepoint   ] Safepoint "Cleanup", Time since last: 1567649504 ns, Reaching safepoint: 86592 ns, Cleanup: 61203 ns, At safepoint: 16340 ns, Total: 164135 ns
[2025-01-18T03:59:29.870+0000][79][info ][safepoint   ] Safepoint "Cleanup", Time since last: 2001879540 ns, Reaching safepoint: 112613 ns, Cleanup: 25177 ns, At safepoint: 17427 ns, Total: 155217 ns
[2025-01-18T03:59:30.872+0000][79][info ][safepoint   ] Safepoint "Cleanup", Time since last: 1001714749 ns, Reaching safepoint: 40849 ns, Cleanup: 18803 ns, At safepoint: 10095 ns, Total: 69747 ns
[2025-01-18T03:59:32.248+0000][79][info ][safepoint   ] Safepoint "Cleanup", Time since last: 1375664923 ns, Reaching safepoint: 9913 ns, Cleanup: 6509 ns, At safepoint: 4528 ns, Total: 20950 ns
[2025-01-18T03:59:34.887+0000][79][info ][safepoint   ] Safepoint "Cleanup", Time since last: 2639019989 ns, Reaching safepoint: 29141 ns, Cleanup: 21093 ns, At safepoint: 85428 ns, Total: 135662 ns
[2025-01-18T03:59:35.888+0000][79][info ][safepoint   ] Safepoint "Cleanup", Time since last: 1001114954 ns, Reaching safepoint: 53705 ns, Cleanup: 31225 ns, At safepoint: 15476 ns, Total: 100406 ns
[2025-01-18T03:59:36.890+0000][79][info ][safepoint   ] Safepoint "Cleanup", Time since last: 1001323602 ns, Reaching safepoint: 37576 ns, Cleanup: 19602 ns, At safepoint: 9464 ns, Total: 66642 ns
[2025-01-18T03:59:38.272+0000][79][info ][safepoint   ] Safepoint "Cleanup", Time since last: 1382788872 ns, Reaching safepoint: 9936 ns, Cleanup: 7910 ns, At safepoint: 4323 ns, Total: 22169 ns
[2025-01-18T03:59:39.913+0000][79][info ][safepoint   ] Safepoint "Cleanup", Time since last: 1642757136 ns, Reaching safepoint: 58723 ns, Cleanup: 76685 ns, At safepoint: 17091 ns, Total: 152499 ns
[2025-01-18T03:59:41.943+0000][79][info ][safepoint   ] Safepoint "Cleanup", Time since last: 2029282301 ns, Reaching safepoint: 30457 ns, Cleanup: 31312 ns, At safepoint: 6258 ns, Total: 68027 ns
[2025-01-18T03:59:43.748+0000][79][info ][safepoint   ] Safepoint "Cleanup", Time since last: 1804788076 ns, Reaching safepoint: 148356 ns, Cleanup: 28352 ns, At safepoint: 37802 ns, Total: 214510 ns
[2025-01-18T03:59:44.964+0000][79][info ][safepoint   ] Safepoint "Cleanup", Time since last: 1216899774 ns, Reaching safepoint: 16821 ns, Cleanup: 11997 ns, At safepoint: 8874 ns, Total: 37692 ns
[2025-01-18T03:59:53.024+0000][79][info ][safepoint   ] Safepoint "Cleanup", Time since last: 8059206129 ns, Reaching safepoint: 54938 ns, Cleanup: 24113 ns, At safepoint: 15616 ns, Total: 94667 ns
[2025-01-18T03:59:54.026+0000][79][info ][safepoint   ] Safepoint "Cleanup", Time since last: 1002300160 ns, Reaching safepoint: 38513 ns, Cleanup: 17878 ns, At safepoint: 6117 ns, Total: 62508 ns
[2025-01-18T03:59:55.027+0000][79][info ][safepoint   ] Safepoint "Cleanup", Time since last: 1000706999 ns, Reaching safepoint: 188422 ns, Cleanup: 24036 ns, At safepoint: 68979 ns, Total: 281437 ns
[2025-01-18T03:59:56.283+0000][79][info ][safepoint   ] Safepoint "Cleanup", Time since last: 1256060101 ns, Reaching safepoint: 15808 ns, Cleanup: 11630 ns, At safepoint: 8305 ns, Total: 35743 ns
[2025-01-18T03:59:58.092+0000][79][info ][safepoint   ] Safepoint "Cleanup", Time since last: 1808695663 ns, Reaching safepoint: 30180 ns, Cleanup: 24865 ns, At safepoint: 5563 ns, Total: 60608 ns
[2025-01-18T03:59:59.093+0000][79][info ][safepoint   ] Safepoint "Cleanup", Time since last: 1000530722 ns, Reaching safepoint: 64454 ns, Cleanup: 16960 ns, At safepoint: 11370 ns, Total: 92784 ns
[2025-01-18T04:00:12.150+0000][79][info ][safepoint   ] Safepoint "Cleanup", Time since last: 13058798335 ns, Reaching safepoint: 36781 ns, Cleanup: 17631 ns, At safepoint: 9352 ns, Total: 63764 ns
[2025-01-18T04:00:14.284+0000][79][info ][safepoint   ] Safepoint "Cleanup", Time since last: 2134158027 ns, Reaching safepoint: 33267 ns, Cleanup: 4972 ns, At safepoint: 4446 ns, Total: 42685 ns
[2025-01-18T04:00:18.192+0000][79][info ][safepoint   ] Safepoint "Cleanup", Time since last: 3907419924 ns, Reaching safepoint: 26993 ns, Cleanup: 12035 ns, At safepoint: 5395 ns, Total: 44423 ns
[2025-01-18T04:00:20.272+0000][79][info ][safepoint   ] Safepoint "Cleanup", Time since last: 2080097350 ns, Reaching safepoint: 11865 ns, Cleanup: 9708 ns, At safepoint: 6638 ns, Total: 28211 ns
[2025-01-18T04:00:22.225+0000][79][info ][safepoint   ] Safepoint "Cleanup", Time since last: 1953342966 ns, Reaching safepoint: 25684 ns, Cleanup: 15576 ns, At safepoint: 5731 ns, Total: 46991 ns
[2025-01-18T04:00:24.226+0000][79][info ][safepoint   ] Safepoint "Cleanup", Time since last: 2000725188 ns, Reaching safepoint: 35678 ns, Cleanup: 16369 ns, At safepoint: 9365 ns, Total: 61412 ns
[2025-01-18T04:00:25.227+0000][79][info ][safepoint   ] Safepoint "Cleanup", Time since last: 1001262787 ns, Reaching safepoint: 47953 ns, Cleanup: 21912 ns, At safepoint: 12855 ns, Total: 82720 ns
[2025-01-18T04:00:26.239+0000][79][info ][safepoint   ] Safepoint "Cleanup", Time since last: 1011534297 ns, Reaching safepoint: 10923 ns, Cleanup: 6176 ns, At safepoint: 17885 ns, Total: 34984 ns
[2025-01-18T04:00:27.258+0000][79][info ][safepoint   ] Safepoint "Cleanup", Time since last: 1019310448 ns, Reaching safepoint: 16812 ns, Cleanup: 28198 ns, At safepoint: 38758 ns, Total: 83768 ns
[2025-01-18T04:00:28.290+0000][79][info ][safepoint   ] Safepoint "Cleanup", Time since last: 1031785291 ns, Reaching safepoint: 53836 ns, Cleanup: 23734 ns, At safepoint: 15489 ns, Total: 93059 ns
[2025-01-18T04:00:32.251+0000][79][info ][safepoint   ] Safepoint "Cleanup", Time since last: 3961156609 ns, Reaching safepoint: 23248 ns, Cleanup: 7556 ns, At safepoint: 17610 ns, Total: 48414 ns
[2025-01-18T04:00:33.267+0000][79][info ][safepoint   ] Safepoint "Cleanup", Time since last: 1015426427 ns, Reaching safepoint: 53913 ns, Cleanup: 40734 ns, At safepoint: 15161 ns, Total: 109808 ns
[2025-01-18T04:00:34.310+0000][79][info ][safepoint   ] Safepoint "Cleanup", Time since last: 1042978945 ns, Reaching safepoint: 38010 ns, Cleanup: 18700 ns, At safepoint: 9287 ns, Total: 65997 ns
[2025-01-18T04:00:35.311+0000][79][info ][safepoint   ] Safepoint "Cleanup", Time since last: 1000589540 ns, Reaching safepoint: 26743 ns, Cleanup: 27350 ns, At safepoint: 5754 ns, Total: 59847 ns
[2025-01-18T04:00:37.312+0000][79][info ][safepoint   ] Safepoint "Cleanup", Time since last: 2001293810 ns, Reaching safepoint: 59594 ns, Cleanup: 31078 ns, At safepoint: 18399 ns, Total: 109071 ns
[2025-01-18T04:00:39.277+0000][79][info ][safepoint   ] Safepoint "Cleanup", Time since last: 1966128974 ns, Reaching safepoint: 28899 ns, Cleanup: 13640 ns, At safepoint: 5494 ns, Total: 48033 ns
[2025-01-18T04:00:41.330+0000][79][info ][safepoint   ] Safepoint "Cleanup", Time since last: 2053220913 ns, Reaching safepoint: 39747 ns, Cleanup: 21616 ns, At safepoint: 10423 ns, Total: 71786 ns
[2025-01-18T04:00:44.260+0000][79][info ][safepoint   ] Safepoint "Cleanup", Time since last: 2929504414 ns, Reaching safepoint: 18676 ns, Cleanup: 18335 ns, At safepoint: 61683 ns, Total: 98694 ns
[2025-01-18T04:00:45.341+0000][79][info ][safepoint   ] Safepoint "Cleanup", Time since last: 1081043274 ns, Reaching safepoint: 217275 ns, Cleanup: 18194 ns, At safepoint: 75494 ns, Total: 310963 ns
[2025-01-18T04:00:47.352+0000][79][info ][safepoint   ] Safepoint "Cleanup", Time since last: 2010653641 ns, Reaching safepoint: 39434 ns, Cleanup: 19520 ns, At safepoint: 6232 ns, Total: 65186 ns
[2025-01-18T04:00:51.277+0000][79][info ][safepoint   ] Safepoint "Cleanup", Time since last: 3925543420 ns, Reaching safepoint: 27251 ns, Cleanup: 12085 ns, At safepoint: 5572 ns, Total: 44908 ns
[2025-01-18T04:00:53.369+0000][79][info ][safepoint   ] Safepoint "Cleanup", Time since last: 2091126183 ns, Reaching safepoint: 56675 ns, Cleanup: 33159 ns, At safepoint: 10148 ns, Total: 99982 ns
[2025-01-18T04:00:55.377+0000][79][info ][safepoint   ] Safepoint "Cleanup", Time since last: 2008430287 ns, Reaching safepoint: 50451 ns, Cleanup: 25620 ns, At safepoint: 13405 ns, Total: 89476 ns
[2025-01-18T04:00:56.382+0000][79][info ][safepoint   ] Safepoint "Cleanup", Time since last: 1004597220 ns, Reaching safepoint: 383970 ns, Cleanup: 10288 ns, At safepoint: 62555 ns, Total: 456813 ns
[2025-01-18T04:00:57.400+0000][79][info ][safepoint   ] Safepoint "Cleanup", Time since last: 1017987217 ns, Reaching safepoint: 36186 ns, Cleanup: 37279 ns, At safepoint: 6715 ns, Total: 80180 ns
[2025-01-18T04:01:02.265+0000][79][info ][safepoint   ] Safepoint "Cleanup", Time since last: 4864873848 ns, Reaching safepoint: 9857 ns, Cleanup: 11167 ns, At safepoint: 4427 ns, Total: 25451 ns
[2025-01-18T04:01:05.773+0000][79][info ][safepoint   ] Safepoint "Cleanup", Time since last: 3507934745 ns, Reaching safepoint: 27165 ns, Cleanup: 12496 ns, At safepoint: 5781 ns, Total: 45442 ns
[2025-01-18T04:01:06.774+0000][79][info ][safepoint   ] Safepoint "Cleanup", Time since last: 1000747282 ns, Reaching safepoint: 26502 ns, Cleanup: 12004 ns, At safepoint: 5468 ns, Total: 43974 ns
[2025-01-18T04:01:08.516+0000][79][info ][safepoint   ] Safepoint "Cleanup", Time since last: 1742396147 ns, Reaching safepoint: 22647 ns, Cleanup: 14668 ns, At safepoint: 10110 ns, Total: 47425 ns
[2025-01-18T04:01:14.554+0000][79][info ][safepoint   ] Safepoint "Cleanup", Time since last: 6040106822 ns, Reaching safepoint: 10517 ns, Cleanup: 28497 ns, At safepoint: 18725 ns, Total: 57739 ns
[2025-01-18T04:01:19.564+0000][79][info ][safepoint   ] Safepoint "Cleanup", Time since last: 5009739871 ns, Reaching safepoint: 117168 ns, Cleanup: 24160 ns, At safepoint: 19910 ns, Total: 161238 ns
[2025-01-18T04:01:20.588+0000][79][info ][safepoint   ] Safepoint "Cleanup", Time since last: 1023182930 ns, Reaching safepoint: 15718 ns, Cleanup: 10535 ns, At safepoint: 8088 ns, Total: 34341 ns
[2025-01-18T04:01:21.629+0000][79][info ][safepoint   ] Safepoint "Cleanup", Time since last: 1041160650 ns, Reaching safepoint: 52241 ns, Cleanup: 24064 ns, At safepoint: 15157 ns, Total: 91462 ns
[2025-01-18T04:01:25.631+0000][79][info ][safepoint   ] Safepoint "Cleanup", Time since last: 4001859495 ns, Reaching safepoint: 56914 ns, Cleanup: 25740 ns, At safepoint: 15440 ns, Total: 98094 ns
[2025-01-18T04:01:26.641+0000][79][info ][safepoint   ] Safepoint "Cleanup", Time since last: 1009972778 ns, Reaching safepoint: 10891 ns, Cleanup: 13078 ns, At safepoint: 4511 ns, Total: 28480 ns
[2025-01-18T04:01:29.653+0000][79][info ][safepoint   ] Safepoint "Cleanup", Time since last: 3011894193 ns, Reaching safepoint: 62553 ns, Cleanup: 28045 ns, At safepoint: 18169 ns, Total: 108767 ns
[2025-01-18T04:01:35.692+0000][79][info ][safepoint   ] Safepoint "Cleanup", Time since last: 6038631582 ns, Reaching safepoint: 72626 ns, Cleanup: 36595 ns, At safepoint: 6112 ns, Total: 115333 ns
[2025-01-18T04:01:44.264+0000][79][info ][safepoint   ] Safepoint "Cleanup", Time since last: 8574349737 ns, Reaching safepoint: 10805 ns, Cleanup: 5837 ns, At safepoint: 16876 ns, Total: 33518 ns
[2025-01-18T04:01:45.770+0000][79][info ][safepoint   ] Safepoint "Cleanup", Time since last: 1505747002 ns, Reaching safepoint: 55760 ns, Cleanup: 36211 ns, At safepoint: 100230 ns, Total: 192201 ns
[2025-01-18T04:01:50.277+0000][79][info ][safepoint   ] Safepoint "Cleanup", Time since last: 4507116382 ns, Reaching safepoint: 25530 ns, Cleanup: 6150 ns, At safepoint: 4748 ns, Total: 36428 ns
[2025-01-18T04:01:51.808+0000][79][info ][safepoint   ] Safepoint "Cleanup", Time since last: 1530542368 ns, Reaching safepoint: 304497 ns, Cleanup: 32560 ns, At safepoint: 154787 ns, Total: 491844 ns
[2025-01-18T04:01:52.810+0000][79][info ][safepoint   ] Safepoint "Cleanup", Time since last: 1001327683 ns, Reaching safepoint: 27694 ns, Cleanup: 12087 ns, At safepoint: 5432 ns, Total: 45213 ns
[2025-01-18T04:01:53.817+0000][79][info ][safepoint   ] Safepoint "Cleanup", Time since last: 1007265623 ns, Reaching safepoint: 50789 ns, Cleanup: 29493 ns, At safepoint: 12319 ns, Total: 92601 ns
[2025-01-18T04:01:56.280+0000][79][info ][safepoint   ] Safepoint "Cleanup", Time since last: 2463288556 ns, Reaching safepoint: 11884 ns, Cleanup: 8267 ns, At safepoint: 5183 ns, Total: 25334 ns
[2025-01-18T04:01:59.846+0000][79][info ][safepoint   ] Safepoint "Cleanup", Time since last: 3565549367 ns, Reaching safepoint: 40647 ns, Cleanup: 22782 ns, At safepoint: 9339 ns, Total: 72768 ns
[2025-01-18T04:02:02.248+0000][79][info ][safepoint   ] Safepoint "Cleanup", Time since last: 2402180333 ns, Reaching safepoint: 26664 ns, Cleanup: 8324 ns, At safepoint: 18386 ns, Total: 53374 ns
[2025-01-18T04:02:03.831+0000][79][info ][safepoint   ] Safepoint "Cleanup", Time since last: 1583236902 ns, Reaching safepoint: 16816 ns, Cleanup: 21310 ns, At safepoint: 9495 ns, Total: 47621 ns
[2025-01-18T04:02:05.834+0000][79][info ][safepoint   ] Safepoint "Cleanup", Time since last: 2003006210 ns, Reaching safepoint: 31551 ns, Cleanup: 13709 ns, At safepoint: 8315 ns, Total: 53575 ns
[2025-01-18T04:02:07.835+0000][79][info ][safepoint   ] Safepoint "Cleanup", Time since last: 2000878911 ns, Reaching safepoint: 52187 ns, Cleanup: 22878 ns, At safepoint: 13184 ns, Total: 88249 ns
[2025-01-18T04:02:08.912+0000][79][info ][safepoint   ] Safepoint "Cleanup", Time since last: 1078760304 ns, Reaching safepoint: 17996 ns, Cleanup: 46635 ns, At safepoint: 9707 ns, Total: 74338 ns
[2025-01-18T04:02:12.930+0000][79][info ][safepoint   ] Safepoint "Cleanup", Time since last: 4017823023 ns, Reaching safepoint: 28889 ns, Cleanup: 14669 ns, At safepoint: 6779 ns, Total: 50337 ns
[2025-01-18T04:02:14.248+0000][79][info ][safepoint   ] Safepoint "Cleanup", Time since last: 1318018759 ns, Reaching safepoint: 9862 ns, Cleanup: 6213 ns, At safepoint: 4317 ns, Total: 20392 ns
[2025-01-18T04:02:15.970+0000][79][info ][safepoint   ] Safepoint "Cleanup", Time since last: 1721380597 ns, Reaching safepoint: 52262 ns, Cleanup: 26981 ns, At safepoint: 216345 ns, Total: 295588 ns
[2025-01-18T04:02:20.272+0000][79][info ][safepoint   ] Safepoint "Cleanup", Time since last: 4302289428 ns, Reaching safepoint: 17575 ns, Cleanup: 11205 ns, At safepoint: 4999 ns, Total: 33779 ns
[2025-01-18T04:02:22.001+0000][79][info ][safepoint   ] Safepoint "Cleanup", Time since last: 1729240977 ns, Reaching safepoint: 57223 ns, Cleanup: 28459 ns, At safepoint: 17049 ns, Total: 102731 ns
[2025-01-18T04:02:24.003+0000][79][info ][safepoint   ] Safepoint "Cleanup", Time since last: 2001729932 ns, Reaching safepoint: 54011 ns, Cleanup: 37622 ns, At safepoint: 12050 ns, Total: 103683 ns
[2025-01-18T04:02:27.034+0000][79][info ][safepoint   ] Safepoint "Cleanup", Time since last: 3030386389 ns, Reaching safepoint: 71009 ns, Cleanup: 14583 ns, At safepoint: 79113 ns, Total: 164705 ns
[2025-01-18T04:02:32.250+0000][79][info ][safepoint   ] Safepoint "Cleanup", Time since last: 5216011531 ns, Reaching safepoint: 23662 ns, Cleanup: 10869 ns, At safepoint: 18399 ns, Total: 52930 ns
[2025-01-18T04:02:34.082+0000][79][info ][safepoint   ] Safepoint "Cleanup", Time since last: 1832542895 ns, Reaching safepoint: 62405 ns, Cleanup: 28768 ns, At safepoint: 17372 ns, Total: 108545 ns
[2025-01-18T04:02:35.084+0000][79][info ][safepoint   ] Safepoint "Cleanup", Time since last: 1001775997 ns, Reaching safepoint: 52882 ns, Cleanup: 45668 ns, At safepoint: 15165 ns, Total: 113715 ns
[2025-01-18T04:02:38.281+0000][79][info ][safepoint   ] Safepoint "Cleanup", Time since last: 3197085418 ns, Reaching safepoint: 11515 ns, Cleanup: 7408 ns, At safepoint: 6152 ns, Total: 25075 ns
[2025-01-18T04:02:40.139+0000][79][info ][safepoint   ] Safepoint "Cleanup", Time since last: 1859004590 ns, Reaching safepoint: 136148 ns, Cleanup: 16405 ns, At safepoint: 58473 ns, Total: 211026 ns
[2025-01-18T04:02:43.155+0000][79][info ][safepoint   ] Safepoint "Cleanup", Time since last: 3015610735 ns, Reaching safepoint: 49084 ns, Cleanup: 21579 ns, At safepoint: 11334 ns, Total: 81997 ns
[2025-01-18T04:02:44.260+0000][79][info ][safepoint   ] Safepoint "Cleanup", Time since last: 1105214054 ns, Reaching safepoint: 10740 ns, Cleanup: 9132 ns, At safepoint: 5121 ns, Total: 24993 ns
[2025-01-18T04:02:46.169+0000][79][info ][safepoint   ] Safepoint "Cleanup", Time since last: 1908630599 ns, Reaching safepoint: 264300 ns, Cleanup: 35198 ns, At safepoint: 111777 ns, Total: 411275 ns
[2025-01-18T04:02:51.180+0000][79][info ][safepoint   ] Safepoint "Cleanup", Time since last: 5010964534 ns, Reaching safepoint: 38441 ns, Cleanup: 11855 ns, At safepoint: 8473 ns, Total: 58769 ns
[2025-01-18T04:02:53.192+0000][79][info ][safepoint   ] Safepoint "Cleanup", Time since last: 2011754582 ns, Reaching safepoint: 27624 ns, Cleanup: 13675 ns, At safepoint: 5394 ns, Total: 46693 ns
[2025-01-18T04:02:54.193+0000][79][info ][safepoint   ] Safepoint "Cleanup", Time since last: 1000659036 ns, Reaching safepoint: 36803 ns, Cleanup: 21448 ns, At safepoint: 9145 ns, Total: 67396 ns
[2025-01-18T04:03:02.262+0000][79][info ][safepoint   ] Safepoint "Cleanup", Time since last: 8069773922 ns, Reaching safepoint: 9222 ns, Cleanup: 5889 ns, At safepoint: 17956 ns, Total: 33067 ns
[2025-01-18T04:03:05.888+0000][79][info ][safepoint   ] Safepoint "Cleanup", Time since last: 3625137603 ns, Reaching safepoint: 49344 ns, Cleanup: 21355 ns, At safepoint: 12181 ns, Total: 82880 ns
[2025-01-18T04:03:09.288+0000][79][info ][safepoint   ] Safepoint "Cleanup", Time since last: 3402479793 ns, Reaching safepoint: 192659 ns, Cleanup: 22550 ns, At safepoint: 72677 ns, Total: 287886 ns
[2025-01-18T04:03:10.310+0000][79][info ][safepoint   ] Safepoint "Cleanup", Time since last: 1022183290 ns, Reaching safepoint: 40549 ns, Cleanup: 15923 ns, At safepoint: 9339 ns, Total: 65811 ns
[2025-01-18T04:03:14.265+0000][79][info ][safepoint   ] Safepoint "Cleanup", Time since last: 3955166087 ns, Reaching safepoint: 19738 ns, Cleanup: 13094 ns, At safepoint: 32322 ns, Total: 65154 ns
[2025-01-18T04:03:15.287+0000][79][info ][safepoint   ] Safepoint "Cleanup", Time since last: 1021911390 ns, Reaching safepoint: 28009 ns, Cleanup: 18961 ns, At safepoint: 5402 ns, Total: 52372 ns
[2025-01-18T04:03:19.337+0000][79][info ][safepoint   ] Safepoint "Cleanup", Time since last: 4049800768 ns, Reaching safepoint: 50677 ns, Cleanup: 9794 ns, At safepoint: 5507 ns, Total: 65978 ns
[2025-01-18T04:03:21.303+0000][79][info ][safepoint   ] Safepoint "Cleanup", Time since last: 1966060123 ns, Reaching safepoint: 27061 ns, Cleanup: 15469 ns, At safepoint: 5710 ns, Total: 48240 ns
[2025-01-18T04:03:23.365+0000][79][info ][safepoint   ] Safepoint "Cleanup", Time since last: 2061657471 ns, Reaching safepoint: 39682 ns, Cleanup: 26841 ns, At safepoint: 9908 ns, Total: 76431 ns
[2025-01-18T04:03:24.366+0000][79][info ][safepoint   ] Safepoint "Cleanup", Time since last: 1000936813 ns, Reaching safepoint: 39339 ns, Cleanup: 18914 ns, At safepoint: 10006 ns, Total: 68259 ns
[2025-01-18T04:03:32.436+0000][79][info ][safepoint   ] Safepoint "Cleanup", Time since last: 8069711624 ns, Reaching safepoint: 10957 ns, Cleanup: 7233 ns, At safepoint: 4602 ns, Total: 22792 ns
[2025-01-18T04:03:35.443+0000][79][info ][safepoint   ] Safepoint "Cleanup", Time since last: 3007134188 ns, Reaching safepoint: 110217 ns, Cleanup: 56323 ns, At safepoint: 15343 ns, Total: 181883 ns
[2025-01-18T04:03:44.483+0000][79][info ][safepoint   ] Safepoint "Cleanup", Time since last: 9041129397 ns, Reaching safepoint: 19162 ns, Cleanup: 10981 ns, At safepoint: 8931 ns, Total: 39074 ns
[2025-01-18T04:03:45.506+0000][79][info ][safepoint   ] Safepoint "Cleanup", Time since last: 1022566080 ns, Reaching safepoint: 36359 ns, Cleanup: 16485 ns, At safepoint: 8933 ns, Total: 61777 ns
[2025-01-18T04:03:47.515+0000][79][info ][safepoint   ] Safepoint "Cleanup", Time since last: 2009367534 ns, Reaching safepoint: 41953 ns, Cleanup: 20996 ns, At safepoint: 11183 ns, Total: 74132 ns
[2025-01-18T04:03:48.516+0000][79][info ][safepoint   ] Safepoint "Cleanup", Time since last: 1000873005 ns, Reaching safepoint: 28431 ns, Cleanup: 13738 ns, At safepoint: 5845 ns, Total: 48014 ns
[2025-01-18T04:03:50.279+0000][79][info ][safepoint   ] Safepoint "Cleanup", Time since last: 1762704420 ns, Reaching safepoint: 41097 ns, Cleanup: 11368 ns, At safepoint: 37136 ns, Total: 89601 ns
[2025-01-18T04:03:51.576+0000][79][info ][safepoint   ] Safepoint "Cleanup", Time since last: 1296852075 ns, Reaching safepoint: 44056 ns, Cleanup: 47784 ns, At safepoint: 10285 ns, Total: 102125 ns
[2025-01-18T04:03:56.313+0000][79][info ][safepoint   ] Safepoint "Cleanup", Time since last: 4736638925 ns, Reaching safepoint: 9208 ns, Cleanup: 6011 ns, At safepoint: 4204 ns, Total: 19423 ns
[2025-01-18T04:04:02.263+0000][79][info ][safepoint   ] Safepoint "Cleanup", Time since last: 5950043546 ns, Reaching safepoint: 18174 ns, Cleanup: 17802 ns, At safepoint: 8634 ns, Total: 44610 ns
[2025-01-18T04:04:08.247+0000][79][info ][safepoint   ] Safepoint "Cleanup", Time since last: 5984126504 ns, Reaching safepoint: 25328 ns, Cleanup: 9354 ns, At safepoint: 18949 ns, Total: 53631 ns
[2025-01-18T04:04:09.665+0000][79][info ][safepoint   ] Safepoint "Cleanup", Time since last: 1420482248 ns, Reaching safepoint: 108589 ns, Cleanup: 23222 ns, At safepoint: 18896 ns, Total: 150707 ns
[2025-01-18T04:04:17.697+0000][79][info ][safepoint   ] Safepoint "Cleanup", Time since last: 8031604702 ns, Reaching safepoint: 36945 ns, Cleanup: 23038 ns, At safepoint: 10833 ns, Total: 70816 ns
[2025-01-18T04:04:19.698+0000][79][info ][safepoint   ] Safepoint "Cleanup", Time since last: 2000994715 ns, Reaching safepoint: 26633 ns, Cleanup: 8889 ns, At safepoint: 5307 ns, Total: 40829 ns
[2025-01-18T04:04:22.733+0000][79][info ][safepoint   ] Safepoint "Cleanup", Time since last: 3035277213 ns, Reaching safepoint: 82860 ns, Cleanup: 24597 ns, At safepoint: 11440 ns, Total: 118897 ns
[2025-01-18T04:04:23.734+0000][79][info ][safepoint   ] Safepoint "Cleanup", Time since last: 1001179099 ns, Reaching safepoint: 27058 ns, Cleanup: 20619 ns, At safepoint: 5706 ns, Total: 53383 ns
[2025-01-18T04:04:24.735+0000][79][info ][safepoint   ] Safepoint "Cleanup", Time since last: 1001017585 ns, Reaching safepoint: 45431 ns, Cleanup: 45959 ns, At safepoint: 13332 ns, Total: 104722 ns
[2025-01-18T04:04:26.282+0000][79][info ][safepoint   ] Safepoint "Cleanup", Time since last: 1546783498 ns, Reaching safepoint: 100929 ns, Cleanup: 10541 ns, At safepoint: 48457 ns, Total: 159927 ns
[2025-01-18T04:04:27.791+0000][79][info ][safepoint   ] Safepoint "Cleanup", Time since last: 1508347003 ns, Reaching safepoint: 37720 ns, Cleanup: 28046 ns, At safepoint: 9812 ns, Total: 75578 ns
[2025-01-18T04:04:29.792+0000][79][info ][safepoint   ] Safepoint "Cleanup", Time since last: 2000910661 ns, Reaching safepoint: 39695 ns, Cleanup: 21372 ns, At safepoint: 9766 ns, Total: 70833 ns
[2025-01-18T04:04:35.240+0000][79][info ][safepoint   ] Safepoint "Cleanup", Time since last: 5447965473 ns, Reaching safepoint: 12021 ns, Cleanup: 11663 ns, At safepoint: 18232 ns, Total: 41916 ns
[2025-01-18T04:04:36.842+0000][79][info ][safepoint   ] Safepoint "Cleanup", Time since last: 1602409616 ns, Reaching safepoint: 44442 ns, Cleanup: 25440 ns, At safepoint: 5915 ns, Total: 75797 ns
[2025-01-18T04:04:38.861+0000][79][info ][safepoint   ] Safepoint "Cleanup", Time since last: 2018841195 ns, Reaching safepoint: 14523 ns, Cleanup: 8336 ns, At safepoint: 6283 ns, Total: 29142 ns
[2025-01-18T04:04:41.247+0000][79][info ][safepoint   ] Safepoint "Cleanup", Time since last: 2387559539 ns, Reaching safepoint: 9723 ns, Cleanup: 6740 ns, At safepoint: 4303 ns, Total: 20766 ns
[2025-01-18T04:04:42.919+0000][79][info ][safepoint   ] Safepoint "Cleanup", Time since last: 1671654792 ns, Reaching safepoint: 10774 ns, Cleanup: 47180 ns, At safepoint: 4644 ns, Total: 62598 ns
[2025-01-18T04:04:44.974+0000][79][info ][safepoint   ] Safepoint "Cleanup", Time since last: 2054892887 ns, Reaching safepoint: 16677 ns, Cleanup: 10752 ns, At safepoint: 60105 ns, Total: 87534 ns
[2025-01-18T04:04:46.979+0000][79][info ][safepoint   ] Safepoint "Cleanup", Time since last: 2004687509 ns, Reaching safepoint: 28374 ns, Cleanup: 21293 ns, At safepoint: 5941 ns, Total: 55608 ns
[2025-01-18T04:04:50.270+0000][79][info ][safepoint   ] Safepoint "Cleanup", Time since last: 3290796727 ns, Reaching safepoint: 16770 ns, Cleanup: 11398 ns, At safepoint: 6908 ns, Total: 35076 ns
[2025-01-18T04:04:52.027+0000][79][info ][safepoint   ] Safepoint "Cleanup", Time since last: 1757556632 ns, Reaching safepoint: 40148 ns, Cleanup: 30878 ns, At safepoint: 10102 ns, Total: 81128 ns
[2025-01-18T04:04:53.029+0000][79][info ][safepoint   ] Safepoint "Cleanup", Time since last: 1001186405 ns, Reaching safepoint: 39348 ns, Cleanup: 18931 ns, At safepoint: 10082 ns, Total: 68361 ns
[2025-01-18T04:04:56.301+0000][79][info ][safepoint   ] Safepoint "Cleanup", Time since last: 3271991380 ns, Reaching safepoint: 9964 ns, Cleanup: 7206 ns, At safepoint: 16968 ns, Total: 34138 ns
[2025-01-18T04:05:02.241+0000][79][info ][safepoint   ] Safepoint "Cleanup", Time since last: 5939905527 ns, Reaching safepoint: 24273 ns, Cleanup: 14548 ns, At safepoint: 77547 ns, Total: 116368 ns
[2025-01-18T04:05:03.978+0000][79][info ][safepoint   ] Safepoint "Cleanup", Time since last: 1737253433 ns, Reaching safepoint: 16813 ns, Cleanup: 27008 ns, At safepoint: 7837 ns, Total: 51658 ns
[2025-01-18T04:05:05.982+0000][79][info ][safepoint   ] Safepoint "Cleanup", Time since last: 2003996925 ns, Reaching safepoint: 75056 ns, Cleanup: 20634 ns, At safepoint: 10819 ns, Total: 106509 ns
[2025-01-18T04:05:15.120+0000][79][info ][safepoint   ] Safepoint "Cleanup", Time since last: 9140889082 ns, Reaching safepoint: 11475 ns, Cleanup: 7917 ns, At safepoint: 17323 ns, Total: 36715 ns
[2025-01-18T04:05:16.127+0000][79][info ][safepoint   ] Safepoint "Cleanup", Time since last: 1007210161 ns, Reaching safepoint: 33007 ns, Cleanup: 14742 ns, At safepoint: 7192 ns, Total: 54941 ns
[2025-01-18T04:05:23.151+0000][79][info ][safepoint   ] Safepoint "Cleanup", Time since last: 7023506942 ns, Reaching safepoint: 41510 ns, Cleanup: 19057 ns, At safepoint: 10193 ns, Total: 70760 ns
[2025-01-18T04:05:26.270+0000][79][info ][safepoint   ] Safepoint "Cleanup", Time since last: 3118648085 ns, Reaching safepoint: 102152 ns, Cleanup: 9324 ns, At safepoint: 53573 ns, Total: 165049 ns
[2025-01-18T04:05:28.202+0000][79][info ][safepoint   ] Safepoint "Cleanup", Time since last: 1932270184 ns, Reaching safepoint: 38061 ns, Cleanup: 23237 ns, At safepoint: 9896 ns, Total: 71194 ns
[2025-01-18T04:05:29.969+0000][79][info ][gc,start    ] GC(17) Pause Young (Concurrent Start) (CodeCache GC Threshold)
[2025-01-18T04:05:29.970+0000][79][info ][gc,task     ] GC(17) Using 18 workers of 18 for evacuation
[2025-01-18T04:05:29.972+0000][79][debug][gc,age      ] GC(17) Desired survivor size 134217728 bytes, new threshold 15 (max threshold 15)
[2025-01-18T04:05:30.020+0000][79][info ][gc,phases   ] GC(17)   Pre Evacuate Collection Set: 7.1ms
[2025-01-18T04:05:30.021+0000][79][info ][gc,phases   ] GC(17)   Merge Heap Roots: 1.1ms
[2025-01-18T04:05:30.021+0000][79][info ][gc,phases   ] GC(17)   Evacuate Collection Set: 37.1ms
[2025-01-18T04:05:30.022+0000][79][info ][gc,phases   ] GC(17)   Post Evacuate Collection Set: 1.5ms
[2025-01-18T04:05:30.022+0000][79][info ][gc,phases   ] GC(17)   Other: 4.0ms
[2025-01-18T04:05:30.023+0000][79][trace][gc,age      ] GC(17) Age table with threshold 15 (max threshold 15)
[2025-01-18T04:05:30.023+0000][79][trace][gc,age      ] GC(17) - age   1:     932760 bytes,     932760 total
[2025-01-18T04:05:30.024+0000][79][trace][gc,age      ] GC(17) - age   2:      42536 bytes,     975296 total
[2025-01-18T04:05:30.024+0000][79][trace][gc,age      ] GC(17) - age   3:    2299872 bytes,    3275168 total
[2025-01-18T04:05:30.024+0000][79][trace][gc,age      ] GC(17) - age   4:    1176856 bytes,    4452024 total
[2025-01-18T04:05:30.025+0000][79][info ][gc,heap     ] GC(17) Eden regions: 228->0(506)
[2025-01-18T04:05:30.025+0000][79][info ][gc,heap     ] GC(17) Survivor regions: 3->2(64)
[2025-01-18T04:05:30.026+0000][79][info ][gc,heap     ] GC(17) Old regions: 31->31
[2025-01-18T04:05:30.026+0000][79][info ][gc,heap     ] GC(17) Humongous regions: 4->4
[2025-01-18T04:05:30.027+0000][79][info ][gc,metaspace] GC(17) Metaspace: 150417K(154368K)->150417K(154368K) NonClass: 130413K(132544K)->130413K(132544K) Class: 20004K(21824K)->20004K(21824K)
[2025-01-18T04:05:30.027+0000][79][info ][gc          ] GC(17) Pause Young (Concurrent Start) (CodeCache GC Threshold) 1053M->141M(3392M) 58.257ms
[2025-01-18T04:05:30.028+0000][79][info ][gc,cpu      ] GC(17) User=0.23s Sys=0.00s Real=0.06s
[2025-01-18T04:05:30.028+0000][79][info ][gc          ] GC(18) Concurrent Mark Cycle
[2025-01-18T04:05:30.028+0000][79][info ][safepoint   ] Safepoint "G1TryInitiateConcMark", Time since last: 1766707414 ns, Reaching safepoint: 62835 ns, Cleanup: 6321 ns, At safepoint: 59498985 ns, Total: 59568141 ns
[2025-01-18T04:05:30.029+0000][79][info ][gc,marking  ] GC(18) Concurrent Scan Root Regions
[2025-01-18T04:05:30.050+0000][79][info ][gc,marking  ] GC(18) Concurrent Scan Root Regions 21.264ms
[2025-01-18T04:05:30.051+0000][79][info ][gc,marking  ] GC(18) Concurrent Mark
[2025-01-18T04:05:30.051+0000][79][info ][gc,marking  ] GC(18) Concurrent Mark From Roots
[2025-01-18T04:05:30.052+0000][79][info ][gc,task     ] GC(18) Using 5 workers of 5 for marking
[2025-01-18T04:05:30.130+0000][79][info ][gc,marking  ] GC(18) Concurrent Mark From Roots 78.990ms
[2025-01-18T04:05:30.130+0000][79][info ][gc,marking  ] GC(18) Concurrent Preclean
[2025-01-18T04:05:30.131+0000][79][info ][gc,marking  ] GC(18) Concurrent Preclean 0.632ms
[2025-01-18T04:05:30.132+0000][79][info ][gc,start    ] GC(18) Pause Remark
[2025-01-18T04:05:30.350+0000][79][info ][gc,mmu      ] GC(18) MMU target violated: 201.0ms (200.0ms/201.0ms)
[2025-01-18T04:05:30.350+0000][79][info ][gc          ] GC(18) Pause Remark 145M->145M(3392M) 218.504ms
[2025-01-18T04:05:30.350+0000][79][info ][gc,cpu      ] GC(18) User=2.93s Sys=0.00s Real=0.21s
[2025-01-18T04:05:30.351+0000][79][info ][safepoint   ] Safepoint "G1PauseRemark", Time since last: 103248387 ns, Reaching safepoint: 25519 ns, Cleanup: 4441 ns, At safepoint: 219428611 ns, Total: 219458571 ns
[2025-01-18T04:05:30.352+0000][79][info ][gc,marking  ] GC(18) Concurrent Mark 301.046ms
[2025-01-18T04:05:30.352+0000][79][info ][gc,marking  ] GC(18) Concurrent Rebuild Remembered Sets and Scrub Regions
[2025-01-18T04:05:30.363+0000][79][info ][gc,marking  ] GC(18) Concurrent Rebuild Remembered Sets and Scrub Regions 10.945ms
[2025-01-18T04:05:30.364+0000][79][info ][gc,start    ] GC(18) Pause Cleanup
[2025-01-18T04:05:30.364+0000][79][info ][gc          ] GC(18) Pause Cleanup 145M->145M(3392M) 0.653ms
[2025-01-18T04:05:30.365+0000][79][info ][gc,cpu      ] GC(18) User=0.01s Sys=0.00s Real=0.00s
[2025-01-18T04:05:30.365+0000][79][info ][safepoint   ] Safepoint "G1PauseCleanup", Time since last: 12496464 ns, Reaching safepoint: 95859 ns, Cleanup: 65935 ns, At safepoint: 1468314 ns, Total: 1630108 ns
[2025-01-18T04:05:30.366+0000][79][info ][gc,marking  ] GC(18) Concurrent Clear Claimed Marks
[2025-01-18T04:05:30.366+0000][79][info ][gc,marking  ] GC(18) Concurrent Clear Claimed Marks 0.837ms
[2025-01-18T04:05:30.367+0000][79][info ][gc,marking  ] GC(18) Concurrent Cleanup for Next Mark
[2025-01-18T04:05:30.398+0000][79][info ][gc,marking  ] GC(18) Concurrent Cleanup for Next Mark 31.287ms
[2025-01-18T04:05:30.399+0000][79][info ][gc          ] GC(18) Concurrent Mark Cycle 370.522ms
[2025-01-18T04:05:32.251+0000][79][info ][safepoint   ] Safepoint "Cleanup", Time since last: 1886220995 ns, Reaching safepoint: 92280 ns, Cleanup: 8587 ns, At safepoint: 21629 ns, Total: 122496 ns
[2025-01-18T04:05:33.365+0000][79][info ][safepoint   ] Safepoint "Cleanup", Time since last: 1113389871 ns, Reaching safepoint: 46161 ns, Cleanup: 25653 ns, At safepoint: 9822 ns, Total: 81636 ns
[2025-01-18T04:05:35.386+0000][79][info ][safepoint   ] Safepoint "Cleanup", Time since last: 2020982766 ns, Reaching safepoint: 32223 ns, Cleanup: 27651 ns, At safepoint: 7460 ns, Total: 67334 ns
[2025-01-18T04:05:38.248+0000][79][info ][safepoint   ] Safepoint "Cleanup", Time since last: 2862175369 ns, Reaching safepoint: 13250 ns, Cleanup: 7251 ns, At safepoint: 5879 ns, Total: 26380 ns
[2025-01-18T04:05:41.405+0000][79][info ][safepoint   ] Safepoint "Cleanup", Time since last: 3158237538 ns, Reaching safepoint: 42161 ns, Cleanup: 21022 ns, At safepoint: 10953 ns, Total: 74136 ns
[2025-01-18T04:05:45.424+0000][79][info ][safepoint   ] Safepoint "Cleanup", Time since last: 4019143004 ns, Reaching safepoint: 26556 ns, Cleanup: 13135 ns, At safepoint: 5784 ns, Total: 45475 ns
[2025-01-18T04:05:48.438+0000][79][info ][safepoint   ] Safepoint "Cleanup", Time since last: 3013505622 ns, Reaching safepoint: 26028 ns, Cleanup: 13302 ns, At safepoint: 5600 ns, Total: 44930 ns
[2025-01-18T04:05:50.431+0000][79][info ][safepoint   ] Safepoint "Cleanup", Time since last: 1992541830 ns, Reaching safepoint: 92387 ns, Cleanup: 8814 ns, At safepoint: 26130 ns, Total: 127331 ns
[2025-01-18T04:05:51.444+0000][79][info ][safepoint   ] Safepoint "Cleanup", Time since last: 1013797353 ns, Reaching safepoint: 27109 ns, Cleanup: 14868 ns, At safepoint: 5665 ns, Total: 47642 ns
[2025-01-18T04:06:02.477+0000][79][info ][safepoint   ] Safepoint "Cleanup", Time since last: 11032419498 ns, Reaching safepoint: 19362 ns, Cleanup: 16001 ns, At safepoint: 9950 ns, Total: 45313 ns
[2025-01-18T04:06:06.024+0000][79][info ][safepoint   ] Safepoint "Cleanup", Time since last: 3546944444 ns, Reaching safepoint: 47156 ns, Cleanup: 31877 ns, At safepoint: 11279 ns, Total: 90312 ns
[2025-01-18T04:06:08.260+0000][79][info ][safepoint   ] Safepoint "Cleanup", Time since last: 2236250524 ns, Reaching safepoint: 10242 ns, Cleanup: 10168 ns, At safepoint: 17364 ns, Total: 37774 ns
[2025-01-18T04:06:10.505+0000][79][info ][safepoint   ] Safepoint "Cleanup", Time since last: 2245849757 ns, Reaching safepoint: 149609 ns, Cleanup: 16786 ns, At safepoint: 8383 ns, Total: 174778 ns
[2025-01-18T04:06:24.545+0000][79][info ][safepoint   ] Safepoint "Cleanup", Time since last: 14040621317 ns, Reaching safepoint: 51164 ns, Cleanup: 11212 ns, At safepoint: 7482 ns, Total: 69858 ns
[2025-01-18T04:06:26.244+0000][79][info ][safepoint   ] Safepoint "Cleanup", Time since last: 1698953343 ns, Reaching safepoint: 11873 ns, Cleanup: 12840 ns, At safepoint: 4911 ns, Total: 29624 ns
[2025-01-18T04:06:32.238+0000][79][info ][safepoint   ] Safepoint "Cleanup", Time since last: 5993920965 ns, Reaching safepoint: 10944 ns, Cleanup: 7870 ns, At safepoint: 5190 ns, Total: 24004 ns
[2025-01-18T04:06:33.588+0000][79][info ][safepoint   ] Safepoint "Cleanup", Time since last: 1349049222 ns, Reaching safepoint: 39875 ns, Cleanup: 23290 ns, At safepoint: 10514 ns, Total: 73679 ns
[2025-01-18T04:06:34.590+0000][79][info ][safepoint   ] Safepoint "Cleanup", Time since last: 1002011251 ns, Reaching safepoint: 72331 ns, Cleanup: 21373 ns, At safepoint: 11689 ns, Total: 105393 ns
[2025-01-18T04:06:35.591+0000][79][info ][safepoint   ] Safepoint "Cleanup", Time since last: 1001338213 ns, Reaching safepoint: 41772 ns, Cleanup: 22774 ns, At safepoint: 9967 ns, Total: 74513 ns
[2025-01-18T04:06:38.248+0000][79][info ][safepoint   ] Safepoint "Cleanup", Time since last: 2656758703 ns, Reaching safepoint: 43752 ns, Cleanup: 12214 ns, At safepoint: 37435 ns, Total: 93401 ns
[2025-01-18T04:06:44.612+0000][79][info ][safepoint   ] Safepoint "Cleanup", Time since last: 6366517151 ns, Reaching safepoint: 18230 ns, Cleanup: 12660 ns, At safepoint: 37918 ns, Total: 68808 ns
[2025-01-18T04:06:45.627+0000][79][info ][safepoint   ] Safepoint "Cleanup", Time since last: 1015343682 ns, Reaching safepoint: 57654 ns, Cleanup: 27690 ns, At safepoint: 15672 ns, Total: 101016 ns
[2025-01-18T04:06:47.629+0000][79][info ][safepoint   ] Safepoint "Cleanup", Time since last: 2001605009 ns, Reaching safepoint: 25071 ns, Cleanup: 15732 ns, At safepoint: 5205 ns, Total: 46008 ns
[2025-01-18T04:06:50.640+0000][79][info ][safepoint   ] Safepoint "Cleanup", Time since last: 3010587002 ns, Reaching safepoint: 89444 ns, Cleanup: 6725 ns, At safepoint: 21932 ns, Total: 118101 ns
[2025-01-18T04:06:51.641+0000][79][info ][safepoint   ] Safepoint "Cleanup", Time since last: 1001223125 ns, Reaching safepoint: 11215 ns, Cleanup: 14958 ns, At safepoint: 5020 ns, Total: 31193 ns
[2025-01-18T04:07:10.692+0000][79][info ][safepoint   ] Safepoint "Cleanup", Time since last: 19052588935 ns, Reaching safepoint: 73129 ns, Cleanup: 20341 ns, At safepoint: 10696 ns, Total: 104166 ns
[2025-01-18T04:07:14.262+0000][79][info ][safepoint   ] Safepoint "Cleanup", Time since last: 3569641177 ns, Reaching safepoint: 16273 ns, Cleanup: 17622 ns, At safepoint: 32778 ns, Total: 66673 ns
[2025-01-18T04:07:17.720+0000][79][info ][safepoint   ] Safepoint "Cleanup", Time since last: 3458424251 ns, Reaching safepoint: 44688 ns, Cleanup: 22842 ns, At safepoint: 12076 ns, Total: 79606 ns
[2025-01-18T04:07:18.722+0000][79][info ][safepoint   ] Safepoint "Cleanup", Time since last: 1001204983 ns, Reaching safepoint: 46212 ns, Cleanup: 22167 ns, At safepoint: 12253 ns, Total: 80632 ns
[2025-01-18T04:07:20.737+0000][79][info ][safepoint   ] Safepoint "Cleanup", Time since last: 2015345407 ns, Reaching safepoint: 17912 ns, Cleanup: 13025 ns, At safepoint: 9365 ns, Total: 40302 ns
[2025-01-18T04:07:21.758+0000][79][info ][safepoint   ] Safepoint "Cleanup", Time since last: 1020653875 ns, Reaching safepoint: 15008 ns, Cleanup: 16722 ns, At safepoint: 22831 ns, Total: 54561 ns
[2025-01-18T04:07:35.798+0000][79][info ][safepoint   ] Safepoint "Cleanup", Time since last: 14039981376 ns, Reaching safepoint: 73193 ns, Cleanup: 23944 ns, At safepoint: 10491 ns, Total: 107628 ns
[2025-01-18T04:07:39.809+0000][79][info ][safepoint   ] Safepoint "Cleanup", Time since last: 4012398013 ns, Reaching safepoint: 59221 ns, Cleanup: 15572 ns, At safepoint: 9497 ns, Total: 84290 ns
[2025-01-18T04:07:41.810+0000][79][info ][safepoint   ] Safepoint "Cleanup", Time since last: 2000732353 ns, Reaching safepoint: 26697 ns, Cleanup: 14757 ns, At safepoint: 5812 ns, Total: 47266 ns
[2025-01-18T04:07:50.839+0000][79][info ][safepoint   ] Safepoint "Cleanup", Time since last: 9029767889 ns, Reaching safepoint: 18474 ns, Cleanup: 14905 ns, At safepoint: 39038 ns, Total: 72417 ns
[2025-01-18T04:08:02.264+0000][79][info ][safepoint   ] Safepoint "Cleanup", Time since last: 11424659440 ns, Reaching safepoint: 13922 ns, Cleanup: 10658 ns, At safepoint: 6838 ns, Total: 31418 ns
[2025-01-18T04:08:03.918+0000][79][info ][safepoint   ] Safepoint "Cleanup", Time since last: 1654104014 ns, Reaching safepoint: 54558 ns, Cleanup: 26370 ns, At safepoint: 88236 ns, Total: 169164 ns
[2025-01-18T04:08:14.946+0000][79][info ][safepoint   ] Safepoint "Cleanup", Time since last: 11029457457 ns, Reaching safepoint: 22951 ns, Cleanup: 11792 ns, At safepoint: 4456 ns, Total: 39199 ns
[2025-01-18T04:08:23.967+0000][79][info ][safepoint   ] Safepoint "Cleanup", Time since last: 9021544408 ns, Reaching safepoint: 28704 ns, Cleanup: 13924 ns, At safepoint: 6113 ns, Total: 48741 ns
[2025-01-18T04:08:25.969+0000][79][info ][safepoint   ] Safepoint "Cleanup", Time since last: 2001138525 ns, Reaching safepoint: 88023 ns, Cleanup: 22299 ns, At safepoint: 16342 ns, Total: 126664 ns
[2025-01-18T04:08:35.023+0000][79][info ][safepoint   ] Safepoint "Cleanup", Time since last: 9053802377 ns, Reaching safepoint: 30191 ns, Cleanup: 27249 ns, At safepoint: 7631 ns, Total: 65071 ns
[2025-01-18T04:08:45.050+0000][79][info ][safepoint   ] Safepoint "Cleanup", Time since last: 10029260012 ns, Reaching safepoint: 50573 ns, Cleanup: 15110 ns, At safepoint: 9270 ns, Total: 74953 ns
[2025-01-18T04:08:50.235+0000][79][info ][safepoint   ] Safepoint "Cleanup", Time since last: 5185111458 ns, Reaching safepoint: 9614 ns, Cleanup: 7452 ns, At safepoint: 17267 ns, Total: 34333 ns
[2025-01-18T04:08:53.079+0000][79][info ][safepoint   ] Safepoint "Cleanup", Time since last: 2843658756 ns, Reaching safepoint: 54208 ns, Cleanup: 22399 ns, At safepoint: 12012 ns, Total: 88619 ns
[2025-01-18T04:08:55.080+0000][79][info ][safepoint   ] Safepoint "Cleanup", Time since last: 2000906328 ns, Reaching safepoint: 27746 ns, Cleanup: 13236 ns, At safepoint: 5985 ns, Total: 46967 ns
[2025-01-18T04:08:56.244+0000][79][info ][safepoint   ] Safepoint "Cleanup", Time since last: 1163662811 ns, Reaching safepoint: 11975 ns, Cleanup: 8884 ns, At safepoint: 4408 ns, Total: 25267 ns
[2025-01-18T04:08:58.095+0000][79][info ][safepoint   ] Safepoint "Cleanup", Time since last: 1850855165 ns, Reaching safepoint: 28683 ns, Cleanup: 14656 ns, At safepoint: 5383 ns, Total: 48722 ns
[2025-01-18T04:09:03.100+0000][79][info ][safepoint   ] Safepoint "Cleanup", Time since last: 5005623233 ns, Reaching safepoint: 99445 ns, Cleanup: 11282 ns, At safepoint: 53682 ns, Total: 164409 ns
[2025-01-18T04:09:08.251+0000][79][info ][safepoint   ] Safepoint "Cleanup", Time since last: 5150419800 ns, Reaching safepoint: 99732 ns, Cleanup: 9140 ns, At safepoint: 49922 ns, Total: 158794 ns
[2025-01-18T04:09:11.120+0000][79][info ][safepoint   ] Safepoint "Cleanup", Time since last: 2870824067 ns, Reaching safepoint: 33181 ns, Cleanup: 19297 ns, At safepoint: 6564 ns, Total: 59042 ns
[2025-01-18T04:09:12.121+0000][79][info ][safepoint   ] Safepoint "Cleanup", Time since last: 1000967237 ns, Reaching safepoint: 58599 ns, Cleanup: 16623 ns, At safepoint: 8623 ns, Total: 83845 ns
[2025-01-18T04:09:15.506+0000][79][info ][safepoint   ] Safepoint "Cleanup", Time since last: 3384728436 ns, Reaching safepoint: 9639 ns, Cleanup: 70482 ns, At safepoint: 17618 ns, Total: 97739 ns
[2025-01-18T04:09:16.507+0000][79][info ][safepoint   ] Safepoint "Cleanup", Time since last: 1000868260 ns, Reaching safepoint: 27016 ns, Cleanup: 64080 ns, At safepoint: 6150 ns, Total: 97246 ns
[2025-01-18T04:09:17.604+0000][79][info ][safepoint   ] Safepoint "Cleanup", Time since last: 1096598060 ns, Reaching safepoint: 29076 ns, Cleanup: 31300 ns, At safepoint: 6442 ns, Total: 66818 ns
[2025-01-18T04:09:20.261+0000][79][info ][safepoint   ] Safepoint "Cleanup", Time since last: 2656991279 ns, Reaching safepoint: 10333 ns, Cleanup: 7574 ns, At safepoint: 4605 ns, Total: 22512 ns
[2025-01-18T04:09:23.170+0000][79][info ][safepoint   ] Safepoint "Cleanup", Time since last: 2909023844 ns, Reaching safepoint: 30309 ns, Cleanup: 14532 ns, At safepoint: 6394 ns, Total: 51235 ns
[2025-01-18T04:09:24.171+0000][79][info ][safepoint   ] Safepoint "Cleanup", Time since last: 1001427277 ns, Reaching safepoint: 58283 ns, Cleanup: 27793 ns, At safepoint: 19597 ns, Total: 105673 ns
[2025-01-18T04:09:25.173+0000][79][info ][safepoint   ] Safepoint "Cleanup", Time since last: 1001672739 ns, Reaching safepoint: 42885 ns, Cleanup: 22099 ns, At safepoint: 11044 ns, Total: 76028 ns
[2025-01-18T04:09:26.259+0000][79][info ][safepoint   ] Safepoint "Cleanup", Time since last: 1085679373 ns, Reaching safepoint: 11679 ns, Cleanup: 6443 ns, At safepoint: 4436 ns, Total: 22558 ns
[2025-01-18T04:09:28.200+0000][79][info ][safepoint   ] Safepoint "Cleanup", Time since last: 1941120421 ns, Reaching safepoint: 101450 ns, Cleanup: 25099 ns, At safepoint: 13119 ns, Total: 139668 ns
[2025-01-18T04:09:33.211+0000][79][info ][safepoint   ] Safepoint "Cleanup", Time since last: 5010723643 ns, Reaching safepoint: 17495 ns, Cleanup: 12027 ns, At safepoint: 34414 ns, Total: 63936 ns
[2025-01-18T04:09:35.222+0000][79][info ][safepoint   ] Safepoint "Cleanup", Time since last: 2011566778 ns, Reaching safepoint: 24986 ns, Cleanup: 20009 ns, At safepoint: 21274 ns, Total: 66269 ns
[2025-01-18T04:09:44.261+0000][79][info ][safepoint   ] Safepoint "Cleanup", Time since last: 9040771825 ns, Reaching safepoint: 11051 ns, Cleanup: 6546 ns, At safepoint: 23561 ns, Total: 41158 ns
[2025-01-18T04:09:45.274+0000][79][info ][safepoint   ] Safepoint "Cleanup", Time since last: 1012098001 ns, Reaching safepoint: 25349 ns, Cleanup: 10264 ns, At safepoint: 21434 ns, Total: 57047 ns
[2025-01-18T04:09:46.975+0000][79][info ][safepoint   ] Safepoint "Cleanup", Time since last: 1701178823 ns, Reaching safepoint: 106735 ns, Cleanup: 10302 ns, At safepoint: 53553 ns, Total: 170590 ns
[2025-01-18T04:09:47.981+0000][79][info ][safepoint   ] Safepoint "Cleanup", Time since last: 1005975663 ns, Reaching safepoint: 37363 ns, Cleanup: 26038 ns, At safepoint: 9905 ns, Total: 73306 ns
[2025-01-18T04:09:51.312+0000][79][info ][safepoint   ] Safepoint "Cleanup", Time since last: 3330568189 ns, Reaching safepoint: 8552 ns, Cleanup: 5756 ns, At safepoint: 4248 ns, Total: 18556 ns
[2025-01-18T04:09:52.323+0000][79][info ][safepoint   ] Safepoint "Cleanup", Time since last: 1011057723 ns, Reaching safepoint: 11335 ns, Cleanup: 16482 ns, At safepoint: 19193 ns, Total: 47010 ns
[2025-01-18T04:09:55.328+0000][79][info ][safepoint   ] Safepoint "Cleanup", Time since last: 3005368404 ns, Reaching safepoint: 40853 ns, Cleanup: 20811 ns, At safepoint: 10494 ns, Total: 72158 ns
[2025-01-18T04:09:56.524+0000][79][info ][safepoint   ] Safepoint "Cleanup", Time since last: 1196130630 ns, Reaching safepoint: 98156 ns, Cleanup: 10929 ns, At safepoint: 44388 ns, Total: 153473 ns
[2025-01-18T04:09:58.347+0000][79][info ][safepoint   ] Safepoint "Cleanup", Time since last: 1822747678 ns, Reaching safepoint: 52177 ns, Cleanup: 12912 ns, At safepoint: 6999 ns, Total: 72088 ns
[2025-01-18T04:10:03.289+0000][79][info ][safepoint   ] Safepoint "Cleanup", Time since last: 4941343139 ns, Reaching safepoint: 45389 ns, Cleanup: 21906 ns, At safepoint: 11552 ns, Total: 78847 ns
[2025-01-18T04:10:14.423+0000][79][info ][safepoint   ] Safepoint "Cleanup", Time since last: 11135809612 ns, Reaching safepoint: 47405 ns, Cleanup: 9142 ns, At safepoint: 27963 ns, Total: 84510 ns
[2025-01-18T04:10:20.298+0000][79][info ][safepoint   ] Safepoint "Cleanup", Time since last: 5874979880 ns, Reaching safepoint: 10344 ns, Cleanup: 6584 ns, At safepoint: 22612 ns, Total: 39540 ns
[2025-01-18T04:10:26.273+0000][79][info ][safepoint   ] Safepoint "Cleanup", Time since last: 5975481202 ns, Reaching safepoint: 9415 ns, Cleanup: 7836 ns, At safepoint: 30041 ns, Total: 47292 ns
[2025-01-18T04:10:32.489+0000][79][info ][safepoint   ] Safepoint "Cleanup", Time since last: 6215824842 ns, Reaching safepoint: 40859 ns, Cleanup: 14043 ns, At safepoint: 8810 ns, Total: 63712 ns
[2025-01-18T04:10:35.502+0000][79][info ][safepoint   ] Safepoint "Cleanup", Time since last: 3013013879 ns, Reaching safepoint: 26979 ns, Cleanup: 13882 ns, At safepoint: 5209 ns, Total: 46070 ns
[2025-01-18T04:10:38.287+0000][79][info ][safepoint   ] Safepoint "Cleanup", Time since last: 2784129928 ns, Reaching safepoint: 7983 ns, Cleanup: 6293 ns, At safepoint: 4263 ns, Total: 18539 ns
[2025-01-18T04:10:44.544+0000][79][info ][safepoint   ] Safepoint "Cleanup", Time since last: 6258988569 ns, Reaching safepoint: 32018 ns, Cleanup: 12960 ns, At safepoint: 4934 ns, Total: 49912 ns
[2025-01-18T04:10:50.572+0000][79][info ][safepoint   ] Safepoint "Cleanup", Time since last: 6028825498 ns, Reaching safepoint: 9791 ns, Cleanup: 6810 ns, At safepoint: 29961 ns, Total: 46562 ns
[2025-01-18T04:10:54.574+0000][79][info ][safepoint   ] Safepoint "Cleanup", Time since last: 4001680313 ns, Reaching safepoint: 36481 ns, Cleanup: 16128 ns, At safepoint: 5810 ns, Total: 58419 ns
[2025-01-18T04:10:56.250+0000][79][info ][safepoint   ] Safepoint "Cleanup", Time since last: 1675634236 ns, Reaching safepoint: 11667 ns, Cleanup: 9704 ns, At safepoint: 4600 ns, Total: 25971 ns
[2025-01-18T04:10:57.584+0000][79][info ][safepoint   ] Safepoint "Cleanup", Time since last: 1334570804 ns, Reaching safepoint: 31184 ns, Cleanup: 15018 ns, At safepoint: 6762 ns, Total: 52964 ns
[2025-01-18T04:11:00.435+0000][79][info ][safepoint   ] Safepoint "Cleanup", Time since last: 2850193448 ns, Reaching safepoint: 11822 ns, Cleanup: 14966 ns, At safepoint: 17620 ns, Total: 44408 ns
[2025-01-18T04:11:01.435+0000][79][info ][safepoint   ] Safepoint "Cleanup", Time since last: 1000548116 ns, Reaching safepoint: 29030 ns, Cleanup: 39793 ns, At safepoint: 5661 ns, Total: 74484 ns
[2025-01-18T04:11:02.593+0000][79][info ][safepoint   ] Safepoint "Cleanup", Time since last: 1157550274 ns, Reaching safepoint: 89168 ns, Cleanup: 22609 ns, At safepoint: 19109 ns, Total: 130886 ns
[2025-01-18T04:11:03.609+0000][79][info ][safepoint   ] Safepoint "Cleanup", Time since last: 1015694511 ns, Reaching safepoint: 15641 ns, Cleanup: 16246 ns, At safepoint: 32150 ns, Total: 64037 ns
[2025-01-18T04:11:20.255+0000][79][info ][safepoint   ] Safepoint "Cleanup", Time since last: 16648529153 ns, Reaching safepoint: 62750 ns, Cleanup: 7406 ns, At safepoint: 20349 ns, Total: 90505 ns
[2025-01-18T04:11:23.688+0000][79][info ][safepoint   ] Safepoint "Cleanup", Time since last: 3432165658 ns, Reaching safepoint: 32637 ns, Cleanup: 14613 ns, At safepoint: 5782 ns, Total: 53032 ns
[2025-01-18T04:11:32.744+0000][79][info ][safepoint   ] Safepoint "Cleanup", Time since last: 9056767883 ns, Reaching safepoint: 13300 ns, Cleanup: 8209 ns, At safepoint: 17469 ns, Total: 38978 ns
[2025-01-18T04:11:35.748+0000][79][info ][safepoint   ] Safepoint "Cleanup", Time since last: 3003862435 ns, Reaching safepoint: 53664 ns, Cleanup: 29912 ns, At safepoint: 12030 ns, Total: 95606 ns
[2025-01-18T04:11:44.276+0000][79][info ][safepoint   ] Safepoint "Cleanup", Time since last: 8529726931 ns, Reaching safepoint: 11050 ns, Cleanup: 7792 ns, At safepoint: 5745 ns, Total: 24587 ns
[2025-01-18T04:11:49.791+0000][79][info ][safepoint   ] Safepoint "Cleanup", Time since last: 5515262862 ns, Reaching safepoint: 46677 ns, Cleanup: 21746 ns, At safepoint: 12120 ns, Total: 80543 ns
[2025-01-18T04:11:50.801+0000][79][info ][safepoint   ] Safepoint "Cleanup", Time since last: 1009475333 ns, Reaching safepoint: 12586 ns, Cleanup: 8832 ns, At safepoint: 20233 ns, Total: 41651 ns
[2025-01-18T04:11:54.817+0000][79][info ][safepoint   ] Safepoint "Cleanup", Time since last: 4016176562 ns, Reaching safepoint: 38607 ns, Cleanup: 20875 ns, At safepoint: 9972 ns, Total: 69454 ns
[2025-01-18T04:11:59.854+0000][79][info ][safepoint   ] Safepoint "Cleanup", Time since last: 5036950623 ns, Reaching safepoint: 48533 ns, Cleanup: 20127 ns, At safepoint: 11072 ns, Total: 79732 ns
[2025-01-18T04:12:02.324+0000][79][info ][safepoint   ] Safepoint "Cleanup", Time since last: 2469897470 ns, Reaching safepoint: 118455 ns, Cleanup: 9092 ns, At safepoint: 61988 ns, Total: 189535 ns
[2025-01-18T04:12:03.919+0000][79][info ][safepoint   ] Safepoint "Cleanup", Time since last: 1594562502 ns, Reaching safepoint: 11838 ns, Cleanup: 14375 ns, At safepoint: 17348 ns, Total: 43561 ns
[2025-01-18T04:12:05.279+0000][79][info ][safepoint   ] Safepoint "Cleanup", Time since last: 1360269026 ns, Reaching safepoint: 42346 ns, Cleanup: 19916 ns, At safepoint: 10660 ns, Total: 72922 ns
[2025-01-18T04:12:26.266+0000][79][info ][safepoint   ] Safepoint "Cleanup", Time since last: 20988057660 ns, Reaching safepoint: 31728 ns, Cleanup: 7454 ns, At safepoint: 30060 ns, Total: 69242 ns
[2025-01-18T04:12:28.014+0000][79][info ][safepoint   ] Safepoint "Cleanup", Time since last: 1748165472 ns, Reaching safepoint: 286692 ns, Cleanup: 32523 ns, At safepoint: 25948 ns, Total: 345163 ns
[2025-01-18T04:12:35.115+0000][79][info ][safepoint   ] Safepoint "Cleanup", Time since last: 7100927306 ns, Reaching safepoint: 226841 ns, Cleanup: 44181 ns, At safepoint: 13211 ns, Total: 284233 ns
[2025-01-18T04:12:36.117+0000][79][info ][safepoint   ] Safepoint "Cleanup", Time since last: 1001385070 ns, Reaching safepoint: 46327 ns, Cleanup: 22641 ns, At safepoint: 12136 ns, Total: 81104 ns
[2025-01-18T04:12:39.127+0000][79][info ][safepoint   ] Safepoint "Cleanup", Time since last: 3011572355 ns, Reaching safepoint: 36356 ns, Cleanup: 11011 ns, At safepoint: 24607 ns, Total: 71974 ns
[2025-01-18T04:12:40.137+0000][79][info ][safepoint   ] Safepoint "Cleanup", Time since last: 1009670754 ns, Reaching safepoint: 52560 ns, Cleanup: 42299 ns, At safepoint: 13930 ns, Total: 108789 ns
[2025-01-18T04:12:44.138+0000][79][info ][safepoint   ] Safepoint "Cleanup", Time since last: 4001787758 ns, Reaching safepoint: 41912 ns, Cleanup: 12736 ns, At safepoint: 5417 ns, Total: 60065 ns
[2025-01-18T04:12:45.159+0000][79][info ][safepoint   ] Safepoint "Cleanup", Time since last: 1020113026 ns, Reaching safepoint: 56208 ns, Cleanup: 25021 ns, At safepoint: 38422 ns, Total: 119651 ns
[2025-01-18T04:12:51.195+0000][79][info ][safepoint   ] Safepoint "Cleanup", Time since last: 6035989279 ns, Reaching safepoint: 26174 ns, Cleanup: 8434 ns, At safepoint: 18397 ns, Total: 53005 ns
[2025-01-18T04:12:54.207+0000][79][info ][safepoint   ] Safepoint "Cleanup", Time since last: 3012173364 ns, Reaching safepoint: 27380 ns, Cleanup: 16208 ns, At safepoint: 5951 ns, Total: 49539 ns
[2025-01-18T04:12:57.225+0000][79][info ][safepoint   ] Safepoint "Cleanup", Time since last: 3018041035 ns, Reaching safepoint: 108545 ns, Cleanup: 11308 ns, At safepoint: 52558 ns, Total: 172411 ns
[2025-01-18T04:12:58.252+0000][79][info ][safepoint   ] Safepoint "Cleanup", Time since last: 1026613250 ns, Reaching safepoint: 11470 ns, Cleanup: 13620 ns, At safepoint: 4594 ns, Total: 29684 ns
[2025-01-18T04:12:59.258+0000][79][info ][safepoint   ] Safepoint "Cleanup", Time since last: 1005659392 ns, Reaching safepoint: 34453 ns, Cleanup: 17959 ns, At safepoint: 6016 ns, Total: 58428 ns
[2025-01-18T04:13:02.258+0000][79][info ][safepoint   ] Safepoint "Cleanup", Time since last: 3000840297 ns, Reaching safepoint: 42430 ns, Cleanup: 11080 ns, At safepoint: 8447 ns, Total: 61957 ns
[2025-01-18T04:13:05.338+0000][79][info ][safepoint   ] Safepoint "Cleanup", Time since last: 3079658886 ns, Reaching safepoint: 28869 ns, Cleanup: 16092 ns, At safepoint: 5951 ns, Total: 50912 ns
[2025-01-18T04:13:06.339+0000][79][info ][safepoint   ] Safepoint "Cleanup", Time since last: 1000493960 ns, Reaching safepoint: 28924 ns, Cleanup: 14344 ns, At safepoint: 5608 ns, Total: 48876 ns
[2025-01-18T04:13:08.266+0000][79][info ][safepoint   ] Safepoint "Cleanup", Time since last: 1927593756 ns, Reaching safepoint: 37706 ns, Cleanup: 11017 ns, At safepoint: 17977 ns, Total: 66700 ns
[2025-01-18T04:13:09.274+0000][79][info ][safepoint   ] Safepoint "Cleanup", Time since last: 1009784571 ns, Reaching safepoint: 28855 ns, Cleanup: 9391 ns, At safepoint: 25753 ns, Total: 63999 ns
[2025-01-18T04:13:10.349+0000][79][info ][safepoint   ] Safepoint "Cleanup", Time since last: 1074270586 ns, Reaching safepoint: 49063 ns, Cleanup: 32557 ns, At safepoint: 7448 ns, Total: 89068 ns
[2025-01-18T04:13:11.631+0000][79][info ][safepoint   ] Safepoint "Cleanup", Time since last: 1282108758 ns, Reaching safepoint: 30059 ns, Cleanup: 21873 ns, At safepoint: 5996 ns, Total: 57928 ns
[2025-01-18T04:13:14.271+0000][79][info ][safepoint   ] Safepoint "Cleanup", Time since last: 2639873023 ns, Reaching safepoint: 11350 ns, Cleanup: 8567 ns, At safepoint: 23052 ns, Total: 42969 ns
[2025-01-18T04:13:16.327+0000][79][info ][safepoint   ] Safepoint "Cleanup", Time since last: 2056435473 ns, Reaching safepoint: 27315 ns, Cleanup: 15832 ns, At safepoint: 5455 ns, Total: 48602 ns
[2025-01-18T04:13:23.378+0000][79][info ][safepoint   ] Safepoint "Cleanup", Time since last: 7050837904 ns, Reaching safepoint: 93034 ns, Cleanup: 30906 ns, At safepoint: 17806 ns, Total: 141746 ns
[2025-01-18T04:13:27.420+0000][79][info ][safepoint   ] Safepoint "Cleanup", Time since last: 4041268863 ns, Reaching safepoint: 43714 ns, Cleanup: 20628 ns, At safepoint: 11085 ns, Total: 75427 ns
[2025-01-18T04:13:32.277+0000][79][info ][safepoint   ] Safepoint "Cleanup", Time since last: 4857479068 ns, Reaching safepoint: 11252 ns, Cleanup: 8547 ns, At safepoint: 4508 ns, Total: 24307 ns
[2025-01-18T04:13:33.489+0000][79][info ][safepoint   ] Safepoint "Cleanup", Time since last: 1211823626 ns, Reaching safepoint: 66566 ns, Cleanup: 18476 ns, At safepoint: 8873 ns, Total: 93915 ns
[2025-01-18T04:13:35.490+0000][79][info ][safepoint   ] Safepoint "Cleanup", Time since last: 2000849617 ns, Reaching safepoint: 31991 ns, Cleanup: 21304 ns, At safepoint: 5870 ns, Total: 59165 ns
[2025-01-18T04:13:44.552+0000][79][info ][safepoint   ] Safepoint "Cleanup", Time since last: 9064001776 ns, Reaching safepoint: 16837 ns, Cleanup: 13778 ns, At safepoint: 9685 ns, Total: 40300 ns
[2025-01-18T04:13:56.301+0000][79][info ][safepoint   ] Safepoint "Cleanup", Time since last: 11748847357 ns, Reaching safepoint: 10887 ns, Cleanup: 9850 ns, At safepoint: 4211 ns, Total: 24948 ns
[2025-01-18T04:13:57.661+0000][79][info ][safepoint   ] Safepoint "Cleanup", Time since last: 1360721684 ns, Reaching safepoint: 41862 ns, Cleanup: 19328 ns, At safepoint: 10014 ns, Total: 71204 ns
[2025-01-18T04:14:02.416+0000][79][info ][safepoint   ] Safepoint "Cleanup", Time since last: 4753909482 ns, Reaching safepoint: 114623 ns, Cleanup: 12949 ns, At safepoint: 36134 ns, Total: 163706 ns
[2025-01-18T04:14:05.377+0000][79][info ][safepoint   ] Safepoint "Cleanup", Time since last: 2961008434 ns, Reaching safepoint: 42801 ns, Cleanup: 19370 ns, At safepoint: 10653 ns, Total: 72824 ns
[2025-01-18T04:14:06.378+0000][79][info ][safepoint   ] Safepoint "Cleanup", Time since last: 1001257406 ns, Reaching safepoint: 49963 ns, Cleanup: 21317 ns, At safepoint: 11496 ns, Total: 82776 ns
[2025-01-18T04:14:08.259+0000][79][info ][safepoint   ] Safepoint "Cleanup", Time since last: 1881013896 ns, Reaching safepoint: 10348 ns, Cleanup: 8861 ns, At safepoint: 4499 ns, Total: 23708 ns
[2025-01-18T04:14:20.739+0000][79][info ][safepoint   ] Safepoint "Cleanup", Time since last: 12480906191 ns, Reaching safepoint: 9712 ns, Cleanup: 8810 ns, At safepoint: 4323 ns, Total: 22845 ns
[2025-01-18T04:14:26.260+0000][79][info ][safepoint   ] Safepoint "Cleanup", Time since last: 5520677917 ns, Reaching safepoint: 155596 ns, Cleanup: 9161 ns, At safepoint: 56899 ns, Total: 221656 ns
[2025-01-18T04:14:27.803+0000][79][info ][safepoint   ] Safepoint "Cleanup", Time since last: 1543419200 ns, Reaching safepoint: 31987 ns, Cleanup: 72908 ns, At safepoint: 10521 ns, Total: 115416 ns
[2025-01-18T04:14:32.266+0000][79][info ][safepoint   ] Safepoint "Cleanup", Time since last: 4462338121 ns, Reaching safepoint: 11383 ns, Cleanup: 8857 ns, At safepoint: 20660 ns, Total: 40900 ns
[2025-01-18T04:14:34.857+0000][79][info ][safepoint   ] Safepoint "Cleanup", Time since last: 2591688120 ns, Reaching safepoint: 49435 ns, Cleanup: 15340 ns, At safepoint: 5640 ns, Total: 70415 ns
[2025-01-18T04:14:41.874+0000][79][info ][safepoint   ] Safepoint "Cleanup", Time since last: 7019197804 ns, Reaching safepoint: 34491 ns, Cleanup: 15724 ns, At safepoint: 7308 ns, Total: 57523 ns
[2025-01-18T04:14:47.261+0000][79][info ][safepoint   ] Safepoint "Cleanup", Time since last: 5386355736 ns, Reaching safepoint: 10465 ns, Cleanup: 6346 ns, At safepoint: 4302 ns, Total: 21113 ns
[2025-01-18T04:14:48.937+0000][79][info ][safepoint   ] Safepoint "Cleanup", Time since last: 1676183703 ns, Reaching safepoint: 40353 ns, Cleanup: 18933 ns, At safepoint: 10649 ns, Total: 69935 ns
[2025-01-18T04:14:50.986+0000][79][info ][safepoint   ] Safepoint "Cleanup", Time since last: 2048990220 ns, Reaching safepoint: 15790 ns, Cleanup: 11403 ns, At safepoint: 30896 ns, Total: 58089 ns
[2025-01-18T04:14:52.009+0000][79][info ][safepoint   ] Safepoint "Cleanup", Time since last: 1022958720 ns, Reaching safepoint: 40382 ns, Cleanup: 28503 ns, At safepoint: 10157 ns, Total: 79042 ns
[2025-01-18T04:14:53.262+0000][79][info ][safepoint   ] Safepoint "Cleanup", Time since last: 1253154846 ns, Reaching safepoint: 64764 ns, Cleanup: 27980 ns, At safepoint: 16159 ns, Total: 108903 ns
[2025-01-18T04:14:55.264+0000][79][info ][safepoint   ] Safepoint "Cleanup", Time since last: 2001804873 ns, Reaching safepoint: 55151 ns, Cleanup: 27250 ns, At safepoint: 15323 ns, Total: 97724 ns
[2025-01-18T04:14:56.265+0000][79][info ][safepoint   ] Safepoint "Cleanup", Time since last: 1000733380 ns, Reaching safepoint: 12145 ns, Cleanup: 8458 ns, At safepoint: 19835 ns, Total: 40438 ns
[2025-01-18T04:14:58.035+0000][79][info ][safepoint   ] Safepoint "Cleanup", Time since last: 1770190485 ns, Reaching safepoint: 27349 ns, Cleanup: 14179 ns, At safepoint: 5709 ns, Total: 47237 ns
[2025-01-18T04:15:02.480+0000][79][info ][safepoint   ] Safepoint "Cleanup", Time since last: 4444881718 ns, Reaching safepoint: 20371 ns, Cleanup: 13885 ns, At safepoint: 37087 ns, Total: 71343 ns
[2025-01-18T04:15:04.055+0000][79][info ][safepoint   ] Safepoint "Cleanup", Time since last: 1575020489 ns, Reaching safepoint: 38877 ns, Cleanup: 20244 ns, At safepoint: 11026 ns, Total: 70147 ns
[2025-01-18T04:15:08.271+0000][79][info ][safepoint   ] Safepoint "Cleanup", Time since last: 4215090177 ns, Reaching safepoint: 41934 ns, Cleanup: 15071 ns, At safepoint: 40206 ns, Total: 97211 ns
[2025-01-18T04:15:14.279+0000][79][info ][safepoint   ] Safepoint "Cleanup", Time since last: 6010332346 ns, Reaching safepoint: 16182 ns, Cleanup: 13228 ns, At safepoint: 8314 ns, Total: 37724 ns
[2025-01-18T04:15:32.292+0000][79][info ][safepoint   ] Safepoint "Cleanup", Time since last: 18013006440 ns, Reaching safepoint: 10289 ns, Cleanup: 7294 ns, At safepoint: 19510 ns, Total: 37093 ns
[2025-01-18T04:15:34.224+0000][79][info ][safepoint   ] Safepoint "Cleanup", Time since last: 1932024056 ns, Reaching safepoint: 100847 ns, Cleanup: 14075 ns, At safepoint: 48647 ns, Total: 163569 ns
[2025-01-18T04:15:35.229+0000][79][info ][safepoint   ] Safepoint "Cleanup", Time since last: 1004451511 ns, Reaching safepoint: 34105 ns, Cleanup: 23897 ns, At safepoint: 9463 ns, Total: 67465 ns
[2025-01-18T04:15:39.234+0000][79][info ][safepoint   ] Safepoint "Cleanup", Time since last: 4006380687 ns, Reaching safepoint: 39619 ns, Cleanup: 9463 ns, At safepoint: 18694 ns, Total: 67776 ns
[2025-01-18T04:15:44.257+0000][79][info ][safepoint   ] Safepoint "Cleanup", Time since last: 5023447018 ns, Reaching safepoint: 8797 ns, Cleanup: 6656 ns, At safepoint: 18221 ns, Total: 33674 ns
[2025-01-18T04:15:45.265+0000][79][info ][safepoint   ] Safepoint "Cleanup", Time since last: 1007734504 ns, Reaching safepoint: 35643 ns, Cleanup: 21715 ns, At safepoint: 54866 ns, Total: 112224 ns
[2025-01-18T04:15:56.261+0000][79][info ][safepoint   ] Safepoint "Cleanup", Time since last: 10996064929 ns, Reaching safepoint: 38187 ns, Cleanup: 7681 ns, At safepoint: 21734 ns, Total: 67602 ns
[2025-01-18T04:15:57.275+0000][79][info ][safepoint   ] Safepoint "Cleanup", Time since last: 1014296253 ns, Reaching safepoint: 36202 ns, Cleanup: 19517 ns, At safepoint: 9117 ns, Total: 64836 ns
[2025-01-18T04:16:02.294+0000][79][info ][safepoint   ] Safepoint "Cleanup", Time since last: 5019071824 ns, Reaching safepoint: 10073 ns, Cleanup: 8192 ns, At safepoint: 4472 ns, Total: 22737 ns
[2025-01-18T04:16:06.473+0000][79][info ][safepoint   ] Safepoint "Cleanup", Time since last: 4178392807 ns, Reaching safepoint: 106498 ns, Cleanup: 26228 ns, At safepoint: 18119 ns, Total: 150845 ns
[2025-01-18T04:16:08.408+0000][79][info ][safepoint   ] Safepoint "Cleanup", Time since last: 1935197068 ns, Reaching safepoint: 16908 ns, Cleanup: 19935 ns, At safepoint: 32755 ns, Total: 69598 ns
[2025-01-18T04:16:19.452+0000][79][info ][safepoint   ] Safepoint "Cleanup", Time since last: 11045204844 ns, Reaching safepoint: 63871 ns, Cleanup: 63154 ns, At safepoint: 18643 ns, Total: 145668 ns
[2025-01-18T04:16:20.464+0000][79][info ][safepoint   ] Safepoint "Cleanup", Time since last: 1012114921 ns, Reaching safepoint: 16062 ns, Cleanup: 12129 ns, At safepoint: 8375 ns, Total: 36566 ns
[2025-01-18T04:16:23.477+0000][79][info ][safepoint   ] Safepoint "Cleanup", Time since last: 3012273242 ns, Reaching safepoint: 80702 ns, Cleanup: 19348 ns, At safepoint: 11472 ns, Total: 111522 ns
[2025-01-18T04:16:26.308+0000][79][info ][safepoint   ] Safepoint "Cleanup", Time since last: 2831429558 ns, Reaching safepoint: 11299 ns, Cleanup: 8018 ns, At safepoint: 5774 ns, Total: 25091 ns
[2025-01-18T04:16:27.503+0000][79][info ][safepoint   ] Safepoint "Cleanup", Time since last: 1194414578 ns, Reaching safepoint: 27483 ns, Cleanup: 14094 ns, At safepoint: 5731 ns, Total: 47308 ns
[2025-01-18T04:16:35.527+0000][79][info ][safepoint   ] Safepoint "Cleanup", Time since last: 8024800724 ns, Reaching safepoint: 29764 ns, Cleanup: 21491 ns, At safepoint: 6155 ns, Total: 57410 ns
[2025-01-18T04:16:38.314+0000][79][info ][safepoint   ] Safepoint "Cleanup", Time since last: 2787002236 ns, Reaching safepoint: 23518 ns, Cleanup: 6535 ns, At safepoint: 4348 ns, Total: 34401 ns
[2025-01-18T04:16:44.256+0000][79][info ][safepoint   ] Safepoint "Cleanup", Time since last: 5944619959 ns, Reaching safepoint: 11186 ns, Cleanup: 10212 ns, At safepoint: 18101 ns, Total: 39499 ns
[2025-01-18T04:16:53.615+0000][79][info ][safepoint   ] Safepoint "Cleanup", Time since last: 9358642743 ns, Reaching safepoint: 60920 ns, Cleanup: 14763 ns, At safepoint: 8095 ns, Total: 83778 ns
[2025-01-18T04:16:56.299+0000][79][info ][safepoint   ] Safepoint "Cleanup", Time since last: 2683491112 ns, Reaching safepoint: 19534 ns, Cleanup: 14201 ns, At safepoint: 38211 ns, Total: 71946 ns
[2025-01-18T04:16:59.650+0000][79][info ][safepoint   ] Safepoint "Cleanup", Time since last: 3350875146 ns, Reaching safepoint: 53036 ns, Cleanup: 33889 ns, At safepoint: 14415 ns, Total: 101340 ns
[2025-01-18T04:17:02.712+0000][79][info ][safepoint   ] Safepoint "Cleanup", Time since last: 3061920916 ns, Reaching safepoint: 9632 ns, Cleanup: 7062 ns, At safepoint: 32275 ns, Total: 48969 ns
[2025-01-18T04:17:04.520+0000][79][info ][safepoint   ] Safepoint "Cleanup", Time since last: 1808262519 ns, Reaching safepoint: 21434 ns, Cleanup: 21396 ns, At safepoint: 12931 ns, Total: 55761 ns
[2025-01-18T04:17:08.474+0000][79][info ][safepoint   ] Safepoint "Cleanup", Time since last: 3953462341 ns, Reaching safepoint: 212596 ns, Cleanup: 10814 ns, At safepoint: 78346 ns, Total: 301756 ns
[2025-01-18T04:17:09.729+0000][79][info ][safepoint   ] Safepoint "Cleanup", Time since last: 1257870093 ns, Reaching safepoint: 42122 ns, Cleanup: 28490 ns, At safepoint: 9713 ns, Total: 80325 ns
[2025-01-18T04:17:11.733+0000][79][info ][safepoint   ] Safepoint "Cleanup", Time since last: 2003391642 ns, Reaching safepoint: 48994 ns, Cleanup: 19022 ns, At safepoint: 8584 ns, Total: 76600 ns
[2025-01-18T04:17:26.297+0000][79][info ][safepoint   ] Safepoint "Cleanup", Time since last: 14564128608 ns, Reaching safepoint: 41345 ns, Cleanup: 12960 ns, At safepoint: 8884 ns, Total: 63189 ns
[2025-01-18T04:17:34.843+0000][79][info ][safepoint   ] Safepoint "Cleanup", Time since last: 8546398800 ns, Reaching safepoint: 59225 ns, Cleanup: 39882 ns, At safepoint: 17242 ns, Total: 116349 ns
[2025-01-18T04:17:41.872+0000][79][info ][safepoint   ] Safepoint "Cleanup", Time since last: 7029633733 ns, Reaching safepoint: 94771 ns, Cleanup: 26827 ns, At safepoint: 14242 ns, Total: 135840 ns
[2025-01-18T04:17:56.344+0000][79][info ][safepoint   ] Safepoint "Cleanup", Time since last: 14471971491 ns, Reaching safepoint: 17176 ns, Cleanup: 12799 ns, At safepoint: 7004 ns, Total: 36979 ns
[2025-01-18T04:18:14.266+0000][79][info ][safepoint   ] Safepoint "Cleanup", Time since last: 17923670611 ns, Reaching safepoint: 31972 ns, Cleanup: 14384 ns, At safepoint: 40552 ns, Total: 86908 ns
[2025-01-18T04:18:25.067+0000][79][info ][safepoint   ] Safepoint "Cleanup", Time since last: 10800958630 ns, Reaching safepoint: 73113 ns, Cleanup: 20604 ns, At safepoint: 13623 ns, Total: 107340 ns
[2025-01-18T04:18:26.295+0000][79][info ][safepoint   ] Safepoint "Cleanup", Time since last: 1228305122 ns, Reaching safepoint: 18898 ns, Cleanup: 10374 ns, At safepoint: 8589 ns, Total: 37861 ns
[2025-01-18T04:18:28.118+0000][79][info ][safepoint   ] Safepoint "Cleanup", Time since last: 1822355157 ns, Reaching safepoint: 26539 ns, Cleanup: 13342 ns, At safepoint: 5746 ns, Total: 45627 ns
[2025-01-18T04:18:35.132+0000][79][info ][safepoint   ] Safepoint "Cleanup", Time since last: 7014463455 ns, Reaching safepoint: 47930 ns, Cleanup: 21908 ns, At safepoint: 12177 ns, Total: 82015 ns
[2025-01-18T04:18:42.168+0000][79][info ][safepoint   ] Safepoint "Cleanup", Time since last: 7036590439 ns, Reaching safepoint: 106678 ns, Cleanup: 37222 ns, At safepoint: 23358 ns, Total: 167258 ns
[2025-01-18T04:18:44.269+0000][79][info ][safepoint   ] Safepoint "Cleanup", Time since last: 2101350568 ns, Reaching safepoint: 13891 ns, Cleanup: 10933 ns, At safepoint: 28755 ns, Total: 53579 ns
[2025-01-18T04:18:46.196+0000][79][info ][safepoint   ] Safepoint "Cleanup", Time since last: 1926643666 ns, Reaching safepoint: 41622 ns, Cleanup: 21565 ns, At safepoint: 10651 ns, Total: 73838 ns
[2025-01-18T04:18:48.198+0000][79][info ][safepoint   ] Safepoint "Cleanup", Time since last: 2001786914 ns, Reaching safepoint: 55695 ns, Cleanup: 27281 ns, At safepoint: 15917 ns, Total: 98893 ns
[2025-01-18T04:18:51.213+0000][79][info ][safepoint   ] Safepoint "Cleanup", Time since last: 3015135624 ns, Reaching safepoint: 16419 ns, Cleanup: 13114 ns, At safepoint: 7844 ns, Total: 37377 ns
[2025-01-18T04:18:56.345+0000][79][info ][safepoint   ] Safepoint "Cleanup", Time since last: 5132336997 ns, Reaching safepoint: 9356 ns, Cleanup: 5357 ns, At safepoint: 4301 ns, Total: 19014 ns
[2025-01-18T04:18:58.282+0000][79][info ][safepoint   ] Safepoint "Cleanup", Time since last: 1936560100 ns, Reaching safepoint: 28951 ns, Cleanup: 14423 ns, At safepoint: 5780 ns, Total: 49154 ns
[2025-01-18T04:19:02.267+0000][79][info ][safepoint   ] Safepoint "Cleanup", Time since last: 3985133087 ns, Reaching safepoint: 10198 ns, Cleanup: 6117 ns, At safepoint: 18317 ns, Total: 34632 ns
[2025-01-18T04:19:03.279+0000][79][info ][safepoint   ] Safepoint "Cleanup", Time since last: 1012031285 ns, Reaching safepoint: 27997 ns, Cleanup: 13295 ns, At safepoint: 5488 ns, Total: 46780 ns
[2025-01-18T04:19:04.295+0000][79][info ][safepoint   ] Safepoint "Cleanup", Time since last: 1015629624 ns, Reaching safepoint: 26855 ns, Cleanup: 11541 ns, At safepoint: 5526 ns, Total: 43922 ns
[2025-01-18T04:19:08.317+0000][79][info ][safepoint   ] Safepoint "Cleanup", Time since last: 4022033840 ns, Reaching safepoint: 13814 ns, Cleanup: 17591 ns, At safepoint: 7745 ns, Total: 39150 ns
[2025-01-18T04:19:12.323+0000][79][info ][safepoint   ] Safepoint "Cleanup", Time since last: 4008256158 ns, Reaching safepoint: 42510 ns, Cleanup: 19422 ns, At safepoint: 10957 ns, Total: 72889 ns
[2025-01-18T04:19:14.281+0000][79][info ][safepoint   ] Safepoint "Cleanup", Time since last: 1958093302 ns, Reaching safepoint: 10166 ns, Cleanup: 7761 ns, At safepoint: 18778 ns, Total: 36705 ns
[2025-01-18T04:19:15.336+0000][79][info ][safepoint   ] Safepoint "Cleanup", Time since last: 1055075532 ns, Reaching safepoint: 13372 ns, Cleanup: 11616 ns, At safepoint: 25602 ns, Total: 50590 ns
[2025-01-18T04:19:23.366+0000][79][info ][safepoint   ] Safepoint "Cleanup", Time since last: 8029950077 ns, Reaching safepoint: 38597 ns, Cleanup: 20174 ns, At safepoint: 7275 ns, Total: 66046 ns
[2025-01-18T04:19:24.367+0000][79][info ][safepoint   ] Safepoint "Cleanup", Time since last: 1000485304 ns, Reaching safepoint: 38312 ns, Cleanup: 17985 ns, At safepoint: 6909 ns, Total: 63206 ns
[2025-01-18T04:19:32.263+0000][79][info ][safepoint   ] Safepoint "Cleanup", Time since last: 7896184974 ns, Reaching safepoint: 29199 ns, Cleanup: 7059 ns, At safepoint: 19390 ns, Total: 55648 ns
[2025-01-18T04:19:38.426+0000][79][info ][safepoint   ] Safepoint "Cleanup", Time since last: 6163213425 ns, Reaching safepoint: 12473 ns, Cleanup: 16176 ns, At safepoint: 6249 ns, Total: 34898 ns
[2025-01-18T04:19:39.444+0000][79][info ][safepoint   ] Safepoint "Cleanup", Time since last: 1019298498 ns, Reaching safepoint: 17579 ns, Cleanup: 11641 ns, At safepoint: 9526 ns, Total: 38746 ns
[2025-01-18T04:19:44.475+0000][79][info ][safepoint   ] Safepoint "Cleanup", Time since last: 5031236405 ns, Reaching safepoint: 23790 ns, Cleanup: 6069 ns, At safepoint: 4772 ns, Total: 34631 ns
[2025-01-18T04:19:50.497+0000][79][info ][safepoint   ] Safepoint "Cleanup", Time since last: 6021804985 ns, Reaching safepoint: 21955 ns, Cleanup: 15040 ns, At safepoint: 20582 ns, Total: 57577 ns
[2025-01-18T04:19:51.524+0000][79][info ][safepoint   ] Safepoint "Cleanup", Time since last: 1027118105 ns, Reaching safepoint: 15215 ns, Cleanup: 40242 ns, At safepoint: 7981 ns, Total: 63438 ns
[2025-01-18T04:19:56.011+0000][79][info ][safepoint   ] Safepoint "Cleanup", Time since last: 4486546492 ns, Reaching safepoint: 56406 ns, Cleanup: 27038 ns, At safepoint: 17061 ns, Total: 100505 ns
[2025-01-18T04:20:08.295+0000][79][info ][safepoint   ] Safepoint "Cleanup", Time since last: 12284349308 ns, Reaching safepoint: 14409 ns, Cleanup: 10288 ns, At safepoint: 7682 ns, Total: 32379 ns
[2025-01-18T04:20:09.651+0000][79][info ][safepoint   ] Safepoint "Cleanup", Time since last: 1357070931 ns, Reaching safepoint: 51563 ns, Cleanup: 24364 ns, At safepoint: 14678 ns, Total: 90605 ns
[2025-01-18T04:20:23.700+0000][79][info ][safepoint   ] Safepoint "Cleanup", Time since last: 14049494360 ns, Reaching safepoint: 37550 ns, Cleanup: 16636 ns, At safepoint: 6089 ns, Total: 60275 ns
[2025-01-18T04:20:26.298+0000][79][info ][safepoint   ] Safepoint "Cleanup", Time since last: 2597199370 ns, Reaching safepoint: 18248 ns, Cleanup: 12041 ns, At safepoint: 8978 ns, Total: 39267 ns
[2025-01-18T04:20:38.262+0000][79][info ][gc,start    ] GC(19) Pause Young (Prepare Mixed) (G1 Evacuation Pause)
[2025-01-18T04:20:38.264+0000][79][info ][gc,task     ] GC(19) Using 18 workers of 18 for evacuation
[2025-01-18T04:20:38.265+0000][79][debug][gc,age      ] GC(19) Desired survivor size 134217728 bytes, new threshold 15 (max threshold 15)
[2025-01-18T04:20:38.313+0000][79][info ][gc,phases   ] GC(19)   Pre Evacuate Collection Set: 4.4ms
[2025-01-18T04:20:38.314+0000][79][info ][gc,phases   ] GC(19)   Merge Heap Roots: 1.2ms
[2025-01-18T04:20:38.315+0000][79][info ][gc,phases   ] GC(19)   Evacuate Collection Set: 30.2ms
[2025-01-18T04:20:38.315+0000][79][info ][gc,phases   ] GC(19)   Post Evacuate Collection Set: 4.5ms
[2025-01-18T04:20:38.316+0000][79][info ][gc,phases   ] GC(19)   Other: 9.9ms
[2025-01-18T04:20:38.317+0000][79][trace][gc,age      ] GC(19) Age table with threshold 15 (max threshold 15)
[2025-01-18T04:20:38.318+0000][79][trace][gc,age      ] GC(19) - age   1:    2637512 bytes,    2637512 total
[2025-01-18T04:20:38.318+0000][79][trace][gc,age      ] GC(19) - age   2:     184664 bytes,    2822176 total
[2025-01-18T04:20:38.319+0000][79][trace][gc,age      ] GC(19) - age   3:      41896 bytes,    2864072 total
[2025-01-18T04:20:38.320+0000][79][trace][gc,age      ] GC(19) - age   4:    1445184 bytes,    4309256 total
[2025-01-18T04:20:38.320+0000][79][trace][gc,age      ] GC(19) - age   5:    1156496 bytes,    5465752 total
[2025-01-18T04:20:38.321+0000][79][info ][gc,heap     ] GC(19) Eden regions: 506->0(506)
[2025-01-18T04:20:38.321+0000][79][info ][gc,heap     ] GC(19) Survivor regions: 2->2(64)
[2025-01-18T04:20:38.322+0000][79][info ][gc,heap     ] GC(19) Old regions: 31->31
[2025-01-18T04:20:38.322+0000][79][info ][gc,heap     ] GC(19) Humongous regions: 4->4
[2025-01-18T04:20:38.323+0000][79][info ][gc,metaspace] GC(19) Metaspace: 150739K(154688K)->150739K(154688K) NonClass: 130767K(132864K)->130767K(132864K) Class: 19971K(21824K)->19971K(21824K)
[2025-01-18T04:20:38.324+0000][79][info ][gc          ] GC(19) Pause Young (Prepare Mixed) (G1 Evacuation Pause) 2165M->142M(3392M) 62.044ms
[2025-01-18T04:20:38.324+0000][79][info ][gc,cpu      ] GC(19) User=0.32s Sys=0.00s Real=0.06s
[2025-01-18T04:20:38.325+0000][79][info ][safepoint   ] Safepoint "G1CollectForAllocation", Time since last: 11962549930 ns, Reaching safepoint: 76420 ns, Cleanup: 7162 ns, At safepoint: 64844967 ns, Total: 64928549 ns
[2025-01-18T04:20:44.262+0000][79][info ][safepoint   ] Safepoint "Cleanup", Time since last: 5938472700 ns, Reaching safepoint: 57816 ns, Cleanup: 9205 ns, At safepoint: 19587 ns, Total: 86608 ns
[2025-01-18T04:20:45.823+0000][79][info ][safepoint   ] Safepoint "Cleanup", Time since last: 1560953589 ns, Reaching safepoint: 36754 ns, Cleanup: 18315 ns, At safepoint: 9553 ns, Total: 64622 ns
[2025-01-18T04:20:50.278+0000][79][info ][safepoint   ] Safepoint "Cleanup", Time since last: 4455429700 ns, Reaching safepoint: 11786 ns, Cleanup: 8441 ns, At safepoint: 4705 ns, Total: 24932 ns
[2025-01-18T04:20:53.860+0000][79][info ][safepoint   ] Safepoint "Cleanup", Time since last: 3582038719 ns, Reaching safepoint: 27001 ns, Cleanup: 12261 ns, At safepoint: 5583 ns, Total: 44845 ns
[2025-01-18T04:20:54.861+0000][79][info ][safepoint   ] Safepoint "Cleanup", Time since last: 1000619032 ns, Reaching safepoint: 48041 ns, Cleanup: 22940 ns, At safepoint: 12603 ns, Total: 83584 ns
[2025-01-18T04:20:59.913+0000][79][info ][safepoint   ] Safepoint "Cleanup", Time since last: 5052017563 ns, Reaching safepoint: 49135 ns, Cleanup: 13359 ns, At safepoint: 5972 ns, Total: 68466 ns
[2025-01-18T04:21:17.998+0000][79][info ][safepoint   ] Safepoint "Cleanup", Time since last: 18087765097 ns, Reaching safepoint: 31236 ns, Cleanup: 15496 ns, At safepoint: 6159 ns, Total: 52891 ns
[2025-01-18T04:21:20.264+0000][79][info ][safepoint   ] Safepoint "Cleanup", Time since last: 2265553424 ns, Reaching safepoint: 97778 ns, Cleanup: 12660 ns, At safepoint: 44463 ns, Total: 154901 ns
[2025-01-18T04:21:27.026+0000][79][info ][safepoint   ] Safepoint "Cleanup", Time since last: 6762188977 ns, Reaching safepoint: 14657 ns, Cleanup: 12045 ns, At safepoint: 7661 ns, Total: 34363 ns
[2025-01-18T04:21:28.053+0000][79][info ][safepoint   ] Safepoint "Cleanup", Time since last: 1026350119 ns, Reaching safepoint: 56553 ns, Cleanup: 27553 ns, At safepoint: 16935 ns, Total: 101041 ns
[2025-01-18T04:21:35.076+0000][79][info ][safepoint   ] Safepoint "Cleanup", Time since last: 7023308777 ns, Reaching safepoint: 32839 ns, Cleanup: 17784 ns, At safepoint: 41986 ns, Total: 92609 ns
[2025-01-18T04:21:38.269+0000][79][info ][safepoint   ] Safepoint "Cleanup", Time since last: 3193062128 ns, Reaching safepoint: 100180 ns, Cleanup: 11805 ns, At safepoint: 47648 ns, Total: 159633 ns
[2025-01-18T04:21:42.106+0000][79][info ][safepoint   ] Safepoint "Cleanup", Time since last: 3840076005 ns, Reaching safepoint: 28397 ns, Cleanup: 14882 ns, At safepoint: 5691 ns, Total: 48970 ns
[2025-01-18T04:21:45.122+0000][79][info ][safepoint   ] Safepoint "Cleanup", Time since last: 3015951554 ns, Reaching safepoint: 26732 ns, Cleanup: 9844 ns, At safepoint: 20169 ns, Total: 56745 ns
[2025-01-18T04:21:50.130+0000][79][info ][safepoint   ] Safepoint "Cleanup", Time since last: 5008257955 ns, Reaching safepoint: 26974 ns, Cleanup: 15395 ns, At safepoint: 6078 ns, Total: 48447 ns
[2025-01-18T04:21:51.145+0000][79][info ][safepoint   ] Safepoint "Cleanup", Time since last: 1014984864 ns, Reaching safepoint: 10199 ns, Cleanup: 8557 ns, At safepoint: 4414 ns, Total: 23170 ns
[2025-01-18T04:21:54.154+0000][79][info ][safepoint   ] Safepoint "Cleanup", Time since last: 3008573861 ns, Reaching safepoint: 68387 ns, Cleanup: 24814 ns, At safepoint: 15824 ns, Total: 109025 ns
[2025-01-18T04:21:55.156+0000][79][info ][safepoint   ] Safepoint "Cleanup", Time since last: 1001722438 ns, Reaching safepoint: 32347 ns, Cleanup: 14630 ns, At safepoint: 7156 ns, Total: 54133 ns
[2025-01-18T04:22:08.289+0000][79][info ][safepoint   ] Safepoint "Cleanup", Time since last: 13132552609 ns, Reaching safepoint: 11821 ns, Cleanup: 7232 ns, At safepoint: 18088 ns, Total: 37141 ns
[2025-01-18T04:22:14.258+0000][79][info ][safepoint   ] Safepoint "Cleanup", Time since last: 5970842084 ns, Reaching safepoint: 39301 ns, Cleanup: 12620 ns, At safepoint: 7931 ns, Total: 59852 ns
[2025-01-18T04:22:15.298+0000][79][info ][safepoint   ] Safepoint "Cleanup", Time since last: 1040269798 ns, Reaching safepoint: 209836 ns, Cleanup: 19752 ns, At safepoint: 112584 ns, Total: 342172 ns
[2025-01-18T04:22:20.513+0000][79][info ][safepoint   ] Safepoint "Cleanup", Time since last: 5214389264 ns, Reaching safepoint: 11649 ns, Cleanup: 7017 ns, At safepoint: 4577 ns, Total: 23243 ns
[2025-01-18T04:22:26.330+0000][79][info ][safepoint   ] Safepoint "Cleanup", Time since last: 5817384997 ns, Reaching safepoint: 192858 ns, Cleanup: 9110 ns, At safepoint: 76866 ns, Total: 278834 ns
[2025-01-18T04:22:27.373+0000][79][info ][safepoint   ] Safepoint "Cleanup", Time since last: 1042317395 ns, Reaching safepoint: 46672 ns, Cleanup: 22687 ns, At safepoint: 12092 ns, Total: 81451 ns
[2025-01-18T04:22:35.455+0000][79][info ][safepoint   ] Safepoint "Cleanup", Time since last: 8082025220 ns, Reaching safepoint: 98697 ns, Cleanup: 24014 ns, At safepoint: 11922 ns, Total: 134633 ns
[2025-01-18T04:22:50.569+0000][79][info ][safepoint   ] Safepoint "Cleanup", Time since last: 15116693728 ns, Reaching safepoint: 24998 ns, Cleanup: 8516 ns, At safepoint: 4389 ns, Total: 37903 ns
[2025-01-18T04:23:02.291+0000][79][info ][safepoint   ] Safepoint "Cleanup", Time since last: 11722166302 ns, Reaching safepoint: 13152 ns, Cleanup: 6060 ns, At safepoint: 18311 ns, Total: 37523 ns
[2025-01-18T04:23:20.484+0000][79][info ][safepoint   ] Safepoint "Cleanup", Time since last: 18194388810 ns, Reaching safepoint: 93251 ns, Cleanup: 6190 ns, At safepoint: 24673 ns, Total: 124114 ns
[2025-01-18T04:23:26.723+0000][79][info ][safepoint   ] Safepoint "Cleanup", Time since last: 6239798829 ns, Reaching safepoint: 10562 ns, Cleanup: 6660 ns, At safepoint: 4697 ns, Total: 21919 ns
[2025-01-18T04:23:32.270+0000][79][info ][safepoint   ] Safepoint "Cleanup", Time since last: 5546093860 ns, Reaching safepoint: 24467 ns, Cleanup: 9618 ns, At safepoint: 27793 ns, Total: 61878 ns
[2025-01-18T04:23:35.743+0000][79][info ][safepoint   ] Safepoint "Cleanup", Time since last: 3472826562 ns, Reaching safepoint: 39196 ns, Cleanup: 18049 ns, At safepoint: 9160 ns, Total: 66405 ns
[2025-01-18T04:23:50.824+0000][79][info ][safepoint   ] Safepoint "Cleanup", Time since last: 15083029012 ns, Reaching safepoint: 27232 ns, Cleanup: 9061 ns, At safepoint: 17803 ns, Total: 54096 ns
[2025-01-18T04:23:56.302+0000][79][info ][safepoint   ] Safepoint "Cleanup", Time since last: 5478420993 ns, Reaching safepoint: 91372 ns, Cleanup: 8932 ns, At safepoint: 17937 ns, Total: 118241 ns
[2025-01-18T04:23:57.870+0000][79][info ][safepoint   ] Safepoint "Cleanup", Time since last: 1567763118 ns, Reaching safepoint: 53040 ns, Cleanup: 34479 ns, At safepoint: 15768 ns, Total: 103287 ns
[2025-01-18T04:24:14.933+0000][79][info ][safepoint   ] Safepoint "Cleanup", Time since last: 17064607661 ns, Reaching safepoint: 24029 ns, Cleanup: 9088 ns, At safepoint: 19344 ns, Total: 52461 ns
[2025-01-18T04:24:15.943+0000][79][info ][safepoint   ] Safepoint "Cleanup", Time since last: 1009622502 ns, Reaching safepoint: 28313 ns, Cleanup: 13069 ns, At safepoint: 6089 ns, Total: 47471 ns
[2025-01-18T04:24:20.484+0000][79][info ][safepoint   ] Safepoint "Cleanup", Time since last: 4540938291 ns, Reaching safepoint: 10698 ns, Cleanup: 7861 ns, At safepoint: 4752 ns, Total: 23311 ns
[2025-01-18T04:24:32.999+0000][79][info ][safepoint   ] Safepoint "Cleanup", Time since last: 12515442714 ns, Reaching safepoint: 24457 ns, Cleanup: 16570 ns, At safepoint: 10050 ns, Total: 51077 ns
[2025-01-18T04:24:35.013+0000][79][info ][safepoint   ] Safepoint "Cleanup", Time since last: 2013547678 ns, Reaching safepoint: 93124 ns, Cleanup: 27127 ns, At safepoint: 12724 ns, Total: 132975 ns
[2025-01-18T04:24:39.034+0000][79][info ][safepoint   ] Safepoint "Cleanup", Time since last: 4021222346 ns, Reaching safepoint: 18926 ns, Cleanup: 12034 ns, At safepoint: 9866 ns, Total: 40826 ns
[2025-01-18T04:24:51.094+0000][79][info ][safepoint   ] Safepoint "Cleanup", Time since last: 12061560937 ns, Reaching safepoint: 44645 ns, Cleanup: 13013 ns, At safepoint: 8609 ns, Total: 66267 ns
[2025-01-18T04:24:52.129+0000][79][info ][safepoint   ] Safepoint "Cleanup", Time since last: 1034907294 ns, Reaching safepoint: 18020 ns, Cleanup: 17281 ns, At safepoint: 66491 ns, Total: 101792 ns
[2025-01-18T04:24:54.157+0000][79][info ][safepoint   ] Safepoint "Cleanup", Time since last: 2027706381 ns, Reaching safepoint: 11877 ns, Cleanup: 8395 ns, At safepoint: 20891 ns, Total: 41163 ns
[2025-01-18T04:24:56.306+0000][79][info ][safepoint   ] Safepoint "Cleanup", Time since last: 2149561270 ns, Reaching safepoint: 14943 ns, Cleanup: 13882 ns, At safepoint: 28416 ns, Total: 57241 ns
[2025-01-18T04:25:03.224+0000][79][info ][safepoint   ] Safepoint "Cleanup", Time since last: 6918067672 ns, Reaching safepoint: 11398 ns, Cleanup: 7413 ns, At safepoint: 4455 ns, Total: 23266 ns
[2025-01-18T04:25:15.285+0000][79][info ][safepoint   ] Safepoint "Cleanup", Time since last: 12063036412 ns, Reaching safepoint: 38471 ns, Cleanup: 9614 ns, At safepoint: 5330 ns, Total: 53415 ns
[2025-01-18T04:25:20.297+0000][79][info ][safepoint   ] Safepoint "Cleanup", Time since last: 5011520893 ns, Reaching safepoint: 12296 ns, Cleanup: 8989 ns, At safepoint: 4711 ns, Total: 25996 ns
[2025-01-18T04:25:21.308+0000][79][info ][safepoint   ] Safepoint "Cleanup", Time since last: 1011253450 ns, Reaching safepoint: 45236 ns, Cleanup: 20388 ns, At safepoint: 15214 ns, Total: 80838 ns
[2025-01-18T04:25:26.443+0000][79][info ][safepoint   ] Safepoint "Cleanup", Time since last: 5134615535 ns, Reaching safepoint: 95726 ns, Cleanup: 7771 ns, At safepoint: 44064 ns, Total: 147561 ns
[2025-01-18T04:25:35.435+0000][79][info ][safepoint   ] Safepoint "Cleanup", Time since last: 8992542464 ns, Reaching safepoint: 52679 ns, Cleanup: 15069 ns, At safepoint: 6064 ns, Total: 73812 ns
[2025-01-18T04:25:37.436+0000][79][info ][safepoint   ] Safepoint "Cleanup", Time since last: 2000993702 ns, Reaching safepoint: 27855 ns, Cleanup: 14452 ns, At safepoint: 5743 ns, Total: 48050 ns
[2025-01-18T04:25:44.277+0000][79][info ][safepoint   ] Safepoint "Cleanup", Time since last: 6842013147 ns, Reaching safepoint: 12927 ns, Cleanup: 13532 ns, At safepoint: 19029 ns, Total: 45488 ns
[2025-01-18T04:25:45.481+0000][79][info ][safepoint   ] Safepoint "Cleanup", Time since last: 1204249200 ns, Reaching safepoint: 29014 ns, Cleanup: 16467 ns, At safepoint: 5618 ns, Total: 51099 ns
[2025-01-18T04:25:50.542+0000][79][info ][safepoint   ] Safepoint "Cleanup", Time since last: 5060720068 ns, Reaching safepoint: 9440 ns, Cleanup: 13144 ns, At safepoint: 17907 ns, Total: 40491 ns
[2025-01-18T04:25:53.539+0000][79][info ][safepoint   ] Safepoint "Cleanup", Time since last: 2997066289 ns, Reaching safepoint: 44728 ns, Cleanup: 26215 ns, At safepoint: 11583 ns, Total: 82526 ns
[2025-01-18T04:26:05.953+0000][79][info ][safepoint   ] Safepoint "Cleanup", Time since last: 12413796478 ns, Reaching safepoint: 114817 ns, Cleanup: 26813 ns, At safepoint: 18551 ns, Total: 160181 ns
[2025-01-18T04:26:26.614+0000][79][info ][safepoint   ] Safepoint "Cleanup", Time since last: 20663552152 ns, Reaching safepoint: 12636 ns, Cleanup: 10366 ns, At safepoint: 4800 ns, Total: 27802 ns
[2025-01-18T04:26:32.285+0000][79][info ][safepoint   ] Safepoint "Cleanup", Time since last: 5670975678 ns, Reaching safepoint: 9508 ns, Cleanup: 7074 ns, At safepoint: 4316 ns, Total: 20898 ns
[2025-01-18T04:26:33.735+0000][79][info ][safepoint   ] Safepoint "Cleanup", Time since last: 1449997884 ns, Reaching safepoint: 35298 ns, Cleanup: 17754 ns, At safepoint: 6347 ns, Total: 59399 ns
[2025-01-18T04:26:35.736+0000][79][info ][safepoint   ] Safepoint "Cleanup", Time since last: 2001008336 ns, Reaching safepoint: 59488 ns, Cleanup: 48589 ns, At safepoint: 17466 ns, Total: 125543 ns
[2025-01-18T04:26:41.752+0000][79][info ][safepoint   ] Safepoint "Cleanup", Time since last: 6024552844 ns, Reaching safepoint: 87021 ns, Cleanup: 22545 ns, At safepoint: 11375 ns, Total: 120941 ns
[2025-01-18T04:26:52.775+0000][79][info ][safepoint   ] Safepoint "Cleanup", Time since last: 11022530352 ns, Reaching safepoint: 63608 ns, Cleanup: 17058 ns, At safepoint: 10882 ns, Total: 91548 ns
[2025-01-18T04:26:56.283+0000][79][info ][safepoint   ] Safepoint "Cleanup", Time since last: 3508218234 ns, Reaching safepoint: 102418 ns, Cleanup: 7594 ns, At safepoint: 57457 ns, Total: 167469 ns
[2025-01-18T04:27:02.844+0000][79][info ][safepoint   ] Safepoint "Cleanup", Time since last: 6560983349 ns, Reaching safepoint: 15057 ns, Cleanup: 11018 ns, At safepoint: 6365 ns, Total: 32440 ns
[2025-01-18T04:27:05.998+0000][79][info ][safepoint   ] Safepoint "Cleanup", Time since last: 3153893697 ns, Reaching safepoint: 56124 ns, Cleanup: 29229 ns, At safepoint: 14554 ns, Total: 99907 ns
[2025-01-18T04:27:21.002+0000][79][info ][safepoint   ] Safepoint "Cleanup", Time since last: 14998865797 ns, Reaching safepoint: 10881 ns, Cleanup: 6972 ns, At safepoint: 20043 ns, Total: 37896 ns
[2025-01-18T04:27:23.979+0000][79][info ][safepoint   ] Safepoint "Cleanup", Time since last: 2976528066 ns, Reaching safepoint: 76930 ns, Cleanup: 18648 ns, At safepoint: 12721 ns, Total: 108299 ns
[2025-01-18T04:27:24.982+0000][79][info ][safepoint   ] Safepoint "Cleanup", Time since last: 1002902264 ns, Reaching safepoint: 56125 ns, Cleanup: 69006 ns, At safepoint: 40625 ns, Total: 165756 ns
[2025-01-18T04:27:26.278+0000][79][info ][safepoint   ] Safepoint "Cleanup", Time since last: 1296372500 ns, Reaching safepoint: 9641 ns, Cleanup: 6802 ns, At safepoint: 4491 ns, Total: 20934 ns
[2025-01-18T04:27:32.386+0000][79][info ][safepoint   ] Safepoint "Cleanup", Time since last: 6107692784 ns, Reaching safepoint: 156219 ns, Cleanup: 16461 ns, At safepoint: 115704 ns, Total: 288384 ns
[2025-01-18T04:27:50.300+0000][79][info ][safepoint   ] Safepoint "Cleanup", Time since last: 17915364682 ns, Reaching safepoint: 39714 ns, Cleanup: 12936 ns, At safepoint: 7826 ns, Total: 60476 ns
[2025-01-18T04:27:54.119+0000][79][info ][safepoint   ] Safepoint "Cleanup", Time since last: 3818737066 ns, Reaching safepoint: 45877 ns, Cleanup: 11620 ns, At safepoint: 7101 ns, Total: 64598 ns
[2025-01-18T04:28:13.215+0000][79][info ][safepoint   ] Safepoint "Cleanup", Time since last: 19097725108 ns, Reaching safepoint: 55032 ns, Cleanup: 13969 ns, At safepoint: 6564 ns, Total: 75565 ns
[2025-01-18T04:28:25.274+0000][79][info ][safepoint   ] Safepoint "Cleanup", Time since last: 12059809505 ns, Reaching safepoint: 44659 ns, Cleanup: 21338 ns, At safepoint: 8946 ns, Total: 74943 ns
[2025-01-18T04:28:32.409+0000][79][info ][safepoint   ] Safepoint "Cleanup", Time since last: 7134699956 ns, Reaching safepoint: 112106 ns, Cleanup: 10231 ns, At safepoint: 41097 ns, Total: 163434 ns
[2025-01-18T04:28:35.343+0000][79][info ][safepoint   ] Safepoint "Cleanup", Time since last: 2933542677 ns, Reaching safepoint: 45320 ns, Cleanup: 26887 ns, At safepoint: 11568 ns, Total: 83775 ns
[2025-01-18T04:28:50.404+0000][79][info ][safepoint   ] Safepoint "Cleanup", Time since last: 15063599013 ns, Reaching safepoint: 19620 ns, Cleanup: 11630 ns, At safepoint: 8515 ns, Total: 39765 ns
[2025-01-18T04:28:56.310+0000][79][info ][safepoint   ] Safepoint "Cleanup", Time since last: 5906237436 ns, Reaching safepoint: 95196 ns, Cleanup: 33373 ns, At safepoint: 33838 ns, Total: 162407 ns
[2025-01-18T04:28:57.485+0000][79][info ][safepoint   ] Safepoint "Cleanup", Time since last: 1174649771 ns, Reaching safepoint: 28713 ns, Cleanup: 14902 ns, At safepoint: 5976 ns, Total: 49591 ns
[2025-01-18T04:29:20.290+0000][79][info ][safepoint   ] Safepoint "Cleanup", Time since last: 22806569042 ns, Reaching safepoint: 11688 ns, Cleanup: 9329 ns, At safepoint: 5628 ns, Total: 26645 ns
[2025-01-18T04:29:21.612+0000][79][info ][safepoint   ] Safepoint "Cleanup", Time since last: 1321885677 ns, Reaching safepoint: 17408 ns, Cleanup: 25752 ns, At safepoint: 8834 ns, Total: 51994 ns
[2025-01-18T04:29:23.622+0000][79][info ][safepoint   ] Safepoint "Cleanup", Time since last: 2010208046 ns, Reaching safepoint: 44882 ns, Cleanup: 21898 ns, At safepoint: 12745 ns, Total: 79525 ns
[2025-01-18T04:29:25.624+0000][79][info ][safepoint   ] Safepoint "Cleanup", Time since last: 2001371918 ns, Reaching safepoint: 53555 ns, Cleanup: 15410 ns, At safepoint: 7565 ns, Total: 76530 ns
[2025-01-18T04:29:32.604+0000][79][info ][safepoint   ] Safepoint "Cleanup", Time since last: 6980795543 ns, Reaching safepoint: 11836 ns, Cleanup: 8729 ns, At safepoint: 4567 ns, Total: 25132 ns
[2025-01-18T04:29:35.646+0000][79][info ][safepoint   ] Safepoint "Cleanup", Time since last: 3041494437 ns, Reaching safepoint: 32192 ns, Cleanup: 13775 ns, At safepoint: 6203 ns, Total: 52170 ns
[2025-01-18T04:29:38.281+0000][79][info ][safepoint   ] Safepoint "Cleanup", Time since last: 2635413960 ns, Reaching safepoint: 12034 ns, Cleanup: 7681 ns, At safepoint: 4504 ns, Total: 24219 ns
[2025-01-18T04:29:39.667+0000][79][info ][safepoint   ] Safepoint "Cleanup", Time since last: 1387460556 ns, Reaching safepoint: 41309 ns, Cleanup: 17627 ns, At safepoint: 6320 ns, Total: 65256 ns
[2025-01-18T04:29:58.730+0000][79][info ][safepoint   ] Safepoint "Cleanup", Time since last: 19063461891 ns, Reaching safepoint: 35474 ns, Cleanup: 14765 ns, At safepoint: 5845 ns, Total: 56084 ns
[2025-01-18T04:30:02.290+0000][79][info ][safepoint   ] Safepoint "Cleanup", Time since last: 3560015053 ns, Reaching safepoint: 119569 ns, Cleanup: 11326 ns, At safepoint: 42871 ns, Total: 173766 ns
[2025-01-18T04:30:03.855+0000][79][info ][safepoint   ] Safepoint "Cleanup", Time since last: 1564468959 ns, Reaching safepoint: 27961 ns, Cleanup: 20049 ns, At safepoint: 6032 ns, Total: 54042 ns
[2025-01-18T04:30:08.793+0000][79][info ][safepoint   ] Safepoint "Cleanup", Time since last: 4937662957 ns, Reaching safepoint: 26133 ns, Cleanup: 14809 ns, At safepoint: 9379 ns, Total: 50321 ns
[2025-01-18T04:30:11.811+0000][79][info ][safepoint   ] Safepoint "Cleanup", Time since last: 3019843901 ns, Reaching safepoint: 55517 ns, Cleanup: 15333 ns, At safepoint: 7431 ns, Total: 78281 ns
[2025-01-18T04:30:27.951+0000][79][info ][safepoint   ] Safepoint "Cleanup", Time since last: 16140071836 ns, Reaching safepoint: 22985 ns, Cleanup: 16393 ns, At safepoint: 10700 ns, Total: 50078 ns
[2025-01-18T04:30:34.991+0000][79][info ][safepoint   ] Safepoint "Cleanup", Time since last: 7039375701 ns, Reaching safepoint: 38335 ns, Cleanup: 20339 ns, At safepoint: 9122 ns, Total: 67796 ns
[2025-01-18T04:30:35.992+0000][79][info ][safepoint   ] Safepoint "Cleanup", Time since last: 1000951278 ns, Reaching safepoint: 33765 ns, Cleanup: 16329 ns, At safepoint: 8188 ns, Total: 58282 ns
[2025-01-18T04:30:50.330+0000][79][info ][safepoint   ] Safepoint "Cleanup", Time since last: 14341567406 ns, Reaching safepoint: 20493 ns, Cleanup: 5482 ns, At safepoint: 4467 ns, Total: 30442 ns
[2025-01-18T04:30:55.119+0000][79][info ][safepoint   ] Safepoint "Cleanup", Time since last: 4788830814 ns, Reaching safepoint: 52320 ns, Cleanup: 22353 ns, At safepoint: 12414 ns, Total: 87087 ns
[2025-01-18T04:30:56.291+0000][79][info ][safepoint   ] Safepoint "Cleanup", Time since last: 1171382660 ns, Reaching safepoint: 10023 ns, Cleanup: 6535 ns, At safepoint: 4331 ns, Total: 20889 ns
[2025-01-18T04:30:58.155+0000][79][info ][safepoint   ] Safepoint "Cleanup", Time since last: 1864165463 ns, Reaching safepoint: 108727 ns, Cleanup: 25450 ns, At safepoint: 16017 ns, Total: 150194 ns
[2025-01-18T04:31:02.321+0000][79][info ][safepoint   ] Safepoint "Cleanup", Time since last: 4166061042 ns, Reaching safepoint: 16589 ns, Cleanup: 11493 ns, At safepoint: 8717 ns, Total: 36799 ns
[2025-01-18T04:31:04.196+0000][79][info ][safepoint   ] Safepoint "Cleanup", Time since last: 1874544373 ns, Reaching safepoint: 54498 ns, Cleanup: 32878 ns, At safepoint: 16061 ns, Total: 103437 ns
[2025-01-18T04:31:21.332+0000][79][info ][safepoint   ] Safepoint "Cleanup", Time since last: 17138224041 ns, Reaching safepoint: 251548 ns, Cleanup: 20023 ns, At safepoint: 79195 ns, Total: 350766 ns
[2025-01-18T04:31:22.356+0000][79][info ][safepoint   ] Safepoint "Cleanup", Time since last: 1023428930 ns, Reaching safepoint: 31656 ns, Cleanup: 14849 ns, At safepoint: 6067 ns, Total: 52572 ns
[2025-01-18T04:31:28.397+0000][79][info ][safepoint   ] Safepoint "Cleanup", Time since last: 6041314303 ns, Reaching safepoint: 77114 ns, Cleanup: 18332 ns, At safepoint: 13161 ns, Total: 108607 ns
[2025-01-18T04:31:29.398+0000][79][info ][safepoint   ] Safepoint "Cleanup", Time since last: 1001222914 ns, Reaching safepoint: 43241 ns, Cleanup: 20885 ns, At safepoint: 11639 ns, Total: 75765 ns
[2025-01-18T04:31:33.353+0000][79][info ][safepoint   ] Safepoint "Cleanup", Time since last: 3954388367 ns, Reaching safepoint: 54662 ns, Cleanup: 26112 ns, At safepoint: 15900 ns, Total: 96674 ns
[2025-01-18T04:31:34.460+0000][79][info ][safepoint   ] Safepoint "Cleanup", Time since last: 1107462804 ns, Reaching safepoint: 20803 ns, Cleanup: 73970 ns, At safepoint: 67404 ns, Total: 162177 ns
[2025-01-18T04:31:35.471+0000][79][info ][safepoint   ] Safepoint "Cleanup", Time since last: 1010585233 ns, Reaching safepoint: 37274 ns, Cleanup: 27502 ns, At safepoint: 6510 ns, Total: 71286 ns
[2025-01-18T04:31:38.486+0000][79][info ][safepoint   ] Safepoint "Cleanup", Time since last: 3014441215 ns, Reaching safepoint: 15621 ns, Cleanup: 16039 ns, At safepoint: 8334 ns, Total: 39994 ns
[2025-01-18T04:31:39.517+0000][79][info ][safepoint   ] Safepoint "Cleanup", Time since last: 1031877095 ns, Reaching safepoint: 90288 ns, Cleanup: 11639 ns, At safepoint: 18630 ns, Total: 120557 ns
[2025-01-18T04:31:40.530+0000][79][info ][safepoint   ] Safepoint "Cleanup", Time since last: 1013195583 ns, Reaching safepoint: 59145 ns, Cleanup: 29403 ns, At safepoint: 17483 ns, Total: 106031 ns
[2025-01-18T04:31:44.538+0000][79][info ][safepoint   ] Safepoint "Cleanup", Time since last: 4007835265 ns, Reaching safepoint: 39829 ns, Cleanup: 25618 ns, At safepoint: 39332 ns, Total: 104779 ns
[2025-01-18T04:31:50.572+0000][79][info ][safepoint   ] Safepoint "Cleanup", Time since last: 6034214537 ns, Reaching safepoint: 10539 ns, Cleanup: 7955 ns, At safepoint: 4584 ns, Total: 23078 ns
[2025-01-18T04:32:08.338+0000][79][info ][safepoint   ] Safepoint "Cleanup", Time since last: 17765837557 ns, Reaching safepoint: 17738 ns, Cleanup: 16666 ns, At safepoint: 36577 ns, Total: 70981 ns
[2025-01-18T04:32:09.684+0000][79][info ][safepoint   ] Safepoint "Cleanup", Time since last: 1348840605 ns, Reaching safepoint: 61424 ns, Cleanup: 31203 ns, At safepoint: 17370 ns, Total: 109997 ns
[2025-01-18T04:32:12.688+0000][79][info ][safepoint   ] Safepoint "Cleanup", Time since last: 3003403352 ns, Reaching safepoint: 26704 ns, Cleanup: 13594 ns, At safepoint: 5363 ns, Total: 45661 ns
[2025-01-18T04:32:20.717+0000][79][info ][safepoint   ] Safepoint "Cleanup", Time since last: 8028636308 ns, Reaching safepoint: 245961 ns, Cleanup: 17529 ns, At safepoint: 99184 ns, Total: 362674 ns
[2025-01-18T04:32:34.835+0000][79][info ][safepoint   ] Safepoint "Cleanup", Time since last: 14117927815 ns, Reaching safepoint: 56010 ns, Cleanup: 52376 ns, At safepoint: 16813 ns, Total: 125199 ns
[2025-01-18T04:32:38.544+0000][79][info ][safepoint   ] Safepoint "Cleanup", Time since last: 3708887373 ns, Reaching safepoint: 153236 ns, Cleanup: 7881 ns, At safepoint: 53977 ns, Total: 215094 ns
[2025-01-18T04:32:39.851+0000][79][info ][safepoint   ] Safepoint "Cleanup", Time since last: 1309358684 ns, Reaching safepoint: 41497 ns, Cleanup: 20189 ns, At safepoint: 10808 ns, Total: 72494 ns
[2025-01-18T04:32:44.861+0000][79][info ][safepoint   ] Safepoint "Cleanup", Time since last: 5009196050 ns, Reaching safepoint: 25455 ns, Cleanup: 14396 ns, At safepoint: 35952 ns, Total: 75803 ns
[2025-01-18T04:32:56.353+0000][79][info ][safepoint   ] Safepoint "Cleanup", Time since last: 11492111438 ns, Reaching safepoint: 9356 ns, Cleanup: 8040 ns, At safepoint: 4104 ns, Total: 21500 ns
[2025-01-18T04:33:02.969+0000][79][info ][safepoint   ] Safepoint "Cleanup", Time since last: 6616286339 ns, Reaching safepoint: 25395 ns, Cleanup: 10615 ns, At safepoint: 4511 ns, Total: 40521 ns
[2025-01-18T04:33:08.314+0000][79][info ][safepoint   ] Safepoint "Cleanup", Time since last: 5345367285 ns, Reaching safepoint: 15197 ns, Cleanup: 8987 ns, At safepoint: 7669 ns, Total: 31853 ns
[2025-01-18T04:33:33.156+0000][79][info ][safepoint   ] Safepoint "Cleanup", Time since last: 24843268611 ns, Reaching safepoint: 62918 ns, Cleanup: 20242 ns, At safepoint: 56490 ns, Total: 139650 ns
[2025-01-18T04:33:50.289+0000][79][info ][safepoint   ] Safepoint "Cleanup", Time since last: 17134644370 ns, Reaching safepoint: 28343 ns, Cleanup: 9912 ns, At safepoint: 5698 ns, Total: 43953 ns
[2025-01-18T04:34:03.270+0000][79][info ][safepoint   ] Safepoint "Cleanup", Time since last: 12981285856 ns, Reaching safepoint: 46324 ns, Cleanup: 12383 ns, At safepoint: 31949 ns, Total: 90656 ns
[2025-01-18T04:34:06.348+0000][79][info ][safepoint   ] Safepoint "Cleanup", Time since last: 3077476443 ns, Reaching safepoint: 49377 ns, Cleanup: 15842 ns, At safepoint: 6819 ns, Total: 72038 ns
[2025-01-18T04:34:23.382+0000][79][info ][safepoint   ] Safepoint "Cleanup", Time since last: 17035592115 ns, Reaching safepoint: 94661 ns, Cleanup: 19341 ns, At safepoint: 6616 ns, Total: 120618 ns
[2025-01-18T04:34:24.383+0000][79][info ][safepoint   ] Safepoint "Cleanup", Time since last: 1001368705 ns, Reaching safepoint: 37856 ns, Cleanup: 17930 ns, At safepoint: 6639 ns, Total: 62425 ns
[2025-01-18T04:34:35.296+0000][79][info ][safepoint   ] Safepoint "Cleanup", Time since last: 10912717691 ns, Reaching safepoint: 25215 ns, Cleanup: 24216 ns, At safepoint: 6590 ns, Total: 56021 ns
[2025-01-18T04:34:38.498+0000][79][info ][safepoint   ] Safepoint "Cleanup", Time since last: 3201847389 ns, Reaching safepoint: 25045 ns, Cleanup: 13216 ns, At safepoint: 21229 ns, Total: 59490 ns
[2025-01-18T04:34:41.549+0000][79][info ][safepoint   ] Safepoint "Cleanup", Time since last: 3053096391 ns, Reaching safepoint: 34140 ns, Cleanup: 11956 ns, At safepoint: 18791 ns, Total: 64887 ns
[2025-01-18T04:34:44.596+0000][79][info ][safepoint   ] Safepoint "Cleanup", Time since last: 3047219281 ns, Reaching safepoint: 15967 ns, Cleanup: 10469 ns, At safepoint: 8525 ns, Total: 34961 ns
[2025-01-18T04:35:02.750+0000][79][info ][safepoint   ] Safepoint "Cleanup", Time since last: 18154122661 ns, Reaching safepoint: 10603 ns, Cleanup: 7475 ns, At safepoint: 15839 ns, Total: 33917 ns
[2025-01-18T04:35:08.786+0000][79][info ][safepoint   ] Safepoint "Cleanup", Time since last: 6035297512 ns, Reaching safepoint: 21164 ns, Cleanup: 15005 ns, At safepoint: 10011 ns, Total: 46180 ns
[2025-01-18T04:35:09.802+0000][79][info ][safepoint   ] Safepoint "Cleanup", Time since last: 1018116487 ns, Reaching safepoint: 28487 ns, Cleanup: 14113 ns, At safepoint: 6067 ns, Total: 48667 ns
[2025-01-18T04:35:15.859+0000][79][info ][safepoint   ] Safepoint "Cleanup", Time since last: 6057076930 ns, Reaching safepoint: 18567 ns, Cleanup: 10133 ns, At safepoint: 9394 ns, Total: 38094 ns
[2025-01-18T04:35:51.125+0000][79][info ][safepoint   ] Safepoint "Cleanup", Time since last: 35267918747 ns, Reaching safepoint: 28796 ns, Cleanup: 10092 ns, At safepoint: 6658 ns, Total: 45546 ns
[2025-01-18T04:35:54.140+0000][79][info ][safepoint   ] Safepoint "Cleanup", Time since last: 3014429575 ns, Reaching safepoint: 30069 ns, Cleanup: 13909 ns, At safepoint: 6525 ns, Total: 50503 ns
[2025-01-18T04:35:55.141+0000][79][info ][safepoint   ] Safepoint "Cleanup", Time since last: 1000607204 ns, Reaching safepoint: 30454 ns, Cleanup: 14986 ns, At safepoint: 5993 ns, Total: 51433 ns
[2025-01-18T04:36:04.203+0000][79][info ][safepoint   ] Safepoint "Cleanup", Time since last: 9062482392 ns, Reaching safepoint: 64948 ns, Cleanup: 18923 ns, At safepoint: 11937 ns, Total: 95808 ns
[2025-01-18T04:36:05.204+0000][79][info ][safepoint   ] Safepoint "Cleanup", Time since last: 1001088261 ns, Reaching safepoint: 67286 ns, Cleanup: 16384 ns, At safepoint: 9358 ns, Total: 93028 ns
[2025-01-18T04:36:10.243+0000][79][info ][safepoint   ] Safepoint "Cleanup", Time since last: 5041729269 ns, Reaching safepoint: 43090 ns, Cleanup: 17065 ns, At safepoint: 9372 ns, Total: 69527 ns
[2025-01-18T04:36:20.292+0000][79][info ][gc,start    ] GC(20) Pause Young (Mixed) (G1 Evacuation Pause)
[2025-01-18T04:36:20.293+0000][79][info ][gc,task     ] GC(20) Using 18 workers of 18 for evacuation
[2025-01-18T04:36:20.293+0000][79][debug][gc,age      ] GC(20) Desired survivor size 134217728 bytes, new threshold 15 (max threshold 15)
[2025-01-18T04:36:20.366+0000][79][info ][gc,phases   ] GC(20)   Pre Evacuate Collection Set: 3.6ms
[2025-01-18T04:36:20.367+0000][79][info ][gc,phases   ] GC(20)   Merge Heap Roots: 1.2ms
[2025-01-18T04:36:20.367+0000][79][info ][gc,phases   ] GC(20)   Evacuate Collection Set: 61.8ms
[2025-01-18T04:36:20.367+0000][79][info ][gc,phases   ] GC(20)   Post Evacuate Collection Set: 4.7ms
[2025-01-18T04:36:20.368+0000][79][info ][gc,phases   ] GC(20)   Other: 2.2ms
[2025-01-18T04:36:20.368+0000][79][trace][gc,age      ] GC(20) Age table with threshold 15 (max threshold 15)
[2025-01-18T04:36:20.368+0000][79][trace][gc,age      ] GC(20) - age   1:    1756104 bytes,    1756104 total
[2025-01-18T04:36:20.368+0000][79][trace][gc,age      ] GC(20) - age   2:    1468520 bytes,    3224624 total
[2025-01-18T04:36:20.369+0000][79][trace][gc,age      ] GC(20) - age   3:     182096 bytes,    3406720 total
[2025-01-18T04:36:20.369+0000][79][trace][gc,age      ] GC(20) - age   4:      41896 bytes,    3448616 total
[2025-01-18T04:36:20.369+0000][79][trace][gc,age      ] GC(20) - age   5:    1443088 bytes,    4891704 total
[2025-01-18T04:36:20.369+0000][79][trace][gc,age      ] GC(20) - age   6:    1156416 bytes,    6048120 total
[2025-01-18T04:36:20.370+0000][79][info ][gc,heap     ] GC(20) Eden regions: 506->0(506)
[2025-01-18T04:36:20.370+0000][79][info ][gc,heap     ] GC(20) Survivor regions: 2->2(64)
[2025-01-18T04:36:20.370+0000][79][info ][gc,heap     ] GC(20) Old regions: 31->31
[2025-01-18T04:36:20.370+0000][79][info ][gc,heap     ] GC(20) Humongous regions: 4->4
[2025-01-18T04:36:20.371+0000][79][info ][gc,metaspace] GC(20) Metaspace: 150942K(154880K)->150942K(154880K) NonClass: 130967K(133056K)->130967K(133056K) Class: 19975K(21824K)->19975K(21824K)
[2025-01-18T04:36:20.371+0000][79][info ][gc          ] GC(20) Pause Young (Mixed) (G1 Evacuation Pause) 2166M->143M(3392M) 79.601ms
[2025-01-18T04:36:20.372+0000][79][info ][gc,cpu      ] GC(20) User=0.47s Sys=0.00s Real=0.08s
[2025-01-18T04:36:20.372+0000][79][info ][safepoint   ] Safepoint "G1CollectForAllocation", Time since last: 10047570274 ns, Reaching safepoint: 26112 ns, Cleanup: 4056 ns, At safepoint: 81250580 ns, Total: 81280748 ns
[2025-01-18T04:36:32.395+0000][79][info ][safepoint   ] Safepoint "Cleanup", Time since last: 12022363844 ns, Reaching safepoint: 14349 ns, Cleanup: 9078 ns, At safepoint: 20698 ns, Total: 44125 ns
[2025-01-18T04:36:33.411+0000][79][info ][safepoint   ] Safepoint "Cleanup", Time since last: 1015856013 ns, Reaching safepoint: 104189 ns, Cleanup: 8370 ns, At safepoint: 54641 ns, Total: 167200 ns
[2025-01-18T04:36:35.420+0000][79][info ][safepoint   ] Safepoint "Cleanup", Time since last: 2008797275 ns, Reaching safepoint: 119890 ns, Cleanup: 38194 ns, At safepoint: 19147 ns, Total: 177231 ns
[2025-01-18T04:36:44.624+0000][79][info ][safepoint   ] Safepoint "Cleanup", Time since last: 9205304767 ns, Reaching safepoint: 13298 ns, Cleanup: 8289 ns, At safepoint: 17173 ns, Total: 38760 ns
[2025-01-18T04:36:56.304+0000][79][info ][safepoint   ] Safepoint "Cleanup", Time since last: 11680125783 ns, Reaching safepoint: 291271 ns, Cleanup: 9578 ns, At safepoint: 61917 ns, Total: 362766 ns
[2025-01-18T04:37:01.502+0000][79][info ][safepoint   ] Safepoint "Cleanup", Time since last: 5197130975 ns, Reaching safepoint: 29849 ns, Cleanup: 14252 ns, At safepoint: 6036 ns, Total: 50137 ns
[2025-01-18T04:37:02.506+0000][79][info ][safepoint   ] Safepoint "Cleanup", Time since last: 1004273481 ns, Reaching safepoint: 11057 ns, Cleanup: 9788 ns, At safepoint: 18107 ns, Total: 38952 ns
[2025-01-18T04:37:06.492+0000][79][info ][safepoint   ] Safepoint "Cleanup", Time since last: 3985987944 ns, Reaching safepoint: 9400 ns, Cleanup: 56321 ns, At safepoint: 17636 ns, Total: 83357 ns
[2025-01-18T04:37:07.493+0000][79][info ][safepoint   ] Safepoint "Cleanup", Time since last: 1000634127 ns, Reaching safepoint: 80078 ns, Cleanup: 45517 ns, At safepoint: 13187 ns, Total: 138782 ns
[2025-01-18T04:37:08.529+0000][79][info ][safepoint   ] Safepoint "Cleanup", Time since last: 1035772966 ns, Reaching safepoint: 18939 ns, Cleanup: 63744 ns, At safepoint: 36055 ns, Total: 118738 ns
[2025-01-18T04:37:31.669+0000][79][info ][safepoint   ] Safepoint "Cleanup", Time since last: 23142472817 ns, Reaching safepoint: 27930 ns, Cleanup: 13662 ns, At safepoint: 5773 ns, Total: 47365 ns
[2025-01-18T04:37:35.687+0000][79][info ][safepoint   ] Safepoint "Cleanup", Time since last: 4017365460 ns, Reaching safepoint: 36251 ns, Cleanup: 21289 ns, At safepoint: 9237 ns, Total: 66777 ns
[2025-01-18T04:37:44.440+0000][79][info ][safepoint   ] Safepoint "Cleanup", Time since last: 8756857474 ns, Reaching safepoint: 9894 ns, Cleanup: 7003 ns, At safepoint: 4603 ns, Total: 21500 ns
[2025-01-18T04:37:45.764+0000][79][info ][safepoint   ] Safepoint "Cleanup", Time since last: 1324124275 ns, Reaching safepoint: 28412 ns, Cleanup: 30212 ns, At safepoint: 6036 ns, Total: 64660 ns
[2025-01-18T04:37:56.292+0000][79][info ][safepoint   ] Safepoint "Cleanup", Time since last: 10527752203 ns, Reaching safepoint: 10147 ns, Cleanup: 11445 ns, At safepoint: 4605 ns, Total: 26197 ns
[2025-01-18T04:37:57.814+0000][79][info ][safepoint   ] Safepoint "Cleanup", Time since last: 1521356765 ns, Reaching safepoint: 30655 ns, Cleanup: 14723 ns, At safepoint: 6519 ns, Total: 51897 ns
[2025-01-18T04:38:14.290+0000][79][info ][safepoint   ] Safepoint "Cleanup", Time since last: 16476414256 ns, Reaching safepoint: 10611 ns, Cleanup: 16486 ns, At safepoint: 6736 ns, Total: 33833 ns
[2025-01-18T04:38:15.874+0000][79][info ][safepoint   ] Safepoint "Cleanup", Time since last: 1584127089 ns, Reaching safepoint: 44622 ns, Cleanup: 41670 ns, At safepoint: 11537 ns, Total: 97829 ns
[2025-01-18T04:38:20.308+0000][79][info ][safepoint   ] Safepoint "Cleanup", Time since last: 4433468289 ns, Reaching safepoint: 12310 ns, Cleanup: 8515 ns, At safepoint: 5724 ns, Total: 26549 ns
[2025-01-18T04:38:26.301+0000][79][info ][safepoint   ] Safepoint "Cleanup", Time since last: 5992911356 ns, Reaching safepoint: 28396 ns, Cleanup: 8575 ns, At safepoint: 5455 ns, Total: 42426 ns
[2025-01-18T04:38:27.970+0000][79][info ][safepoint   ] Safepoint "Cleanup", Time since last: 1669342423 ns, Reaching safepoint: 34163 ns, Cleanup: 18590 ns, At safepoint: 7840 ns, Total: 60593 ns
[2025-01-18T04:38:29.971+0000][79][info ][safepoint   ] Safepoint "Cleanup", Time since last: 2001265751 ns, Reaching safepoint: 28956 ns, Cleanup: 13324 ns, At safepoint: 5611 ns, Total: 47891 ns
[2025-01-18T04:38:44.731+0000][79][info ][safepoint   ] Safepoint "Cleanup", Time since last: 14761840051 ns, Reaching safepoint: 12889 ns, Cleanup: 8616 ns, At safepoint: 5682 ns, Total: 27187 ns
[2025-01-18T04:38:57.109+0000][79][info ][safepoint   ] Safepoint "Cleanup", Time since last: 12377347053 ns, Reaching safepoint: 20804 ns, Cleanup: 16746 ns, At safepoint: 11143 ns, Total: 48693 ns
[2025-01-18T04:39:02.325+0000][79][info ][safepoint   ] Safepoint "Cleanup", Time since last: 5215833598 ns, Reaching safepoint: 12290 ns, Cleanup: 9871 ns, At safepoint: 4798 ns, Total: 26959 ns
[2025-01-18T04:39:24.237+0000][79][info ][safepoint   ] Safepoint "Cleanup", Time since last: 21914112943 ns, Reaching safepoint: 50267 ns, Cleanup: 13589 ns, At safepoint: 7431 ns, Total: 71287 ns
[2025-01-18T04:39:30.278+0000][79][info ][safepoint   ] Safepoint "Cleanup", Time since last: 6040764301 ns, Reaching safepoint: 39422 ns, Cleanup: 14521 ns, At safepoint: 8100 ns, Total: 62043 ns
[2025-01-18T04:39:32.404+0000][79][info ][safepoint   ] Safepoint "Cleanup", Time since last: 2125796362 ns, Reaching safepoint: 23986 ns, Cleanup: 12388 ns, At safepoint: 24944 ns, Total: 61318 ns
[2025-01-18T04:39:33.555+0000][79][info ][safepoint   ] Safepoint "Cleanup", Time since last: 1151662246 ns, Reaching safepoint: 20950 ns, Cleanup: 38358 ns, At safepoint: 45117 ns, Total: 104425 ns
[2025-01-18T04:39:38.308+0000][79][info ][safepoint   ] Safepoint "Cleanup", Time since last: 4752602657 ns, Reaching safepoint: 10513 ns, Cleanup: 8675 ns, At safepoint: 4563 ns, Total: 23751 ns
[2025-01-18T04:39:46.366+0000][79][info ][safepoint   ] Safepoint "Cleanup", Time since last: 8060077180 ns, Reaching safepoint: 83414 ns, Cleanup: 23963 ns, At safepoint: 12465 ns, Total: 119842 ns
[2025-01-18T04:40:02.308+0000][79][info ][safepoint   ] Safepoint "Cleanup", Time since last: 15942340233 ns, Reaching safepoint: 9866 ns, Cleanup: 7945 ns, At safepoint: 4644 ns, Total: 22455 ns
[2025-01-18T04:40:24.652+0000][79][info ][safepoint   ] Safepoint "Cleanup", Time since last: 22346266794 ns, Reaching safepoint: 25486 ns, Cleanup: 11661 ns, At safepoint: 5651 ns, Total: 42798 ns
[2025-01-18T04:40:47.021+0000][79][info ][safepoint   ] Safepoint "Cleanup", Time since last: 22369325704 ns, Reaching safepoint: 12516 ns, Cleanup: 10356 ns, At safepoint: 18235 ns, Total: 41107 ns
[2025-01-18T04:40:48.021+0000][79][info ][safepoint   ] Safepoint "Cleanup", Time since last: 1000696390 ns, Reaching safepoint: 35387 ns, Cleanup: 44429 ns, At safepoint: 25887 ns, Total: 105703 ns
[2025-01-18T04:40:49.169+0000][79][info ][safepoint   ] Safepoint "Cleanup", Time since last: 1147382685 ns, Reaching safepoint: 54238 ns, Cleanup: 36444 ns, At safepoint: 14216 ns, Total: 104898 ns
[2025-01-18T04:40:56.335+0000][79][info ][safepoint   ] Safepoint "Cleanup", Time since last: 7165536173 ns, Reaching safepoint: 347234 ns, Cleanup: 12000 ns, At safepoint: 48647 ns, Total: 407881 ns
[2025-01-18T04:40:57.856+0000][79][info ][safepoint   ] Safepoint "Cleanup", Time since last: 1520843663 ns, Reaching safepoint: 57621 ns, Cleanup: 27076 ns, At safepoint: 17431 ns, Total: 102128 ns
[2025-01-18T04:41:04.872+0000][79][info ][safepoint   ] Safepoint "Cleanup", Time since last: 7015893110 ns, Reaching safepoint: 27146 ns, Cleanup: 14466 ns, At safepoint: 5546 ns, Total: 47158 ns
[2025-01-18T04:41:14.299+0000][79][info ][safepoint   ] Safepoint "Cleanup", Time since last: 9429304429 ns, Reaching safepoint: 39285 ns, Cleanup: 8316 ns, At safepoint: 19301 ns, Total: 66902 ns
[2025-01-18T04:41:17.939+0000][79][info ][safepoint   ] Safepoint "Cleanup", Time since last: 3639424326 ns, Reaching safepoint: 31700 ns, Cleanup: 12556 ns, At safepoint: 5281 ns, Total: 49537 ns
[2025-01-18T04:41:35.034+0000][79][info ][safepoint   ] Safepoint "Cleanup", Time since last: 17094730495 ns, Reaching safepoint: 41762 ns, Cleanup: 22643 ns, At safepoint: 11210 ns, Total: 75615 ns
[2025-01-18T04:41:50.356+0000][79][info ][safepoint   ] Safepoint "Cleanup", Time since last: 15324425193 ns, Reaching safepoint: 11992 ns, Cleanup: 6780 ns, At safepoint: 5653 ns, Total: 24425 ns
[2025-01-18T04:41:52.143+0000][79][info ][safepoint   ] Safepoint "Cleanup", Time since last: 1786408537 ns, Reaching safepoint: 40966 ns, Cleanup: 21419 ns, At safepoint: 10863 ns, Total: 73248 ns
[2025-01-18T04:42:14.364+0000][79][info ][safepoint   ] Safepoint "Cleanup", Time since last: 22222008312 ns, Reaching safepoint: 473280 ns, Cleanup: 17612 ns, At safepoint: 121711 ns, Total: 612603 ns
[2025-01-18T04:42:16.252+0000][79][info ][safepoint   ] Safepoint "Cleanup", Time since last: 1888022358 ns, Reaching safepoint: 40103 ns, Cleanup: 23531 ns, At safepoint: 10942 ns, Total: 74576 ns
[2025-01-18T04:42:29.376+0000][79][info ][safepoint   ] Safepoint "Cleanup", Time since last: 13124574539 ns, Reaching safepoint: 64592 ns, Cleanup: 11299 ns, At safepoint: 8755 ns, Total: 84646 ns
[2025-01-18T04:42:31.377+0000][79][info ][safepoint   ] Safepoint "Cleanup", Time since last: 2000962816 ns, Reaching safepoint: 45987 ns, Cleanup: 23664 ns, At safepoint: 12939 ns, Total: 82590 ns
[2025-01-18T04:42:35.406+0000][79][info ][safepoint   ] Safepoint "Cleanup", Time since last: 4028331070 ns, Reaching safepoint: 36633 ns, Cleanup: 20047 ns, At safepoint: 9433 ns, Total: 66113 ns
[2025-01-18T04:42:50.309+0000][79][info ][safepoint   ] Safepoint "Cleanup", Time since last: 14905063720 ns, Reaching safepoint: 29631 ns, Cleanup: 12672 ns, At safepoint: 25992 ns, Total: 68295 ns
[2025-01-18T04:43:26.327+0000][79][info ][safepoint   ] Safepoint "Cleanup", Time since last: 36019409666 ns, Reaching safepoint: 49010 ns, Cleanup: 10791 ns, At safepoint: 20192 ns, Total: 79993 ns
[2025-01-18T04:43:27.733+0000][79][info ][safepoint   ] Safepoint "Cleanup", Time since last: 1405971914 ns, Reaching safepoint: 28759 ns, Cleanup: 13284 ns, At safepoint: 6272 ns, Total: 48315 ns
[2025-01-18T04:43:34.764+0000][79][info ][safepoint   ] Safepoint "Cleanup", Time since last: 7030832441 ns, Reaching safepoint: 110094 ns, Cleanup: 35996 ns, At safepoint: 17043 ns, Total: 163133 ns
[2025-01-18T04:43:39.802+0000][79][info ][safepoint   ] Safepoint "Cleanup", Time since last: 5039780078 ns, Reaching safepoint: 49529 ns, Cleanup: 25709 ns, At safepoint: 15294 ns, Total: 90532 ns
[2025-01-18T04:43:41.803+0000][79][info ][safepoint   ] Safepoint "Cleanup", Time since last: 2000994112 ns, Reaching safepoint: 26362 ns, Cleanup: 13952 ns, At safepoint: 5739 ns, Total: 46053 ns
[2025-01-18T04:43:44.343+0000][79][info ][safepoint   ] Safepoint "Cleanup", Time since last: 2540578398 ns, Reaching safepoint: 10071 ns, Cleanup: 5985 ns, At safepoint: 17255 ns, Total: 33311 ns
[2025-01-18T04:43:45.839+0000][79][info ][safepoint   ] Safepoint "Cleanup", Time since last: 1495815505 ns, Reaching safepoint: 26412 ns, Cleanup: 13526 ns, At safepoint: 5444 ns, Total: 45382 ns
[2025-01-18T04:44:20.008+0000][79][info ][safepoint   ] Safepoint "Cleanup", Time since last: 34169176961 ns, Reaching safepoint: 29667 ns, Cleanup: 69080 ns, At safepoint: 7881 ns, Total: 106628 ns
[2025-01-18T04:44:21.108+0000][79][info ][safepoint   ] Safepoint "Cleanup", Time since last: 1100074013 ns, Reaching safepoint: 10825 ns, Cleanup: 7721 ns, At safepoint: 4537 ns, Total: 23083 ns
[2025-01-18T04:44:23.091+0000][79][info ][safepoint   ] Safepoint "Cleanup", Time since last: 1982965735 ns, Reaching safepoint: 42133 ns, Cleanup: 20394 ns, At safepoint: 10446 ns, Total: 72973 ns
[2025-01-18T04:44:24.092+0000][79][info ][safepoint   ] Safepoint "Cleanup", Time since last: 1001177414 ns, Reaching safepoint: 32160 ns, Cleanup: 18483 ns, At safepoint: 6468 ns, Total: 57111 ns
[2025-01-18T04:44:35.132+0000][79][info ][safepoint   ] Safepoint "Cleanup", Time since last: 11039886708 ns, Reaching safepoint: 52056 ns, Cleanup: 13202 ns, At safepoint: 5850 ns, Total: 71108 ns
[2025-01-18T04:44:38.349+0000][79][info ][safepoint   ] Safepoint "Cleanup", Time since last: 3217100336 ns, Reaching safepoint: 9710 ns, Cleanup: 5405 ns, At safepoint: 4148 ns, Total: 19263 ns
[2025-01-18T04:44:51.218+0000][79][info ][safepoint   ] Safepoint "Cleanup", Time since last: 12870946038 ns, Reaching safepoint: 8798 ns, Cleanup: 7135 ns, At safepoint: 4279 ns, Total: 20212 ns
[2025-01-18T04:45:05.843+0000][79][info ][safepoint   ] Safepoint "Cleanup", Time since last: 14625230237 ns, Reaching safepoint: 30004 ns, Cleanup: 10954 ns, At safepoint: 19283 ns, Total: 60241 ns
[2025-01-18T04:45:35.509+0000][79][info ][safepoint   ] Safepoint "Cleanup", Time since last: 29667071735 ns, Reaching safepoint: 94585 ns, Cleanup: 23342 ns, At safepoint: 12298 ns, Total: 130225 ns
[2025-01-18T04:46:20.699+0000][79][info ][safepoint   ] Safepoint "Cleanup", Time since last: 45193584564 ns, Reaching safepoint: 45701 ns, Cleanup: 12087 ns, At safepoint: 20234 ns, Total: 78022 ns
[2025-01-18T04:46:34.804+0000][79][info ][safepoint   ] Safepoint "Cleanup", Time since last: 14105157361 ns, Reaching safepoint: 32358 ns, Cleanup: 24795 ns, At safepoint: 5413 ns, Total: 62566 ns
[2025-01-18T04:46:35.805+0000][79][info ][safepoint   ] Safepoint "Cleanup", Time since last: 1000596463 ns, Reaching safepoint: 29629 ns, Cleanup: 16984 ns, At safepoint: 5816 ns, Total: 52429 ns
[2025-01-18T04:46:41.824+0000][79][info ][safepoint   ] Safepoint "Cleanup", Time since last: 6020755139 ns, Reaching safepoint: 124470 ns, Cleanup: 15367 ns, At safepoint: 7575 ns, Total: 147412 ns
[2025-01-18T04:46:46.473+0000][79][info ][safepoint   ] Safepoint "Cleanup", Time since last: 4648943772 ns, Reaching safepoint: 34133 ns, Cleanup: 11160 ns, At safepoint: 19611 ns, Total: 64904 ns
[2025-01-18T04:46:47.474+0000][79][info ][safepoint   ] Safepoint "Cleanup", Time since last: 1000708984 ns, Reaching safepoint: 29296 ns, Cleanup: 14525 ns, At safepoint: 6482 ns, Total: 50303 ns
[2025-01-18T04:46:48.475+0000][79][info ][safepoint   ] Safepoint "Cleanup", Time since last: 1000849421 ns, Reaching safepoint: 370910 ns, Cleanup: 29929 ns, At safepoint: 66398 ns, Total: 467237 ns
[2025-01-18T04:46:49.518+0000][79][info ][safepoint   ] Safepoint "Cleanup", Time since last: 1042925573 ns, Reaching safepoint: 52207 ns, Cleanup: 17069 ns, At safepoint: 7356 ns, Total: 76632 ns
[2025-01-18T04:46:50.875+0000][79][info ][safepoint   ] Safepoint "Cleanup", Time since last: 1357362662 ns, Reaching safepoint: 16372 ns, Cleanup: 12080 ns, At safepoint: 7758 ns, Total: 36210 ns
[2025-01-18T04:47:02.991+0000][79][info ][safepoint   ] Safepoint "Cleanup", Time since last: 12115397176 ns, Reaching safepoint: 10669 ns, Cleanup: 7313 ns, At safepoint: 4696 ns, Total: 22678 ns
[2025-01-18T04:47:08.988+0000][79][info ][safepoint   ] Safepoint "Cleanup", Time since last: 5996717874 ns, Reaching safepoint: 10368 ns, Cleanup: 8130 ns, At safepoint: 4850 ns, Total: 23348 ns
[2025-01-18T04:47:35.137+0000][79][info ][safepoint   ] Safepoint "Cleanup", Time since last: 26152249185 ns, Reaching safepoint: 37111 ns, Cleanup: 21840 ns, At safepoint: 9364 ns, Total: 68315 ns
[2025-01-18T04:47:39.148+0000][79][info ][safepoint   ] Safepoint "Cleanup", Time since last: 4011067151 ns, Reaching safepoint: 30524 ns, Cleanup: 9759 ns, At safepoint: 5188 ns, Total: 45471 ns
[2025-01-18T04:47:51.227+0000][79][info ][safepoint   ] Safepoint "Cleanup", Time since last: 12080697159 ns, Reaching safepoint: 110690 ns, Cleanup: 10790 ns, At safepoint: 51265 ns, Total: 172745 ns
[2025-01-18T04:47:54.236+0000][79][info ][safepoint   ] Safepoint "Cleanup", Time since last: 3008925095 ns, Reaching safepoint: 45589 ns, Cleanup: 20974 ns, At safepoint: 11656 ns, Total: 78219 ns
[2025-01-18T04:47:57.260+0000][79][info ][safepoint   ] Safepoint "Cleanup", Time since last: 3023730983 ns, Reaching safepoint: 21641 ns, Cleanup: 15643 ns, At safepoint: 10695 ns, Total: 47979 ns
[2025-01-18T04:48:02.389+0000][79][info ][safepoint   ] Safepoint "Cleanup", Time since last: 5129648125 ns, Reaching safepoint: 20850 ns, Cleanup: 6562 ns, At safepoint: 30625 ns, Total: 58037 ns
[2025-01-18T04:48:04.331+0000][79][info ][safepoint   ] Safepoint "Cleanup", Time since last: 1941983103 ns, Reaching safepoint: 28561 ns, Cleanup: 13677 ns, At safepoint: 5841 ns, Total: 48079 ns
[2025-01-18T04:48:08.310+0000][79][info ][safepoint   ] Safepoint "Cleanup", Time since last: 3978389922 ns, Reaching safepoint: 10557 ns, Cleanup: 8155 ns, At safepoint: 18176 ns, Total: 36888 ns
[2025-01-18T04:48:13.358+0000][79][info ][safepoint   ] Safepoint "Cleanup", Time since last: 5050315677 ns, Reaching safepoint: 28368 ns, Cleanup: 13974 ns, At safepoint: 5912 ns, Total: 48254 ns
[2025-01-18T04:49:23.870+0000][79][info ][safepoint   ] Safepoint "Cleanup", Time since last: 70516516597 ns, Reaching safepoint: 38892 ns, Cleanup: 21934 ns, At safepoint: 10117 ns, Total: 70943 ns
[2025-01-18T04:49:34.975+0000][79][info ][safepoint   ] Safepoint "Cleanup", Time since last: 11104672642 ns, Reaching safepoint: 43236 ns, Cleanup: 20603 ns, At safepoint: 10924 ns, Total: 74763 ns
[2025-01-18T04:49:35.984+0000][79][info ][safepoint   ] Safepoint "Cleanup", Time since last: 1009781755 ns, Reaching safepoint: 10746 ns, Cleanup: 23040 ns, At safepoint: 18315 ns, Total: 52101 ns
[2025-01-18T04:49:36.994+0000][79][info ][safepoint   ] Safepoint "Cleanup", Time since last: 1009722701 ns, Reaching safepoint: 14005 ns, Cleanup: 13242 ns, At safepoint: 21129 ns, Total: 48376 ns
[2025-01-18T04:49:38.344+0000][79][info ][safepoint   ] Safepoint "Cleanup", Time since last: 1349407469 ns, Reaching safepoint: 10788 ns, Cleanup: 8550 ns, At safepoint: 4451 ns, Total: 23789 ns
[2025-01-18T04:49:40.054+0000][79][info ][safepoint   ] Safepoint "Cleanup", Time since last: 1713863481 ns, Reaching safepoint: 57021 ns, Cleanup: 30544 ns, At safepoint: 14547 ns, Total: 102112 ns
[2025-01-18T04:49:42.056+0000][79][info ][safepoint   ] Safepoint "Cleanup", Time since last: 2001178326 ns, Reaching safepoint: 54045 ns, Cleanup: 26397 ns, At safepoint: 14569 ns, Total: 95011 ns
[2025-01-18T04:49:50.337+0000][79][info ][safepoint   ] Safepoint "Cleanup", Time since last: 8281681178 ns, Reaching safepoint: 12710 ns, Cleanup: 10534 ns, At safepoint: 4774 ns, Total: 28018 ns
[2025-01-18T04:49:52.158+0000][79][info ][safepoint   ] Safepoint "Cleanup", Time since last: 1820272689 ns, Reaching safepoint: 26506 ns, Cleanup: 12941 ns, At safepoint: 5648 ns, Total: 45095 ns
[2025-01-18T04:50:21.278+0000][79][info ][safepoint   ] Safepoint "Cleanup", Time since last: 29121470163 ns, Reaching safepoint: 27931 ns, Cleanup: 16158 ns, At safepoint: 10589 ns, Total: 54678 ns
[2025-01-18T04:50:25.309+0000][79][info ][safepoint   ] Safepoint "Cleanup", Time since last: 4030396922 ns, Reaching safepoint: 82020 ns, Cleanup: 22785 ns, At safepoint: 13014 ns, Total: 117819 ns
[2025-01-18T04:50:27.336+0000][79][info ][safepoint   ] Safepoint "Cleanup", Time since last: 2027349251 ns, Reaching safepoint: 404484 ns, Cleanup: 16463 ns, At safepoint: 58387 ns, Total: 479334 ns
[2025-01-18T04:50:31.767+0000][79][info ][safepoint   ] Safepoint "Cleanup", Time since last: 4430629974 ns, Reaching safepoint: 10961 ns, Cleanup: 8967 ns, At safepoint: 17587 ns, Total: 37515 ns
[2025-01-18T04:50:33.369+0000][79][info ][safepoint   ] Safepoint "Cleanup", Time since last: 1601948081 ns, Reaching safepoint: 17460 ns, Cleanup: 23399 ns, At safepoint: 37187 ns, Total: 78046 ns
[2025-01-18T04:50:35.406+0000][79][info ][safepoint   ] Safepoint "Cleanup", Time since last: 2036735594 ns, Reaching safepoint: 63097 ns, Cleanup: 36266 ns, At safepoint: 13659 ns, Total: 113022 ns
[2025-01-18T04:50:56.598+0000][79][info ][safepoint   ] Safepoint "Cleanup", Time since last: 21195068484 ns, Reaching safepoint: 46335 ns, Cleanup: 23579 ns, At safepoint: 8183 ns, Total: 78097 ns
[2025-01-18T04:51:02.633+0000][79][info ][safepoint   ] Safepoint "Cleanup", Time since last: 6034985919 ns, Reaching safepoint: 21736 ns, Cleanup: 22793 ns, At safepoint: 43015 ns, Total: 87544 ns
[2025-01-18T04:51:05.651+0000][79][info ][safepoint   ] Safepoint "Cleanup", Time since last: 3017194037 ns, Reaching safepoint: 46626 ns, Cleanup: 24707 ns, At safepoint: 11431 ns, Total: 82764 ns
[2025-01-18T04:51:08.371+0000][79][info ][gc,start    ] GC(21) Pause Young (Normal) (G1 Evacuation Pause)
[2025-01-18T04:51:08.373+0000][79][info ][gc,task     ] GC(21) Using 18 workers of 18 for evacuation
[2025-01-18T04:51:08.374+0000][79][debug][gc,age      ] GC(21) Desired survivor size 134217728 bytes, new threshold 15 (max threshold 15)
[2025-01-18T04:51:08.432+0000][79][info ][gc,phases   ] GC(21)   Pre Evacuate Collection Set: 5.3ms
[2025-01-18T04:51:08.433+0000][79][info ][gc,phases   ] GC(21)   Merge Heap Roots: 0.8ms
[2025-01-18T04:51:08.433+0000][79][info ][gc,phases   ] GC(21)   Evacuate Collection Set: 43.4ms
[2025-01-18T04:51:08.434+0000][79][info ][gc,phases   ] GC(21)   Post Evacuate Collection Set: 7.7ms
[2025-01-18T04:51:08.435+0000][79][info ][gc,phases   ] GC(21)   Other: 2.3ms
[2025-01-18T04:51:08.435+0000][79][trace][gc,age      ] GC(21) Age table with threshold 15 (max threshold 15)
[2025-01-18T04:51:08.436+0000][79][trace][gc,age      ] GC(21) - age   1:    3384472 bytes,    3384472 total
[2025-01-18T04:51:08.436+0000][79][trace][gc,age      ] GC(21) - age   2:     103320 bytes,    3487792 total
[2025-01-18T04:51:08.437+0000][79][trace][gc,age      ] GC(21) - age   3:     436024 bytes,    3923816 total
[2025-01-18T04:51:08.437+0000][79][trace][gc,age      ] GC(21) - age   4:     180584 bytes,    4104400 total
[2025-01-18T04:51:08.438+0000][79][trace][gc,age      ] GC(21) - age   5:      41856 bytes,    4146256 total
[2025-01-18T04:51:08.439+0000][79][trace][gc,age      ] GC(21) - age   6:    1333576 bytes,    5479832 total
[2025-01-18T04:51:08.439+0000][79][trace][gc,age      ] GC(21) - age   7:    1154360 bytes,    6634192 total
[2025-01-18T04:51:08.440+0000][79][info ][gc,heap     ] GC(21) Eden regions: 506->0(506)
[2025-01-18T04:51:08.441+0000][79][info ][gc,heap     ] GC(21) Survivor regions: 2->2(64)
[2025-01-18T04:51:08.441+0000][79][info ][gc,heap     ] GC(21) Old regions: 31->31
[2025-01-18T04:51:08.442+0000][79][info ][gc,heap     ] GC(21) Humongous regions: 4->4
[2025-01-18T04:51:08.443+0000][79][info ][gc,metaspace] GC(21) Metaspace: 151269K(155200K)->151269K(155200K) NonClass: 131292K(133376K)->131292K(133376K) Class: 19977K(21824K)->19977K(21824K)
[2025-01-18T04:51:08.444+0000][79][info ][gc          ] GC(21) Pause Young (Normal) (G1 Evacuation Pause) 2167M->143M(3392M) 72.758ms
[2025-01-18T04:51:08.444+0000][79][info ][gc,cpu      ] GC(21) User=0.47s Sys=0.00s Real=0.07s
[2025-01-18T04:51:08.445+0000][79][info ][safepoint   ] Safepoint "G1CollectForAllocation", Time since last: 2718717651 ns, Reaching safepoint: 30281 ns, Cleanup: 5379 ns, At safepoint: 75851743 ns, Total: 75887403 ns
[2025-01-18T04:51:14.327+0000][79][info ][safepoint   ] Safepoint "Cleanup", Time since last: 5883493662 ns, Reaching safepoint: 14224 ns, Cleanup: 8247 ns, At safepoint: 17689 ns, Total: 40160 ns
[2025-01-18T04:51:33.722+0000][79][info ][safepoint   ] Safepoint "Cleanup", Time since last: 19395852848 ns, Reaching safepoint: 14200 ns, Cleanup: 14779 ns, At safepoint: 18517 ns, Total: 47496 ns
[2025-01-18T04:51:34.723+0000][79][info ][safepoint   ] Safepoint "Cleanup", Time since last: 1000558556 ns, Reaching safepoint: 35139 ns, Cleanup: 20273 ns, At safepoint: 6099 ns, Total: 61511 ns
[2025-01-18T04:51:35.882+0000][79][info ][safepoint   ] Safepoint "Cleanup", Time since last: 1158686220 ns, Reaching safepoint: 49918 ns, Cleanup: 31924 ns, At safepoint: 12983 ns, Total: 94825 ns
[2025-01-18T04:51:53.895+0000][79][info ][safepoint   ] Safepoint "Cleanup", Time since last: 18016146308 ns, Reaching safepoint: 48884 ns, Cleanup: 20927 ns, At safepoint: 11524 ns, Total: 81335 ns
[2025-01-18T04:52:20.332+0000][79][info ][safepoint   ] Safepoint "Cleanup", Time since last: 26438838308 ns, Reaching safepoint: 28247 ns, Cleanup: 7105 ns, At safepoint: 21113 ns, Total: 56465 ns
[2025-01-18T04:52:26.391+0000][79][info ][safepoint   ] Safepoint "Cleanup", Time since last: 6058815988 ns, Reaching safepoint: 10478 ns, Cleanup: 7865 ns, At safepoint: 4653 ns, Total: 22996 ns
[2025-01-18T04:52:28.139+0000][79][info ][safepoint   ] Safepoint "Cleanup", Time since last: 1747837466 ns, Reaching safepoint: 26800 ns, Cleanup: 41341 ns, At safepoint: 5659 ns, Total: 73800 ns
[2025-01-18T04:52:38.342+0000][79][info ][safepoint   ] Safepoint "Cleanup", Time since last: 10203258245 ns, Reaching safepoint: 17593 ns, Cleanup: 13909 ns, At safepoint: 8871 ns, Total: 40373 ns
[2025-01-18T04:52:55.277+0000][79][info ][safepoint   ] Safepoint "Cleanup", Time since last: 16935962455 ns, Reaching safepoint: 61603 ns, Cleanup: 29185 ns, At safepoint: 18826 ns, Total: 109614 ns
[2025-01-18T04:53:02.337+0000][79][info ][safepoint   ] Safepoint "Cleanup", Time since last: 7060279052 ns, Reaching safepoint: 446074 ns, Cleanup: 8224 ns, At safepoint: 56774 ns, Total: 511072 ns
[2025-01-18T04:53:08.340+0000][79][info ][safepoint   ] Safepoint "Cleanup", Time since last: 6002571582 ns, Reaching safepoint: 12905 ns, Cleanup: 10080 ns, At safepoint: 23303 ns, Total: 46288 ns
[2025-01-18T04:53:24.483+0000][79][info ][safepoint   ] Safepoint "Cleanup", Time since last: 16145160617 ns, Reaching safepoint: 97777 ns, Cleanup: 34456 ns, At safepoint: 14401 ns, Total: 146634 ns
[2025-01-18T04:53:25.484+0000][79][info ][safepoint   ] Safepoint "Cleanup", Time since last: 1001171765 ns, Reaching safepoint: 44864 ns, Cleanup: 22968 ns, At safepoint: 11930 ns, Total: 79762 ns
[2025-01-18T04:53:28.522+0000][79][info ][safepoint   ] Safepoint "Cleanup", Time since last: 3037655089 ns, Reaching safepoint: 40427 ns, Cleanup: 20281 ns, At safepoint: 10573 ns, Total: 71281 ns
[2025-01-18T04:53:35.545+0000][79][info ][safepoint   ] Safepoint "Cleanup", Time since last: 7023287552 ns, Reaching safepoint: 45584 ns, Cleanup: 31993 ns, At safepoint: 11880 ns, Total: 89457 ns
[2025-01-18T04:53:53.629+0000][79][info ][safepoint   ] Safepoint "Cleanup", Time since last: 18085537767 ns, Reaching safepoint: 31586 ns, Cleanup: 15782 ns, At safepoint: 6265 ns, Total: 53633 ns
[2025-01-18T04:53:54.637+0000][79][info ][safepoint   ] Safepoint "Cleanup", Time since last: 1007646365 ns, Reaching safepoint: 27985 ns, Cleanup: 15169 ns, At safepoint: 5795 ns, Total: 48949 ns
[2025-01-18T04:54:14.553+0000][79][info ][safepoint   ] Safepoint "Cleanup", Time since last: 19919484823 ns, Reaching safepoint: 10196 ns, Cleanup: 5753 ns, At safepoint: 4760 ns, Total: 20709 ns
[2025-01-18T04:54:26.380+0000][79][info ][safepoint   ] Safepoint "Cleanup", Time since last: 11826413573 ns, Reaching safepoint: 8943 ns, Cleanup: 13035 ns, At safepoint: 4323 ns, Total: 26301 ns
[2025-01-18T04:54:34.910+0000][79][info ][safepoint   ] Safepoint "Cleanup", Time since last: 8529949086 ns, Reaching safepoint: 106038 ns, Cleanup: 29770 ns, At safepoint: 17019 ns, Total: 152827 ns
[2025-01-18T04:55:12.127+0000][79][info ][safepoint   ] Safepoint "Cleanup", Time since last: 37221366233 ns, Reaching safepoint: 20892 ns, Cleanup: 10667 ns, At safepoint: 4460 ns, Total: 36019 ns
[2025-01-18T04:55:14.334+0000][79][info ][safepoint   ] Safepoint "Cleanup", Time since last: 2207335701 ns, Reaching safepoint: 10527 ns, Cleanup: 9076 ns, At safepoint: 4512 ns, Total: 24115 ns
[2025-01-18T04:55:17.041+0000][79][info ][safepoint   ] Safepoint "Cleanup", Time since last: 2706458747 ns, Reaching safepoint: 98279 ns, Cleanup: 13738 ns, At safepoint: 62975 ns, Total: 174992 ns
[2025-01-18T04:55:19.032+0000][79][info ][safepoint   ] Safepoint "Cleanup", Time since last: 1990977532 ns, Reaching safepoint: 73634 ns, Cleanup: 31557 ns, At safepoint: 17648 ns, Total: 122839 ns
[2025-01-18T04:55:21.250+0000][79][info ][safepoint   ] Safepoint "Cleanup", Time since last: 2218127086 ns, Reaching safepoint: 18442 ns, Cleanup: 12615 ns, At safepoint: 9369 ns, Total: 40426 ns
[2025-01-18T04:55:26.335+0000][79][info ][safepoint   ] Safepoint "Cleanup", Time since last: 5085073873 ns, Reaching safepoint: 98928 ns, Cleanup: 7953 ns, At safepoint: 32789 ns, Total: 139670 ns
[2025-01-18T04:55:28.335+0000][79][info ][safepoint   ] Safepoint "Cleanup", Time since last: 1999292127 ns, Reaching safepoint: 71665 ns, Cleanup: 91979 ns, At safepoint: 20788 ns, Total: 184432 ns
[2025-01-18T04:55:29.337+0000][79][info ][safepoint   ] Safepoint "Cleanup", Time since last: 1001507369 ns, Reaching safepoint: 48588 ns, Cleanup: 20216 ns, At safepoint: 10078 ns, Total: 78882 ns
[2025-01-18T04:55:35.375+0000][79][info ][safepoint   ] Safepoint "Cleanup", Time since last: 6038280961 ns, Reaching safepoint: 164209 ns, Cleanup: 32608 ns, At safepoint: 19122 ns, Total: 215939 ns
[2025-01-18T04:55:44.340+0000][79][info ][safepoint   ] Safepoint "Cleanup", Time since last: 8967041479 ns, Reaching safepoint: 22214 ns, Cleanup: 13438 ns, At safepoint: 34291 ns, Total: 69943 ns
[2025-01-18T04:55:56.515+0000][79][info ][safepoint   ] Safepoint "Cleanup", Time since last: 12175236600 ns, Reaching safepoint: 24527 ns, Cleanup: 11670 ns, At safepoint: 30469 ns, Total: 66666 ns
[2025-01-18T04:56:20.390+0000][79][info ][safepoint   ] Safepoint "Cleanup", Time since last: 23876434774 ns, Reaching safepoint: 92464 ns, Cleanup: 8819 ns, At safepoint: 19528 ns, Total: 120811 ns
[2025-01-18T04:56:32.317+0000][79][info ][safepoint   ] Safepoint "Cleanup", Time since last: 11927666077 ns, Reaching safepoint: 22192 ns, Cleanup: 8635 ns, At safepoint: 17836 ns, Total: 48663 ns
[2025-01-18T04:56:34.789+0000][79][info ][safepoint   ] Safepoint "Cleanup", Time since last: 2471545032 ns, Reaching safepoint: 105366 ns, Cleanup: 37060 ns, At safepoint: 45118 ns, Total: 187544 ns
[2025-01-18T04:56:38.811+0000][79][info ][safepoint   ] Safepoint "Cleanup", Time since last: 4021895894 ns, Reaching safepoint: 16948 ns, Cleanup: 13105 ns, At safepoint: 8983 ns, Total: 39036 ns
[2025-01-18T04:56:44.855+0000][79][info ][safepoint   ] Safepoint "Cleanup", Time since last: 6046144141 ns, Reaching safepoint: 16065 ns, Cleanup: 11605 ns, At safepoint: 7825 ns, Total: 35495 ns
[2025-01-18T04:56:45.872+0000][79][info ][safepoint   ] Safepoint "Cleanup", Time since last: 1017310569 ns, Reaching safepoint: 44244 ns, Cleanup: 24930 ns, At safepoint: 11807 ns, Total: 80981 ns
[2025-01-18T04:56:50.331+0000][79][info ][safepoint   ] Safepoint "Cleanup", Time since last: 4458476550 ns, Reaching safepoint: 14557 ns, Cleanup: 10121 ns, At safepoint: 18605 ns, Total: 43283 ns
[2025-01-18T04:56:53.921+0000][79][info ][safepoint   ] Safepoint "Cleanup", Time since last: 3590239056 ns, Reaching safepoint: 28562 ns, Cleanup: 13621 ns, At safepoint: 5858 ns, Total: 48041 ns
[2025-01-18T04:56:56.958+0000][79][info ][safepoint   ] Safepoint "Cleanup", Time since last: 3036768786 ns, Reaching safepoint: 23047 ns, Cleanup: 13649 ns, At safepoint: 9956 ns, Total: 46652 ns
[2025-01-18T04:57:09.065+0000][79][info ][safepoint   ] Safepoint "Cleanup", Time since last: 12107501085 ns, Reaching safepoint: 13441 ns, Cleanup: 7735 ns, At safepoint: 4835 ns, Total: 26011 ns
[2025-01-18T04:57:14.555+0000][79][info ][safepoint   ] Safepoint "Cleanup", Time since last: 5492079663 ns, Reaching safepoint: 11219 ns, Cleanup: 11227 ns, At safepoint: 4972 ns, Total: 27418 ns
[2025-01-18T04:57:16.108+0000][79][info ][safepoint   ] Safepoint "Cleanup", Time since last: 1552936346 ns, Reaching safepoint: 51820 ns, Cleanup: 32650 ns, At safepoint: 12678 ns, Total: 97148 ns
[2025-01-18T04:57:21.126+0000][79][info ][safepoint   ] Safepoint "Cleanup", Time since last: 5017800646 ns, Reaching safepoint: 39594 ns, Cleanup: 10471 ns, At safepoint: 20077 ns, Total: 70142 ns
[2025-01-18T04:58:56.333+0000][79][info ][safepoint   ] Safepoint "Cleanup", Time since last: 95213051523 ns, Reaching safepoint: 22083 ns, Cleanup: 8206 ns, At safepoint: 18353 ns, Total: 48642 ns
[2025-01-18T04:59:22.960+0000][79][info ][safepoint   ] Safepoint "Cleanup", Time since last: 26628811896 ns, Reaching safepoint: 67990 ns, Cleanup: 22637 ns, At safepoint: 11242 ns, Total: 101869 ns
[2025-01-18T04:59:23.961+0000][79][info ][safepoint   ] Safepoint "Cleanup", Time since last: 1001013173 ns, Reaching safepoint: 24064 ns, Cleanup: 11703 ns, At safepoint: 5574 ns, Total: 41341 ns
[2025-01-18T04:59:35.031+0000][79][info ][safepoint   ] Safepoint "Cleanup", Time since last: 11070512616 ns, Reaching safepoint: 27306 ns, Cleanup: 15367 ns, At safepoint: 5928 ns, Total: 48601 ns
[2025-01-18T05:00:10.214+0000][79][info ][safepoint   ] Safepoint "Cleanup", Time since last: 35186646924 ns, Reaching safepoint: 60464 ns, Cleanup: 27278 ns, At safepoint: 19595 ns, Total: 107337 ns
[2025-01-18T05:00:14.369+0000][79][info ][safepoint   ] Safepoint "Cleanup", Time since last: 4155145225 ns, Reaching safepoint: 15621 ns, Cleanup: 13091 ns, At safepoint: 8631 ns, Total: 37343 ns
[2025-01-18T05:00:16.263+0000][79][info ][safepoint   ] Safepoint "Cleanup", Time since last: 1894384057 ns, Reaching safepoint: 14452 ns, Cleanup: 10768 ns, At safepoint: 17969 ns, Total: 43189 ns
[2025-01-18T05:00:24.279+0000][79][info ][safepoint   ] Safepoint "Cleanup", Time since last: 8015377468 ns, Reaching safepoint: 40620 ns, Cleanup: 19095 ns, At safepoint: 48773 ns, Total: 108488 ns
[2025-01-18T05:00:27.327+0000][79][info ][safepoint   ] Safepoint "Cleanup", Time since last: 3047780261 ns, Reaching safepoint: 14769 ns, Cleanup: 10126 ns, At safepoint: 7413 ns, Total: 32308 ns
[2025-01-18T05:00:32.345+0000][79][info ][safepoint   ] Safepoint "Cleanup", Time since last: 5018824658 ns, Reaching safepoint: 11567 ns, Cleanup: 7769 ns, At safepoint: 36800 ns, Total: 56136 ns
[2025-01-18T05:00:35.369+0000][79][info ][safepoint   ] Safepoint "Cleanup", Time since last: 3023551987 ns, Reaching safepoint: 41070 ns, Cleanup: 29895 ns, At safepoint: 10856 ns, Total: 81821 ns
[2025-01-18T05:00:50.361+0000][79][info ][safepoint   ] Safepoint "Cleanup", Time since last: 14994671807 ns, Reaching safepoint: 15343 ns, Cleanup: 10941 ns, At safepoint: 7484 ns, Total: 33768 ns
[2025-01-18T05:00:51.506+0000][79][info ][safepoint   ] Safepoint "Cleanup", Time since last: 1145690951 ns, Reaching safepoint: 17196 ns, Cleanup: 17390 ns, At safepoint: 9488 ns, Total: 44074 ns
[2025-01-18T05:01:08.349+0000][79][info ][safepoint   ] Safepoint "Cleanup", Time since last: 16842585279 ns, Reaching safepoint: 10653 ns, Cleanup: 9125 ns, At safepoint: 4446 ns, Total: 24224 ns
[2025-01-18T05:01:11.669+0000][79][info ][safepoint   ] Safepoint "Cleanup", Time since last: 3321668472 ns, Reaching safepoint: 52719 ns, Cleanup: 23417 ns, At safepoint: 13972 ns, Total: 90108 ns
[2025-01-18T05:01:14.391+0000][79][info ][safepoint   ] Safepoint "Cleanup", Time since last: 2721255681 ns, Reaching safepoint: 11662 ns, Cleanup: 6742 ns, At safepoint: 5924 ns, Total: 24328 ns
[2025-01-18T05:01:20.551+0000][79][info ][safepoint   ] Safepoint "Cleanup", Time since last: 6160066608 ns, Reaching safepoint: 18410 ns, Cleanup: 13956 ns, At safepoint: 8871 ns, Total: 41237 ns
[2025-01-18T05:01:21.763+0000][79][info ][safepoint   ] Safepoint "Cleanup", Time since last: 1212423241 ns, Reaching safepoint: 29890 ns, Cleanup: 15066 ns, At safepoint: 5998 ns, Total: 50954 ns
[2025-01-18T05:01:38.374+0000][79][info ][safepoint   ] Safepoint "Cleanup", Time since last: 16610273308 ns, Reaching safepoint: 102278 ns, Cleanup: 8347 ns, At safepoint: 44879 ns, Total: 155504 ns
[2025-01-18T05:01:39.883+0000][79][info ][safepoint   ] Safepoint "Cleanup", Time since last: 1512079668 ns, Reaching safepoint: 57958 ns, Cleanup: 38128 ns, At safepoint: 16476 ns, Total: 112562 ns
[2025-01-18T05:03:08.378+0000][79][info ][safepoint   ] Safepoint "Cleanup", Time since last: 88499578016 ns, Reaching safepoint: 26125 ns, Cleanup: 10655 ns, At safepoint: 19765 ns, Total: 56545 ns
[2025-01-18T05:03:20.456+0000][79][info ][safepoint   ] Safepoint "Cleanup", Time since last: 12079782023 ns, Reaching safepoint: 12177 ns, Cleanup: 8032 ns, At safepoint: 18084 ns, Total: 38293 ns
[2025-01-18T05:03:25.498+0000][79][info ][safepoint   ] Safepoint "Cleanup", Time since last: 5040992795 ns, Reaching safepoint: 48870 ns, Cleanup: 24929 ns, At safepoint: 10948 ns, Total: 84747 ns
[2025-01-18T05:03:35.573+0000][79][info ][safepoint   ] Safepoint "Cleanup", Time since last: 10075572853 ns, Reaching safepoint: 74020 ns, Cleanup: 20115 ns, At safepoint: 8915 ns, Total: 103050 ns
[2025-01-18T05:04:14.376+0000][79][info ][safepoint   ] Safepoint "Cleanup", Time since last: 38807425069 ns, Reaching safepoint: 16193 ns, Cleanup: 9548 ns, At safepoint: 18822 ns, Total: 44563 ns
[2025-01-18T05:04:34.984+0000][79][info ][safepoint   ] Safepoint "Cleanup", Time since last: 20607886067 ns, Reaching safepoint: 60393 ns, Cleanup: 23213 ns, At safepoint: 12983 ns, Total: 96589 ns
[2025-01-18T05:04:48.051+0000][79][info ][safepoint   ] Safepoint "Cleanup", Time since last: 13069480202 ns, Reaching safepoint: 29565 ns, Cleanup: 14598 ns, At safepoint: 28147 ns, Total: 72310 ns
[2025-01-18T05:05:26.794+0000][79][info ][safepoint   ] Safepoint "Cleanup", Time since last: 38745101739 ns, Reaching safepoint: 11906 ns, Cleanup: 10429 ns, At safepoint: 17466 ns, Total: 39801 ns
[2025-01-18T05:05:35.361+0000][79][info ][safepoint   ] Safepoint "Cleanup", Time since last: 8567249766 ns, Reaching safepoint: 42146 ns, Cleanup: 10951 ns, At safepoint: 5705 ns, Total: 58802 ns
[2025-01-18T05:05:38.362+0000][79][info ][safepoint   ] Safepoint "Cleanup", Time since last: 3000933128 ns, Reaching safepoint: 37967 ns, Cleanup: 16692 ns, At safepoint: 64232 ns, Total: 118891 ns
[2025-01-18T05:05:47.454+0000][79][info ][safepoint   ] Safepoint "Cleanup", Time since last: 9093557352 ns, Reaching safepoint: 81630 ns, Cleanup: 22202 ns, At safepoint: 12719 ns, Total: 116551 ns
[2025-01-18T05:05:50.386+0000][79][info ][safepoint   ] Safepoint "Cleanup", Time since last: 2931736043 ns, Reaching safepoint: 9795 ns, Cleanup: 6864 ns, At safepoint: 16508 ns, Total: 33167 ns
[2025-01-18T05:06:22.715+0000][79][info ][safepoint   ] Safepoint "Cleanup", Time since last: 32332431460 ns, Reaching safepoint: 28696 ns, Cleanup: 14242 ns, At safepoint: 5642 ns, Total: 48580 ns
[2025-01-18T05:06:34.802+0000][79][info ][safepoint   ] Safepoint "Cleanup", Time since last: 12086993554 ns, Reaching safepoint: 27432 ns, Cleanup: 13720 ns, At safepoint: 6249 ns, Total: 47401 ns
[2025-01-18T05:06:56.434+0000][79][info ][gc,start    ] GC(22) Pause Young (Normal) (G1 Evacuation Pause)
[2025-01-18T05:06:56.435+0000][79][info ][gc,task     ] GC(22) Using 18 workers of 18 for evacuation
[2025-01-18T05:06:56.436+0000][79][debug][gc,age      ] GC(22) Desired survivor size 134217728 bytes, new threshold 15 (max threshold 15)
[2025-01-18T05:06:56.500+0000][79][info ][gc,phases   ] GC(22)   Pre Evacuate Collection Set: 5.5ms
[2025-01-18T05:06:56.500+0000][79][info ][gc,phases   ] GC(22)   Merge Heap Roots: 1.4ms
[2025-01-18T05:06:56.500+0000][79][info ][gc,phases   ] GC(22)   Evacuate Collection Set: 47.5ms
[2025-01-18T05:06:56.501+0000][79][info ][gc,phases   ] GC(22)   Post Evacuate Collection Set: 7.7ms
[2025-01-18T05:06:56.501+0000][79][info ][gc,phases   ] GC(22)   Other: 2.8ms
[2025-01-18T05:06:56.502+0000][79][trace][gc,age      ] GC(22) Age table with threshold 15 (max threshold 15)
[2025-01-18T05:06:56.502+0000][79][trace][gc,age      ] GC(22) - age   1:    2174744 bytes,    2174744 total
[2025-01-18T05:06:56.503+0000][79][trace][gc,age      ] GC(22) - age   2:     577744 bytes,    2752488 total
[2025-01-18T05:06:56.503+0000][79][trace][gc,age      ] GC(22) - age   3:     100360 bytes,    2852848 total
[2025-01-18T05:06:56.504+0000][79][trace][gc,age      ] GC(22) - age   4:     434664 bytes,    3287512 total
[2025-01-18T05:06:56.504+0000][79][trace][gc,age      ] GC(22) - age   5:     180224 bytes,    3467736 total
[2025-01-18T05:06:56.504+0000][79][trace][gc,age      ] GC(22) - age   6:      41856 bytes,    3509592 total
[2025-01-18T05:06:56.505+0000][79][trace][gc,age      ] GC(22) - age   7:    1314504 bytes,    4824096 total
[2025-01-18T05:06:56.505+0000][79][trace][gc,age      ] GC(22) - age   8:     933176 bytes,    5757272 total
[2025-01-18T05:06:56.505+0000][79][info ][gc,heap     ] GC(22) Eden regions: 506->0(506)
[2025-01-18T05:06:56.506+0000][79][info ][gc,heap     ] GC(22) Survivor regions: 2->2(64)
[2025-01-18T05:06:56.506+0000][79][info ][gc,heap     ] GC(22) Old regions: 31->31
[2025-01-18T05:06:56.507+0000][79][info ][gc,heap     ] GC(22) Humongous regions: 4->4
[2025-01-18T05:06:56.507+0000][79][info ][gc,metaspace] GC(22) Metaspace: 151439K(155328K)->151439K(155328K) NonClass: 131460K(133504K)->131460K(133504K) Class: 19978K(21824K)->19978K(21824K)
[2025-01-18T05:06:56.508+0000][79][info ][gc          ] GC(22) Pause Young (Normal) (G1 Evacuation Pause) 2167M->142M(3392M) 74.404ms
[2025-01-18T05:06:56.509+0000][79][info ][gc,cpu      ] GC(22) User=0.45s Sys=0.00s Real=0.08s
[2025-01-18T05:06:56.509+0000][79][info ][safepoint   ] Safepoint "G1CollectForAllocation", Time since last: 21631026458 ns, Reaching safepoint: 13896 ns, Cleanup: 3692 ns, At safepoint: 77202423 ns, Total: 77220011 ns
[2025-01-18T05:07:35.197+0000][79][info ][safepoint   ] Safepoint "Cleanup", Time since last: 38690190773 ns, Reaching safepoint: 112734 ns, Cleanup: 26816 ns, At safepoint: 22580 ns, Total: 162130 ns
[2025-01-18T05:08:38.388+0000][79][info ][safepoint   ] Safepoint "Cleanup", Time since last: 63194316648 ns, Reaching safepoint: 17871 ns, Cleanup: 7651 ns, At safepoint: 16823 ns, Total: 42345 ns
[2025-01-18T05:09:05.777+0000][79][info ][safepoint   ] Safepoint "Cleanup", Time since last: 27391733418 ns, Reaching safepoint: 107613 ns, Cleanup: 26990 ns, At safepoint: 20320 ns, Total: 154923 ns
[2025-01-18T05:09:22.894+0000][79][info ][safepoint   ] Safepoint "Cleanup", Time since last: 17118893207 ns, Reaching safepoint: 28694 ns, Cleanup: 12416 ns, At safepoint: 5997 ns, Total: 47107 ns
[2025-01-18T05:09:34.999+0000][79][info ][safepoint   ] Safepoint "Cleanup", Time since last: 12105417887 ns, Reaching safepoint: 70689 ns, Cleanup: 28367 ns, At safepoint: 13604 ns, Total: 112660 ns
[2025-01-18T05:09:39.034+0000][79][info ][safepoint   ] Safepoint "Cleanup", Time since last: 4034313430 ns, Reaching safepoint: 21172 ns, Cleanup: 18934 ns, At safepoint: 44009 ns, Total: 84115 ns
[2025-01-18T05:09:57.162+0000][79][info ][safepoint   ] Safepoint "Cleanup", Time since last: 18130386033 ns, Reaching safepoint: 42124 ns, Cleanup: 14771 ns, At safepoint: 9507 ns, Total: 66402 ns
[2025-01-18T05:10:38.650+0000][79][info ][safepoint   ] Safepoint "Cleanup", Time since last: 41490350993 ns, Reaching safepoint: 169787 ns, Cleanup: 12269 ns, At safepoint: 36249 ns, Total: 218305 ns
[2025-01-18T05:10:50.395+0000][79][info ][safepoint   ] Safepoint "Cleanup", Time since last: 11746895737 ns, Reaching safepoint: 19692 ns, Cleanup: 6874 ns, At safepoint: 5140 ns, Total: 31706 ns
[2025-01-18T05:11:54.888+0000][79][info ][safepoint   ] Safepoint "Cleanup", Time since last: 64497784229 ns, Reaching safepoint: 47978 ns, Cleanup: 10887 ns, At safepoint: 6910 ns, Total: 65775 ns
[2025-01-18T05:12:15.026+0000][79][info ][safepoint   ] Safepoint "Cleanup", Time since last: 20140735349 ns, Reaching safepoint: 11709 ns, Cleanup: 8499 ns, At safepoint: 4940 ns, Total: 25148 ns
[2025-01-18T05:12:24.062+0000][79][info ][safepoint   ] Safepoint "Cleanup", Time since last: 9035804818 ns, Reaching safepoint: 54664 ns, Cleanup: 106249 ns, At safepoint: 19060 ns, Total: 179973 ns
[2025-01-18T05:12:36.117+0000][79][info ][safepoint   ] Safepoint "Cleanup", Time since last: 12054485748 ns, Reaching safepoint: 58573 ns, Cleanup: 27597 ns, At safepoint: 18214 ns, Total: 104384 ns
[2025-01-18T05:12:51.169+0000][79][info ][safepoint   ] Safepoint "Cleanup", Time since last: 15053914128 ns, Reaching safepoint: 17182 ns, Cleanup: 13069 ns, At safepoint: 34760 ns, Total: 65011 ns
[2025-01-18T05:12:56.187+0000][79][info ][safepoint   ] Safepoint "Cleanup", Time since last: 5018367704 ns, Reaching safepoint: 67591 ns, Cleanup: 15563 ns, At safepoint: 6502 ns, Total: 89656 ns
[2025-01-18T05:12:57.198+0000][79][info ][safepoint   ] Safepoint "Cleanup", Time since last: 1010159890 ns, Reaching safepoint: 19635 ns, Cleanup: 81913 ns, At safepoint: 41366 ns, Total: 142914 ns
[2025-01-18T05:13:35.429+0000][79][info ][safepoint   ] Safepoint "Cleanup", Time since last: 38233655247 ns, Reaching safepoint: 66029 ns, Cleanup: 28643 ns, At safepoint: 17299 ns, Total: 111971 ns
[2025-01-18T05:13:44.382+0000][79][info ][safepoint   ] Safepoint "Cleanup", Time since last: 8955213173 ns, Reaching safepoint: 15576 ns, Cleanup: 8308 ns, At safepoint: 4691 ns, Total: 28575 ns
[2025-01-18T05:13:45.507+0000][79][info ][safepoint   ] Safepoint "Cleanup", Time since last: 1124706819 ns, Reaching safepoint: 12004 ns, Cleanup: 15549 ns, At safepoint: 16684 ns, Total: 44237 ns
[2025-01-18T05:13:56.574+0000][79][info ][safepoint   ] Safepoint "Cleanup", Time since last: 11066931144 ns, Reaching safepoint: 25171 ns, Cleanup: 14658 ns, At safepoint: 10383 ns, Total: 50212 ns
[2025-01-18T05:14:26.386+0000][79][info ][safepoint   ] Safepoint "Cleanup", Time since last: 29814008241 ns, Reaching safepoint: 15727 ns, Cleanup: 7263 ns, At safepoint: 17612 ns, Total: 40602 ns
[2025-01-18T05:14:44.402+0000][79][info ][safepoint   ] Safepoint "Cleanup", Time since last: 18018756558 ns, Reaching safepoint: 22364 ns, Cleanup: 15420 ns, At safepoint: 38057 ns, Total: 75841 ns
[2025-01-18T05:14:45.798+0000][79][info ][safepoint   ] Safepoint "Cleanup", Time since last: 1395542052 ns, Reaching safepoint: 52838 ns, Cleanup: 24451 ns, At safepoint: 9950 ns, Total: 87239 ns
[2025-01-18T05:14:56.415+0000][79][info ][safepoint   ] Safepoint "Cleanup", Time since last: 10616696284 ns, Reaching safepoint: 22625 ns, Cleanup: 10685 ns, At safepoint: 8393 ns, Total: 41703 ns
[2025-01-18T05:14:57.847+0000][79][info ][safepoint   ] Safepoint "Cleanup", Time since last: 1431863544 ns, Reaching safepoint: 55821 ns, Cleanup: 28261 ns, At safepoint: 17745 ns, Total: 101827 ns
[2025-01-18T05:15:17.906+0000][79][info ][safepoint   ] Safepoint "Cleanup", Time since last: 20061823871 ns, Reaching safepoint: 38672 ns, Cleanup: 18036 ns, At safepoint: 9948 ns, Total: 66656 ns
[2025-01-18T05:15:23.395+0000][79][info ][safepoint   ] Safepoint "Cleanup", Time since last: 5488916522 ns, Reaching safepoint: 9874 ns, Cleanup: 6724 ns, At safepoint: 4333 ns, Total: 20931 ns
[2025-01-18T05:15:24.985+0000][79][info ][safepoint   ] Safepoint "Cleanup", Time since last: 1590679975 ns, Reaching safepoint: 50883 ns, Cleanup: 30998 ns, At safepoint: 13911 ns, Total: 95792 ns
[2025-01-18T05:15:32.400+0000][79][info ][safepoint   ] Safepoint "Cleanup", Time since last: 7414639058 ns, Reaching safepoint: 23492 ns, Cleanup: 17830 ns, At safepoint: 8886 ns, Total: 50208 ns
[2025-01-18T05:15:56.403+0000][79][info ][safepoint   ] Safepoint "Cleanup", Time since last: 24003714896 ns, Reaching safepoint: 9308 ns, Cleanup: 8903 ns, At safepoint: 19442 ns, Total: 37653 ns
[2025-01-18T05:15:58.170+0000][79][info ][safepoint   ] Safepoint "Cleanup", Time since last: 1767528127 ns, Reaching safepoint: 95419 ns, Cleanup: 27241 ns, At safepoint: 17163 ns, Total: 139823 ns
[2025-01-18T05:17:14.386+0000][79][info ][safepoint   ] Safepoint "Cleanup", Time since last: 76222406145 ns, Reaching safepoint: 41831 ns, Cleanup: 18015 ns, At safepoint: 38205 ns, Total: 98051 ns
[2025-01-18T05:17:26.401+0000][79][info ][safepoint   ] Safepoint "Cleanup", Time since last: 12015195139 ns, Reaching safepoint: 19315 ns, Cleanup: 12337 ns, At safepoint: 37765 ns, Total: 69417 ns
[2025-01-18T05:17:27.689+0000][79][info ][safepoint   ] Safepoint "Cleanup", Time since last: 1287560672 ns, Reaching safepoint: 24519 ns, Cleanup: 13954 ns, At safepoint: 5526 ns, Total: 43999 ns
[2025-01-18T05:17:34.711+0000][79][info ][safepoint   ] Safepoint "Cleanup", Time since last: 7021810125 ns, Reaching safepoint: 85856 ns, Cleanup: 31355 ns, At safepoint: 12164 ns, Total: 129375 ns
[2025-01-18T05:17:50.619+0000][79][info ][safepoint   ] Safepoint "Cleanup", Time since last: 15910483618 ns, Reaching safepoint: 43980 ns, Cleanup: 11617 ns, At safepoint: 47442 ns, Total: 103039 ns
[2025-01-18T05:17:51.780+0000][79][info ][safepoint   ] Safepoint "Cleanup", Time since last: 1160560792 ns, Reaching safepoint: 28727 ns, Cleanup: 14204 ns, At safepoint: 6092 ns, Total: 49023 ns
[2025-01-18T05:17:56.388+0000][79][info ][safepoint   ] Safepoint "Cleanup", Time since last: 4608064444 ns, Reaching safepoint: 102713 ns, Cleanup: 10829 ns, At safepoint: 46158 ns, Total: 159700 ns
[2025-01-18T05:18:08.398+0000][79][info ][safepoint   ] Safepoint "Cleanup", Time since last: 12009998517 ns, Reaching safepoint: 50619 ns, Cleanup: 6607 ns, At safepoint: 40561 ns, Total: 97787 ns
[2025-01-18T05:18:09.863+0000][79][info ][safepoint   ] Safepoint "Cleanup", Time since last: 1466726475 ns, Reaching safepoint: 58277 ns, Cleanup: 26907 ns, At safepoint: 17493 ns, Total: 102677 ns
[2025-01-18T05:18:26.405+0000][79][info ][safepoint   ] Safepoint "Cleanup", Time since last: 16542044049 ns, Reaching safepoint: 17263 ns, Cleanup: 13698 ns, At safepoint: 9552 ns, Total: 40513 ns
[2025-01-18T05:18:34.948+0000][79][info ][safepoint   ] Safepoint "Cleanup", Time since last: 8543301887 ns, Reaching safepoint: 58109 ns, Cleanup: 16023 ns, At safepoint: 8106 ns, Total: 82238 ns
[2025-01-18T05:18:52.005+0000][79][info ][safepoint   ] Safepoint "Cleanup", Time since last: 17058918632 ns, Reaching safepoint: 44442 ns, Cleanup: 21658 ns, At safepoint: 10838 ns, Total: 76938 ns
[2025-01-18T05:18:56.409+0000][79][info ][safepoint   ] Safepoint "Cleanup", Time since last: 4404169355 ns, Reaching safepoint: 16967 ns, Cleanup: 9563 ns, At safepoint: 8837 ns, Total: 35367 ns
[2025-01-18T05:19:35.141+0000][79][info ][safepoint   ] Safepoint "Cleanup", Time since last: 38733362902 ns, Reaching safepoint: 26642 ns, Cleanup: 15667 ns, At safepoint: 6030 ns, Total: 48339 ns
[2025-01-18T05:19:51.256+0000][79][info ][safepoint   ] Safepoint "Cleanup", Time since last: 16116837284 ns, Reaching safepoint: 114424 ns, Cleanup: 12347 ns, At safepoint: 60802 ns, Total: 187573 ns
[2025-01-18T05:20:23.444+0000][79][info ][safepoint   ] Safepoint "Cleanup", Time since last: 32190388072 ns, Reaching safepoint: 28215 ns, Cleanup: 13611 ns, At safepoint: 6278 ns, Total: 48104 ns
[2025-01-18T05:20:26.409+0000][79][info ][safepoint   ] Safepoint "Cleanup", Time since last: 2964612496 ns, Reaching safepoint: 10906 ns, Cleanup: 7136 ns, At safepoint: 18523 ns, Total: 36565 ns
[2025-01-18T05:20:32.174+0000][79][info ][safepoint   ] Safepoint "Cleanup", Time since last: 5764703536 ns, Reaching safepoint: 15641 ns, Cleanup: 10712 ns, At safepoint: 7677 ns, Total: 34030 ns
[2025-01-18T05:20:33.505+0000][79][info ][safepoint   ] Safepoint "Cleanup", Time since last: 1331359679 ns, Reaching safepoint: 33010 ns, Cleanup: 17149 ns, At safepoint: 6362 ns, Total: 56521 ns
[2025-01-18T05:20:35.528+0000][79][info ][safepoint   ] Safepoint "Cleanup", Time since last: 2022889979 ns, Reaching safepoint: 66702 ns, Cleanup: 25829 ns, At safepoint: 15063 ns, Total: 107594 ns
[2025-01-18T05:20:47.659+0000][79][info ][safepoint   ] Safepoint "Cleanup", Time since last: 12133984520 ns, Reaching safepoint: 26206 ns, Cleanup: 13848 ns, At safepoint: 5845 ns, Total: 45899 ns
[2025-01-18T05:20:50.397+0000][79][info ][safepoint   ] Safepoint "Cleanup", Time since last: 2736931867 ns, Reaching safepoint: 96796 ns, Cleanup: 10094 ns, At safepoint: 33393 ns, Total: 140283 ns
[2025-01-18T05:21:34.937+0000][79][info ][safepoint   ] Safepoint "Cleanup", Time since last: 44542832895 ns, Reaching safepoint: 61703 ns, Cleanup: 28534 ns, At safepoint: 6200 ns, Total: 96437 ns
[2025-01-18T05:22:14.403+0000][79][info ][safepoint   ] Safepoint "Cleanup", Time since last: 39469690802 ns, Reaching safepoint: 265730 ns, Cleanup: 6783 ns, At safepoint: 49746 ns, Total: 322259 ns
[2025-01-18T05:22:35.158+0000][79][info ][safepoint   ] Safepoint "Cleanup", Time since last: 20755049326 ns, Reaching safepoint: 104564 ns, Cleanup: 33968 ns, At safepoint: 7553 ns, Total: 146085 ns
[2025-01-18T05:22:42.182+0000][79][info ][safepoint   ] Safepoint "Cleanup", Time since last: 7024705515 ns, Reaching safepoint: 49547 ns, Cleanup: 13569 ns, At safepoint: 7657 ns, Total: 70773 ns
[2025-01-18T05:22:44.402+0000][79][info ][safepoint   ] Safepoint "Cleanup", Time since last: 2220040689 ns, Reaching safepoint: 11118 ns, Cleanup: 7988 ns, At safepoint: 4605 ns, Total: 23711 ns
[2025-01-18T05:22:56.404+0000][79][info ][safepoint   ] Safepoint "Cleanup", Time since last: 12002613824 ns, Reaching safepoint: 11978 ns, Cleanup: 37728 ns, At safepoint: 5863 ns, Total: 55569 ns
[2025-01-18T05:22:56.549+0000][79][info ][gc,start    ] GC(23) Pause Young (Normal) (G1 Evacuation Pause)
[2025-01-18T05:22:56.550+0000][79][info ][gc,task     ] GC(23) Using 18 workers of 18 for evacuation
[2025-01-18T05:22:56.550+0000][79][debug][gc,age      ] GC(23) Desired survivor size 134217728 bytes, new threshold 15 (max threshold 15)
[2025-01-18T05:22:56.584+0000][79][info ][gc,phases   ] GC(23)   Pre Evacuate Collection Set: 3.3ms
[2025-01-18T05:22:56.585+0000][79][info ][gc,phases   ] GC(23)   Merge Heap Roots: 1.1ms
[2025-01-18T05:22:56.585+0000][79][info ][gc,phases   ] GC(23)   Evacuate Collection Set: 25.1ms
[2025-01-18T05:22:56.586+0000][79][info ][gc,phases   ] GC(23)   Post Evacuate Collection Set: 3.6ms
[2025-01-18T05:22:56.586+0000][79][info ][gc,phases   ] GC(23)   Other: 1.2ms
[2025-01-18T05:22:56.587+0000][79][trace][gc,age      ] GC(23) Age table with threshold 15 (max threshold 15)
[2025-01-18T05:22:56.587+0000][79][trace][gc,age      ] GC(23) - age   1:    1943968 bytes,    1943968 total
[2025-01-18T05:22:56.587+0000][79][trace][gc,age      ] GC(23) - age   2:     962256 bytes,    2906224 total
[2025-01-18T05:22:56.588+0000][79][trace][gc,age      ] GC(23) - age   3:     574776 bytes,    3481000 total
[2025-01-18T05:22:56.588+0000][79][trace][gc,age      ] GC(23) - age   4:     100240 bytes,    3581240 total
[2025-01-18T05:22:56.588+0000][79][trace][gc,age      ] GC(23) - age   5:     434296 bytes,    4015536 total
[2025-01-18T05:22:56.589+0000][79][trace][gc,age      ] GC(23) - age   6:     179600 bytes,    4195136 total
[2025-01-18T05:22:56.589+0000][79][trace][gc,age      ] GC(23) - age   7:      41368 bytes,    4236504 total
[2025-01-18T05:22:56.590+0000][79][trace][gc,age      ] GC(23) - age   8:    1314424 bytes,    5550928 total
[2025-01-18T05:22:56.590+0000][79][trace][gc,age      ] GC(23) - age   9:     932824 bytes,    6483752 total
[2025-01-18T05:22:56.591+0000][79][info ][gc,heap     ] GC(23) Eden regions: 506->0(506)
[2025-01-18T05:22:56.592+0000][79][info ][gc,heap     ] GC(23) Survivor regions: 2->2(64)
[2025-01-18T05:22:56.592+0000][79][info ][gc,heap     ] GC(23) Old regions: 31->31
[2025-01-18T05:22:56.593+0000][79][info ][gc,heap     ] GC(23) Humongous regions: 4->4
[2025-01-18T05:22:56.593+0000][79][info ][gc,metaspace] GC(23) Metaspace: 151631K(155584K)->151631K(155584K) NonClass: 131653K(133760K)->131653K(133760K) Class: 19978K(21824K)->19978K(21824K)
[2025-01-18T05:22:56.594+0000][79][info ][gc          ] GC(23) Pause Young (Normal) (G1 Evacuation Pause) 2166M->143M(3392M) 44.569ms
[2025-01-18T05:22:56.594+0000][79][info ][gc,cpu      ] GC(23) User=0.23s Sys=0.00s Real=0.04s
[2025-01-18T05:22:56.595+0000][79][info ][safepoint   ] Safepoint "G1CollectForAllocation", Time since last: 144338558 ns, Reaching safepoint: 24026 ns, Cleanup: 4955 ns, At safepoint: 45875265 ns, Total: 45904246 ns
[2025-01-18T05:23:14.411+0000][79][info ][safepoint   ] Safepoint "Cleanup", Time since last: 17819461654 ns, Reaching safepoint: 38269 ns, Cleanup: 7440 ns, At safepoint: 19286 ns, Total: 64995 ns
[2025-01-18T05:23:51.563+0000][79][info ][safepoint   ] Safepoint "Cleanup", Time since last: 37152964047 ns, Reaching safepoint: 31647 ns, Cleanup: 12348 ns, At safepoint: 12781 ns, Total: 56776 ns
[2025-01-18T05:23:52.565+0000][79][info ][safepoint   ] Safepoint "Cleanup", Time since last: 1002217815 ns, Reaching safepoint: 24914 ns, Cleanup: 15367 ns, At safepoint: 44846 ns, Total: 85127 ns
[2025-01-18T05:24:34.785+0000][79][info ][safepoint   ] Safepoint "Cleanup", Time since last: 42222281724 ns, Reaching safepoint: 28506 ns, Cleanup: 12849 ns, At safepoint: 5730 ns, Total: 47085 ns
[2025-01-18T05:24:54.853+0000][79][info ][safepoint   ] Safepoint "Cleanup", Time since last: 20070546223 ns, Reaching safepoint: 194906 ns, Cleanup: 26337 ns, At safepoint: 7772 ns, Total: 229015 ns
[2025-01-18T05:25:35.166+0000][79][info ][safepoint   ] Safepoint "Cleanup", Time since last: 40314116320 ns, Reaching safepoint: 26059 ns, Cleanup: 16988 ns, At safepoint: 5663 ns, Total: 48710 ns
[2025-01-18T05:27:34.654+0000][79][info ][safepoint   ] Safepoint "Cleanup", Time since last: 119496200166 ns, Reaching safepoint: 95913 ns, Cleanup: 36929 ns, At safepoint: 7160 ns, Total: 140002 ns
[2025-01-18T05:27:50.412+0000][79][info ][safepoint   ] Safepoint "Cleanup", Time since last: 15759606156 ns, Reaching safepoint: 24876 ns, Cleanup: 10726 ns, At safepoint: 28040 ns, Total: 63642 ns
[2025-01-18T05:28:32.398+0000][79][info ][safepoint   ] Safepoint "Cleanup", Time since last: 41988176406 ns, Reaching safepoint: 12446 ns, Cleanup: 8643 ns, At safepoint: 4611 ns, Total: 25700 ns
[2025-01-18T05:28:34.926+0000][79][info ][safepoint   ] Safepoint "Cleanup", Time since last: 2528497732 ns, Reaching safepoint: 93814 ns, Cleanup: 17664 ns, At safepoint: 6780 ns, Total: 118258 ns
[2025-01-18T05:28:51.022+0000][79][info ][safepoint   ] Safepoint "Cleanup", Time since last: 16097167942 ns, Reaching safepoint: 40129 ns, Cleanup: 12524 ns, At safepoint: 19378 ns, Total: 72031 ns
[2025-01-18T05:28:55.032+0000][79][info ][safepoint   ] Safepoint "Cleanup", Time since last: 4009729166 ns, Reaching safepoint: 28347 ns, Cleanup: 13805 ns, At safepoint: 5672 ns, Total: 47824 ns
[2025-01-18T05:29:24.144+0000][79][info ][safepoint   ] Safepoint "Cleanup", Time since last: 29114465984 ns, Reaching safepoint: 59366 ns, Cleanup: 11577 ns, At safepoint: 54234 ns, Total: 125177 ns
[2025-01-18T05:29:35.205+0000][79][info ][safepoint   ] Safepoint "Cleanup", Time since last: 11061031430 ns, Reaching safepoint: 42253 ns, Cleanup: 26152 ns, At safepoint: 11781 ns, Total: 80186 ns
[2025-01-18T05:30:14.414+0000][79][info ][safepoint   ] Safepoint "Cleanup", Time since last: 39213903641 ns, Reaching safepoint: 16957 ns, Cleanup: 10898 ns, At safepoint: 9252 ns, Total: 37107 ns
[2025-01-18T05:30:15.428+0000][79][info ][safepoint   ] Safepoint "Cleanup", Time since last: 1013758828 ns, Reaching safepoint: 29187 ns, Cleanup: 14357 ns, At safepoint: 6594 ns, Total: 50138 ns
[2025-01-18T05:30:29.594+0000][79][info ][safepoint   ] Safepoint "Cleanup", Time since last: 14165520823 ns, Reaching safepoint: 69733 ns, Cleanup: 44617 ns, At safepoint: 17552 ns, Total: 131902 ns
[2025-01-18T05:30:32.610+0000][79][info ][safepoint   ] Safepoint "Cleanup", Time since last: 3016097682 ns, Reaching safepoint: 10936 ns, Cleanup: 8964 ns, At safepoint: 4283 ns, Total: 24183 ns
[2025-01-18T05:30:44.424+0000][79][info ][safepoint   ] Safepoint "Cleanup", Time since last: 11815512170 ns, Reaching safepoint: 18429 ns, Cleanup: 11974 ns, At safepoint: 9028 ns, Total: 39431 ns
[2025-01-18T05:31:08.567+0000][79][info ][safepoint   ] Safepoint "Cleanup", Time since last: 24143545892 ns, Reaching safepoint: 13582 ns, Cleanup: 8237 ns, At safepoint: 19075 ns, Total: 40894 ns
[2025-01-18T05:32:14.710+0000][79][info ][safepoint   ] Safepoint "Cleanup", Time since last: 66148650696 ns, Reaching safepoint: 26571 ns, Cleanup: 17793 ns, At safepoint: 8259 ns, Total: 52623 ns
[2025-01-18T05:32:26.417+0000][79][info ][safepoint   ] Safepoint "Cleanup", Time since last: 11706924807 ns, Reaching safepoint: 446905 ns, Cleanup: 7595 ns, At safepoint: 30497 ns, Total: 484997 ns
[2025-01-18T05:32:28.314+0000][79][info ][safepoint   ] Safepoint "Cleanup", Time since last: 1896647525 ns, Reaching safepoint: 40793 ns, Cleanup: 17509 ns, At safepoint: 6301 ns, Total: 64603 ns
[2025-01-18T05:32:32.412+0000][79][info ][safepoint   ] Safepoint "Cleanup", Time since last: 4097769841 ns, Reaching safepoint: 11298 ns, Cleanup: 7838 ns, At safepoint: 4495 ns, Total: 23631 ns
[2025-01-18T05:33:26.665+0000][79][info ][safepoint   ] Safepoint "Cleanup", Time since last: 54257438122 ns, Reaching safepoint: 18579 ns, Cleanup: 13332 ns, At safepoint: 8816 ns, Total: 40727 ns
[2025-01-18T05:33:34.714+0000][79][info ][safepoint   ] Safepoint "Cleanup", Time since last: 8048618820 ns, Reaching safepoint: 57696 ns, Cleanup: 27450 ns, At safepoint: 15880 ns, Total: 101026 ns
[2025-01-18T05:34:08.395+0000][79][info ][safepoint   ] Safepoint "Cleanup", Time since last: 33683000011 ns, Reaching safepoint: 10373 ns, Cleanup: 6438 ns, At safepoint: 16803 ns, Total: 33614 ns
[2025-01-18T05:34:11.918+0000][79][info ][safepoint   ] Safepoint "Cleanup", Time since last: 3524585111 ns, Reaching safepoint: 28201 ns, Cleanup: 13403 ns, At safepoint: 5909 ns, Total: 47513 ns
[2025-01-18T05:34:14.927+0000][79][info ][safepoint   ] Safepoint "Cleanup", Time since last: 3009368656 ns, Reaching safepoint: 11584 ns, Cleanup: 8444 ns, At safepoint: 17353 ns, Total: 37381 ns
[2025-01-18T05:34:22.958+0000][79][info ][safepoint   ] Safepoint "Cleanup", Time since last: 8030498363 ns, Reaching safepoint: 45104 ns, Cleanup: 23918 ns, At safepoint: 11889 ns, Total: 80911 ns
[2025-01-18T05:34:23.959+0000][79][info ][safepoint   ] Safepoint "Cleanup", Time since last: 1001202008 ns, Reaching safepoint: 24442 ns, Cleanup: 10962 ns, At safepoint: 5520 ns, Total: 40924 ns
[2025-01-18T05:34:34.983+0000][79][info ][safepoint   ] Safepoint "Cleanup", Time since last: 11023489036 ns, Reaching safepoint: 27003 ns, Cleanup: 13615 ns, At safepoint: 5697 ns, Total: 46315 ns
[2025-01-18T05:34:57.099+0000][79][info ][safepoint   ] Safepoint "Cleanup", Time since last: 22118601970 ns, Reaching safepoint: 13815 ns, Cleanup: 8592 ns, At safepoint: 4653 ns, Total: 27060 ns
[2025-01-18T05:35:20.614+0000][79][info ][safepoint   ] Safepoint "Cleanup", Time since last: 23516640035 ns, Reaching safepoint: 12403 ns, Cleanup: 7242 ns, At safepoint: 17301 ns, Total: 36946 ns
[2025-01-18T05:35:26.408+0000][79][info ][safepoint   ] Safepoint "Cleanup", Time since last: 5794439873 ns, Reaching safepoint: 106540 ns, Cleanup: 9582 ns, At safepoint: 57268 ns, Total: 173390 ns
[2025-01-18T05:35:28.266+0000][79][info ][safepoint   ] Safepoint "Cleanup", Time since last: 1857547665 ns, Reaching safepoint: 64295 ns, Cleanup: 16947 ns, At safepoint: 10572 ns, Total: 91814 ns
[2025-01-18T05:35:35.295+0000][79][info ][safepoint   ] Safepoint "Cleanup", Time since last: 7028555637 ns, Reaching safepoint: 26686 ns, Cleanup: 11768 ns, At safepoint: 5331 ns, Total: 43785 ns
[2025-01-18T05:35:37.027+0000][79][info ][safepoint   ] Safepoint "Cleanup", Time since last: 1731972267 ns, Reaching safepoint: 11344 ns, Cleanup: 6879 ns, At safepoint: 17664 ns, Total: 35887 ns
[2025-01-18T05:35:38.033+0000][79][info ][safepoint   ] Safepoint "Cleanup", Time since last: 1006586073 ns, Reaching safepoint: 27859 ns, Cleanup: 12455 ns, At safepoint: 5975 ns, Total: 46289 ns
[2025-01-18T05:35:39.330+0000][79][info ][safepoint   ] Safepoint "Cleanup", Time since last: 1296329337 ns, Reaching safepoint: 15756 ns, Cleanup: 9994 ns, At safepoint: 8055 ns, Total: 33805 ns
[2025-01-18T05:35:56.396+0000][79][info ][safepoint   ] Safepoint "Cleanup", Time since last: 17067613796 ns, Reaching safepoint: 11764 ns, Cleanup: 6017 ns, At safepoint: 17488 ns, Total: 35269 ns
[2025-01-18T05:35:57.407+0000][79][info ][safepoint   ] Safepoint "Cleanup", Time since last: 1010907394 ns, Reaching safepoint: 45482 ns, Cleanup: 16225 ns, At safepoint: 10973 ns, Total: 72680 ns
[2025-01-18T05:36:14.551+0000][79][info ][safepoint   ] Safepoint "Cleanup", Time since last: 17145795985 ns, Reaching safepoint: 18076 ns, Cleanup: 24840 ns, At safepoint: 5267 ns, Total: 48183 ns
[2025-01-18T05:36:20.393+0000][79][info ][safepoint   ] Safepoint "Cleanup", Time since last: 5842186511 ns, Reaching safepoint: 15339 ns, Cleanup: 8232 ns, At safepoint: 5010 ns, Total: 28581 ns
[2025-01-18T05:36:26.449+0000][79][info ][safepoint   ] Safepoint "Cleanup", Time since last: 6055645918 ns, Reaching safepoint: 199030 ns, Cleanup: 23512 ns, At safepoint: 88838 ns, Total: 311380 ns
[2025-01-18T05:36:27.606+0000][79][info ][safepoint   ] Safepoint "Cleanup", Time since last: 1156920932 ns, Reaching safepoint: 51863 ns, Cleanup: 34955 ns, At safepoint: 13028 ns, Total: 99846 ns
[2025-01-18T05:36:34.653+0000][79][info ][safepoint   ] Safepoint "Cleanup", Time since last: 7047302641 ns, Reaching safepoint: 26812 ns, Cleanup: 14467 ns, At safepoint: 5564 ns, Total: 46843 ns
[2025-01-18T05:36:56.423+0000][79][info ][safepoint   ] Safepoint "Cleanup", Time since last: 21771449215 ns, Reaching safepoint: 19098 ns, Cleanup: 19928 ns, At safepoint: 8812 ns, Total: 47838 ns
[2025-01-18T05:37:24.923+0000][79][info ][safepoint   ] Safepoint "Cleanup", Time since last: 28501546370 ns, Reaching safepoint: 40630 ns, Cleanup: 19096 ns, At safepoint: 10750 ns, Total: 70476 ns
[2025-01-18T05:37:50.428+0000][79][info ][safepoint   ] Safepoint "Cleanup", Time since last: 25507759342 ns, Reaching safepoint: 20532 ns, Cleanup: 9971 ns, At safepoint: 25432 ns, Total: 55935 ns
[2025-01-18T05:37:56.423+0000][79][info ][safepoint   ] Safepoint "Cleanup", Time since last: 5994701445 ns, Reaching safepoint: 14533 ns, Cleanup: 8997 ns, At safepoint: 6813 ns, Total: 30343 ns
[2025-01-18T05:38:21.349+0000][79][info ][safepoint   ] Safepoint "Cleanup", Time since last: 24928564023 ns, Reaching safepoint: 12332 ns, Cleanup: 29535 ns, At safepoint: 6824 ns, Total: 48691 ns
[2025-01-18T05:38:35.455+0000][79][info ][safepoint   ] Safepoint "Cleanup", Time since last: 14105337352 ns, Reaching safepoint: 57644 ns, Cleanup: 40247 ns, At safepoint: 16522 ns, Total: 114413 ns
[2025-01-18T05:38:44.517+0000][79][info ][safepoint   ] Safepoint "Cleanup", Time since last: 9063456250 ns, Reaching safepoint: 12983 ns, Cleanup: 8640 ns, At safepoint: 18206 ns, Total: 39829 ns
[2025-01-18T05:38:51.609+0000][79][info ][safepoint   ] Safepoint "Cleanup", Time since last: 7092076101 ns, Reaching safepoint: 55759 ns, Cleanup: 130446 ns, At safepoint: 18277 ns, Total: 204482 ns
[2025-01-18T05:39:02.400+0000][79][info ][gc,start    ] GC(24) Pause Young (Normal) (G1 Evacuation Pause)
[2025-01-18T05:39:02.402+0000][79][info ][gc,task     ] GC(24) Using 18 workers of 18 for evacuation
[2025-01-18T05:39:02.404+0000][79][debug][gc,age      ] GC(24) Desired survivor size 134217728 bytes, new threshold 15 (max threshold 15)
[2025-01-18T05:39:02.467+0000][79][info ][gc,phases   ] GC(24)   Pre Evacuate Collection Set: 6.3ms
[2025-01-18T05:39:02.468+0000][79][info ][gc,phases   ] GC(24)   Merge Heap Roots: 1.7ms
[2025-01-18T05:39:02.469+0000][79][info ][gc,phases   ] GC(24)   Evacuate Collection Set: 42.0ms
[2025-01-18T05:39:02.470+0000][79][info ][gc,phases   ] GC(24)   Post Evacuate Collection Set: 5.7ms
[2025-01-18T05:39:02.470+0000][79][info ][gc,phases   ] GC(24)   Other: 10.1ms
[2025-01-18T05:39:02.471+0000][79][trace][gc,age      ] GC(24) Age table with threshold 15 (max threshold 15)
[2025-01-18T05:39:02.472+0000][79][trace][gc,age      ] GC(24) - age   1:    1195072 bytes,    1195072 total
[2025-01-18T05:39:02.472+0000][79][trace][gc,age      ] GC(24) - age   2:      58720 bytes,    1253792 total
[2025-01-18T05:39:02.473+0000][79][trace][gc,age      ] GC(24) - age   3:     960952 bytes,    2214744 total
[2025-01-18T05:39:02.474+0000][79][trace][gc,age      ] GC(24) - age   4:     573112 bytes,    2787856 total
[2025-01-18T05:39:02.474+0000][79][trace][gc,age      ] GC(24) - age   5:     100096 bytes,    2887952 total
[2025-01-18T05:39:02.475+0000][79][trace][gc,age      ] GC(24) - age   6:     433112 bytes,    3321064 total
[2025-01-18T05:39:02.475+0000][79][trace][gc,age      ] GC(24) - age   7:     179600 bytes,    3500664 total
[2025-01-18T05:39:02.476+0000][79][trace][gc,age      ] GC(24) - age   8:      41368 bytes,    3542032 total
[2025-01-18T05:39:02.477+0000][79][trace][gc,age      ] GC(24) - age   9:    1313952 bytes,    4855984 total
[2025-01-18T05:39:02.477+0000][79][trace][gc,age      ] GC(24) - age  10:     931648 bytes,    5787632 total
[2025-01-18T05:39:02.478+0000][79][info ][gc,heap     ] GC(24) Eden regions: 506->0(506)
[2025-01-18T05:39:02.478+0000][79][info ][gc,heap     ] GC(24) Survivor regions: 2->2(64)
[2025-01-18T05:39:02.479+0000][79][info ][gc,heap     ] GC(24) Old regions: 31->31
[2025-01-18T05:39:02.480+0000][79][info ][gc,heap     ] GC(24) Humongous regions: 4->4
[2025-01-18T05:39:02.481+0000][79][info ][gc,metaspace] GC(24) Metaspace: 151698K(155648K)->151698K(155648K) NonClass: 131719K(133824K)->131719K(133824K) Class: 19978K(21824K)->19978K(21824K)
[2025-01-18T05:39:02.481+0000][79][info ][gc          ] GC(24) Pause Young (Normal) (G1 Evacuation Pause) 2167M->142M(3392M) 81.910ms
[2025-01-18T05:39:02.482+0000][79][info ][gc,cpu      ] GC(24) User=0.42s Sys=0.00s Real=0.08s
[2025-01-18T05:39:02.483+0000][79][info ][safepoint   ] Safepoint "G1CollectForAllocation", Time since last: 10788254521 ns, Reaching safepoint: 43957 ns, Cleanup: 6908 ns, At safepoint: 85881985 ns, Total: 85932850 ns
[2025-01-18T05:39:23.839+0000][79][info ][safepoint   ] Safepoint "Cleanup", Time since last: 21357726966 ns, Reaching safepoint: 29244 ns, Cleanup: 13740 ns, At safepoint: 5770 ns, Total: 48754 ns
[2025-01-18T05:39:26.643+0000][79][info ][safepoint   ] Safepoint "Cleanup", Time since last: 2804187597 ns, Reaching safepoint: 104582 ns, Cleanup: 13358 ns, At safepoint: 67496 ns, Total: 185436 ns
[2025-01-18T05:39:27.867+0000][79][info ][safepoint   ] Safepoint "Cleanup", Time since last: 1223190654 ns, Reaching safepoint: 204871 ns, Cleanup: 11643 ns, At safepoint: 6915 ns, Total: 223429 ns
[2025-01-18T05:40:14.423+0000][79][info ][safepoint   ] Safepoint "Cleanup", Time since last: 46560641509 ns, Reaching safepoint: 28864 ns, Cleanup: 153974 ns, At safepoint: 31686 ns, Total: 214524 ns
[2025-01-18T05:40:16.122+0000][79][info ][safepoint   ] Safepoint "Cleanup", Time since last: 1698900524 ns, Reaching safepoint: 44054 ns, Cleanup: 26055 ns, At safepoint: 10671 ns, Total: 80780 ns
[2025-01-18T05:40:21.138+0000][79][info ][safepoint   ] Safepoint "Cleanup", Time since last: 5015240327 ns, Reaching safepoint: 42096 ns, Cleanup: 13452 ns, At safepoint: 9761 ns, Total: 65309 ns
[2025-01-18T05:40:22.177+0000][79][info ][safepoint   ] Safepoint "Cleanup", Time since last: 1039796809 ns, Reaching safepoint: 20202 ns, Cleanup: 12534 ns, At safepoint: 35428 ns, Total: 68164 ns
[2025-01-18T05:40:26.652+0000][79][info ][safepoint   ] Safepoint "Cleanup", Time since last: 4473911563 ns, Reaching safepoint: 379396 ns, Cleanup: 9089 ns, At safepoint: 39611 ns, Total: 428096 ns
[2025-01-18T05:40:36.234+0000][79][info ][safepoint   ] Safepoint "Cleanup", Time since last: 9582155240 ns, Reaching safepoint: 113528 ns, Cleanup: 27599 ns, At safepoint: 24924 ns, Total: 166051 ns
[2025-01-18T05:40:56.410+0000][79][info ][safepoint   ] Safepoint "Cleanup", Time since last: 20177349959 ns, Reaching safepoint: 38785 ns, Cleanup: 8173 ns, At safepoint: 19566 ns, Total: 66524 ns
[2025-01-18T05:40:58.370+0000][79][info ][safepoint   ] Safepoint "Cleanup", Time since last: 1959169857 ns, Reaching safepoint: 68689 ns, Cleanup: 30631 ns, At safepoint: 16876 ns, Total: 116196 ns
[2025-01-18T05:41:34.607+0000][79][info ][safepoint   ] Safepoint "Cleanup", Time since last: 36238505643 ns, Reaching safepoint: 61410 ns, Cleanup: 25591 ns, At safepoint: 14851 ns, Total: 101852 ns
[2025-01-18T05:42:08.442+0000][79][info ][safepoint   ] Safepoint "Cleanup", Time since last: 33837789197 ns, Reaching safepoint: 43119 ns, Cleanup: 5134 ns, At safepoint: 19967 ns, Total: 68220 ns
[2025-01-18T05:42:09.819+0000][79][info ][safepoint   ] Safepoint "Cleanup", Time since last: 1378202135 ns, Reaching safepoint: 35144 ns, Cleanup: 17586 ns, At safepoint: 6794 ns, Total: 59524 ns
[2025-01-18T05:42:26.941+0000][79][info ][safepoint   ] Safepoint "Cleanup", Time since last: 17121916347 ns, Reaching safepoint: 26300 ns, Cleanup: 25239 ns, At safepoint: 19215 ns, Total: 70754 ns
[2025-01-18T05:42:28.922+0000][79][info ][safepoint   ] Safepoint "Cleanup", Time since last: 1981475744 ns, Reaching safepoint: 27618 ns, Cleanup: 14462 ns, At safepoint: 5858 ns, Total: 47938 ns
[2025-01-18T05:42:32.402+0000][79][info ][safepoint   ] Safepoint "Cleanup", Time since last: 3480343606 ns, Reaching safepoint: 11578 ns, Cleanup: 10668 ns, At safepoint: 17925 ns, Total: 40171 ns
[2025-01-18T05:42:33.933+0000][79][info ][safepoint   ] Safepoint "Cleanup", Time since last: 1530917534 ns, Reaching safepoint: 25994 ns, Cleanup: 16351 ns, At safepoint: 5740 ns, Total: 48085 ns
[2025-01-18T05:42:34.934+0000][79][info ][safepoint   ] Safepoint "Cleanup", Time since last: 1000754966 ns, Reaching safepoint: 26763 ns, Cleanup: 14865 ns, At safepoint: 5746 ns, Total: 47374 ns
[2025-01-18T05:43:27.163+0000][79][info ][safepoint   ] Safepoint "Cleanup", Time since last: 52232618110 ns, Reaching safepoint: 12066 ns, Cleanup: 8247 ns, At safepoint: 4831 ns, Total: 25144 ns
[2025-01-18T05:43:28.185+0000][79][info ][safepoint   ] Safepoint "Cleanup", Time since last: 1022581677 ns, Reaching safepoint: 11060 ns, Cleanup: 6412 ns, At safepoint: 17862 ns, Total: 35334 ns
[2025-01-18T05:43:31.191+0000][79][info ][safepoint   ] Safepoint "Cleanup", Time since last: 3005506858 ns, Reaching safepoint: 26795 ns, Cleanup: 12401 ns, At safepoint: 5723 ns, Total: 44919 ns
[2025-01-18T05:43:35.200+0000][79][info ][safepoint   ] Safepoint "Cleanup", Time since last: 4008807868 ns, Reaching safepoint: 33083 ns, Cleanup: 15718 ns, At safepoint: 5600 ns, Total: 54401 ns
[2025-01-18T05:44:13.386+0000][79][info ][safepoint   ] Safepoint "Cleanup", Time since last: 38189371981 ns, Reaching safepoint: 42031 ns, Cleanup: 22360 ns, At safepoint: 10607 ns, Total: 74998 ns
[2025-01-18T05:44:54.654+0000][79][info ][safepoint   ] Safepoint "Cleanup", Time since last: 41270529772 ns, Reaching safepoint: 81729 ns, Cleanup: 22851 ns, At safepoint: 12081 ns, Total: 116661 ns
[2025-01-18T05:45:08.722+0000][79][info ][safepoint   ] Safepoint "Cleanup", Time since last: 14068211856 ns, Reaching safepoint: 23326 ns, Cleanup: 20786 ns, At safepoint: 291660 ns, Total: 335772 ns
[2025-01-18T05:45:24.850+0000][79][info ][safepoint   ] Safepoint "Cleanup", Time since last: 16129008093 ns, Reaching safepoint: 35399 ns, Cleanup: 17552 ns, At safepoint: 7643 ns, Total: 60594 ns
[2025-01-18T05:45:26.446+0000][79][info ][safepoint   ] Safepoint "Cleanup", Time since last: 1595709330 ns, Reaching safepoint: 14628 ns, Cleanup: 9694 ns, At safepoint: 7052 ns, Total: 31374 ns
[2025-01-18T05:45:41.965+0000][79][info ][safepoint   ] Safepoint "Cleanup", Time since last: 15521258185 ns, Reaching safepoint: 24049 ns, Cleanup: 16080 ns, At safepoint: 86347 ns, Total: 126476 ns
[2025-01-18T05:46:44.395+0000][79][info ][safepoint   ] Safepoint "Cleanup", Time since last: 62432992309 ns, Reaching safepoint: 40710 ns, Cleanup: 8545 ns, At safepoint: 19321 ns, Total: 68576 ns
[2025-01-18T05:46:51.394+0000][79][info ][safepoint   ] Safepoint "Cleanup", Time since last: 6999684695 ns, Reaching safepoint: 15100 ns, Cleanup: 15185 ns, At safepoint: 23446 ns, Total: 53731 ns
[2025-01-18T05:47:34.668+0000][79][info ][safepoint   ] Safepoint "Cleanup", Time since last: 43275701703 ns, Reaching safepoint: 66774 ns, Cleanup: 33149 ns, At safepoint: 14117 ns, Total: 114040 ns
[2025-01-18T05:49:21.198+0000][79][info ][safepoint   ] Safepoint "Cleanup", Time since last: 106536002918 ns, Reaching safepoint: 18081 ns, Cleanup: 13657 ns, At safepoint: 9318 ns, Total: 41056 ns
[2025-01-18T05:49:23.220+0000][79][info ][safepoint   ] Safepoint "Cleanup", Time since last: 2022070957 ns, Reaching safepoint: 76082 ns, Cleanup: 20410 ns, At safepoint: 13150 ns, Total: 109642 ns
[2025-01-18T05:49:24.223+0000][79][info ][safepoint   ] Safepoint "Cleanup", Time since last: 1003244218 ns, Reaching safepoint: 36659 ns, Cleanup: 14946 ns, At safepoint: 10714 ns, Total: 62319 ns
[2025-01-18T05:49:35.271+0000][79][info ][safepoint   ] Safepoint "Cleanup", Time since last: 11047931405 ns, Reaching safepoint: 102944 ns, Cleanup: 30512 ns, At safepoint: 16918 ns, Total: 150374 ns
[2025-01-18T05:49:36.283+0000][79][info ][safepoint   ] Safepoint "Cleanup", Time since last: 1011631881 ns, Reaching safepoint: 12088 ns, Cleanup: 18532 ns, At safepoint: 32020 ns, Total: 62640 ns
[2025-01-18T05:49:39.319+0000][79][info ][safepoint   ] Safepoint "Cleanup", Time since last: 3036468639 ns, Reaching safepoint: 14257 ns, Cleanup: 9396 ns, At safepoint: 6043 ns, Total: 29696 ns
[2025-01-18T05:49:59.395+0000][79][info ][safepoint   ] Safepoint "Cleanup", Time since last: 20078054308 ns, Reaching safepoint: 43146 ns, Cleanup: 21528 ns, At safepoint: 67553 ns, Total: 132227 ns
[2025-01-18T05:50:10.457+0000][79][info ][safepoint   ] Safepoint "Cleanup", Time since last: 11063806430 ns, Reaching safepoint: 29991 ns, Cleanup: 15646 ns, At safepoint: 6182 ns, Total: 51819 ns
[2025-01-18T05:50:34.616+0000][79][info ][safepoint   ] Safepoint "Cleanup", Time since last: 24159124294 ns, Reaching safepoint: 119018 ns, Cleanup: 31926 ns, At safepoint: 16671 ns, Total: 167615 ns
[2025-01-18T05:50:44.567+0000][79][info ][safepoint   ] Safepoint "Cleanup", Time since last: 9952928689 ns, Reaching safepoint: 25902 ns, Cleanup: 10822 ns, At safepoint: 18248 ns, Total: 54972 ns
[2025-01-18T05:50:45.692+0000][79][info ][safepoint   ] Safepoint "Cleanup", Time since last: 1117145730 ns, Reaching safepoint: 7673736 ns, Cleanup: 15504 ns, At safepoint: 69316 ns, Total: 7758556 ns
[2025-01-18T05:50:46.716+0000][79][info ][safepoint   ] Safepoint "Cleanup", Time since last: 1023164937 ns, Reaching safepoint: 57596 ns, Cleanup: 116924 ns, At safepoint: 21262 ns, Total: 195782 ns
[2025-01-18T05:50:48.299+0000][79][info ][safepoint   ] Safepoint "Cleanup", Time since last: 1583266901 ns, Reaching safepoint: 31432 ns, Cleanup: 15271 ns, At safepoint: 7069 ns, Total: 53772 ns
[2025-01-18T05:50:54.745+0000][79][info ][safepoint   ] Safepoint "Cleanup", Time since last: 6446150355 ns, Reaching safepoint: 48162 ns, Cleanup: 11491 ns, At safepoint: 6000 ns, Total: 65653 ns
[2025-01-18T05:51:35.067+0000][79][info ][safepoint   ] Safepoint "Cleanup", Time since last: 40323659610 ns, Reaching safepoint: 46968 ns, Cleanup: 23873 ns, At safepoint: 11664 ns, Total: 82505 ns
[2025-01-18T05:51:57.217+0000][79][info ][safepoint   ] Safepoint "Cleanup", Time since last: 22152137070 ns, Reaching safepoint: 27512 ns, Cleanup: 10922 ns, At safepoint: 8826 ns, Total: 47260 ns
[2025-01-18T05:52:03.234+0000][79][info ][safepoint   ] Safepoint "Cleanup", Time since last: 6016990100 ns, Reaching safepoint: 18552 ns, Cleanup: 13432 ns, At safepoint: 9881 ns, Total: 41865 ns
[2025-01-18T05:52:35.411+0000][79][info ][safepoint   ] Safepoint "Cleanup", Time since last: 32179405514 ns, Reaching safepoint: 46015 ns, Cleanup: 16288 ns, At safepoint: 7434 ns, Total: 69737 ns
[2025-01-18T05:52:44.418+0000][79][info ][safepoint   ] Safepoint "Cleanup", Time since last: 9007780315 ns, Reaching safepoint: 70682 ns, Cleanup: 7035 ns, At safepoint: 21510 ns, Total: 99227 ns
[2025-01-18T05:52:56.442+0000][79][info ][safepoint   ] Safepoint "Cleanup", Time since last: 12024143725 ns, Reaching safepoint: 10819 ns, Cleanup: 7533 ns, At safepoint: 4484 ns, Total: 22836 ns
[2025-01-18T05:52:57.507+0000][79][info ][safepoint   ] Safepoint "Cleanup", Time since last: 1064855125 ns, Reaching safepoint: 41992 ns, Cleanup: 18763 ns, At safepoint: 10529 ns, Total: 71284 ns
[2025-01-18T05:53:50.638+0000][79][info ][safepoint   ] Safepoint "Cleanup", Time since last: 53136672025 ns, Reaching safepoint: 22656 ns, Cleanup: 10151 ns, At safepoint: 36727 ns, Total: 69534 ns
[2025-01-18T05:53:51.814+0000][79][info ][safepoint   ] Safepoint "Cleanup", Time since last: 1175438368 ns, Reaching safepoint: 29459 ns, Cleanup: 174981 ns, At safepoint: 43812 ns, Total: 248252 ns
[2025-01-18T05:53:54.815+0000][79][info ][safepoint   ] Safepoint "Cleanup", Time since last: 3001177837 ns, Reaching safepoint: 76943 ns, Cleanup: 24677 ns, At safepoint: 10650 ns, Total: 112270 ns
[2025-01-18T05:53:56.426+0000][79][info ][safepoint   ] Safepoint "Cleanup", Time since last: 1610707781 ns, Reaching safepoint: 287653 ns, Cleanup: 20754 ns, At safepoint: 40614 ns, Total: 349021 ns
[2025-01-18T05:54:50.864+0000][79][info ][gc,start    ] GC(25) Pause Young (Normal) (G1 Evacuation Pause)
[2025-01-18T05:54:50.865+0000][79][info ][gc,task     ] GC(25) Using 18 workers of 18 for evacuation
[2025-01-18T05:54:50.865+0000][79][debug][gc,age      ] GC(25) Desired survivor size 134217728 bytes, new threshold 15 (max threshold 15)
[2025-01-18T05:54:50.920+0000][79][info ][gc,phases   ] GC(25)   Pre Evacuate Collection Set: 3.6ms
[2025-01-18T05:54:50.921+0000][79][info ][gc,phases   ] GC(25)   Merge Heap Roots: 0.9ms
[2025-01-18T05:54:50.921+0000][79][info ][gc,phases   ] GC(25)   Evacuate Collection Set: 44.2ms
[2025-01-18T05:54:50.922+0000][79][info ][gc,phases   ] GC(25)   Post Evacuate Collection Set: 5.2ms
[2025-01-18T05:54:50.922+0000][79][info ][gc,phases   ] GC(25)   Other: 1.3ms
[2025-01-18T05:54:50.923+0000][79][trace][gc,age      ] GC(25) Age table with threshold 15 (max threshold 15)
[2025-01-18T05:54:50.923+0000][79][trace][gc,age      ] GC(25) - age   1:    1793256 bytes,    1793256 total
[2025-01-18T05:54:50.924+0000][79][trace][gc,age      ] GC(25) - age   2:      37616 bytes,    1830872 total
[2025-01-18T05:54:50.925+0000][79][trace][gc,age      ] GC(25) - age   3:      57672 bytes,    1888544 total
[2025-01-18T05:54:50.925+0000][79][trace][gc,age      ] GC(25) - age   4:     859968 bytes,    2748512 total
[2025-01-18T05:54:50.926+0000][79][trace][gc,age      ] GC(25) - age   5:     427704 bytes,    3176216 total
[2025-01-18T05:54:50.926+0000][79][trace][gc,age      ] GC(25) - age   6:      98472 bytes,    3274688 total
[2025-01-18T05:54:50.926+0000][79][trace][gc,age      ] GC(25) - age   7:     432936 bytes,    3707624 total
[2025-01-18T05:54:50.927+0000][79][trace][gc,age      ] GC(25) - age   8:     179480 bytes,    3887104 total
[2025-01-18T05:54:50.928+0000][79][trace][gc,age      ] GC(25) - age   9:      41368 bytes,    3928472 total
[2025-01-18T05:54:50.928+0000][79][trace][gc,age      ] GC(25) - age  10:    1310784 bytes,    5239256 total
[2025-01-18T05:54:50.928+0000][79][trace][gc,age      ] GC(25) - age  11:     930632 bytes,    6169888 total
[2025-01-18T05:54:50.929+0000][79][info ][gc,heap     ] GC(25) Eden regions: 506->0(506)
[2025-01-18T05:54:50.929+0000][79][info ][gc,heap     ] GC(25) Survivor regions: 2->2(64)
[2025-01-18T05:54:50.930+0000][79][info ][gc,heap     ] GC(25) Old regions: 31->31
[2025-01-18T05:54:50.930+0000][79][info ][gc,heap     ] GC(25) Humongous regions: 4->4
[2025-01-18T05:54:50.931+0000][79][info ][gc,metaspace] GC(25) Metaspace: 151794K(155712K)->151794K(155712K) NonClass: 131815K(133888K)->131815K(133888K) Class: 19978K(21824K)->19978K(21824K)
[2025-01-18T05:54:50.931+0000][79][info ][gc          ] GC(25) Pause Young (Normal) (G1 Evacuation Pause) 2166M->143M(3392M) 67.363ms
[2025-01-18T05:54:50.932+0000][79][info ][gc,cpu      ] GC(25) User=0.43s Sys=0.00s Real=0.07s
[2025-01-18T05:54:50.932+0000][79][info ][safepoint   ] Safepoint "G1CollectForAllocation", Time since last: 54440720727 ns, Reaching safepoint: 24219 ns, Cleanup: 40364 ns, At safepoint: 69688560 ns, Total: 69753143 ns
[2025-01-18T05:55:08.454+0000][79][info ][safepoint   ] Safepoint "Cleanup", Time since last: 17521974292 ns, Reaching safepoint: 41884 ns, Cleanup: 22341 ns, At safepoint: 9123 ns, Total: 73348 ns
[2025-01-18T05:55:21.416+0000][79][info ][safepoint   ] Safepoint "Cleanup", Time since last: 12963523661 ns, Reaching safepoint: 9901 ns, Cleanup: 6094 ns, At safepoint: 4480 ns, Total: 20475 ns
[2025-01-18T05:55:34.454+0000][79][info ][safepoint   ] Safepoint "Cleanup", Time since last: 13037190807 ns, Reaching safepoint: 53821 ns, Cleanup: 16051 ns, At safepoint: 6282 ns, Total: 76154 ns
[2025-01-18T05:55:52.533+0000][79][info ][safepoint   ] Safepoint "Cleanup", Time since last: 18082266802 ns, Reaching safepoint: 12264 ns, Cleanup: 9243 ns, At safepoint: 5309 ns, Total: 26816 ns
[2025-01-18T05:56:02.622+0000][79][info ][safepoint   ] Safepoint "Cleanup", Time since last: 10088884056 ns, Reaching safepoint: 16003 ns, Cleanup: 10959 ns, At safepoint: 32144 ns, Total: 59106 ns
[2025-01-18T05:56:26.469+0000][79][info ][safepoint   ] Safepoint "Cleanup", Time since last: 23848040854 ns, Reaching safepoint: 12166 ns, Cleanup: 15347 ns, At safepoint: 18916 ns, Total: 46429 ns
[2025-01-18T05:56:34.775+0000][79][info ][safepoint   ] Safepoint "Cleanup", Time since last: 8305665874 ns, Reaching safepoint: 55117 ns, Cleanup: 19910 ns, At safepoint: 10384 ns, Total: 85411 ns
[2025-01-18T05:56:52.877+0000][79][info ][safepoint   ] Safepoint "Cleanup", Time since last: 18105044527 ns, Reaching safepoint: 86209 ns, Cleanup: 31264 ns, At safepoint: 14946 ns, Total: 132419 ns
[2025-01-18T05:57:35.115+0000][79][info ][safepoint   ] Safepoint "Cleanup", Time since last: 42240027280 ns, Reaching safepoint: 113241 ns, Cleanup: 33697 ns, At safepoint: 18043 ns, Total: 164981 ns
[2025-01-18T05:57:53.246+0000][79][info ][safepoint   ] Safepoint "Cleanup", Time since last: 18132860730 ns, Reaching safepoint: 30852 ns, Cleanup: 14605 ns, At safepoint: 5701 ns, Total: 51158 ns
[2025-01-18T05:57:54.247+0000][79][info ][safepoint   ] Safepoint "Cleanup", Time since last: 1000796107 ns, Reaching safepoint: 27887 ns, Cleanup: 12617 ns, At safepoint: 5626 ns, Total: 46130 ns
[2025-01-18T05:59:22.754+0000][79][info ][safepoint   ] Safepoint "Cleanup", Time since last: 88512939793 ns, Reaching safepoint: 110182 ns, Cleanup: 14245 ns, At safepoint: 7511 ns, Total: 131938 ns
[2025-01-18T06:00:52.040+0000][79][info ][safepoint   ] Safepoint "Cleanup", Time since last: 89292240762 ns, Reaching safepoint: 20090 ns, Cleanup: 8235 ns, At safepoint: 17708 ns, Total: 46033 ns
[2025-01-18T06:01:02.708+0000][79][info ][safepoint   ] Safepoint "Cleanup", Time since last: 10668061434 ns, Reaching safepoint: 117522 ns, Cleanup: 13851 ns, At safepoint: 85105 ns, Total: 216478 ns
[2025-01-18T06:02:33.074+0000][79][info ][safepoint   ] Safepoint "Cleanup", Time since last: 90371215789 ns, Reaching safepoint: 37157 ns, Cleanup: 15929 ns, At safepoint: 17122 ns, Total: 70208 ns
[2025-01-18T06:02:44.437+0000][79][info ][safepoint   ] Safepoint "Cleanup", Time since last: 11365229697 ns, Reaching safepoint: 45396 ns, Cleanup: 9193 ns, At safepoint: 18326 ns, Total: 72915 ns
[2025-01-18T06:02:53.191+0000][79][info ][safepoint   ] Safepoint "Cleanup", Time since last: 8754470535 ns, Reaching safepoint: 42790 ns, Cleanup: 19411 ns, At safepoint: 12411 ns, Total: 74612 ns
[2025-01-18T06:03:09.303+0000][79][info ][safepoint   ] Safepoint "Cleanup", Time since last: 16111902381 ns, Reaching safepoint: 20480 ns, Cleanup: 12914 ns, At safepoint: 38454 ns, Total: 71848 ns
[2025-01-18T06:03:34.438+0000][79][info ][safepoint   ] Safepoint "Cleanup", Time since last: 25137403250 ns, Reaching safepoint: 27374 ns, Cleanup: 13225 ns, At safepoint: 6056 ns, Total: 46655 ns
[2025-01-18T06:04:34.842+0000][79][info ][safepoint   ] Safepoint "Cleanup", Time since last: 60406613465 ns, Reaching safepoint: 144879 ns, Cleanup: 53487 ns, At safepoint: 42715 ns, Total: 241081 ns
[2025-01-18T06:04:50.453+0000][79][info ][safepoint   ] Safepoint "Cleanup", Time since last: 15613776096 ns, Reaching safepoint: 15237 ns, Cleanup: 9190 ns, At safepoint: 6420 ns, Total: 30847 ns
[2025-01-18T06:05:08.613+0000][79][info ][safepoint   ] Safepoint "Cleanup", Time since last: 18159765160 ns, Reaching safepoint: 39162 ns, Cleanup: 14741 ns, At safepoint: 33648 ns, Total: 87551 ns
[2025-01-18T06:05:09.672+0000][79][info ][safepoint   ] Safepoint "Cleanup", Time since last: 1059363735 ns, Reaching safepoint: 22205 ns, Cleanup: 17477 ns, At safepoint: 38980 ns, Total: 78662 ns
[2025-01-18T06:05:15.101+0000][79][info ][safepoint   ] Safepoint "Cleanup", Time since last: 5430975975 ns, Reaching safepoint: 54100 ns, Cleanup: 12183 ns, At safepoint: 52989 ns, Total: 119272 ns
[2025-01-18T06:06:11.729+0000][79][info ][safepoint   ] Safepoint "Cleanup", Time since last: 56631757810 ns, Reaching safepoint: 86402 ns, Cleanup: 20918 ns, At safepoint: 15644 ns, Total: 122964 ns
[2025-01-18T06:06:14.694+0000][79][info ][safepoint   ] Safepoint "Cleanup", Time since last: 2965277183 ns, Reaching safepoint: 12018 ns, Cleanup: 9244 ns, At safepoint: 4809 ns, Total: 26071 ns
[2025-01-18T06:06:34.585+0000][79][info ][safepoint   ] Safepoint "Cleanup", Time since last: 19890451347 ns, Reaching safepoint: 48116 ns, Cleanup: 22266 ns, At safepoint: 11816 ns, Total: 82198 ns
[2025-01-18T06:06:38.608+0000][79][info ][safepoint   ] Safepoint "Cleanup", Time since last: 4023118904 ns, Reaching safepoint: 17621 ns, Cleanup: 11890 ns, At safepoint: 9319 ns, Total: 38830 ns
[2025-01-18T06:07:34.944+0000][79][info ][safepoint   ] Safepoint "Cleanup", Time since last: 56340032181 ns, Reaching safepoint: 82432 ns, Cleanup: 36080 ns, At safepoint: 16246 ns, Total: 134758 ns
[2025-01-18T06:07:56.478+0000][79][info ][safepoint   ] Safepoint "Cleanup", Time since last: 21535828717 ns, Reaching safepoint: 102688 ns, Cleanup: 10928 ns, At safepoint: 49583 ns, Total: 163199 ns
[2025-01-18T06:08:09.107+0000][79][info ][safepoint   ] Safepoint "Cleanup", Time since last: 12628803325 ns, Reaching safepoint: 21961 ns, Cleanup: 15107 ns, At safepoint: 9895 ns, Total: 46963 ns
[2025-01-18T06:08:26.466+0000][79][info ][safepoint   ] Safepoint "Cleanup", Time since last: 17360834230 ns, Reaching safepoint: 9874 ns, Cleanup: 7060 ns, At safepoint: 19004 ns, Total: 35938 ns
[2025-01-18T06:08:33.203+0000][79][info ][safepoint   ] Safepoint "Cleanup", Time since last: 6736702657 ns, Reaching safepoint: 18850 ns, Cleanup: 12837 ns, At safepoint: 10382 ns, Total: 42069 ns
[2025-01-18T06:08:35.228+0000][79][info ][safepoint   ] Safepoint "Cleanup", Time since last: 2024937293 ns, Reaching safepoint: 45224 ns, Cleanup: 18915 ns, At safepoint: 11516 ns, Total: 75655 ns
[2025-01-18T06:08:45.277+0000][79][info ][safepoint   ] Safepoint "Cleanup", Time since last: 10050824474 ns, Reaching safepoint: 29433 ns, Cleanup: 10395 ns, At safepoint: 5895 ns, Total: 45723 ns
[2025-01-18T06:09:23.502+0000][79][info ][safepoint   ] Safepoint "Cleanup", Time since last: 38227553344 ns, Reaching safepoint: 29321 ns, Cleanup: 13767 ns, At safepoint: 5729 ns, Total: 48817 ns
[2025-01-18T06:09:34.581+0000][79][info ][safepoint   ] Safepoint "Cleanup", Time since last: 11079499305 ns, Reaching safepoint: 32108 ns, Cleanup: 19972 ns, At safepoint: 7777 ns, Total: 59857 ns
[2025-01-18T06:09:56.424+0000][79][info ][safepoint   ] Safepoint "Cleanup", Time since last: 21844260835 ns, Reaching safepoint: 11138 ns, Cleanup: 7349 ns, At safepoint: 18090 ns, Total: 36577 ns
[2025-01-18T06:10:14.453+0000][79][info ][safepoint   ] Safepoint "Cleanup", Time since last: 18030941333 ns, Reaching safepoint: 12647 ns, Cleanup: 10932 ns, At safepoint: 20555 ns, Total: 44134 ns
[2025-01-18T06:10:56.491+0000][79][info ][gc,start    ] GC(26) Pause Young (Normal) (G1 Evacuation Pause)
[2025-01-18T06:10:56.493+0000][79][info ][gc,task     ] GC(26) Using 18 workers of 18 for evacuation
[2025-01-18T06:10:56.494+0000][79][debug][gc,age      ] GC(26) Desired survivor size 134217728 bytes, new threshold 15 (max threshold 15)
[2025-01-18T06:10:56.617+0000][79][info ][gc,phases   ] GC(26)   Pre Evacuate Collection Set: 11.5ms
[2025-01-18T06:10:56.617+0000][79][info ][gc,phases   ] GC(26)   Merge Heap Roots: 1.8ms
[2025-01-18T06:10:56.618+0000][79][info ][gc,phases   ] GC(26)   Evacuate Collection Set: 97.8ms
[2025-01-18T06:10:56.618+0000][79][info ][gc,phases   ] GC(26)   Post Evacuate Collection Set: 9.1ms
[2025-01-18T06:10:56.619+0000][79][info ][gc,phases   ] GC(26)   Other: 3.4ms
[2025-01-18T06:10:56.619+0000][79][trace][gc,age      ] GC(26) Age table with threshold 15 (max threshold 15)
[2025-01-18T06:10:56.620+0000][79][trace][gc,age      ] GC(26) - age   1:    1933184 bytes,    1933184 total
[2025-01-18T06:10:56.620+0000][79][trace][gc,age      ] GC(26) - age   2:     162000 bytes,    2095184 total
[2025-01-18T06:10:56.621+0000][79][trace][gc,age      ] GC(26) - age   3:      33560 bytes,    2128744 total
[2025-01-18T06:10:56.621+0000][79][trace][gc,age      ] GC(26) - age   4:      57128 bytes,    2185872 total
[2025-01-18T06:10:56.622+0000][79][trace][gc,age      ] GC(26) - age   5:     854680 bytes,    3040552 total
[2025-01-18T06:10:56.622+0000][79][trace][gc,age      ] GC(26) - age   6:     410160 bytes,    3450712 total
[2025-01-18T06:10:56.623+0000][79][trace][gc,age      ] GC(26) - age   7:      98472 bytes,    3549184 total
[2025-01-18T06:10:56.623+0000][79][trace][gc,age      ] GC(26) - age   8:     415640 bytes,    3964824 total
[2025-01-18T06:10:56.624+0000][79][trace][gc,age      ] GC(26) - age   9:     179296 bytes,    4144120 total
[2025-01-18T06:10:56.625+0000][79][trace][gc,age      ] GC(26) - age  10:      41368 bytes,    4185488 total
[2025-01-18T06:10:56.625+0000][79][trace][gc,age      ] GC(26) - age  11:    1310248 bytes,    5495736 total
[2025-01-18T06:10:56.626+0000][79][trace][gc,age      ] GC(26) - age  12:     930592 bytes,    6426328 total
[2025-01-18T06:10:56.626+0000][79][info ][gc,heap     ] GC(26) Eden regions: 506->0(506)
[2025-01-18T06:10:56.627+0000][79][info ][gc,heap     ] GC(26) Survivor regions: 2->2(64)
[2025-01-18T06:10:56.627+0000][79][info ][gc,heap     ] GC(26) Old regions: 31->31
[2025-01-18T06:10:56.628+0000][79][info ][gc,heap     ] GC(26) Humongous regions: 4->4
[2025-01-18T06:10:56.629+0000][79][info ][gc,metaspace] GC(26) Metaspace: 151889K(155776K)->151889K(155776K) NonClass: 131910K(133952K)->131910K(133952K) Class: 19978K(21824K)->19978K(21824K)
[2025-01-18T06:10:56.630+0000][79][info ][gc          ] GC(26) Pause Young (Normal) (G1 Evacuation Pause) 2167M->143M(3392M) 138.850ms
[2025-01-18T06:10:56.630+0000][79][info ][gc,cpu      ] GC(26) User=0.92s Sys=0.00s Real=0.14s
[2025-01-18T06:10:56.631+0000][79][info ][safepoint   ] Safepoint "G1CollectForAllocation", Time since last: 42035246680 ns, Reaching safepoint: 116527 ns, Cleanup: 5070 ns, At safepoint: 144676720 ns, Total: 144798317 ns
[2025-01-18T06:10:58.057+0000][79][info ][safepoint   ] Safepoint "Cleanup", Time since last: 1426445922 ns, Reaching safepoint: 29145 ns, Cleanup: 14931 ns, At safepoint: 6314 ns, Total: 50390 ns
[2025-01-18T06:11:02.082+0000][79][info ][safepoint   ] Safepoint "Cleanup", Time since last: 4024815028 ns, Reaching safepoint: 33861 ns, Cleanup: 16502 ns, At safepoint: 6309 ns, Total: 56672 ns
[2025-01-18T06:11:26.430+0000][79][info ][safepoint   ] Safepoint "Cleanup", Time since last: 24349561370 ns, Reaching safepoint: 15558 ns, Cleanup: 9370 ns, At safepoint: 18753 ns, Total: 43681 ns
[2025-01-18T06:11:39.289+0000][79][info ][safepoint   ] Safepoint "Cleanup", Time since last: 12859277314 ns, Reaching safepoint: 23404 ns, Cleanup: 10328 ns, At safepoint: 18484 ns, Total: 52216 ns
[2025-01-18T06:12:35.636+0000][79][info ][safepoint   ] Safepoint "Cleanup", Time since last: 56350984623 ns, Reaching safepoint: 28013 ns, Cleanup: 19783 ns, At safepoint: 6162 ns, Total: 53958 ns
[2025-01-18T06:12:38.428+0000][79][info ][safepoint   ] Safepoint "Cleanup", Time since last: 2791728036 ns, Reaching safepoint: 12344 ns, Cleanup: 9281 ns, At safepoint: 21468 ns, Total: 43093 ns
[2025-01-18T06:13:32.419+0000][79][info ][safepoint   ] Safepoint "Cleanup", Time since last: 53995049255 ns, Reaching safepoint: 11099 ns, Cleanup: 9441 ns, At safepoint: 17357 ns, Total: 37897 ns
[2025-01-18T06:13:34.998+0000][79][info ][safepoint   ] Safepoint "Cleanup", Time since last: 2579059010 ns, Reaching safepoint: 60645 ns, Cleanup: 29165 ns, At safepoint: 17053 ns, Total: 106863 ns
[2025-01-18T06:13:50.429+0000][79][info ][safepoint   ] Safepoint "Cleanup", Time since last: 15432998495 ns, Reaching safepoint: 10735 ns, Cleanup: 7986 ns, At safepoint: 17472 ns, Total: 36193 ns
[2025-01-18T06:13:52.114+0000][79][info ][safepoint   ] Safepoint "Cleanup", Time since last: 1684704205 ns, Reaching safepoint: 59536 ns, Cleanup: 16032 ns, At safepoint: 8296 ns, Total: 83864 ns
[2025-01-18T06:14:24.299+0000][79][info ][safepoint   ] Safepoint "Cleanup", Time since last: 32186630124 ns, Reaching safepoint: 120840 ns, Cleanup: 17342 ns, At safepoint: 7664 ns, Total: 145846 ns
[2025-01-18T06:14:27.887+0000][79][info ][safepoint   ] Safepoint "Cleanup", Time since last: 3587703361 ns, Reaching safepoint: 10840 ns, Cleanup: 98807 ns, At safepoint: 19272 ns, Total: 128919 ns
[2025-01-18T06:14:28.888+0000][79][info ][safepoint   ] Safepoint "Cleanup", Time since last: 1001046652 ns, Reaching safepoint: 27131 ns, Cleanup: 34330 ns, At safepoint: 5694 ns, Total: 67155 ns
[2025-01-18T06:14:30.411+0000][79][info ][safepoint   ] Safepoint "Cleanup", Time since last: 1522803750 ns, Reaching safepoint: 43602 ns, Cleanup: 19600 ns, At safepoint: 5788 ns, Total: 68990 ns
[2025-01-18T06:14:35.325+0000][79][info ][safepoint   ] Safepoint "Cleanup", Time since last: 4914236876 ns, Reaching safepoint: 61957 ns, Cleanup: 26905 ns, At safepoint: 19501 ns, Total: 108363 ns
[2025-01-18T06:17:34.447+0000][79][info ][safepoint   ] Safepoint "Cleanup", Time since last: 179132145945 ns, Reaching safepoint: 63025 ns, Cleanup: 1420730 ns, At safepoint: 88126 ns, Total: 1571881 ns
[2025-01-18T06:18:26.530+0000][79][info ][safepoint   ] Safepoint "Cleanup", Time since last: 52087511789 ns, Reaching safepoint: 10583 ns, Cleanup: 7396 ns, At safepoint: 16410 ns, Total: 34389 ns
[2025-01-18T06:19:24.083+0000][79][info ][safepoint   ] Safepoint "Cleanup", Time since last: 57556328310 ns, Reaching safepoint: 57685 ns, Cleanup: 26312 ns, At safepoint: 7173 ns, Total: 91170 ns
[2025-01-18T06:21:34.939+0000][79][info ][safepoint   ] Safepoint "Cleanup", Time since last: 130862375985 ns, Reaching safepoint: 49616 ns, Cleanup: 21584 ns, At safepoint: 9160 ns, Total: 80360 ns
[2025-01-18T06:21:38.953+0000][79][info ][safepoint   ] Safepoint "Cleanup", Time since last: 4014320007 ns, Reaching safepoint: 10910 ns, Cleanup: 8677 ns, At safepoint: 17844 ns, Total: 37431 ns
[2025-01-18T06:26:51.869+0000][79][info ][gc,start    ] GC(27) Pause Young (Normal) (G1 Evacuation Pause)
[2025-01-18T06:26:51.873+0000][79][info ][gc,task     ] GC(27) Using 18 workers of 18 for evacuation
[2025-01-18T06:26:51.881+0000][79][debug][gc,age      ] GC(27) Desired survivor size 134217728 bytes, new threshold 15 (max threshold 15)
[2025-01-18T06:26:51.962+0000][79][info ][gc,phases   ] GC(27)   Pre Evacuate Collection Set: 7.3ms
[2025-01-18T06:26:51.963+0000][79][info ][gc,phases   ] GC(27)   Merge Heap Roots: 1.6ms
[2025-01-18T06:26:51.964+0000][79][info ][gc,phases   ] GC(27)   Evacuate Collection Set: 61.7ms
[2025-01-18T06:26:51.965+0000][79][info ][gc,phases   ] GC(27)   Post Evacuate Collection Set: 9.0ms
[2025-01-18T06:26:51.966+0000][79][info ][gc,phases   ] GC(27)   Other: 10.7ms
[2025-01-18T06:26:51.966+0000][79][trace][gc,age      ] GC(27) Age table with threshold 15 (max threshold 15)
[2025-01-18T06:26:51.967+0000][79][trace][gc,age      ] GC(27) - age   1:    1332424 bytes,    1332424 total
[2025-01-18T06:26:51.968+0000][79][trace][gc,age      ] GC(27) - age   2:      57480 bytes,    1389904 total
[2025-01-18T06:26:51.968+0000][79][trace][gc,age      ] GC(27) - age   3:     158816 bytes,    1548720 total
[2025-01-18T06:26:51.969+0000][79][trace][gc,age      ] GC(27) - age   4:      33040 bytes,    1581760 total
[2025-01-18T06:26:51.969+0000][79][trace][gc,age      ] GC(27) - age   5:      57024 bytes,    1638784 total
[2025-01-18T06:26:51.970+0000][79][trace][gc,age      ] GC(27) - age   6:     123992 bytes,    1762776 total
[2025-01-18T06:26:51.970+0000][79][trace][gc,age      ] GC(27) - age   7:     409328 bytes,    2172104 total
[2025-01-18T06:26:51.971+0000][79][trace][gc,age      ] GC(27) - age   8:      98336 bytes,    2270440 total
[2025-01-18T06:26:51.972+0000][79][trace][gc,age      ] GC(27) - age   9:     415192 bytes,    2685632 total
[2025-01-18T06:26:51.972+0000][79][trace][gc,age      ] GC(27) - age  10:     179296 bytes,    2864928 total
[2025-01-18T06:26:51.973+0000][79][trace][gc,age      ] GC(27) - age  11:      41368 bytes,    2906296 total
[2025-01-18T06:26:51.973+0000][79][trace][gc,age      ] GC(27) - age  12:    1309864 bytes,    4216160 total
[2025-01-18T06:26:51.974+0000][79][trace][gc,age      ] GC(27) - age  13:     930512 bytes,    5146672 total
[2025-01-18T06:26:51.974+0000][79][info ][gc,heap     ] GC(27) Eden regions: 506->0(506)
[2025-01-18T06:26:51.974+0000][79][info ][gc,heap     ] GC(27) Survivor regions: 2->2(64)
[2025-01-18T06:26:51.975+0000][79][info ][gc,heap     ] GC(27) Old regions: 31->31
[2025-01-18T06:26:51.975+0000][79][info ][gc,heap     ] GC(27) Humongous regions: 4->4
[2025-01-18T06:26:51.976+0000][79][info ][gc,metaspace] GC(27) Metaspace: 151924K(155840K)->151924K(155840K) NonClass: 131945K(134016K)->131945K(134016K) Class: 19978K(21824K)->19978K(21824K)
[2025-01-18T06:26:51.976+0000][79][info ][gc          ] GC(27) Pause Young (Normal) (G1 Evacuation Pause) 2167M->142M(3392M) 107.403ms
[2025-01-18T06:26:51.977+0000][79][info ][gc,cpu      ] GC(27) User=0.50s Sys=0.00s Real=0.11s
[2025-01-18T06:26:51.978+0000][79][info ][safepoint   ] Safepoint "G1CollectForAllocation", Time since last: 312934855672 ns, Reaching safepoint: 39506 ns, Cleanup: 23327 ns, At safepoint: 111090800 ns, Total: 111153633 ns
[2025-01-18T06:27:50.881+0000][79][info ][safepoint   ] Safepoint "Cleanup", Time since last: 58907016566 ns, Reaching safepoint: 112541 ns, Cleanup: 12226 ns, At safepoint: 57682 ns, Total: 182449 ns
[2025-01-18T06:31:40.309+0000][79][info ][safepoint   ] Safepoint "Cleanup", Time since last: 229442196004 ns, Reaching safepoint: 88192 ns, Cleanup: 31438 ns, At safepoint: 18255 ns, Total: 137885 ns
[2025-01-18T06:31:51.397+0000][79][info ][safepoint   ] Safepoint "Cleanup", Time since last: 11088017671 ns, Reaching safepoint: 11819 ns, Cleanup: 9168 ns, At safepoint: 19180 ns, Total: 40167 ns
[2025-01-18T06:32:02.478+0000][79][info ][safepoint   ] Safepoint "Cleanup", Time since last: 11080664546 ns, Reaching safepoint: 11749 ns, Cleanup: 7994 ns, At safepoint: 4806 ns, Total: 24549 ns
[2025-01-18T06:33:02.644+0000][79][info ][safepoint   ] Safepoint "Cleanup", Time since last: 60171373808 ns, Reaching safepoint: 24425 ns, Cleanup: 8664 ns, At safepoint: 21269 ns, Total: 54358 ns
[2025-01-18T06:34:03.169+0000][79][info ][safepoint   ] Safepoint "Cleanup", Time since last: 60528854334 ns, Reaching safepoint: 14637 ns, Cleanup: 10792 ns, At safepoint: 4648 ns, Total: 30077 ns
[2025-01-18T06:35:47.748+0000][79][info ][safepoint   ] Safepoint "Cleanup", Time since last: 104584919594 ns, Reaching safepoint: 333491 ns, Cleanup: 15117 ns, At safepoint: 7248 ns, Total: 355856 ns
[2025-01-18T06:36:25.012+0000][79][info ][safepoint   ] Safepoint "Cleanup", Time since last: 37266420879 ns, Reaching safepoint: 66789 ns, Cleanup: 22039 ns, At safepoint: 7892 ns, Total: 96720 ns
[2025-01-18T06:36:56.522+0000][79][info ][safepoint   ] Safepoint "Cleanup", Time since last: 31511718711 ns, Reaching safepoint: 10110 ns, Cleanup: 9426 ns, At safepoint: 4728 ns, Total: 24264 ns
[2025-01-18T06:37:08.747+0000][79][info ][safepoint   ] Safepoint "Cleanup", Time since last: 12224007786 ns, Reaching safepoint: 691740 ns, Cleanup: 10718 ns, At safepoint: 52501 ns, Total: 754959 ns
[2025-01-18T06:37:25.311+0000][79][info ][safepoint   ] Safepoint "Cleanup", Time since last: 16565631135 ns, Reaching safepoint: 91422 ns, Cleanup: 26509 ns, At safepoint: 16021 ns, Total: 133952 ns
[2025-01-18T06:38:02.460+0000][79][info ][safepoint   ] Safepoint "Cleanup", Time since last: 37150514628 ns, Reaching safepoint: 100233 ns, Cleanup: 8731 ns, At safepoint: 57923 ns, Total: 166887 ns
[2025-01-18T06:38:21.491+0000][79][info ][safepoint   ] Safepoint "Cleanup", Time since last: 19033841937 ns, Reaching safepoint: 33951 ns, Cleanup: 16139 ns, At safepoint: 5909 ns, Total: 55999 ns
[2025-01-18T06:39:32.468+0000][79][info ][safepoint   ] Safepoint "Cleanup", Time since last: 70979708051 ns, Reaching safepoint: 19143 ns, Cleanup: 9002 ns, At safepoint: 18415 ns, Total: 46560 ns
[2025-01-18T06:41:56.477+0000][79][info ][safepoint   ] Safepoint "Cleanup", Time since last: 144018424621 ns, Reaching safepoint: 36505 ns, Cleanup: 8058 ns, At safepoint: 5308 ns, Total: 49871 ns
[2025-01-18T06:42:39.020+0000][79][info ][safepoint   ] Safepoint "Cleanup", Time since last: 42544897636 ns, Reaching safepoint: 27018 ns, Cleanup: 10266 ns, At safepoint: 4716 ns, Total: 42000 ns
[2025-01-18T06:42:44.495+0000][79][info ][safepoint   ] Safepoint "Cleanup", Time since last: 5476505704 ns, Reaching safepoint: 97606 ns, Cleanup: 9627 ns, At safepoint: 48346 ns, Total: 155579 ns
[2025-01-18T06:43:14.477+0000][79][info ][gc,start    ] GC(28) Pause Young (Normal) (G1 Evacuation Pause)
[2025-01-18T06:43:14.479+0000][79][info ][gc,task     ] GC(28) Using 18 workers of 18 for evacuation
[2025-01-18T06:43:14.479+0000][79][debug][gc,age      ] GC(28) Desired survivor size 134217728 bytes, new threshold 15 (max threshold 15)
[2025-01-18T06:43:14.602+0000][79][info ][gc,phases   ] GC(28)   Pre Evacuate Collection Set: 8.1ms
[2025-01-18T06:43:14.603+0000][79][info ][gc,phases   ] GC(28)   Merge Heap Roots: 1.2ms
[2025-01-18T06:43:14.604+0000][79][info ][gc,phases   ] GC(28)   Evacuate Collection Set: 98.7ms
[2025-01-18T06:43:14.604+0000][79][info ][gc,phases   ] GC(28)   Post Evacuate Collection Set: 10.6ms
[2025-01-18T06:43:14.605+0000][79][info ][gc,phases   ] GC(28)   Other: 5.3ms
[2025-01-18T06:43:14.605+0000][79][trace][gc,age      ] GC(28) Age table with threshold 15 (max threshold 15)
[2025-01-18T06:43:14.606+0000][79][trace][gc,age      ] GC(28) - age   1:    1306184 bytes,    1306184 total
[2025-01-18T06:43:14.607+0000][79][trace][gc,age      ] GC(28) - age   2:     783000 bytes,    2089184 total
[2025-01-18T06:43:14.607+0000][79][trace][gc,age      ] GC(28) - age   3:      55080 bytes,    2144264 total
[2025-01-18T06:43:14.608+0000][79][trace][gc,age      ] GC(28) - age   4:     158376 bytes,    2302640 total
[2025-01-18T06:43:14.609+0000][79][trace][gc,age      ] GC(28) - age   5:      32752 bytes,    2335392 total
[2025-01-18T06:43:14.609+0000][79][trace][gc,age      ] GC(28) - age   6:      56728 bytes,    2392120 total
[2025-01-18T06:43:14.610+0000][79][trace][gc,age      ] GC(28) - age   7:     123880 bytes,    2516000 total
[2025-01-18T06:43:14.610+0000][79][trace][gc,age      ] GC(28) - age   8:     407568 bytes,    2923568 total
[2025-01-18T06:43:14.611+0000][79][trace][gc,age      ] GC(28) - age   9:      98240 bytes,    3021808 total
[2025-01-18T06:43:14.612+0000][79][trace][gc,age      ] GC(28) - age  10:     414896 bytes,    3436704 total
[2025-01-18T06:43:14.612+0000][79][trace][gc,age      ] GC(28) - age  11:     179256 bytes,    3615960 total
[2025-01-18T06:43:14.613+0000][79][trace][gc,age      ] GC(28) - age  12:      41368 bytes,    3657328 total
[2025-01-18T06:43:14.613+0000][79][trace][gc,age      ] GC(28) - age  13:    1309744 bytes,    4967072 total
[2025-01-18T06:43:14.614+0000][79][trace][gc,age      ] GC(28) - age  14:     930512 bytes,    5897584 total
[2025-01-18T06:43:14.614+0000][79][info ][gc,heap     ] GC(28) Eden regions: 506->0(506)
[2025-01-18T06:43:14.615+0000][79][info ][gc,heap     ] GC(28) Survivor regions: 2->2(64)
[2025-01-18T06:43:14.615+0000][79][info ][gc,heap     ] GC(28) Old regions: 31->31
[2025-01-18T06:43:14.616+0000][79][info ][gc,heap     ] GC(28) Humongous regions: 4->4
[2025-01-18T06:43:14.617+0000][79][info ][gc,metaspace] GC(28) Metaspace: 151962K(155904K)->151962K(155904K) NonClass: 131983K(134080K)->131983K(134080K) Class: 19978K(21824K)->19978K(21824K)
[2025-01-18T06:43:14.618+0000][79][info ][gc          ] GC(28) Pause Young (Normal) (G1 Evacuation Pause) 2166M->142M(3392M) 140.947ms
[2025-01-18T06:43:14.619+0000][79][info ][gc,cpu      ] GC(28) User=1.00s Sys=0.07s Real=0.15s
[2025-01-18T06:43:14.619+0000][79][info ][safepoint   ] Safepoint "G1CollectForAllocation", Time since last: 29980266415 ns, Reaching safepoint: 30958 ns, Cleanup: 5438 ns, At safepoint: 145489131 ns, Total: 145525527 ns
[2025-01-18T06:43:34.354+0000][79][info ][safepoint   ] Safepoint "Cleanup", Time since last: 19734991742 ns, Reaching safepoint: 83612 ns, Cleanup: 20459 ns, At safepoint: 11601 ns, Total: 115672 ns
[2025-01-18T06:44:28.674+0000][79][info ][safepoint   ] Safepoint "Cleanup", Time since last: 54322426923 ns, Reaching safepoint: 44444 ns, Cleanup: 15084 ns, At safepoint: 6764 ns, Total: 66292 ns
[2025-01-18T06:44:38.716+0000][79][info ][safepoint   ] Safepoint "Cleanup", Time since last: 10042511772 ns, Reaching safepoint: 44069 ns, Cleanup: 12174 ns, At safepoint: 7865 ns, Total: 64108 ns
[2025-01-18T06:45:20.691+0000][79][info ][safepoint   ] Safepoint "Cleanup", Time since last: 41977847876 ns, Reaching safepoint: 124237 ns, Cleanup: 10355 ns, At safepoint: 50843 ns, Total: 185435 ns
[2025-01-18T06:49:15.067+0000][79][info ][safepoint   ] Safepoint "Cleanup", Time since last: 234390001450 ns, Reaching safepoint: 37859 ns, Cleanup: 15513 ns, At safepoint: 9403 ns, Total: 62775 ns
[2025-01-18T06:49:36.186+0000][79][info ][safepoint   ] Safepoint "Cleanup", Time since last: 21119173761 ns, Reaching safepoint: 11013 ns, Cleanup: 12274 ns, At safepoint: 19585 ns, Total: 42872 ns
[2025-01-18T06:49:39.221+0000][79][info ][safepoint   ] Safepoint "Cleanup", Time since last: 3035030115 ns, Reaching safepoint: 11467 ns, Cleanup: 71746 ns, At safepoint: 21719 ns, Total: 104932 ns
[2025-01-18T06:49:54.371+0000][79][info ][safepoint   ] Safepoint "Cleanup", Time since last: 15151191918 ns, Reaching safepoint: 29150 ns, Cleanup: 13565 ns, At safepoint: 5933 ns, Total: 48648 ns
[2025-01-18T06:50:26.894+0000][79][info ][safepoint   ] Safepoint "Cleanup", Time since last: 32524104264 ns, Reaching safepoint: 11009 ns, Cleanup: 6332 ns, At safepoint: 17681 ns, Total: 35022 ns
[2025-01-18T06:50:28.575+0000][79][info ][safepoint   ] Safepoint "Cleanup", Time since last: 1681272817 ns, Reaching safepoint: 83589 ns, Cleanup: 21546 ns, At safepoint: 16704 ns, Total: 121839 ns
[2025-01-18T06:51:38.480+0000][79][info ][safepoint   ] Safepoint "Cleanup", Time since last: 69907981472 ns, Reaching safepoint: 28241 ns, Cleanup: 9945 ns, At safepoint: 23409 ns, Total: 61595 ns
[2025-01-18T06:53:32.716+0000][79][info ][gc,start    ] GC(29) Pause Young (Concurrent Start) (CodeCache GC Threshold)
[2025-01-18T06:53:32.717+0000][79][info ][gc,task     ] GC(29) Using 18 workers of 18 for evacuation
[2025-01-18T06:53:32.717+0000][79][debug][gc,age      ] GC(29) Desired survivor size 134217728 bytes, new threshold 15 (max threshold 15)
[2025-01-18T06:53:32.861+0000][79][info ][gc,phases   ] GC(29)   Pre Evacuate Collection Set: 9.8ms
[2025-01-18T06:53:32.862+0000][79][info ][gc,phases   ] GC(29)   Merge Heap Roots: 0.7ms
[2025-01-18T06:53:32.862+0000][79][info ][gc,phases   ] GC(29)   Evacuate Collection Set: 125.0ms
[2025-01-18T06:53:32.862+0000][79][info ][gc,phases   ] GC(29)   Post Evacuate Collection Set: 6.5ms
[2025-01-18T06:53:32.862+0000][79][info ][gc,phases   ] GC(29)   Other: 2.3ms
[2025-01-18T06:53:32.863+0000][79][trace][gc,age      ] GC(29) Age table with threshold 15 (max threshold 15)
[2025-01-18T06:53:32.863+0000][79][trace][gc,age      ] GC(29) - age   1:    1613592 bytes,    1613592 total
[2025-01-18T06:53:32.863+0000][79][trace][gc,age      ] GC(29) - age   2:      13272 bytes,    1626864 total
[2025-01-18T06:53:32.863+0000][79][trace][gc,age      ] GC(29) - age   3:     778992 bytes,    2405856 total
[2025-01-18T06:53:32.863+0000][79][trace][gc,age      ] GC(29) - age   4:      42920 bytes,    2448776 total
[2025-01-18T06:53:32.863+0000][79][trace][gc,age      ] GC(29) - age   5:     141512 bytes,    2590288 total
[2025-01-18T06:53:32.864+0000][79][trace][gc,age      ] GC(29) - age   6:      32112 bytes,    2622400 total
[2025-01-18T06:53:32.864+0000][79][trace][gc,age      ] GC(29) - age   7:      56696 bytes,    2679096 total
[2025-01-18T06:53:32.864+0000][79][trace][gc,age      ] GC(29) - age   8:     123720 bytes,    2802816 total
[2025-01-18T06:53:32.864+0000][79][trace][gc,age      ] GC(29) - age   9:     406552 bytes,    3209368 total
[2025-01-18T06:53:32.864+0000][79][trace][gc,age      ] GC(29) - age  10:      98240 bytes,    3307608 total
[2025-01-18T06:53:32.865+0000][79][trace][gc,age      ] GC(29) - age  11:     412544 bytes,    3720152 total
[2025-01-18T06:53:32.865+0000][79][trace][gc,age      ] GC(29) - age  12:     179256 bytes,    3899408 total
[2025-01-18T06:53:32.865+0000][79][trace][gc,age      ] GC(29) - age  13:      41368 bytes,    3940776 total
[2025-01-18T06:53:32.865+0000][79][trace][gc,age      ] GC(29) - age  14:    1309584 bytes,    5250360 total
[2025-01-18T06:53:32.866+0000][79][trace][gc,age      ] GC(29) - age  15:     930472 bytes,    6180832 total
[2025-01-18T06:53:32.866+0000][79][info ][gc,heap     ] GC(29) Eden regions: 339->0(506)
[2025-01-18T06:53:32.866+0000][79][info ][gc,heap     ] GC(29) Survivor regions: 2->2(64)
[2025-01-18T06:53:32.867+0000][79][info ][gc,heap     ] GC(29) Old regions: 31->31
[2025-01-18T06:53:32.867+0000][79][info ][gc,heap     ] GC(29) Humongous regions: 4->4
[2025-01-18T06:53:32.867+0000][79][info ][gc,metaspace] GC(29) Metaspace: 151982K(155904K)->151982K(155904K) NonClass: 132003K(134080K)->132003K(134080K) Class: 19978K(21824K)->19978K(21824K)
[2025-01-18T06:53:32.867+0000][79][info ][gc          ] GC(29) Pause Young (Concurrent Start) (CodeCache GC Threshold) 1495M->143M(3392M) 151.375ms
[2025-01-18T06:53:32.868+0000][79][info ][gc,cpu      ] GC(29) User=0.71s Sys=0.08s Real=0.15s
[2025-01-18T06:53:32.868+0000][79][info ][safepoint   ] Safepoint "G1TryInitiateConcMark", Time since last: 114243394428 ns, Reaching safepoint: 40504 ns, Cleanup: 6274 ns, At safepoint: 152466498 ns, Total: 152513276 ns
[2025-01-18T06:53:32.868+0000][79][info ][gc          ] GC(30) Concurrent Mark Cycle
[2025-01-18T06:53:32.870+0000][79][info ][gc,marking  ] GC(30) Concurrent Scan Root Regions
[2025-01-18T06:53:33.043+0000][79][info ][gc,marking  ] GC(30) Concurrent Scan Root Regions 173.394ms
[2025-01-18T06:53:33.044+0000][79][info ][gc,marking  ] GC(30) Concurrent Mark
[2025-01-18T06:53:33.045+0000][79][info ][gc,marking  ] GC(30) Concurrent Mark From Roots
[2025-01-18T06:53:33.046+0000][79][info ][gc,task     ] GC(30) Using 5 workers of 5 for marking
[2025-01-18T06:53:33.367+0000][79][info ][gc,marking  ] GC(30) Concurrent Mark From Roots 322.545ms
[2025-01-18T06:53:33.368+0000][79][info ][gc,marking  ] GC(30) Concurrent Preclean
[2025-01-18T06:53:33.369+0000][79][info ][gc,marking  ] GC(30) Concurrent Preclean 1.430ms
[2025-01-18T06:53:33.370+0000][79][info ][gc,start    ] GC(30) Pause Remark
[2025-01-18T06:53:34.872+0000][79][info ][gc,mmu      ] GC(30) MMU target violated: 201.0ms (200.0ms/201.0ms)
[2025-01-18T06:53:34.873+0000][79][info ][gc          ] GC(30) Pause Remark 158M->158M(3392M) 1502.196ms
[2025-01-18T06:53:34.873+0000][79][info ][gc,cpu      ] GC(30) User=20.41s Sys=0.76s Real=1.50s
[2025-01-18T06:53:34.874+0000][79][info ][safepoint   ] Safepoint "G1PauseRemark", Time since last: 502308929 ns, Reaching safepoint: 28025 ns, Cleanup: 4630 ns, At safepoint: 1503236777 ns, Total: 1503269432 ns
[2025-01-18T06:53:34.875+0000][79][info ][gc,marking  ] GC(30) Concurrent Mark 1830.716ms
[2025-01-18T06:53:34.876+0000][79][info ][gc,marking  ] GC(30) Concurrent Rebuild Remembered Sets and Scrub Regions
[2025-01-18T06:53:34.966+0000][79][info ][gc,marking  ] GC(30) Concurrent Rebuild Remembered Sets and Scrub Regions 90.349ms
[2025-01-18T06:53:34.970+0000][79][info ][gc,start    ] GC(30) Pause Cleanup
[2025-01-18T06:53:34.972+0000][79][info ][gc          ] GC(30) Pause Cleanup 162M->162M(3392M) 1.582ms
[2025-01-18T06:53:34.972+0000][79][info ][gc,cpu      ] GC(30) User=0.00s Sys=0.00s Real=0.00s
[2025-01-18T06:53:34.973+0000][79][info ][safepoint   ] Safepoint "G1PauseCleanup", Time since last: 92910063 ns, Reaching safepoint: 3242738 ns, Cleanup: 213090 ns, At safepoint: 2594238 ns, Total: 6050066 ns
[2025-01-18T06:53:34.973+0000][79][info ][gc,marking  ] GC(30) Concurrent Clear Claimed Marks
[2025-01-18T06:53:34.974+0000][79][info ][gc,marking  ] GC(30) Concurrent Clear Claimed Marks 0.621ms
[2025-01-18T06:53:34.974+0000][79][info ][gc,marking  ] GC(30) Concurrent Cleanup for Next Mark
[2025-01-18T06:53:35.129+0000][79][info ][gc,marking  ] GC(30) Concurrent Cleanup for Next Mark 155.132ms
[2025-01-18T06:53:35.130+0000][79][info ][gc          ] GC(30) Concurrent Mark Cycle 2261.542ms
[2025-01-18T06:54:39.179+0000][79][info ][safepoint   ] Safepoint "Cleanup", Time since last: 64209463851 ns, Reaching safepoint: 43029 ns, Cleanup: 16934 ns, At safepoint: 9158 ns, Total: 69121 ns
[2025-01-18T06:56:24.991+0000][79][info ][safepoint   ] Safepoint "Cleanup", Time since last: 105819705761 ns, Reaching safepoint: 185191 ns, Cleanup: 6714 ns, At safepoint: 60148 ns, Total: 252053 ns
[2025-01-18T06:56:44.886+0000][79][info ][safepoint   ] Safepoint "Cleanup", Time since last: 19895272294 ns, Reaching safepoint: 38859 ns, Cleanup: 17981 ns, At safepoint: 49778 ns, Total: 106618 ns
[2025-01-18T06:57:07.006+0000][79][info ][safepoint   ] Safepoint "Cleanup", Time since last: 22120252916 ns, Reaching safepoint: 70076 ns, Cleanup: 31030 ns, At safepoint: 12406 ns, Total: 113512 ns
[2025-01-18T06:58:37.534+0000][79][info ][safepoint   ] Safepoint "Cleanup", Time since last: 90532932046 ns, Reaching safepoint: 40868 ns, Cleanup: 20480 ns, At safepoint: 10277 ns, Total: 71625 ns
[2025-01-18T06:59:45.034+0000][79][info ][safepoint   ] Safepoint "Cleanup", Time since last: 67505779639 ns, Reaching safepoint: 12319 ns, Cleanup: 10505 ns, At safepoint: 4770 ns, Total: 27594 ns
[2025-01-18T06:59:56.510+0000][79][info ][safepoint   ] Safepoint "Cleanup", Time since last: 11475940165 ns, Reaching safepoint: 23365 ns, Cleanup: 9752 ns, At safepoint: 25495 ns, Total: 58612 ns
[2025-01-18T07:00:34.290+0000][79][info ][safepoint   ] Safepoint "Cleanup", Time since last: 37782004442 ns, Reaching safepoint: 91450 ns, Cleanup: 13905 ns, At safepoint: 6378 ns, Total: 111733 ns
[2025-01-18T07:01:25.616+0000][79][info ][safepoint   ] Safepoint "Cleanup", Time since last: 51328674906 ns, Reaching safepoint: 66594 ns, Cleanup: 40744 ns, At safepoint: 15912 ns, Total: 123250 ns
[2025-01-18T07:01:27.644+0000][79][info ][safepoint   ] Safepoint "Cleanup", Time since last: 2028535002 ns, Reaching safepoint: 61385 ns, Cleanup: 28700 ns, At safepoint: 18208 ns, Total: 108293 ns
[2025-01-18T07:01:32.531+0000][79][info ][safepoint   ] Safepoint "Cleanup", Time since last: 4886771817 ns, Reaching safepoint: 35441 ns, Cleanup: 13455 ns, At safepoint: 8359 ns, Total: 57255 ns
[2025-01-18T07:01:34.745+0000][79][info ][safepoint   ] Safepoint "Cleanup", Time since last: 2214393921 ns, Reaching safepoint: 64945 ns, Cleanup: 39931 ns, At safepoint: 18777 ns, Total: 123653 ns
[2025-01-18T07:01:38.766+0000][79][info ][safepoint   ] Safepoint "Cleanup", Time since last: 4020359773 ns, Reaching safepoint: 18857 ns, Cleanup: 12338 ns, At safepoint: 9117 ns, Total: 40312 ns
[2025-01-18T07:01:50.840+0000][79][info ][safepoint   ] Safepoint "Cleanup", Time since last: 12075248253 ns, Reaching safepoint: 8924 ns, Cleanup: 8232 ns, At safepoint: 4414 ns, Total: 21570 ns
[2025-01-18T07:01:55.845+0000][79][info ][safepoint   ] Safepoint "Cleanup", Time since last: 5005285377 ns, Reaching safepoint: 58666 ns, Cleanup: 33718 ns, At safepoint: 17735 ns, Total: 110119 ns
[2025-01-18T07:02:26.513+0000][79][info ][safepoint   ] Safepoint "Cleanup", Time since last: 30669780588 ns, Reaching safepoint: 100904 ns, Cleanup: 9673 ns, At safepoint: 45006 ns, Total: 155583 ns
[2025-01-18T07:03:21.396+0000][79][info ][safepoint   ] Safepoint "Cleanup", Time since last: 54885926643 ns, Reaching safepoint: 39380 ns, Cleanup: 13854 ns, At safepoint: 8968 ns, Total: 62202 ns
[2025-01-18T07:04:26.541+0000][79][info ][safepoint   ] Safepoint "Cleanup", Time since last: 65148202026 ns, Reaching safepoint: 22124 ns, Cleanup: 13651 ns, At safepoint: 34626 ns, Total: 70401 ns
[2025-01-18T07:04:34.777+0000][79][info ][safepoint   ] Safepoint "Cleanup", Time since last: 8236521343 ns, Reaching safepoint: 103282 ns, Cleanup: 26305 ns, At safepoint: 8744 ns, Total: 138331 ns
[2025-01-18T07:05:04.960+0000][79][info ][safepoint   ] Safepoint "Cleanup", Time since last: 30183629876 ns, Reaching safepoint: 109478 ns, Cleanup: 28947 ns, At safepoint: 20688 ns, Total: 159113 ns
[2025-01-18T07:05:56.915+0000][79][info ][safepoint   ] Safepoint "Cleanup", Time since last: 51958457964 ns, Reaching safepoint: 32328 ns, Cleanup: 9402 ns, At safepoint: 80714 ns, Total: 122444 ns
[2025-01-18T07:06:03.446+0000][79][info ][safepoint   ] Safepoint "Cleanup", Time since last: 6531309297 ns, Reaching safepoint: 105187 ns, Cleanup: 8981 ns, At safepoint: 29832 ns, Total: 144000 ns
[2025-01-18T07:06:34.691+0000][79][info ][safepoint   ] Safepoint "Cleanup", Time since last: 31246256536 ns, Reaching safepoint: 50268 ns, Cleanup: 30148 ns, At safepoint: 86347 ns, Total: 166763 ns
[2025-01-18T07:09:08.547+0000][79][info ][safepoint   ] Safepoint "Cleanup", Time since last: 153865385823 ns, Reaching safepoint: 17533 ns, Cleanup: 16508 ns, At safepoint: 34100 ns, Total: 68141 ns
[2025-01-18T07:09:35.509+0000][79][info ][gc,start    ] GC(31) Pause Young (Prepare Mixed) (G1 Evacuation Pause)
[2025-01-18T07:09:35.514+0000][79][info ][gc,task     ] GC(31) Using 18 workers of 18 for evacuation
[2025-01-18T07:09:35.515+0000][79][debug][gc,age      ] GC(31) Desired survivor size 134217728 bytes, new threshold 15 (max threshold 15)
[2025-01-18T07:09:35.641+0000][79][info ][gc,phases   ] GC(31)   Pre Evacuate Collection Set: 8.0ms
[2025-01-18T07:09:35.641+0000][79][info ][gc,phases   ] GC(31)   Merge Heap Roots: 3.2ms
[2025-01-18T07:09:35.642+0000][79][info ][gc,phases   ] GC(31)   Evacuate Collection Set: 105.2ms
[2025-01-18T07:09:35.642+0000][79][info ][gc,phases   ] GC(31)   Post Evacuate Collection Set: 6.7ms
[2025-01-18T07:09:35.642+0000][79][info ][gc,phases   ] GC(31)   Other: 6.3ms
[2025-01-18T07:09:35.643+0000][79][trace][gc,age      ] GC(31) Age table with threshold 15 (max threshold 15)
[2025-01-18T07:09:35.643+0000][79][trace][gc,age      ] GC(31) - age   1:     846760 bytes,     846760 total
[2025-01-18T07:09:35.643+0000][79][trace][gc,age      ] GC(31) - age   2:     412488 bytes,    1259248 total
[2025-01-18T07:09:35.643+0000][79][trace][gc,age      ] GC(31) - age   3:       9248 bytes,    1268496 total
[2025-01-18T07:09:35.643+0000][79][trace][gc,age      ] GC(31) - age   4:     777944 bytes,    2046440 total
[2025-01-18T07:09:35.643+0000][79][trace][gc,age      ] GC(31) - age   5:      42584 bytes,    2089024 total
[2025-01-18T07:09:35.644+0000][79][trace][gc,age      ] GC(31) - age   6:     141152 bytes,    2230176 total
[2025-01-18T07:09:35.644+0000][79][trace][gc,age      ] GC(31) - age   7:      32112 bytes,    2262288 total
[2025-01-18T07:09:35.644+0000][79][trace][gc,age      ] GC(31) - age   8:      53896 bytes,    2316184 total
[2025-01-18T07:09:35.644+0000][79][trace][gc,age      ] GC(31) - age   9:      91344 bytes,    2407528 total
[2025-01-18T07:09:35.644+0000][79][trace][gc,age      ] GC(31) - age  10:     347984 bytes,    2755512 total
[2025-01-18T07:09:35.644+0000][79][trace][gc,age      ] GC(31) - age  11:      98096 bytes,    2853608 total
[2025-01-18T07:09:35.645+0000][79][trace][gc,age      ] GC(31) - age  12:     316224 bytes,    3169832 total
[2025-01-18T07:09:35.645+0000][79][trace][gc,age      ] GC(31) - age  13:     178168 bytes,    3348000 total
[2025-01-18T07:09:35.645+0000][79][trace][gc,age      ] GC(31) - age  14:      41368 bytes,    3389368 total
[2025-01-18T07:09:35.645+0000][79][trace][gc,age      ] GC(31) - age  15:    1229384 bytes,    4618752 total
[2025-01-18T07:09:35.645+0000][79][info ][gc,heap     ] GC(31) Eden regions: 506->0(506)
[2025-01-18T07:09:35.645+0000][79][info ][gc,heap     ] GC(31) Survivor regions: 2->2(64)
[2025-01-18T07:09:35.646+0000][79][info ][gc,heap     ] GC(31) Old regions: 31->31
[2025-01-18T07:09:35.646+0000][79][info ][gc,heap     ] GC(31) Humongous regions: 4->4
[2025-01-18T07:09:35.646+0000][79][info ][gc,metaspace] GC(31) Metaspace: 149639K(155904K)->149639K(155904K) NonClass: 130271K(134080K)->130271K(134080K) Class: 19367K(21824K)->19367K(21824K)
[2025-01-18T07:09:35.646+0000][79][info ][gc          ] GC(31) Pause Young (Prepare Mixed) (G1 Evacuation Pause) 2167M->142M(3392M) 137.809ms
[2025-01-18T07:09:35.647+0000][79][info ][gc,cpu      ] GC(31) User=0.76s Sys=0.01s Real=0.14s
[2025-01-18T07:09:35.647+0000][79][info ][safepoint   ] Safepoint "G1CollectForAllocation", Time since last: 26959702255 ns, Reaching safepoint: 43502 ns, Cleanup: 7258 ns, At safepoint: 141088848 ns, Total: 141139608 ns
[2025-01-18T07:11:02.531+0000][79][info ][safepoint   ] Safepoint "Cleanup", Time since last: 86889839349 ns, Reaching safepoint: 142178 ns, Cleanup: 8326 ns, At safepoint: 50666 ns, Total: 201170 ns
[2025-01-18T07:11:09.541+0000][79][info ][safepoint   ] Safepoint "Cleanup", Time since last: 7010333101 ns, Reaching safepoint: 17977 ns, Cleanup: 15675 ns, At safepoint: 9560 ns, Total: 43212 ns
[2025-01-18T07:13:57.486+0000][79][info ][safepoint   ] Safepoint "Cleanup", Time since last: 167955983920 ns, Reaching safepoint: 16556 ns, Cleanup: 12306 ns, At safepoint: 8485 ns, Total: 37347 ns
[2025-01-18T07:14:22.638+0000][79][info ][safepoint   ] Safepoint "Cleanup", Time since last: 25154306887 ns, Reaching safepoint: 47004 ns, Cleanup: 22128 ns, At safepoint: 9130 ns, Total: 78262 ns
[2025-01-18T07:14:51.831+0000][79][info ][safepoint   ] Safepoint "Cleanup", Time since last: 29194805484 ns, Reaching safepoint: 18165 ns, Cleanup: 12292 ns, At safepoint: 10048 ns, Total: 40505 ns
[2025-01-18T07:15:08.546+0000][79][info ][safepoint   ] Safepoint "Cleanup", Time since last: 16715262572 ns, Reaching safepoint: 12100 ns, Cleanup: 7280 ns, At safepoint: 21328 ns, Total: 40708 ns
[2025-01-18T07:15:16.976+0000][79][info ][safepoint   ] Safepoint "Cleanup", Time since last: 8431074004 ns, Reaching safepoint: 54053 ns, Cleanup: 25154 ns, At safepoint: 13621 ns, Total: 92828 ns
[2025-01-18T07:15:26.002+0000][79][info ][safepoint   ] Safepoint "Cleanup", Time since last: 9026026453 ns, Reaching safepoint: 59149 ns, Cleanup: 30086 ns, At safepoint: 17551 ns, Total: 106786 ns
[2025-01-18T07:15:35.072+0000][79][info ][safepoint   ] Safepoint "Cleanup", Time since last: 9069750435 ns, Reaching safepoint: 53362 ns, Cleanup: 25158 ns, At safepoint: 14510 ns, Total: 93030 ns
[2025-01-18T07:16:20.555+0000][79][info ][safepoint   ] Safepoint "Cleanup", Time since last: 45487360278 ns, Reaching safepoint: 12171 ns, Cleanup: 6596 ns, At safepoint: 17666 ns, Total: 36433 ns
[2025-01-18T07:16:22.344+0000][79][info ][safepoint   ] Safepoint "Cleanup", Time since last: 1788341674 ns, Reaching safepoint: 57231 ns, Cleanup: 25952 ns, At safepoint: 17061 ns, Total: 100244 ns
[2025-01-18T07:16:34.399+0000][79][info ][safepoint   ] Safepoint "Cleanup", Time since last: 12055605703 ns, Reaching safepoint: 26876 ns, Cleanup: 13889 ns, At safepoint: 6171 ns, Total: 46936 ns
[2025-01-18T07:17:34.864+0000][79][info ][safepoint   ] Safepoint "Cleanup", Time since last: 60468558341 ns, Reaching safepoint: 29023 ns, Cleanup: 16851 ns, At safepoint: 6001 ns, Total: 51875 ns
[2025-01-18T07:20:03.438+0000][79][info ][safepoint   ] Safepoint "Cleanup", Time since last: 148584674404 ns, Reaching safepoint: 27000 ns, Cleanup: 12894 ns, At safepoint: 35895 ns, Total: 75789 ns
[2025-01-18T07:20:21.524+0000][79][info ][safepoint   ] Safepoint "Cleanup", Time since last: 18086173441 ns, Reaching safepoint: 19712 ns, Cleanup: 134364 ns, At safepoint: 34424 ns, Total: 188500 ns
[2025-01-18T07:20:22.525+0000][79][info ][safepoint   ] Safepoint "Cleanup", Time since last: 1000877919 ns, Reaching safepoint: 26018 ns, Cleanup: 93990 ns, At safepoint: 53825 ns, Total: 173833 ns
[2025-01-18T07:20:27.574+0000][79][info ][safepoint   ] Safepoint "Cleanup", Time since last: 5049329191 ns, Reaching safepoint: 19940 ns, Cleanup: 15240 ns, At safepoint: 10543 ns, Total: 45723 ns
[2025-01-18T07:21:14.593+0000][79][info ][safepoint   ] Safepoint "Cleanup", Time since last: 47023017287 ns, Reaching safepoint: 12988 ns, Cleanup: 10538 ns, At safepoint: 7349 ns, Total: 30875 ns
[2025-01-18T07:21:38.880+0000][79][info ][safepoint   ] Safepoint "Cleanup", Time since last: 24286564488 ns, Reaching safepoint: 17125 ns, Cleanup: 14168 ns, At safepoint: 8616 ns, Total: 39909 ns
[2025-01-18T07:21:39.892+0000][79][info ][safepoint   ] Safepoint "Cleanup", Time since last: 1011912722 ns, Reaching safepoint: 39705 ns, Cleanup: 20979 ns, At safepoint: 10711 ns, Total: 71395 ns
[2025-01-18T07:24:02.599+0000][79][info ][safepoint   ] Safepoint "Cleanup", Time since last: 142716707718 ns, Reaching safepoint: 9990 ns, Cleanup: 62118 ns, At safepoint: 6424 ns, Total: 78532 ns
[2025-01-18T07:24:28.559+0000][79][info ][safepoint   ] Safepoint "Cleanup", Time since last: 25961482277 ns, Reaching safepoint: 18470 ns, Cleanup: 10589 ns, At safepoint: 6511 ns, Total: 35570 ns
[2025-01-18T07:25:50.950+0000][79][info ][gc,start    ] GC(32) Pause Young (Mixed) (G1 Evacuation Pause)
[2025-01-18T07:25:50.952+0000][79][info ][gc,task     ] GC(32) Using 18 workers of 18 for evacuation
[2025-01-18T07:25:50.953+0000][79][debug][gc,age      ] GC(32) Desired survivor size 134217728 bytes, new threshold 15 (max threshold 15)
[2025-01-18T07:25:51.036+0000][79][info ][gc,phases   ] GC(32)   Pre Evacuate Collection Set: 1.0ms
[2025-01-18T07:25:51.037+0000][79][info ][gc,phases   ] GC(32)   Merge Heap Roots: 0.7ms
[2025-01-18T07:25:51.037+0000][79][info ][gc,phases   ] GC(32)   Evacuate Collection Set: 78.4ms
[2025-01-18T07:25:51.038+0000][79][info ][gc,phases   ] GC(32)   Post Evacuate Collection Set: 1.8ms
[2025-01-18T07:25:51.038+0000][79][info ][gc,phases   ] GC(32)   Other: 1.9ms
[2025-01-18T07:25:51.039+0000][79][trace][gc,age      ] GC(32) Age table with threshold 15 (max threshold 15)
[2025-01-18T07:25:51.039+0000][79][trace][gc,age      ] GC(32) - age   1:    1219992 bytes,    1219992 total
[2025-01-18T07:25:51.040+0000][79][trace][gc,age      ] GC(32) - age   2:      33440 bytes,    1253432 total
[2025-01-18T07:25:51.040+0000][79][trace][gc,age      ] GC(32) - age   3:     410488 bytes,    1663920 total
[2025-01-18T07:25:51.041+0000][79][trace][gc,age      ] GC(32) - age   4:       8864 bytes,    1672784 total
[2025-01-18T07:25:51.041+0000][79][trace][gc,age      ] GC(32) - age   5:     776480 bytes,    2449264 total
[2025-01-18T07:25:51.041+0000][79][trace][gc,age      ] GC(32) - age   6:      41744 bytes,    2491008 total
[2025-01-18T07:25:51.042+0000][79][trace][gc,age      ] GC(32) - age   7:     140744 bytes,    2631752 total
[2025-01-18T07:25:51.042+0000][79][trace][gc,age      ] GC(32) - age   8:      31832 bytes,    2663584 total
[2025-01-18T07:25:51.043+0000][79][trace][gc,age      ] GC(32) - age   9:      53360 bytes,    2716944 total
[2025-01-18T07:25:51.043+0000][79][trace][gc,age      ] GC(32) - age  10:      90440 bytes,    2807384 total
[2025-01-18T07:25:51.044+0000][79][trace][gc,age      ] GC(32) - age  11:     347464 bytes,    3154848 total
[2025-01-18T07:25:51.044+0000][79][trace][gc,age      ] GC(32) - age  12:      98096 bytes,    3252944 total
[2025-01-18T07:25:51.044+0000][79][trace][gc,age      ] GC(32) - age  13:     316144 bytes,    3569088 total
[2025-01-18T07:25:51.045+0000][79][trace][gc,age      ] GC(32) - age  14:     178168 bytes,    3747256 total
[2025-01-18T07:25:51.045+0000][79][trace][gc,age      ] GC(32) - age  15:      41368 bytes,    3788624 total
[2025-01-18T07:25:51.046+0000][79][info ][gc,heap     ] GC(32) Eden regions: 506->0(507)
[2025-01-18T07:25:51.047+0000][79][info ][gc,heap     ] GC(32) Survivor regions: 2->1(64)
[2025-01-18T07:25:51.047+0000][79][info ][gc,heap     ] GC(32) Old regions: 31->36
[2025-01-18T07:25:51.048+0000][79][info ][gc,heap     ] GC(32) Humongous regions: 4->4
[2025-01-18T07:25:51.048+0000][79][info ][gc,metaspace] GC(32) Metaspace: 149646K(155904K)->149646K(155904K) NonClass: 130277K(134080K)->130277K(134080K) Class: 19368K(21824K)->19368K(21824K)
[2025-01-18T07:25:51.049+0000][79][info ][gc          ] GC(32) Pause Young (Mixed) (G1 Evacuation Pause) 2166M->161M(3392M) 98.260ms
[2025-01-18T07:25:51.049+0000][79][info ][gc,cpu      ] GC(32) User=0.76s Sys=0.00s Real=0.10s
[2025-01-18T07:25:51.050+0000][79][info ][safepoint   ] Safepoint "G1CollectForAllocation", Time since last: 82396314544 ns, Reaching safepoint: 116682 ns, Cleanup: 11356 ns, At safepoint: 99990657 ns, Total: 100118695 ns
[2025-01-18T07:26:34.214+0000][79][info ][safepoint   ] Safepoint "Cleanup", Time since last: 43166303376 ns, Reaching safepoint: 65767 ns, Cleanup: 19462 ns, At safepoint: 12702 ns, Total: 97931 ns
[2025-01-18T07:27:34.501+0000][79][info ][safepoint   ] Safepoint "Cleanup", Time since last: 60290748373 ns, Reaching safepoint: 42366 ns, Cleanup: 21462 ns, At safepoint: 11297 ns, Total: 75125 ns
[2025-01-18T07:28:44.752+0000][79][info ][safepoint   ] Safepoint "Cleanup", Time since last: 70256527014 ns, Reaching safepoint: 12068 ns, Cleanup: 11284 ns, At safepoint: 18023 ns, Total: 41375 ns
[2025-01-18T07:28:50.555+0000][79][info ][safepoint   ] Safepoint "Cleanup", Time since last: 5802129014 ns, Reaching safepoint: 126064 ns, Cleanup: 13689 ns, At safepoint: 78978 ns, Total: 218731 ns
[2025-01-18T07:28:56.574+0000][79][info ][safepoint   ] Safepoint "Cleanup", Time since last: 6018926815 ns, Reaching safepoint: 12354 ns, Cleanup: 56133 ns, At safepoint: 6520 ns, Total: 75007 ns
[2025-01-18T07:29:26.565+0000][79][info ][safepoint   ] Safepoint "Cleanup", Time since last: 29993645134 ns, Reaching safepoint: 15642 ns, Cleanup: 11217 ns, At safepoint: 31946 ns, Total: 58805 ns
[2025-01-18T07:29:44.567+0000][79][info ][safepoint   ] Safepoint "Cleanup", Time since last: 18003003235 ns, Reaching safepoint: 322901 ns, Cleanup: 10760 ns, At safepoint: 90593 ns, Total: 424254 ns
[2025-01-18T07:30:44.811+0000][79][info ][safepoint   ] Safepoint "Cleanup", Time since last: 60248095237 ns, Reaching safepoint: 14582 ns, Cleanup: 11519 ns, At safepoint: 8542 ns, Total: 34643 ns
[2025-01-18T07:31:44.853+0000][79][info ][safepoint   ] Safepoint "Cleanup", Time since last: 60045330043 ns, Reaching safepoint: 22934 ns, Cleanup: 7046 ns, At safepoint: 26391 ns, Total: 56371 ns
[2025-01-18T07:33:30.957+0000][79][info ][safepoint   ] Safepoint "Cleanup", Time since last: 106110308764 ns, Reaching safepoint: 35343 ns, Cleanup: 15760 ns, At safepoint: 10552 ns, Total: 61655 ns
[2025-01-18T07:36:56.820+0000][79][info ][safepoint   ] Safepoint "Cleanup", Time since last: 205876061216 ns, Reaching safepoint: 23529 ns, Cleanup: 9684 ns, At safepoint: 35587 ns, Total: 68800 ns
[2025-01-18T07:38:34.253+0000][79][info ][safepoint   ] Safepoint "Cleanup", Time since last: 97439584262 ns, Reaching safepoint: 31598 ns, Cleanup: 17015 ns, At safepoint: 7798 ns, Total: 56411 ns
[2025-01-18T07:39:23.419+0000][79][info ][safepoint   ] Safepoint "Cleanup", Time since last: 49169548014 ns, Reaching safepoint: 63509 ns, Cleanup: 27681 ns, At safepoint: 19423 ns, Total: 110613 ns
[2025-01-18T07:40:02.581+0000][79][info ][safepoint   ] Safepoint "Cleanup", Time since last: 39163413269 ns, Reaching safepoint: 42263 ns, Cleanup: 12480 ns, At safepoint: 9241 ns, Total: 63984 ns
[2025-01-18T07:40:34.748+0000][79][info ][safepoint   ] Safepoint "Cleanup", Time since last: 32169999379 ns, Reaching safepoint: 63511 ns, Cleanup: 72732 ns, At safepoint: 20680 ns, Total: 156923 ns
[2025-01-18T07:41:31.935+0000][79][info ][safepoint   ] Safepoint "Cleanup", Time since last: 57191062091 ns, Reaching safepoint: 88349 ns, Cleanup: 23595 ns, At safepoint: 11759 ns, Total: 123703 ns
[2025-01-18T07:41:52.139+0000][79][info ][gc,start    ] GC(33) Pause Young (Normal) (G1 Evacuation Pause)
[2025-01-18T07:41:52.148+0000][79][info ][gc,task     ] GC(33) Using 18 workers of 18 for evacuation
[2025-01-18T07:41:52.154+0000][79][debug][gc,age      ] GC(33) Desired survivor size 134217728 bytes, new threshold 15 (max threshold 15)
[2025-01-18T07:41:52.181+0000][79][info ][gc,phases   ] GC(33)   Pre Evacuate Collection Set: 1.1ms
[2025-01-18T07:41:52.182+0000][79][info ][gc,phases   ] GC(33)   Merge Heap Roots: 1.0ms
[2025-01-18T07:41:52.183+0000][79][info ][gc,phases   ] GC(33)   Evacuate Collection Set: 12.4ms
[2025-01-18T07:41:52.183+0000][79][info ][gc,phases   ] GC(33)   Post Evacuate Collection Set: 2.1ms
[2025-01-18T07:41:52.184+0000][79][info ][gc,phases   ] GC(33)   Other: 16.8ms
[2025-01-18T07:41:52.185+0000][79][trace][gc,age      ] GC(33) Age table with threshold 15 (max threshold 15)
[2025-01-18T07:41:52.186+0000][79][trace][gc,age      ] GC(33) - age   1:    2042128 bytes,    2042128 total
[2025-01-18T07:41:52.186+0000][79][trace][gc,age      ] GC(33) - age   2:      12200 bytes,    2054328 total
[2025-01-18T07:41:52.187+0000][79][trace][gc,age      ] GC(33) - age   3:      31816 bytes,    2086144 total
[2025-01-18T07:41:52.187+0000][79][trace][gc,age      ] GC(33) - age   4:     408240 bytes,    2494384 total
[2025-01-18T07:41:52.188+0000][79][trace][gc,age      ] GC(33) - age   5:       8864 bytes,    2503248 total
[2025-01-18T07:41:52.188+0000][79][trace][gc,age      ] GC(33) - age   6:     775456 bytes,    3278704 total
[2025-01-18T07:41:52.189+0000][79][trace][gc,age      ] GC(33) - age   7:      41704 bytes,    3320408 total
[2025-01-18T07:41:52.189+0000][79][trace][gc,age      ] GC(33) - age   8:     140624 bytes,    3461032 total
[2025-01-18T07:41:52.190+0000][79][trace][gc,age      ] GC(33) - age   9:      31736 bytes,    3492768 total
[2025-01-18T07:41:52.190+0000][79][trace][gc,age      ] GC(33) - age  10:      53360 bytes,    3546128 total
[2025-01-18T07:41:52.190+0000][79][trace][gc,age      ] GC(33) - age  11:      89960 bytes,    3636088 total
[2025-01-18T07:41:52.191+0000][79][trace][gc,age      ] GC(33) - age  12:     347400 bytes,    3983488 total
[2025-01-18T07:41:52.191+0000][79][trace][gc,age      ] GC(33) - age  13:      96576 bytes,    4080064 total
[2025-01-18T07:41:52.191+0000][79][trace][gc,age      ] GC(33) - age  14:     316144 bytes,    4396208 total
[2025-01-18T07:41:52.192+0000][79][trace][gc,age      ] GC(33) - age  15:     178168 bytes,    4574376 total
[2025-01-18T07:41:52.192+0000][79][info ][gc,heap     ] GC(33) Eden regions: 507->0(506)
[2025-01-18T07:41:52.193+0000][79][info ][gc,heap     ] GC(33) Survivor regions: 1->2(64)
[2025-01-18T07:41:52.193+0000][79][info ][gc,heap     ] GC(33) Old regions: 36->36
[2025-01-18T07:41:52.193+0000][79][info ][gc,heap     ] GC(33) Humongous regions: 4->4
[2025-01-18T07:41:52.194+0000][79][info ][gc,metaspace] GC(33) Metaspace: 149694K(155904K)->149694K(155904K) NonClass: 130326K(134080K)->130326K(134080K) Class: 19368K(21824K)->19368K(21824K)
[2025-01-18T07:41:52.194+0000][79][info ][gc          ] GC(33) Pause Young (Normal) (G1 Evacuation Pause) 2189M->161M(3392M) 54.748ms
[2025-01-18T07:41:52.195+0000][79][info ][gc,cpu      ] GC(33) User=0.12s Sys=0.00s Real=0.06s
[2025-01-18T07:41:52.195+0000][79][info ][safepoint   ] Safepoint "G1CollectForAllocation", Time since last: 20205609123 ns, Reaching safepoint: 30972 ns, Cleanup: 5860 ns, At safepoint: 55636663 ns, Total: 55673495 ns
[2025-01-18T07:44:34.804+0000][79][info ][safepoint   ] Safepoint "Cleanup", Time since last: 162619288351 ns, Reaching safepoint: 49520 ns, Cleanup: 41623 ns, At safepoint: 7745 ns, Total: 98888 ns
[2025-01-18T07:44:38.812+0000][79][info ][safepoint   ] Safepoint "Cleanup", Time since last: 4007606367 ns, Reaching safepoint: 11470 ns, Cleanup: 9956 ns, At safepoint: 17449 ns, Total: 38875 ns
[2025-01-18T07:45:02.938+0000][79][info ][safepoint   ] Safepoint "Cleanup", Time since last: 24127240832 ns, Reaching safepoint: 36278 ns, Cleanup: 14416 ns, At safepoint: 4962 ns, Total: 55656 ns
[2025-01-18T07:47:44.608+0000][79][info ][safepoint   ] Safepoint "Cleanup", Time since last: 161681864235 ns, Reaching safepoint: 38085 ns, Cleanup: 12534 ns, At safepoint: 10057 ns, Total: 60676 ns
[2025-01-18T07:48:32.826+0000][79][info ][safepoint   ] Safepoint "Cleanup", Time since last: 48220197694 ns, Reaching safepoint: 151270 ns, Cleanup: 16424 ns, At safepoint: 54837 ns, Total: 222531 ns
[2025-01-18T07:49:14.619+0000][79][info ][safepoint   ] Safepoint "Cleanup", Time since last: 41797053396 ns, Reaching safepoint: 38281 ns, Cleanup: 10978 ns, At safepoint: 8777 ns, Total: 58036 ns
[2025-01-18T07:49:26.601+0000][79][info ][safepoint   ] Safepoint "Cleanup", Time since last: 11981825196 ns, Reaching safepoint: 108185 ns, Cleanup: 11608 ns, At safepoint: 54071 ns, Total: 173864 ns
[2025-01-18T07:49:36.068+0000][79][info ][safepoint   ] Safepoint "Cleanup", Time since last: 9466683763 ns, Reaching safepoint: 48602 ns, Cleanup: 17090 ns, At safepoint: 39671 ns, Total: 105363 ns
[2025-01-18T07:50:33.381+0000][79][info ][safepoint   ] Safepoint "Cleanup", Time since last: 57316606988 ns, Reaching safepoint: 22887 ns, Cleanup: 13243 ns, At safepoint: 47038 ns, Total: 83168 ns
[2025-01-18T07:51:34.653+0000][79][info ][safepoint   ] Safepoint "Cleanup", Time since last: 61275730118 ns, Reaching safepoint: 38408 ns, Cleanup: 18667 ns, At safepoint: 10468 ns, Total: 67543 ns
[2025-01-18T07:52:56.649+0000][79][info ][safepoint   ] Safepoint "Cleanup", Time since last: 82001725461 ns, Reaching safepoint: 15222 ns, Cleanup: 12494 ns, At safepoint: 8221 ns, Total: 35937 ns
[2025-01-18T07:54:34.469+0000][79][info ][safepoint   ] Safepoint "Cleanup", Time since last: 97825947205 ns, Reaching safepoint: 42790 ns, Cleanup: 21268 ns, At safepoint: 11122 ns, Total: 75180 ns
[2025-01-18T07:54:56.616+0000][79][info ][safepoint   ] Safepoint "Cleanup", Time since last: 22148973108 ns, Reaching safepoint: 11125 ns, Cleanup: 11826 ns, At safepoint: 18287 ns, Total: 41238 ns
[2025-01-18T07:55:34.781+0000][79][info ][safepoint   ] Safepoint "Cleanup", Time since last: 38166684988 ns, Reaching safepoint: 45940 ns, Cleanup: 21609 ns, At safepoint: 11664 ns, Total: 79213 ns
[2025-01-18T07:56:26.986+0000][79][info ][safepoint   ] Safepoint "Cleanup", Time since last: 52208384218 ns, Reaching safepoint: 19661 ns, Cleanup: 12232 ns, At safepoint: 10937 ns, Total: 42830 ns
[2025-01-18T07:56:34.010+0000][79][info ][safepoint   ] Safepoint "Cleanup", Time since last: 7023532874 ns, Reaching safepoint: 64348 ns, Cleanup: 34207 ns, At safepoint: 19967 ns, Total: 118522 ns
[2025-01-18T07:57:34.297+0000][79][info ][safepoint   ] Safepoint "Cleanup", Time since last: 60291045268 ns, Reaching safepoint: 63407 ns, Cleanup: 28752 ns, At safepoint: 20121 ns, Total: 112280 ns
[2025-01-18T07:57:45.354+0000][79][info ][gc,start    ] GC(34) Pause Young (Normal) (G1 Evacuation Pause)
[2025-01-18T07:57:45.355+0000][79][info ][gc,task     ] GC(34) Using 18 workers of 18 for evacuation
[2025-01-18T07:57:45.356+0000][79][debug][gc,age      ] GC(34) Desired survivor size 134217728 bytes, new threshold 15 (max threshold 15)
[2025-01-18T07:57:45.372+0000][79][info ][gc,phases   ] GC(34)   Pre Evacuate Collection Set: 0.8ms
[2025-01-18T07:57:45.373+0000][79][info ][gc,phases   ] GC(34)   Merge Heap Roots: 0.9ms
[2025-01-18T07:57:45.374+0000][79][info ][gc,phases   ] GC(34)   Evacuate Collection Set: 11.7ms
[2025-01-18T07:57:45.374+0000][79][info ][gc,phases   ] GC(34)   Post Evacuate Collection Set: 2.2ms
[2025-01-18T07:57:45.375+0000][79][info ][gc,phases   ] GC(34)   Other: 1.1ms
[2025-01-18T07:57:45.375+0000][79][trace][gc,age      ] GC(34) Age table with threshold 15 (max threshold 15)
[2025-01-18T07:57:45.376+0000][79][trace][gc,age      ] GC(34) - age   1:    1528056 bytes,    1528056 total
[2025-01-18T07:57:45.376+0000][79][trace][gc,age      ] GC(34) - age   2:      18112 bytes,    1546168 total
[2025-01-18T07:57:45.376+0000][79][trace][gc,age      ] GC(34) - age   3:      10512 bytes,    1556680 total
[2025-01-18T07:57:45.377+0000][79][trace][gc,age      ] GC(34) - age   4:      30536 bytes,    1587216 total
[2025-01-18T07:57:45.377+0000][79][trace][gc,age      ] GC(34) - age   5:      30360 bytes,    1617576 total
[2025-01-18T07:57:45.378+0000][79][trace][gc,age      ] GC(34) - age   6:       7904 bytes,    1625480 total
[2025-01-18T07:57:45.378+0000][79][trace][gc,age      ] GC(34) - age   7:     775376 bytes,    2400856 total
[2025-01-18T07:57:45.378+0000][79][trace][gc,age      ] GC(34) - age   8:      41624 bytes,    2442480 total
[2025-01-18T07:57:45.379+0000][79][trace][gc,age      ] GC(34) - age   9:     136048 bytes,    2578528 total
[2025-01-18T07:57:45.379+0000][79][trace][gc,age      ] GC(34) - age  10:      31656 bytes,    2610184 total
[2025-01-18T07:57:45.380+0000][79][trace][gc,age      ] GC(34) - age  11:      53360 bytes,    2663544 total
[2025-01-18T07:57:45.381+0000][79][trace][gc,age      ] GC(34) - age  12:      89960 bytes,    2753504 total
[2025-01-18T07:57:45.381+0000][79][trace][gc,age      ] GC(34) - age  13:     347000 bytes,    3100504 total
[2025-01-18T07:57:45.382+0000][79][trace][gc,age      ] GC(34) - age  14:      96576 bytes,    3197080 total
[2025-01-18T07:57:45.382+0000][79][trace][gc,age      ] GC(34) - age  15:     316104 bytes,    3513184 total
[2025-01-18T07:57:45.383+0000][79][info ][gc,heap     ] GC(34) Eden regions: 506->0(507)
[2025-01-18T07:57:45.383+0000][79][info ][gc,heap     ] GC(34) Survivor regions: 2->1(64)
[2025-01-18T07:57:45.384+0000][79][info ][gc,heap     ] GC(34) Old regions: 36->36
[2025-01-18T07:57:45.384+0000][79][info ][gc,heap     ] GC(34) Humongous regions: 4->4
[2025-01-18T07:57:45.385+0000][79][info ][gc,metaspace] GC(34) Metaspace: 149758K(155904K)->149758K(155904K) NonClass: 130389K(134080K)->130389K(134080K) Class: 19369K(21824K)->19369K(21824K)
[2025-01-18T07:57:45.386+0000][79][info ][gc          ] GC(34) Pause Young (Normal) (G1 Evacuation Pause) 2185M->161M(3392M) 31.517ms
[2025-01-18T07:57:45.386+0000][79][info ][gc,cpu      ] GC(34) User=0.10s Sys=0.00s Real=0.03s
[2025-01-18T07:57:45.387+0000][79][info ][safepoint   ] Safepoint "G1CollectForAllocation", Time since last: 11060065647 ns, Reaching safepoint: 28698 ns, Cleanup: 5974 ns, At safepoint: 32742717 ns, Total: 32777389 ns
[2025-01-18T07:58:34.584+0000][79][info ][safepoint   ] Safepoint "Cleanup", Time since last: 49198794442 ns, Reaching safepoint: 53137 ns, Cleanup: 34400 ns, At safepoint: 15067 ns, Total: 102604 ns
[2025-01-18T07:59:23.797+0000][79][info ][safepoint   ] Safepoint "Cleanup", Time since last: 49216163834 ns, Reaching safepoint: 30483 ns, Cleanup: 16245 ns, At safepoint: 6775 ns, Total: 53503 ns
[2025-01-18T07:59:33.838+0000][79][info ][safepoint   ] Safepoint "Cleanup", Time since last: 10041430616 ns, Reaching safepoint: 10820 ns, Cleanup: 7372 ns, At safepoint: 17698 ns, Total: 35890 ns
[2025-01-18T08:00:02.630+0000][79][info ][safepoint   ] Safepoint "Cleanup", Time since last: 28794555689 ns, Reaching safepoint: 11506 ns, Cleanup: 5152 ns, At safepoint: 17054 ns, Total: 33712 ns
[2025-01-18T08:00:32.903+0000][79][info ][safepoint   ] Safepoint "Cleanup", Time since last: 30273665013 ns, Reaching safepoint: 14513 ns, Cleanup: 9646 ns, At safepoint: 8195 ns, Total: 32354 ns
[2025-01-18T08:00:34.075+0000][79][info ][safepoint   ] Safepoint "Cleanup", Time since last: 1172053530 ns, Reaching safepoint: 25210 ns, Cleanup: 12668 ns, At safepoint: 5445 ns, Total: 43323 ns
[2025-01-18T08:00:39.080+0000][79][info ][safepoint   ] Safepoint "Cleanup", Time since last: 5004738713 ns, Reaching safepoint: 14090 ns, Cleanup: 10736 ns, At safepoint: 25991 ns, Total: 50817 ns
[2025-01-18T08:01:34.339+0000][79][info ][safepoint   ] Safepoint "Cleanup", Time since last: 55263880396 ns, Reaching safepoint: 65195 ns, Cleanup: 35854 ns, At safepoint: 11809 ns, Total: 112858 ns
[2025-01-18T08:04:56.627+0000][79][info ][safepoint   ] Safepoint "Cleanup", Time since last: 202300567846 ns, Reaching safepoint: 10666 ns, Cleanup: 7277 ns, At safepoint: 18021 ns, Total: 35964 ns
[2025-01-18T08:05:15.630+0000][79][info ][safepoint   ] Safepoint "Cleanup", Time since last: 19004978802 ns, Reaching safepoint: 10869 ns, Cleanup: 10556 ns, At safepoint: 19178 ns, Total: 40603 ns
[2025-01-18T08:05:23.340+0000][79][info ][safepoint   ] Safepoint "Cleanup", Time since last: 7709676650 ns, Reaching safepoint: 45176 ns, Cleanup: 20399 ns, At safepoint: 10984 ns, Total: 76559 ns
[2025-01-18T08:05:24.341+0000][79][info ][safepoint   ] Safepoint "Cleanup", Time since last: 1001188197 ns, Reaching safepoint: 28355 ns, Cleanup: 11600 ns, At safepoint: 5776 ns, Total: 45731 ns
[2025-01-18T08:09:24.231+0000][79][info ][safepoint   ] Safepoint "Cleanup", Time since last: 239905880770 ns, Reaching safepoint: 99098 ns, Cleanup: 24480 ns, At safepoint: 21291 ns, Total: 144869 ns
[2025-01-18T08:09:34.251+0000][79][info ][safepoint   ] Safepoint "Cleanup", Time since last: 10019204454 ns, Reaching safepoint: 110914 ns, Cleanup: 26522 ns, At safepoint: 23209 ns, Total: 160645 ns
[2025-01-18T08:10:56.664+0000][79][info ][safepoint   ] Safepoint "Cleanup", Time since last: 82418827214 ns, Reaching safepoint: 15731 ns, Cleanup: 9040 ns, At safepoint: 8608 ns, Total: 33379 ns
[2025-01-18T08:10:58.590+0000][79][info ][safepoint   ] Safepoint "Cleanup", Time since last: 1926214703 ns, Reaching safepoint: 53245 ns, Cleanup: 26190 ns, At safepoint: 13968 ns, Total: 93403 ns
[2025-01-18T08:11:03.594+0000][79][info ][safepoint   ] Safepoint "Cleanup", Time since last: 5004421451 ns, Reaching safepoint: 14021 ns, Cleanup: 11209 ns, At safepoint: 5332 ns, Total: 30562 ns
[2025-01-18T08:13:02.764+0000][79][info ][safepoint   ] Safepoint "Cleanup", Time since last: 119177386224 ns, Reaching safepoint: 8889 ns, Cleanup: 6254 ns, At safepoint: 4515 ns, Total: 19658 ns
[2025-01-18T08:13:50.680+0000][79][info ][gc,start    ] GC(35) Pause Young (Normal) (G1 Evacuation Pause)
[2025-01-18T08:13:50.681+0000][79][info ][gc,task     ] GC(35) Using 18 workers of 18 for evacuation
[2025-01-18T08:13:50.682+0000][79][debug][gc,age      ] GC(35) Desired survivor size 134217728 bytes, new threshold 15 (max threshold 15)
[2025-01-18T08:13:50.697+0000][79][info ][gc,phases   ] GC(35)   Pre Evacuate Collection Set: 1.0ms
[2025-01-18T08:13:50.698+0000][79][info ][gc,phases   ] GC(35)   Merge Heap Roots: 1.0ms
[2025-01-18T08:13:50.698+0000][79][info ][gc,phases   ] GC(35)   Evacuate Collection Set: 11.5ms
[2025-01-18T08:13:50.699+0000][79][info ][gc,phases   ] GC(35)   Post Evacuate Collection Set: 1.8ms
[2025-01-18T08:13:50.699+0000][79][info ][gc,phases   ] GC(35)   Other: 1.1ms
[2025-01-18T08:13:50.699+0000][79][trace][gc,age      ] GC(35) Age table with threshold 15 (max threshold 15)
[2025-01-18T08:13:50.700+0000][79][trace][gc,age      ] GC(35) - age   1:    1494600 bytes,    1494600 total
[2025-01-18T08:13:50.700+0000][79][trace][gc,age      ] GC(35) - age   2:     289224 bytes,    1783824 total
[2025-01-18T08:13:50.701+0000][79][trace][gc,age      ] GC(35) - age   3:      14216 bytes,    1798040 total
[2025-01-18T08:13:50.701+0000][79][trace][gc,age      ] GC(35) - age   4:      10112 bytes,    1808152 total
[2025-01-18T08:13:50.701+0000][79][trace][gc,age      ] GC(35) - age   5:      30296 bytes,    1838448 total
[2025-01-18T08:13:50.701+0000][79][trace][gc,age      ] GC(35) - age   6:      29920 bytes,    1868368 total
[2025-01-18T08:13:50.702+0000][79][trace][gc,age      ] GC(35) - age   7:       7904 bytes,    1876272 total
[2025-01-18T08:13:50.702+0000][79][trace][gc,age      ] GC(35) - age   8:     773904 bytes,    2650176 total
[2025-01-18T08:13:50.702+0000][79][trace][gc,age      ] GC(35) - age   9:      41560 bytes,    2691736 total
[2025-01-18T08:13:50.702+0000][79][trace][gc,age      ] GC(35) - age  10:     135936 bytes,    2827672 total
[2025-01-18T08:13:50.703+0000][79][trace][gc,age      ] GC(35) - age  11:      31656 bytes,    2859328 total
[2025-01-18T08:13:50.703+0000][79][trace][gc,age      ] GC(35) - age  12:      53360 bytes,    2912688 total
[2025-01-18T08:13:50.703+0000][79][trace][gc,age      ] GC(35) - age  13:      88760 bytes,    3001448 total
[2025-01-18T08:13:50.703+0000][79][trace][gc,age      ] GC(35) - age  14:     346920 bytes,    3348368 total
[2025-01-18T08:13:50.703+0000][79][trace][gc,age      ] GC(35) - age  15:      96576 bytes,    3444944 total
[2025-01-18T08:13:50.703+0000][79][info ][gc,heap     ] GC(35) Eden regions: 507->0(507)
[2025-01-18T08:13:50.704+0000][79][info ][gc,heap     ] GC(35) Survivor regions: 1->1(64)
[2025-01-18T08:13:50.704+0000][79][info ][gc,heap     ] GC(35) Old regions: 36->36
[2025-01-18T08:13:50.705+0000][79][info ][gc,heap     ] GC(35) Humongous regions: 4->4
[2025-01-18T08:13:50.705+0000][79][info ][gc,metaspace] GC(35) Metaspace: 149813K(155904K)->149813K(155904K) NonClass: 130444K(134080K)->130444K(134080K) Class: 19369K(21824K)->19369K(21824K)
[2025-01-18T08:13:50.705+0000][79][info ][gc          ] GC(35) Pause Young (Normal) (G1 Evacuation Pause) 2189M->161M(3392M) 24.793ms
[2025-01-18T08:13:50.705+0000][79][info ][gc,cpu      ] GC(35) User=0.10s Sys=0.00s Real=0.02s
[2025-01-18T08:13:50.706+0000][79][info ][safepoint   ] Safepoint "G1CollectForAllocation", Time since last: 47920094920 ns, Reaching safepoint: 51164 ns, Cleanup: 5463 ns, At safepoint: 25531739 ns, Total: 25588366 ns
[2025-01-18T08:14:02.812+0000][79][info ][safepoint   ] Safepoint "Cleanup", Time since last: 12105540761 ns, Reaching safepoint: 274310 ns, Cleanup: 7200 ns, At safepoint: 50686 ns, Total: 332196 ns
[2025-01-18T08:14:22.474+0000][79][info ][safepoint   ] Safepoint "Cleanup", Time since last: 19664739965 ns, Reaching safepoint: 27793 ns, Cleanup: 13209 ns, At safepoint: 5943 ns, Total: 46945 ns
[2025-01-18T08:16:42.053+0000][79][info ][safepoint   ] Safepoint "Cleanup", Time since last: 139587985771 ns, Reaching safepoint: 40582 ns, Cleanup: 19114 ns, At safepoint: 11419 ns, Total: 71115 ns
[2025-01-18T08:17:14.660+0000][79][info ][safepoint   ] Safepoint "Cleanup", Time since last: 32606351788 ns, Reaching safepoint: 2456864 ns, Cleanup: 29353 ns, At safepoint: 197420 ns, Total: 2683637 ns
[2025-01-18T08:19:23.604+0000][79][info ][safepoint   ] Safepoint "Cleanup", Time since last: 128951585591 ns, Reaching safepoint: 46547 ns, Cleanup: 20798 ns, At safepoint: 11020 ns, Total: 78365 ns
[2025-01-18T08:19:26.682+0000][79][info ][safepoint   ] Safepoint "Cleanup", Time since last: 3077584371 ns, Reaching safepoint: 14039 ns, Cleanup: 10522 ns, At safepoint: 31792 ns, Total: 56353 ns
[2025-01-18T08:21:14.827+0000][79][info ][safepoint   ] Safepoint "Cleanup", Time since last: 108152831707 ns, Reaching safepoint: 120627 ns, Cleanup: 7774 ns, At safepoint: 40285 ns, Total: 168686 ns
[2025-01-18T08:22:14.807+0000][79][info ][safepoint   ] Safepoint "Cleanup", Time since last: 59983651924 ns, Reaching safepoint: 10553 ns, Cleanup: 10110 ns, At safepoint: 48478 ns, Total: 69141 ns
[2025-01-18T08:22:56.663+0000][79][info ][safepoint   ] Safepoint "Cleanup", Time since last: 41857920558 ns, Reaching safepoint: 11639 ns, Cleanup: 7933 ns, At safepoint: 4742 ns, Total: 24314 ns
[2025-01-18T08:28:02.676+0000][79][info ][safepoint   ] Safepoint "Cleanup", Time since last: 306032789062 ns, Reaching safepoint: 14900 ns, Cleanup: 8012 ns, At safepoint: 21064 ns, Total: 43976 ns
[2025-01-18T08:29:57.000+0000][79][info ][gc,start    ] GC(36) Pause Young (Normal) (G1 Evacuation Pause)
[2025-01-18T08:29:59.080+0000][79][info ][gc,task     ] GC(36) Using 18 workers of 18 for evacuation
[2025-01-18T08:29:59.080+0000][79][debug][gc,age      ] GC(36) Desired survivor size 134217728 bytes, new threshold 15 (max threshold 15)
[2025-01-18T08:29:59.103+0000][79][info ][gc,phases   ] GC(36)   Pre Evacuate Collection Set: 2.2ms
[2025-01-18T08:29:59.104+0000][79][info ][gc,phases   ] GC(36)   Merge Heap Roots: 1.4ms
[2025-01-18T08:29:59.104+0000][79][info ][gc,phases   ] GC(36)   Evacuate Collection Set: 9.0ms
[2025-01-18T08:29:59.105+0000][79][info ][gc,phases   ] GC(36)   Post Evacuate Collection Set: 9.7ms
[2025-01-18T08:29:59.105+0000][79][info ][gc,phases   ] GC(36)   Other: 0.7ms
[2025-01-18T08:29:59.106+0000][79][trace][gc,age      ] GC(36) Age table with threshold 15 (max threshold 15)
[2025-01-18T08:29:59.107+0000][79][trace][gc,age      ] GC(36) - age   1:    1730136 bytes,    1730136 total
[2025-01-18T08:29:59.107+0000][79][trace][gc,age      ] GC(36) - age   2:      23160 bytes,    1753296 total
[2025-01-18T08:29:59.107+0000][79][trace][gc,age      ] GC(36) - age   3:     288224 bytes,    2041520 total
[2025-01-18T08:29:59.108+0000][79][trace][gc,age      ] GC(36) - age   4:      13728 bytes,    2055248 total
[2025-01-18T08:29:59.108+0000][79][trace][gc,age      ] GC(36) - age   5:      10112 bytes,    2065360 total
[2025-01-18T08:29:59.108+0000][79][trace][gc,age      ] GC(36) - age   6:      30216 bytes,    2095576 total
[2025-01-18T08:29:59.108+0000][79][trace][gc,age      ] GC(36) - age   7:      29920 bytes,    2125496 total
[2025-01-18T08:29:59.109+0000][79][trace][gc,age      ] GC(36) - age   8:       7904 bytes,    2133400 total
[2025-01-18T08:29:59.109+0000][79][trace][gc,age      ] GC(36) - age   9:     773728 bytes,    2907128 total
[2025-01-18T08:29:59.109+0000][79][trace][gc,age      ] GC(36) - age  10:      41528 bytes,    2948656 total
[2025-01-18T08:29:59.109+0000][79][trace][gc,age      ] GC(36) - age  11:     135816 bytes,    3084472 total
[2025-01-18T08:29:59.110+0000][79][trace][gc,age      ] GC(36) - age  12:      31656 bytes,    3116128 total
[2025-01-18T08:29:59.110+0000][79][trace][gc,age      ] GC(36) - age  13:      53360 bytes,    3169488 total
[2025-01-18T08:29:59.110+0000][79][trace][gc,age      ] GC(36) - age  14:      88760 bytes,    3258248 total
[2025-01-18T08:29:59.111+0000][79][trace][gc,age      ] GC(36) - age  15:     346656 bytes,    3604904 total
[2025-01-18T08:29:59.111+0000][79][info ][gc,heap     ] GC(36) Eden regions: 507->0(507)
[2025-01-18T08:29:59.111+0000][79][info ][gc,heap     ] GC(36) Survivor regions: 1->1(64)
[2025-01-18T08:29:59.111+0000][79][info ][gc,heap     ] GC(36) Old regions: 36->36
[2025-01-18T08:29:59.111+0000][79][info ][gc,heap     ] GC(36) Humongous regions: 4->4
[2025-01-18T08:29:59.112+0000][79][info ][gc,metaspace] GC(36) Metaspace: 149816K(155904K)->149816K(155904K) NonClass: 130447K(134080K)->130447K(134080K) Class: 19369K(21824K)->19369K(21824K)
[2025-01-18T08:29:59.112+0000][79][info ][gc          ] GC(36) Pause Young (Normal) (G1 Evacuation Pause) 2189M->161M(3392M) 2111.556ms
[2025-01-18T08:29:59.112+0000][79][info ][gc,cpu      ] GC(36) User=0.09s Sys=0.00s Real=2.11s
[2025-01-18T08:29:59.113+0000][79][info ][safepoint   ] Safepoint "G1CollectForAllocation", Time since last: 114331280394 ns, Reaching safepoint: 45084 ns, Cleanup: 7738 ns, At safepoint: 2112703729 ns, Total: 2112756551 ns
[2025-01-18T08:30:00.120+0000][79][info ][safepoint   ] Safepoint "Cleanup", Time since last: 1006994788 ns, Reaching safepoint: 71425 ns, Cleanup: 20569 ns, At safepoint: 14334 ns, Total: 106328 ns
[2025-01-18T08:32:26.979+0000][79][info ][safepoint   ] Safepoint "Cleanup", Time since last: 146868491116 ns, Reaching safepoint: 51181 ns, Cleanup: 13216 ns, At safepoint: 36579 ns, Total: 100976 ns
[2025-01-18T08:38:34.424+0000][79][info ][safepoint   ] Safepoint "Cleanup", Time since last: 367473458080 ns, Reaching safepoint: 52541 ns, Cleanup: 26600 ns, At safepoint: 15214 ns, Total: 94355 ns
[2025-01-18T08:44:22.176+0000][79][info ][safepoint   ] Safepoint "Cleanup", Time since last: 347779035516 ns, Reaching safepoint: 102726 ns, Cleanup: 32333 ns, At safepoint: 14560 ns, Total: 149619 ns
[2025-01-18T08:46:11.658+0000][79][info ][gc,start    ] GC(37) Pause Young (Normal) (G1 Evacuation Pause)
[2025-01-18T08:46:11.659+0000][79][info ][gc,task     ] GC(37) Using 18 workers of 18 for evacuation
[2025-01-18T08:46:11.660+0000][79][debug][gc,age      ] GC(37) Desired survivor size 134217728 bytes, new threshold 15 (max threshold 15)
[2025-01-18T08:46:11.690+0000][79][info ][gc,phases   ] GC(37)   Pre Evacuate Collection Set: 3.2ms
[2025-01-18T08:46:11.690+0000][79][info ][gc,phases   ] GC(37)   Merge Heap Roots: 1.1ms
[2025-01-18T08:46:11.691+0000][79][info ][gc,phases   ] GC(37)   Evacuate Collection Set: 21.7ms
[2025-01-18T08:46:11.692+0000][79][info ][gc,phases   ] GC(37)   Post Evacuate Collection Set: 3.3ms
[2025-01-18T08:46:11.692+0000][79][info ][gc,phases   ] GC(37)   Other: 1.2ms
[2025-01-18T08:46:11.693+0000][79][trace][gc,age      ] GC(37) Age table with threshold 15 (max threshold 15)
[2025-01-18T08:46:11.694+0000][79][trace][gc,age      ] GC(37) - age   1:    1245160 bytes,    1245160 total
[2025-01-18T08:46:11.694+0000][79][trace][gc,age      ] GC(37) - age   2:       8520 bytes,    1253680 total
[2025-01-18T08:46:11.695+0000][79][trace][gc,age      ] GC(37) - age   3:      21936 bytes,    1275616 total
[2025-01-18T08:46:11.695+0000][79][trace][gc,age      ] GC(37) - age   4:     288024 bytes,    1563640 total
[2025-01-18T08:46:11.696+0000][79][trace][gc,age      ] GC(37) - age   5:      13728 bytes,    1577368 total
[2025-01-18T08:46:11.696+0000][79][trace][gc,age      ] GC(37) - age   6:       9912 bytes,    1587280 total
[2025-01-18T08:46:11.697+0000][79][trace][gc,age      ] GC(37) - age   7:      29976 bytes,    1617256 total
[2025-01-18T08:46:11.697+0000][79][trace][gc,age      ] GC(37) - age   8:      29920 bytes,    1647176 total
[2025-01-18T08:46:11.698+0000][79][trace][gc,age      ] GC(37) - age   9:       7808 bytes,    1654984 total
[2025-01-18T08:46:11.698+0000][79][trace][gc,age      ] GC(37) - age  10:     769864 bytes,    2424848 total
[2025-01-18T08:46:11.699+0000][79][trace][gc,age      ] GC(37) - age  11:      41128 bytes,    2465976 total
[2025-01-18T08:46:11.700+0000][79][trace][gc,age      ] GC(37) - age  12:     135816 bytes,    2601792 total
[2025-01-18T08:46:11.700+0000][79][trace][gc,age      ] GC(37) - age  13:      31656 bytes,    2633448 total
[2025-01-18T08:46:11.700+0000][79][trace][gc,age      ] GC(37) - age  14:      53360 bytes,    2686808 total
[2025-01-18T08:46:11.701+0000][79][trace][gc,age      ] GC(37) - age  15:      88760 bytes,    2775568 total
[2025-01-18T08:46:11.701+0000][79][info ][gc,heap     ] GC(37) Eden regions: 507->0(507)
[2025-01-18T08:46:11.702+0000][79][info ][gc,heap     ] GC(37) Survivor regions: 1->1(64)
[2025-01-18T08:46:11.702+0000][79][info ][gc,heap     ] GC(37) Old regions: 36->36
[2025-01-18T08:46:11.702+0000][79][info ][gc,heap     ] GC(37) Humongous regions: 4->4
[2025-01-18T08:46:11.703+0000][79][info ][gc,metaspace] GC(37) Metaspace: 149844K(155904K)->149844K(155904K) NonClass: 130474K(134080K)->130474K(134080K) Class: 19369K(21824K)->19369K(21824K)
[2025-01-18T08:46:11.703+0000][79][info ][gc          ] GC(37) Pause Young (Normal) (G1 Evacuation Pause) 2189M->161M(3392M) 45.116ms
[2025-01-18T08:46:11.704+0000][79][info ][gc,cpu      ] GC(37) User=0.36s Sys=0.00s Real=0.05s
[2025-01-18T08:46:11.705+0000][79][info ][safepoint   ] Safepoint "G1CollectForAllocation", Time since last: 109489708552 ns, Reaching safepoint: 42121 ns, Cleanup: 6514 ns, At safepoint: 47469261 ns, Total: 47517896 ns
[2025-01-18T08:47:34.062+0000][79][info ][safepoint   ] Safepoint "Cleanup", Time since last: 82360535941 ns, Reaching safepoint: 110779 ns, Cleanup: 527489 ns, At safepoint: 70370 ns, Total: 708638 ns
[2025-01-18T08:48:34.291+0000][79][info ][safepoint   ] Safepoint "Cleanup", Time since last: 60235000469 ns, Reaching safepoint: 92450 ns, Cleanup: 52509 ns, At safepoint: 12556 ns, Total: 157515 ns
[2025-01-18T08:49:36.582+0000][79][info ][safepoint   ] Safepoint "Cleanup", Time since last: 62293875843 ns, Reaching safepoint: 74760 ns, Cleanup: 19541 ns, At safepoint: 14197 ns, Total: 108498 ns
[2025-01-18T08:56:34.061+0000][79][info ][safepoint   ] Safepoint "Cleanup", Time since last: 417507743948 ns, Reaching safepoint: 128273 ns, Cleanup: 38459 ns, At safepoint: 14359 ns, Total: 181091 ns
[2025-01-18T08:57:35.417+0000][79][info ][safepoint   ] Safepoint "Cleanup", Time since last: 61360054852 ns, Reaching safepoint: 45369 ns, Cleanup: 20870 ns, At safepoint: 11587 ns, Total: 77826 ns
[2025-01-18T09:01:57.740+0000][79][info ][gc,start    ] GC(38) Pause Young (Normal) (G1 Evacuation Pause)
[2025-01-18T09:01:57.745+0000][79][info ][gc,task     ] GC(38) Using 18 workers of 18 for evacuation
[2025-01-18T09:01:57.746+0000][79][debug][gc,age      ] GC(38) Desired survivor size 134217728 bytes, new threshold 15 (max threshold 15)
[2025-01-18T09:01:57.819+0000][79][info ][gc,phases   ] GC(38)   Pre Evacuate Collection Set: 9.0ms
[2025-01-18T09:01:57.820+0000][79][info ][gc,phases   ] GC(38)   Merge Heap Roots: 2.0ms
[2025-01-18T09:01:57.820+0000][79][info ][gc,phases   ] GC(38)   Evacuate Collection Set: 52.4ms
[2025-01-18T09:01:57.821+0000][79][info ][gc,phases   ] GC(38)   Post Evacuate Collection Set: 7.7ms
[2025-01-18T09:01:57.821+0000][79][info ][gc,phases   ] GC(38)   Other: 4.6ms
[2025-01-18T09:01:57.822+0000][79][trace][gc,age      ] GC(38) Age table with threshold 15 (max threshold 15)
[2025-01-18T09:01:57.822+0000][79][trace][gc,age      ] GC(38) - age   1:    2180912 bytes,    2180912 total
[2025-01-18T09:01:57.823+0000][79][trace][gc,age      ] GC(38) - age   2:       4128 bytes,    2185040 total
[2025-01-18T09:01:57.824+0000][79][trace][gc,age      ] GC(38) - age   3:       7008 bytes,    2192048 total
[2025-01-18T09:01:57.824+0000][79][trace][gc,age      ] GC(38) - age   4:      12000 bytes,    2204048 total
[2025-01-18T09:01:57.825+0000][79][trace][gc,age      ] GC(38) - age   5:      20056 bytes,    2224104 total
[2025-01-18T09:01:57.825+0000][79][trace][gc,age      ] GC(38) - age   6:      13328 bytes,    2237432 total
[2025-01-18T09:01:57.825+0000][79][trace][gc,age      ] GC(38) - age   7:       9520 bytes,    2246952 total
[2025-01-18T09:01:57.826+0000][79][trace][gc,age      ] GC(38) - age   8:      29944 bytes,    2276896 total
[2025-01-18T09:01:57.826+0000][79][trace][gc,age      ] GC(38) - age   9:      29216 bytes,    2306112 total
[2025-01-18T09:01:57.827+0000][79][trace][gc,age      ] GC(38) - age  10:       7808 bytes,    2313920 total
[2025-01-18T09:01:57.827+0000][79][trace][gc,age      ] GC(38) - age  11:     769784 bytes,    3083704 total
[2025-01-18T09:01:57.828+0000][79][trace][gc,age      ] GC(38) - age  12:      40992 bytes,    3124696 total
[2025-01-18T09:01:57.828+0000][79][trace][gc,age      ] GC(38) - age  13:     135776 bytes,    3260472 total
[2025-01-18T09:01:57.829+0000][79][trace][gc,age      ] GC(38) - age  14:      31576 bytes,    3292048 total
[2025-01-18T09:01:57.829+0000][79][trace][gc,age      ] GC(38) - age  15:      53360 bytes,    3345408 total
[2025-01-18T09:01:57.830+0000][79][info ][gc,heap     ] GC(38) Eden regions: 507->0(507)
[2025-01-18T09:01:57.830+0000][79][info ][gc,heap     ] GC(38) Survivor regions: 1->1(64)
[2025-01-18T09:01:57.831+0000][79][info ][gc,heap     ] GC(38) Old regions: 36->36
[2025-01-18T09:01:57.831+0000][79][info ][gc,heap     ] GC(38) Humongous regions: 4->4
[2025-01-18T09:01:57.832+0000][79][info ][gc,metaspace] GC(38) Metaspace: 149853K(155904K)->149853K(155904K) NonClass: 130484K(134080K)->130484K(134080K) Class: 19369K(21824K)->19369K(21824K)
[2025-01-18T09:01:57.833+0000][79][info ][gc          ] GC(38) Pause Young (Normal) (G1 Evacuation Pause) 2189M->161M(3392M) 93.892ms
[2025-01-18T09:01:57.834+0000][79][info ][gc,cpu      ] GC(38) User=0.43s Sys=0.01s Real=0.10s
[2025-01-18T09:01:57.834+0000][79][info ][safepoint   ] Safepoint "G1CollectForAllocation", Time since last: 262326430680 ns, Reaching safepoint: 35152 ns, Cleanup: 5844 ns, At safepoint: 107688357 ns, Total: 107729353 ns
[2025-01-18T09:02:36.044+0000][79][info ][safepoint   ] Safepoint "Cleanup", Time since last: 38212350960 ns, Reaching safepoint: 24479 ns, Cleanup: 9729 ns, At safepoint: 7136 ns, Total: 41344 ns
[2025-01-18T09:04:48.387+0000][79][info ][safepoint   ] Safepoint "Cleanup", Time since last: 132352087787 ns, Reaching safepoint: 24682 ns, Cleanup: 11161 ns, At safepoint: 6298 ns, Total: 42141 ns
[2025-01-18T09:05:23.998+0000][79][info ][safepoint   ] Safepoint "Cleanup", Time since last: 35612883841 ns, Reaching safepoint: 36203 ns, Cleanup: 18877 ns, At safepoint: 45610 ns, Total: 100690 ns
[2025-01-18T09:05:34.047+0000][79][info ][safepoint   ] Safepoint "Cleanup", Time since last: 10048684731 ns, Reaching safepoint: 37175 ns, Cleanup: 26485 ns, At safepoint: 10096 ns, Total: 73756 ns
[2025-01-18T09:06:34.288+0000][79][info ][safepoint   ] Safepoint "Cleanup", Time since last: 60244783310 ns, Reaching safepoint: 43119 ns, Cleanup: 29131 ns, At safepoint: 12317 ns, Total: 84567 ns
[2025-01-18T09:09:34.138+0000][79][info ][safepoint   ] Safepoint "Cleanup", Time since last: 179863248962 ns, Reaching safepoint: 105939 ns, Cleanup: 27148 ns, At safepoint: 13964 ns, Total: 147051 ns
[2025-01-18T09:12:32.903+0000][79][info ][safepoint   ] Safepoint "Cleanup", Time since last: 178776240529 ns, Reaching safepoint: 540204 ns, Cleanup: 18146 ns, At safepoint: 96985 ns, Total: 655335 ns
[2025-01-18T09:14:23.465+0000][79][info ][safepoint   ] Safepoint "Cleanup", Time since last: 110570636189 ns, Reaching safepoint: 28399 ns, Cleanup: 14324 ns, At safepoint: 6280 ns, Total: 49003 ns
[2025-01-18T09:17:01.067+0000][79][info ][safepoint   ] Safepoint "Cleanup", Time since last: 157613191985 ns, Reaching safepoint: 52917 ns, Cleanup: 291266 ns, At safepoint: 21482 ns, Total: 365665 ns
[2025-01-18T09:17:45.033+0000][79][info ][safepoint   ] Safepoint "Cleanup", Time since last: 43968679343 ns, Reaching safepoint: 388572 ns, Cleanup: 13843 ns, At safepoint: 94955 ns, Total: 497370 ns
[2025-01-18T09:17:56.754+0000][79][info ][gc,start    ] GC(39) Pause Young (Normal) (G1 Evacuation Pause)
[2025-01-18T09:17:56.755+0000][79][info ][gc,task     ] GC(39) Using 18 workers of 18 for evacuation
[2025-01-18T09:17:56.756+0000][79][debug][gc,age      ] GC(39) Desired survivor size 134217728 bytes, new threshold 15 (max threshold 15)
[2025-01-18T09:17:56.768+0000][79][info ][gc,phases   ] GC(39)   Pre Evacuate Collection Set: 0.7ms
[2025-01-18T09:17:56.773+0000][79][info ][gc,phases   ] GC(39)   Merge Heap Roots: 0.6ms
[2025-01-18T09:17:56.773+0000][79][info ][gc,phases   ] GC(39)   Evacuate Collection Set: 8.6ms
[2025-01-18T09:17:56.774+0000][79][info ][gc,phases   ] GC(39)   Post Evacuate Collection Set: 1.8ms
[2025-01-18T09:17:56.775+0000][79][info ][gc,phases   ] GC(39)   Other: 1.8ms
[2025-01-18T09:17:56.775+0000][79][trace][gc,age      ] GC(39) Age table with threshold 15 (max threshold 15)
[2025-01-18T09:17:56.776+0000][79][trace][gc,age      ] GC(39) - age   1:    1248104 bytes,    1248104 total
[2025-01-18T09:17:56.777+0000][79][trace][gc,age      ] GC(39) - age   2:     356192 bytes,    1604296 total
[2025-01-18T09:17:56.777+0000][79][trace][gc,age      ] GC(39) - age   3:       3272 bytes,    1607568 total
[2025-01-18T09:17:56.778+0000][79][trace][gc,age      ] GC(39) - age   4:       6440 bytes,    1614008 total
[2025-01-18T09:17:56.779+0000][79][trace][gc,age      ] GC(39) - age   5:      11640 bytes,    1625648 total
[2025-01-18T09:17:56.779+0000][79][trace][gc,age      ] GC(39) - age   6:      19168 bytes,    1644816 total
[2025-01-18T09:17:56.780+0000][79][trace][gc,age      ] GC(39) - age   7:      12968 bytes,    1657784 total
[2025-01-18T09:17:56.781+0000][79][trace][gc,age      ] GC(39) - age   8:       9520 bytes,    1667304 total
[2025-01-18T09:17:56.782+0000][79][trace][gc,age      ] GC(39) - age   9:      29136 bytes,    1696440 total
[2025-01-18T09:17:56.782+0000][79][trace][gc,age      ] GC(39) - age  10:      29216 bytes,    1725656 total
[2025-01-18T09:17:56.783+0000][79][trace][gc,age      ] GC(39) - age  11:       7808 bytes,    1733464 total
[2025-01-18T09:17:56.784+0000][79][trace][gc,age      ] GC(39) - age  12:     769784 bytes,    2503248 total
[2025-01-18T09:17:56.784+0000][79][trace][gc,age      ] GC(39) - age  13:      40992 bytes,    2544240 total
[2025-01-18T09:17:56.785+0000][79][trace][gc,age      ] GC(39) - age  14:     135656 bytes,    2679896 total
[2025-01-18T09:17:56.786+0000][79][trace][gc,age      ] GC(39) - age  15:      31576 bytes,    2711472 total
[2025-01-18T09:17:56.786+0000][79][info ][gc,heap     ] GC(39) Eden regions: 507->0(507)
[2025-01-18T09:17:56.787+0000][79][info ][gc,heap     ] GC(39) Survivor regions: 1->1(64)
[2025-01-18T09:17:56.787+0000][79][info ][gc,heap     ] GC(39) Old regions: 36->36
[2025-01-18T09:17:56.788+0000][79][info ][gc,heap     ] GC(39) Humongous regions: 4->4
[2025-01-18T09:17:56.789+0000][79][info ][gc,metaspace] GC(39) Metaspace: 149866K(155904K)->149866K(155904K) NonClass: 130496K(134080K)->130496K(134080K) Class: 19370K(21824K)->19370K(21824K)
[2025-01-18T09:17:56.790+0000][79][info ][gc          ] GC(39) Pause Young (Normal) (G1 Evacuation Pause) 2189M->161M(3392M) 35.588ms
[2025-01-18T09:17:56.791+0000][79][info ][gc,cpu      ] GC(39) User=0.07s Sys=0.00s Real=0.03s
[2025-01-18T09:17:56.792+0000][79][info ][safepoint   ] Safepoint "G1CollectForAllocation", Time since last: 11721538144 ns, Reaching safepoint: 11625 ns, Cleanup: 3086 ns, At safepoint: 37806395 ns, Total: 37821106 ns
[2025-01-18T09:18:34.492+0000][79][info ][safepoint   ] Safepoint "Cleanup", Time since last: 37702469296 ns, Reaching safepoint: 55867 ns, Cleanup: 26603 ns, At safepoint: 16122 ns, Total: 98592 ns
[2025-01-18T09:18:44.737+0000][79][info ][safepoint   ] Safepoint "Cleanup", Time since last: 10247292232 ns, Reaching safepoint: 22632 ns, Cleanup: 11292 ns, At safepoint: 39522 ns, Total: 73446 ns
[2025-01-18T09:31:33.385+0000][79][info ][safepoint   ] Safepoint "Cleanup", Time since last: 768700660567 ns, Reaching safepoint: 18607 ns, Cleanup: 9786 ns, At safepoint: 4797 ns, Total: 33190 ns
[2025-01-18T09:31:34.395+0000][79][info ][safepoint   ] Safepoint "Cleanup", Time since last: 1009982397 ns, Reaching safepoint: 28191 ns, Cleanup: 14273 ns, At safepoint: 5753 ns, Total: 48217 ns
[2025-01-18T09:32:33.624+0000][79][info ][safepoint   ] Safepoint "Cleanup", Time since last: 59233188393 ns, Reaching safepoint: 47787 ns, Cleanup: 15038 ns, At safepoint: 44882 ns, Total: 107707 ns
[2025-01-18T09:34:02.755+0000][79][info ][gc,start    ] GC(40) Pause Young (Normal) (G1 Evacuation Pause)
[2025-01-18T09:34:02.755+0000][79][info ][gc,task     ] GC(40) Using 18 workers of 18 for evacuation
[2025-01-18T09:34:02.769+0000][79][debug][gc,age      ] GC(40) Desired survivor size 134217728 bytes, new threshold 15 (max threshold 15)
[2025-01-18T09:34:02.779+0000][79][info ][gc,phases   ] GC(40)   Pre Evacuate Collection Set: 0.6ms
[2025-01-18T09:34:02.785+0000][79][info ][gc,phases   ] GC(40)   Merge Heap Roots: 0.6ms
[2025-01-18T09:34:02.786+0000][79][info ][gc,phases   ] GC(40)   Evacuate Collection Set: 5.9ms
[2025-01-18T09:34:02.786+0000][79][info ][gc,phases   ] GC(40)   Post Evacuate Collection Set: 1.9ms
[2025-01-18T09:34:02.795+0000][79][info ][gc,phases   ] GC(40)   Other: 14.3ms
[2025-01-18T09:34:02.800+0000][79][trace][gc,age      ] GC(40) Age table with threshold 15 (max threshold 15)
[2025-01-18T09:34:02.801+0000][79][trace][gc,age      ] GC(40) - age   1:    1489520 bytes,    1489520 total
[2025-01-18T09:34:02.808+0000][79][trace][gc,age      ] GC(40) - age   2:      15496 bytes,    1505016 total
[2025-01-18T09:34:02.808+0000][79][trace][gc,age      ] GC(40) - age   3:     352016 bytes,    1857032 total
[2025-01-18T09:34:02.809+0000][79][trace][gc,age      ] GC(40) - age   4:       2568 bytes,    1859600 total
[2025-01-18T09:34:02.809+0000][79][trace][gc,age      ] GC(40) - age   5:       6336 bytes,    1865936 total
[2025-01-18T09:34:02.810+0000][79][trace][gc,age      ] GC(40) - age   6:      11640 bytes,    1877576 total
[2025-01-18T09:34:02.811+0000][79][trace][gc,age      ] GC(40) - age   7:      18128 bytes,    1895704 total
[2025-01-18T09:34:02.812+0000][79][trace][gc,age      ] GC(40) - age   8:      12968 bytes,    1908672 total
[2025-01-18T09:34:02.812+0000][79][trace][gc,age      ] GC(40) - age   9:       8056 bytes,    1916728 total
[2025-01-18T09:34:02.813+0000][79][trace][gc,age      ] GC(40) - age  10:      27456 bytes,    1944184 total
[2025-01-18T09:34:02.813+0000][79][trace][gc,age      ] GC(40) - age  11:      29216 bytes,    1973400 total
[2025-01-18T09:34:02.814+0000][79][trace][gc,age      ] GC(40) - age  12:       7688 bytes,    1981088 total
[2025-01-18T09:34:02.814+0000][79][trace][gc,age      ] GC(40) - age  13:     769784 bytes,    2750872 total
[2025-01-18T09:34:02.815+0000][79][trace][gc,age      ] GC(40) - age  14:      40992 bytes,    2791864 total
[2025-01-18T09:34:02.816+0000][79][trace][gc,age      ] GC(40) - age  15:     135656 bytes,    2927520 total
[2025-01-18T09:34:02.817+0000][79][info ][gc,heap     ] GC(40) Eden regions: 507->0(507)
[2025-01-18T09:34:02.818+0000][79][info ][gc,heap     ] GC(40) Survivor regions: 1->1(64)
[2025-01-18T09:34:02.818+0000][79][info ][gc,heap     ] GC(40) Old regions: 36->36
[2025-01-18T09:34:02.819+0000][79][info ][gc,heap     ] GC(40) Humongous regions: 4->4
[2025-01-18T09:34:02.820+0000][79][info ][gc,metaspace] GC(40) Metaspace: 149885K(155904K)->149885K(155904K) NonClass: 130515K(134080K)->130515K(134080K) Class: 19370K(21824K)->19370K(21824K)
[2025-01-18T09:34:02.820+0000][79][info ][gc          ] GC(40) Pause Young (Normal) (G1 Evacuation Pause) 2189M->161M(3392M) 65.609ms
[2025-01-18T09:34:02.821+0000][79][info ][gc,cpu      ] GC(40) User=0.07s Sys=0.00s Real=0.06s
[2025-01-18T09:34:02.822+0000][79][info ][safepoint   ] Safepoint "G1CollectForAllocation", Time since last: 89137233838 ns, Reaching safepoint: 33134 ns, Cleanup: 5432 ns, At safepoint: 67139773 ns, Total: 67178339 ns
[2025-01-18T09:36:56.795+0000][79][info ][safepoint   ] Safepoint "Cleanup", Time since last: 173986595785 ns, Reaching safepoint: 13953 ns, Cleanup: 8197 ns, At safepoint: 48743 ns, Total: 70893 ns
[2025-01-18T09:37:57.801+0000][79][info ][safepoint   ] Safepoint "Cleanup", Time since last: 61010270729 ns, Reaching safepoint: 43264 ns, Cleanup: 20579 ns, At safepoint: 11685 ns, Total: 75528 ns
[2025-01-18T09:38:02.242+0000][79][info ][safepoint   ] Safepoint "Cleanup", Time since last: 4440897409 ns, Reaching safepoint: 18447 ns, Cleanup: 13315 ns, At safepoint: 10024 ns, Total: 41786 ns
[2025-01-18T09:40:34.334+0000][79][info ][safepoint   ] Safepoint "Cleanup", Time since last: 152129903622 ns, Reaching safepoint: 29792 ns, Cleanup: 13916 ns, At safepoint: 6824 ns, Total: 50532 ns
[2025-01-18T09:42:59.845+0000][79][info ][safepoint   ] Safepoint "Cleanup", Time since last: 145521094534 ns, Reaching safepoint: 64599 ns, Cleanup: 10133 ns, At safepoint: 22149 ns, Total: 96881 ns
[2025-01-18T09:43:02.196+0000][79][info ][safepoint   ] Safepoint "Cleanup", Time since last: 2350751265 ns, Reaching safepoint: 22347 ns, Cleanup: 12622 ns, At safepoint: 41976 ns, Total: 76945 ns
[2025-01-18T09:44:24.172+0000][79][info ][safepoint   ] Safepoint "Cleanup", Time since last: 81981543898 ns, Reaching safepoint: 46031 ns, Cleanup: 23002 ns, At safepoint: 12673 ns, Total: 81706 ns
[2025-01-18T09:44:32.968+0000][79][info ][safepoint   ] Safepoint "Cleanup", Time since last: 8795768235 ns, Reaching safepoint: 15693 ns, Cleanup: 11275 ns, At safepoint: 32379 ns, Total: 59347 ns
[2025-01-18T09:46:40.736+0000][79][info ][safepoint   ] Safepoint "Cleanup", Time since last: 127775287613 ns, Reaching safepoint: 24501 ns, Cleanup: 15896 ns, At safepoint: 52339 ns, Total: 92736 ns
[2025-01-18T09:48:34.174+0000][79][info ][safepoint   ] Safepoint "Cleanup", Time since last: 113446371935 ns, Reaching safepoint: 49539 ns, Cleanup: 30392 ns, At safepoint: 11922 ns, Total: 91853 ns
[2025-01-18T09:49:03.272+0000][79][info ][safepoint   ] Safepoint "Cleanup", Time since last: 29100573360 ns, Reaching safepoint: 12024 ns, Cleanup: 10484 ns, At safepoint: 4907 ns, Total: 27415 ns
[2025-01-18T09:49:08.278+0000][79][info ][safepoint   ] Safepoint "Cleanup", Time since last: 5005291871 ns, Reaching safepoint: 27006 ns, Cleanup: 16412 ns, At safepoint: 5981 ns, Total: 49399 ns
[2025-01-18T09:49:36.401+0000][79][info ][safepoint   ] Safepoint "Cleanup", Time since last: 28124334813 ns, Reaching safepoint: 886639 ns, Cleanup: 19433 ns, At safepoint: 146820 ns, Total: 1052892 ns
[2025-01-18T09:49:39.437+0000][79][info ][safepoint   ] Safepoint "Cleanup", Time since last: 3035192770 ns, Reaching safepoint: 50525 ns, Cleanup: 15789 ns, At safepoint: 9562 ns, Total: 75876 ns
[2025-01-18T09:49:50.737+0000][79][info ][safepoint   ] Safepoint "Cleanup", Time since last: 11302565459 ns, Reaching safepoint: 11007 ns, Cleanup: 8114 ns, At safepoint: 17286 ns, Total: 36407 ns
[2025-01-18T09:49:52.548+0000][79][info ][safepoint   ] Safepoint "Cleanup", Time since last: 1810346052 ns, Reaching safepoint: 45118 ns, Cleanup: 23111 ns, At safepoint: 12213 ns, Total: 80442 ns
[2025-01-18T09:49:56.808+0000][79][info ][gc,start    ] GC(41) Pause Young (Normal) (G1 Evacuation Pause)
[2025-01-18T09:49:56.808+0000][79][info ][gc,task     ] GC(41) Using 18 workers of 18 for evacuation
[2025-01-18T09:49:56.809+0000][79][debug][gc,age      ] GC(41) Desired survivor size 134217728 bytes, new threshold 15 (max threshold 15)
[2025-01-18T09:49:56.820+0000][79][info ][gc,phases   ] GC(41)   Pre Evacuate Collection Set: 0.7ms
[2025-01-18T09:49:56.820+0000][79][info ][gc,phases   ] GC(41)   Merge Heap Roots: 0.6ms
[2025-01-18T09:49:56.821+0000][79][info ][gc,phases   ] GC(41)   Evacuate Collection Set: 7.5ms
[2025-01-18T09:49:56.821+0000][79][info ][gc,phases   ] GC(41)   Post Evacuate Collection Set: 1.5ms
[2025-01-18T09:49:56.821+0000][79][info ][gc,phases   ] GC(41)   Other: 1.3ms
[2025-01-18T09:49:56.822+0000][79][trace][gc,age      ] GC(41) Age table with threshold 15 (max threshold 15)
[2025-01-18T09:49:56.822+0000][79][trace][gc,age      ] GC(41) - age   1:    2204528 bytes,    2204528 total
[2025-01-18T09:49:56.822+0000][79][trace][gc,age      ] GC(41) - age   2:       9864 bytes,    2214392 total
[2025-01-18T09:49:56.822+0000][79][trace][gc,age      ] GC(41) - age   3:      12800 bytes,    2227192 total
[2025-01-18T09:49:56.822+0000][79][trace][gc,age      ] GC(41) - age   4:     107408 bytes,    2334600 total
[2025-01-18T09:49:56.822+0000][79][trace][gc,age      ] GC(41) - age   5:       2568 bytes,    2337168 total
[2025-01-18T09:49:56.823+0000][79][trace][gc,age      ] GC(41) - age   6:       6336 bytes,    2343504 total
[2025-01-18T09:49:56.823+0000][79][trace][gc,age      ] GC(41) - age   7:      11640 bytes,    2355144 total
[2025-01-18T09:49:56.823+0000][79][trace][gc,age      ] GC(41) - age   8:      17736 bytes,    2372880 total
[2025-01-18T09:49:56.823+0000][79][trace][gc,age      ] GC(41) - age   9:      12872 bytes,    2385752 total
[2025-01-18T09:49:56.823+0000][79][trace][gc,age      ] GC(41) - age  10:       7616 bytes,    2393368 total
[2025-01-18T09:49:56.824+0000][79][trace][gc,age      ] GC(41) - age  11:      27456 bytes,    2420824 total
[2025-01-18T09:49:56.824+0000][79][trace][gc,age      ] GC(41) - age  12:      28816 bytes,    2449640 total
[2025-01-18T09:49:56.824+0000][79][trace][gc,age      ] GC(41) - age  13:       7688 bytes,    2457328 total
[2025-01-18T09:49:56.824+0000][79][trace][gc,age      ] GC(41) - age  14:     769784 bytes,    3227112 total
[2025-01-18T09:49:56.824+0000][79][trace][gc,age      ] GC(41) - age  15:      40952 bytes,    3268064 total
[2025-01-18T09:49:56.824+0000][79][info ][gc,heap     ] GC(41) Eden regions: 507->0(507)
[2025-01-18T09:49:56.825+0000][79][info ][gc,heap     ] GC(41) Survivor regions: 1->1(64)
[2025-01-18T09:49:56.825+0000][79][info ][gc,heap     ] GC(41) Old regions: 36->36
[2025-01-18T09:49:56.825+0000][79][info ][gc,heap     ] GC(41) Humongous regions: 4->4
[2025-01-18T09:49:56.825+0000][79][info ][gc,metaspace] GC(41) Metaspace: 149977K(155904K)->149977K(155904K) NonClass: 130606K(134080K)->130606K(134080K) Class: 19370K(21824K)->19370K(21824K)
[2025-01-18T09:49:56.826+0000][79][info ][gc          ] GC(41) Pause Young (Normal) (G1 Evacuation Pause) 2189M->162M(3392M) 18.211ms
[2025-01-18T09:49:56.826+0000][79][info ][gc,cpu      ] GC(41) User=0.07s Sys=0.01s Real=0.02s
[2025-01-18T09:49:56.827+0000][79][info ][safepoint   ] Safepoint "G1CollectForAllocation", Time since last: 4259812580 ns, Reaching safepoint: 18623 ns, Cleanup: 3764 ns, At safepoint: 19103472 ns, Total: 19125859 ns
[2025-01-18T09:50:30.608+0000][79][info ][safepoint   ] Safepoint "Cleanup", Time since last: 33783307423 ns, Reaching safepoint: 19725 ns, Cleanup: 15419 ns, At safepoint: 9983 ns, Total: 45127 ns
[2025-01-18T09:50:31.625+0000][79][info ][safepoint   ] Safepoint "Cleanup", Time since last: 1016764979 ns, Reaching safepoint: 45567 ns, Cleanup: 23115 ns, At safepoint: 12175 ns, Total: 80857 ns
[2025-01-18T09:50:33.705+0000][79][info ][safepoint   ] Safepoint "Cleanup", Time since last: 2080192404 ns, Reaching safepoint: 20086 ns, Cleanup: 15123 ns, At safepoint: 10524 ns, Total: 45733 ns
[2025-01-18T09:51:23.958+0000][79][info ][safepoint   ] Safepoint "Cleanup", Time since last: 50256623350 ns, Reaching safepoint: 29951 ns, Cleanup: 15959 ns, At safepoint: 6784 ns, Total: 52694 ns
[2025-01-18T09:51:26.759+0000][79][info ][safepoint   ] Safepoint "Cleanup", Time since last: 2800132063 ns, Reaching safepoint: 18810 ns, Cleanup: 14665 ns, At safepoint: 10041 ns, Total: 43516 ns
[2025-01-18T09:51:33.994+0000][79][info ][safepoint   ] Safepoint "Cleanup", Time since last: 7234795270 ns, Reaching safepoint: 52666 ns, Cleanup: 24348 ns, At safepoint: 14138 ns, Total: 91152 ns
[2025-01-18T09:52:34.183+0000][79][info ][safepoint   ] Safepoint "Cleanup", Time since last: 60192964462 ns, Reaching safepoint: 40511 ns, Cleanup: 20685 ns, At safepoint: 10290 ns, Total: 71486 ns
[2025-01-18T09:54:23.591+0000][79][info ][safepoint   ] Safepoint "Cleanup", Time since last: 109416932114 ns, Reaching safepoint: 43322 ns, Cleanup: 20384 ns, At safepoint: 11424 ns, Total: 75130 ns
[2025-01-18T09:58:12.817+0000][79][info ][safepoint   ] Safepoint "Cleanup", Time since last: 229241040842 ns, Reaching safepoint: 478383 ns, Cleanup: 12642 ns, At safepoint: 59106 ns, Total: 550131 ns
[2025-01-18T09:58:13.820+0000][79][info ][safepoint   ] Safepoint "Cleanup", Time since last: 1003773201 ns, Reaching safepoint: 22913 ns, Cleanup: 29679 ns, At safepoint: 12474 ns, Total: 65066 ns
[2025-01-18T09:58:56.988+0000][79][info ][safepoint   ] Safepoint "Cleanup", Time since last: 43168691384 ns, Reaching safepoint: 134553 ns, Cleanup: 12075 ns, At safepoint: 82783 ns, Total: 229411 ns
[2025-01-18T09:59:33.741+0000][79][info ][safepoint   ] Safepoint "Cleanup", Time since last: 36754732983 ns, Reaching safepoint: 47858 ns, Cleanup: 115036 ns, At safepoint: 158203 ns, Total: 321097 ns
[2025-01-18T10:01:34.220+0000][79][info ][safepoint   ] Safepoint "Cleanup", Time since last: 120486811753 ns, Reaching safepoint: 65916 ns, Cleanup: 24806 ns, At safepoint: 12454 ns, Total: 103176 ns
[2025-01-18T10:03:32.759+0000][79][info ][safepoint   ] Safepoint "Cleanup", Time since last: 118547154251 ns, Reaching safepoint: 42602 ns, Cleanup: 11579 ns, At safepoint: 10107 ns, Total: 64288 ns
[2025-01-18T10:05:34.060+0000][79][info ][safepoint   ] Safepoint "Cleanup", Time since last: 121309252154 ns, Reaching safepoint: 44390 ns, Cleanup: 21223 ns, At safepoint: 38974 ns, Total: 104587 ns
[2025-01-18T10:06:02.802+0000][79][info ][gc,start    ] GC(42) Pause Young (Normal) (G1 Evacuation Pause)
[2025-01-18T10:06:02.802+0000][79][info ][gc,task     ] GC(42) Using 18 workers of 18 for evacuation
[2025-01-18T10:06:02.803+0000][79][debug][gc,age      ] GC(42) Desired survivor size 134217728 bytes, new threshold 15 (max threshold 15)
[2025-01-18T10:06:02.817+0000][79][info ][gc,phases   ] GC(42)   Pre Evacuate Collection Set: 1.4ms
[2025-01-18T10:06:02.818+0000][79][info ][gc,phases   ] GC(42)   Merge Heap Roots: 1.4ms
[2025-01-18T10:06:02.819+0000][79][info ][gc,phases   ] GC(42)   Evacuate Collection Set: 8.0ms
[2025-01-18T10:06:02.819+0000][79][info ][gc,phases   ] GC(42)   Post Evacuate Collection Set: 2.5ms
[2025-01-18T10:06:02.819+0000][79][info ][gc,phases   ] GC(42)   Other: 1.8ms
[2025-01-18T10:06:02.820+0000][79][trace][gc,age      ] GC(42) Age table with threshold 15 (max threshold 15)
[2025-01-18T10:06:02.820+0000][79][trace][gc,age      ] GC(42) - age   1:    1104960 bytes,    1104960 total
[2025-01-18T10:06:02.821+0000][79][trace][gc,age      ] GC(42) - age   2:      73344 bytes,    1178304 total
[2025-01-18T10:06:02.821+0000][79][trace][gc,age      ] GC(42) - age   3:       8664 bytes,    1186968 total
[2025-01-18T10:06:02.822+0000][79][trace][gc,age      ] GC(42) - age   4:      11280 bytes,    1198248 total
[2025-01-18T10:06:02.822+0000][79][trace][gc,age      ] GC(42) - age   5:      12200 bytes,    1210448 total
[2025-01-18T10:06:02.823+0000][79][trace][gc,age      ] GC(42) - age   6:       2568 bytes,    1213016 total
[2025-01-18T10:06:02.823+0000][79][trace][gc,age      ] GC(42) - age   7:       6072 bytes,    1219088 total
[2025-01-18T10:06:02.823+0000][79][trace][gc,age      ] GC(42) - age   8:      11568 bytes,    1230656 total
[2025-01-18T10:06:02.824+0000][79][trace][gc,age      ] GC(42) - age   9:      17672 bytes,    1248328 total
[2025-01-18T10:06:02.824+0000][79][trace][gc,age      ] GC(42) - age  10:      12672 bytes,    1261000 total
[2025-01-18T10:06:02.825+0000][79][trace][gc,age      ] GC(42) - age  11:       7616 bytes,    1268616 total
[2025-01-18T10:06:02.825+0000][79][trace][gc,age      ] GC(42) - age  12:      27336 bytes,    1295952 total
[2025-01-18T10:06:02.826+0000][79][trace][gc,age      ] GC(42) - age  13:      17320 bytes,    1313272 total
[2025-01-18T10:06:02.826+0000][79][trace][gc,age      ] GC(42) - age  14:       7424 bytes,    1320696 total
[2025-01-18T10:06:02.827+0000][79][trace][gc,age      ] GC(42) - age  15:     769528 bytes,    2090224 total
[2025-01-18T10:06:02.827+0000][79][info ][gc,heap     ] GC(42) Eden regions: 507->0(507)
[2025-01-18T10:06:02.828+0000][79][info ][gc,heap     ] GC(42) Survivor regions: 1->1(64)
[2025-01-18T10:06:02.828+0000][79][info ][gc,heap     ] GC(42) Old regions: 36->36
[2025-01-18T10:06:02.829+0000][79][info ][gc,heap     ] GC(42) Humongous regions: 4->4
[2025-01-18T10:06:02.829+0000][79][info ][gc,metaspace] GC(42) Metaspace: 150007K(155904K)->150007K(155904K) NonClass: 130636K(134080K)->130636K(134080K) Class: 19370K(21824K)->19370K(21824K)
[2025-01-18T10:06:02.830+0000][79][info ][gc          ] GC(42) Pause Young (Normal) (G1 Evacuation Pause) 2190M->160M(3392M) 28.410ms
[2025-01-18T10:06:02.831+0000][79][info ][gc,cpu      ] GC(42) User=0.11s Sys=0.01s Real=0.03s
[2025-01-18T10:06:02.831+0000][79][info ][safepoint   ] Safepoint "G1CollectForAllocation", Time since last: 28742479039 ns, Reaching safepoint: 51550 ns, Cleanup: 6029 ns, At safepoint: 29934285 ns, Total: 29991864 ns
[2025-01-18T10:07:26.770+0000][79][info ][safepoint   ] Safepoint "Cleanup", Time since last: 83944102573 ns, Reaching safepoint: 11769 ns, Cleanup: 94227 ns, At safepoint: 26668 ns, Total: 132664 ns
[2025-01-18T10:08:21.679+0000][79][info ][safepoint   ] Safepoint "Cleanup", Time since last: 54914031997 ns, Reaching safepoint: 36037 ns, Cleanup: 10269 ns, At safepoint: 8177 ns, Total: 54483 ns
[2025-01-18T10:09:34.028+0000][79][info ][safepoint   ] Safepoint "Cleanup", Time since last: 72352019757 ns, Reaching safepoint: 52863 ns, Cleanup: 26832 ns, At safepoint: 14125 ns, Total: 93820 ns
[2025-01-18T10:11:34.392+0000][79][info ][safepoint   ] Safepoint "Cleanup", Time since last: 120371920782 ns, Reaching safepoint: 90394 ns, Cleanup: 22275 ns, At safepoint: 13132 ns, Total: 125801 ns
[2025-01-18T10:13:33.769+0000][79][info ][safepoint   ] Safepoint "Cleanup", Time since last: 119385266231 ns, Reaching safepoint: 51816 ns, Cleanup: 14044 ns, At safepoint: 6151 ns, Total: 72011 ns
[2025-01-18T10:18:22.280+0000][79][info ][safepoint   ] Safepoint "Cleanup", Time since last: 288531094788 ns, Reaching safepoint: 19292 ns, Cleanup: 13753 ns, At safepoint: 10115 ns, Total: 43160 ns
[2025-01-18T10:18:23.310+0000][79][info ][safepoint   ] Safepoint "Cleanup", Time since last: 1030101388 ns, Reaching safepoint: 51274 ns, Cleanup: 192525 ns, At safepoint: 64454 ns, Total: 308253 ns
[2025-01-18T10:20:56.317+0000][79][info ][safepoint   ] Safepoint "Cleanup", Time since last: 153017354111 ns, Reaching safepoint: 44710 ns, Cleanup: 25082 ns, At safepoint: 12104 ns, Total: 81896 ns
[2025-01-18T10:22:21.630+0000][79][info ][gc,start    ] GC(43) Pause Young (Normal) (G1 Evacuation Pause)
[2025-01-18T10:22:21.631+0000][79][info ][gc,task     ] GC(43) Using 18 workers of 18 for evacuation
[2025-01-18T10:22:21.632+0000][79][debug][gc,age      ] GC(43) Desired survivor size 134217728 bytes, new threshold 15 (max threshold 15)
[2025-01-18T10:22:21.646+0000][79][info ][gc,phases   ] GC(43)   Pre Evacuate Collection Set: 1.0ms
[2025-01-18T10:22:21.647+0000][79][info ][gc,phases   ] GC(43)   Merge Heap Roots: 1.0ms
[2025-01-18T10:22:21.647+0000][79][info ][gc,phases   ] GC(43)   Evacuate Collection Set: 9.4ms
[2025-01-18T10:22:21.647+0000][79][info ][gc,phases   ] GC(43)   Post Evacuate Collection Set: 1.8ms
[2025-01-18T10:22:21.648+0000][79][info ][gc,phases   ] GC(43)   Other: 1.6ms
[2025-01-18T10:22:21.648+0000][79][trace][gc,age      ] GC(43) Age table with threshold 15 (max threshold 15)
[2025-01-18T10:22:21.648+0000][79][trace][gc,age      ] GC(43) - age   1:    1639584 bytes,    1639584 total
[2025-01-18T10:22:21.649+0000][79][trace][gc,age      ] GC(43) - age   2:     119512 bytes,    1759096 total
[2025-01-18T10:22:21.649+0000][79][trace][gc,age      ] GC(43) - age   3:      72432 bytes,    1831528 total
[2025-01-18T10:22:21.649+0000][79][trace][gc,age      ] GC(43) - age   4:       7096 bytes,    1838624 total
[2025-01-18T10:22:21.649+0000][79][trace][gc,age      ] GC(43) - age   5:      10976 bytes,    1849600 total
[2025-01-18T10:22:21.650+0000][79][trace][gc,age      ] GC(43) - age   6:      11960 bytes,    1861560 total
[2025-01-18T10:22:21.650+0000][79][trace][gc,age      ] GC(43) - age   7:       2568 bytes,    1864128 total
[2025-01-18T10:22:21.650+0000][79][trace][gc,age      ] GC(43) - age   8:       5880 bytes,    1870008 total
[2025-01-18T10:22:21.650+0000][79][trace][gc,age      ] GC(43) - age   9:      11504 bytes,    1881512 total
[2025-01-18T10:22:21.650+0000][79][trace][gc,age      ] GC(43) - age  10:      16592 bytes,    1898104 total
[2025-01-18T10:22:21.651+0000][79][trace][gc,age      ] GC(43) - age  11:      12672 bytes,    1910776 total
[2025-01-18T10:22:21.651+0000][79][trace][gc,age      ] GC(43) - age  12:       6976 bytes,    1917752 total
[2025-01-18T10:22:21.651+0000][79][trace][gc,age      ] GC(43) - age  13:      27296 bytes,    1945048 total
[2025-01-18T10:22:21.651+0000][79][trace][gc,age      ] GC(43) - age  14:      17120 bytes,    1962168 total
[2025-01-18T10:22:21.651+0000][79][trace][gc,age      ] GC(43) - age  15:       7424 bytes,    1969592 total
[2025-01-18T10:22:21.652+0000][79][info ][gc,heap     ] GC(43) Eden regions: 507->0(507)
[2025-01-18T10:22:21.652+0000][79][info ][gc,heap     ] GC(43) Survivor regions: 1->1(64)
[2025-01-18T10:22:21.652+0000][79][info ][gc,heap     ] GC(43) Old regions: 36->36
[2025-01-18T10:22:21.652+0000][79][info ][gc,heap     ] GC(43) Humongous regions: 4->4
[2025-01-18T10:22:21.653+0000][79][info ][gc,metaspace] GC(43) Metaspace: 150028K(155904K)->150028K(155904K) NonClass: 130658K(134080K)->130658K(134080K) Class: 19370K(21824K)->19370K(21824K)
[2025-01-18T10:22:21.653+0000][79][info ][gc          ] GC(43) Pause Young (Normal) (G1 Evacuation Pause) 2188M->161M(3392M) 22.966ms
[2025-01-18T10:22:21.653+0000][79][info ][gc,cpu      ] GC(43) User=0.07s Sys=0.02s Real=0.03s
[2025-01-18T10:22:21.654+0000][79][info ][safepoint   ] Safepoint "G1CollectForAllocation", Time since last: 85318868835 ns, Reaching safepoint: 31026 ns, Cleanup: 6588 ns, At safepoint: 24065601 ns, Total: 24103215 ns
[2025-01-18T10:23:33.891+0000][79][info ][safepoint   ] Safepoint "Cleanup", Time since last: 72242615929 ns, Reaching safepoint: 30712 ns, Cleanup: 16137 ns, At safepoint: 6358 ns, Total: 53207 ns
[2025-01-18T10:24:09.028+0000][79][info ][safepoint   ] Safepoint "Cleanup", Time since last: 35138629209 ns, Reaching safepoint: 10987 ns, Cleanup: 8570 ns, At safepoint: 4570 ns, Total: 24127 ns
[2025-01-18T10:30:34.363+0000][79][info ][safepoint   ] Safepoint "Cleanup", Time since last: 385359179590 ns, Reaching safepoint: 76492 ns, Cleanup: 36679 ns, At safepoint: 16130 ns, Total: 129301 ns
[2025-01-18T10:31:33.553+0000][79][info ][safepoint   ] Safepoint "Cleanup", Time since last: 59193917605 ns, Reaching safepoint: 26574 ns, Cleanup: 19951 ns, At safepoint: 14186 ns, Total: 60711 ns
[2025-01-18T10:32:33.753+0000][79][info ][safepoint   ] Safepoint "Cleanup", Time since last: 60204077023 ns, Reaching safepoint: 101918 ns, Cleanup: 14996 ns, At safepoint: 30607 ns, Total: 147521 ns
[2025-01-18T10:33:03.918+0000][79][info ][safepoint   ] Safepoint "Cleanup", Time since last: 30166425439 ns, Reaching safepoint: 18036 ns, Cleanup: 14436 ns, At safepoint: 9304 ns, Total: 41776 ns
[2025-01-18T10:33:26.794+0000][79][info ][safepoint   ] Safepoint "Cleanup", Time since last: 22878089183 ns, Reaching safepoint: 40527 ns, Cleanup: 16393 ns, At safepoint: 10521 ns, Total: 67441 ns
[2025-01-18T10:35:56.801+0000][79][info ][safepoint   ] Safepoint "Cleanup", Time since last: 150016729249 ns, Reaching safepoint: 35127 ns, Cleanup: 10908 ns, At safepoint: 63719 ns, Total: 109754 ns
[2025-01-18T10:38:21.604+0000][79][info ][gc,start    ] GC(44) Pause Young (Normal) (G1 Evacuation Pause)
[2025-01-18T10:38:21.610+0000][79][info ][gc,task     ] GC(44) Using 18 workers of 18 for evacuation
[2025-01-18T10:38:21.611+0000][79][debug][gc,age      ] GC(44) Desired survivor size 134217728 bytes, new threshold 15 (max threshold 15)
[2025-01-18T10:38:21.644+0000][79][info ][gc,phases   ] GC(44)   Pre Evacuate Collection Set: 4.8ms
[2025-01-18T10:38:21.645+0000][79][info ][gc,phases   ] GC(44)   Merge Heap Roots: 2.0ms
[2025-01-18T10:38:21.646+0000][79][info ][gc,phases   ] GC(44)   Evacuate Collection Set: 20.6ms
[2025-01-18T10:38:21.647+0000][79][info ][gc,phases   ] GC(44)   Post Evacuate Collection Set: 4.5ms
[2025-01-18T10:38:21.648+0000][79][info ][gc,phases   ] GC(44)   Other: 3.4ms
[2025-01-18T10:38:21.648+0000][79][trace][gc,age      ] GC(44) Age table with threshold 15 (max threshold 15)
[2025-01-18T10:38:21.649+0000][79][trace][gc,age      ] GC(44) - age   1:    1018992 bytes,    1018992 total
[2025-01-18T10:38:21.650+0000][79][trace][gc,age      ] GC(44) - age   2:      10672 bytes,    1029664 total
[2025-01-18T10:38:21.650+0000][79][trace][gc,age      ] GC(44) - age   3:     118264 bytes,    1147928 total
[2025-01-18T10:38:21.651+0000][79][trace][gc,age      ] GC(44) - age   4:      70224 bytes,    1218152 total
[2025-01-18T10:38:21.651+0000][79][trace][gc,age      ] GC(44) - age   5:       7096 bytes,    1225248 total
[2025-01-18T10:38:21.652+0000][79][trace][gc,age      ] GC(44) - age   6:      10976 bytes,    1236224 total
[2025-01-18T10:38:21.653+0000][79][trace][gc,age      ] GC(44) - age   7:      11616 bytes,    1247840 total
[2025-01-18T10:38:21.653+0000][79][trace][gc,age      ] GC(44) - age   8:       2568 bytes,    1250408 total
[2025-01-18T10:38:21.654+0000][79][trace][gc,age      ] GC(44) - age   9:       5784 bytes,    1256192 total
[2025-01-18T10:38:21.655+0000][79][trace][gc,age      ] GC(44) - age  10:      11504 bytes,    1267696 total
[2025-01-18T10:38:21.656+0000][79][trace][gc,age      ] GC(44) - age  11:      16552 bytes,    1284248 total
[2025-01-18T10:38:21.657+0000][79][trace][gc,age      ] GC(44) - age  12:      12408 bytes,    1296656 total
[2025-01-18T10:38:21.657+0000][79][trace][gc,age      ] GC(44) - age  13:       6936 bytes,    1303592 total
[2025-01-18T10:38:21.658+0000][79][trace][gc,age      ] GC(44) - age  14:      27296 bytes,    1330888 total
[2025-01-18T10:38:21.659+0000][79][trace][gc,age      ] GC(44) - age  15:      17040 bytes,    1347928 total
[2025-01-18T10:38:21.660+0000][79][info ][gc,heap     ] GC(44) Eden regions: 507->0(507)
[2025-01-18T10:38:21.661+0000][79][info ][gc,heap     ] GC(44) Survivor regions: 1->1(64)
[2025-01-18T10:38:21.661+0000][79][info ][gc,heap     ] GC(44) Old regions: 36->36
[2025-01-18T10:38:21.662+0000][79][info ][gc,heap     ] GC(44) Humongous regions: 4->4
[2025-01-18T10:38:21.663+0000][79][info ][gc,metaspace] GC(44) Metaspace: 150029K(155904K)->150029K(155904K) NonClass: 130659K(134080K)->130659K(134080K) Class: 19370K(21824K)->19370K(21824K)
[2025-01-18T10:38:21.664+0000][79][info ][gc          ] GC(44) Pause Young (Normal) (G1 Evacuation Pause) 2189M->161M(3392M) 60.042ms
[2025-01-18T10:38:21.665+0000][79][info ][gc,cpu      ] GC(44) User=0.17s Sys=0.00s Real=0.06s
[2025-01-18T10:38:21.666+0000][79][info ][safepoint   ] Safepoint "G1CollectForAllocation", Time since last: 144810455734 ns, Reaching safepoint: 27456 ns, Cleanup: 6787 ns, At safepoint: 63000211 ns, Total: 63034454 ns
[2025-01-18T10:39:14.873+0000][79][info ][safepoint   ] Safepoint "Cleanup", Time since last: 53210512010 ns, Reaching safepoint: 89597 ns, Cleanup: 10026 ns, At safepoint: 20266 ns, Total: 119889 ns
[2025-01-18T10:40:34.176+0000][79][info ][safepoint   ] Safepoint "Cleanup", Time since last: 79306190343 ns, Reaching safepoint: 52732 ns, Cleanup: 29099 ns, At safepoint: 13006 ns, Total: 94837 ns
[2025-01-18T10:42:00.517+0000][79][info ][safepoint   ] Safepoint "Cleanup", Time since last: 86346304248 ns, Reaching safepoint: 55452 ns, Cleanup: 19126 ns, At safepoint: 10596 ns, Total: 85174 ns
[2025-01-18T10:42:33.624+0000][79][info ][safepoint   ] Safepoint "Cleanup", Time since last: 33108401072 ns, Reaching safepoint: 42098 ns, Cleanup: 24209 ns, At safepoint: 14122 ns, Total: 80429 ns
[2025-01-18T10:44:09.034+0000][79][info ][safepoint   ] Safepoint "Cleanup", Time since last: 95416170589 ns, Reaching safepoint: 207300 ns, Cleanup: 7871 ns, At safepoint: 52118 ns, Total: 267289 ns
[2025-01-18T10:49:34.275+0000][79][info ][safepoint   ] Safepoint "Cleanup", Time since last: 325260509552 ns, Reaching safepoint: 78995 ns, Cleanup: 16963 ns, At safepoint: 8593 ns, Total: 104551 ns
[2025-01-18T10:53:48.313+0000][79][info ][safepoint   ] Safepoint "Cleanup", Time since last: 254054099229 ns, Reaching safepoint: 124065 ns, Cleanup: 32924 ns, At safepoint: 17079 ns, Total: 174068 ns
[2025-01-18T10:54:26.832+0000][79][info ][gc,start    ] GC(45) Pause Young (Normal) (G1 Evacuation Pause)
[2025-01-18T10:54:26.833+0000][79][info ][gc,task     ] GC(45) Using 18 workers of 18 for evacuation
[2025-01-18T10:54:26.834+0000][79][debug][gc,age      ] GC(45) Desired survivor size 134217728 bytes, new threshold 15 (max threshold 15)
[2025-01-18T10:54:26.849+0000][79][info ][gc,phases   ] GC(45)   Pre Evacuate Collection Set: 1.5ms
[2025-01-18T10:54:26.850+0000][79][info ][gc,phases   ] GC(45)   Merge Heap Roots: 1.0ms
[2025-01-18T10:54:26.850+0000][79][info ][gc,phases   ] GC(45)   Evacuate Collection Set: 9.4ms
[2025-01-18T10:54:26.850+0000][79][info ][gc,phases   ] GC(45)   Post Evacuate Collection Set: 2.5ms
[2025-01-18T10:54:26.850+0000][79][info ][gc,phases   ] GC(45)   Other: 1.8ms
[2025-01-18T10:54:26.850+0000][79][trace][gc,age      ] GC(45) Age table with threshold 15 (max threshold 15)
[2025-01-18T10:54:26.851+0000][79][trace][gc,age      ] GC(45) - age   1:    1966688 bytes,    1966688 total
[2025-01-18T10:54:26.851+0000][79][trace][gc,age      ] GC(45) - age   2:       7760 bytes,    1974448 total
[2025-01-18T10:54:26.851+0000][79][trace][gc,age      ] GC(45) - age   3:       8552 bytes,    1983000 total
[2025-01-18T10:54:26.851+0000][79][trace][gc,age      ] GC(45) - age   4:     103752 bytes,    2086752 total
[2025-01-18T10:54:26.852+0000][79][trace][gc,age      ] GC(45) - age   5:      21192 bytes,    2107944 total
[2025-01-18T10:54:26.852+0000][79][trace][gc,age      ] GC(45) - age   6:       7056 bytes,    2115000 total
[2025-01-18T10:54:26.852+0000][79][trace][gc,age      ] GC(45) - age   7:      10776 bytes,    2125776 total
[2025-01-18T10:54:26.852+0000][79][trace][gc,age      ] GC(45) - age   8:      11424 bytes,    2137200 total
[2025-01-18T10:54:26.853+0000][79][trace][gc,age      ] GC(45) - age   9:       2472 bytes,    2139672 total
[2025-01-18T10:54:26.853+0000][79][trace][gc,age      ] GC(45) - age  10:       5440 bytes,    2145112 total
[2025-01-18T10:54:26.853+0000][79][trace][gc,age      ] GC(45) - age  11:      11464 bytes,    2156576 total
[2025-01-18T10:54:26.853+0000][79][trace][gc,age      ] GC(45) - age  12:      16432 bytes,    2173008 total
[2025-01-18T10:54:26.853+0000][79][trace][gc,age      ] GC(45) - age  13:      12048 bytes,    2185056 total
[2025-01-18T10:54:26.854+0000][79][trace][gc,age      ] GC(45) - age  14:       6936 bytes,    2191992 total
[2025-01-18T10:54:26.854+0000][79][trace][gc,age      ] GC(45) - age  15:      26616 bytes,    2218608 total
[2025-01-18T10:54:26.854+0000][79][info ][gc,heap     ] GC(45) Eden regions: 507->0(507)
[2025-01-18T10:54:26.854+0000][79][info ][gc,heap     ] GC(45) Survivor regions: 1->1(64)
[2025-01-18T10:54:26.855+0000][79][info ][gc,heap     ] GC(45) Old regions: 36->36
[2025-01-18T10:54:26.855+0000][79][info ][gc,heap     ] GC(45) Humongous regions: 4->4
[2025-01-18T10:54:26.855+0000][79][info ][gc,metaspace] GC(45) Metaspace: 150041K(155904K)->150041K(155904K) NonClass: 130671K(134080K)->130671K(134080K) Class: 19370K(21824K)->19370K(21824K)
[2025-01-18T10:54:26.855+0000][79][info ][gc          ] GC(45) Pause Young (Normal) (G1 Evacuation Pause) 2189M->161M(3392M) 23.105ms
[2025-01-18T10:54:26.856+0000][79][info ][gc,cpu      ] GC(45) User=0.05s Sys=0.01s Real=0.02s
[2025-01-18T10:54:26.856+0000][79][info ][safepoint   ] Safepoint "G1CollectForAllocation", Time since last: 38521766100 ns, Reaching safepoint: 319093 ns, Cleanup: 6469 ns, At safepoint: 24062163 ns, Total: 24387725 ns
[2025-01-18T10:55:51.754+0000][79][info ][safepoint   ] Safepoint "Cleanup", Time since last: 84903126914 ns, Reaching safepoint: 46690 ns, Cleanup: 16387 ns, At safepoint: 11307 ns, Total: 74384 ns
[2025-01-18T10:58:18.340+0000][79][info ][safepoint   ] Safepoint "Cleanup", Time since last: 146596210083 ns, Reaching safepoint: 46326 ns, Cleanup: 10845 ns, At safepoint: 30221 ns, Total: 87392 ns
[2025-01-18T10:58:56.823+0000][79][info ][safepoint   ] Safepoint "Cleanup", Time since last: 38484743862 ns, Reaching safepoint: 20080 ns, Cleanup: 15019 ns, At safepoint: 10533 ns, Total: 45632 ns
[2025-01-18T10:58:58.507+0000][79][info ][safepoint   ] Safepoint "Cleanup", Time since last: 1683993118 ns, Reaching safepoint: 43538 ns, Cleanup: 22333 ns, At safepoint: 12300 ns, Total: 78171 ns
[2025-01-18T10:59:12.531+0000][79][info ][safepoint   ] Safepoint "Cleanup", Time since last: 14026178602 ns, Reaching safepoint: 26631 ns, Cleanup: 13802 ns, At safepoint: 6155 ns, Total: 46588 ns
[2025-01-18T10:59:50.892+0000][79][info ][safepoint   ] Safepoint "Cleanup", Time since last: 38362537210 ns, Reaching safepoint: 153600 ns, Cleanup: 10463 ns, At safepoint: 61264 ns, Total: 225327 ns
[2025-01-18T11:02:51.219+0000][79][info ][safepoint   ] Safepoint "Cleanup", Time since last: 180339230189 ns, Reaching safepoint: 10516 ns, Cleanup: 7653 ns, At safepoint: 16871 ns, Total: 35040 ns
[2025-01-18T11:03:33.534+0000][79][info ][safepoint   ] Safepoint "Cleanup", Time since last: 42315894689 ns, Reaching safepoint: 12856 ns, Cleanup: 11443 ns, At safepoint: 22542 ns, Total: 46841 ns
[2025-01-18T11:06:14.828+0000][79][info ][safepoint   ] Safepoint "Cleanup", Time since last: 161306227060 ns, Reaching safepoint: 18676 ns, Cleanup: 14669 ns, At safepoint: 9788 ns, Total: 43133 ns
[2025-01-18T11:07:33.390+0000][79][info ][safepoint   ] Safepoint "Cleanup", Time since last: 78565367708 ns, Reaching safepoint: 11553 ns, Cleanup: 9750 ns, At safepoint: 4829 ns, Total: 26132 ns
[2025-01-18T11:08:33.623+0000][79][info ][safepoint   ] Safepoint "Cleanup", Time since last: 60237411203 ns, Reaching safepoint: 100145 ns, Cleanup: 11361 ns, At safepoint: 50581 ns, Total: 162087 ns
[2025-01-18T11:09:23.884+0000][79][info ][safepoint   ] Safepoint "Cleanup", Time since last: 50264365919 ns, Reaching safepoint: 45801 ns, Cleanup: 23961 ns, At safepoint: 13505 ns, Total: 83267 ns
[2025-01-18T11:09:33.931+0000][79][info ][safepoint   ] Safepoint "Cleanup", Time since last: 10037887539 ns, Reaching safepoint: 51177 ns, Cleanup: 9657583 ns, At safepoint: 118507 ns, Total: 9827267 ns
[2025-01-18T11:10:33.175+0000][79][info ][gc,start    ] GC(46) Pause Young (Normal) (G1 Evacuation Pause)
[2025-01-18T11:10:33.175+0000][79][info ][gc,task     ] GC(46) Using 18 workers of 18 for evacuation
[2025-01-18T11:10:33.176+0000][79][debug][gc,age      ] GC(46) Desired survivor size 134217728 bytes, new threshold 15 (max threshold 15)
[2025-01-18T11:10:33.190+0000][79][info ][gc,phases   ] GC(46)   Pre Evacuate Collection Set: 0.9ms
[2025-01-18T11:10:33.191+0000][79][info ][gc,phases   ] GC(46)   Merge Heap Roots: 0.9ms
[2025-01-18T11:10:33.191+0000][79][info ][gc,phases   ] GC(46)   Evacuate Collection Set: 8.5ms
[2025-01-18T11:10:33.192+0000][79][info ][gc,phases   ] GC(46)   Post Evacuate Collection Set: 2.5ms
[2025-01-18T11:10:33.192+0000][79][info ][gc,phases   ] GC(46)   Other: 1.5ms
[2025-01-18T11:10:33.193+0000][79][trace][gc,age      ] GC(46) Age table with threshold 15 (max threshold 15)
[2025-01-18T11:10:33.193+0000][79][trace][gc,age      ] GC(46) - age   1:    1736672 bytes,    1736672 total
[2025-01-18T11:10:33.194+0000][79][trace][gc,age      ] GC(46) - age   2:     295096 bytes,    2031768 total
[2025-01-18T11:10:33.194+0000][79][trace][gc,age      ] GC(46) - age   3:       4696 bytes,    2036464 total
[2025-01-18T11:10:33.195+0000][79][trace][gc,age      ] GC(46) - age   4:       5888 bytes,    2042352 total
[2025-01-18T11:10:33.195+0000][79][trace][gc,age      ] GC(46) - age   5:     103688 bytes,    2146040 total
[2025-01-18T11:10:33.196+0000][79][trace][gc,age      ] GC(46) - age   6:      20392 bytes,    2166432 total
[2025-01-18T11:10:33.196+0000][79][trace][gc,age      ] GC(46) - age   7:       5256 bytes,    2171688 total
[2025-01-18T11:10:33.196+0000][79][trace][gc,age      ] GC(46) - age   8:      10744 bytes,    2182432 total
[2025-01-18T11:10:33.197+0000][79][trace][gc,age      ] GC(46) - age   9:      11360 bytes,    2193792 total
[2025-01-18T11:10:33.197+0000][79][trace][gc,age      ] GC(46) - age  10:       2472 bytes,    2196264 total
[2025-01-18T11:10:33.197+0000][79][trace][gc,age      ] GC(46) - age  11:       5440 bytes,    2201704 total
[2025-01-18T11:10:33.197+0000][79][trace][gc,age      ] GC(46) - age  12:      11464 bytes,    2213168 total
[2025-01-18T11:10:33.198+0000][79][trace][gc,age      ] GC(46) - age  13:      16432 bytes,    2229600 total
[2025-01-18T11:10:33.198+0000][79][trace][gc,age      ] GC(46) - age  14:      12048 bytes,    2241648 total
[2025-01-18T11:10:33.198+0000][79][trace][gc,age      ] GC(46) - age  15:       6936 bytes,    2248584 total
[2025-01-18T11:10:33.199+0000][79][info ][gc,heap     ] GC(46) Eden regions: 507->0(507)
[2025-01-18T11:10:33.199+0000][79][info ][gc,heap     ] GC(46) Survivor regions: 1->1(64)
[2025-01-18T11:10:33.199+0000][79][info ][gc,heap     ] GC(46) Old regions: 36->36
[2025-01-18T11:10:33.200+0000][79][info ][gc,heap     ] GC(46) Humongous regions: 4->4
[2025-01-18T11:10:33.200+0000][79][info ][gc,metaspace] GC(46) Metaspace: 150056K(155904K)->150056K(155904K) NonClass: 130686K(134080K)->130686K(134080K) Class: 19370K(21824K)->19370K(21824K)
[2025-01-18T11:10:33.201+0000][79][info ][gc          ] GC(46) Pause Young (Normal) (G1 Evacuation Pause) 2189M->162M(3392M) 26.441ms
[2025-01-18T11:10:33.201+0000][79][info ][gc,cpu      ] GC(46) User=0.05s Sys=0.03s Real=0.03s
[2025-01-18T11:10:33.202+0000][79][info ][safepoint   ] Safepoint "G1CollectForAllocation", Time since last: 59246710847 ns, Reaching safepoint: 25132 ns, Cleanup: 5271 ns, At safepoint: 27652807 ns, Total: 27683210 ns
[2025-01-18T11:10:57.318+0000][79][info ][safepoint   ] Safepoint "Cleanup", Time since last: 24117310871 ns, Reaching safepoint: 408155 ns, Cleanup: 7303 ns, At safepoint: 55554 ns, Total: 471012 ns
[2025-01-18T11:11:03.087+0000][79][info ][safepoint   ] Safepoint "Cleanup", Time since last: 5769321632 ns, Reaching safepoint: 98622 ns, Cleanup: 7121 ns, At safepoint: 47858 ns, Total: 153601 ns
[2025-01-18T11:11:04.342+0000][79][info ][safepoint   ] Safepoint "Cleanup", Time since last: 1254501605 ns, Reaching safepoint: 101575 ns, Cleanup: 34053 ns, At safepoint: 16988 ns, Total: 152616 ns
[2025-01-18T11:14:11.088+0000][79][info ][safepoint   ] Safepoint "Cleanup", Time since last: 186757507786 ns, Reaching safepoint: 65134 ns, Cleanup: 31989 ns, At safepoint: 19286 ns, Total: 116409 ns
[2025-01-18T11:14:14.858+0000][79][info ][safepoint   ] Safepoint "Cleanup", Time since last: 3772505275 ns, Reaching safepoint: 12378 ns, Cleanup: 8188 ns, At safepoint: 6231 ns, Total: 26797 ns
[2025-01-18T11:14:33.208+0000][79][info ][safepoint   ] Safepoint "Cleanup", Time since last: 18349251588 ns, Reaching safepoint: 116507 ns, Cleanup: 13310 ns, At safepoint: 70243 ns, Total: 200060 ns
[2025-01-18T11:17:33.834+0000][79][info ][safepoint   ] Safepoint "Cleanup", Time since last: 180637042727 ns, Reaching safepoint: 82330 ns, Cleanup: 24472 ns, At safepoint: 11188 ns, Total: 117990 ns
[2025-01-18T11:18:34.118+0000][79][info ][safepoint   ] Safepoint "Cleanup", Time since last: 60289110041 ns, Reaching safepoint: 95777 ns, Cleanup: 28791 ns, At safepoint: 14715 ns, Total: 139283 ns
[2025-01-18T11:19:02.856+0000][79][info ][safepoint   ] Safepoint "Cleanup", Time since last: 28739494011 ns, Reaching safepoint: 15254 ns, Cleanup: 10721 ns, At safepoint: 7305 ns, Total: 33280 ns
[2025-01-18T11:21:21.060+0000][79][info ][safepoint   ] Safepoint "Cleanup", Time since last: 138212976835 ns, Reaching safepoint: 108265 ns, Cleanup: 8185 ns, At safepoint: 50831 ns, Total: 167281 ns
[2025-01-18T11:23:33.288+0000][79][info ][safepoint   ] Safepoint "Cleanup", Time since last: 132237187644 ns, Reaching safepoint: 22021 ns, Cleanup: 19980 ns, At safepoint: 11328 ns, Total: 53329 ns
[2025-01-18T11:26:33.967+0000][79][info ][safepoint   ] Safepoint "Cleanup", Time since last: 180689764479 ns, Reaching safepoint: 53299 ns, Cleanup: 29084 ns, At safepoint: 18261 ns, Total: 100644 ns
[2025-01-18T11:26:33.988+0000][79][info ][gc,start    ] GC(47) Pause Young (Normal) (G1 Evacuation Pause)
[2025-01-18T11:26:33.989+0000][79][info ][gc,task     ] GC(47) Using 18 workers of 18 for evacuation
[2025-01-18T11:26:33.990+0000][79][debug][gc,age      ] GC(47) Desired survivor size 134217728 bytes, new threshold 15 (max threshold 15)
[2025-01-18T11:26:34.012+0000][79][info ][gc,phases   ] GC(47)   Pre Evacuate Collection Set: 1.4ms
[2025-01-18T11:26:34.013+0000][79][info ][gc,phases   ] GC(47)   Merge Heap Roots: 1.2ms
[2025-01-18T11:26:34.013+0000][79][info ][gc,phases   ] GC(47)   Evacuate Collection Set: 13.6ms
[2025-01-18T11:26:34.014+0000][79][info ][gc,phases   ] GC(47)   Post Evacuate Collection Set: 4.0ms
[2025-01-18T11:26:34.015+0000][79][info ][gc,phases   ] GC(47)   Other: 2.3ms
[2025-01-18T11:26:34.015+0000][79][trace][gc,age      ] GC(47) Age table with threshold 15 (max threshold 15)
[2025-01-18T11:26:34.016+0000][79][trace][gc,age      ] GC(47) - age   1:    1019248 bytes,    1019248 total
[2025-01-18T11:26:34.017+0000][79][trace][gc,age      ] GC(47) - age   2:      16240 bytes,    1035488 total
[2025-01-18T11:26:34.017+0000][79][trace][gc,age      ] GC(47) - age   3:     290656 bytes,    1326144 total
[2025-01-18T11:26:34.018+0000][79][trace][gc,age      ] GC(47) - age   4:       4416 bytes,    1330560 total
[2025-01-18T11:26:34.018+0000][79][trace][gc,age      ] GC(47) - age   5:       5824 bytes,    1336384 total
[2025-01-18T11:26:34.019+0000][79][trace][gc,age      ] GC(47) - age   6:     101904 bytes,    1438288 total
[2025-01-18T11:26:34.019+0000][79][trace][gc,age      ] GC(47) - age   7:      20192 bytes,    1458480 total
[2025-01-18T11:26:34.020+0000][79][trace][gc,age      ] GC(47) - age   8:       5224 bytes,    1463704 total
[2025-01-18T11:26:34.021+0000][79][trace][gc,age      ] GC(47) - age   9:      10680 bytes,    1474384 total
[2025-01-18T11:26:34.021+0000][79][trace][gc,age      ] GC(47) - age  10:      11320 bytes,    1485704 total
[2025-01-18T11:26:34.022+0000][79][trace][gc,age      ] GC(47) - age  11:       2472 bytes,    1488176 total
[2025-01-18T11:26:34.022+0000][79][trace][gc,age      ] GC(47) - age  12:       5440 bytes,    1493616 total
[2025-01-18T11:26:34.023+0000][79][trace][gc,age      ] GC(47) - age  13:      11384 bytes,    1505000 total
[2025-01-18T11:26:34.023+0000][79][trace][gc,age      ] GC(47) - age  14:      16112 bytes,    1521112 total
[2025-01-18T11:26:34.024+0000][79][trace][gc,age      ] GC(47) - age  15:      12048 bytes,    1533160 total
[2025-01-18T11:26:34.025+0000][79][info ][gc,heap     ] GC(47) Eden regions: 507->0(507)
[2025-01-18T11:26:34.025+0000][79][info ][gc,heap     ] GC(47) Survivor regions: 1->1(64)
[2025-01-18T11:26:34.026+0000][79][info ][gc,heap     ] GC(47) Old regions: 36->36
[2025-01-18T11:26:34.026+0000][79][info ][gc,heap     ] GC(47) Humongous regions: 4->4
[2025-01-18T11:26:34.027+0000][79][info ][gc,metaspace] GC(47) Metaspace: 150089K(155904K)->150089K(155904K) NonClass: 130718K(134080K)->130718K(134080K) Class: 19370K(21824K)->19370K(21824K)
[2025-01-18T11:26:34.027+0000][79][info ][gc          ] GC(47) Pause Young (Normal) (G1 Evacuation Pause) 2190M->161M(3392M) 39.395ms
[2025-01-18T11:26:34.028+0000][79][info ][gc,cpu      ] GC(47) User=0.08s Sys=0.01s Real=0.04s
[2025-01-18T11:26:34.029+0000][79][info ][safepoint   ] Safepoint "G1CollectForAllocation", Time since last: 20527969 ns, Reaching safepoint: 37824 ns, Cleanup: 5848 ns, At safepoint: 41272009 ns, Total: 41315681 ns
[2025-01-18T11:29:45.697+0000][79][info ][safepoint   ] Safepoint "Cleanup", Time since last: 191680450831 ns, Reaching safepoint: 46843 ns, Cleanup: 9282 ns, At safepoint: 4999 ns, Total: 61124 ns
[2025-01-18T11:30:08.759+0000][79][info ][safepoint   ] Safepoint "Cleanup", Time since last: 23062180000 ns, Reaching safepoint: 57833 ns, Cleanup: 26988 ns, At safepoint: 16574 ns, Total: 101395 ns
[2025-01-18T11:35:51.001+0000][79][info ][safepoint   ] Safepoint "Cleanup", Time since last: 342265061800 ns, Reaching safepoint: 13757 ns, Cleanup: 11960 ns, At safepoint: 26219 ns, Total: 51936 ns
[2025-01-18T11:39:14.877+0000][79][info ][safepoint   ] Safepoint "Cleanup", Time since last: 203889605097 ns, Reaching safepoint: 54064 ns, Cleanup: 17548 ns, At safepoint: 12337 ns, Total: 83949 ns
[2025-01-18T11:39:16.659+0000][79][info ][safepoint   ] Safepoint "Cleanup", Time since last: 1781395674 ns, Reaching safepoint: 50184 ns, Cleanup: 23883 ns, At safepoint: 14081 ns, Total: 88148 ns
[2025-01-18T11:39:23.699+0000][79][info ][safepoint   ] Safepoint "Cleanup", Time since last: 7039781525 ns, Reaching safepoint: 44648 ns, Cleanup: 79041 ns, At safepoint: 14361 ns, Total: 138050 ns
[2025-01-18T11:42:50.844+0000][79][info ][gc,start    ] GC(48) Pause Young (Normal) (G1 Evacuation Pause)
[2025-01-18T11:42:50.845+0000][79][info ][gc,task     ] GC(48) Using 18 workers of 18 for evacuation
[2025-01-18T11:42:50.846+0000][79][debug][gc,age      ] GC(48) Desired survivor size 134217728 bytes, new threshold 15 (max threshold 15)
[2025-01-18T11:42:50.866+0000][79][info ][gc,phases   ] GC(48)   Pre Evacuate Collection Set: 2.8ms
[2025-01-18T11:42:50.869+0000][79][info ][gc,phases   ] GC(48)   Merge Heap Roots: 1.4ms
[2025-01-18T11:42:50.870+0000][79][info ][gc,phases   ] GC(48)   Evacuate Collection Set: 12.2ms
[2025-01-18T11:42:50.870+0000][79][info ][gc,phases   ] GC(48)   Post Evacuate Collection Set: 3.5ms
[2025-01-18T11:42:50.871+0000][79][info ][gc,phases   ] GC(48)   Other: 1.3ms
[2025-01-18T11:42:50.871+0000][79][trace][gc,age      ] GC(48) Age table with threshold 15 (max threshold 15)
[2025-01-18T11:42:50.872+0000][79][trace][gc,age      ] GC(48) - age   1:    1335728 bytes,    1335728 total
[2025-01-18T11:42:50.872+0000][79][trace][gc,age      ] GC(48) - age   2:      13888 bytes,    1349616 total
[2025-01-18T11:42:50.872+0000][79][trace][gc,age      ] GC(48) - age   3:      15024 bytes,    1364640 total
[2025-01-18T11:42:50.873+0000][79][trace][gc,age      ] GC(48) - age   4:     289672 bytes,    1654312 total
[2025-01-18T11:42:50.873+0000][79][trace][gc,age      ] GC(48) - age   5:       4416 bytes,    1658728 total
[2025-01-18T11:42:50.873+0000][79][trace][gc,age      ] GC(48) - age   6:       5784 bytes,    1664512 total
[2025-01-18T11:42:50.874+0000][79][trace][gc,age      ] GC(48) - age   7:     101744 bytes,    1766256 total
[2025-01-18T11:42:50.874+0000][79][trace][gc,age      ] GC(48) - age   8:      20160 bytes,    1786416 total
[2025-01-18T11:42:50.875+0000][79][trace][gc,age      ] GC(48) - age   9:       5160 bytes,    1791576 total
[2025-01-18T11:42:50.875+0000][79][trace][gc,age      ] GC(48) - age  10:      10584 bytes,    1802160 total
[2025-01-18T11:42:50.876+0000][79][trace][gc,age      ] GC(48) - age  11:      11320 bytes,    1813480 total
[2025-01-18T11:42:50.876+0000][79][trace][gc,age      ] GC(48) - age  12:       2472 bytes,    1815952 total
[2025-01-18T11:42:50.877+0000][79][trace][gc,age      ] GC(48) - age  13:       5360 bytes,    1821312 total
[2025-01-18T11:42:50.877+0000][79][trace][gc,age      ] GC(48) - age  14:      11384 bytes,    1832696 total
[2025-01-18T11:42:50.877+0000][79][trace][gc,age      ] GC(48) - age  15:      15992 bytes,    1848688 total
[2025-01-18T11:42:50.878+0000][79][info ][gc,heap     ] GC(48) Eden regions: 507->0(507)
[2025-01-18T11:42:50.878+0000][79][info ][gc,heap     ] GC(48) Survivor regions: 1->1(64)
[2025-01-18T11:42:50.878+0000][79][info ][gc,heap     ] GC(48) Old regions: 36->36
[2025-01-18T11:42:50.878+0000][79][info ][gc,heap     ] GC(48) Humongous regions: 4->4
[2025-01-18T11:42:50.879+0000][79][info ][gc,metaspace] GC(48) Metaspace: 150126K(155904K)->150126K(155904K) NonClass: 130756K(134080K)->130756K(134080K) Class: 19370K(21824K)->19370K(21824K)
[2025-01-18T11:42:50.879+0000][79][info ][gc          ] GC(48) Pause Young (Normal) (G1 Evacuation Pause) 2189M->161M(3392M) 34.776ms
[2025-01-18T11:42:50.879+0000][79][info ][gc,cpu      ] GC(48) User=0.11s Sys=0.01s Real=0.03s
[2025-01-18T11:42:50.880+0000][79][info ][safepoint   ] Safepoint "G1CollectForAllocation", Time since last: 207158595656 ns, Reaching safepoint: 37354 ns, Cleanup: 7068 ns, At safepoint: 35769875 ns, Total: 35814297 ns
[2025-01-18T11:44:23.922+0000][79][info ][safepoint   ] Safepoint "Cleanup", Time since last: 93046982899 ns, Reaching safepoint: 27421 ns, Cleanup: 13715 ns, At safepoint: 5795 ns, Total: 46931 ns
[2025-01-18T11:44:33.970+0000][79][info ][safepoint   ] Safepoint "Cleanup", Time since last: 10048423963 ns, Reaching safepoint: 36417 ns, Cleanup: 17024 ns, At safepoint: 8907 ns, Total: 62348 ns
[2025-01-18T11:45:02.851+0000][79][info ][safepoint   ] Safepoint "Cleanup", Time since last: 28882837925 ns, Reaching safepoint: 10313 ns, Cleanup: 6335 ns, At safepoint: 18286 ns, Total: 34934 ns
[2025-01-18T11:49:22.175+0000][79][info ][safepoint   ] Safepoint "Cleanup", Time since last: 259341028062 ns, Reaching safepoint: 26984 ns, Cleanup: 15021 ns, At safepoint: 5668 ns, Total: 47673 ns
[2025-01-18T11:49:24.177+0000][79][info ][safepoint   ] Safepoint "Cleanup", Time since last: 2001239767 ns, Reaching safepoint: 358856 ns, Cleanup: 36064 ns, At safepoint: 109518 ns, Total: 504438 ns
[2025-01-18T11:58:39.918+0000][79][info ][gc,start    ] GC(49) Pause Young (Normal) (G1 Evacuation Pause)
[2025-01-18T11:58:39.919+0000][79][info ][gc,task     ] GC(49) Using 18 workers of 18 for evacuation
[2025-01-18T11:58:39.920+0000][79][debug][gc,age      ] GC(49) Desired survivor size 134217728 bytes, new threshold 15 (max threshold 15)
[2025-01-18T11:58:39.938+0000][79][info ][gc,phases   ] GC(49)   Pre Evacuate Collection Set: 1.3ms
[2025-01-18T11:58:39.939+0000][79][info ][gc,phases   ] GC(49)   Merge Heap Roots: 1.3ms
[2025-01-18T11:58:39.939+0000][79][info ][gc,phases   ] GC(49)   Evacuate Collection Set: 10.8ms
[2025-01-18T11:58:39.940+0000][79][info ][gc,phases   ] GC(49)   Post Evacuate Collection Set: 3.9ms
[2025-01-18T11:58:39.941+0000][79][info ][gc,phases   ] GC(49)   Other: 1.6ms
[2025-01-18T11:58:39.942+0000][79][trace][gc,age      ] GC(49) Age table with threshold 15 (max threshold 15)
[2025-01-18T11:58:39.942+0000][79][trace][gc,age      ] GC(49) - age   1:    1539024 bytes,    1539024 total
[2025-01-18T11:58:39.943+0000][79][trace][gc,age      ] GC(49) - age   2:       6936 bytes,    1545960 total
[2025-01-18T11:58:39.944+0000][79][trace][gc,age      ] GC(49) - age   3:      11528 bytes,    1557488 total
[2025-01-18T11:58:39.944+0000][79][trace][gc,age      ] GC(49) - age   4:      13640 bytes,    1571128 total
[2025-01-18T11:58:39.945+0000][79][trace][gc,age      ] GC(49) - age   5:      23456 bytes,    1594584 total
[2025-01-18T11:58:39.946+0000][79][trace][gc,age      ] GC(49) - age   6:       4416 bytes,    1599000 total
[2025-01-18T11:58:39.946+0000][79][trace][gc,age      ] GC(49) - age   7:       5224 bytes,    1604224 total
[2025-01-18T11:58:39.947+0000][79][trace][gc,age      ] GC(49) - age   8:     101744 bytes,    1705968 total
[2025-01-18T11:58:39.948+0000][79][trace][gc,age      ] GC(49) - age   9:      19424 bytes,    1725392 total
[2025-01-18T11:58:39.948+0000][79][trace][gc,age      ] GC(49) - age  10:       5080 bytes,    1730472 total
[2025-01-18T11:58:39.949+0000][79][trace][gc,age      ] GC(49) - age  11:      10584 bytes,    1741056 total
[2025-01-18T11:58:39.950+0000][79][trace][gc,age      ] GC(49) - age  12:      11320 bytes,    1752376 total
[2025-01-18T11:58:39.950+0000][79][trace][gc,age      ] GC(49) - age  13:       2472 bytes,    1754848 total
[2025-01-18T11:58:39.951+0000][79][trace][gc,age      ] GC(49) - age  14:       4960 bytes,    1759808 total
[2025-01-18T11:58:39.951+0000][79][trace][gc,age      ] GC(49) - age  15:      11384 bytes,    1771192 total
[2025-01-18T11:58:39.952+0000][79][info ][gc,heap     ] GC(49) Eden regions: 507->0(507)
[2025-01-18T11:58:39.952+0000][79][info ][gc,heap     ] GC(49) Survivor regions: 1->1(64)
[2025-01-18T11:58:39.953+0000][79][info ][gc,heap     ] GC(49) Old regions: 36->36
[2025-01-18T11:58:39.953+0000][79][info ][gc,heap     ] GC(49) Humongous regions: 4->4
[2025-01-18T11:58:39.954+0000][79][info ][gc,metaspace] GC(49) Metaspace: 150165K(155904K)->150165K(155904K) NonClass: 130794K(134080K)->130794K(134080K) Class: 19370K(21824K)->19370K(21824K)
[2025-01-18T11:58:39.955+0000][79][info ][gc          ] GC(49) Pause Young (Normal) (G1 Evacuation Pause) 2189M->161M(3392M) 36.932ms
[2025-01-18T11:58:39.955+0000][79][info ][gc,cpu      ] GC(49) User=0.12s Sys=0.03s Real=0.04s
[2025-01-18T11:58:39.956+0000][79][info ][safepoint   ] Safepoint "G1CollectForAllocation", Time since last: 555775309897 ns, Reaching safepoint: 29196 ns, Cleanup: 6477 ns, At safepoint: 38422223 ns, Total: 38457896 ns
[2025-01-18T11:59:21.124+0000][79][info ][safepoint   ] Safepoint "Cleanup", Time since last: 41170542680 ns, Reaching safepoint: 23743 ns, Cleanup: 14751 ns, At safepoint: 41487 ns, Total: 79981 ns
[2025-01-18T11:59:30.502+0000][79][info ][safepoint   ] Safepoint "Cleanup", Time since last: 9378310139 ns, Reaching safepoint: 56233 ns, Cleanup: 27267 ns, At safepoint: 15977 ns, Total: 99477 ns
[2025-01-18T11:59:33.045+0000][79][info ][safepoint   ] Safepoint "Cleanup", Time since last: 2542435251 ns, Reaching safepoint: 14959 ns, Cleanup: 14562 ns, At safepoint: 27359 ns, Total: 56880 ns
[2025-01-18T12:01:51.650+0000][79][info ][safepoint   ] Safepoint "Cleanup", Time since last: 138614624787 ns, Reaching safepoint: 80019 ns, Cleanup: 19615 ns, At safepoint: 12825 ns, Total: 112459 ns
[2025-01-18T12:02:33.843+0000][79][info ][safepoint   ] Safepoint "Cleanup", Time since last: 42195200596 ns, Reaching safepoint: 15695 ns, Cleanup: 105415 ns, At safepoint: 35529 ns, Total: 156639 ns
[2025-01-18T12:07:23.987+0000][79][info ][safepoint   ] Safepoint "Cleanup", Time since last: 290161782409 ns, Reaching safepoint: 94173 ns, Cleanup: 20972 ns, At safepoint: 11034 ns, Total: 126179 ns
[2025-01-18T12:14:32.995+0000][79][info ][gc,start    ] GC(50) Pause Young (Normal) (G1 Evacuation Pause)
[2025-01-18T12:14:35.006+0000][79][info ][gc,task     ] GC(50) Using 18 workers of 18 for evacuation
[2025-01-18T12:14:35.007+0000][79][debug][gc,age      ] GC(50) Desired survivor size 134217728 bytes, new threshold 15 (max threshold 15)
[2025-01-18T12:14:35.021+0000][79][info ][gc,phases   ] GC(50)   Pre Evacuate Collection Set: 1.4ms
[2025-01-18T12:14:35.022+0000][79][info ][gc,phases   ] GC(50)   Merge Heap Roots: 1.1ms
[2025-01-18T12:14:35.022+0000][79][info ][gc,phases   ] GC(50)   Evacuate Collection Set: 8.0ms
[2025-01-18T12:14:35.023+0000][79][info ][gc,phases   ] GC(50)   Post Evacuate Collection Set: 3.1ms
[2025-01-18T12:14:35.024+0000][79][info ][gc,phases   ] GC(50)   Other: 1.7ms
[2025-01-18T12:14:35.024+0000][79][trace][gc,age      ] GC(50) Age table with threshold 15 (max threshold 15)
[2025-01-18T12:14:35.025+0000][79][trace][gc,age      ] GC(50) - age   1:    1326984 bytes,    1326984 total
[2025-01-18T12:14:35.026+0000][79][trace][gc,age      ] GC(50) - age   2:      31600 bytes,    1358584 total
[2025-01-18T12:14:35.027+0000][79][trace][gc,age      ] GC(50) - age   3:       5688 bytes,    1364272 total
[2025-01-18T12:14:35.028+0000][79][trace][gc,age      ] GC(50) - age   4:       7648 bytes,    1371920 total
[2025-01-18T12:14:35.031+0000][79][trace][gc,age      ] GC(50) - age   5:      13640 bytes,    1385560 total
[2025-01-18T12:14:35.038+0000][79][trace][gc,age      ] GC(50) - age   6:      13264 bytes,    1398824 total
[2025-01-18T12:14:35.040+0000][79][trace][gc,age      ] GC(50) - age   7:       4152 bytes,    1402976 total
[2025-01-18T12:14:35.044+0000][79][trace][gc,age      ] GC(50) - age   8:       5192 bytes,    1408168 total
[2025-01-18T12:14:35.046+0000][79][trace][gc,age      ] GC(50) - age   9:     101192 bytes,    1509360 total
[2025-01-18T12:14:35.047+0000][79][trace][gc,age      ] GC(50) - age  10:      19344 bytes,    1528704 total
[2025-01-18T12:14:35.047+0000][79][trace][gc,age      ] GC(50) - age  11:       4792 bytes,    1533496 total
[2025-01-18T12:14:35.048+0000][79][trace][gc,age      ] GC(50) - age  12:      10320 bytes,    1543816 total
[2025-01-18T12:14:35.049+0000][79][trace][gc,age      ] GC(50) - age  13:      11080 bytes,    1554896 total
[2025-01-18T12:14:35.050+0000][79][trace][gc,age      ] GC(50) - age  14:       2472 bytes,    1557368 total
[2025-01-18T12:14:35.051+0000][79][trace][gc,age      ] GC(50) - age  15:       4960 bytes,    1562328 total
[2025-01-18T12:14:35.052+0000][79][info ][gc,heap     ] GC(50) Eden regions: 507->0(507)
[2025-01-18T12:14:35.053+0000][79][info ][gc,heap     ] GC(50) Survivor regions: 1->1(64)
[2025-01-18T12:14:35.053+0000][79][info ][gc,heap     ] GC(50) Old regions: 36->36
[2025-01-18T12:14:35.054+0000][79][info ][gc,heap     ] GC(50) Humongous regions: 4->4
[2025-01-18T12:14:35.055+0000][79][info ][gc,metaspace] GC(50) Metaspace: 150166K(155904K)->150166K(155904K) NonClass: 130796K(134080K)->130796K(134080K) Class: 19370K(21824K)->19370K(21824K)
[2025-01-18T12:14:35.056+0000][79][info ][gc          ] GC(50) Pause Young (Normal) (G1 Evacuation Pause) 2189M->161M(3392M) 2061.150ms
[2025-01-18T12:14:35.057+0000][79][info ][gc,cpu      ] GC(50) User=0.07s Sys=0.03s Real=2.07s
[2025-01-18T12:14:35.057+0000][79][info ][safepoint   ] Safepoint "G1CollectForAllocation", Time since last: 429033245806 ns, Reaching safepoint: 38474 ns, Cleanup: 6937 ns, At safepoint: 2062660511 ns, Total: 2062705922 ns
[2025-01-18T12:15:26.950+0000][79][info ][safepoint   ] Safepoint "Cleanup", Time since last: 51895707410 ns, Reaching safepoint: 18228 ns, Cleanup: 14663 ns, At safepoint: 40607 ns, Total: 73498 ns
[2025-01-18T12:16:50.951+0000][79][info ][safepoint   ] Safepoint "Cleanup", Time since last: 84009344847 ns, Reaching safepoint: 14594 ns, Cleanup: 9885 ns, At safepoint: 7589 ns, Total: 32068 ns
[2025-01-18T12:17:02.943+0000][79][info ][safepoint   ] Safepoint "Cleanup", Time since last: 11991515128 ns, Reaching safepoint: 10044 ns, Cleanup: 6090 ns, At safepoint: 4700 ns, Total: 20834 ns
[2025-01-18T12:21:33.601+0000][79][info ][safepoint   ] Safepoint "Cleanup", Time since last: 270677013475 ns, Reaching safepoint: 11261 ns, Cleanup: 11221 ns, At safepoint: 17778 ns, Total: 40260 ns
[2025-01-18T12:25:15.112+0000][79][info ][safepoint   ] Safepoint "Cleanup", Time since last: 221526550761 ns, Reaching safepoint: 200205 ns, Cleanup: 14189 ns, At safepoint: 149114 ns, Total: 363508 ns
[2025-01-18T12:25:16.489+0000][79][info ][safepoint   ] Safepoint "Cleanup", Time since last: 1376442506 ns, Reaching safepoint: 62310 ns, Cleanup: 29679 ns, At safepoint: 20223 ns, Total: 112212 ns
[2025-01-18T12:28:38.953+0000][79][info ][safepoint   ] Safepoint "Cleanup", Time since last: 202476569477 ns, Reaching safepoint: 19615 ns, Cleanup: 10798 ns, At safepoint: 39591 ns, Total: 70004 ns
[2025-01-18T12:30:50.934+0000][79][info ][gc,start    ] GC(51) Pause Young (Normal) (G1 Evacuation Pause)
[2025-01-18T12:30:50.947+0000][79][info ][gc,task     ] GC(51) Using 18 workers of 18 for evacuation
[2025-01-18T12:30:50.947+0000][79][debug][gc,age      ] GC(51) Desired survivor size 134217728 bytes, new threshold 15 (max threshold 15)
[2025-01-18T12:30:50.970+0000][79][info ][gc,phases   ] GC(51)   Pre Evacuate Collection Set: 1.0ms
[2025-01-18T12:30:50.970+0000][79][info ][gc,phases   ] GC(51)   Merge Heap Roots: 0.9ms
[2025-01-18T12:30:50.971+0000][79][info ][gc,phases   ] GC(51)   Evacuate Collection Set: 16.3ms
[2025-01-18T12:30:50.972+0000][79][info ][gc,phases   ] GC(51)   Post Evacuate Collection Set: 3.2ms
[2025-01-18T12:30:50.973+0000][79][info ][gc,phases   ] GC(51)   Other: 1.6ms
[2025-01-18T12:30:50.973+0000][79][trace][gc,age      ] GC(51) Age table with threshold 15 (max threshold 15)
[2025-01-18T12:30:50.974+0000][79][trace][gc,age      ] GC(51) - age   1:    1377976 bytes,    1377976 total
[2025-01-18T12:30:50.974+0000][79][trace][gc,age      ] GC(51) - age   2:      55824 bytes,    1433800 total
[2025-01-18T12:30:50.975+0000][79][trace][gc,age      ] GC(51) - age   3:      30120 bytes,    1463920 total
[2025-01-18T12:30:50.975+0000][79][trace][gc,age      ] GC(51) - age   4:       5088 bytes,    1469008 total
[2025-01-18T12:30:50.976+0000][79][trace][gc,age      ] GC(51) - age   5:       7648 bytes,    1476656 total
[2025-01-18T12:30:50.976+0000][79][trace][gc,age      ] GC(51) - age   6:      11840 bytes,    1488496 total
[2025-01-18T12:30:50.977+0000][79][trace][gc,age      ] GC(51) - age   7:      11048 bytes,    1499544 total
[2025-01-18T12:30:50.978+0000][79][trace][gc,age      ] GC(51) - age   8:       4120 bytes,    1503664 total
[2025-01-18T12:30:50.979+0000][79][trace][gc,age      ] GC(51) - age   9:       5088 bytes,    1508752 total
[2025-01-18T12:30:50.979+0000][79][trace][gc,age      ] GC(51) - age  10:      12608 bytes,    1521360 total
[2025-01-18T12:30:50.980+0000][79][trace][gc,age      ] GC(51) - age  11:      19344 bytes,    1540704 total
[2025-01-18T12:30:50.980+0000][79][trace][gc,age      ] GC(51) - age  12:       4792 bytes,    1545496 total
[2025-01-18T12:30:50.981+0000][79][trace][gc,age      ] GC(51) - age  13:      10240 bytes,    1555736 total
[2025-01-18T12:30:50.981+0000][79][trace][gc,age      ] GC(51) - age  14:      11080 bytes,    1566816 total
[2025-01-18T12:30:50.982+0000][79][trace][gc,age      ] GC(51) - age  15:       2472 bytes,    1569288 total
[2025-01-18T12:30:50.982+0000][79][info ][gc,heap     ] GC(51) Eden regions: 507->0(507)
[2025-01-18T12:30:50.983+0000][79][info ][gc,heap     ] GC(51) Survivor regions: 1->1(64)
[2025-01-18T12:30:50.983+0000][79][info ][gc,heap     ] GC(51) Old regions: 36->36
[2025-01-18T12:30:50.984+0000][79][info ][gc,heap     ] GC(51) Humongous regions: 4->4
[2025-01-18T12:30:50.984+0000][79][info ][gc,metaspace] GC(51) Metaspace: 150211K(155968K)->150211K(155968K) NonClass: 130841K(134144K)->130841K(134144K) Class: 19370K(21824K)->19370K(21824K)
[2025-01-18T12:30:50.985+0000][79][info ][gc          ] GC(51) Pause Young (Normal) (G1 Evacuation Pause) 2189M->161M(3392M) 50.451ms
[2025-01-18T12:30:50.985+0000][79][info ][gc,cpu      ] GC(51) User=0.08s Sys=0.02s Real=0.05s
[2025-01-18T12:30:50.986+0000][79][info ][safepoint   ] Safepoint "G1CollectForAllocation", Time since last: 131992226832 ns, Reaching safepoint: 43179 ns, Cleanup: 7833 ns, At safepoint: 51883741 ns, Total: 51934753 ns
[2025-01-18T12:33:32.958+0000][79][info ][safepoint   ] Safepoint "Cleanup", Time since last: 161983183063 ns, Reaching safepoint: 35674 ns, Cleanup: 16683 ns, At safepoint: 36034 ns, Total: 88391 ns
[2025-01-18T12:34:42.639+0000][79][info ][safepoint   ] Safepoint "Cleanup", Time since last: 69687003098 ns, Reaching safepoint: 14837 ns, Cleanup: 10782 ns, At safepoint: 25918 ns, Total: 51537 ns
[2025-01-18T12:36:00.933+0000][79][info ][safepoint   ] Safepoint "Cleanup", Time since last: 78298915243 ns, Reaching safepoint: 11296 ns, Cleanup: 9937 ns, At safepoint: 17811 ns, Total: 39044 ns
[2025-01-18T12:36:54.191+0000][79][info ][safepoint   ] Safepoint "Cleanup", Time since last: 53262638536 ns, Reaching safepoint: 47281 ns, Cleanup: 23403 ns, At safepoint: 13000 ns, Total: 83684 ns
[2025-01-18T12:37:32.959+0000][79][info ][safepoint   ] Safepoint "Cleanup", Time since last: 38768569104 ns, Reaching safepoint: 10917 ns, Cleanup: 11512 ns, At safepoint: 17331 ns, Total: 39760 ns
[2025-01-18T12:40:10.902+0000][79][info ][safepoint   ] Safepoint "Cleanup", Time since last: 157954203617 ns, Reaching safepoint: 56132 ns, Cleanup: 20810 ns, At safepoint: 12616 ns, Total: 89558 ns
[2025-01-18T12:42:32.987+0000][79][info ][safepoint   ] Safepoint "Cleanup", Time since last: 142095513981 ns, Reaching safepoint: 17132 ns, Cleanup: 13929 ns, At safepoint: 9377 ns, Total: 40438 ns
[2025-01-18T12:46:38.978+0000][79][info ][safepoint   ] Safepoint "Cleanup", Time since last: 246008439846 ns, Reaching safepoint: 20546 ns, Cleanup: 9232 ns, At safepoint: 17146 ns, Total: 46924 ns
[2025-01-18T12:46:51.914+0000][79][info ][gc,start    ] GC(52) Pause Young (Normal) (G1 Evacuation Pause)
[2025-01-18T12:46:51.915+0000][79][info ][gc,task     ] GC(52) Using 18 workers of 18 for evacuation
[2025-01-18T12:46:51.916+0000][79][debug][gc,age      ] GC(52) Desired survivor size 134217728 bytes, new threshold 15 (max threshold 15)
[2025-01-18T12:46:51.926+0000][79][info ][gc,phases   ] GC(52)   Pre Evacuate Collection Set: 0.5ms
[2025-01-18T12:46:51.926+0000][79][info ][gc,phases   ] GC(52)   Merge Heap Roots: 0.6ms
[2025-01-18T12:46:51.927+0000][79][info ][gc,phases   ] GC(52)   Evacuate Collection Set: 6.5ms
[2025-01-18T12:46:51.927+0000][79][info ][gc,phases   ] GC(52)   Post Evacuate Collection Set: 2.3ms
[2025-01-18T12:46:51.927+0000][79][info ][gc,phases   ] GC(52)   Other: 0.9ms
[2025-01-18T12:46:51.927+0000][79][trace][gc,age      ] GC(52) Age table with threshold 15 (max threshold 15)
[2025-01-18T12:46:51.928+0000][79][trace][gc,age      ] GC(52) - age   1:     678480 bytes,     678480 total
[2025-01-18T12:46:51.928+0000][79][trace][gc,age      ] GC(52) - age   2:      75304 bytes,     753784 total
[2025-01-18T12:46:51.928+0000][79][trace][gc,age      ] GC(52) - age   3:      52224 bytes,     806008 total
[2025-01-18T12:46:51.929+0000][79][trace][gc,age      ] GC(52) - age   4:      29040 bytes,     835048 total
[2025-01-18T12:46:51.929+0000][79][trace][gc,age      ] GC(52) - age   5:       5088 bytes,     840136 total
[2025-01-18T12:46:51.929+0000][79][trace][gc,age      ] GC(52) - age   6:       7648 bytes,     847784 total
[2025-01-18T12:46:51.930+0000][79][trace][gc,age      ] GC(52) - age   7:      10240 bytes,     858024 total
[2025-01-18T12:46:51.930+0000][79][trace][gc,age      ] GC(52) - age   8:      10312 bytes,     868336 total
[2025-01-18T12:46:51.930+0000][79][trace][gc,age      ] GC(52) - age   9:       3976 bytes,     872312 total
[2025-01-18T12:46:51.931+0000][79][trace][gc,age      ] GC(52) - age  10:       5048 bytes,     877360 total
[2025-01-18T12:46:51.931+0000][79][trace][gc,age      ] GC(52) - age  11:      12528 bytes,     889888 total
[2025-01-18T12:46:51.931+0000][79][trace][gc,age      ] GC(52) - age  12:      19248 bytes,     909136 total
[2025-01-18T12:46:51.932+0000][79][trace][gc,age      ] GC(52) - age  13:       4792 bytes,     913928 total
[2025-01-18T12:46:51.932+0000][79][trace][gc,age      ] GC(52) - age  14:      10240 bytes,     924168 total
[2025-01-18T12:46:51.932+0000][79][trace][gc,age      ] GC(52) - age  15:      11080 bytes,     935248 total
[2025-01-18T12:46:51.934+0000][79][info ][gc,heap     ] GC(52) Eden regions: 507->0(507)
[2025-01-18T12:46:51.934+0000][79][info ][gc,heap     ] GC(52) Survivor regions: 1->1(64)
[2025-01-18T12:46:51.934+0000][79][info ][gc,heap     ] GC(52) Old regions: 36->36
[2025-01-18T12:46:51.935+0000][79][info ][gc,heap     ] GC(52) Humongous regions: 4->4
[2025-01-18T12:46:51.935+0000][79][info ][gc,metaspace] GC(52) Metaspace: 150211K(155968K)->150211K(155968K) NonClass: 130841K(134144K)->130841K(134144K) Class: 19370K(21824K)->19370K(21824K)
[2025-01-18T12:46:51.935+0000][79][info ][gc          ] GC(52) Pause Young (Normal) (G1 Evacuation Pause) 2189M->160M(3392M) 20.800ms
[2025-01-18T12:46:51.935+0000][79][info ][gc,cpu      ] GC(52) User=0.04s Sys=0.01s Real=0.02s
[2025-01-18T12:46:51.936+0000][79][info ][safepoint   ] Safepoint "G1CollectForAllocation", Time since last: 12938395273 ns, Reaching safepoint: 114860 ns, Cleanup: 3975 ns, At safepoint: 21525031 ns, Total: 21643866 ns
[2025-01-18T12:49:39.956+0000][79][info ][safepoint   ] Safepoint "Cleanup", Time since last: 168029697498 ns, Reaching safepoint: 59091 ns, Cleanup: 29288 ns, At safepoint: 50510 ns, Total: 138889 ns
[2025-01-18T12:49:41.991+0000][79][info ][safepoint   ] Safepoint "Cleanup", Time since last: 2034671841 ns, Reaching safepoint: 17187 ns, Cleanup: 13736 ns, At safepoint: 9066 ns, Total: 39989 ns
[2025-01-18T12:49:52.013+0000][79][info ][safepoint   ] Safepoint "Cleanup", Time since last: 10024420127 ns, Reaching safepoint: 48080 ns, Cleanup: 24225 ns, At safepoint: 13336 ns, Total: 85641 ns
[2025-01-18T12:49:57.387+0000][79][info ][safepoint   ] Safepoint "Cleanup", Time since last: 5373946171 ns, Reaching safepoint: 19871 ns, Cleanup: 11022 ns, At safepoint: 33378 ns, Total: 64271 ns
[2025-01-18T12:50:03.116+0000][79][info ][safepoint   ] Safepoint "Cleanup", Time since last: 5728749323 ns, Reaching safepoint: 22830 ns, Cleanup: 17729 ns, At safepoint: 11334 ns, Total: 51893 ns
[2025-01-18T12:50:45.018+0000][79][info ][safepoint   ] Safepoint "Cleanup", Time since last: 41906445893 ns, Reaching safepoint: 38393 ns, Cleanup: 11869 ns, At safepoint: 34992 ns, Total: 85254 ns
[2025-01-18T12:50:57.256+0000][79][info ][safepoint   ] Safepoint "Cleanup", Time since last: 12237378294 ns, Reaching safepoint: 19530 ns, Cleanup: 10694 ns, At safepoint: 37918 ns, Total: 68142 ns
[2025-01-18T12:51:21.395+0000][79][info ][safepoint   ] Safepoint "Cleanup", Time since last: 24141302616 ns, Reaching safepoint: 11099 ns, Cleanup: 64050 ns, At safepoint: 18947 ns, Total: 94096 ns
[2025-01-18T12:53:03.246+0000][79][info ][safepoint   ] Safepoint "Cleanup", Time since last: 101856424360 ns, Reaching safepoint: 32971 ns, Cleanup: 11128 ns, At safepoint: 7908 ns, Total: 52007 ns
[2025-01-18T12:59:22.146+0000][79][info ][safepoint   ] Safepoint "Cleanup", Time since last: 378925149216 ns, Reaching safepoint: 60395 ns, Cleanup: 29936 ns, At safepoint: 18382 ns, Total: 108713 ns
[2025-01-18T12:59:27.037+0000][79][info ][safepoint   ] Safepoint "Cleanup", Time since last: 4891305986 ns, Reaching safepoint: 16184 ns, Cleanup: 10345 ns, At safepoint: 34790 ns, Total: 61319 ns
[2025-01-18T12:59:28.220+0000][79][info ][safepoint   ] Safepoint "Cleanup", Time since last: 1183210380 ns, Reaching safepoint: 17253 ns, Cleanup: 14161 ns, At safepoint: 8527 ns, Total: 39941 ns
[2025-01-18T13:01:15.759+0000][79][info ][safepoint   ] Safepoint "Cleanup", Time since last: 107547044289 ns, Reaching safepoint: 16316 ns, Cleanup: 10733 ns, At safepoint: 9173 ns, Total: 36222 ns
[2025-01-18T13:02:51.243+0000][79][info ][gc,start    ] GC(53) Pause Young (Normal) (G1 Evacuation Pause)
[2025-01-18T13:02:51.244+0000][79][info ][gc,task     ] GC(53) Using 18 workers of 18 for evacuation
[2025-01-18T13:02:51.244+0000][79][debug][gc,age      ] GC(53) Desired survivor size 134217728 bytes, new threshold 15 (max threshold 15)
[2025-01-18T13:02:51.253+0000][79][info ][gc,phases   ] GC(53)   Pre Evacuate Collection Set: 0.5ms
[2025-01-18T13:02:51.254+0000][79][info ][gc,phases   ] GC(53)   Merge Heap Roots: 0.5ms
[2025-01-18T13:02:51.254+0000][79][info ][gc,phases   ] GC(53)   Evacuate Collection Set: 5.5ms
[2025-01-18T13:02:51.254+0000][79][info ][gc,phases   ] GC(53)   Post Evacuate Collection Set: 2.0ms
[2025-01-18T13:02:51.254+0000][79][info ][gc,phases   ] GC(53)   Other: 0.8ms
[2025-01-18T13:02:51.255+0000][79][trace][gc,age      ] GC(53) Age table with threshold 15 (max threshold 15)
[2025-01-18T13:02:51.255+0000][79][trace][gc,age      ] GC(53) - age   1:    2178080 bytes,    2178080 total
[2025-01-18T13:02:51.255+0000][79][trace][gc,age      ] GC(53) - age   2:      11424 bytes,    2189504 total
[2025-01-18T13:02:51.255+0000][79][trace][gc,age      ] GC(53) - age   3:      61904 bytes,    2251408 total
[2025-01-18T13:02:51.256+0000][79][trace][gc,age      ] GC(53) - age   4:      50072 bytes,    2301480 total
[2025-01-18T13:02:51.256+0000][79][trace][gc,age      ] GC(53) - age   5:      12000 bytes,    2313480 total
[2025-01-18T13:02:51.256+0000][79][trace][gc,age      ] GC(53) - age   6:       5088 bytes,    2318568 total
[2025-01-18T13:02:51.256+0000][79][trace][gc,age      ] GC(53) - age   7:       7248 bytes,    2325816 total
[2025-01-18T13:02:51.256+0000][79][trace][gc,age      ] GC(53) - age   8:       9760 bytes,    2335576 total
[2025-01-18T13:02:51.257+0000][79][trace][gc,age      ] GC(53) - age   9:       9432 bytes,    2345008 total
[2025-01-18T13:02:51.257+0000][79][trace][gc,age      ] GC(53) - age  10:       3976 bytes,    2348984 total
[2025-01-18T13:02:51.257+0000][79][trace][gc,age      ] GC(53) - age  11:       5048 bytes,    2354032 total
[2025-01-18T13:02:51.257+0000][79][trace][gc,age      ] GC(53) - age  12:      12448 bytes,    2366480 total
[2025-01-18T13:02:51.257+0000][79][trace][gc,age      ] GC(53) - age  13:      19168 bytes,    2385648 total
[2025-01-18T13:02:51.257+0000][79][trace][gc,age      ] GC(53) - age  14:       4792 bytes,    2390440 total
[2025-01-18T13:02:51.257+0000][79][trace][gc,age      ] GC(53) - age  15:      10160 bytes,    2400600 total
[2025-01-18T13:02:51.257+0000][79][info ][gc,heap     ] GC(53) Eden regions: 507->0(507)
[2025-01-18T13:02:51.258+0000][79][info ][gc,heap     ] GC(53) Survivor regions: 1->1(64)
[2025-01-18T13:02:51.258+0000][79][info ][gc,heap     ] GC(53) Old regions: 36->36
[2025-01-18T13:02:51.258+0000][79][info ][gc,heap     ] GC(53) Humongous regions: 4->4
[2025-01-18T13:02:51.258+0000][79][info ][gc,metaspace] GC(53) Metaspace: 150211K(155968K)->150211K(155968K) NonClass: 130841K(134144K)->130841K(134144K) Class: 19370K(21824K)->19370K(21824K)
[2025-01-18T13:02:51.259+0000][79][info ][gc          ] GC(53) Pause Young (Normal) (G1 Evacuation Pause) 2188M->162M(3392M) 15.783ms
[2025-01-18T13:02:51.259+0000][79][info ][gc,cpu      ] GC(53) User=0.07s Sys=0.02s Real=0.02s
[2025-01-18T13:02:51.259+0000][79][info ][safepoint   ] Safepoint "G1CollectForAllocation", Time since last: 95489057329 ns, Reaching safepoint: 14720 ns, Cleanup: 3535 ns, At safepoint: 16640001 ns, Total: 16658256 ns
[2025-01-18T13:07:33.018+0000][79][info ][safepoint   ] Safepoint "Cleanup", Time since last: 281775138702 ns, Reaching safepoint: 16323 ns, Cleanup: 15090 ns, At safepoint: 9500 ns, Total: 40913 ns
[2025-01-18T13:18:27.631+0000][79][info ][safepoint   ] Safepoint "Cleanup", Time since last: 654650319447 ns, Reaching safepoint: 68924 ns, Cleanup: 15378 ns, At safepoint: 38232 ns, Total: 122534 ns
[2025-01-18T13:18:45.442+0000][79][info ][safepoint   ] Safepoint "Cleanup", Time since last: 17813053027 ns, Reaching safepoint: 16539 ns, Cleanup: 8942 ns, At safepoint: 22060 ns, Total: 47541 ns
[2025-01-18T13:18:54.016+0000][79][info ][gc,start    ] GC(54) Pause Young (Normal) (G1 Evacuation Pause)
[2025-01-18T13:18:54.018+0000][79][info ][gc,task     ] GC(54) Using 18 workers of 18 for evacuation
[2025-01-18T13:18:54.022+0000][79][debug][gc,age      ] GC(54) Desired survivor size 134217728 bytes, new threshold 15 (max threshold 15)
[2025-01-18T13:18:54.041+0000][79][info ][gc,phases   ] GC(54)   Pre Evacuate Collection Set: 0.8ms
[2025-01-18T13:18:54.042+0000][79][info ][gc,phases   ] GC(54)   Merge Heap Roots: 0.7ms
[2025-01-18T13:18:54.042+0000][79][info ][gc,phases   ] GC(54)   Evacuate Collection Set: 11.1ms
[2025-01-18T13:18:54.043+0000][79][info ][gc,phases   ] GC(54)   Post Evacuate Collection Set: 3.6ms
[2025-01-18T13:18:54.043+0000][79][info ][gc,phases   ] GC(54)   Other: 6.2ms
[2025-01-18T13:18:54.043+0000][79][trace][gc,age      ] GC(54) Age table with threshold 15 (max threshold 15)
[2025-01-18T13:18:54.044+0000][79][trace][gc,age      ] GC(54) - age   1:    1047984 bytes,    1047984 total
[2025-01-18T13:18:54.044+0000][79][trace][gc,age      ] GC(54) - age   2:     474664 bytes,    1522648 total
[2025-01-18T13:18:54.045+0000][79][trace][gc,age      ] GC(54) - age   3:       8360 bytes,    1531008 total
[2025-01-18T13:18:54.045+0000][79][trace][gc,age      ] GC(54) - age   4:      61424 bytes,    1592432 total
[2025-01-18T13:18:54.046+0000][79][trace][gc,age      ] GC(54) - age   5:      50008 bytes,    1642440 total
[2025-01-18T13:18:54.046+0000][79][trace][gc,age      ] GC(54) - age   6:      11456 bytes,    1653896 total
[2025-01-18T13:18:54.047+0000][79][trace][gc,age      ] GC(54) - age   7:       5088 bytes,    1658984 total
[2025-01-18T13:18:54.047+0000][79][trace][gc,age      ] GC(54) - age   8:       6928 bytes,    1665912 total
[2025-01-18T13:18:54.048+0000][79][trace][gc,age      ] GC(54) - age   9:       9072 bytes,    1674984 total
[2025-01-18T13:18:54.048+0000][79][trace][gc,age      ] GC(54) - age  10:       9312 bytes,    1684296 total
[2025-01-18T13:18:54.049+0000][79][trace][gc,age      ] GC(54) - age  11:       3856 bytes,    1688152 total
[2025-01-18T13:18:54.049+0000][79][trace][gc,age      ] GC(54) - age  12:       5008 bytes,    1693160 total
[2025-01-18T13:18:54.049+0000][79][trace][gc,age      ] GC(54) - age  13:      12448 bytes,    1705608 total
[2025-01-18T13:18:54.050+0000][79][trace][gc,age      ] GC(54) - age  14:      19128 bytes,    1724736 total
[2025-01-18T13:18:54.050+0000][79][trace][gc,age      ] GC(54) - age  15:       4792 bytes,    1729528 total
[2025-01-18T13:18:54.051+0000][79][info ][gc,heap     ] GC(54) Eden regions: 507->0(507)
[2025-01-18T13:18:54.051+0000][79][info ][gc,heap     ] GC(54) Survivor regions: 1->1(64)
[2025-01-18T13:18:54.052+0000][79][info ][gc,heap     ] GC(54) Old regions: 36->36
[2025-01-18T13:18:54.052+0000][79][info ][gc,heap     ] GC(54) Humongous regions: 4->4
[2025-01-18T13:18:54.052+0000][79][info ][gc,metaspace] GC(54) Metaspace: 150216K(155968K)->150216K(155968K) NonClass: 130845K(134144K)->130845K(134144K) Class: 19370K(21824K)->19370K(21824K)
[2025-01-18T13:18:54.053+0000][79][info ][gc          ] GC(54) Pause Young (Normal) (G1 Evacuation Pause) 2190M->161M(3392M) 36.510ms
[2025-01-18T13:18:54.053+0000][79][info ][gc,cpu      ] GC(54) User=0.08s Sys=0.00s Real=0.04s
[2025-01-18T13:18:54.053+0000][79][info ][safepoint   ] Safepoint "G1CollectForAllocation", Time since last: 8574339023 ns, Reaching safepoint: 24679 ns, Cleanup: 4697 ns, At safepoint: 37273324 ns, Total: 37302700 ns
[2025-01-18T13:20:12.774+0000][79][info ][safepoint   ] Safepoint "Cleanup", Time since last: 78725491676 ns, Reaching safepoint: 21849 ns, Cleanup: 14415 ns, At safepoint: 11540 ns, Total: 47804 ns
[2025-01-18T13:20:20.943+0000][79][info ][safepoint   ] Safepoint "Cleanup", Time since last: 8169052253 ns, Reaching safepoint: 57269 ns, Cleanup: 26270 ns, At safepoint: 13974 ns, Total: 97513 ns
[2025-01-18T13:22:15.062+0000][79][info ][safepoint   ] Safepoint "Cleanup", Time since last: 114125795576 ns, Reaching safepoint: 16132 ns, Cleanup: 10188 ns, At safepoint: 34945 ns, Total: 61265 ns
[2025-01-18T13:22:51.347+0000][79][info ][safepoint   ] Safepoint "Cleanup", Time since last: 36286899704 ns, Reaching safepoint: 138457 ns, Cleanup: 14219 ns, At safepoint: 120566 ns, Total: 273242 ns
[2025-01-18T13:24:40.732+0000][79][info ][safepoint   ] Safepoint "Cleanup", Time since last: 109389848482 ns, Reaching safepoint: 70729 ns, Cleanup: 17742 ns, At safepoint: 12876 ns, Total: 101347 ns
[2025-01-18T13:25:12.819+0000][79][info ][safepoint   ] Safepoint "Cleanup", Time since last: 32091256972 ns, Reaching safepoint: 40571 ns, Cleanup: 14454 ns, At safepoint: 39198 ns, Total: 94223 ns
[2025-01-18T13:29:23.707+0000][79][info ][safepoint   ] Safepoint "Cleanup", Time since last: 250901909502 ns, Reaching safepoint: 37128 ns, Cleanup: 16834 ns, At safepoint: 6542 ns, Total: 60504 ns
[2025-01-18T13:32:09.073+0000][79][info ][safepoint   ] Safepoint "Cleanup", Time since last: 165374999166 ns, Reaching safepoint: 34632 ns, Cleanup: 57697 ns, At safepoint: 44083 ns, Total: 136412 ns
[2025-01-18T13:35:09.053+0000][79][info ][gc,start    ] GC(55) Pause Young (Normal) (G1 Evacuation Pause)
[2025-01-18T13:35:09.054+0000][79][info ][gc,task     ] GC(55) Using 18 workers of 18 for evacuation
[2025-01-18T13:35:09.054+0000][79][debug][gc,age      ] GC(55) Desired survivor size 134217728 bytes, new threshold 15 (max threshold 15)
[2025-01-18T13:35:09.063+0000][79][info ][gc,phases   ] GC(55)   Pre Evacuate Collection Set: 0.6ms
[2025-01-18T13:35:09.066+0000][79][info ][gc,phases   ] GC(55)   Merge Heap Roots: 0.5ms
[2025-01-18T13:35:09.066+0000][79][info ][gc,phases   ] GC(55)   Evacuate Collection Set: 5.7ms
[2025-01-18T13:35:09.067+0000][79][info ][gc,phases   ] GC(55)   Post Evacuate Collection Set: 1.5ms
[2025-01-18T13:35:09.068+0000][79][info ][gc,phases   ] GC(55)   Other: 1.0ms
[2025-01-18T13:35:09.070+0000][79][trace][gc,age      ] GC(55) Age table with threshold 15 (max threshold 15)
[2025-01-18T13:35:09.072+0000][79][trace][gc,age      ] GC(55) - age   1:    1734336 bytes,    1734336 total
[2025-01-18T13:35:09.072+0000][79][trace][gc,age      ] GC(55) - age   2:      15984 bytes,    1750320 total
[2025-01-18T13:35:09.073+0000][79][trace][gc,age      ] GC(55) - age   3:     469080 bytes,    2219400 total
[2025-01-18T13:35:09.073+0000][79][trace][gc,age      ] GC(55) - age   4:       7872 bytes,    2227272 total
[2025-01-18T13:35:09.074+0000][79][trace][gc,age      ] GC(55) - age   5:      61304 bytes,    2288576 total
[2025-01-18T13:35:09.074+0000][79][trace][gc,age      ] GC(55) - age   6:      49328 bytes,    2337904 total
[2025-01-18T13:35:09.074+0000][79][trace][gc,age      ] GC(55) - age   7:      11176 bytes,    2349080 total
[2025-01-18T13:35:09.075+0000][79][trace][gc,age      ] GC(55) - age   8:       5056 bytes,    2354136 total
[2025-01-18T13:35:09.075+0000][79][trace][gc,age      ] GC(55) - age   9:       6712 bytes,    2360848 total
[2025-01-18T13:35:09.076+0000][79][trace][gc,age      ] GC(55) - age  10:       9072 bytes,    2369920 total
[2025-01-18T13:35:09.076+0000][79][trace][gc,age      ] GC(55) - age  11:       9152 bytes,    2379072 total
[2025-01-18T13:35:09.077+0000][79][trace][gc,age      ] GC(55) - age  12:       3856 bytes,    2382928 total
[2025-01-18T13:35:09.077+0000][79][trace][gc,age      ] GC(55) - age  13:       5008 bytes,    2387936 total
[2025-01-18T13:35:09.078+0000][79][trace][gc,age      ] GC(55) - age  14:      12328 bytes,    2400264 total
[2025-01-18T13:35:09.078+0000][79][trace][gc,age      ] GC(55) - age  15:      19128 bytes,    2419392 total
[2025-01-18T13:35:09.079+0000][79][info ][gc,heap     ] GC(55) Eden regions: 507->0(507)
[2025-01-18T13:35:09.080+0000][79][info ][gc,heap     ] GC(55) Survivor regions: 1->1(64)
[2025-01-18T13:35:09.080+0000][79][info ][gc,heap     ] GC(55) Old regions: 36->36
[2025-01-18T13:35:09.081+0000][79][info ][gc,heap     ] GC(55) Humongous regions: 4->4
[2025-01-18T13:35:09.081+0000][79][info ][gc,metaspace] GC(55) Metaspace: 150272K(155968K)->150272K(155968K) NonClass: 130902K(134144K)->130902K(134144K) Class: 19370K(21824K)->19370K(21824K)
[2025-01-18T13:35:09.082+0000][79][info ][gc          ] GC(55) Pause Young (Normal) (G1 Evacuation Pause) 2189M->162M(3392M) 29.389ms
[2025-01-18T13:35:09.082+0000][79][info ][gc,cpu      ] GC(55) User=0.05s Sys=0.02s Real=0.03s
[2025-01-18T13:35:09.083+0000][79][info ][safepoint   ] Safepoint "G1CollectForAllocation", Time since last: 179989688127 ns, Reaching safepoint: 30427 ns, Cleanup: 3184 ns, At safepoint: 30572555 ns, Total: 30606166 ns
[2025-01-18T13:35:10.252+0000][79][info ][safepoint   ] Safepoint "Cleanup", Time since last: 1168374542 ns, Reaching safepoint: 164637 ns, Cleanup: 21871 ns, At safepoint: 69945 ns, Total: 256453 ns
[2025-01-18T13:38:15.483+0000][79][info ][safepoint   ] Safepoint "Cleanup", Time since last: 185244158978 ns, Reaching safepoint: 342428 ns, Cleanup: 13813 ns, At safepoint: 107694 ns, Total: 463935 ns
[2025-01-18T13:39:33.057+0000][79][info ][safepoint   ] Safepoint "Cleanup", Time since last: 77577825537 ns, Reaching safepoint: 10733 ns, Cleanup: 301238 ns, At safepoint: 43732 ns, Total: 355703 ns
[2025-01-18T13:40:33.055+0000][79][info ][safepoint   ] Safepoint "Cleanup", Time since last: 60002120019 ns, Reaching safepoint: 23884 ns, Cleanup: 15726 ns, At safepoint: 45939 ns, Total: 85549 ns
[2025-01-18T13:49:39.983+0000][79][info ][safepoint   ] Safepoint "Cleanup", Time since last: 546965561670 ns, Reaching safepoint: 36845 ns, Cleanup: 23122 ns, At safepoint: 9896 ns, Total: 69863 ns
[2025-01-18T13:49:45.079+0000][79][info ][safepoint   ] Safepoint "Cleanup", Time since last: 5097628523 ns, Reaching safepoint: 10084 ns, Cleanup: 10833 ns, At safepoint: 4642 ns, Total: 25559 ns
[2025-01-18T13:50:57.377+0000][79][info ][gc,start    ] GC(56) Pause Young (Normal) (G1 Evacuation Pause)
[2025-01-18T13:50:57.378+0000][79][info ][gc,task     ] GC(56) Using 18 workers of 18 for evacuation
[2025-01-18T13:50:57.379+0000][79][debug][gc,age      ] GC(56) Desired survivor size 134217728 bytes, new threshold 15 (max threshold 15)
[2025-01-18T13:50:57.400+0000][79][info ][gc,phases   ] GC(56)   Pre Evacuate Collection Set: 1.3ms
[2025-01-18T13:50:57.401+0000][79][info ][gc,phases   ] GC(56)   Merge Heap Roots: 1.0ms
[2025-01-18T13:50:57.402+0000][79][info ][gc,phases   ] GC(56)   Evacuate Collection Set: 10.0ms
[2025-01-18T13:50:57.403+0000][79][info ][gc,phases   ] GC(56)   Post Evacuate Collection Set: 8.3ms
[2025-01-18T13:50:57.403+0000][79][info ][gc,phases   ] GC(56)   Other: 2.0ms
[2025-01-18T13:50:57.404+0000][79][trace][gc,age      ] GC(56) Age table with threshold 15 (max threshold 15)
[2025-01-18T13:50:57.405+0000][79][trace][gc,age      ] GC(56) - age   1:    1389600 bytes,    1389600 total
[2025-01-18T13:50:57.406+0000][79][trace][gc,age      ] GC(56) - age   2:      13376 bytes,    1402976 total
[2025-01-18T13:50:57.406+0000][79][trace][gc,age      ] GC(56) - age   3:      12400 bytes,    1415376 total
[2025-01-18T13:50:57.407+0000][79][trace][gc,age      ] GC(56) - age   4:      72480 bytes,    1487856 total
[2025-01-18T13:50:57.408+0000][79][trace][gc,age      ] GC(56) - age   5:       7432 bytes,    1495288 total
[2025-01-18T13:50:57.408+0000][79][trace][gc,age      ] GC(56) - age   6:      60280 bytes,    1555568 total
[2025-01-18T13:50:57.409+0000][79][trace][gc,age      ] GC(56) - age   7:      49328 bytes,    1604896 total
[2025-01-18T13:50:57.409+0000][79][trace][gc,age      ] GC(56) - age   8:      10656 bytes,    1615552 total
[2025-01-18T13:50:57.409+0000][79][trace][gc,age      ] GC(56) - age   9:       4792 bytes,    1620344 total
[2025-01-18T13:50:57.410+0000][79][trace][gc,age      ] GC(56) - age  10:       6712 bytes,    1627056 total
[2025-01-18T13:50:57.410+0000][79][trace][gc,age      ] GC(56) - age  11:       6728 bytes,    1633784 total
[2025-01-18T13:50:57.411+0000][79][trace][gc,age      ] GC(56) - age  12:       9152 bytes,    1642936 total
[2025-01-18T13:50:57.412+0000][79][trace][gc,age      ] GC(56) - age  13:       3856 bytes,    1646792 total
[2025-01-18T13:50:57.412+0000][79][trace][gc,age      ] GC(56) - age  14:       4720 bytes,    1651512 total
[2025-01-18T13:50:57.413+0000][79][trace][gc,age      ] GC(56) - age  15:      12328 bytes,    1663840 total
[2025-01-18T13:50:57.414+0000][79][info ][gc,heap     ] GC(56) Eden regions: 507->0(507)
[2025-01-18T13:50:57.414+0000][79][info ][gc,heap     ] GC(56) Survivor regions: 1->1(64)
[2025-01-18T13:50:57.415+0000][79][info ][gc,heap     ] GC(56) Old regions: 36->36
[2025-01-18T13:50:57.416+0000][79][info ][gc,heap     ] GC(56) Humongous regions: 4->4
[2025-01-18T13:50:57.417+0000][79][info ][gc,metaspace] GC(56) Metaspace: 150276K(155968K)->150276K(155968K) NonClass: 130905K(134144K)->130905K(134144K) Class: 19370K(21824K)->19370K(21824K)
[2025-01-18T13:50:57.417+0000][79][info ][gc          ] GC(56) Pause Young (Normal) (G1 Evacuation Pause) 2190M->161M(3392M) 40.478ms
[2025-01-18T13:50:57.418+0000][79][info ][gc,cpu      ] GC(56) User=0.10s Sys=0.00s Real=0.04s
[2025-01-18T13:50:57.419+0000][79][info ][safepoint   ] Safepoint "G1CollectForAllocation", Time since last: 72302370577 ns, Reaching safepoint: 38255 ns, Cleanup: 6679 ns, At safepoint: 41957147 ns, Total: 42002081 ns
[2025-01-18T13:54:33.109+0000][79][info ][safepoint   ] Safepoint "Cleanup", Time since last: 215705637667 ns, Reaching safepoint: 20504 ns, Cleanup: 14180 ns, At safepoint: 40858 ns, Total: 75542 ns
[2025-01-18T14:00:33.460+0000][79][info ][safepoint   ] Safepoint "Cleanup", Time since last: 360378175932 ns, Reaching safepoint: 48236 ns, Cleanup: 16169 ns, At safepoint: 37988 ns, Total: 102393 ns
[2025-01-18T14:06:18.757+0000][79][info ][safepoint   ] Safepoint "Cleanup", Time since last: 345322694969 ns, Reaching safepoint: 43828 ns, Cleanup: 15270 ns, At safepoint: 10404 ns, Total: 69502 ns
[2025-01-18T14:07:09.391+0000][79][info ][gc,start    ] GC(57) Pause Young (Normal) (G1 Evacuation Pause)
[2025-01-18T14:07:09.394+0000][79][info ][gc,task     ] GC(57) Using 18 workers of 18 for evacuation
[2025-01-18T14:07:09.396+0000][79][debug][gc,age      ] GC(57) Desired survivor size 134217728 bytes, new threshold 15 (max threshold 15)
[2025-01-18T14:07:09.416+0000][79][info ][gc,phases   ] GC(57)   Pre Evacuate Collection Set: 1.3ms
[2025-01-18T14:07:09.416+0000][79][info ][gc,phases   ] GC(57)   Merge Heap Roots: 0.9ms
[2025-01-18T14:07:09.432+0000][79][info ][gc,phases   ] GC(57)   Evacuate Collection Set: 11.2ms
[2025-01-18T14:07:09.433+0000][79][info ][gc,phases   ] GC(57)   Post Evacuate Collection Set: 1.8ms
[2025-01-18T14:07:09.434+0000][79][info ][gc,phases   ] GC(57)   Other: 6.3ms
[2025-01-18T14:07:09.435+0000][79][trace][gc,age      ] GC(57) Age table with threshold 15 (max threshold 15)
[2025-01-18T14:07:09.436+0000][79][trace][gc,age      ] GC(57) - age   1:    1271408 bytes,    1271408 total
[2025-01-18T14:07:09.437+0000][79][trace][gc,age      ] GC(57) - age   2:     197256 bytes,    1468664 total
[2025-01-18T14:07:09.438+0000][79][trace][gc,age      ] GC(57) - age   3:      11464 bytes,    1480128 total
[2025-01-18T14:07:09.438+0000][79][trace][gc,age      ] GC(57) - age   4:      11840 bytes,    1491968 total
[2025-01-18T14:07:09.439+0000][79][trace][gc,age      ] GC(57) - age   5:      22168 bytes,    1514136 total
[2025-01-18T14:07:09.440+0000][79][trace][gc,age      ] GC(57) - age   6:       6552 bytes,    1520688 total
[2025-01-18T14:07:09.441+0000][79][trace][gc,age      ] GC(57) - age   7:      60280 bytes,    1580968 total
[2025-01-18T14:07:09.441+0000][79][trace][gc,age      ] GC(57) - age   8:      49136 bytes,    1630104 total
[2025-01-18T14:07:09.442+0000][79][trace][gc,age      ] GC(57) - age   9:      10512 bytes,    1640616 total
[2025-01-18T14:07:09.443+0000][79][trace][gc,age      ] GC(57) - age  10:       4792 bytes,    1645408 total
[2025-01-18T14:07:09.444+0000][79][trace][gc,age      ] GC(57) - age  11:       6712 bytes,    1652120 total
[2025-01-18T14:07:09.444+0000][79][trace][gc,age      ] GC(57) - age  12:       6728 bytes,    1658848 total
[2025-01-18T14:07:09.445+0000][79][trace][gc,age      ] GC(57) - age  13:       9152 bytes,    1668000 total
[2025-01-18T14:07:09.446+0000][79][trace][gc,age      ] GC(57) - age  14:       3856 bytes,    1671856 total
[2025-01-18T14:07:09.447+0000][79][trace][gc,age      ] GC(57) - age  15:       4720 bytes,    1676576 total
[2025-01-18T14:07:09.447+0000][79][info ][gc,heap     ] GC(57) Eden regions: 507->0(507)
[2025-01-18T14:07:09.448+0000][79][info ][gc,heap     ] GC(57) Survivor regions: 1->1(64)
[2025-01-18T14:07:09.449+0000][79][info ][gc,heap     ] GC(57) Old regions: 36->36
[2025-01-18T14:07:09.449+0000][79][info ][gc,heap     ] GC(57) Humongous regions: 4->4
[2025-01-18T14:07:09.450+0000][79][info ][gc,metaspace] GC(57) Metaspace: 150281K(155968K)->150281K(155968K) NonClass: 130910K(134144K)->130910K(134144K) Class: 19370K(21824K)->19370K(21824K)
[2025-01-18T14:07:09.451+0000][79][info ][gc          ] GC(57) Pause Young (Normal) (G1 Evacuation Pause) 2189M->161M(3392M) 59.505ms
[2025-01-18T14:07:09.452+0000][79][info ][gc,cpu      ] GC(57) User=0.08s Sys=0.00s Real=0.06s
[2025-01-18T14:07:09.452+0000][79][info ][safepoint   ] Safepoint "G1CollectForAllocation", Time since last: 50636439233 ns, Reaching safepoint: 31002 ns, Cleanup: 4455 ns, At safepoint: 60885133 ns, Total: 60920590 ns
[2025-01-18T14:10:39.700+0000][79][info ][safepoint   ] Safepoint "Cleanup", Time since last: 210265435568 ns, Reaching safepoint: 22135 ns, Cleanup: 17244 ns, At safepoint: 12988 ns, Total: 52367 ns
[2025-01-18T14:14:53.619+0000][79][info ][safepoint   ] Safepoint "Cleanup", Time since last: 253935651457 ns, Reaching safepoint: 76769 ns, Cleanup: 28623 ns, At safepoint: 15509 ns, Total: 120901 ns
[2025-01-18T14:15:23.742+0000][79][info ][safepoint   ] Safepoint "Cleanup", Time since last: 30125453933 ns, Reaching safepoint: 54219 ns, Cleanup: 27634 ns, At safepoint: 16054 ns, Total: 97907 ns
[2025-01-18T14:16:58.135+0000][79][info ][safepoint   ] Safepoint "Cleanup", Time since last: 94400285284 ns, Reaching safepoint: 16511 ns, Cleanup: 12956 ns, At safepoint: 7906 ns, Total: 37373 ns
[2025-01-18T14:17:21.272+0000][79][info ][safepoint   ] Safepoint "Cleanup", Time since last: 23138001446 ns, Reaching safepoint: 13632 ns, Cleanup: 63850 ns, At safepoint: 33786 ns, Total: 111268 ns
[2025-01-18T14:23:27.196+0000][79][info ][gc,start    ] GC(58) Pause Young (Normal) (G1 Evacuation Pause)
[2025-01-18T14:23:27.197+0000][79][info ][gc,task     ] GC(58) Using 18 workers of 18 for evacuation
[2025-01-18T14:23:27.197+0000][79][debug][gc,age      ] GC(58) Desired survivor size 134217728 bytes, new threshold 15 (max threshold 15)
[2025-01-18T14:23:27.208+0000][79][info ][gc,phases   ] GC(58)   Pre Evacuate Collection Set: 0.6ms
[2025-01-18T14:23:27.208+0000][79][info ][gc,phases   ] GC(58)   Merge Heap Roots: 0.7ms
[2025-01-18T14:23:27.209+0000][79][info ][gc,phases   ] GC(58)   Evacuate Collection Set: 6.8ms
[2025-01-18T14:23:27.209+0000][79][info ][gc,phases   ] GC(58)   Post Evacuate Collection Set: 1.5ms
[2025-01-18T14:23:27.210+0000][79][info ][gc,phases   ] GC(58)   Other: 1.0ms
[2025-01-18T14:23:27.210+0000][79][trace][gc,age      ] GC(58) Age table with threshold 15 (max threshold 15)
[2025-01-18T14:23:27.210+0000][79][trace][gc,age      ] GC(58) - age   1:    1679216 bytes,    1679216 total
[2025-01-18T14:23:27.211+0000][79][trace][gc,age      ] GC(58) - age   2:      13512 bytes,    1692728 total
[2025-01-18T14:23:27.215+0000][79][trace][gc,age      ] GC(58) - age   3:     193248 bytes,    1885976 total
[2025-01-18T14:23:27.216+0000][79][trace][gc,age      ] GC(58) - age   4:      10264 bytes,    1896240 total
[2025-01-18T14:23:27.217+0000][79][trace][gc,age      ] GC(58) - age   5:      11800 bytes,    1908040 total
[2025-01-18T14:23:27.218+0000][79][trace][gc,age      ] GC(58) - age   6:      21848 bytes,    1929888 total
[2025-01-18T14:23:27.218+0000][79][trace][gc,age      ] GC(58) - age   7:       6552 bytes,    1936440 total
[2025-01-18T14:23:27.218+0000][79][trace][gc,age      ] GC(58) - age   8:      59000 bytes,    1995440 total
[2025-01-18T14:23:27.219+0000][79][trace][gc,age      ] GC(58) - age   9:      49040 bytes,    2044480 total
[2025-01-18T14:23:27.219+0000][79][trace][gc,age      ] GC(58) - age  10:      10512 bytes,    2054992 total
[2025-01-18T14:23:27.219+0000][79][trace][gc,age      ] GC(58) - age  11:       4792 bytes,    2059784 total
[2025-01-18T14:23:27.219+0000][79][trace][gc,age      ] GC(58) - age  12:       6712 bytes,    2066496 total
[2025-01-18T14:23:27.220+0000][79][trace][gc,age      ] GC(58) - age  13:       6688 bytes,    2073184 total
[2025-01-18T14:23:27.220+0000][79][trace][gc,age      ] GC(58) - age  14:       9152 bytes,    2082336 total
[2025-01-18T14:23:27.220+0000][79][trace][gc,age      ] GC(58) - age  15:       3856 bytes,    2086192 total
[2025-01-18T14:23:27.220+0000][79][info ][gc,heap     ] GC(58) Eden regions: 507->0(507)
[2025-01-18T14:23:27.223+0000][79][info ][gc,heap     ] GC(58) Survivor regions: 1->1(64)
[2025-01-18T14:23:27.223+0000][79][info ][gc,heap     ] GC(58) Old regions: 36->36
[2025-01-18T14:23:27.224+0000][79][info ][gc,heap     ] GC(58) Humongous regions: 4->4
[2025-01-18T14:23:27.224+0000][79][info ][gc,metaspace] GC(58) Metaspace: 150281K(155968K)->150281K(155968K) NonClass: 130911K(134144K)->130911K(134144K) Class: 19370K(21824K)->19370K(21824K)
[2025-01-18T14:23:27.225+0000][79][info ][gc          ] GC(58) Pause Young (Normal) (G1 Evacuation Pause) 2189M->162M(3392M) 28.425ms
[2025-01-18T14:23:27.225+0000][79][info ][gc,cpu      ] GC(58) User=0.05s Sys=0.00s Real=0.03s
[2025-01-18T14:23:27.226+0000][79][info ][safepoint   ] Safepoint "G1CollectForAllocation", Time since last: 365950149447 ns, Reaching safepoint: 37152 ns, Cleanup: 4807 ns, At safepoint: 29722111 ns, Total: 29764070 ns
[2025-01-18T14:29:33.130+0000][79][info ][safepoint   ] Safepoint "Cleanup", Time since last: 365929830676 ns, Reaching safepoint: 39183 ns, Cleanup: 18694 ns, At safepoint: 10352 ns, Total: 68229 ns
[2025-01-18T14:36:57.456+0000][79][info ][safepoint   ] Safepoint "Cleanup", Time since last: 444358754658 ns, Reaching safepoint: 43417 ns, Cleanup: 12909 ns, At safepoint: 32123 ns, Total: 88449 ns
[2025-01-18T14:39:32.540+0000][79][info ][safepoint   ] Safepoint "Cleanup", Time since last: 155094227819 ns, Reaching safepoint: 102609 ns, Cleanup: 175867 ns, At safepoint: 16330 ns, Total: 294806 ns
[2025-01-18T14:39:33.549+0000][79][info ][gc,start    ] GC(59) Pause Young (Normal) (G1 Evacuation Pause)
[2025-01-18T14:39:33.550+0000][79][info ][gc,task     ] GC(59) Using 18 workers of 18 for evacuation
[2025-01-18T14:39:33.550+0000][79][debug][gc,age      ] GC(59) Desired survivor size 134217728 bytes, new threshold 15 (max threshold 15)
[2025-01-18T14:39:33.571+0000][79][info ][gc,phases   ] GC(59)   Pre Evacuate Collection Set: 1.4ms
[2025-01-18T14:39:33.572+0000][79][info ][gc,phases   ] GC(59)   Merge Heap Roots: 1.3ms
[2025-01-18T14:39:33.573+0000][79][info ][gc,phases   ] GC(59)   Evacuate Collection Set: 13.2ms
[2025-01-18T14:39:33.574+0000][79][info ][gc,phases   ] GC(59)   Post Evacuate Collection Set: 3.9ms
[2025-01-18T14:39:33.574+0000][79][info ][gc,phases   ] GC(59)   Other: 1.7ms
[2025-01-18T14:39:33.575+0000][79][trace][gc,age      ] GC(59) Age table with threshold 15 (max threshold 15)
[2025-01-18T14:39:33.575+0000][79][trace][gc,age      ] GC(59) - age   1:    1847680 bytes,    1847680 total
[2025-01-18T14:39:33.576+0000][79][trace][gc,age      ] GC(59) - age   2:      17880 bytes,    1865560 total
[2025-01-18T14:39:33.576+0000][79][trace][gc,age      ] GC(59) - age   3:      10768 bytes,    1876328 total
[2025-01-18T14:39:33.577+0000][79][trace][gc,age      ] GC(59) - age   4:     192576 bytes,    2068904 total
[2025-01-18T14:39:33.578+0000][79][trace][gc,age      ] GC(59) - age   5:       9944 bytes,    2078848 total
[2025-01-18T14:39:33.578+0000][79][trace][gc,age      ] GC(59) - age   6:      11320 bytes,    2090168 total
[2025-01-18T14:39:33.578+0000][79][trace][gc,age      ] GC(59) - age   7:      21848 bytes,    2112016 total
[2025-01-18T14:39:33.579+0000][79][trace][gc,age      ] GC(59) - age   8:       6488 bytes,    2118504 total
[2025-01-18T14:39:33.579+0000][79][trace][gc,age      ] GC(59) - age   9:      58824 bytes,    2177328 total
[2025-01-18T14:39:33.580+0000][79][trace][gc,age      ] GC(59) - age  10:      49040 bytes,    2226368 total
[2025-01-18T14:39:33.580+0000][79][trace][gc,age      ] GC(59) - age  11:      10512 bytes,    2236880 total
[2025-01-18T14:39:33.580+0000][79][trace][gc,age      ] GC(59) - age  12:       4792 bytes,    2241672 total
[2025-01-18T14:39:33.581+0000][79][trace][gc,age      ] GC(59) - age  13:       6712 bytes,    2248384 total
[2025-01-18T14:39:33.581+0000][79][trace][gc,age      ] GC(59) - age  14:       6568 bytes,    2254952 total
[2025-01-18T14:39:33.582+0000][79][trace][gc,age      ] GC(59) - age  15:       9152 bytes,    2264104 total
[2025-01-18T14:39:33.582+0000][79][info ][gc,heap     ] GC(59) Eden regions: 507->0(507)
[2025-01-18T14:39:33.582+0000][79][info ][gc,heap     ] GC(59) Survivor regions: 1->1(64)
[2025-01-18T14:39:33.583+0000][79][info ][gc,heap     ] GC(59) Old regions: 36->36
[2025-01-18T14:39:33.583+0000][79][info ][gc,heap     ] GC(59) Humongous regions: 4->4
[2025-01-18T14:39:33.584+0000][79][info ][gc,metaspace] GC(59) Metaspace: 150290K(155968K)->150290K(155968K) NonClass: 130920K(134144K)->130920K(134144K) Class: 19370K(21824K)->19370K(21824K)
[2025-01-18T14:39:33.584+0000][79][info ][gc          ] GC(59) Pause Young (Normal) (G1 Evacuation Pause) 2190M->162M(3392M) 35.730ms
[2025-01-18T14:39:33.585+0000][79][info ][gc,cpu      ] GC(59) User=0.11s Sys=0.02s Real=0.04s
[2025-01-18T14:39:33.586+0000][79][info ][safepoint   ] Safepoint "G1CollectForAllocation", Time since last: 1008677823 ns, Reaching safepoint: 48390 ns, Cleanup: 8759 ns, At safepoint: 37264772 ns, Total: 37321921 ns
[2025-01-18T14:49:42.137+0000][79][info ][safepoint   ] Safepoint "Cleanup", Time since last: 608595543665 ns, Reaching safepoint: 9726 ns, Cleanup: 7503 ns, At safepoint: 4715 ns, Total: 21944 ns
[2025-01-18T14:49:47.952+0000][79][info ][safepoint   ] Safepoint "Cleanup", Time since last: 5818041265 ns, Reaching safepoint: 43579 ns, Cleanup: 21055 ns, At safepoint: 12292 ns, Total: 76926 ns
[2025-01-18T14:54:33.020+0000][79][info ][safepoint   ] Safepoint "Cleanup", Time since last: 285086680038 ns, Reaching safepoint: 40034 ns, Cleanup: 23327 ns, At safepoint: 6407 ns, Total: 69768 ns
[2025-01-18T14:55:33.330+0000][79][info ][gc,start    ] GC(60) Pause Young (Normal) (G1 Evacuation Pause)
[2025-01-18T14:55:33.330+0000][79][info ][gc,task     ] GC(60) Using 18 workers of 18 for evacuation
[2025-01-18T14:55:33.330+0000][79][debug][gc,age      ] GC(60) Desired survivor size 134217728 bytes, new threshold 15 (max threshold 15)
[2025-01-18T14:55:33.338+0000][79][info ][gc,phases   ] GC(60)   Pre Evacuate Collection Set: 0.4ms
[2025-01-18T14:55:33.338+0000][79][info ][gc,phases   ] GC(60)   Merge Heap Roots: 0.5ms
[2025-01-18T14:55:33.339+0000][79][info ][gc,phases   ] GC(60)   Evacuate Collection Set: 4.8ms
[2025-01-18T14:55:33.339+0000][79][info ][gc,phases   ] GC(60)   Post Evacuate Collection Set: 1.3ms
[2025-01-18T14:55:33.339+0000][79][info ][gc,phases   ] GC(60)   Other: 0.6ms
[2025-01-18T14:55:33.340+0000][79][trace][gc,age      ] GC(60) Age table with threshold 15 (max threshold 15)
[2025-01-18T14:55:33.340+0000][79][trace][gc,age      ] GC(60) - age   1:    1433752 bytes,    1433752 total
[2025-01-18T14:55:33.340+0000][79][trace][gc,age      ] GC(60) - age   2:       9856 bytes,    1443608 total
[2025-01-18T14:55:33.340+0000][79][trace][gc,age      ] GC(60) - age   3:      11992 bytes,    1455600 total
[2025-01-18T14:55:33.340+0000][79][trace][gc,age      ] GC(60) - age   4:       9768 bytes,    1465368 total
[2025-01-18T14:55:33.340+0000][79][trace][gc,age      ] GC(60) - age   5:      12064 bytes,    1477432 total
[2025-01-18T14:55:33.341+0000][79][trace][gc,age      ] GC(60) - age   6:       8224 bytes,    1485656 total
[2025-01-18T14:55:33.341+0000][79][trace][gc,age      ] GC(60) - age   7:      10840 bytes,    1496496 total
[2025-01-18T14:55:33.341+0000][79][trace][gc,age      ] GC(60) - age   8:       9664 bytes,    1506160 total
[2025-01-18T14:55:33.341+0000][79][trace][gc,age      ] GC(60) - age   9:       6384 bytes,    1512544 total
[2025-01-18T14:55:33.341+0000][79][trace][gc,age      ] GC(60) - age  10:       5168 bytes,    1517712 total
[2025-01-18T14:55:33.341+0000][79][trace][gc,age      ] GC(60) - age  11:      13776 bytes,    1531488 total
[2025-01-18T14:55:33.341+0000][79][trace][gc,age      ] GC(60) - age  12:      10512 bytes,    1542000 total
[2025-01-18T14:55:33.342+0000][79][trace][gc,age      ] GC(60) - age  13:       4792 bytes,    1546792 total
[2025-01-18T14:55:33.342+0000][79][trace][gc,age      ] GC(60) - age  14:       6248 bytes,    1553040 total
[2025-01-18T14:55:33.342+0000][79][trace][gc,age      ] GC(60) - age  15:       6568 bytes,    1559608 total
[2025-01-18T14:55:33.342+0000][79][info ][gc,heap     ] GC(60) Eden regions: 507->0(507)
[2025-01-18T14:55:33.342+0000][79][info ][gc,heap     ] GC(60) Survivor regions: 1->1(64)
[2025-01-18T14:55:33.342+0000][79][info ][gc,heap     ] GC(60) Old regions: 36->36
[2025-01-18T14:55:33.343+0000][79][info ][gc,heap     ] GC(60) Humongous regions: 4->4
[2025-01-18T14:55:33.343+0000][79][info ][gc,metaspace] GC(60) Metaspace: 150293K(155968K)->150293K(155968K) NonClass: 130922K(134144K)->130922K(134144K) Class: 19370K(21824K)->19370K(21824K)
[2025-01-18T14:55:33.343+0000][79][info ][gc          ] GC(60) Pause Young (Normal) (G1 Evacuation Pause) 2190M->161M(3392M) 13.445ms
[2025-01-18T14:55:33.343+0000][79][info ][gc,cpu      ] GC(60) User=0.03s Sys=0.00s Real=0.01s
[2025-01-18T14:55:33.343+0000][79][info ][safepoint   ] Safepoint "G1CollectForAllocation", Time since last: 60314035483 ns, Reaching safepoint: 23376 ns, Cleanup: 4895 ns, At safepoint: 13940087 ns, Total: 13968358 ns
[2025-01-18T14:57:32.736+0000][79][info ][safepoint   ] Safepoint "Cleanup", Time since last: 119400561552 ns, Reaching safepoint: 110991 ns, Cleanup: 145930 ns, At safepoint: 20018 ns, Total: 276939 ns
[2025-01-18T15:05:32.456+0000][79][info ][safepoint   ] Safepoint "Cleanup", Time since last: 479752134654 ns, Reaching safepoint: 54898 ns, Cleanup: 15867 ns, At safepoint: 7928 ns, Total: 78693 ns
[2025-01-18T15:09:57.189+0000][79][info ][safepoint   ] Safepoint "Cleanup", Time since last: 264750748226 ns, Reaching safepoint: 126642 ns, Cleanup: 14542 ns, At safepoint: 56364 ns, Total: 197548 ns
[2025-01-18T15:09:58.513+0000][79][info ][safepoint   ] Safepoint "Cleanup", Time since last: 1324010884 ns, Reaching safepoint: 53484 ns, Cleanup: 31573 ns, At safepoint: 13112 ns, Total: 98169 ns
[2025-01-18T15:10:48.702+0000][79][info ][safepoint   ] Safepoint "Cleanup", Time since last: 50192234709 ns, Reaching safepoint: 20965 ns, Cleanup: 21709 ns, At safepoint: 10485 ns, Total: 53159 ns
[2025-01-18T15:10:49.723+0000][79][info ][safepoint   ] Safepoint "Cleanup", Time since last: 1020599484 ns, Reaching safepoint: 16197 ns, Cleanup: 55546 ns, At safepoint: 9269 ns, Total: 81012 ns
[2025-01-18T15:10:51.169+0000][79][info ][safepoint   ] Safepoint "Cleanup", Time since last: 1446013736 ns, Reaching safepoint: 11103 ns, Cleanup: 8932 ns, At safepoint: 18217 ns, Total: 38252 ns
[2025-01-18T15:10:52.558+0000][79][info ][safepoint   ] Safepoint "Cleanup", Time since last: 1389185907 ns, Reaching safepoint: 13477 ns, Cleanup: 17546 ns, At safepoint: 7119 ns, Total: 38142 ns
[2025-01-18T15:10:54.477+0000][79][info ][safepoint   ] Safepoint "Cleanup", Time since last: 1911685628 ns, Reaching safepoint: 6594614 ns, Cleanup: 92937 ns, At safepoint: 97179 ns, Total: 6784730 ns
[2025-01-18T15:10:55.802+0000][79][info ][safepoint   ] Safepoint "Cleanup", Time since last: 1325012609 ns, Reaching safepoint: 27964 ns, Cleanup: 98558 ns, At safepoint: 6523 ns, Total: 133045 ns
[2025-01-18T15:10:57.198+0000][79][info ][safepoint   ] Safepoint "Cleanup", Time since last: 1395724375 ns, Reaching safepoint: 21103 ns, Cleanup: 10308 ns, At safepoint: 10122 ns, Total: 41533 ns
[2025-01-18T15:10:58.818+0000][79][info ][safepoint   ] Safepoint "Cleanup", Time since last: 1619886531 ns, Reaching safepoint: 56537 ns, Cleanup: 31231 ns, At safepoint: 63794 ns, Total: 151562 ns
[2025-01-18T15:10:59.819+0000][79][info ][safepoint   ] Safepoint "Cleanup", Time since last: 1001171131 ns, Reaching safepoint: 28126 ns, Cleanup: 16148 ns, At safepoint: 5771 ns, Total: 50045 ns
[2025-01-18T15:11:00.820+0000][79][info ][safepoint   ] Safepoint "Cleanup", Time since last: 1000949509 ns, Reaching safepoint: 58122 ns, Cleanup: 37802 ns, At safepoint: 16745 ns, Total: 112669 ns
[2025-01-18T15:11:03.822+0000][79][info ][safepoint   ] Safepoint "Cleanup", Time since last: 3001807520 ns, Reaching safepoint: 15831 ns, Cleanup: 9846 ns, At safepoint: 18686 ns, Total: 44363 ns
[2025-01-18T15:11:12.850+0000][79][info ][safepoint   ] Safepoint "Cleanup", Time since last: 9027730456 ns, Reaching safepoint: 53956 ns, Cleanup: 14831 ns, At safepoint: 6225 ns, Total: 75012 ns
[2025-01-18T15:11:15.181+0000][79][info ][safepoint   ] Safepoint "Cleanup", Time since last: 2332453793 ns, Reaching safepoint: 22902 ns, Cleanup: 14965 ns, At safepoint: 38435 ns, Total: 76302 ns
[2025-01-18T15:11:15.344+0000][79][info ][gc,start    ] GC(61) Pause Young (Normal) (G1 Evacuation Pause)
[2025-01-18T15:11:15.350+0000][79][info ][gc,task     ] GC(61) Using 18 workers of 18 for evacuation
[2025-01-18T15:11:15.352+0000][79][debug][gc,age      ] GC(61) Desired survivor size 134217728 bytes, new threshold 15 (max threshold 15)
[2025-01-18T15:11:15.378+0000][79][info ][gc,phases   ] GC(61)   Pre Evacuate Collection Set: 1.1ms
[2025-01-18T15:11:15.379+0000][79][info ][gc,phases   ] GC(61)   Merge Heap Roots: 1.0ms
[2025-01-18T15:11:15.380+0000][79][info ][gc,phases   ] GC(61)   Evacuate Collection Set: 10.9ms
[2025-01-18T15:11:15.381+0000][79][info ][gc,phases   ] GC(61)   Post Evacuate Collection Set: 3.5ms
[2025-01-18T15:11:15.381+0000][79][info ][gc,phases   ] GC(61)   Other: 11.5ms
[2025-01-18T15:11:15.382+0000][79][trace][gc,age      ] GC(61) Age table with threshold 15 (max threshold 15)
[2025-01-18T15:11:15.383+0000][79][trace][gc,age      ] GC(61) - age   1:    2763104 bytes,    2763104 total
[2025-01-18T15:11:15.384+0000][79][trace][gc,age      ] GC(61) - age   2:     366592 bytes,    3129696 total
[2025-01-18T15:11:15.384+0000][79][trace][gc,age      ] GC(61) - age   3:       5568 bytes,    3135264 total
[2025-01-18T15:11:15.385+0000][79][trace][gc,age      ] GC(61) - age   4:      10648 bytes,    3145912 total
[2025-01-18T15:11:15.386+0000][79][trace][gc,age      ] GC(61) - age   5:       9624 bytes,    3155536 total
[2025-01-18T15:11:15.386+0000][79][trace][gc,age      ] GC(61) - age   6:      10424 bytes,    3165960 total
[2025-01-18T15:11:15.387+0000][79][trace][gc,age      ] GC(61) - age   7:       8224 bytes,    3174184 total
[2025-01-18T15:11:15.388+0000][79][trace][gc,age      ] GC(61) - age   8:      10168 bytes,    3184352 total
[2025-01-18T15:11:15.388+0000][79][trace][gc,age      ] GC(61) - age   9:       9520 bytes,    3193872 total
[2025-01-18T15:11:15.389+0000][79][trace][gc,age      ] GC(61) - age  10:       6384 bytes,    3200256 total
[2025-01-18T15:11:15.390+0000][79][trace][gc,age      ] GC(61) - age  11:       5128 bytes,    3205384 total
[2025-01-18T15:11:15.390+0000][79][trace][gc,age      ] GC(61) - age  12:      13776 bytes,    3219160 total
[2025-01-18T15:11:15.391+0000][79][trace][gc,age      ] GC(61) - age  13:      10128 bytes,    3229288 total
[2025-01-18T15:11:15.392+0000][79][trace][gc,age      ] GC(61) - age  14:       4792 bytes,    3234080 total
[2025-01-18T15:11:15.393+0000][79][trace][gc,age      ] GC(61) - age  15:       6248 bytes,    3240328 total
[2025-01-18T15:11:15.393+0000][79][info ][gc,heap     ] GC(61) Eden regions: 507->0(507)
[2025-01-18T15:11:15.394+0000][79][info ][gc,heap     ] GC(61) Survivor regions: 1->1(64)
[2025-01-18T15:11:15.394+0000][79][info ][gc,heap     ] GC(61) Old regions: 36->36
[2025-01-18T15:11:15.395+0000][79][info ][gc,heap     ] GC(61) Humongous regions: 4->4
[2025-01-18T15:11:15.396+0000][79][info ][gc,metaspace] GC(61) Metaspace: 151270K(156160K)->151270K(156160K) NonClass: 131733K(134272K)->131733K(134272K) Class: 19536K(21888K)->19536K(21888K)
[2025-01-18T15:11:15.397+0000][79][info ][gc          ] GC(61) Pause Young (Normal) (G1 Evacuation Pause) 2189M->163M(3392M) 52.411ms
[2025-01-18T15:11:15.397+0000][79][info ][gc,cpu      ] GC(61) User=0.10s Sys=0.00s Real=0.05s
[2025-01-18T15:11:15.398+0000][79][info ][safepoint   ] Safepoint "G1CollectForAllocation", Time since last: 163653737 ns, Reaching safepoint: 36802 ns, Cleanup: 16778 ns, At safepoint: 53840049 ns, Total: 53893629 ns
[2025-01-18T15:11:16.868+0000][79][info ][safepoint   ] Safepoint "Cleanup", Time since last: 1469955282 ns, Reaching safepoint: 37750 ns, Cleanup: 39863 ns, At safepoint: 9779 ns, Total: 87392 ns
[2025-01-18T15:11:18.729+0000][79][info ][safepoint   ] Safepoint "Cleanup", Time since last: 1860296786 ns, Reaching safepoint: 56867 ns, Cleanup: 28812 ns, At safepoint: 14837 ns, Total: 100516 ns
[2025-01-18T15:11:19.730+0000][79][info ][safepoint   ] Safepoint "Cleanup", Time since last: 1001859868 ns, Reaching safepoint: 56250 ns, Cleanup: 33849 ns, At safepoint: 15359 ns, Total: 105458 ns
[2025-01-18T15:11:27.902+0000][79][info ][safepoint   ] Safepoint "Cleanup", Time since last: 8171097554 ns, Reaching safepoint: 23409 ns, Cleanup: 22366 ns, At safepoint: 9204 ns, Total: 54979 ns
[2025-01-18T15:11:32.924+0000][79][info ][safepoint   ] Safepoint "Cleanup", Time since last: 5022429278 ns, Reaching safepoint: 62964 ns, Cleanup: 182651 ns, At safepoint: 23295 ns, Total: 268910 ns
[2025-01-18T15:11:33.929+0000][79][info ][safepoint   ] Safepoint "Cleanup", Time since last: 1004909398 ns, Reaching safepoint: 11850 ns, Cleanup: 10313 ns, At safepoint: 19589 ns, Total: 41752 ns
[2025-01-18T15:11:36.935+0000][79][info ][safepoint   ] Safepoint "Cleanup", Time since last: 3005864569 ns, Reaching safepoint: 128855 ns, Cleanup: 36664 ns, At safepoint: 17889 ns, Total: 183408 ns
[2025-01-18T15:11:39.183+0000][79][info ][safepoint   ] Safepoint "Cleanup", Time since last: 2247845872 ns, Reaching safepoint: 32566 ns, Cleanup: 19848 ns, At safepoint: 45365 ns, Total: 97779 ns
[2025-01-18T15:11:45.952+0000][79][info ][safepoint   ] Safepoint "Cleanup", Time since last: 6771386994 ns, Reaching safepoint: 21454 ns, Cleanup: 14158 ns, At safepoint: 36587 ns, Total: 72199 ns
[2025-01-18T15:12:07.042+0000][79][info ][safepoint   ] Safepoint "Cleanup", Time since last: 21089628076 ns, Reaching safepoint: 40713 ns, Cleanup: 22018 ns, At safepoint: 10914 ns, Total: 73645 ns
[2025-01-18T15:12:27.188+0000][79][info ][safepoint   ] Safepoint "Cleanup", Time since last: 20148529118 ns, Reaching safepoint: 46936 ns, Cleanup: 15958 ns, At safepoint: 39770 ns, Total: 102664 ns
[2025-01-18T15:12:33.101+0000][79][info ][safepoint   ] Safepoint "Cleanup", Time since last: 5912623235 ns, Reaching safepoint: 25757 ns, Cleanup: 17442 ns, At safepoint: 5751 ns, Total: 48950 ns
[2025-01-18T15:12:37.137+0000][79][info ][safepoint   ] Safepoint "Cleanup", Time since last: 4035464009 ns, Reaching safepoint: 28761 ns, Cleanup: 14951 ns, At safepoint: 6740 ns, Total: 50452 ns
[2025-01-18T15:12:58.196+0000][79][info ][safepoint   ] Safepoint "Cleanup", Time since last: 21060448193 ns, Reaching safepoint: 86722 ns, Cleanup: 31958 ns, At safepoint: 16125 ns, Total: 134805 ns
[2025-01-18T15:13:15.178+0000][79][info ][safepoint   ] Safepoint "Cleanup", Time since last: 16984441189 ns, Reaching safepoint: 138817 ns, Cleanup: 21159 ns, At safepoint: 57875 ns, Total: 217851 ns
[2025-01-18T15:13:32.396+0000][79][info ][safepoint   ] Safepoint "Cleanup", Time since last: 17217510140 ns, Reaching safepoint: 38582 ns, Cleanup: 39722 ns, At safepoint: 11129 ns, Total: 89433 ns
[2025-01-18T15:14:15.172+0000][79][info ][safepoint   ] Safepoint "Cleanup", Time since last: 42781075150 ns, Reaching safepoint: 21844 ns, Cleanup: 20935 ns, At safepoint: 39780 ns, Total: 82559 ns
[2025-01-18T15:14:21.557+0000][79][info ][safepoint   ] Safepoint "Cleanup", Time since last: 6385012366 ns, Reaching safepoint: 18707 ns, Cleanup: 20480 ns, At safepoint: 9913 ns, Total: 49100 ns
[2025-01-18T15:14:27.184+0000][79][info ][safepoint   ] Safepoint "Cleanup", Time since last: 5627473297 ns, Reaching safepoint: 17119 ns, Cleanup: 11930 ns, At safepoint: 9340 ns, Total: 38389 ns
[2025-01-18T15:14:32.589+0000][79][info ][safepoint   ] Safepoint "Cleanup", Time since last: 5405041673 ns, Reaching safepoint: 49967 ns, Cleanup: 21949 ns, At safepoint: 5973 ns, Total: 77889 ns
[2025-01-18T15:14:33.599+0000][79][info ][safepoint   ] Safepoint "Cleanup", Time since last: 1009560214 ns, Reaching safepoint: 19624 ns, Cleanup: 14992 ns, At safepoint: 10185 ns, Total: 44801 ns
[2025-01-18T15:14:40.650+0000][79][info ][safepoint   ] Safepoint "Cleanup", Time since last: 7050584062 ns, Reaching safepoint: 41571 ns, Cleanup: 22650 ns, At safepoint: 11725 ns, Total: 75946 ns
[2025-01-18T15:14:45.172+0000][79][info ][safepoint   ] Safepoint "Cleanup", Time since last: 4523760053 ns, Reaching safepoint: 12375 ns, Cleanup: 14062 ns, At safepoint: 17525 ns, Total: 43962 ns
[2025-01-18T15:14:46.664+0000][79][info ][safepoint   ] Safepoint "Cleanup", Time since last: 1492593227 ns, Reaching safepoint: 49115 ns, Cleanup: 35515 ns, At safepoint: 14435 ns, Total: 99065 ns
[2025-01-18T15:14:59.698+0000][79][info ][safepoint   ] Safepoint "Cleanup", Time since last: 13033296325 ns, Reaching safepoint: 54305 ns, Cleanup: 36081 ns, At safepoint: 15683 ns, Total: 106069 ns
[2025-01-18T15:15:32.785+0000][79][info ][safepoint   ] Safepoint "Cleanup", Time since last: 33089643659 ns, Reaching safepoint: 104223 ns, Cleanup: 39303 ns, At safepoint: 19513 ns, Total: 163039 ns
[2025-01-18T15:16:18.939+0000][79][info ][safepoint   ] Safepoint "Cleanup", Time since last: 46158095997 ns, Reaching safepoint: 10731 ns, Cleanup: 11981 ns, At safepoint: 6835 ns, Total: 29547 ns
[2025-01-18T15:16:22.846+0000][79][info ][safepoint   ] Safepoint "Cleanup", Time since last: 3906900768 ns, Reaching safepoint: 20772 ns, Cleanup: 13683 ns, At safepoint: 34976 ns, Total: 69431 ns
[2025-01-18T15:16:23.865+0000][79][info ][safepoint   ] Safepoint "Cleanup", Time since last: 1018752952 ns, Reaching safepoint: 47136 ns, Cleanup: 17904 ns, At safepoint: 6284 ns, Total: 71324 ns
[2025-01-18T15:16:59.121+0000][79][info ][safepoint   ] Safepoint "Cleanup", Time since last: 35256033820 ns, Reaching safepoint: 2296699 ns, Cleanup: 35110 ns, At safepoint: 297723 ns, Total: 2629532 ns
[2025-01-18T15:16:59.192+0000][79][info ][safepoint   ] Safepoint "ICBufferFull", Time since last: 69015061 ns, Reaching safepoint: 2321391 ns, Cleanup: 153043 ns, At safepoint: 193370 ns, Total: 2667804 ns
[2025-01-18T15:16:59.348+0000][79][info ][safepoint   ] Safepoint "ICBufferFull", Time since last: 155691972 ns, Reaching safepoint: 25242 ns, Cleanup: 159009 ns, At safepoint: 35834 ns, Total: 220085 ns
[2025-01-18T15:17:00.905+0000][79][info ][safepoint   ] Safepoint "Cleanup", Time since last: 1555921177 ns, Reaching safepoint: 46457 ns, Cleanup: 187044 ns, At safepoint: 13655 ns, Total: 247156 ns
[2025-01-18T15:17:01.906+0000][79][info ][safepoint   ] Safepoint "Cleanup", Time since last: 1000994432 ns, Reaching safepoint: 32349 ns, Cleanup: 87552 ns, At safepoint: 6249 ns, Total: 126150 ns
[2025-01-18T15:17:03.198+0000][79][info ][safepoint   ] Safepoint "Cleanup", Time since last: 1292050881 ns, Reaching safepoint: 245774 ns, Cleanup: 16336 ns, At safepoint: 56051 ns, Total: 318161 ns
[2025-01-18T15:17:05.144+0000][79][info ][safepoint   ] Safepoint "Cleanup", Time since last: 1945791970 ns, Reaching safepoint: 50011 ns, Cleanup: 64631 ns, At safepoint: 13543 ns, Total: 128185 ns
[2025-01-18T15:17:06.145+0000][79][info ][safepoint   ] Safepoint "Cleanup", Time since last: 1001167112 ns, Reaching safepoint: 30182 ns, Cleanup: 13938 ns, At safepoint: 6417 ns, Total: 50537 ns
[2025-01-18T15:17:07.146+0000][79][info ][safepoint   ] Safepoint "Cleanup", Time since last: 1000781384 ns, Reaching safepoint: 25896 ns, Cleanup: 13776 ns, At safepoint: 6482 ns, Total: 46154 ns
[2025-01-18T15:17:09.147+0000][79][info ][safepoint   ] Safepoint "Cleanup", Time since last: 2001394847 ns, Reaching safepoint: 42921 ns, Cleanup: 23529 ns, At safepoint: 11568 ns, Total: 78018 ns
[2025-01-18T15:17:10.161+0000][79][info ][safepoint   ] Safepoint "Cleanup", Time since last: 1013859524 ns, Reaching safepoint: 18458 ns, Cleanup: 46938 ns, At safepoint: 10284 ns, Total: 75680 ns
[2025-01-18T15:17:12.273+0000][79][info ][safepoint   ] Safepoint "Cleanup", Time since last: 2111623329 ns, Reaching safepoint: 63412 ns, Cleanup: 26292 ns, At safepoint: 17436 ns, Total: 107140 ns
[2025-01-18T15:17:15.186+0000][79][info ][safepoint   ] Safepoint "Cleanup", Time since last: 2914557555 ns, Reaching safepoint: 10922 ns, Cleanup: 6899 ns, At safepoint: 18099 ns, Total: 35920 ns
[2025-01-18T15:17:16.283+0000][79][info ][safepoint   ] Safepoint "Cleanup", Time since last: 1097113937 ns, Reaching safepoint: 59389 ns, Cleanup: 24941 ns, At safepoint: 13503 ns, Total: 97833 ns
[2025-01-18T15:17:18.305+0000][79][info ][safepoint   ] Safepoint "Cleanup", Time since last: 2021198087 ns, Reaching safepoint: 53583 ns, Cleanup: 40980 ns, At safepoint: 14847 ns, Total: 109410 ns
[2025-01-18T15:17:21.323+0000][79][info ][safepoint   ] Safepoint "Cleanup", Time since last: 3018192797 ns, Reaching safepoint: 77736 ns, Cleanup: 26302 ns, At safepoint: 58487 ns, Total: 162525 ns
[2025-01-18T15:17:24.381+0000][79][info ][safepoint   ] Safepoint "Cleanup", Time since last: 3057878547 ns, Reaching safepoint: 26703 ns, Cleanup: 13235 ns, At safepoint: 5688 ns, Total: 45626 ns
[2025-01-18T15:17:27.209+0000][79][info ][safepoint   ] Safepoint "Cleanup", Time since last: 2828061220 ns, Reaching safepoint: 16649 ns, Cleanup: 11502 ns, At safepoint: 8040 ns, Total: 36191 ns
[2025-01-18T15:17:28.430+0000][79][info ][safepoint   ] Safepoint "Cleanup", Time since last: 1220854296 ns, Reaching safepoint: 29262 ns, Cleanup: 17405 ns, At safepoint: 6160 ns, Total: 52827 ns
[2025-01-18T15:17:30.431+0000][79][info ][safepoint   ] Safepoint "Cleanup", Time since last: 2001132039 ns, Reaching safepoint: 55278 ns, Cleanup: 29674 ns, At safepoint: 15372 ns, Total: 100324 ns
[2025-01-18T15:17:31.433+0000][79][info ][safepoint   ] Safepoint "Cleanup", Time since last: 1001497506 ns, Reaching safepoint: 54004 ns, Cleanup: 27382 ns, At safepoint: 14880 ns, Total: 96266 ns
[2025-01-18T15:17:32.434+0000][79][info ][safepoint   ] Safepoint "Cleanup", Time since last: 1001101108 ns, Reaching safepoint: 33454 ns, Cleanup: 40066 ns, At safepoint: 8462 ns, Total: 81982 ns
[2025-01-18T15:17:33.441+0000][79][info ][safepoint   ] Safepoint "Cleanup", Time since last: 1006689332 ns, Reaching safepoint: 12629 ns, Cleanup: 9296 ns, At safepoint: 5225 ns, Total: 27150 ns
[2025-01-18T15:17:34.451+0000][79][info ][safepoint   ] Safepoint "Cleanup", Time since last: 1010004770 ns, Reaching safepoint: 104348 ns, Cleanup: 24772 ns, At safepoint: 15840 ns, Total: 144960 ns
[2025-01-18T15:17:39.201+0000][79][info ][safepoint   ] Safepoint "Cleanup", Time since last: 4750442205 ns, Reaching safepoint: 9890 ns, Cleanup: 8506 ns, At safepoint: 17776 ns, Total: 36172 ns
[2025-01-18T15:17:40.484+0000][79][info ][safepoint   ] Safepoint "Cleanup", Time since last: 1282201567 ns, Reaching safepoint: 27980 ns, Cleanup: 18688 ns, At safepoint: 6004 ns, Total: 52672 ns
[2025-01-18T15:17:42.485+0000][79][info ][safepoint   ] Safepoint "Cleanup", Time since last: 2001080292 ns, Reaching safepoint: 52216 ns, Cleanup: 26805 ns, At safepoint: 14816 ns, Total: 93837 ns
[2025-01-18T15:17:51.200+0000][79][info ][safepoint   ] Safepoint "Cleanup", Time since last: 8717842981 ns, Reaching safepoint: 10772 ns, Cleanup: 8472 ns, At safepoint: 4757 ns, Total: 24001 ns
[2025-01-18T15:17:57.269+0000][79][info ][safepoint   ] Safepoint "Cleanup", Time since last: 6068577661 ns, Reaching safepoint: 12397 ns, Cleanup: 8538 ns, At safepoint: 6053 ns, Total: 26988 ns
[2025-01-18T15:17:59.586+0000][79][info ][safepoint   ] Safepoint "Cleanup", Time since last: 2316932185 ns, Reaching safepoint: 48135 ns, Cleanup: 22627 ns, At safepoint: 12190 ns, Total: 82952 ns
[2025-01-18T15:18:09.196+0000][79][info ][safepoint   ] Safepoint "Cleanup", Time since last: 9609853307 ns, Reaching safepoint: 24560 ns, Cleanup: 13262 ns, At safepoint: 28361 ns, Total: 66183 ns
[2025-01-18T15:18:26.694+0000][79][info ][safepoint   ] Safepoint "Cleanup", Time since last: 17500885588 ns, Reaching safepoint: 43354 ns, Cleanup: 35541 ns, At safepoint: 11997 ns, Total: 90892 ns
[2025-01-18T15:18:32.714+0000][79][info ][safepoint   ] Safepoint "Cleanup", Time since last: 6019315908 ns, Reaching safepoint: 152419 ns, Cleanup: 35161 ns, At safepoint: 12668 ns, Total: 200248 ns
[2025-01-18T15:19:03.840+0000][79][info ][safepoint   ] Safepoint "Cleanup", Time since last: 31127516632 ns, Reaching safepoint: 21357 ns, Cleanup: 17508 ns, At safepoint: 10834 ns, Total: 49699 ns
[2025-01-18T15:19:09.197+0000][79][info ][safepoint   ] Safepoint "Cleanup", Time since last: 5357298422 ns, Reaching safepoint: 42209 ns, Cleanup: 12134 ns, At safepoint: 9618 ns, Total: 63961 ns
[2025-01-18T15:19:10.883+0000][79][info ][safepoint   ] Safepoint "Cleanup", Time since last: 1685721567 ns, Reaching safepoint: 43289 ns, Cleanup: 20698 ns, At safepoint: 12685 ns, Total: 76672 ns
[2025-01-18T15:19:24.931+0000][79][info ][safepoint   ] Safepoint "Cleanup", Time since last: 14050422318 ns, Reaching safepoint: 37800 ns, Cleanup: 24311 ns, At safepoint: 10748 ns, Total: 72859 ns
[2025-01-18T15:19:27.174+0000][79][info ][safepoint   ] Safepoint "Cleanup", Time since last: 2243245967 ns, Reaching safepoint: 13513 ns, Cleanup: 7271 ns, At safepoint: 7200 ns, Total: 27984 ns
[2025-01-18T15:19:28.946+0000][79][info ][safepoint   ] Safepoint "Cleanup", Time since last: 1771914009 ns, Reaching safepoint: 58105 ns, Cleanup: 26051 ns, At safepoint: 16758 ns, Total: 100914 ns
[2025-01-18T15:19:32.950+0000][79][info ][safepoint   ] Safepoint "Cleanup", Time since last: 4003522378 ns, Reaching safepoint: 105428 ns, Cleanup: 51876 ns, At safepoint: 18560 ns, Total: 175864 ns
[2025-01-18T15:19:39.979+0000][79][info ][safepoint   ] Safepoint "Cleanup", Time since last: 7029200222 ns, Reaching safepoint: 11849 ns, Cleanup: 9332 ns, At safepoint: 16884 ns, Total: 38065 ns
[2025-01-18T15:20:13.080+0000][79][info ][safepoint   ] Safepoint "Cleanup", Time since last: 33102757374 ns, Reaching safepoint: 26823 ns, Cleanup: 13271 ns, At safepoint: 5978 ns, Total: 46072 ns
[2025-01-18T15:20:22.104+0000][79][info ][safepoint   ] Safepoint "Cleanup", Time since last: 9025528949 ns, Reaching safepoint: 96207 ns, Cleanup: 16337 ns, At safepoint: 70337 ns, Total: 182881 ns
[2025-01-18T15:20:33.138+0000][79][info ][safepoint   ] Safepoint "Cleanup", Time since last: 11033611855 ns, Reaching safepoint: 56860 ns, Cleanup: 47168 ns, At safepoint: 15310 ns, Total: 119338 ns
[2025-01-18T15:21:21.318+0000][79][info ][safepoint   ] Safepoint "Cleanup", Time since last: 48185332770 ns, Reaching safepoint: 11246 ns, Cleanup: 11422 ns, At safepoint: 18934 ns, Total: 41602 ns
[2025-01-18T15:21:22.578+0000][79][info ][safepoint   ] Safepoint "Cleanup", Time since last: 1259588255 ns, Reaching safepoint: 22285 ns, Cleanup: 19563 ns, At safepoint: 11106 ns, Total: 52954 ns
[2025-01-18T15:21:27.196+0000][79][info ][safepoint   ] Safepoint "Cleanup", Time since last: 4618240158 ns, Reaching safepoint: 60235 ns, Cleanup: 19236 ns, At safepoint: 10284 ns, Total: 89755 ns
[2025-01-18T15:21:32.370+0000][79][info ][safepoint   ] Safepoint "Cleanup", Time since last: 5173096279 ns, Reaching safepoint: 48061 ns, Cleanup: 32270 ns, At safepoint: 13370 ns, Total: 93701 ns
[2025-01-18T15:21:33.378+0000][79][info ][safepoint   ] Safepoint "Cleanup", Time since last: 1008705314 ns, Reaching safepoint: 24600 ns, Cleanup: 22210 ns, At safepoint: 47941 ns, Total: 94751 ns
[2025-01-18T15:21:41.429+0000][79][info ][safepoint   ] Safepoint "Cleanup", Time since last: 8050698032 ns, Reaching safepoint: 107803 ns, Cleanup: 26567 ns, At safepoint: 16500 ns, Total: 150870 ns
[2025-01-18T15:21:42.431+0000][79][info ][safepoint   ] Safepoint "Cleanup", Time since last: 1001780187 ns, Reaching safepoint: 73604 ns, Cleanup: 24268 ns, At safepoint: 13106 ns, Total: 110978 ns
[2025-01-18T15:21:57.477+0000][79][info ][safepoint   ] Safepoint "Cleanup", Time since last: 15048851898 ns, Reaching safepoint: 25011 ns, Cleanup: 27061 ns, At safepoint: 12672 ns, Total: 64744 ns
[2025-01-18T15:22:00.490+0000][79][info ][safepoint   ] Safepoint "Cleanup", Time since last: 3012541952 ns, Reaching safepoint: 27523 ns, Cleanup: 12868 ns, At safepoint: 6318 ns, Total: 46709 ns
[2025-01-18T15:22:27.574+0000][79][info ][safepoint   ] Safepoint "Cleanup", Time since last: 27085946581 ns, Reaching safepoint: 20190 ns, Cleanup: 17509 ns, At safepoint: 10773 ns, Total: 48472 ns
[2025-01-18T15:22:33.599+0000][79][info ][safepoint   ] Safepoint "Cleanup", Time since last: 6024570805 ns, Reaching safepoint: 20042 ns, Cleanup: 18032 ns, At safepoint: 11019 ns, Total: 49093 ns
[2025-01-18T15:22:39.618+0000][79][info ][safepoint   ] Safepoint "Cleanup", Time since last: 6019794035 ns, Reaching safepoint: 12024 ns, Cleanup: 11698 ns, At safepoint: 18035 ns, Total: 41757 ns
[2025-01-18T15:22:57.675+0000][79][info ][safepoint   ] Safepoint "Cleanup", Time since last: 18058254510 ns, Reaching safepoint: 17878 ns, Cleanup: 13313 ns, At safepoint: 9140 ns, Total: 40331 ns
[2025-01-18T15:23:57.889+0000][79][info ][safepoint   ] Safepoint "Cleanup", Time since last: 60218852473 ns, Reaching safepoint: 29588 ns, Cleanup: 13172 ns, At safepoint: 20408 ns, Total: 63168 ns
[2025-01-18T15:24:12.936+0000][79][info ][safepoint   ] Safepoint "Cleanup", Time since last: 15047193919 ns, Reaching safepoint: 54602 ns, Cleanup: 28581 ns, At safepoint: 14781 ns, Total: 97964 ns
[2025-01-18T15:24:28.998+0000][79][info ][safepoint   ] Safepoint "Cleanup", Time since last: 16064489687 ns, Reaching safepoint: 125807 ns, Cleanup: 39207 ns, At safepoint: 23156 ns, Total: 188170 ns
[2025-01-18T15:24:33.001+0000][79][info ][safepoint   ] Safepoint "Cleanup", Time since last: 4003070913 ns, Reaching safepoint: 62649 ns, Cleanup: 38514 ns, At safepoint: 71982 ns, Total: 173145 ns
[2025-01-18T15:24:58.084+0000][79][info ][safepoint   ] Safepoint "Cleanup", Time since last: 25083575042 ns, Reaching safepoint: 31978 ns, Cleanup: 14788 ns, At safepoint: 8533 ns, Total: 55299 ns
[2025-01-18T15:25:04.115+0000][79][info ][safepoint   ] Safepoint "Cleanup", Time since last: 6030890390 ns, Reaching safepoint: 25294 ns, Cleanup: 10308 ns, At safepoint: 4703 ns, Total: 40305 ns
[2025-01-18T15:26:24.439+0000][79][info ][safepoint   ] Safepoint "Cleanup", Time since last: 80330644132 ns, Reaching safepoint: 26807 ns, Cleanup: 11491 ns, At safepoint: 21480 ns, Total: 59778 ns
[2025-01-18T15:26:42.539+0000][79][info ][safepoint   ] Safepoint "Cleanup", Time since last: 18099575813 ns, Reaching safepoint: 51407 ns, Cleanup: 28521 ns, At safepoint: 14968 ns, Total: 94896 ns
[2025-01-18T15:26:45.211+0000][79][info ][gc,start    ] GC(62) Pause Young (Normal) (G1 Evacuation Pause)
[2025-01-18T15:26:45.212+0000][79][info ][gc,task     ] GC(62) Using 18 workers of 18 for evacuation
[2025-01-18T15:26:45.212+0000][79][debug][gc,age      ] GC(62) Desired survivor size 134217728 bytes, new threshold 15 (max threshold 15)
[2025-01-18T15:26:45.233+0000][79][info ][gc,phases   ] GC(62)   Pre Evacuate Collection Set: 0.7ms
[2025-01-18T15:26:45.233+0000][79][info ][gc,phases   ] GC(62)   Merge Heap Roots: 0.8ms
[2025-01-18T15:26:45.234+0000][79][info ][gc,phases   ] GC(62)   Evacuate Collection Set: 16.9ms
[2025-01-18T15:26:45.234+0000][79][info ][gc,phases   ] GC(62)   Post Evacuate Collection Set: 1.9ms
[2025-01-18T15:26:45.235+0000][79][info ][gc,phases   ] GC(62)   Other: 0.7ms
[2025-01-18T15:26:45.235+0000][79][trace][gc,age      ] GC(62) Age table with threshold 15 (max threshold 15)
[2025-01-18T15:26:45.236+0000][79][trace][gc,age      ] GC(62) - age   1:    2627440 bytes,    2627440 total
[2025-01-18T15:26:45.236+0000][79][trace][gc,age      ] GC(62) - age   2:    1077096 bytes,    3704536 total
[2025-01-18T15:26:45.236+0000][79][trace][gc,age      ] GC(62) - age   3:     351328 bytes,    4055864 total
[2025-01-18T15:26:45.237+0000][79][trace][gc,age      ] GC(62) - age   4:       4888 bytes,    4060752 total
[2025-01-18T15:26:45.237+0000][79][trace][gc,age      ] GC(62) - age   5:       9968 bytes,    4070720 total
[2025-01-18T15:26:45.237+0000][79][trace][gc,age      ] GC(62) - age   6:       8784 bytes,    4079504 total
[2025-01-18T15:26:45.238+0000][79][trace][gc,age      ] GC(62) - age   7:      10088 bytes,    4089592 total
[2025-01-18T15:26:45.238+0000][79][trace][gc,age      ] GC(62) - age   8:       7048 bytes,    4096640 total
[2025-01-18T15:26:45.239+0000][79][trace][gc,age      ] GC(62) - age   9:       9784 bytes,    4106424 total
[2025-01-18T15:26:45.239+0000][79][trace][gc,age      ] GC(62) - age  10:       9280 bytes,    4115704 total
[2025-01-18T15:26:45.239+0000][79][trace][gc,age      ] GC(62) - age  11:       6384 bytes,    4122088 total
[2025-01-18T15:26:45.240+0000][79][trace][gc,age      ] GC(62) - age  12:       5008 bytes,    4127096 total
[2025-01-18T15:26:45.240+0000][79][trace][gc,age      ] GC(62) - age  13:      13456 bytes,    4140552 total
[2025-01-18T15:26:45.240+0000][79][trace][gc,age      ] GC(62) - age  14:       9608 bytes,    4150160 total
[2025-01-18T15:26:45.241+0000][79][trace][gc,age      ] GC(62) - age  15:       4792 bytes,    4154952 total
[2025-01-18T15:26:45.241+0000][79][info ][gc,heap     ] GC(62) Eden regions: 507->0(506)
[2025-01-18T15:26:45.242+0000][79][info ][gc,heap     ] GC(62) Survivor regions: 1->2(64)
[2025-01-18T15:26:45.242+0000][79][info ][gc,heap     ] GC(62) Old regions: 36->36
[2025-01-18T15:26:45.242+0000][79][info ][gc,heap     ] GC(62) Humongous regions: 4->4
[2025-01-18T15:26:45.243+0000][79][info ][gc,metaspace] GC(62) Metaspace: 153034K(156608K)->153034K(156608K) NonClass: 133131K(134720K)->133131K(134720K) Class: 19903K(21888K)->19903K(21888K)
[2025-01-18T15:26:45.243+0000][79][info ][gc          ] GC(62) Pause Young (Normal) (G1 Evacuation Pause) 2191M->164M(3392M) 31.788ms
[2025-01-18T15:26:45.243+0000][79][info ][gc,cpu      ] GC(62) User=0.16s Sys=0.03s Real=0.03s
[2025-01-18T15:26:45.243+0000][79][info ][safepoint   ] Safepoint "G1CollectForAllocation", Time since last: 2674383589 ns, Reaching safepoint: 19675 ns, Cleanup: 4652 ns, At safepoint: 32438526 ns, Total: 32462853 ns
[2025-01-18T15:27:03.200+0000][79][info ][safepoint   ] Safepoint "Cleanup", Time since last: 17956550491 ns, Reaching safepoint: 9483 ns, Cleanup: 7774 ns, At safepoint: 18018 ns, Total: 35275 ns
[2025-01-18T15:27:04.618+0000][79][info ][safepoint   ] Safepoint "Cleanup", Time since last: 1417993119 ns, Reaching safepoint: 47738 ns, Cleanup: 22558 ns, At safepoint: 12055 ns, Total: 82351 ns
[2025-01-18T15:27:32.715+0000][79][info ][safepoint   ] Safepoint "Cleanup", Time since last: 28099568251 ns, Reaching safepoint: 37138 ns, Cleanup: 25852 ns, At safepoint: 8799 ns, Total: 71789 ns
[2025-01-18T15:28:35.971+0000][79][info ][safepoint   ] Safepoint "Cleanup", Time since last: 63259772958 ns, Reaching safepoint: 27509 ns, Cleanup: 16842 ns, At safepoint: 55694 ns, Total: 100045 ns
[2025-01-18T15:28:50.998+0000][79][info ][safepoint   ] Safepoint "Cleanup", Time since last: 15028951972 ns, Reaching safepoint: 44442 ns, Cleanup: 23389 ns, At safepoint: 11923 ns, Total: 79754 ns
[2025-01-18T15:29:22.120+0000][79][info ][safepoint   ] Safepoint "Cleanup", Time since last: 31124502849 ns, Reaching safepoint: 43549 ns, Cleanup: 43353 ns, At safepoint: 12704 ns, Total: 99606 ns
[2025-01-18T15:29:40.193+0000][79][info ][safepoint   ] Safepoint "Cleanup", Time since last: 18073089625 ns, Reaching safepoint: 27350 ns, Cleanup: 16383 ns, At safepoint: 6079 ns, Total: 49812 ns
[2025-01-18T15:30:39.188+0000][79][info ][safepoint   ] Safepoint "Cleanup", Time since last: 59000008786 ns, Reaching safepoint: 10737 ns, Cleanup: 12062 ns, At safepoint: 5040 ns, Total: 27839 ns
[2025-01-18T15:31:27.199+0000][79][info ][safepoint   ] Safepoint "Cleanup", Time since last: 48014163192 ns, Reaching safepoint: 10100 ns, Cleanup: 6681 ns, At safepoint: 17912 ns, Total: 34693 ns
[2025-01-18T15:32:32.857+0000][79][info ][safepoint   ] Safepoint "Cleanup", Time since last: 65661653817 ns, Reaching safepoint: 26102 ns, Cleanup: 16115 ns, At safepoint: 6048 ns, Total: 48265 ns
[2025-01-18T15:33:03.207+0000][79][info ][safepoint   ] Safepoint "Cleanup", Time since last: 30352101563 ns, Reaching safepoint: 22836 ns, Cleanup: 6140 ns, At safepoint: 17826 ns, Total: 46802 ns
[2025-01-18T15:33:33.093+0000][79][info ][safepoint   ] Safepoint "Cleanup", Time since last: 29887907517 ns, Reaching safepoint: 86181 ns, Cleanup: 21917 ns, At safepoint: 11658 ns, Total: 119756 ns
[2025-01-18T15:34:20.394+0000][79][info ][safepoint   ] Safepoint "Cleanup", Time since last: 47306109658 ns, Reaching safepoint: 73518 ns, Cleanup: 18055 ns, At safepoint: 10183 ns, Total: 101756 ns
[2025-01-18T15:34:32.475+0000][79][info ][safepoint   ] Safepoint "Cleanup", Time since last: 12081405970 ns, Reaching safepoint: 46811 ns, Cleanup: 18681 ns, At safepoint: 10370 ns, Total: 75862 ns
[2025-01-18T15:35:15.739+0000][79][info ][safepoint   ] Safepoint "Cleanup", Time since last: 43267550952 ns, Reaching safepoint: 29557 ns, Cleanup: 9213 ns, At safepoint: 18522 ns, Total: 57292 ns
[2025-01-18T15:36:32.567+0000][79][info ][safepoint   ] Safepoint "Cleanup", Time since last: 76831107359 ns, Reaching safepoint: 11505 ns, Cleanup: 10071 ns, At safepoint: 17662 ns, Total: 39238 ns
[2025-01-18T15:36:37.244+0000][79][info ][safepoint   ] Safepoint "Cleanup", Time since last: 4677451415 ns, Reaching safepoint: 148813 ns, Cleanup: 25609 ns, At safepoint: 12546 ns, Total: 186968 ns
[2025-01-18T15:37:15.198+0000][79][info ][safepoint   ] Safepoint "Cleanup", Time since last: 37958003703 ns, Reaching safepoint: 23472 ns, Cleanup: 10295 ns, At safepoint: 4923 ns, Total: 38690 ns
[2025-01-18T15:38:33.206+0000][79][info ][safepoint   ] Safepoint "Cleanup", Time since last: 78011713513 ns, Reaching safepoint: 109864 ns, Cleanup: 10579 ns, At safepoint: 21586 ns, Total: 142029 ns
[2025-01-18T15:39:03.383+0000][79][info ][safepoint   ] Safepoint "Cleanup", Time since last: 30178014548 ns, Reaching safepoint: 33977 ns, Cleanup: 14660 ns, At safepoint: 10379 ns, Total: 59016 ns
[2025-01-18T15:39:32.561+0000][79][info ][safepoint   ] Safepoint "Cleanup", Time since last: 29179510745 ns, Reaching safepoint: 74296 ns, Cleanup: 35533 ns, At safepoint: 16772 ns, Total: 126601 ns
[2025-01-18T15:42:27.229+0000][79][info ][safepoint   ] Safepoint "Cleanup", Time since last: 174679319579 ns, Reaching safepoint: 158993 ns, Cleanup: 6545 ns, At safepoint: 61898 ns, Total: 227436 ns
[2025-01-18T15:42:30.580+0000][79][info ][safepoint   ] Safepoint "Cleanup", Time since last: 3350708106 ns, Reaching safepoint: 41582 ns, Cleanup: 25925 ns, At safepoint: 12181 ns, Total: 79688 ns
[2025-01-18T15:42:51.221+0000][79][info ][gc,start    ] GC(63) Pause Young (Normal) (G1 Evacuation Pause)
[2025-01-18T15:42:51.223+0000][79][info ][gc,task     ] GC(63) Using 18 workers of 18 for evacuation
[2025-01-18T15:42:51.223+0000][79][debug][gc,age      ] GC(63) Desired survivor size 134217728 bytes, new threshold 15 (max threshold 15)
[2025-01-18T15:42:51.264+0000][79][info ][gc,phases   ] GC(63)   Pre Evacuate Collection Set: 4.7ms
[2025-01-18T15:42:51.264+0000][79][info ][gc,phases   ] GC(63)   Merge Heap Roots: 1.1ms
[2025-01-18T15:42:51.265+0000][79][info ][gc,phases   ] GC(63)   Evacuate Collection Set: 27.6ms
[2025-01-18T15:42:51.265+0000][79][info ][gc,phases   ] GC(63)   Post Evacuate Collection Set: 5.5ms
[2025-01-18T15:42:51.266+0000][79][info ][gc,phases   ] GC(63)   Other: 1.7ms
[2025-01-18T15:42:51.266+0000][79][trace][gc,age      ] GC(63) Age table with threshold 15 (max threshold 15)
[2025-01-18T15:42:51.266+0000][79][trace][gc,age      ] GC(63) - age   1:    1569688 bytes,    1569688 total
[2025-01-18T15:42:51.267+0000][79][trace][gc,age      ] GC(63) - age   2:    1686272 bytes,    3255960 total
[2025-01-18T15:42:51.267+0000][79][trace][gc,age      ] GC(63) - age   3:    1073560 bytes,    4329520 total
[2025-01-18T15:42:51.268+0000][79][trace][gc,age      ] GC(63) - age   4:     351128 bytes,    4680648 total
[2025-01-18T15:42:51.268+0000][79][trace][gc,age      ] GC(63) - age   5:       4520 bytes,    4685168 total
[2025-01-18T15:42:51.268+0000][79][trace][gc,age      ] GC(63) - age   6:       9448 bytes,    4694616 total
[2025-01-18T15:42:51.269+0000][79][trace][gc,age      ] GC(63) - age   7:       8784 bytes,    4703400 total
[2025-01-18T15:42:51.269+0000][79][trace][gc,age      ] GC(63) - age   8:       9928 bytes,    4713328 total
[2025-01-18T15:42:51.270+0000][79][trace][gc,age      ] GC(63) - age   9:       6352 bytes,    4719680 total
[2025-01-18T15:42:51.270+0000][79][trace][gc,age      ] GC(63) - age  10:       9704 bytes,    4729384 total
[2025-01-18T15:42:51.271+0000][79][trace][gc,age      ] GC(63) - age  11:       8880 bytes,    4738264 total
[2025-01-18T15:42:51.271+0000][79][trace][gc,age      ] GC(63) - age  12:       6384 bytes,    4744648 total
[2025-01-18T15:42:51.272+0000][79][trace][gc,age      ] GC(63) - age  13:       5008 bytes,    4749656 total
[2025-01-18T15:42:51.272+0000][79][trace][gc,age      ] GC(63) - age  14:      13456 bytes,    4763112 total
[2025-01-18T15:42:51.273+0000][79][trace][gc,age      ] GC(63) - age  15:       9528 bytes,    4772640 total
[2025-01-18T15:42:51.273+0000][79][info ][gc,heap     ] GC(63) Eden regions: 506->0(506)
[2025-01-18T15:42:51.274+0000][79][info ][gc,heap     ] GC(63) Survivor regions: 2->2(64)
[2025-01-18T15:42:51.274+0000][79][info ][gc,heap     ] GC(63) Old regions: 36->36
[2025-01-18T15:42:51.274+0000][79][info ][gc,heap     ] GC(63) Humongous regions: 4->4
[2025-01-18T15:42:51.275+0000][79][info ][gc,metaspace] GC(63) Metaspace: 153036K(156608K)->153036K(156608K) NonClass: 133133K(134720K)->133133K(134720K) Class: 19903K(21888K)->19903K(21888K)
[2025-01-18T15:42:51.276+0000][79][info ][gc          ] GC(63) Pause Young (Normal) (G1 Evacuation Pause) 2188M->164M(3392M) 55.271ms
[2025-01-18T15:42:51.276+0000][79][info ][gc,cpu      ] GC(63) User=0.28s Sys=0.00s Real=0.05s
[2025-01-18T15:42:51.277+0000][79][info ][safepoint   ] Safepoint "G1CollectForAllocation", Time since last: 20640613290 ns, Reaching safepoint: 23819 ns, Cleanup: 4098 ns, At safepoint: 57455905 ns, Total: 57483822 ns
[2025-01-18T15:43:21.223+0000][79][info ][safepoint   ] Safepoint "Cleanup", Time since last: 29948307182 ns, Reaching safepoint: 42549 ns, Cleanup: 18961 ns, At safepoint: 35963 ns, Total: 97473 ns
[2025-01-18T15:43:24.891+0000][79][info ][safepoint   ] Safepoint "Cleanup", Time since last: 3668258949 ns, Reaching safepoint: 49419 ns, Cleanup: 26666 ns, At safepoint: 13699 ns, Total: 89784 ns
[2025-01-18T15:43:27.902+0000][79][info ][safepoint   ] Safepoint "Cleanup", Time since last: 3010868271 ns, Reaching safepoint: 63693 ns, Cleanup: 17315 ns, At safepoint: 60807 ns, Total: 141815 ns
[2025-01-18T15:43:32.918+0000][79][info ][safepoint   ] Safepoint "Cleanup", Time since last: 5015190012 ns, Reaching safepoint: 59883 ns, Cleanup: 28596 ns, At safepoint: 15136 ns, Total: 103615 ns
[2025-01-18T15:44:36.308+0000][79][info ][safepoint   ] Safepoint "Cleanup", Time since last: 63393931426 ns, Reaching safepoint: 27876 ns, Cleanup: 14471 ns, At safepoint: 6200 ns, Total: 48547 ns
[2025-01-18T15:44:39.236+0000][79][info ][safepoint   ] Safepoint "Cleanup", Time since last: 2927632360 ns, Reaching safepoint: 18720 ns, Cleanup: 13411 ns, At safepoint: 9199 ns, Total: 41330 ns
[2025-01-18T15:45:00.456+0000][79][info ][safepoint   ] Safepoint "Cleanup", Time since last: 21221736140 ns, Reaching safepoint: 51571 ns, Cleanup: 30061 ns, At safepoint: 13922 ns, Total: 95554 ns
[2025-01-18T15:45:30.560+0000][79][info ][safepoint   ] Safepoint "Cleanup", Time since last: 30104727730 ns, Reaching safepoint: 50496 ns, Cleanup: 13380 ns, At safepoint: 7678 ns, Total: 71554 ns
[2025-01-18T15:46:27.236+0000][79][info ][safepoint   ] Safepoint "Cleanup", Time since last: 56679892637 ns, Reaching safepoint: 19251 ns, Cleanup: 15300 ns, At safepoint: 39646 ns, Total: 74197 ns
[2025-01-18T15:47:33.157+0000][79][info ][safepoint   ] Safepoint "Cleanup", Time since last: 65924580214 ns, Reaching safepoint: 48535 ns, Cleanup: 15570 ns, At safepoint: 6194 ns, Total: 70299 ns
[2025-01-18T15:48:13.434+0000][79][info ][safepoint   ] Safepoint "Cleanup", Time since last: 40279111423 ns, Reaching safepoint: 91291 ns, Cleanup: 28429 ns, At safepoint: 14075 ns, Total: 133795 ns
[2025-01-18T15:49:39.510+0000][79][info ][safepoint   ] Safepoint "Cleanup", Time since last: 86079632427 ns, Reaching safepoint: 484255 ns, Cleanup: 56866 ns, At safepoint: 47333 ns, Total: 588454 ns
[2025-01-18T15:49:40.888+0000][79][info ][safepoint   ] Safepoint "Cleanup", Time since last: 1377897289 ns, Reaching safepoint: 53099 ns, Cleanup: 76875 ns, At safepoint: 17270 ns, Total: 147244 ns
[2025-01-18T15:49:42.812+0000][79][info ][safepoint   ] Safepoint "Cleanup", Time since last: 1924119197 ns, Reaching safepoint: 19239 ns, Cleanup: 21711 ns, At safepoint: 10720 ns, Total: 51670 ns
[2025-01-18T15:49:51.304+0000][79][info ][safepoint   ] Safepoint "Cleanup", Time since last: 8494228696 ns, Reaching safepoint: 195888 ns, Cleanup: 8474 ns, At safepoint: 43122 ns, Total: 247484 ns
[2025-01-18T15:50:13.814+0000][79][info ][safepoint   ] Safepoint "Cleanup", Time since last: 22511915358 ns, Reaching safepoint: 47991 ns, Cleanup: 23191 ns, At safepoint: 14047 ns, Total: 85229 ns
[2025-01-18T15:50:19.835+0000][79][info ][safepoint   ] Safepoint "Cleanup", Time since last: 6020474046 ns, Reaching safepoint: 103046 ns, Cleanup: 24979 ns, At safepoint: 17874 ns, Total: 145899 ns
[2025-01-18T15:50:32.780+0000][79][info ][safepoint   ] Safepoint "Cleanup", Time since last: 12945594994 ns, Reaching safepoint: 49178 ns, Cleanup: 40179 ns, At safepoint: 13850 ns, Total: 103207 ns
[2025-01-18T15:50:57.228+0000][79][info ][safepoint   ] Safepoint "Cleanup", Time since last: 24450210856 ns, Reaching safepoint: 27593 ns, Cleanup: 9907 ns, At safepoint: 36486 ns, Total: 73986 ns
[2025-01-18T15:50:59.139+0000][79][info ][safepoint   ] Safepoint "Cleanup", Time since last: 1910587223 ns, Reaching safepoint: 11624 ns, Cleanup: 8301 ns, At safepoint: 4716 ns, Total: 24641 ns
[2025-01-18T15:51:13.182+0000][79][info ][safepoint   ] Safepoint "Cleanup", Time since last: 14042401921 ns, Reaching safepoint: 102359 ns, Cleanup: 25496 ns, At safepoint: 13916 ns, Total: 141771 ns
[2025-01-18T15:51:16.190+0000][79][info ][safepoint   ] Safepoint "Cleanup", Time since last: 3009490006 ns, Reaching safepoint: 17256 ns, Cleanup: 13528 ns, At safepoint: 9688 ns, Total: 40472 ns
[2025-01-18T15:51:42.615+0000][79][info ][safepoint   ] Safepoint "Cleanup", Time since last: 26424773769 ns, Reaching safepoint: 14526 ns, Cleanup: 9571 ns, At safepoint: 5347 ns, Total: 29444 ns
[2025-01-18T15:51:52.361+0000][79][info ][safepoint   ] Safepoint "Cleanup", Time since last: 9747730480 ns, Reaching safepoint: 115290 ns, Cleanup: 27612 ns, At safepoint: 16761 ns, Total: 159663 ns
[2025-01-18T15:55:44.109+0000][79][info ][safepoint   ] Safepoint "Cleanup", Time since last: 231762549834 ns, Reaching safepoint: 66483 ns, Cleanup: 35587 ns, At safepoint: 12705 ns, Total: 114775 ns
[2025-01-18T15:55:45.233+0000][79][info ][safepoint   ] Safepoint "Cleanup", Time since last: 1123859980 ns, Reaching safepoint: 9743 ns, Cleanup: 8727 ns, At safepoint: 4884 ns, Total: 23354 ns
[2025-01-18T15:58:03.595+0000][79][info ][safepoint   ] Safepoint "Cleanup", Time since last: 138369422195 ns, Reaching safepoint: 71336 ns, Cleanup: 16919 ns, At safepoint: 39397 ns, Total: 127652 ns
[2025-01-18T15:58:21.276+0000][79][info ][gc,start    ] GC(64) Pause Young (Normal) (G1 Evacuation Pause)
[2025-01-18T15:58:21.292+0000][79][info ][gc,task     ] GC(64) Using 18 workers of 18 for evacuation
[2025-01-18T15:58:21.293+0000][79][debug][gc,age      ] GC(64) Desired survivor size 134217728 bytes, new threshold 15 (max threshold 15)
[2025-01-18T15:58:21.325+0000][79][info ][gc,phases   ] GC(64)   Pre Evacuate Collection Set: 2.5ms
[2025-01-18T15:58:21.325+0000][79][info ][gc,phases   ] GC(64)   Merge Heap Roots: 1.9ms
[2025-01-18T15:58:21.326+0000][79][info ][gc,phases   ] GC(64)   Evacuate Collection Set: 23.7ms
[2025-01-18T15:58:21.327+0000][79][info ][gc,phases   ] GC(64)   Post Evacuate Collection Set: 3.1ms
[2025-01-18T15:58:21.327+0000][79][info ][gc,phases   ] GC(64)   Other: 2.4ms
[2025-01-18T15:58:21.328+0000][79][trace][gc,age      ] GC(64) Age table with threshold 15 (max threshold 15)
[2025-01-18T15:58:21.328+0000][79][trace][gc,age      ] GC(64) - age   1:    2170512 bytes,    2170512 total
[2025-01-18T15:58:21.329+0000][79][trace][gc,age      ] GC(64) - age   2:      13528 bytes,    2184040 total
[2025-01-18T15:58:21.330+0000][79][trace][gc,age      ] GC(64) - age   3:    1327032 bytes,    3511072 total
[2025-01-18T15:58:21.330+0000][79][trace][gc,age      ] GC(64) - age   4:    1054656 bytes,    4565728 total
[2025-01-18T15:58:21.331+0000][79][trace][gc,age      ] GC(64) - age   5:      12408 bytes,    4578136 total
[2025-01-18T15:58:21.331+0000][79][trace][gc,age      ] GC(64) - age   6:       3432 bytes,    4581568 total
[2025-01-18T15:58:21.332+0000][79][trace][gc,age      ] GC(64) - age   7:       9448 bytes,    4591016 total
[2025-01-18T15:58:21.332+0000][79][trace][gc,age      ] GC(64) - age   8:       8544 bytes,    4599560 total
[2025-01-18T15:58:21.333+0000][79][trace][gc,age      ] GC(64) - age   9:       9832 bytes,    4609392 total
[2025-01-18T15:58:21.333+0000][79][trace][gc,age      ] GC(64) - age  10:       6312 bytes,    4615704 total
[2025-01-18T15:58:21.334+0000][79][trace][gc,age      ] GC(64) - age  11:       9624 bytes,    4625328 total
[2025-01-18T15:58:21.334+0000][79][trace][gc,age      ] GC(64) - age  12:       8880 bytes,    4634208 total
[2025-01-18T15:58:21.335+0000][79][trace][gc,age      ] GC(64) - age  13:       6384 bytes,    4640592 total
[2025-01-18T15:58:21.335+0000][79][trace][gc,age      ] GC(64) - age  14:       5008 bytes,    4645600 total
[2025-01-18T15:58:21.336+0000][79][trace][gc,age      ] GC(64) - age  15:      13456 bytes,    4659056 total
[2025-01-18T15:58:21.336+0000][79][info ][gc,heap     ] GC(64) Eden regions: 506->0(506)
[2025-01-18T15:58:21.336+0000][79][info ][gc,heap     ] GC(64) Survivor regions: 2->2(64)
[2025-01-18T15:58:21.337+0000][79][info ][gc,heap     ] GC(64) Old regions: 36->36
[2025-01-18T15:58:21.337+0000][79][info ][gc,heap     ] GC(64) Humongous regions: 4->4
[2025-01-18T15:58:21.338+0000][79][info ][gc,metaspace] GC(64) Metaspace: 153060K(156608K)->153060K(156608K) NonClass: 133157K(134720K)->133157K(134720K) Class: 19903K(21888K)->19903K(21888K)
[2025-01-18T15:58:21.339+0000][79][info ][gc          ] GC(64) Pause Young (Normal) (G1 Evacuation Pause) 2188M->164M(3392M) 62.461ms
[2025-01-18T15:58:21.339+0000][79][info ][gc,cpu      ] GC(64) User=0.17s Sys=0.04s Real=0.06s
[2025-01-18T15:58:21.340+0000][79][info ][safepoint   ] Safepoint "G1CollectForAllocation", Time since last: 17682757847 ns, Reaching safepoint: 17420 ns, Cleanup: 3377 ns, At safepoint: 64335097 ns, Total: 64355894 ns
[2025-01-18T16:01:57.714+0000][79][info ][safepoint   ] Safepoint "Cleanup", Time since last: 216386602830 ns, Reaching safepoint: 35977 ns, Cleanup: 18360 ns, At safepoint: 9542 ns, Total: 63879 ns
[2025-01-18T16:03:32.265+0000][79][info ][safepoint   ] Safepoint "Cleanup", Time since last: 94557209778 ns, Reaching safepoint: 49564 ns, Cleanup: 25983 ns, At safepoint: 12645 ns, Total: 88192 ns
[2025-01-18T16:04:32.453+0000][79][info ][safepoint   ] Safepoint "Cleanup", Time since last: 60191769056 ns, Reaching safepoint: 37147 ns, Cleanup: 23030 ns, At safepoint: 6672 ns, Total: 66849 ns
[2025-01-18T16:10:32.211+0000][79][info ][safepoint   ] Safepoint "Cleanup", Time since last: 359780243038 ns, Reaching safepoint: 62027 ns, Cleanup: 25514 ns, At safepoint: 15055 ns, Total: 102596 ns
[2025-01-18T16:11:03.250+0000][79][info ][safepoint   ] Safepoint "Cleanup", Time since last: 31040455338 ns, Reaching safepoint: 31755 ns, Cleanup: 10143 ns, At safepoint: 41385 ns, Total: 83283 ns
[2025-01-18T16:14:34.043+0000][79][info ][gc,start    ] GC(65) Pause Young (Normal) (G1 Evacuation Pause)
[2025-01-18T16:14:34.043+0000][79][info ][gc,task     ] GC(65) Using 18 workers of 18 for evacuation
[2025-01-18T16:14:34.044+0000][79][debug][gc,age      ] GC(65) Desired survivor size 134217728 bytes, new threshold 15 (max threshold 15)
[2025-01-18T16:14:34.059+0000][79][info ][gc,phases   ] GC(65)   Pre Evacuate Collection Set: 0.6ms
[2025-01-18T16:14:34.059+0000][79][info ][gc,phases   ] GC(65)   Merge Heap Roots: 0.6ms
[2025-01-18T16:14:34.060+0000][79][info ][gc,phases   ] GC(65)   Evacuate Collection Set: 10.8ms
[2025-01-18T16:14:34.060+0000][79][info ][gc,phases   ] GC(65)   Post Evacuate Collection Set: 1.6ms
[2025-01-18T16:14:34.061+0000][79][info ][gc,phases   ] GC(65)   Other: 1.7ms
[2025-01-18T16:14:34.061+0000][79][trace][gc,age      ] GC(65) Age table with threshold 15 (max threshold 15)
[2025-01-18T16:14:34.061+0000][79][trace][gc,age      ] GC(65) - age   1:    1075432 bytes,    1075432 total
[2025-01-18T16:14:34.062+0000][79][trace][gc,age      ] GC(65) - age   2:     503296 bytes,    1578728 total
[2025-01-18T16:14:34.062+0000][79][trace][gc,age      ] GC(65) - age   3:      12168 bytes,    1590896 total
[2025-01-18T16:14:34.062+0000][79][trace][gc,age      ] GC(65) - age   4:    1325672 bytes,    2916568 total
[2025-01-18T16:14:34.062+0000][79][trace][gc,age      ] GC(65) - age   5:     914424 bytes,    3830992 total
[2025-01-18T16:14:34.062+0000][79][trace][gc,age      ] GC(65) - age   6:      11920 bytes,    3842912 total
[2025-01-18T16:14:34.063+0000][79][trace][gc,age      ] GC(65) - age   7:       3368 bytes,    3846280 total
[2025-01-18T16:14:34.063+0000][79][trace][gc,age      ] GC(65) - age   8:       9336 bytes,    3855616 total
[2025-01-18T16:14:34.063+0000][79][trace][gc,age      ] GC(65) - age   9:       8408 bytes,    3864024 total
[2025-01-18T16:14:34.063+0000][79][trace][gc,age      ] GC(65) - age  10:       9832 bytes,    3873856 total
[2025-01-18T16:14:34.064+0000][79][trace][gc,age      ] GC(65) - age  11:       6192 bytes,    3880048 total
[2025-01-18T16:14:34.064+0000][79][trace][gc,age      ] GC(65) - age  12:       9472 bytes,    3889520 total
[2025-01-18T16:14:34.064+0000][79][trace][gc,age      ] GC(65) - age  13:       8784 bytes,    3898304 total
[2025-01-18T16:14:34.064+0000][79][trace][gc,age      ] GC(65) - age  14:       6384 bytes,    3904688 total
[2025-01-18T16:14:34.065+0000][79][trace][gc,age      ] GC(65) - age  15:       5008 bytes,    3909696 total
[2025-01-18T16:14:34.065+0000][79][info ][gc,heap     ] GC(65) Eden regions: 506->0(506)
[2025-01-18T16:14:34.065+0000][79][info ][gc,heap     ] GC(65) Survivor regions: 2->2(64)
[2025-01-18T16:14:34.065+0000][79][info ][gc,heap     ] GC(65) Old regions: 36->36
[2025-01-18T16:14:34.065+0000][79][info ][gc,heap     ] GC(65) Humongous regions: 4->4
[2025-01-18T16:14:34.065+0000][79][info ][gc,metaspace] GC(65) Metaspace: 153060K(156608K)->153060K(156608K) NonClass: 133157K(134720K)->133157K(134720K) Class: 19903K(21888K)->19903K(21888K)
[2025-01-18T16:14:34.066+0000][79][info ][gc          ] GC(65) Pause Young (Normal) (G1 Evacuation Pause) 2188M->164M(3392M) 23.078ms
[2025-01-18T16:14:34.066+0000][79][info ][gc,cpu      ] GC(65) User=0.09s Sys=0.02s Real=0.03s
[2025-01-18T16:14:34.066+0000][79][info ][safepoint   ] Safepoint "G1CollectForAllocation", Time since last: 210804937452 ns, Reaching safepoint: 17660 ns, Cleanup: 2847 ns, At safepoint: 23551865 ns, Total: 23572372 ns
[2025-01-18T16:16:13.494+0000][79][info ][safepoint   ] Safepoint "Cleanup", Time since last: 99433245276 ns, Reaching safepoint: 51399 ns, Cleanup: 16563 ns, At safepoint: 8190 ns, Total: 76152 ns
[2025-01-18T16:17:32.866+0000][79][info ][safepoint   ] Safepoint "Cleanup", Time since last: 79377958598 ns, Reaching safepoint: 75122 ns, Cleanup: 19487 ns, At safepoint: 9405 ns, Total: 104014 ns
[2025-01-18T16:18:57.227+0000][79][info ][safepoint   ] Safepoint "Cleanup", Time since last: 84365035124 ns, Reaching safepoint: 10367 ns, Cleanup: 8382 ns, At safepoint: 4728 ns, Total: 23477 ns
[2025-01-18T16:18:59.202+0000][79][info ][safepoint   ] Safepoint "Cleanup", Time since last: 1975295601 ns, Reaching safepoint: 60839 ns, Cleanup: 29194 ns, At safepoint: 19440 ns, Total: 109473 ns
[2025-01-18T16:21:45.863+0000][79][info ][safepoint   ] Safepoint "Cleanup", Time since last: 166672355112 ns, Reaching safepoint: 12022 ns, Cleanup: 9370 ns, At safepoint: 17892 ns, Total: 39284 ns
[2025-01-18T16:27:02.611+0000][79][info ][safepoint   ] Safepoint "Cleanup", Time since last: 316766796168 ns, Reaching safepoint: 27195 ns, Cleanup: 12231 ns, At safepoint: 42199 ns, Total: 81625 ns
[2025-01-18T16:29:58.355+0000][79][info ][safepoint   ] Safepoint "Cleanup", Time since last: 175754855219 ns, Reaching safepoint: 30523 ns, Cleanup: 223703 ns, At safepoint: 29233 ns, Total: 283459 ns
[2025-01-18T16:30:03.530+0000][79][info ][safepoint   ] Safepoint "Cleanup", Time since last: 5174182405 ns, Reaching safepoint: 10463 ns, Cleanup: 39070 ns, At safepoint: 20121 ns, Total: 69654 ns
[2025-01-18T16:30:39.550+0000][79][info ][safepoint   ] Safepoint "Cleanup", Time since last: 36021581690 ns, Reaching safepoint: 11080 ns, Cleanup: 8720 ns, At safepoint: 4707 ns, Total: 24507 ns
[2025-01-18T16:30:44.997+0000][79][info ][gc,start    ] GC(66) Pause Young (Normal) (G1 Evacuation Pause)
[2025-01-18T16:30:44.998+0000][79][info ][gc,task     ] GC(66) Using 18 workers of 18 for evacuation
[2025-01-18T16:30:44.999+0000][79][debug][gc,age      ] GC(66) Desired survivor size 134217728 bytes, new threshold 15 (max threshold 15)
[2025-01-18T16:30:45.049+0000][79][info ][gc,phases   ] GC(66)   Pre Evacuate Collection Set: 2.8ms
[2025-01-18T16:30:45.050+0000][79][info ][gc,phases   ] GC(66)   Merge Heap Roots: 0.8ms
[2025-01-18T16:30:45.051+0000][79][info ][gc,phases   ] GC(66)   Evacuate Collection Set: 40.6ms
[2025-01-18T16:30:45.051+0000][79][info ][gc,phases   ] GC(66)   Post Evacuate Collection Set: 6.0ms
[2025-01-18T16:30:45.052+0000][79][info ][gc,phases   ] GC(66)   Other: 1.2ms
[2025-01-18T16:30:45.052+0000][79][trace][gc,age      ] GC(66) Age table with threshold 15 (max threshold 15)
[2025-01-18T16:30:45.052+0000][79][trace][gc,age      ] GC(66) - age   1:     992216 bytes,     992216 total
[2025-01-18T16:30:45.053+0000][79][trace][gc,age      ] GC(66) - age   2:       9528 bytes,    1001744 total
[2025-01-18T16:30:45.054+0000][79][trace][gc,age      ] GC(66) - age   3:     501536 bytes,    1503280 total
[2025-01-18T16:30:45.054+0000][79][trace][gc,age      ] GC(66) - age   4:       9568 bytes,    1512848 total
[2025-01-18T16:30:45.055+0000][79][trace][gc,age      ] GC(66) - age   5:    1268000 bytes,    2780848 total
[2025-01-18T16:30:45.055+0000][79][trace][gc,age      ] GC(66) - age   6:     912376 bytes,    3693224 total
[2025-01-18T16:30:45.056+0000][79][trace][gc,age      ] GC(66) - age   7:      11920 bytes,    3705144 total
[2025-01-18T16:30:45.056+0000][79][trace][gc,age      ] GC(66) - age   8:       3336 bytes,    3708480 total
[2025-01-18T16:30:45.057+0000][79][trace][gc,age      ] GC(66) - age   9:       9272 bytes,    3717752 total
[2025-01-18T16:30:45.057+0000][79][trace][gc,age      ] GC(66) - age  10:       8408 bytes,    3726160 total
[2025-01-18T16:30:45.058+0000][79][trace][gc,age      ] GC(66) - age  11:       9576 bytes,    3735736 total
[2025-01-18T16:30:45.058+0000][79][trace][gc,age      ] GC(66) - age  12:       6192 bytes,    3741928 total
[2025-01-18T16:30:45.058+0000][79][trace][gc,age      ] GC(66) - age  13:       9472 bytes,    3751400 total
[2025-01-18T16:30:45.059+0000][79][trace][gc,age      ] GC(66) - age  14:       8744 bytes,    3760144 total
[2025-01-18T16:30:45.059+0000][79][trace][gc,age      ] GC(66) - age  15:       6384 bytes,    3766528 total
[2025-01-18T16:30:45.059+0000][79][info ][gc,heap     ] GC(66) Eden regions: 506->0(507)
[2025-01-18T16:30:45.060+0000][79][info ][gc,heap     ] GC(66) Survivor regions: 2->1(64)
[2025-01-18T16:30:45.060+0000][79][info ][gc,heap     ] GC(66) Old regions: 36->36
[2025-01-18T16:30:45.061+0000][79][info ][gc,heap     ] GC(66) Humongous regions: 4->4
[2025-01-18T16:30:45.061+0000][79][info ][gc,metaspace] GC(66) Metaspace: 153061K(156608K)->153061K(156608K) NonClass: 133158K(134720K)->133158K(134720K) Class: 19903K(21888K)->19903K(21888K)
[2025-01-18T16:30:45.062+0000][79][info ][gc          ] GC(66) Pause Young (Normal) (G1 Evacuation Pause) 2188M->163M(3392M) 64.460ms
[2025-01-18T16:30:45.062+0000][79][info ][gc,cpu      ] GC(66) User=0.34s Sys=0.01s Real=0.06s
[2025-01-18T16:30:45.063+0000][79][info ][safepoint   ] Safepoint "G1CollectForAllocation", Time since last: 5447180248 ns, Reaching safepoint: 23519 ns, Cleanup: 4681 ns, At safepoint: 68041492 ns, Total: 68069692 ns
[2025-01-18T16:31:09.402+0000][79][info ][safepoint   ] Safepoint "Cleanup", Time since last: 24338917421 ns, Reaching safepoint: 15622 ns, Cleanup: 19446 ns, At safepoint: 23432 ns, Total: 58500 ns
[2025-01-18T16:31:39.239+0000][79][info ][safepoint   ] Safepoint "Cleanup", Time since last: 29839717015 ns, Reaching safepoint: 71104 ns, Cleanup: 10484 ns, At safepoint: 19611 ns, Total: 101199 ns
[2025-01-18T16:31:40.785+0000][79][info ][safepoint   ] Safepoint "Cleanup", Time since last: 1546014028 ns, Reaching safepoint: 28893 ns, Cleanup: 17231 ns, At safepoint: 6134 ns, Total: 52258 ns
[2025-01-18T16:32:15.249+0000][79][info ][safepoint   ] Safepoint "Cleanup", Time since last: 34466562538 ns, Reaching safepoint: 15852 ns, Cleanup: 13407 ns, At safepoint: 8526 ns, Total: 37785 ns
[2025-01-18T16:32:32.961+0000][79][info ][safepoint   ] Safepoint "Cleanup", Time since last: 17712693286 ns, Reaching safepoint: 27027 ns, Cleanup: 13854 ns, At safepoint: 5957 ns, Total: 46838 ns
[2025-01-18T16:33:04.100+0000][79][info ][safepoint   ] Safepoint "Cleanup", Time since last: 31140248638 ns, Reaching safepoint: 18228 ns, Cleanup: 16469 ns, At safepoint: 9433 ns, Total: 44130 ns
[2025-01-18T16:34:27.559+0000][79][info ][safepoint   ] Safepoint "Cleanup", Time since last: 83463660407 ns, Reaching safepoint: 32596 ns, Cleanup: 15001 ns, At safepoint: 9953 ns, Total: 57550 ns
[2025-01-18T16:34:32.591+0000][79][info ][safepoint   ] Safepoint "Cleanup", Time since last: 5031828905 ns, Reaching safepoint: 69432 ns, Cleanup: 21124 ns, At safepoint: 13804 ns, Total: 104360 ns
[2025-01-18T16:35:32.917+0000][79][info ][safepoint   ] Safepoint "Cleanup", Time since last: 60329587250 ns, Reaching safepoint: 32758 ns, Cleanup: 16645 ns, At safepoint: 7002 ns, Total: 56405 ns
[2025-01-18T16:36:49.265+0000][79][info ][safepoint   ] Safepoint "Cleanup", Time since last: 76353386732 ns, Reaching safepoint: 54171 ns, Cleanup: 28400 ns, At safepoint: 16471 ns, Total: 99042 ns
[2025-01-18T16:37:32.633+0000][79][info ][safepoint   ] Safepoint "Cleanup", Time since last: 43370147076 ns, Reaching safepoint: 54393 ns, Cleanup: 25200 ns, At safepoint: 16234 ns, Total: 95827 ns
[2025-01-18T16:43:32.678+0000][79][info ][safepoint   ] Safepoint "Cleanup", Time since last: 360064233462 ns, Reaching safepoint: 89692 ns, Cleanup: 158557 ns, At safepoint: 22187 ns, Total: 270436 ns
[2025-01-18T16:46:51.275+0000][79][info ][gc,start    ] GC(67) Pause Young (Normal) (G1 Evacuation Pause)
[2025-01-18T16:46:51.278+0000][79][info ][gc,task     ] GC(67) Using 18 workers of 18 for evacuation
[2025-01-18T16:46:51.279+0000][79][debug][gc,age      ] GC(67) Desired survivor size 134217728 bytes, new threshold 15 (max threshold 15)
[2025-01-18T16:46:51.361+0000][79][info ][gc,phases   ] GC(67)   Pre Evacuate Collection Set: 6.2ms
[2025-01-18T16:46:51.362+0000][79][info ][gc,phases   ] GC(67)   Merge Heap Roots: 1.1ms
[2025-01-18T16:46:51.363+0000][79][info ][gc,phases   ] GC(67)   Evacuate Collection Set: 66.2ms
[2025-01-18T16:46:51.364+0000][79][info ][gc,phases   ] GC(67)   Post Evacuate Collection Set: 7.5ms
[2025-01-18T16:46:51.365+0000][79][info ][gc,phases   ] GC(67)   Other: 3.4ms
[2025-01-18T16:46:51.365+0000][79][trace][gc,age      ] GC(67) Age table with threshold 15 (max threshold 15)
[2025-01-18T16:46:51.366+0000][79][trace][gc,age      ] GC(67) - age   1:    1198192 bytes,    1198192 total
[2025-01-18T16:46:51.366+0000][79][trace][gc,age      ] GC(67) - age   2:       9648 bytes,    1207840 total
[2025-01-18T16:46:51.367+0000][79][trace][gc,age      ] GC(67) - age   3:       8360 bytes,    1216200 total
[2025-01-18T16:46:51.368+0000][79][trace][gc,age      ] GC(67) - age   4:     498984 bytes,    1715184 total
[2025-01-18T16:46:51.368+0000][79][trace][gc,age      ] GC(67) - age   5:       7008 bytes,    1722192 total
[2025-01-18T16:46:51.369+0000][79][trace][gc,age      ] GC(67) - age   6:    1267320 bytes,    2989512 total
[2025-01-18T16:46:51.369+0000][79][trace][gc,age      ] GC(67) - age   7:     912296 bytes,    3901808 total
[2025-01-18T16:46:51.370+0000][79][trace][gc,age      ] GC(67) - age   8:      11880 bytes,    3913688 total
[2025-01-18T16:46:51.371+0000][79][trace][gc,age      ] GC(67) - age   9:       3240 bytes,    3916928 total
[2025-01-18T16:46:51.371+0000][79][trace][gc,age      ] GC(67) - age  10:       9272 bytes,    3926200 total
[2025-01-18T16:46:51.372+0000][79][trace][gc,age      ] GC(67) - age  11:       8144 bytes,    3934344 total
[2025-01-18T16:46:51.372+0000][79][trace][gc,age      ] GC(67) - age  12:       9576 bytes,    3943920 total
[2025-01-18T16:46:51.373+0000][79][trace][gc,age      ] GC(67) - age  13:       6192 bytes,    3950112 total
[2025-01-18T16:46:51.374+0000][79][trace][gc,age      ] GC(67) - age  14:       9000 bytes,    3959112 total
[2025-01-18T16:46:51.374+0000][79][trace][gc,age      ] GC(67) - age  15:       8744 bytes,    3967856 total
[2025-01-18T16:46:51.375+0000][79][info ][gc,heap     ] GC(67) Eden regions: 507->0(506)
[2025-01-18T16:46:51.376+0000][79][info ][gc,heap     ] GC(67) Survivor regions: 1->2(64)
[2025-01-18T16:46:51.376+0000][79][info ][gc,heap     ] GC(67) Old regions: 36->36
[2025-01-18T16:46:51.377+0000][79][info ][gc,heap     ] GC(67) Humongous regions: 4->4
[2025-01-18T16:46:51.377+0000][79][info ][gc,metaspace] GC(67) Metaspace: 153063K(156608K)->153063K(156608K) NonClass: 133160K(134720K)->133160K(134720K) Class: 19903K(21888K)->19903K(21888K)
[2025-01-18T16:46:51.378+0000][79][info ][gc          ] GC(67) Pause Young (Normal) (G1 Evacuation Pause) 2191M->164M(3392M) 103.151ms
[2025-01-18T16:46:51.379+0000][79][info ][gc,cpu      ] GC(67) User=0.44s Sys=0.00s Real=0.11s
[2025-01-18T16:46:51.379+0000][79][info ][safepoint   ] Safepoint "G1CollectForAllocation", Time since last: 198605970268 ns, Reaching safepoint: 29794 ns, Cleanup: 4548 ns, At safepoint: 107806844 ns, Total: 107841186 ns
[2025-01-18T16:49:45.644+0000][79][info ][safepoint   ] Safepoint "Cleanup", Time since last: 174274771471 ns, Reaching safepoint: 105217 ns, Cleanup: 15861 ns, At safepoint: 44174 ns, Total: 165252 ns
[2025-01-18T16:49:46.660+0000][79][info ][safepoint   ] Safepoint "Cleanup", Time since last: 1016458346 ns, Reaching safepoint: 49526 ns, Cleanup: 28224 ns, At safepoint: 14676 ns, Total: 92426 ns
[2025-01-18T16:50:32.187+0000][79][info ][safepoint   ] Safepoint "Cleanup", Time since last: 45527814459 ns, Reaching safepoint: 64061 ns, Cleanup: 31418 ns, At safepoint: 17573 ns, Total: 113052 ns
[2025-01-18T16:51:04.249+0000][79][info ][safepoint   ] Safepoint "Cleanup", Time since last: 32065097815 ns, Reaching safepoint: 40770 ns, Cleanup: 14278 ns, At safepoint: 6158 ns, Total: 61206 ns
[2025-01-18T16:51:05.659+0000][79][info ][safepoint   ] Safepoint "Cleanup", Time since last: 1409792106 ns, Reaching safepoint: 14403 ns, Cleanup: 19057 ns, At safepoint: 4754 ns, Total: 38214 ns
[2025-01-18T16:51:07.632+0000][79][info ][safepoint   ] Safepoint "Cleanup", Time since last: 1972872271 ns, Reaching safepoint: 15015 ns, Cleanup: 64362 ns, At safepoint: 3911 ns, Total: 83288 ns
[2025-01-18T16:51:08.207+0000][79][info ][gc,heap,exit] Heap
[2025-01-18T16:51:08.214+0000][79][info ][gc,heap,exit]  garbage-first heap   total 3473408K, used 789409K [0x000000072c000000, 0x0000000800000000)
[2025-01-18T16:51:08.214+0000][79][info ][gc,heap,exit]   region size 4096K, 154 young (630784K), 2 survivors (8192K)
[2025-01-18T16:51:08.214+0000][79][info ][gc,heap,exit]  Metaspace       used 153381K, committed 156864K, reserved 1245184K
[2025-01-18T16:51:08.215+0000][79][info ][gc,heap,exit]   class space    used 19968K, committed 21888K, reserved 1048576K
