[2025-01-17T15:10:08.736+0000][81][info][gc,init] CardTable entry size: 512
[2025-01-17T15:10:08.737+0000][81][info][gc     ] Using G1
[2025-01-17T15:10:12.949+0000][81][info][gc,init] Version: 21.0.2+13-58 (release)
[2025-01-17T15:10:12.950+0000][81][info][gc,init] CPUs: 24 total, 24 available
[2025-01-17T15:10:12.952+0000][81][info][gc,init] Memory: 6781M
[2025-01-17T15:10:12.952+0000][81][info][gc,init] Large Page Support: Disabled
[2025-01-17T15:10:12.953+0000][81][info][gc,init] NUMA Support: Disabled
[2025-01-17T15:10:12.953+0000][81][info][gc,init] Compressed Oops: Enabled (Zero based)
[2025-01-17T15:10:12.953+0000][81][info][gc,init] Heap Region Size: 4M
[2025-01-17T15:10:12.954+0000][81][info][gc,init] Heap Min Capacity: 3392M
[2025-01-17T15:10:12.954+0000][81][info][gc,init] Heap Initial Capacity: 3392M
[2025-01-17T15:10:12.955+0000][81][info][gc,init] Heap Max Capacity: 3392M
[2025-01-17T15:10:12.955+0000][81][info][gc,init] Pre-touch: Enabled
[2025-01-17T15:10:12.955+0000][81][info][gc,init] Parallel Workers: 18
[2025-01-17T15:10:12.955+0000][81][info][gc,init] Concurrent Workers: 5
[2025-01-17T15:10:12.956+0000][81][info][gc,init] Concurrent Refinement Workers: 18
[2025-01-17T15:10:12.956+0000][81][info][gc,init] Periodic GC: Disabled
[2025-01-17T15:10:12.992+0000][81][info][gc,metaspace] CDS archive(s) mapped at: [0x00007fe7bb000000-0x00007fe7bbca6000-0x00007fe7bbca6000), size 13262848, SharedBaseAddress: 0x00007fe7bb000000, ArchiveRelocationMode: 1.
[2025-01-17T15:10:12.993+0000][81][info][gc,metaspace] Compressed class space mapped at: 0x00007fe7bc000000-0x00007fe7fc000000, reserved size: 1073741824
[2025-01-17T15:10:12.994+0000][81][info][gc,metaspace] Narrow klass base: 0x00007fe7bb000000, Narrow klass shift: 0, Narrow klass range: 0x100000000
[2025-01-17T15:10:13.334+0000][81][info][safepoint   ] Safepoint "ICBufferFull", Time since last: 324791146 ns, Reaching safepoint: 73452 ns, Cleanup: 170035 ns, At safepoint: 57952 ns, Total: 301439 ns
[2025-01-17T15:10:13.801+0000][81][info][safepoint   ] Safepoint "ICBufferFull", Time since last: 465843556 ns, Reaching safepoint: 6663 ns, Cleanup: 156301 ns, At safepoint: 4152 ns, Total: 167116 ns
[2025-01-17T15:10:14.129+0000][81][info][safepoint   ] Safepoint "ICBufferFull", Time since last: 328158871 ns, Reaching safepoint: 4040 ns, Cleanup: 97025 ns, At safepoint: 1932 ns, Total: 102997 ns
[2025-01-17T15:10:14.727+0000][81][info][safepoint   ] Safepoint "ICBufferFull", Time since last: 597628474 ns, Reaching safepoint: 4724 ns, Cleanup: 106633 ns, At safepoint: 2542 ns, Total: 113899 ns
[2025-01-17T15:10:14.999+0000][81][info][safepoint   ] Safepoint "ICBufferFull", Time since last: 272135179 ns, Reaching safepoint: 4015 ns, Cleanup: 101294 ns, At safepoint: 2666 ns, Total: 107975 ns
[2025-01-17T15:10:15.534+0000][81][info][safepoint   ] Safepoint "ICBufferFull", Time since last: 534657938 ns, Reaching safepoint: 8484 ns, Cleanup: 94757 ns, At safepoint: 2275 ns, Total: 105516 ns
[2025-01-17T15:10:15.669+0000][81][info][gc,start    ] GC(0) Pause Young (Normal) (G1 Evacuation Pause)
[2025-01-17T15:10:15.670+0000][81][info][gc,task     ] GC(0) Using 18 workers of 18 for evacuation
[2025-01-17T15:10:15.670+0000][81][debug][gc,age      ] GC(0) Desired survivor size 12582912 bytes, new threshold 15 (max threshold 15)
[2025-01-17T15:10:15.678+0000][81][info ][gc,phases   ] GC(0)   Pre Evacuate Collection Set: 0.6ms
[2025-01-17T15:10:15.679+0000][81][info ][gc,phases   ] GC(0)   Merge Heap Roots: 0.3ms
[2025-01-17T15:10:15.679+0000][81][info ][gc,phases   ] GC(0)   Evacuate Collection Set: 4.4ms
[2025-01-17T15:10:15.679+0000][81][info ][gc,phases   ] GC(0)   Post Evacuate Collection Set: 2.1ms
[2025-01-17T15:10:15.679+0000][81][info ][gc,phases   ] GC(0)   Other: 1.0ms
[2025-01-17T15:10:15.679+0000][81][trace][gc,age      ] GC(0) Age table with threshold 15 (max threshold 15)
[2025-01-17T15:10:15.680+0000][81][trace][gc,age      ] GC(0) - age   1:   10876240 bytes,   10876240 total
[2025-01-17T15:10:15.680+0000][81][info ][gc,heap     ] GC(0) Eden regions: 42->0(39)
[2025-01-17T15:10:15.681+0000][81][info ][gc,heap     ] GC(0) Survivor regions: 0->3(6)
[2025-01-17T15:10:15.681+0000][81][info ][gc,heap     ] GC(0) Old regions: 1->1
[2025-01-17T15:10:15.681+0000][81][info ][gc,heap     ] GC(0) Humongous regions: 0->0
[2025-01-17T15:10:15.681+0000][81][info ][gc,metaspace] GC(0) Metaspace: 20917K(21504K)->20917K(21504K) NonClass: 18609K(18944K)->18609K(18944K) Class: 2307K(2560K)->2307K(2560K)
[2025-01-17T15:10:15.682+0000][81][info ][gc          ] GC(0) Pause Young (Normal) (G1 Evacuation Pause) 169M->11M(3392M) 12.595ms
[2025-01-17T15:10:15.682+0000][81][info ][gc,cpu      ] GC(0) User=0.06s Sys=0.00s Real=0.01s
[2025-01-17T15:10:15.683+0000][81][info ][safepoint   ] Safepoint "G1CollectForAllocation", Time since last: 135541814 ns, Reaching safepoint: 5883 ns, Cleanup: 56393 ns, At safepoint: 13689346 ns, Total: 13751622 ns
[2025-01-17T15:10:15.716+0000][81][info ][gc,start    ] GC(1) Pause Young (Concurrent Start) (Metadata GC Threshold)
[2025-01-17T15:10:15.717+0000][81][info ][gc,task     ] GC(1) Using 18 workers of 18 for evacuation
[2025-01-17T15:10:15.717+0000][81][debug][gc,age      ] GC(1) Desired survivor size 12582912 bytes, new threshold 15 (max threshold 15)
[2025-01-17T15:10:15.724+0000][81][info ][gc,phases   ] GC(1)   Pre Evacuate Collection Set: 0.6ms
[2025-01-17T15:10:15.725+0000][81][info ][gc,phases   ] GC(1)   Merge Heap Roots: 0.2ms
[2025-01-17T15:10:15.725+0000][81][info ][gc,phases   ] GC(1)   Evacuate Collection Set: 3.6ms
[2025-01-17T15:10:15.725+0000][81][info ][gc,phases   ] GC(1)   Post Evacuate Collection Set: 2.0ms
[2025-01-17T15:10:15.725+0000][81][info ][gc,phases   ] GC(1)   Other: 0.7ms
[2025-01-17T15:10:15.726+0000][81][trace][gc,age      ] GC(1) Age table with threshold 15 (max threshold 15)
[2025-01-17T15:10:15.726+0000][81][trace][gc,age      ] GC(1) - age   1:      24128 bytes,      24128 total
[2025-01-17T15:10:15.726+0000][81][trace][gc,age      ] GC(1) - age   2:    9090784 bytes,    9114912 total
[2025-01-17T15:10:15.726+0000][81][info ][gc,heap     ] GC(1) Eden regions: 3->0(49)
[2025-01-17T15:10:15.727+0000][81][info ][gc,heap     ] GC(1) Survivor regions: 3->3(6)
[2025-01-17T15:10:15.727+0000][81][info ][gc,heap     ] GC(1) Old regions: 1->1
[2025-01-17T15:10:15.727+0000][81][info ][gc,heap     ] GC(1) Humongous regions: 0->0
[2025-01-17T15:10:15.728+0000][81][info ][gc,metaspace] GC(1) Metaspace: 20957K(21504K)->20957K(21504K) NonClass: 18643K(18944K)->18643K(18944K) Class: 2314K(2560K)->2314K(2560K)
[2025-01-17T15:10:15.728+0000][81][info ][gc          ] GC(1) Pause Young (Concurrent Start) (Metadata GC Threshold) 21M->11M(3392M) 11.582ms
[2025-01-17T15:10:15.728+0000][81][info ][gc,cpu      ] GC(1) User=0.06s Sys=0.00s Real=0.01s
[2025-01-17T15:10:15.728+0000][81][info ][gc          ] GC(2) Concurrent Mark Cycle
[2025-01-17T15:10:15.729+0000][81][info ][gc,marking  ] GC(2) Concurrent Scan Root Regions
[2025-01-17T15:10:15.729+0000][81][info ][safepoint   ] Safepoint "CollectForMetadataAllocation", Time since last: 33552969 ns, Reaching safepoint: 4056 ns, Cleanup: 15999 ns, At safepoint: 12390444 ns, Total: 12410499 ns
[2025-01-17T15:10:15.732+0000][81][info ][gc,marking  ] GC(2) Concurrent Scan Root Regions 2.816ms
[2025-01-17T15:10:15.732+0000][81][info ][gc,marking  ] GC(2) Concurrent Mark
[2025-01-17T15:10:15.732+0000][81][info ][gc,marking  ] GC(2) Concurrent Mark From Roots
[2025-01-17T15:10:15.734+0000][81][info ][gc,task     ] GC(2) Using 5 workers of 5 for marking
[2025-01-17T15:10:15.736+0000][81][info ][gc,marking  ] GC(2) Concurrent Mark From Roots 3.907ms
[2025-01-17T15:10:15.736+0000][81][info ][gc,marking  ] GC(2) Concurrent Preclean
[2025-01-17T15:10:15.737+0000][81][info ][gc,marking  ] GC(2) Concurrent Preclean 0.373ms
[2025-01-17T15:10:15.737+0000][81][info ][gc,start    ] GC(2) Pause Remark
[2025-01-17T15:10:15.741+0000][81][info ][gc          ] GC(2) Pause Remark 14M->14M(3392M) 3.593ms
[2025-01-17T15:10:15.741+0000][81][info ][gc,cpu      ] GC(2) User=0.03s Sys=0.00s Real=0.01s
[2025-01-17T15:10:15.742+0000][81][info ][safepoint   ] Safepoint "G1PauseRemark", Time since last: 8552123 ns, Reaching safepoint: 8553 ns, Cleanup: 20077 ns, At safepoint: 4438883 ns, Total: 4467513 ns
[2025-01-17T15:10:15.742+0000][81][info ][gc,marking  ] GC(2) Concurrent Mark 10.263ms
[2025-01-17T15:10:15.742+0000][81][info ][gc,marking  ] GC(2) Concurrent Rebuild Remembered Sets and Scrub Regions
[2025-01-17T15:10:15.744+0000][81][info ][gc,marking  ] GC(2) Concurrent Rebuild Remembered Sets and Scrub Regions 1.191ms
[2025-01-17T15:10:15.744+0000][81][info ][gc,start    ] GC(2) Pause Cleanup
[2025-01-17T15:10:15.745+0000][81][info ][gc          ] GC(2) Pause Cleanup 14M->14M(3392M) 0.987ms
[2025-01-17T15:10:15.746+0000][81][info ][gc,cpu      ] GC(2) User=0.00s Sys=0.00s Real=0.00s
[2025-01-17T15:10:15.746+0000][81][info ][safepoint   ] Safepoint "G1PauseCleanup", Time since last: 2326513 ns, Reaching safepoint: 115786 ns, Cleanup: 3661 ns, At safepoint: 1981054 ns, Total: 2100501 ns
[2025-01-17T15:10:15.747+0000][81][info ][gc,marking  ] GC(2) Concurrent Clear Claimed Marks
[2025-01-17T15:10:15.747+0000][81][info ][gc,marking  ] GC(2) Concurrent Clear Claimed Marks 0.407ms
[2025-01-17T15:10:15.747+0000][81][info ][gc,marking  ] GC(2) Concurrent Cleanup for Next Mark
[2025-01-17T15:10:15.750+0000][81][info ][gc,marking  ] GC(2) Concurrent Cleanup for Next Mark 2.473ms
[2025-01-17T15:10:15.750+0000][81][info ][gc          ] GC(2) Concurrent Mark Cycle 21.860ms
[2025-01-17T15:10:16.360+0000][81][info ][safepoint   ] Safepoint "ICBufferFull", Time since last: 613407938 ns, Reaching safepoint: 8591 ns, Cleanup: 106552 ns, At safepoint: 2817 ns, Total: 117960 ns
[2025-01-17T15:10:16.872+0000][81][info ][gc,start    ] GC(3) Pause Young (Prepare Mixed) (G1 Evacuation Pause)
[2025-01-17T15:10:16.872+0000][81][info ][gc,task     ] GC(3) Using 18 workers of 18 for evacuation
[2025-01-17T15:10:16.873+0000][81][debug][gc,age      ] GC(3) Desired survivor size 14680064 bytes, new threshold 15 (max threshold 15)
[2025-01-17T15:10:16.882+0000][81][info ][gc,phases   ] GC(3)   Pre Evacuate Collection Set: 0.5ms
[2025-01-17T15:10:16.883+0000][81][info ][gc,phases   ] GC(3)   Merge Heap Roots: 0.3ms
[2025-01-17T15:10:16.883+0000][81][info ][gc,phases   ] GC(3)   Evacuate Collection Set: 5.9ms
[2025-01-17T15:10:16.883+0000][81][info ][gc,phases   ] GC(3)   Post Evacuate Collection Set: 2.4ms
[2025-01-17T15:10:16.884+0000][81][info ][gc,phases   ] GC(3)   Other: 0.8ms
[2025-01-17T15:10:16.884+0000][81][trace][gc,age      ] GC(3) Age table with threshold 15 (max threshold 15)
[2025-01-17T15:10:16.884+0000][81][trace][gc,age      ] GC(3) - age   1:    5639376 bytes,    5639376 total
[2025-01-17T15:10:16.885+0000][81][trace][gc,age      ] GC(3) - age   2:      17920 bytes,    5657296 total
[2025-01-17T15:10:16.885+0000][81][trace][gc,age      ] GC(3) - age   3:    9077624 bytes,   14734920 total
[2025-01-17T15:10:16.885+0000][81][info ][gc,heap     ] GC(3) Eden regions: 49->0(84)
[2025-01-17T15:10:16.885+0000][81][info ][gc,heap     ] GC(3) Survivor regions: 3->4(7)
[2025-01-17T15:10:16.886+0000][81][info ][gc,heap     ] GC(3) Old regions: 1->1
[2025-01-17T15:10:16.886+0000][81][info ][gc,heap     ] GC(3) Humongous regions: 0->0
[2025-01-17T15:10:16.886+0000][81][info ][gc,metaspace] GC(3) Metaspace: 28351K(28928K)->28351K(28928K) NonClass: 25209K(25536K)->25209K(25536K) Class: 3142K(3392K)->3142K(3392K)
[2025-01-17T15:10:16.887+0000][81][info ][gc          ] GC(3) Pause Young (Prepare Mixed) (G1 Evacuation Pause) 207M->16M(3392M) 14.938ms
[2025-01-17T15:10:16.887+0000][81][info ][gc,cpu      ] GC(3) User=0.08s Sys=0.00s Real=0.01s
[2025-01-17T15:10:16.888+0000][81][info ][safepoint   ] Safepoint "G1CollectForAllocation", Time since last: 512004427 ns, Reaching safepoint: 6903 ns, Cleanup: 104505 ns, At safepoint: 15791098 ns, Total: 15902506 ns
[2025-01-17T15:10:17.656+0000][81][info ][safepoint   ] Safepoint "ICBufferFull", Time since last: 768255984 ns, Reaching safepoint: 3979 ns, Cleanup: 101257 ns, At safepoint: 1948 ns, Total: 107184 ns
[2025-01-17T15:10:17.891+0000][81][info ][gc,start    ] GC(4) Pause Young (Mixed) (G1 Evacuation Pause)
[2025-01-17T15:10:17.892+0000][81][info ][gc,task     ] GC(4) Using 18 workers of 18 for evacuation
[2025-01-17T15:10:17.893+0000][81][debug][gc,age      ] GC(4) Desired survivor size 23068672 bytes, new threshold 15 (max threshold 15)
[2025-01-17T15:10:17.901+0000][81][info ][gc,phases   ] GC(4)   Pre Evacuate Collection Set: 0.3ms
[2025-01-17T15:10:17.901+0000][81][info ][gc,phases   ] GC(4)   Merge Heap Roots: 0.2ms
[2025-01-17T15:10:17.902+0000][81][info ][gc,phases   ] GC(4)   Evacuate Collection Set: 5.3ms
[2025-01-17T15:10:17.902+0000][81][info ][gc,phases   ] GC(4)   Post Evacuate Collection Set: 1.5ms
[2025-01-17T15:10:17.903+0000][81][info ][gc,phases   ] GC(4)   Other: 1.4ms
[2025-01-17T15:10:17.903+0000][81][trace][gc,age      ] GC(4) Age table with threshold 15 (max threshold 15)
[2025-01-17T15:10:17.904+0000][81][trace][gc,age      ] GC(4) - age   1:    6739192 bytes,    6739192 total
[2025-01-17T15:10:17.904+0000][81][trace][gc,age      ] GC(4) - age   2:    5188872 bytes,   11928064 total
[2025-01-17T15:10:17.905+0000][81][trace][gc,age      ] GC(4) - age   3:      17888 bytes,   11945952 total
[2025-01-17T15:10:17.905+0000][81][trace][gc,age      ] GC(4) - age   4:    9077272 bytes,   21023224 total
[2025-01-17T15:10:17.905+0000][81][info ][gc,heap     ] GC(4) Eden regions: 84->0(502)
[2025-01-17T15:10:17.906+0000][81][info ][gc,heap     ] GC(4) Survivor regions: 4->6(11)
[2025-01-17T15:10:17.906+0000][81][info ][gc,heap     ] GC(4) Old regions: 1->1
[2025-01-17T15:10:17.907+0000][81][info ][gc,heap     ] GC(4) Humongous regions: 0->0
[2025-01-17T15:10:17.907+0000][81][info ][gc,metaspace] GC(4) Metaspace: 29960K(30656K)->29960K(30656K) NonClass: 26551K(26944K)->26551K(26944K) Class: 3409K(3712K)->3409K(3712K)
[2025-01-17T15:10:17.908+0000][81][info ][gc          ] GC(4) Pause Young (Mixed) (G1 Evacuation Pause) 352M->22M(3392M) 16.357ms
[2025-01-17T15:10:17.908+0000][81][info ][gc,cpu      ] GC(4) User=0.08s Sys=0.00s Real=0.01s
[2025-01-17T15:10:17.909+0000][81][info ][safepoint   ] Safepoint "G1CollectForAllocation", Time since last: 235090221 ns, Reaching safepoint: 5004 ns, Cleanup: 41856 ns, At safepoint: 17378015 ns, Total: 17424875 ns
[2025-01-17T15:10:18.600+0000][81][info ][gc,start    ] GC(5) Pause Young (Concurrent Start) (Metadata GC Threshold)
[2025-01-17T15:10:18.600+0000][81][info ][gc,task     ] GC(5) Using 18 workers of 18 for evacuation
[2025-01-17T15:10:18.600+0000][81][debug][gc,age      ] GC(5) Desired survivor size 134217728 bytes, new threshold 15 (max threshold 15)
[2025-01-17T15:10:18.609+0000][81][info ][gc,phases   ] GC(5)   Pre Evacuate Collection Set: 0.4ms
[2025-01-17T15:10:18.609+0000][81][info ][gc,phases   ] GC(5)   Merge Heap Roots: 0.2ms
[2025-01-17T15:10:18.610+0000][81][info ][gc,phases   ] GC(5)   Evacuate Collection Set: 5.6ms
[2025-01-17T15:10:18.610+0000][81][info ][gc,phases   ] GC(5)   Post Evacuate Collection Set: 2.1ms
[2025-01-17T15:10:18.610+0000][81][info ][gc,phases   ] GC(5)   Other: 0.7ms
[2025-01-17T15:10:18.611+0000][81][trace][gc,age      ] GC(5) Age table with threshold 15 (max threshold 15)
[2025-01-17T15:10:18.611+0000][81][trace][gc,age      ] GC(5) - age   1:    3366632 bytes,    3366632 total
[2025-01-17T15:10:18.612+0000][81][trace][gc,age      ] GC(5) - age   2:    5932488 bytes,    9299120 total
[2025-01-17T15:10:18.612+0000][81][trace][gc,age      ] GC(5) - age   3:    5184792 bytes,   14483912 total
[2025-01-17T15:10:18.612+0000][81][trace][gc,age      ] GC(5) - age   4:      17888 bytes,   14501800 total
[2025-01-17T15:10:18.613+0000][81][trace][gc,age      ] GC(5) - age   5:    9075800 bytes,   23577600 total
[2025-01-17T15:10:18.613+0000][81][info ][gc,heap     ] GC(5) Eden regions: 67->0(501)
[2025-01-17T15:10:18.614+0000][81][info ][gc,heap     ] GC(5) Survivor regions: 6->7(64)
[2025-01-17T15:10:18.614+0000][81][info ][gc,heap     ] GC(5) Old regions: 1->1
[2025-01-17T15:10:18.614+0000][81][info ][gc,heap     ] GC(5) Humongous regions: 0->0
[2025-01-17T15:10:18.615+0000][81][info ][gc,metaspace] GC(5) Metaspace: 35240K(35968K)->35240K(35968K) NonClass: 31268K(31680K)->31268K(31680K) Class: 3972K(4288K)->3972K(4288K)
[2025-01-17T15:10:18.615+0000][81][info ][gc          ] GC(5) Pause Young (Concurrent Start) (Metadata GC Threshold) 288M->25M(3392M) 15.254ms
[2025-01-17T15:10:18.615+0000][81][info ][gc,cpu      ] GC(5) User=0.05s Sys=0.00s Real=0.01s
[2025-01-17T15:10:18.615+0000][81][info ][gc          ] GC(6) Concurrent Mark Cycle
[2025-01-17T15:10:18.616+0000][81][info ][gc,marking  ] GC(6) Concurrent Scan Root Regions
[2025-01-17T15:10:18.616+0000][81][info ][safepoint   ] Safepoint "CollectForMetadataAllocation", Time since last: 691019691 ns, Reaching safepoint: 3918 ns, Cleanup: 115656 ns, At safepoint: 16294435 ns, Total: 16414009 ns
[2025-01-17T15:10:18.620+0000][81][info ][gc,marking  ] GC(6) Concurrent Scan Root Regions 3.651ms
[2025-01-17T15:10:18.620+0000][81][info ][gc,marking  ] GC(6) Concurrent Mark
[2025-01-17T15:10:18.620+0000][81][info ][gc,marking  ] GC(6) Concurrent Mark From Roots
[2025-01-17T15:10:18.621+0000][81][info ][gc,task     ] GC(6) Using 5 workers of 5 for marking
[2025-01-17T15:10:18.623+0000][81][info ][gc,marking  ] GC(6) Concurrent Mark From Roots 2.322ms
[2025-01-17T15:10:18.623+0000][81][info ][gc,marking  ] GC(6) Concurrent Preclean
[2025-01-17T15:10:18.623+0000][81][info ][gc,marking  ] GC(6) Concurrent Preclean 0.262ms
[2025-01-17T15:10:18.624+0000][81][info ][gc,start    ] GC(6) Pause Remark
[2025-01-17T15:10:18.627+0000][81][info ][gc          ] GC(6) Pause Remark 29M->29M(3392M) 3.489ms
[2025-01-17T15:10:18.628+0000][81][info ][gc,cpu      ] GC(6) User=0.01s Sys=0.00s Real=0.00s
[2025-01-17T15:10:18.628+0000][81][info ][safepoint   ] Safepoint "G1PauseRemark", Time since last: 7553476 ns, Reaching safepoint: 94344 ns, Cleanup: 3509 ns, At safepoint: 4295283 ns, Total: 4393136 ns
[2025-01-17T15:10:18.628+0000][81][info ][gc,marking  ] GC(6) Concurrent Mark 8.218ms
[2025-01-17T15:10:18.629+0000][81][info ][gc,marking  ] GC(6) Concurrent Rebuild Remembered Sets and Scrub Regions
[2025-01-17T15:10:18.629+0000][81][info ][gc,marking  ] GC(6) Concurrent Rebuild Remembered Sets and Scrub Regions 0.901ms
[2025-01-17T15:10:18.630+0000][81][info ][gc,start    ] GC(6) Pause Cleanup
[2025-01-17T15:10:18.631+0000][81][info ][gc          ] GC(6) Pause Cleanup 29M->29M(3392M) 0.605ms
[2025-01-17T15:10:18.631+0000][81][info ][gc,cpu      ] GC(6) User=0.00s Sys=0.00s Real=0.00s
[2025-01-17T15:10:18.631+0000][81][info ][safepoint   ] Safepoint "G1PauseCleanup", Time since last: 1887464 ns, Reaching safepoint: 420479 ns, Cleanup: 13290 ns, At safepoint: 1143141 ns, Total: 1576910 ns
[2025-01-17T15:10:18.632+0000][81][info ][gc,marking  ] GC(6) Concurrent Clear Claimed Marks
[2025-01-17T15:10:18.632+0000][81][info ][gc,marking  ] GC(6) Concurrent Clear Claimed Marks 0.300ms
[2025-01-17T15:10:18.632+0000][81][info ][gc,marking  ] GC(6) Concurrent Cleanup for Next Mark
[2025-01-17T15:10:18.634+0000][81][info ][gc,marking  ] GC(6) Concurrent Cleanup for Next Mark 2.236ms
[2025-01-17T15:10:18.635+0000][81][info ][gc          ] GC(6) Concurrent Mark Cycle 19.828ms
[2025-01-17T15:10:19.632+0000][81][info ][safepoint   ] Safepoint "Cleanup", Time since last: 1000380898 ns, Reaching safepoint: 87123 ns, Cleanup: 80949 ns, At safepoint: 15861 ns, Total: 183933 ns
[2025-01-17T15:10:20.633+0000][81][info ][safepoint   ] Safepoint "Cleanup", Time since last: 1000445018 ns, Reaching safepoint: 95917 ns, Cleanup: 128678 ns, At safepoint: 60682 ns, Total: 285277 ns
[2025-01-17T15:10:21.572+0000][81][info ][gc,start    ] GC(7) Pause Young (Concurrent Start) (Metadata GC Threshold)
[2025-01-17T15:10:21.596+0000][81][info ][gc,task     ] GC(7) Using 18 workers of 18 for evacuation
[2025-01-17T15:10:21.597+0000][81][debug][gc,age      ] GC(7) Desired survivor size 134217728 bytes, new threshold 15 (max threshold 15)
[2025-01-17T15:10:21.612+0000][81][info ][gc,phases   ] GC(7)   Pre Evacuate Collection Set: 0.4ms
[2025-01-17T15:10:21.613+0000][81][info ][gc,phases   ] GC(7)   Merge Heap Roots: 0.2ms
[2025-01-17T15:10:21.613+0000][81][info ][gc,phases   ] GC(7)   Evacuate Collection Set: 11.1ms
[2025-01-17T15:10:21.614+0000][81][info ][gc,phases   ] GC(7)   Post Evacuate Collection Set: 2.6ms
[2025-01-17T15:10:21.614+0000][81][info ][gc,phases   ] GC(7)   Other: 1.6ms
[2025-01-17T15:10:21.615+0000][81][trace][gc,age      ] GC(7) Age table with threshold 15 (max threshold 15)
[2025-01-17T15:10:21.615+0000][81][trace][gc,age      ] GC(7) - age   1:   15872752 bytes,   15872752 total
[2025-01-17T15:10:21.615+0000][81][trace][gc,age      ] GC(7) - age   2:    3323216 bytes,   19195968 total
[2025-01-17T15:10:21.616+0000][81][trace][gc,age      ] GC(7) - age   3:    5906464 bytes,   25102432 total
[2025-01-17T15:10:21.616+0000][81][trace][gc,age      ] GC(7) - age   4:    5152360 bytes,   30254792 total
[2025-01-17T15:10:21.617+0000][81][trace][gc,age      ] GC(7) - age   5:      17856 bytes,   30272648 total
[2025-01-17T15:10:21.617+0000][81][trace][gc,age      ] GC(7) - age   6:    8860384 bytes,   39133032 total
[2025-01-17T15:10:21.618+0000][81][info ][gc,heap     ] GC(7) Eden regions: 251->0(244)
[2025-01-17T15:10:21.618+0000][81][info ][gc,heap     ] GC(7) Survivor regions: 7->11(64)
[2025-01-17T15:10:21.618+0000][81][info ][gc,heap     ] GC(7) Old regions: 1->1
[2025-01-17T15:10:21.619+0000][81][info ][gc,heap     ] GC(7) Humongous regions: 0->0
[2025-01-17T15:10:21.619+0000][81][info ][gc,metaspace] GC(7) Metaspace: 59054K(60288K)->59054K(60288K) NonClass: 51756K(52480K)->51756K(52480K) Class: 7297K(7808K)->7297K(7808K)
[2025-01-17T15:10:21.620+0000][81][info ][gc          ] GC(7) Pause Young (Concurrent Start) (Metadata GC Threshold) 1029M->42M(3392M) 47.703ms
[2025-01-17T15:10:21.620+0000][81][info ][gc,cpu      ] GC(7) User=0.14s Sys=0.00s Real=0.05s
[2025-01-17T15:10:21.621+0000][81][info ][gc          ] GC(8) Concurrent Mark Cycle
[2025-01-17T15:10:21.622+0000][81][info ][gc,marking  ] GC(8) Concurrent Scan Root Regions
[2025-01-17T15:10:21.621+0000][81][info ][safepoint   ] Safepoint "CollectForMetadataAllocation", Time since last: 939371547 ns, Reaching safepoint: 3895 ns, Cleanup: 107324 ns, At safepoint: 48911554 ns, Total: 49022773 ns
[2025-01-17T15:10:21.627+0000][81][info ][gc,marking  ] GC(8) Concurrent Scan Root Regions 5.083ms
[2025-01-17T15:10:21.627+0000][81][info ][gc,marking  ] GC(8) Concurrent Mark
[2025-01-17T15:10:21.628+0000][81][info ][gc,marking  ] GC(8) Concurrent Mark From Roots
[2025-01-17T15:10:21.628+0000][81][info ][gc,task     ] GC(8) Using 5 workers of 5 for marking
[2025-01-17T15:10:21.630+0000][81][info ][gc,marking  ] GC(8) Concurrent Mark From Roots 2.299ms
[2025-01-17T15:10:21.630+0000][81][info ][gc,marking  ] GC(8) Concurrent Preclean
[2025-01-17T15:10:21.631+0000][81][info ][gc,marking  ] GC(8) Concurrent Preclean 0.570ms
[2025-01-17T15:10:21.631+0000][81][info ][gc,start    ] GC(8) Pause Remark
[2025-01-17T15:10:21.636+0000][81][info ][gc          ] GC(8) Pause Remark 46M->46M(3392M) 4.409ms
[2025-01-17T15:10:21.636+0000][81][info ][gc,cpu      ] GC(8) User=0.02s Sys=0.00s Real=0.00s
[2025-01-17T15:10:21.637+0000][81][info ][safepoint   ] Safepoint "G1PauseRemark", Time since last: 10344542 ns, Reaching safepoint: 3354 ns, Cleanup: 3062 ns, At safepoint: 5318921 ns, Total: 5325337 ns
[2025-01-17T15:10:21.637+0000][81][info ][gc,marking  ] GC(8) Concurrent Mark 9.912ms
[2025-01-17T15:10:21.637+0000][81][info ][gc,marking  ] GC(8) Concurrent Rebuild Remembered Sets and Scrub Regions
[2025-01-17T15:10:21.638+0000][81][info ][gc,marking  ] GC(8) Concurrent Rebuild Remembered Sets and Scrub Regions 0.767ms
[2025-01-17T15:10:21.639+0000][81][info ][gc,start    ] GC(8) Pause Cleanup
[2025-01-17T15:10:21.640+0000][81][info ][gc          ] GC(8) Pause Cleanup 46M->46M(3392M) 0.687ms
[2025-01-17T15:10:21.640+0000][81][info ][gc,cpu      ] GC(8) User=0.00s Sys=0.00s Real=0.00s
[2025-01-17T15:10:21.641+0000][81][info ][safepoint   ] Safepoint "G1PauseCleanup", Time since last: 2024595 ns, Reaching safepoint: 441053 ns, Cleanup: 10216 ns, At safepoint: 1654151 ns, Total: 2105420 ns
[2025-01-17T15:10:21.641+0000][81][info ][gc,marking  ] GC(8) Concurrent Clear Claimed Marks
[2025-01-17T15:10:21.642+0000][81][info ][gc,marking  ] GC(8) Concurrent Clear Claimed Marks 0.475ms
[2025-01-17T15:10:21.642+0000][81][info ][gc,marking  ] GC(8) Concurrent Cleanup for Next Mark
[2025-01-17T15:10:21.644+0000][81][info ][gc,marking  ] GC(8) Concurrent Cleanup for Next Mark 2.023ms
[2025-01-17T15:10:21.644+0000][81][info ][gc          ] GC(8) Concurrent Mark Cycle 23.953ms
[2025-01-17T15:10:22.849+0000][81][info ][safepoint   ] Safepoint "ICBufferFull", Time since last: 1208168715 ns, Reaching safepoint: 3968 ns, Cleanup: 98176 ns, At safepoint: 2058 ns, Total: 104202 ns
[2025-01-17T15:10:23.752+0000][81][info ][safepoint   ] Safepoint "ICBufferFull", Time since last: 902795464 ns, Reaching safepoint: 93809 ns, Cleanup: 93151 ns, At safepoint: 41592 ns, Total: 228552 ns
[2025-01-17T15:10:24.753+0000][81][info ][safepoint   ] Safepoint "Cleanup", Time since last: 1000760381 ns, Reaching safepoint: 7788 ns, Cleanup: 53621 ns, At safepoint: 144356 ns, Total: 205765 ns
[2025-01-17T15:10:25.823+0000][81][info ][safepoint   ] Safepoint "ICBufferFull", Time since last: 1069214556 ns, Reaching safepoint: 97835 ns, Cleanup: 104030 ns, At safepoint: 27003 ns, Total: 228868 ns
[2025-01-17T15:10:26.823+0000][81][info ][safepoint   ] Safepoint "Cleanup", Time since last: 1000701862 ns, Reaching safepoint: 101910 ns, Cleanup: 82026 ns, At safepoint: 32776 ns, Total: 216712 ns
[2025-01-17T15:10:27.123+0000][81][info ][gc,start    ] GC(9) Pause Young (Concurrent Start) (Metadata GC Threshold)
[2025-01-17T15:10:27.124+0000][81][info ][gc,task     ] GC(9) Using 18 workers of 18 for evacuation
[2025-01-17T15:10:27.125+0000][81][debug][gc,age      ] GC(9) Desired survivor size 67108864 bytes, new threshold 15 (max threshold 15)
[2025-01-17T15:10:27.144+0000][81][info ][gc,phases   ] GC(9)   Pre Evacuate Collection Set: 0.4ms
[2025-01-17T15:10:27.145+0000][81][info ][gc,phases   ] GC(9)   Merge Heap Roots: 0.3ms
[2025-01-17T15:10:27.145+0000][81][info ][gc,phases   ] GC(9)   Evacuate Collection Set: 14.4ms
[2025-01-17T15:10:27.146+0000][81][info ][gc,phases   ] GC(9)   Post Evacuate Collection Set: 3.8ms
[2025-01-17T15:10:27.146+0000][81][info ][gc,phases   ] GC(9)   Other: 1.0ms
[2025-01-17T15:10:27.147+0000][81][trace][gc,age      ] GC(9) Age table with threshold 15 (max threshold 15)
[2025-01-17T15:10:27.147+0000][81][trace][gc,age      ] GC(9) - age   1:   21075088 bytes,   21075088 total
[2025-01-17T15:10:27.148+0000][81][trace][gc,age      ] GC(9) - age   2:   15265032 bytes,   36340120 total
[2025-01-17T15:10:27.148+0000][81][trace][gc,age      ] GC(9) - age   3:    3299064 bytes,   39639184 total
[2025-01-17T15:10:27.148+0000][81][trace][gc,age      ] GC(9) - age   4:    5891944 bytes,   45531128 total
[2025-01-17T15:10:27.149+0000][81][trace][gc,age      ] GC(9) - age   5:    5126360 bytes,   50657488 total
[2025-01-17T15:10:27.149+0000][81][trace][gc,age      ] GC(9) - age   6:      17728 bytes,   50675216 total
[2025-01-17T15:10:27.150+0000][81][trace][gc,age      ] GC(9) - age   7:    8817424 bytes,   59492640 total
[2025-01-17T15:10:27.150+0000][81][info ][gc,heap     ] GC(9) Eden regions: 209->0(226)
[2025-01-17T15:10:27.151+0000][81][info ][gc,heap     ] GC(9) Survivor regions: 11->16(32)
[2025-01-17T15:10:27.151+0000][81][info ][gc,heap     ] GC(9) Old regions: 1->1
[2025-01-17T15:10:27.151+0000][81][info ][gc,heap     ] GC(9) Humongous regions: 0->0
[2025-01-17T15:10:27.152+0000][81][info ][gc,metaspace] GC(9) Metaspace: 99071K(100928K)->99071K(100928K) NonClass: 86222K(87296K)->86222K(87296K) Class: 12848K(13632K)->12848K(13632K)
[2025-01-17T15:10:27.152+0000][81][info ][gc          ] GC(9) Pause Young (Concurrent Start) (Metadata GC Threshold) 876M->62M(3392M) 28.822ms
[2025-01-17T15:10:27.153+0000][81][info ][gc,cpu      ] GC(9) User=0.16s Sys=0.00s Real=0.03s
[2025-01-17T15:10:27.153+0000][81][info ][gc          ] GC(10) Concurrent Mark Cycle
[2025-01-17T15:10:27.154+0000][81][info ][safepoint   ] Safepoint "CollectForMetadataAllocation", Time since last: 299839243 ns, Reaching safepoint: 5964 ns, Cleanup: 110125 ns, At safepoint: 30280501 ns, Total: 30396590 ns
[2025-01-17T15:10:27.154+0000][81][info ][gc,marking  ] GC(10) Concurrent Scan Root Regions
[2025-01-17T15:10:27.161+0000][81][info ][gc,marking  ] GC(10) Concurrent Scan Root Regions 7.266ms
[2025-01-17T15:10:27.161+0000][81][info ][gc,marking  ] GC(10) Concurrent Mark
[2025-01-17T15:10:27.162+0000][81][info ][gc,marking  ] GC(10) Concurrent Mark From Roots
[2025-01-17T15:10:27.162+0000][81][info ][gc,task     ] GC(10) Using 5 workers of 5 for marking
[2025-01-17T15:10:27.164+0000][81][info ][gc,marking  ] GC(10) Concurrent Mark From Roots 2.115ms
[2025-01-17T15:10:27.165+0000][81][info ][gc,marking  ] GC(10) Concurrent Preclean
[2025-01-17T15:10:27.165+0000][81][info ][gc,marking  ] GC(10) Concurrent Preclean 0.335ms
[2025-01-17T15:10:27.165+0000][81][info ][gc,start    ] GC(10) Pause Remark
[2025-01-17T15:10:27.171+0000][81][info ][gc          ] GC(10) Pause Remark 67M->67M(3392M) 5.405ms
[2025-01-17T15:10:27.171+0000][81][info ][gc,cpu      ] GC(10) User=0.03s Sys=0.00s Real=0.01s
[2025-01-17T15:10:27.172+0000][81][info ][safepoint   ] Safepoint "G1PauseRemark", Time since last: 11584698 ns, Reaching safepoint: 4387 ns, Cleanup: 2914 ns, At safepoint: 6391783 ns, Total: 6399084 ns
[2025-01-17T15:10:27.172+0000][81][info ][gc,marking  ] GC(10) Concurrent Mark 10.530ms
[2025-01-17T15:10:27.172+0000][81][info ][gc,marking  ] GC(10) Concurrent Rebuild Remembered Sets and Scrub Regions
[2025-01-17T15:10:27.173+0000][81][info ][gc,marking  ] GC(10) Concurrent Rebuild Remembered Sets and Scrub Regions 0.934ms
[2025-01-17T15:10:27.176+0000][81][info ][gc,start    ] GC(10) Pause Cleanup
[2025-01-17T15:10:27.177+0000][81][info ][gc          ] GC(10) Pause Cleanup 67M->67M(3392M) 0.831ms
[2025-01-17T15:10:27.177+0000][81][info ][gc,cpu      ] GC(10) User=0.00s Sys=0.00s Real=0.00s
[2025-01-17T15:10:27.178+0000][81][info ][safepoint   ] Safepoint "G1PauseCleanup", Time since last: 1960144 ns, Reaching safepoint: 2098148 ns, Cleanup: 11974 ns, At safepoint: 1824266 ns, Total: 3934388 ns
[2025-01-17T15:10:27.178+0000][81][info ][gc,marking  ] GC(10) Concurrent Clear Claimed Marks
[2025-01-17T15:10:27.178+0000][81][info ][gc,marking  ] GC(10) Concurrent Clear Claimed Marks 0.332ms
[2025-01-17T15:10:27.179+0000][81][info ][gc,marking  ] GC(10) Concurrent Cleanup for Next Mark
[2025-01-17T15:10:27.181+0000][81][info ][gc,marking  ] GC(10) Concurrent Cleanup for Next Mark 1.956ms
[2025-01-17T15:10:27.181+0000][81][info ][gc          ] GC(10) Concurrent Mark Cycle 28.348ms
[2025-01-17T15:10:28.616+0000][81][info ][safepoint   ] Safepoint "ICBufferFull", Time since last: 1438572735 ns, Reaching safepoint: 6682 ns, Cleanup: 149303 ns, At safepoint: 2563 ns, Total: 158548 ns
[2025-01-17T15:10:29.649+0000][81][info ][safepoint   ] Safepoint "ICBufferFull", Time since last: 1032035681 ns, Reaching safepoint: 13556 ns, Cleanup: 147179 ns, At safepoint: 3401 ns, Total: 164136 ns
[2025-01-17T15:10:30.008+0000][81][info ][safepoint   ] Safepoint "ICBufferFull", Time since last: 358751430 ns, Reaching safepoint: 97344 ns, Cleanup: 89932 ns, At safepoint: 91128 ns, Total: 278404 ns
[2025-01-17T15:10:30.647+0000][81][info ][safepoint   ] Safepoint "ICBufferFull", Time since last: 639480746 ns, Reaching safepoint: 7964 ns, Cleanup: 118060 ns, At safepoint: 3255 ns, Total: 129279 ns
[2025-01-17T15:10:30.748+0000][81][info ][safepoint   ] Safepoint "ICBufferFull", Time since last: 100821728 ns, Reaching safepoint: 8056 ns, Cleanup: 97574 ns, At safepoint: 20978 ns, Total: 126608 ns
[2025-01-17T15:10:30.880+0000][81][info ][safepoint   ] Safepoint "ICBufferFull", Time since last: 132096973 ns, Reaching safepoint: 8557 ns, Cleanup: 98233 ns, At safepoint: 2491 ns, Total: 109281 ns
[2025-01-17T15:10:30.986+0000][81][info ][safepoint   ] Safepoint "ICBufferFull", Time since last: 105564871 ns, Reaching safepoint: 8046 ns, Cleanup: 91919 ns, At safepoint: 2511 ns, Total: 102476 ns
[2025-01-17T15:10:31.312+0000][81][info ][safepoint   ] Safepoint "ICBufferFull", Time since last: 325698913 ns, Reaching safepoint: 8649 ns, Cleanup: 119753 ns, At safepoint: 2215 ns, Total: 130617 ns
[2025-01-17T15:10:31.809+0000][81][info ][safepoint   ] Safepoint "ICBufferFull", Time since last: 496614426 ns, Reaching safepoint: 30157 ns, Cleanup: 91326 ns, At safepoint: 19639 ns, Total: 141122 ns
[2025-01-17T15:10:32.531+0000][81][info ][safepoint   ] Safepoint "ICBufferFull", Time since last: 722168655 ns, Reaching safepoint: 21135 ns, Cleanup: 167455 ns, At safepoint: 54824 ns, Total: 243414 ns
[2025-01-17T15:10:33.532+0000][81][info ][safepoint   ] Safepoint "Cleanup", Time since last: 1000557378 ns, Reaching safepoint: 38906 ns, Cleanup: 95980 ns, At safepoint: 3947 ns, Total: 138833 ns
[2025-01-17T15:10:34.528+0000][81][info ][safepoint   ] Safepoint "Cleanup", Time since last: 1000696968 ns, Reaching safepoint: 11598 ns, Cleanup: 15681 ns, At safepoint: 3055 ns, Total: 30334 ns
[2025-01-17T15:10:35.927+0000][81][info ][safepoint   ] Safepoint "Cleanup", Time since last: 1398077987 ns, Reaching safepoint: 3460 ns, Cleanup: 20407 ns, At safepoint: 1829 ns, Total: 25696 ns
[2025-01-17T15:10:36.927+0000][81][info ][safepoint   ] Safepoint "Cleanup", Time since last: 1000800608 ns, Reaching safepoint: 12040 ns, Cleanup: 22180 ns, At safepoint: 3091 ns, Total: 37311 ns
[2025-01-17T15:10:38.758+0000][81][info ][safepoint   ] Safepoint "Cleanup", Time since last: 1830246690 ns, Reaching safepoint: 110803 ns, Cleanup: 18404 ns, At safepoint: 29715 ns, Total: 158922 ns
[2025-01-17T15:10:38.965+0000][81][info ][safepoint   ] Safepoint "ICBufferFull", Time since last: 207009458 ns, Reaching safepoint: 20021 ns, Cleanup: 127263 ns, At safepoint: 4279 ns, Total: 151563 ns
[2025-01-17T15:10:39.286+0000][81][info ][safepoint   ] Safepoint "ICBufferFull", Time since last: 321416438 ns, Reaching safepoint: 8438 ns, Cleanup: 105972 ns, At safepoint: 28602 ns, Total: 143012 ns
[2025-01-17T15:10:39.898+0000][81][info ][safepoint   ] Safepoint "ICBufferFull", Time since last: 611190523 ns, Reaching safepoint: 96051 ns, Cleanup: 145423 ns, At safepoint: 37566 ns, Total: 279040 ns
[2025-01-17T15:10:40.899+0000][81][info ][safepoint   ] Safepoint "Cleanup", Time since last: 1000766915 ns, Reaching safepoint: 11082 ns, Cleanup: 86076 ns, At safepoint: 3179 ns, Total: 100337 ns
[2025-01-17T15:10:42.113+0000][81][info ][safepoint   ] Safepoint "Cleanup", Time since last: 1213746676 ns, Reaching safepoint: 10348 ns, Cleanup: 81079 ns, At safepoint: 3519 ns, Total: 94946 ns
[2025-01-17T15:10:43.114+0000][81][info ][safepoint   ] Safepoint "Cleanup", Time since last: 1000751378 ns, Reaching safepoint: 140055 ns, Cleanup: 21239 ns, At safepoint: 52558 ns, Total: 213852 ns
[2025-01-17T15:10:43.312+0000][81][info ][safepoint   ] Safepoint "ICBufferFull", Time since last: 185726145 ns, Reaching safepoint: 11946026 ns, Cleanup: 113049 ns, At safepoint: 107276 ns, Total: 12166351 ns
[2025-01-17T15:10:43.314+0000][81][info ][safepoint   ] Safepoint "ICBufferFull", Time since last: 858253 ns, Reaching safepoint: 1208891 ns, Cleanup: 10026 ns, At safepoint: 132378 ns, Total: 1351295 ns
[2025-01-17T15:10:43.315+0000][81][info ][safepoint   ] Safepoint "ICBufferFull", Time since last: 614237 ns, Reaching safepoint: 94973 ns, Cleanup: 4883 ns, At safepoint: 98877 ns, Total: 198733 ns
[2025-01-17T15:10:43.315+0000][81][info ][safepoint   ] Safepoint "ICBufferFull", Time since last: 811293 ns, Reaching safepoint: 8983 ns, Cleanup: 6872 ns, At safepoint: 53453 ns, Total: 69308 ns
[2025-01-17T15:10:43.316+0000][81][info ][safepoint   ] Safepoint "ICBufferFull", Time since last: 490874 ns, Reaching safepoint: 267385 ns, Cleanup: 6176 ns, At safepoint: 163698 ns, Total: 437259 ns
[2025-01-17T15:10:43.317+0000][81][info ][safepoint   ] Safepoint "ICBufferFull", Time since last: 617267 ns, Reaching safepoint: 20854 ns, Cleanup: 13248 ns, At safepoint: 125247 ns, Total: 159349 ns
[2025-01-17T15:10:43.318+0000][81][info ][safepoint   ] Safepoint "ICBufferFull", Time since last: 586201 ns, Reaching safepoint: 92263 ns, Cleanup: 24440 ns, At safepoint: 159984 ns, Total: 276687 ns
[2025-01-17T15:10:43.319+0000][81][info ][safepoint   ] Safepoint "ICBufferFull", Time since last: 447169 ns, Reaching safepoint: 116187 ns, Cleanup: 14540 ns, At safepoint: 351096 ns, Total: 481823 ns
[2025-01-17T15:10:43.320+0000][81][info ][safepoint   ] Safepoint "ICBufferFull", Time since last: 541323 ns, Reaching safepoint: 94983 ns, Cleanup: 13715 ns, At safepoint: 75323 ns, Total: 184021 ns
[2025-01-17T15:10:43.320+0000][81][info ][safepoint   ] Safepoint "ICBufferFull", Time since last: 525271 ns, Reaching safepoint: 124599 ns, Cleanup: 5305 ns, At safepoint: 114647 ns, Total: 244551 ns
[2025-01-17T15:10:43.321+0000][81][info ][safepoint   ] Safepoint "ICBufferFull", Time since last: 630523 ns, Reaching safepoint: 100941 ns, Cleanup: 5532 ns, At safepoint: 145867 ns, Total: 252340 ns
[2025-01-17T15:10:43.323+0000][81][info ][safepoint   ] Safepoint "ICBufferFull", Time since last: 499987 ns, Reaching safepoint: 1052092 ns, Cleanup: 3955 ns, At safepoint: 141161 ns, Total: 1197208 ns
[2025-01-17T15:10:43.324+0000][81][info ][safepoint   ] Safepoint "ICBufferFull", Time since last: 540685 ns, Reaching safepoint: 25932 ns, Cleanup: 3209 ns, At safepoint: 314003 ns, Total: 343144 ns
[2025-01-17T15:10:43.432+0000][81][info ][safepoint   ] Safepoint "ICBufferFull", Time since last: 108032367 ns, Reaching safepoint: 95773 ns, Cleanup: 96444 ns, At safepoint: 39178 ns, Total: 231395 ns
[2025-01-17T15:10:43.516+0000][81][info ][safepoint   ] Safepoint "ICBufferFull", Time since last: 83424091 ns, Reaching safepoint: 14901 ns, Cleanup: 88410 ns, At safepoint: 19752 ns, Total: 123063 ns
[2025-01-17T15:10:44.032+0000][81][info ][safepoint   ] Safepoint "ICBufferFull", Time since last: 516582208 ns, Reaching safepoint: 15740 ns, Cleanup: 122778 ns, At safepoint: 3638 ns, Total: 142156 ns
[2025-01-17T15:10:44.394+0000][81][info ][safepoint   ] Safepoint "ICBufferFull", Time since last: 361261749 ns, Reaching safepoint: 8448 ns, Cleanup: 86418 ns, At safepoint: 29969 ns, Total: 124835 ns
[2025-01-17T15:10:44.914+0000][81][info ][safepoint   ] Safepoint "ICBufferFull", Time since last: 520065747 ns, Reaching safepoint: 39916 ns, Cleanup: 211604 ns, At safepoint: 195502 ns, Total: 447022 ns
[2025-01-17T15:10:45.348+0000][81][info ][safepoint   ] Safepoint "ICBufferFull", Time since last: 433556188 ns, Reaching safepoint: 169256 ns, Cleanup: 185789 ns, At safepoint: 93938 ns, Total: 448983 ns
[2025-01-17T15:10:45.349+0000][81][info ][safepoint   ] Safepoint "ICBufferFull", Time since last: 586887 ns, Reaching safepoint: 135758 ns, Cleanup: 7896 ns, At safepoint: 192646 ns, Total: 336300 ns
[2025-01-17T15:10:45.351+0000][81][info ][safepoint   ] Safepoint "ICBufferFull", Time since last: 1098637 ns, Reaching safepoint: 134510 ns, Cleanup: 3206 ns, At safepoint: 75383 ns, Total: 213099 ns
[2025-01-17T15:10:45.873+0000][81][info ][safepoint   ] Safepoint "ICBufferFull", Time since last: 522699608 ns, Reaching safepoint: 15431 ns, Cleanup: 127807 ns, At safepoint: 16272 ns, Total: 159510 ns
[2025-01-17T15:10:46.496+0000][81][info ][safepoint   ] Safepoint "ICBufferFull", Time since last: 622689558 ns, Reaching safepoint: 44685 ns, Cleanup: 200956 ns, At safepoint: 76834 ns, Total: 322475 ns
[2025-01-17T15:10:46.728+0000][81][info ][safepoint   ] Safepoint "ICBufferFull", Time since last: 231394342 ns, Reaching safepoint: 102164 ns, Cleanup: 115647 ns, At safepoint: 72218 ns, Total: 290029 ns
[2025-01-17T15:10:46.766+0000][81][info ][gc,start    ] GC(11) Pause Young (Normal) (G1 Evacuation Pause)
[2025-01-17T15:10:46.766+0000][81][info ][gc,task     ] GC(11) Using 18 workers of 18 for evacuation
[2025-01-17T15:10:46.767+0000][81][debug][gc,age      ] GC(11) Desired survivor size 65011712 bytes, new threshold 15 (max threshold 15)
[2025-01-17T15:10:46.802+0000][81][info ][gc,phases   ] GC(11)   Pre Evacuate Collection Set: 0.5ms
[2025-01-17T15:10:46.803+0000][81][info ][gc,phases   ] GC(11)   Merge Heap Roots: 0.3ms
[2025-01-17T15:10:46.803+0000][81][info ][gc,phases   ] GC(11)   Evacuate Collection Set: 29.7ms
[2025-01-17T15:10:46.803+0000][81][info ][gc,phases   ] GC(11)   Post Evacuate Collection Set: 4.9ms
[2025-01-17T15:10:46.803+0000][81][info ][gc,phases   ] GC(11)   Other: 0.8ms
[2025-01-17T15:10:46.804+0000][81][trace][gc,age      ] GC(11) Age table with threshold 15 (max threshold 15)
[2025-01-17T15:10:46.804+0000][81][trace][gc,age      ] GC(11) - age   1:   61770112 bytes,   61770112 total
[2025-01-17T15:10:46.804+0000][81][trace][gc,age      ] GC(11) - age   2:   20253696 bytes,   82023808 total
[2025-01-17T15:10:46.804+0000][81][trace][gc,age      ] GC(11) - age   3:   15107336 bytes,   97131144 total
[2025-01-17T15:10:46.805+0000][81][trace][gc,age      ] GC(11) - age   4:    3296360 bytes,  100427504 total
[2025-01-17T15:10:46.805+0000][81][trace][gc,age      ] GC(11) - age   5:    5889456 bytes,  106316960 total
[2025-01-17T15:10:46.805+0000][81][trace][gc,age      ] GC(11) - age   6:    5101712 bytes,  111418672 total
[2025-01-17T15:10:46.805+0000][81][trace][gc,age      ] GC(11) - age   7:      17728 bytes,  111436400 total
[2025-01-17T15:10:46.806+0000][81][trace][gc,age      ] GC(11) - age   8:    8758320 bytes,  120194720 total
[2025-01-17T15:10:46.806+0000][81][info ][gc,heap     ] GC(11) Eden regions: 226->0(112)
[2025-01-17T15:10:46.806+0000][81][info ][gc,heap     ] GC(11) Survivor regions: 16->31(31)
[2025-01-17T15:10:46.807+0000][81][info ][gc,heap     ] GC(11) Old regions: 1->1
[2025-01-17T15:10:46.807+0000][81][info ][gc,heap     ] GC(11) Humongous regions: 4->4
[2025-01-17T15:10:46.807+0000][81][info ][gc,metaspace] GC(11) Metaspace: 139855K(143680K)->139855K(143680K) NonClass: 120779K(122752K)->120779K(122752K) Class: 19075K(20928K)->19075K(20928K)
[2025-01-17T15:10:46.807+0000][81][info ][gc          ] GC(11) Pause Young (Normal) (G1 Evacuation Pause) 982M->140M(3392M) 41.630ms
[2025-01-17T15:10:46.808+0000][81][info ][gc,cpu      ] GC(11) User=0.38s Sys=0.00s Real=0.04s
[2025-01-17T15:10:46.808+0000][81][info ][safepoint   ] Safepoint "G1CollectForAllocation", Time since last: 37438952 ns, Reaching safepoint: 101764 ns, Cleanup: 36225 ns, At safepoint: 42435438 ns, Total: 42573427 ns
[2025-01-17T15:10:47.493+0000][81][info ][safepoint   ] Safepoint "ICBufferFull", Time since last: 684351321 ns, Reaching safepoint: 20088 ns, Cleanup: 129313 ns, At safepoint: 29494 ns, Total: 178895 ns
[2025-01-17T15:10:48.001+0000][81][info ][safepoint   ] Safepoint "ICBufferFull", Time since last: 507994048 ns, Reaching safepoint: 19689 ns, Cleanup: 153501 ns, At safepoint: 4820 ns, Total: 178010 ns
[2025-01-17T15:10:48.690+0000][81][info ][safepoint   ] Safepoint "ICBufferFull", Time since last: 689247866 ns, Reaching safepoint: 19455 ns, Cleanup: 122104 ns, At safepoint: 23642 ns, Total: 165201 ns
[2025-01-17T15:10:49.085+0000][81][info ][safepoint   ] Safepoint "ICBufferFull", Time since last: 394828727 ns, Reaching safepoint: 21714 ns, Cleanup: 130193 ns, At safepoint: 25408 ns, Total: 177315 ns
[2025-01-17T15:10:49.561+0000][81][info ][safepoint   ] Safepoint "ICBufferFull", Time since last: 475483482 ns, Reaching safepoint: 239275 ns, Cleanup: 145746 ns, At safepoint: 68312 ns, Total: 453333 ns
[2025-01-17T15:10:49.886+0000][81][info ][safepoint   ] Safepoint "ICBufferFull", Time since last: 324838014 ns, Reaching safepoint: 54907 ns, Cleanup: 167818 ns, At safepoint: 116683 ns, Total: 339408 ns
[2025-01-17T15:10:50.835+0000][81][info ][safepoint   ] Safepoint "ICBufferFull", Time since last: 948443858 ns, Reaching safepoint: 54769 ns, Cleanup: 159418 ns, At safepoint: 95529 ns, Total: 309716 ns
[2025-01-17T15:10:51.888+0000][81][info ][safepoint   ] Safepoint "ICBufferFull", Time since last: 1052868749 ns, Reaching safepoint: 151441 ns, Cleanup: 124847 ns, At safepoint: 62066 ns, Total: 338354 ns
[2025-01-17T15:10:52.423+0000][81][info ][safepoint   ] Safepoint "ICBufferFull", Time since last: 534767827 ns, Reaching safepoint: 20199 ns, Cleanup: 107038 ns, At safepoint: 38877 ns, Total: 166114 ns
[2025-01-17T15:10:52.615+0000][81][info ][safepoint   ] Safepoint "ICBufferFull", Time since last: 191748122 ns, Reaching safepoint: 54962 ns, Cleanup: 199238 ns, At safepoint: 141670 ns, Total: 395870 ns
[2025-01-17T15:10:52.722+0000][81][info ][safepoint   ] Safepoint "ICBufferFull", Time since last: 106156480 ns, Reaching safepoint: 12828 ns, Cleanup: 95164 ns, At safepoint: 60659 ns, Total: 168651 ns
[2025-01-17T15:10:53.304+0000][81][info ][safepoint   ] Safepoint "ICBufferFull", Time since last: 581838299 ns, Reaching safepoint: 41894 ns, Cleanup: 122838 ns, At safepoint: 5933 ns, Total: 170665 ns
[2025-01-17T15:10:53.949+0000][81][info ][safepoint   ] Safepoint "ICBufferFull", Time since last: 644726232 ns, Reaching safepoint: 27247 ns, Cleanup: 102758 ns, At safepoint: 41175 ns, Total: 171180 ns
[2025-01-17T15:10:54.051+0000][81][info ][gc,start    ] GC(12) Pause Young (Concurrent Start) (CodeCache GC Threshold)
[2025-01-17T15:10:54.051+0000][81][info ][gc,task     ] GC(12) Using 18 workers of 18 for evacuation
[2025-01-17T15:10:54.052+0000][81][debug][gc,age      ] GC(12) Desired survivor size 37748736 bytes, new threshold 1 (max threshold 15)
[2025-01-17T15:10:54.164+0000][81][info ][gc,phases   ] GC(12)   Pre Evacuate Collection Set: 0.6ms
[2025-01-17T15:10:54.165+0000][81][info ][gc,phases   ] GC(12)   Merge Heap Roots: 0.2ms
[2025-01-17T15:10:54.165+0000][81][info ][gc,phases   ] GC(12)   Evacuate Collection Set: 106.7ms
[2025-01-17T15:10:54.165+0000][81][info ][gc,phases   ] GC(12)   Post Evacuate Collection Set: 4.3ms
[2025-01-17T15:10:54.166+0000][81][info ][gc,phases   ] GC(12)   Other: 1.0ms
[2025-01-17T15:10:54.166+0000][81][trace][gc,age      ] GC(12) Age table with threshold 1 (max threshold 15)
[2025-01-17T15:10:54.166+0000][81][trace][gc,age      ] GC(12) - age   1:    9374520 bytes,    9374520 total
[2025-01-17T15:10:54.166+0000][81][info ][gc,heap     ] GC(12) Eden regions: 99->0(503)
[2025-01-17T15:10:54.167+0000][81][info ][gc,heap     ] GC(12) Survivor regions: 31->5(18)
[2025-01-17T15:10:54.167+0000][81][info ][gc,heap     ] GC(12) Old regions: 1->32
[2025-01-17T15:10:54.167+0000][81][info ][gc,heap     ] GC(12) Humongous regions: 4->4
[2025-01-17T15:10:54.168+0000][81][info ][gc,metaspace] GC(12) Metaspace: 146380K(150464K)->146380K(150464K) NonClass: 126506K(128704K)->126506K(128704K) Class: 19874K(21760K)->19874K(21760K)
[2025-01-17T15:10:54.168+0000][81][info ][gc          ] GC(12) Pause Young (Concurrent Start) (CodeCache GC Threshold) 534M->161M(3392M) 117.269ms
[2025-01-17T15:10:54.169+0000][81][info ][gc          ] GC(13) Concurrent Mark Cycle
[2025-01-17T15:10:54.169+0000][81][info ][gc,cpu      ] GC(12) User=0.95s Sys=0.00s Real=0.12s
[2025-01-17T15:10:54.169+0000][81][info ][gc,marking  ] GC(13) Concurrent Scan Root Regions
[2025-01-17T15:10:54.169+0000][81][info ][safepoint   ] Safepoint "G1TryInitiateConcMark", Time since last: 102199276 ns, Reaching safepoint: 31139 ns, Cleanup: 11850 ns, At safepoint: 118468169 ns, Total: 118511158 ns
[2025-01-17T15:10:54.179+0000][81][info ][gc,marking  ] GC(13) Concurrent Scan Root Regions 9.717ms
[2025-01-17T15:10:54.179+0000][81][info ][gc,marking  ] GC(13) Concurrent Mark
[2025-01-17T15:10:54.180+0000][81][info ][gc,marking  ] GC(13) Concurrent Mark From Roots
[2025-01-17T15:10:54.180+0000][81][info ][gc,task     ] GC(13) Using 5 workers of 5 for marking
[2025-01-17T15:10:54.182+0000][81][info ][gc,marking  ] GC(13) Concurrent Mark From Roots 2.333ms
[2025-01-17T15:10:54.183+0000][81][info ][gc,marking  ] GC(13) Concurrent Preclean
[2025-01-17T15:10:54.183+0000][81][info ][gc,marking  ] GC(13) Concurrent Preclean 0.474ms
[2025-01-17T15:10:54.183+0000][81][info ][gc,start    ] GC(13) Pause Remark
[2025-01-17T15:10:54.193+0000][81][info ][gc          ] GC(13) Pause Remark 166M->166M(3392M) 9.886ms
[2025-01-17T15:10:54.194+0000][81][info ][gc,cpu      ] GC(13) User=0.06s Sys=0.00s Real=0.01s
[2025-01-17T15:10:54.195+0000][81][info ][safepoint   ] Safepoint "G1PauseRemark", Time since last: 14021556 ns, Reaching safepoint: 18723 ns, Cleanup: 14201 ns, At safepoint: 11115246 ns, Total: 11148170 ns
[2025-01-17T15:10:54.195+0000][81][info ][gc,marking  ] GC(13) Concurrent Mark 15.681ms
[2025-01-17T15:10:54.195+0000][81][info ][gc,marking  ] GC(13) Concurrent Rebuild Remembered Sets and Scrub Regions
[2025-01-17T15:10:54.199+0000][81][info ][gc,marking  ] GC(13) Concurrent Rebuild Remembered Sets and Scrub Regions 4.171ms
[2025-01-17T15:10:54.200+0000][81][info ][gc,start    ] GC(13) Pause Cleanup
[2025-01-17T15:10:54.200+0000][81][info ][gc          ] GC(13) Pause Cleanup 171M->171M(3392M) 0.330ms
[2025-01-17T15:10:54.201+0000][81][info ][gc,cpu      ] GC(13) User=0.00s Sys=0.00s Real=0.00s
[2025-01-17T15:10:54.201+0000][81][info ][safepoint   ] Safepoint "G1PauseCleanup", Time since last: 5490338 ns, Reaching safepoint: 28999 ns, Cleanup: 23435 ns, At safepoint: 1314412 ns, Total: 1366846 ns
[2025-01-17T15:10:54.202+0000][81][info ][gc,marking  ] GC(13) Concurrent Clear Claimed Marks
[2025-01-17T15:10:54.203+0000][81][info ][gc,marking  ] GC(13) Concurrent Clear Claimed Marks 0.819ms
[2025-01-17T15:10:54.203+0000][81][info ][gc,marking  ] GC(13) Concurrent Cleanup for Next Mark
[2025-01-17T15:10:54.207+0000][81][info ][gc,marking  ] GC(13) Concurrent Cleanup for Next Mark 3.586ms
[2025-01-17T15:10:54.208+0000][81][info ][gc          ] GC(13) Concurrent Mark Cycle 38.923ms
[2025-01-17T15:10:54.647+0000][81][info ][safepoint   ] Safepoint "ICBufferFull", Time since last: 445539725 ns, Reaching safepoint: 23546 ns, Cleanup: 114717 ns, At safepoint: 5491 ns, Total: 143754 ns
[2025-01-17T15:10:54.805+0000][81][info ][safepoint   ] Safepoint "ICBufferFull", Time since last: 157425625 ns, Reaching safepoint: 11338 ns, Cleanup: 107873 ns, At safepoint: 69919 ns, Total: 189130 ns
[2025-01-17T15:10:55.358+0000][81][info ][safepoint   ] Safepoint "ICBufferFull", Time since last: 552857008 ns, Reaching safepoint: 20901 ns, Cleanup: 121184 ns, At safepoint: 17663 ns, Total: 159748 ns
[2025-01-17T15:10:55.610+0000][81][info ][safepoint   ] Safepoint "ICBufferFull", Time since last: 251821599 ns, Reaching safepoint: 8868 ns, Cleanup: 113914 ns, At safepoint: 41567 ns, Total: 164349 ns
[2025-01-17T15:10:55.985+0000][81][info ][safepoint   ] Safepoint "ICBufferFull", Time since last: 375476889 ns, Reaching safepoint: 105489 ns, Cleanup: 145686 ns, At safepoint: 46337 ns, Total: 297512 ns
[2025-01-17T15:10:56.636+0000][81][info ][safepoint   ] Safepoint "ICBufferFull", Time since last: 650365304 ns, Reaching safepoint: 22159 ns, Cleanup: 126232 ns, At safepoint: 32620 ns, Total: 181011 ns
[2025-01-17T15:10:58.512+0000][81][info ][safepoint   ] Safepoint "Cleanup", Time since last: 1875913132 ns, Reaching safepoint: 36662 ns, Cleanup: 182721 ns, At safepoint: 11982 ns, Total: 231365 ns
[2025-01-17T15:10:59.519+0000][81][info ][safepoint   ] Safepoint "Cleanup", Time since last: 1006373723 ns, Reaching safepoint: 41636 ns, Cleanup: 19323 ns, At safepoint: 8393 ns, Total: 69352 ns
[2025-01-17T15:11:00.630+0000][81][info ][safepoint   ] Safepoint "Cleanup", Time since last: 1111461234 ns, Reaching safepoint: 9185 ns, Cleanup: 34542 ns, At safepoint: 4466 ns, Total: 48193 ns
[2025-01-17T15:11:01.631+0000][81][info ][safepoint   ] Safepoint "Cleanup", Time since last: 1000391926 ns, Reaching safepoint: 9677 ns, Cleanup: 75715 ns, At safepoint: 25839 ns, Total: 111231 ns
[2025-01-17T15:11:02.647+0000][81][info ][safepoint   ] Safepoint "Cleanup", Time since last: 1015641361 ns, Reaching safepoint: 255631 ns, Cleanup: 20698 ns, At safepoint: 9865 ns, Total: 286194 ns
[2025-01-17T15:11:03.648+0000][81][info ][safepoint   ] Safepoint "Cleanup", Time since last: 1000976241 ns, Reaching safepoint: 50456 ns, Cleanup: 20289 ns, At safepoint: 10251 ns, Total: 80996 ns
[2025-01-17T15:11:04.645+0000][81][info ][safepoint   ] Safepoint "Cleanup", Time since last: 1000926042 ns, Reaching safepoint: 41087 ns, Cleanup: 36496 ns, At safepoint: 10328 ns, Total: 87911 ns
[2025-01-17T15:11:05.647+0000][81][info ][safepoint   ] Safepoint "Cleanup", Time since last: 1001190185 ns, Reaching safepoint: 47504 ns, Cleanup: 23362 ns, At safepoint: 129863 ns, Total: 200729 ns
[2025-01-17T15:11:07.448+0000][81][info ][safepoint   ] Safepoint "Cleanup", Time since last: 1801469008 ns, Reaching safepoint: 10490 ns, Cleanup: 22307 ns, At safepoint: 17270 ns, Total: 50067 ns
[2025-01-17T15:11:08.655+0000][81][info ][safepoint   ] Safepoint "Cleanup", Time since last: 1206676520 ns, Reaching safepoint: 29245 ns, Cleanup: 32094 ns, At safepoint: 5479 ns, Total: 66818 ns
[2025-01-17T15:11:09.796+0000][81][info ][safepoint   ] Safepoint "Cleanup", Time since last: 1141171922 ns, Reaching safepoint: 36889 ns, Cleanup: 77462 ns, At safepoint: 11810 ns, Total: 126161 ns
[2025-01-17T15:11:10.799+0000][81][info ][safepoint   ] Safepoint "Cleanup", Time since last: 1002754513 ns, Reaching safepoint: 49028 ns, Cleanup: 64285 ns, At safepoint: 13972 ns, Total: 127285 ns
[2025-01-17T15:11:13.448+0000][81][info ][safepoint   ] Safepoint "Cleanup", Time since last: 2649215762 ns, Reaching safepoint: 23888 ns, Cleanup: 22557 ns, At safepoint: 4128 ns, Total: 50573 ns
[2025-01-17T15:11:14.679+0000][81][info ][safepoint   ] Safepoint "Cleanup", Time since last: 1230573293 ns, Reaching safepoint: 40760 ns, Cleanup: 43147 ns, At safepoint: 9186 ns, Total: 93093 ns
[2025-01-17T15:11:15.680+0000][81][info ][safepoint   ] Safepoint "Cleanup", Time since last: 1001072390 ns, Reaching safepoint: 55315 ns, Cleanup: 15424 ns, At safepoint: 4856 ns, Total: 75595 ns
[2025-01-17T15:11:16.682+0000][81][info ][safepoint   ] Safepoint "Cleanup", Time since last: 1001206188 ns, Reaching safepoint: 101730 ns, Cleanup: 40119 ns, At safepoint: 7002 ns, Total: 148851 ns
[2025-01-17T15:11:18.682+0000][81][info ][safepoint   ] Safepoint "Cleanup", Time since last: 2000744637 ns, Reaching safepoint: 129164 ns, Cleanup: 25453 ns, At safepoint: 6583 ns, Total: 161200 ns
[2025-01-17T15:11:19.696+0000][81][info ][safepoint   ] Safepoint "Cleanup", Time since last: 1013487110 ns, Reaching safepoint: 11343 ns, Cleanup: 34715 ns, At safepoint: 4633 ns, Total: 50691 ns
[2025-01-17T15:11:20.703+0000][81][info ][safepoint   ] Safepoint "Cleanup", Time since last: 1007041839 ns, Reaching safepoint: 32008 ns, Cleanup: 20450 ns, At safepoint: 5344 ns, Total: 57802 ns
[2025-01-17T15:11:22.704+0000][81][info ][safepoint   ] Safepoint "Cleanup", Time since last: 2000810000 ns, Reaching safepoint: 37994 ns, Cleanup: 30919 ns, At safepoint: 5583 ns, Total: 74496 ns
[2025-01-17T15:11:23.705+0000][81][info ][safepoint   ] Safepoint "Cleanup", Time since last: 1000723621 ns, Reaching safepoint: 38197 ns, Cleanup: 19929 ns, At safepoint: 4873 ns, Total: 62999 ns
[2025-01-17T15:11:25.447+0000][81][info ][safepoint   ] Safepoint "Cleanup", Time since last: 1741931251 ns, Reaching safepoint: 15778 ns, Cleanup: 21977 ns, At safepoint: 25421 ns, Total: 63176 ns
[2025-01-17T15:11:26.736+0000][81][info ][safepoint   ] Safepoint "Cleanup", Time since last: 1289517651 ns, Reaching safepoint: 13339 ns, Cleanup: 44079 ns, At safepoint: 17474 ns, Total: 74892 ns
[2025-01-17T15:11:27.743+0000][81][info ][safepoint   ] Safepoint "Cleanup", Time since last: 1006469443 ns, Reaching safepoint: 109655 ns, Cleanup: 30470 ns, At safepoint: 11834 ns, Total: 151959 ns
[2025-01-17T15:11:28.744+0000][81][info ][safepoint   ] Safepoint "Cleanup", Time since last: 1001349112 ns, Reaching safepoint: 81206 ns, Cleanup: 30441 ns, At safepoint: 7109 ns, Total: 118756 ns
[2025-01-17T15:11:29.746+0000][81][info ][safepoint   ] Safepoint "Cleanup", Time since last: 1001240469 ns, Reaching safepoint: 66468 ns, Cleanup: 25287 ns, At safepoint: 68322 ns, Total: 160077 ns
[2025-01-17T15:11:30.747+0000][81][info ][safepoint   ] Safepoint "Cleanup", Time since last: 1000857510 ns, Reaching safepoint: 39967 ns, Cleanup: 17654 ns, At safepoint: 8358 ns, Total: 65979 ns
[2025-01-17T15:11:31.748+0000][81][info ][safepoint   ] Safepoint "Cleanup", Time since last: 1001365806 ns, Reaching safepoint: 9208 ns, Cleanup: 35667 ns, At safepoint: 18560 ns, Total: 63435 ns
[2025-01-17T15:11:32.755+0000][81][info ][safepoint   ] Safepoint "Cleanup", Time since last: 1006353068 ns, Reaching safepoint: 29196 ns, Cleanup: 13871 ns, At safepoint: 5584 ns, Total: 48651 ns
[2025-01-17T15:11:34.752+0000][81][info ][safepoint   ] Safepoint "Cleanup", Time since last: 2001410662 ns, Reaching safepoint: 46405 ns, Cleanup: 35603 ns, At safepoint: 10503 ns, Total: 92511 ns
[2025-01-17T15:11:37.459+0000][81][info ][safepoint   ] Safepoint "Cleanup", Time since last: 2707051340 ns, Reaching safepoint: 11120 ns, Cleanup: 15480 ns, At safepoint: 32258 ns, Total: 58858 ns
[2025-01-17T15:11:38.773+0000][81][info ][safepoint   ] Safepoint "Cleanup", Time since last: 1314020331 ns, Reaching safepoint: 48719 ns, Cleanup: 58328 ns, At safepoint: 10379 ns, Total: 117426 ns
[2025-01-17T15:11:40.374+0000][81][info ][safepoint   ] Safepoint "Cleanup", Time since last: 1600688168 ns, Reaching safepoint: 13325 ns, Cleanup: 18895 ns, At safepoint: 27644 ns, Total: 59864 ns
[2025-01-17T15:11:41.383+0000][81][info ][safepoint   ] Safepoint "Cleanup", Time since last: 1008792936 ns, Reaching safepoint: 41184 ns, Cleanup: 111956 ns, At safepoint: 10077 ns, Total: 163217 ns
[2025-01-17T15:11:43.384+0000][81][info ][safepoint   ] Safepoint "Cleanup", Time since last: 2001307312 ns, Reaching safepoint: 47879 ns, Cleanup: 92996 ns, At safepoint: 9628 ns, Total: 150503 ns
[2025-01-17T15:11:44.805+0000][81][info ][safepoint   ] Safepoint "Cleanup", Time since last: 1420813581 ns, Reaching safepoint: 16598 ns, Cleanup: 74297 ns, At safepoint: 17399 ns, Total: 108294 ns
[2025-01-17T15:11:45.809+0000][81][info ][safepoint   ] Safepoint "Cleanup", Time since last: 1003967805 ns, Reaching safepoint: 68407 ns, Cleanup: 20921 ns, At safepoint: 6296 ns, Total: 95624 ns
[2025-01-17T15:11:46.811+0000][81][info ][safepoint   ] Safepoint "Cleanup", Time since last: 1001076171 ns, Reaching safepoint: 42535 ns, Cleanup: 42012 ns, At safepoint: 54377 ns, Total: 138924 ns
[2025-01-17T15:11:48.815+0000][81][info ][safepoint   ] Safepoint "Cleanup", Time since last: 2004207061 ns, Reaching safepoint: 52659 ns, Cleanup: 14198 ns, At safepoint: 5686 ns, Total: 72543 ns
[2025-01-17T15:11:49.816+0000][81][info ][safepoint   ] Safepoint "Cleanup", Time since last: 1000545473 ns, Reaching safepoint: 17066 ns, Cleanup: 40705 ns, At safepoint: 8207 ns, Total: 65978 ns
[2025-01-17T15:11:50.828+0000][81][info ][safepoint   ] Safepoint "Cleanup", Time since last: 1012080193 ns, Reaching safepoint: 44383 ns, Cleanup: 23758 ns, At safepoint: 9291 ns, Total: 77432 ns
[2025-01-17T15:11:52.829+0000][81][info ][safepoint   ] Safepoint "Cleanup", Time since last: 2001102951 ns, Reaching safepoint: 46161 ns, Cleanup: 33843 ns, At safepoint: 10084 ns, Total: 90088 ns
[2025-01-17T15:11:53.830+0000][81][info ][safepoint   ] Safepoint "Cleanup", Time since last: 1001199499 ns, Reaching safepoint: 46465 ns, Cleanup: 47367 ns, At safepoint: 11155 ns, Total: 104987 ns
[2025-01-17T15:11:55.438+0000][81][info ][safepoint   ] Safepoint "Cleanup", Time since last: 1607616566 ns, Reaching safepoint: 12142 ns, Cleanup: 11318 ns, At safepoint: 18551 ns, Total: 42011 ns
[2025-01-17T15:11:56.853+0000][81][info ][safepoint   ] Safepoint "Cleanup", Time since last: 1415334992 ns, Reaching safepoint: 33695 ns, Cleanup: 33522 ns, At safepoint: 7360 ns, Total: 74577 ns
[2025-01-17T15:11:57.855+0000][81][info ][safepoint   ] Safepoint "Cleanup", Time since last: 1001002205 ns, Reaching safepoint: 267342 ns, Cleanup: 30654 ns, At safepoint: 12479 ns, Total: 310475 ns
[2025-01-17T15:11:58.856+0000][81][info ][safepoint   ] Safepoint "Cleanup", Time since last: 1001361634 ns, Reaching safepoint: 63507 ns, Cleanup: 121423 ns, At safepoint: 14895 ns, Total: 199825 ns
[2025-01-17T15:11:59.858+0000][81][info ][safepoint   ] Safepoint "Cleanup", Time since last: 1001607922 ns, Reaching safepoint: 40307 ns, Cleanup: 30184 ns, At safepoint: 9743 ns, Total: 80234 ns
[2025-01-17T15:12:01.441+0000][81][info ][safepoint   ] Safepoint "Cleanup", Time since last: 1583351150 ns, Reaching safepoint: 90902 ns, Cleanup: 21035 ns, At safepoint: 21671 ns, Total: 133608 ns
[2025-01-17T15:12:02.869+0000][81][info ][safepoint   ] Safepoint "Cleanup", Time since last: 1427493050 ns, Reaching safepoint: 40450 ns, Cleanup: 50511 ns, At safepoint: 9499 ns, Total: 100460 ns
[2025-01-17T15:12:03.870+0000][81][info ][safepoint   ] Safepoint "Cleanup", Time since last: 1001009859 ns, Reaching safepoint: 45918 ns, Cleanup: 27464 ns, At safepoint: 10856 ns, Total: 84238 ns
[2025-01-17T15:12:04.868+0000][81][info ][safepoint   ] Safepoint "Cleanup", Time since last: 1001091157 ns, Reaching safepoint: 40146 ns, Cleanup: 29696 ns, At safepoint: 9687 ns, Total: 79529 ns
[2025-01-17T15:12:05.870+0000][81][info ][safepoint   ] Safepoint "Cleanup", Time since last: 1001071526 ns, Reaching safepoint: 29811 ns, Cleanup: 48933 ns, At safepoint: 40389 ns, Total: 119133 ns
[2025-01-17T15:12:07.438+0000][81][info ][safepoint   ] Safepoint "Cleanup", Time since last: 1568431352 ns, Reaching safepoint: 12835 ns, Cleanup: 12760 ns, At safepoint: 4287 ns, Total: 29882 ns
[2025-01-17T15:12:08.835+0000][81][info ][safepoint   ] Safepoint "Cleanup", Time since last: 1396629919 ns, Reaching safepoint: 17177 ns, Cleanup: 68279 ns, At safepoint: 40898 ns, Total: 126354 ns
[2025-01-17T15:12:09.836+0000][81][info ][safepoint   ] Safepoint "Cleanup", Time since last: 1000972940 ns, Reaching safepoint: 26574 ns, Cleanup: 12743 ns, At safepoint: 4883 ns, Total: 44200 ns
[2025-01-17T15:12:10.837+0000][81][info ][safepoint   ] Safepoint "Cleanup", Time since last: 1000814765 ns, Reaching safepoint: 26374 ns, Cleanup: 16331 ns, At safepoint: 5323 ns, Total: 48028 ns
[2025-01-17T15:12:13.443+0000][81][info ][safepoint   ] Safepoint "Cleanup", Time since last: 2606229872 ns, Reaching safepoint: 17683 ns, Cleanup: 12430 ns, At safepoint: 42222 ns, Total: 72335 ns
[2025-01-17T15:12:14.930+0000][81][info ][safepoint   ] Safepoint "Cleanup", Time since last: 1486927228 ns, Reaching safepoint: 13499 ns, Cleanup: 68495 ns, At safepoint: 18230 ns, Total: 100224 ns
[2025-01-17T15:12:15.935+0000][81][info ][safepoint   ] Safepoint "Cleanup", Time since last: 1005264223 ns, Reaching safepoint: 60865 ns, Cleanup: 38066 ns, At safepoint: 16599 ns, Total: 115530 ns
[2025-01-17T15:12:16.937+0000][81][info ][safepoint   ] Safepoint "Cleanup", Time since last: 1001500605 ns, Reaching safepoint: 49989 ns, Cleanup: 60554 ns, At safepoint: 11866 ns, Total: 122409 ns
[2025-01-17T15:12:18.940+0000][81][info ][safepoint   ] Safepoint "Cleanup", Time since last: 2002834610 ns, Reaching safepoint: 28141 ns, Cleanup: 15267 ns, At safepoint: 5597 ns, Total: 49005 ns
[2025-01-17T15:12:19.941+0000][81][info ][safepoint   ] Safepoint "Cleanup", Time since last: 1001362643 ns, Reaching safepoint: 11779 ns, Cleanup: 35124 ns, At safepoint: 17232 ns, Total: 64135 ns
[2025-01-17T15:12:20.948+0000][81][info ][safepoint   ] Safepoint "Cleanup", Time since last: 1006504871 ns, Reaching safepoint: 28544 ns, Cleanup: 14697 ns, At safepoint: 5844 ns, Total: 49085 ns
[2025-01-17T15:12:22.952+0000][81][info ][safepoint   ] Safepoint "Cleanup", Time since last: 2004041649 ns, Reaching safepoint: 34331 ns, Cleanup: 34414 ns, At safepoint: 8004 ns, Total: 76749 ns
[2025-01-17T15:12:25.450+0000][81][info ][safepoint   ] Safepoint "Cleanup", Time since last: 2497735421 ns, Reaching safepoint: 10169 ns, Cleanup: 11279 ns, At safepoint: 4752 ns, Total: 26200 ns
[2025-01-17T15:12:26.969+0000][81][info ][safepoint   ] Safepoint "Cleanup", Time since last: 1519132948 ns, Reaching safepoint: 37632 ns, Cleanup: 46527 ns, At safepoint: 9191 ns, Total: 93350 ns
[2025-01-17T15:12:28.970+0000][81][info ][safepoint   ] Safepoint "Cleanup", Time since last: 2001370777 ns, Reaching safepoint: 57482 ns, Cleanup: 18874 ns, At safepoint: 5275 ns, Total: 81631 ns
[2025-01-17T15:12:31.457+0000][81][info ][safepoint   ] Safepoint "Cleanup", Time since last: 2486986814 ns, Reaching safepoint: 8432 ns, Cleanup: 10601 ns, At safepoint: 18717 ns, Total: 37750 ns
[2025-01-17T15:12:32.985+0000][81][info ][safepoint   ] Safepoint "Cleanup", Time since last: 1527526412 ns, Reaching safepoint: 56282 ns, Cleanup: 43782 ns, At safepoint: 12922 ns, Total: 112986 ns
[2025-01-17T15:12:33.987+0000][81][info ][safepoint   ] Safepoint "Cleanup", Time since last: 1001514333 ns, Reaching safepoint: 30475 ns, Cleanup: 19109 ns, At safepoint: 5605 ns, Total: 55189 ns
[2025-01-17T15:12:34.985+0000][81][info ][safepoint   ] Safepoint "Cleanup", Time since last: 1000481585 ns, Reaching safepoint: 28294 ns, Cleanup: 23778 ns, At safepoint: 5347 ns, Total: 57419 ns
[2025-01-17T15:12:37.450+0000][81][info ][safepoint   ] Safepoint "Cleanup", Time since last: 2465749512 ns, Reaching safepoint: 11428 ns, Cleanup: 15475 ns, At safepoint: 4360 ns, Total: 31263 ns
[2025-01-17T15:12:39.003+0000][81][info ][safepoint   ] Safepoint "Cleanup", Time since last: 1552595431 ns, Reaching safepoint: 38637 ns, Cleanup: 31737 ns, At safepoint: 9035 ns, Total: 79409 ns
[2025-01-17T15:12:41.004+0000][81][info ][safepoint   ] Safepoint "Cleanup", Time since last: 2000915250 ns, Reaching safepoint: 30128 ns, Cleanup: 14107 ns, At safepoint: 5123 ns, Total: 49358 ns
[2025-01-17T15:12:43.446+0000][81][info ][safepoint   ] Safepoint "Cleanup", Time since last: 2441872855 ns, Reaching safepoint: 28244 ns, Cleanup: 25099 ns, At safepoint: 21316 ns, Total: 74659 ns
[2025-01-17T15:12:45.025+0000][81][info ][safepoint   ] Safepoint "Cleanup", Time since last: 1579373175 ns, Reaching safepoint: 28710 ns, Cleanup: 33762 ns, At safepoint: 5445 ns, Total: 67917 ns
[2025-01-17T15:12:47.026+0000][81][info ][safepoint   ] Safepoint "Cleanup", Time since last: 2000643240 ns, Reaching safepoint: 69840 ns, Cleanup: 15827 ns, At safepoint: 5876 ns, Total: 91543 ns
[2025-01-17T15:12:49.027+0000][81][info ][safepoint   ] Safepoint "Cleanup", Time since last: 2001001494 ns, Reaching safepoint: 261298 ns, Cleanup: 34530 ns, At safepoint: 8190 ns, Total: 304018 ns
[2025-01-17T15:12:50.032+0000][81][info ][safepoint   ] Safepoint "Cleanup", Time since last: 1004293945 ns, Reaching safepoint: 9793 ns, Cleanup: 22802 ns, At safepoint: 17348 ns, Total: 49943 ns
[2025-01-17T15:12:51.037+0000][81][info ][safepoint   ] Safepoint "Cleanup", Time since last: 1005492877 ns, Reaching safepoint: 31889 ns, Cleanup: 21440 ns, At safepoint: 5922 ns, Total: 59251 ns
[2025-01-17T15:12:53.038+0000][81][info ][safepoint   ] Safepoint "Cleanup", Time since last: 2000922853 ns, Reaching safepoint: 31338 ns, Cleanup: 33748 ns, At safepoint: 5251 ns, Total: 70337 ns
[2025-01-17T15:12:54.039+0000][81][info ][safepoint   ] Safepoint "Cleanup", Time since last: 1000883714 ns, Reaching safepoint: 31941 ns, Cleanup: 22816 ns, At safepoint: 5413 ns, Total: 60170 ns
[2025-01-17T15:12:55.040+0000][81][info ][safepoint   ] Safepoint "Cleanup", Time since last: 1000673009 ns, Reaching safepoint: 29510 ns, Cleanup: 13485 ns, At safepoint: 5278 ns, Total: 48273 ns
[2025-01-17T15:12:56.046+0000][81][info ][safepoint   ] Safepoint "Cleanup", Time since last: 1005453294 ns, Reaching safepoint: 9045 ns, Cleanup: 73603 ns, At safepoint: 21410 ns, Total: 104058 ns
[2025-01-17T15:12:57.052+0000][81][info ][safepoint   ] Safepoint "Cleanup", Time since last: 1006751066 ns, Reaching safepoint: 33064 ns, Cleanup: 14815 ns, At safepoint: 5102 ns, Total: 52981 ns
[2025-01-17T15:12:58.053+0000][81][info ][safepoint   ] Safepoint "Cleanup", Time since last: 1001047119 ns, Reaching safepoint: 26711 ns, Cleanup: 9552 ns, At safepoint: 7733 ns, Total: 43996 ns
[2025-01-17T15:13:01.055+0000][81][info ][safepoint   ] Safepoint "Cleanup", Time since last: 3001202541 ns, Reaching safepoint: 29701 ns, Cleanup: 32745 ns, At safepoint: 5453 ns, Total: 67899 ns
[2025-01-17T15:13:02.064+0000][81][info ][safepoint   ] Safepoint "Cleanup", Time since last: 1009114201 ns, Reaching safepoint: 10468 ns, Cleanup: 23032 ns, At safepoint: 18854 ns, Total: 52354 ns
[2025-01-17T15:13:05.073+0000][81][info ][safepoint   ] Safepoint "Cleanup", Time since last: 3011706642 ns, Reaching safepoint: 28882 ns, Cleanup: 13949 ns, At safepoint: 5703 ns, Total: 48534 ns
[2025-01-17T15:13:07.022+0000][81][info ][safepoint   ] Safepoint "Cleanup", Time since last: 1948033001 ns, Reaching safepoint: 27622 ns, Cleanup: 170255 ns, At safepoint: 11081 ns, Total: 208958 ns
[2025-01-17T15:13:08.084+0000][81][info ][safepoint   ] Safepoint "Cleanup", Time since last: 1062655839 ns, Reaching safepoint: 10864 ns, Cleanup: 26150 ns, At safepoint: 18294 ns, Total: 55308 ns
[2025-01-17T15:13:09.871+0000][81][info ][safepoint   ] Safepoint "Cleanup", Time since last: 1786184902 ns, Reaching safepoint: 60237 ns, Cleanup: 26065 ns, At safepoint: 9526 ns, Total: 95828 ns
[2025-01-17T15:13:10.871+0000][81][info ][safepoint   ] Safepoint "Cleanup", Time since last: 1000780050 ns, Reaching safepoint: 29106 ns, Cleanup: 27740 ns, At safepoint: 5362 ns, Total: 62208 ns
[2025-01-17T15:13:13.453+0000][81][info ][safepoint   ] Safepoint "Cleanup", Time since last: 2581373123 ns, Reaching safepoint: 10485 ns, Cleanup: 25494 ns, At safepoint: 19394 ns, Total: 55373 ns
[2025-01-17T15:13:15.145+0000][81][info ][safepoint   ] Safepoint "Cleanup", Time since last: 1692087187 ns, Reaching safepoint: 27594 ns, Cleanup: 31849 ns, At safepoint: 6309 ns, Total: 65752 ns
[2025-01-17T15:13:16.151+0000][81][info ][safepoint   ] Safepoint "Cleanup", Time since last: 1005930941 ns, Reaching safepoint: 35378 ns, Cleanup: 18163 ns, At safepoint: 22958 ns, Total: 76499 ns
[2025-01-17T15:13:17.152+0000][81][info ][safepoint   ] Safepoint "Cleanup", Time since last: 1001135603 ns, Reaching safepoint: 27737 ns, Cleanup: 20224 ns, At safepoint: 5165 ns, Total: 53126 ns
[2025-01-17T15:13:19.159+0000][81][info ][safepoint   ] Safepoint "Cleanup", Time since last: 2006979501 ns, Reaching safepoint: 30303 ns, Cleanup: 14130 ns, At safepoint: 5770 ns, Total: 50203 ns
[2025-01-17T15:13:20.167+0000][81][info ][safepoint   ] Safepoint "Cleanup", Time since last: 1007944188 ns, Reaching safepoint: 10578 ns, Cleanup: 26153 ns, At safepoint: 5642 ns, Total: 42373 ns
[2025-01-17T15:13:23.173+0000][81][info ][safepoint   ] Safepoint "Cleanup", Time since last: 3005384331 ns, Reaching safepoint: 30439 ns, Cleanup: 17118 ns, At safepoint: 5734 ns, Total: 53291 ns
[2025-01-17T15:13:25.448+0000][81][info ][safepoint   ] Safepoint "Cleanup", Time since last: 2275333835 ns, Reaching safepoint: 9128 ns, Cleanup: 8186 ns, At safepoint: 5205 ns, Total: 22519 ns
[2025-01-17T15:13:27.202+0000][81][info ][safepoint   ] Safepoint "Cleanup", Time since last: 1754114133 ns, Reaching safepoint: 27106 ns, Cleanup: 17066 ns, At safepoint: 4976 ns, Total: 49148 ns
[2025-01-17T15:13:29.205+0000][81][info ][safepoint   ] Safepoint "Cleanup", Time since last: 2002604671 ns, Reaching safepoint: 31565 ns, Cleanup: 19993 ns, At safepoint: 6410 ns, Total: 57968 ns
[2025-01-17T15:13:30.206+0000][81][info ][safepoint   ] Safepoint "Cleanup", Time since last: 1001017944 ns, Reaching safepoint: 95402 ns, Cleanup: 20475 ns, At safepoint: 7477 ns, Total: 123354 ns
[2025-01-17T15:13:31.218+0000][81][info ][safepoint   ] Safepoint "Cleanup", Time since last: 1011818385 ns, Reaching safepoint: 26530 ns, Cleanup: 19469 ns, At safepoint: 4924 ns, Total: 50923 ns
[2025-01-17T15:13:32.228+0000][81][info ][safepoint   ] Safepoint "Cleanup", Time since last: 1010381005 ns, Reaching safepoint: 134750 ns, Cleanup: 46419 ns, At safepoint: 74187 ns, Total: 255356 ns
[2025-01-17T15:13:33.235+0000][81][info ][safepoint   ] Safepoint "Cleanup", Time since last: 1006114830 ns, Reaching safepoint: 36435 ns, Cleanup: 17645 ns, At safepoint: 7905 ns, Total: 61985 ns
[2025-01-17T15:13:35.234+0000][81][info ][safepoint   ] Safepoint "Cleanup", Time since last: 2001199685 ns, Reaching safepoint: 30592 ns, Cleanup: 21254 ns, At safepoint: 5848 ns, Total: 57694 ns
[2025-01-17T15:13:37.444+0000][81][info ][safepoint   ] Safepoint "Cleanup", Time since last: 2210716195 ns, Reaching safepoint: 8954 ns, Cleanup: 12035 ns, At safepoint: 4287 ns, Total: 25276 ns
[2025-01-17T15:13:39.273+0000][81][info ][safepoint   ] Safepoint "Cleanup", Time since last: 1828115635 ns, Reaching safepoint: 9662 ns, Cleanup: 32842 ns, At safepoint: 20660 ns, Total: 63164 ns
[2025-01-17T15:13:41.279+0000][81][info ][safepoint   ] Safepoint "Cleanup", Time since last: 2006355050 ns, Reaching safepoint: 27816 ns, Cleanup: 24065 ns, At safepoint: 4922 ns, Total: 56803 ns
[2025-01-17T15:13:43.281+0000][81][info ][safepoint   ] Safepoint "Cleanup", Time since last: 2001626323 ns, Reaching safepoint: 30626 ns, Cleanup: 28541 ns, At safepoint: 5685 ns, Total: 64852 ns
[2025-01-17T15:13:44.284+0000][81][info ][safepoint   ] Safepoint "Cleanup", Time since last: 1003359654 ns, Reaching safepoint: 10522 ns, Cleanup: 36068 ns, At safepoint: 19132 ns, Total: 65722 ns
[2025-01-17T15:13:45.289+0000][81][info ][safepoint   ] Safepoint "Cleanup", Time since last: 1004404874 ns, Reaching safepoint: 58218 ns, Cleanup: 14942 ns, At safepoint: 5643 ns, Total: 78803 ns
[2025-01-17T15:13:47.292+0000][81][info ][safepoint   ] Safepoint "Cleanup", Time since last: 2003366072 ns, Reaching safepoint: 57980 ns, Cleanup: 22829 ns, At safepoint: 5557 ns, Total: 86366 ns
[2025-01-17T15:13:49.297+0000][81][info ][safepoint   ] Safepoint "Cleanup", Time since last: 2004350042 ns, Reaching safepoint: 29690 ns, Cleanup: 14696 ns, At safepoint: 5438 ns, Total: 49824 ns
[2025-01-17T15:13:50.301+0000][81][info ][safepoint   ] Safepoint "Cleanup", Time since last: 1003958661 ns, Reaching safepoint: 8912 ns, Cleanup: 14069 ns, At safepoint: 19690 ns, Total: 42671 ns
[2025-01-17T15:13:53.305+0000][81][info ][safepoint   ] Safepoint "Cleanup", Time since last: 3004353920 ns, Reaching safepoint: 29344 ns, Cleanup: 15026 ns, At safepoint: 5948 ns, Total: 50318 ns
[2025-01-17T15:13:55.452+0000][81][info ][safepoint   ] Safepoint "Cleanup", Time since last: 2147453447 ns, Reaching safepoint: 35428 ns, Cleanup: 11896 ns, At safepoint: 18077 ns, Total: 65401 ns
[2025-01-17T15:13:57.329+0000][81][info ][safepoint   ] Safepoint "Cleanup", Time since last: 1876738726 ns, Reaching safepoint: 119498 ns, Cleanup: 96585 ns, At safepoint: 5873 ns, Total: 221956 ns
[2025-01-17T15:13:58.330+0000][81][info ][safepoint   ] Safepoint "Cleanup", Time since last: 1000989357 ns, Reaching safepoint: 33672 ns, Cleanup: 16529 ns, At safepoint: 5026 ns, Total: 55227 ns
[2025-01-17T15:14:01.459+0000][81][info ][safepoint   ] Safepoint "Cleanup", Time since last: 3128688798 ns, Reaching safepoint: 58111 ns, Cleanup: 12599 ns, At safepoint: 35582 ns, Total: 106292 ns
[2025-01-17T15:14:02.944+0000][81][info ][safepoint   ] Safepoint "Cleanup", Time since last: 1484305610 ns, Reaching safepoint: 32539 ns, Cleanup: 117839 ns, At safepoint: 19278 ns, Total: 169656 ns
[2025-01-17T15:14:03.959+0000][81][info ][safepoint   ] Safepoint "Cleanup", Time since last: 1015136541 ns, Reaching safepoint: 33420 ns, Cleanup: 20587 ns, At safepoint: 5748 ns, Total: 59755 ns
[2025-01-17T15:14:04.957+0000][81][info ][safepoint   ] Safepoint "Cleanup", Time since last: 1001088376 ns, Reaching safepoint: 29846 ns, Cleanup: 13277 ns, At safepoint: 5052 ns, Total: 48175 ns
[2025-01-17T15:14:05.957+0000][81][info ][safepoint   ] Safepoint "Cleanup", Time since last: 1000686095 ns, Reaching safepoint: 29359 ns, Cleanup: 16445 ns, At safepoint: 5576 ns, Total: 51380 ns
[2025-01-17T15:14:07.454+0000][81][info ][safepoint   ] Safepoint "Cleanup", Time since last: 1496753817 ns, Reaching safepoint: 11179 ns, Cleanup: 15182 ns, At safepoint: 30452 ns, Total: 56813 ns
[2025-01-17T15:14:08.904+0000][81][info ][safepoint   ] Safepoint "Cleanup", Time since last: 1449717341 ns, Reaching safepoint: 10510 ns, Cleanup: 27212 ns, At safepoint: 5372 ns, Total: 43094 ns
[2025-01-17T15:14:09.905+0000][81][info ][safepoint   ] Safepoint "Cleanup", Time since last: 1000994047 ns, Reaching safepoint: 28702 ns, Cleanup: 16400 ns, At safepoint: 5476 ns, Total: 50578 ns
[2025-01-17T15:14:10.906+0000][81][info ][safepoint   ] Safepoint "Cleanup", Time since last: 1000609300 ns, Reaching safepoint: 30714 ns, Cleanup: 18776 ns, At safepoint: 5253 ns, Total: 54743 ns
[2025-01-17T15:14:13.445+0000][81][info ][safepoint   ] Safepoint "Cleanup", Time since last: 2538992685 ns, Reaching safepoint: 9359 ns, Cleanup: 8606 ns, At safepoint: 3976 ns, Total: 21941 ns
[2025-01-17T15:14:14.454+0000][81][info ][safepoint   ] Safepoint "Cleanup", Time since last: 1009572215 ns, Reaching safepoint: 88731 ns, Cleanup: 14815 ns, At safepoint: 21092 ns, Total: 124638 ns
[2025-01-17T15:14:16.435+0000][81][info ][safepoint   ] Safepoint "Cleanup", Time since last: 1980850892 ns, Reaching safepoint: 49506 ns, Cleanup: 18147 ns, At safepoint: 5369 ns, Total: 73022 ns
[2025-01-17T15:14:17.449+0000][81][info ][safepoint   ] Safepoint "Cleanup", Time since last: 1013801695 ns, Reaching safepoint: 27607 ns, Cleanup: 13380 ns, At safepoint: 5774 ns, Total: 46761 ns
[2025-01-17T15:14:19.446+0000][81][info ][safepoint   ] Safepoint "Cleanup", Time since last: 1996460678 ns, Reaching safepoint: 111256 ns, Cleanup: 16128 ns, At safepoint: 79931 ns, Total: 207315 ns
[2025-01-17T15:14:20.456+0000][81][info ][safepoint   ] Safepoint "Cleanup", Time since last: 1010004729 ns, Reaching safepoint: 28457 ns, Cleanup: 25958 ns, At safepoint: 5234 ns, Total: 59649 ns
[2025-01-17T15:14:21.477+0000][81][info ][safepoint   ] Safepoint "Cleanup", Time since last: 1021151938 ns, Reaching safepoint: 42384 ns, Cleanup: 24923 ns, At safepoint: 9298 ns, Total: 76605 ns
[2025-01-17T15:14:22.478+0000][81][info ][safepoint   ] Safepoint "Cleanup", Time since last: 1001083732 ns, Reaching safepoint: 28085 ns, Cleanup: 18510 ns, At safepoint: 5164 ns, Total: 51759 ns
[2025-01-17T15:14:25.442+0000][81][info ][safepoint   ] Safepoint "Cleanup", Time since last: 2964013560 ns, Reaching safepoint: 9687 ns, Cleanup: 12699 ns, At safepoint: 3730 ns, Total: 26116 ns
[2025-01-17T15:14:26.461+0000][81][info ][safepoint   ] Safepoint "Cleanup", Time since last: 1019081612 ns, Reaching safepoint: 27968 ns, Cleanup: 15293 ns, At safepoint: 5237 ns, Total: 48498 ns
[2025-01-17T15:14:28.501+0000][81][info ][safepoint   ] Safepoint "Cleanup", Time since last: 2039626341 ns, Reaching safepoint: 27612 ns, Cleanup: 16176 ns, At safepoint: 4832 ns, Total: 48620 ns
[2025-01-17T15:14:30.502+0000][81][info ][safepoint   ] Safepoint "Cleanup", Time since last: 2000794969 ns, Reaching safepoint: 27739 ns, Cleanup: 13372 ns, At safepoint: 4794 ns, Total: 45905 ns
[2025-01-17T15:14:32.451+0000][81][info ][safepoint   ] Safepoint "Cleanup", Time since last: 1949088907 ns, Reaching safepoint: 58128 ns, Cleanup: 20683 ns, At safepoint: 5172 ns, Total: 83983 ns
[2025-01-17T15:14:33.519+0000][81][info ][safepoint   ] Safepoint "Cleanup", Time since last: 1067843112 ns, Reaching safepoint: 26112 ns, Cleanup: 14160 ns, At safepoint: 5425 ns, Total: 45697 ns
[2025-01-17T15:14:34.519+0000][81][info ][safepoint   ] Safepoint "Cleanup", Time since last: 1000824611 ns, Reaching safepoint: 25009 ns, Cleanup: 14172 ns, At safepoint: 4543 ns, Total: 43724 ns
[2025-01-17T15:14:37.449+0000][81][info ][safepoint   ] Safepoint "Cleanup", Time since last: 2930576618 ns, Reaching safepoint: 9714 ns, Cleanup: 10395 ns, At safepoint: 3726 ns, Total: 23835 ns
[2025-01-17T15:14:38.469+0000][81][info ][safepoint   ] Safepoint "Cleanup", Time since last: 1019269641 ns, Reaching safepoint: 36503 ns, Cleanup: 25258 ns, At safepoint: 8395 ns, Total: 70156 ns
[2025-01-17T15:14:39.538+0000][81][info ][safepoint   ] Safepoint "Cleanup", Time since last: 1069038544 ns, Reaching safepoint: 27998 ns, Cleanup: 13460 ns, At safepoint: 5159 ns, Total: 46617 ns
[2025-01-17T15:14:43.446+0000][81][info ][safepoint   ] Safepoint "Cleanup", Time since last: 3907721779 ns, Reaching safepoint: 10299 ns, Cleanup: 35911 ns, At safepoint: 18158 ns, Total: 64368 ns
[2025-01-17T15:14:44.580+0000][81][info ][safepoint   ] Safepoint "Cleanup", Time since last: 1134109350 ns, Reaching safepoint: 15582 ns, Cleanup: 53390 ns, At safepoint: 34692 ns, Total: 103664 ns
[2025-01-17T15:14:46.586+0000][81][info ][safepoint   ] Safepoint "Cleanup", Time since last: 2006044137 ns, Reaching safepoint: 54219 ns, Cleanup: 15588 ns, At safepoint: 5188 ns, Total: 74995 ns
[2025-01-17T15:14:49.593+0000][81][info ][safepoint   ] Safepoint "Cleanup", Time since last: 3006784530 ns, Reaching safepoint: 13604 ns, Cleanup: 9613 ns, At safepoint: 5640 ns, Total: 28857 ns
[2025-01-17T15:14:50.606+0000][81][info ][safepoint   ] Safepoint "Cleanup", Time since last: 1012631124 ns, Reaching safepoint: 40199 ns, Cleanup: 17578 ns, At safepoint: 9468 ns, Total: 67245 ns
[2025-01-17T15:14:52.632+0000][81][info ][safepoint   ] Safepoint "Cleanup", Time since last: 2026593657 ns, Reaching safepoint: 35346 ns, Cleanup: 17314 ns, At safepoint: 7251 ns, Total: 59911 ns
[2025-01-17T15:14:53.633+0000][81][info ][safepoint   ] Safepoint "Cleanup", Time since last: 1001073206 ns, Reaching safepoint: 37701 ns, Cleanup: 31675 ns, At safepoint: 7638 ns, Total: 77014 ns
[2025-01-17T15:14:55.448+0000][81][info ][safepoint   ] Safepoint "Cleanup", Time since last: 1814165958 ns, Reaching safepoint: 90650 ns, Cleanup: 6655 ns, At safepoint: 18316 ns, Total: 115621 ns
[2025-01-17T15:14:56.656+0000][81][info ][safepoint   ] Safepoint "Cleanup", Time since last: 1207809675 ns, Reaching safepoint: 34857 ns, Cleanup: 27499 ns, At safepoint: 8501 ns, Total: 70857 ns
[2025-01-17T15:14:58.657+0000][81][info ][safepoint   ] Safepoint "Cleanup", Time since last: 2001110031 ns, Reaching safepoint: 45164 ns, Cleanup: 37324 ns, At safepoint: 10338 ns, Total: 92826 ns
[2025-01-17T15:14:59.658+0000][81][info ][safepoint   ] Safepoint "Cleanup", Time since last: 1001280324 ns, Reaching safepoint: 29254 ns, Cleanup: 13816 ns, At safepoint: 5151 ns, Total: 48221 ns
[2025-01-17T15:15:00.659+0000][81][info ][safepoint   ] Safepoint "Cleanup", Time since last: 1000859124 ns, Reaching safepoint: 28762 ns, Cleanup: 14874 ns, At safepoint: 5015 ns, Total: 48651 ns
[2025-01-17T15:15:01.666+0000][81][info ][safepoint   ] Safepoint "Cleanup", Time since last: 1006865224 ns, Reaching safepoint: 33743 ns, Cleanup: 20637 ns, At safepoint: 20951 ns, Total: 75331 ns
[2025-01-17T15:15:04.674+0000][81][info ][safepoint   ] Safepoint "Cleanup", Time since last: 3010275940 ns, Reaching safepoint: 26774 ns, Cleanup: 13827 ns, At safepoint: 4760 ns, Total: 45361 ns
[2025-01-17T15:15:07.452+0000][81][info ][safepoint   ] Safepoint "Cleanup", Time since last: 2777797379 ns, Reaching safepoint: 9480 ns, Cleanup: 8517 ns, At safepoint: 16798 ns, Total: 34795 ns
[2025-01-17T15:15:08.705+0000][81][info ][safepoint   ] Safepoint "Cleanup", Time since last: 1253390257 ns, Reaching safepoint: 26578 ns, Cleanup: 13246 ns, At safepoint: 5224 ns, Total: 45048 ns
[2025-01-17T15:15:13.461+0000][81][info ][safepoint   ] Safepoint "Cleanup", Time since last: 4755656740 ns, Reaching safepoint: 10235 ns, Cleanup: 6660 ns, At safepoint: 17138 ns, Total: 34033 ns
[2025-01-17T15:15:14.754+0000][81][info ][safepoint   ] Safepoint "Cleanup", Time since last: 1293584639 ns, Reaching safepoint: 33507 ns, Cleanup: 38130 ns, At safepoint: 6080 ns, Total: 77717 ns
[2025-01-17T15:15:15.755+0000][81][info ][safepoint   ] Safepoint "Cleanup", Time since last: 1000931894 ns, Reaching safepoint: 35241 ns, Cleanup: 18772 ns, At safepoint: 8111 ns, Total: 62124 ns
[2025-01-17T15:15:16.756+0000][81][info ][safepoint   ] Safepoint "Cleanup", Time since last: 1000840068 ns, Reaching safepoint: 27989 ns, Cleanup: 13641 ns, At safepoint: 5453 ns, Total: 47083 ns
[2025-01-17T15:15:17.758+0000][81][info ][safepoint   ] Safepoint "Cleanup", Time since last: 1001180985 ns, Reaching safepoint: 54352 ns, Cleanup: 12586 ns, At safepoint: 5386 ns, Total: 72324 ns
[2025-01-17T15:15:19.469+0000][81][info ][safepoint   ] Safepoint "Cleanup", Time since last: 1711703665 ns, Reaching safepoint: 11280 ns, Cleanup: 8718 ns, At safepoint: 4015 ns, Total: 24013 ns
[2025-01-17T15:15:22.787+0000][81][info ][safepoint   ] Safepoint "Cleanup", Time since last: 3318027393 ns, Reaching safepoint: 29920 ns, Cleanup: 14524 ns, At safepoint: 5233 ns, Total: 49677 ns
[2025-01-17T15:15:23.788+0000][81][info ][safepoint   ] Safepoint "Cleanup", Time since last: 1000987048 ns, Reaching safepoint: 30887 ns, Cleanup: 14996 ns, At safepoint: 6280 ns, Total: 52163 ns
[2025-01-17T15:15:25.481+0000][81][info ][safepoint   ] Safepoint "Cleanup", Time since last: 1692657981 ns, Reaching safepoint: 12522 ns, Cleanup: 7833 ns, At safepoint: 21706 ns, Total: 42061 ns
[2025-01-17T15:15:26.827+0000][81][info ][safepoint   ] Safepoint "Cleanup", Time since last: 1345567923 ns, Reaching safepoint: 27631 ns, Cleanup: 13401 ns, At safepoint: 5113 ns, Total: 46145 ns
[2025-01-17T15:15:28.827+0000][81][info ][safepoint   ] Safepoint "Cleanup", Time since last: 2000627303 ns, Reaching safepoint: 35744 ns, Cleanup: 26626 ns, At safepoint: 7009 ns, Total: 69379 ns
[2025-01-17T15:15:29.828+0000][81][info ][safepoint   ] Safepoint "Cleanup", Time since last: 1000836143 ns, Reaching safepoint: 27175 ns, Cleanup: 14554 ns, At safepoint: 25128 ns, Total: 66857 ns
[2025-01-17T15:15:30.830+0000][81][info ][safepoint   ] Safepoint "Cleanup", Time since last: 1001126512 ns, Reaching safepoint: 28544 ns, Cleanup: 43883 ns, At safepoint: 6233 ns, Total: 78660 ns
[2025-01-17T15:15:31.855+0000][81][info ][safepoint   ] Safepoint "Cleanup", Time since last: 1025134345 ns, Reaching safepoint: 16034 ns, Cleanup: 18473 ns, At safepoint: 7300 ns, Total: 41807 ns
[2025-01-17T15:15:34.874+0000][81][info ][safepoint   ] Safepoint "Cleanup", Time since last: 3021205166 ns, Reaching safepoint: 52022 ns, Cleanup: 10918 ns, At safepoint: 5704 ns, Total: 68644 ns
[2025-01-17T15:15:37.485+0000][81][info ][safepoint   ] Safepoint "Cleanup", Time since last: 2611020350 ns, Reaching safepoint: 9863 ns, Cleanup: 42626 ns, At safepoint: 17466 ns, Total: 69955 ns
[2025-01-17T15:15:38.957+0000][81][info ][safepoint   ] Safepoint "Cleanup", Time since last: 1471626709 ns, Reaching safepoint: 15550 ns, Cleanup: 29522 ns, At safepoint: 7416 ns, Total: 52488 ns
[2025-01-17T15:15:39.966+0000][81][info ][safepoint   ] Safepoint "Cleanup", Time since last: 1009323594 ns, Reaching safepoint: 26507 ns, Cleanup: 13176 ns, At safepoint: 5509 ns, Total: 45192 ns
[2025-01-17T15:15:40.967+0000][81][info ][safepoint   ] Safepoint "Cleanup", Time since last: 1000619039 ns, Reaching safepoint: 32482 ns, Cleanup: 15673 ns, At safepoint: 5388 ns, Total: 53543 ns
[2025-01-17T15:15:41.474+0000][81][info ][safepoint   ] Safepoint "ICBufferFull", Time since last: 504063418 ns, Reaching safepoint: 2265180 ns, Cleanup: 163214 ns, At safepoint: 206828 ns, Total: 2635222 ns
[2025-01-17T15:15:41.821+0000][81][info ][safepoint   ] Safepoint "ICBufferFull", Time since last: 347599391 ns, Reaching safepoint: 24011 ns, Cleanup: 129071 ns, At safepoint: 5269 ns, Total: 158351 ns
[2025-01-17T15:15:43.476+0000][81][info ][safepoint   ] Safepoint "Cleanup", Time since last: 1654276783 ns, Reaching safepoint: 9577 ns, Cleanup: 83662 ns, At safepoint: 17506 ns, Total: 110745 ns
[2025-01-17T15:15:44.978+0000][81][info ][safepoint   ] Safepoint "Cleanup", Time since last: 1502295392 ns, Reaching safepoint: 39934 ns, Cleanup: 64917 ns, At safepoint: 9986 ns, Total: 114837 ns
[2025-01-17T15:15:45.979+0000][81][info ][safepoint   ] Safepoint "Cleanup", Time since last: 1001048572 ns, Reaching safepoint: 95698 ns, Cleanup: 22389 ns, At safepoint: 9624 ns, Total: 127711 ns
[2025-01-17T15:15:46.980+0000][81][info ][safepoint   ] Safepoint "Cleanup", Time since last: 1000696809 ns, Reaching safepoint: 27535 ns, Cleanup: 8058 ns, At safepoint: 4592 ns, Total: 40185 ns
[2025-01-17T15:15:48.981+0000][81][info ][safepoint   ] Safepoint "Cleanup", Time since last: 2001001881 ns, Reaching safepoint: 85899 ns, Cleanup: 24522 ns, At safepoint: 10273 ns, Total: 120694 ns
[2025-01-17T15:15:49.986+0000][81][info ][safepoint   ] Safepoint "Cleanup", Time since last: 1004928509 ns, Reaching safepoint: 10901 ns, Cleanup: 29740 ns, At safepoint: 22648 ns, Total: 63289 ns
[2025-01-17T15:15:50.996+0000][81][info ][safepoint   ] Safepoint "Cleanup", Time since last: 1010169949 ns, Reaching safepoint: 27882 ns, Cleanup: 19269 ns, At safepoint: 5405 ns, Total: 52556 ns
[2025-01-17T15:15:52.467+0000][81][info ][safepoint   ] Safepoint "Cleanup", Time since last: 1471106005 ns, Reaching safepoint: 10000 ns, Cleanup: 8427 ns, At safepoint: 17217 ns, Total: 35644 ns
[2025-01-17T15:15:54.019+0000][81][info ][safepoint   ] Safepoint "Cleanup", Time since last: 1551788421 ns, Reaching safepoint: 32707 ns, Cleanup: 40296 ns, At safepoint: 6955 ns, Total: 79958 ns
[2025-01-17T15:15:55.055+0000][81][info ][safepoint   ] Safepoint "Cleanup", Time since last: 1035304680 ns, Reaching safepoint: 44350 ns, Cleanup: 26344 ns, At safepoint: 9730 ns, Total: 80424 ns
[2025-01-17T15:15:56.068+0000][81][info ][safepoint   ] Safepoint "Cleanup", Time since last: 1013003059 ns, Reaching safepoint: 10930 ns, Cleanup: 24761 ns, At safepoint: 20098 ns, Total: 55789 ns
[2025-01-17T15:15:57.150+0000][81][info ][safepoint   ] Safepoint "Cleanup", Time since last: 1082235075 ns, Reaching safepoint: 38589 ns, Cleanup: 21766 ns, At safepoint: 8676 ns, Total: 69031 ns
[2025-01-17T15:16:00.151+0000][81][info ][safepoint   ] Safepoint "Cleanup", Time since last: 3001281450 ns, Reaching safepoint: 28906 ns, Cleanup: 15040 ns, At safepoint: 5200 ns, Total: 49146 ns
[2025-01-17T15:16:01.495+0000][81][info ][safepoint   ] Safepoint "Cleanup", Time since last: 1344002886 ns, Reaching safepoint: 19981 ns, Cleanup: 12227 ns, At safepoint: 20339 ns, Total: 52547 ns
[2025-01-17T15:16:03.180+0000][81][info ][safepoint   ] Safepoint "Cleanup", Time since last: 1684453118 ns, Reaching safepoint: 113335 ns, Cleanup: 35669 ns, At safepoint: 18325 ns, Total: 167329 ns
[2025-01-17T15:16:05.180+0000][81][info ][safepoint   ] Safepoint "Cleanup", Time since last: 2002071763 ns, Reaching safepoint: 29310 ns, Cleanup: 13463 ns, At safepoint: 4969 ns, Total: 47742 ns
[2025-01-17T15:16:07.496+0000][81][info ][safepoint   ] Safepoint "Cleanup", Time since last: 2315535575 ns, Reaching safepoint: 14841 ns, Cleanup: 7876 ns, At safepoint: 6211 ns, Total: 28928 ns
[2025-01-17T15:16:08.981+0000][81][info ][safepoint   ] Safepoint "Cleanup", Time since last: 1485290260 ns, Reaching safepoint: 14250 ns, Cleanup: 33317 ns, At safepoint: 29931 ns, Total: 77498 ns
[2025-01-17T15:16:13.482+0000][81][info ][safepoint   ] Safepoint "Cleanup", Time since last: 4501134080 ns, Reaching safepoint: 10380 ns, Cleanup: 10274 ns, At safepoint: 17320 ns, Total: 37974 ns
[2025-01-17T15:16:17.274+0000][81][info ][safepoint   ] Safepoint "Cleanup", Time since last: 3791516408 ns, Reaching safepoint: 53742 ns, Cleanup: 22553 ns, At safepoint: 10672 ns, Total: 86967 ns
[2025-01-17T15:16:19.507+0000][81][info ][safepoint   ] Safepoint "Cleanup", Time since last: 2233104390 ns, Reaching safepoint: 301538 ns, Cleanup: 12618 ns, At safepoint: 31373 ns, Total: 345529 ns
[2025-01-17T15:16:21.315+0000][81][info ][safepoint   ] Safepoint "Cleanup", Time since last: 1807662731 ns, Reaching safepoint: 32873 ns, Cleanup: 18191 ns, At safepoint: 6876 ns, Total: 57940 ns
[2025-01-17T15:16:25.497+0000][81][info ][safepoint   ] Safepoint "Cleanup", Time since last: 4181897851 ns, Reaching safepoint: 10176 ns, Cleanup: 8653 ns, At safepoint: 19645 ns, Total: 38474 ns
[2025-01-17T15:16:28.344+0000][81][info ][safepoint   ] Safepoint "Cleanup", Time since last: 2846380739 ns, Reaching safepoint: 62736 ns, Cleanup: 33547 ns, At safepoint: 17029 ns, Total: 113312 ns
[2025-01-17T15:16:29.346+0000][81][info ][safepoint   ] Safepoint "Cleanup", Time since last: 1002334374 ns, Reaching safepoint: 182047 ns, Cleanup: 28166 ns, At safepoint: 9146 ns, Total: 219359 ns
[2025-01-17T15:16:30.347+0000][81][info ][safepoint   ] Safepoint "Cleanup", Time since last: 1000590141 ns, Reaching safepoint: 29180 ns, Cleanup: 13599 ns, At safepoint: 5487 ns, Total: 48266 ns
[2025-01-17T15:16:31.506+0000][81][info ][safepoint   ] Safepoint "Cleanup", Time since last: 1159159532 ns, Reaching safepoint: 17020 ns, Cleanup: 7907 ns, At safepoint: 18683 ns, Total: 43610 ns
[2025-01-17T15:16:33.391+0000][81][info ][safepoint   ] Safepoint "Cleanup", Time since last: 1885194498 ns, Reaching safepoint: 34788 ns, Cleanup: 35702 ns, At safepoint: 44376 ns, Total: 114866 ns
[2025-01-17T15:16:36.404+0000][81][info ][safepoint   ] Safepoint "Cleanup", Time since last: 3014311534 ns, Reaching safepoint: 85263 ns, Cleanup: 15865 ns, At safepoint: 5513 ns, Total: 106641 ns
[2025-01-17T15:16:37.482+0000][81][info ][safepoint   ] Safepoint "Cleanup", Time since last: 1078068721 ns, Reaching safepoint: 10962 ns, Cleanup: 9184 ns, At safepoint: 17414 ns, Total: 37560 ns
[2025-01-17T15:16:39.426+0000][81][info ][safepoint   ] Safepoint "Cleanup", Time since last: 1944735344 ns, Reaching safepoint: 31642 ns, Cleanup: 31857 ns, At safepoint: 5727 ns, Total: 69226 ns
[2025-01-17T15:16:42.427+0000][81][info ][safepoint   ] Safepoint "Cleanup", Time since last: 3000870959 ns, Reaching safepoint: 30908 ns, Cleanup: 14112 ns, At safepoint: 5606 ns, Total: 50626 ns
[2025-01-17T15:16:43.429+0000][81][info ][safepoint   ] Safepoint "Cleanup", Time since last: 1001124113 ns, Reaching safepoint: 31551 ns, Cleanup: 36577 ns, At safepoint: 5474 ns, Total: 73602 ns
[2025-01-17T15:16:44.439+0000][81][info ][safepoint   ] Safepoint "Cleanup", Time since last: 1010352187 ns, Reaching safepoint: 11450 ns, Cleanup: 23322 ns, At safepoint: 18679 ns, Total: 53451 ns
[2025-01-17T15:16:45.444+0000][81][info ][safepoint   ] Safepoint "Cleanup", Time since last: 1004973295 ns, Reaching safepoint: 40154 ns, Cleanup: 20687 ns, At safepoint: 5297 ns, Total: 66138 ns
[2025-01-17T15:16:49.448+0000][81][info ][safepoint   ] Safepoint "Cleanup", Time since last: 4003985085 ns, Reaching safepoint: 327378 ns, Cleanup: 12740 ns, At safepoint: 82428 ns, Total: 422546 ns
[2025-01-17T15:16:50.453+0000][81][info ][safepoint   ] Safepoint "Cleanup", Time since last: 1004108299 ns, Reaching safepoint: 129259 ns, Cleanup: 102723 ns, At safepoint: 91140 ns, Total: 323122 ns
[2025-01-17T15:16:52.252+0000][81][info ][safepoint   ] Safepoint "Cleanup", Time since last: 1799499533 ns, Reaching safepoint: 28687 ns, Cleanup: 66770 ns, At safepoint: 6269 ns, Total: 101726 ns
[2025-01-17T15:16:53.253+0000][81][info ][safepoint   ] Safepoint "Cleanup", Time since last: 1000688226 ns, Reaching safepoint: 42787 ns, Cleanup: 32607 ns, At safepoint: 9890 ns, Total: 85284 ns
[2025-01-17T15:16:55.479+0000][81][info ][safepoint   ] Safepoint "Cleanup", Time since last: 2226184992 ns, Reaching safepoint: 11234 ns, Cleanup: 10256 ns, At safepoint: 20563 ns, Total: 42053 ns
[2025-01-17T15:16:56.493+0000][81][info ][safepoint   ] Safepoint "Cleanup", Time since last: 1013712213 ns, Reaching safepoint: 52746 ns, Cleanup: 27503 ns, At safepoint: 21796 ns, Total: 102045 ns
[2025-01-17T15:17:00.503+0000][81][info ][safepoint   ] Safepoint "Cleanup", Time since last: 4009162708 ns, Reaching safepoint: 37316 ns, Cleanup: 17288 ns, At safepoint: 6716 ns, Total: 61320 ns
[2025-01-17T15:17:02.498+0000][81][info ][safepoint   ] Safepoint "Cleanup", Time since last: 1995181189 ns, Reaching safepoint: 40580 ns, Cleanup: 89082 ns, At safepoint: 10456 ns, Total: 140118 ns
[2025-01-17T15:17:03.526+0000][81][info ][safepoint   ] Safepoint "Cleanup", Time since last: 1027959274 ns, Reaching safepoint: 40211 ns, Cleanup: 15392 ns, At safepoint: 4697 ns, Total: 60300 ns
[2025-01-17T15:17:06.526+0000][81][info ][safepoint   ] Safepoint "Cleanup", Time since last: 3001585689 ns, Reaching safepoint: 714353 ns, Cleanup: 48782 ns, At safepoint: 22167 ns, Total: 785302 ns
[2025-01-17T15:17:07.527+0000][81][info ][safepoint   ] Safepoint "Cleanup", Time since last: 1000516966 ns, Reaching safepoint: 18277 ns, Cleanup: 19130 ns, At safepoint: 8258 ns, Total: 45665 ns
[2025-01-17T15:17:08.547+0000][81][info ][safepoint   ] Safepoint "Cleanup", Time since last: 1020401689 ns, Reaching safepoint: 15274 ns, Cleanup: 23298 ns, At safepoint: 7040 ns, Total: 45612 ns
[2025-01-17T15:17:11.020+0000][81][info ][safepoint   ] Safepoint "Cleanup", Time since last: 2472775431 ns, Reaching safepoint: 61294 ns, Cleanup: 30197 ns, At safepoint: 17214 ns, Total: 108705 ns
[2025-01-17T15:17:13.492+0000][81][info ][safepoint   ] Safepoint "Cleanup", Time since last: 2471845264 ns, Reaching safepoint: 101980 ns, Cleanup: 8952 ns, At safepoint: 75630 ns, Total: 186562 ns
[2025-01-17T15:17:14.611+0000][81][info ][safepoint   ] Safepoint "Cleanup", Time since last: 1118953497 ns, Reaching safepoint: 10350 ns, Cleanup: 52721 ns, At safepoint: 17255 ns, Total: 80326 ns
[2025-01-17T15:17:15.630+0000][81][info ][safepoint   ] Safepoint "Cleanup", Time since last: 1018777764 ns, Reaching safepoint: 28744 ns, Cleanup: 13368 ns, At safepoint: 5230 ns, Total: 47342 ns
[2025-01-17T15:17:16.632+0000][81][info ][safepoint   ] Safepoint "Cleanup", Time since last: 1002504775 ns, Reaching safepoint: 67818 ns, Cleanup: 23667 ns, At safepoint: 12167 ns, Total: 103652 ns
[2025-01-17T15:17:19.491+0000][81][info ][safepoint   ] Safepoint "Cleanup", Time since last: 2857974617 ns, Reaching safepoint: 25648 ns, Cleanup: 15236 ns, At safepoint: 135359 ns, Total: 176243 ns
[2025-01-17T15:17:20.656+0000][81][info ][safepoint   ] Safepoint "Cleanup", Time since last: 1165517506 ns, Reaching safepoint: 104923 ns, Cleanup: 22865 ns, At safepoint: 17933 ns, Total: 145721 ns
[2025-01-17T15:17:25.501+0000][81][info ][safepoint   ] Safepoint "Cleanup", Time since last: 4844753646 ns, Reaching safepoint: 16716 ns, Cleanup: 14294 ns, At safepoint: 39367 ns, Total: 70377 ns
[2025-01-17T15:17:28.714+0000][81][info ][safepoint   ] Safepoint "Cleanup", Time since last: 3212619575 ns, Reaching safepoint: 57677 ns, Cleanup: 27100 ns, At safepoint: 14482 ns, Total: 99259 ns
[2025-01-17T15:17:29.715+0000][81][info ][safepoint   ] Safepoint "Cleanup", Time since last: 1001186475 ns, Reaching safepoint: 55402 ns, Cleanup: 25237 ns, At safepoint: 14623 ns, Total: 95262 ns
[2025-01-17T15:17:31.731+0000][81][info ][safepoint   ] Safepoint "Cleanup", Time since last: 2015983459 ns, Reaching safepoint: 149281 ns, Cleanup: 15180 ns, At safepoint: 82394 ns, Total: 246855 ns
[2025-01-17T15:17:32.745+0000][81][info ][safepoint   ] Safepoint "Cleanup", Time since last: 1013761853 ns, Reaching safepoint: 55481 ns, Cleanup: 35439 ns, At safepoint: 14356 ns, Total: 105276 ns
[2025-01-17T15:17:33.747+0000][81][info ][safepoint   ] Safepoint "Cleanup", Time since last: 1001375973 ns, Reaching safepoint: 38535 ns, Cleanup: 21196 ns, At safepoint: 8843 ns, Total: 68574 ns
[2025-01-17T15:17:37.508+0000][81][info ][safepoint   ] Safepoint "Cleanup", Time since last: 3763930250 ns, Reaching safepoint: 325761 ns, Cleanup: 7309 ns, At safepoint: 69793 ns, Total: 402863 ns
[2025-01-17T15:17:38.804+0000][81][info ][safepoint   ] Safepoint "Cleanup", Time since last: 1295102487 ns, Reaching safepoint: 58081 ns, Cleanup: 35192 ns, At safepoint: 14340 ns, Total: 107613 ns
[2025-01-17T15:17:43.475+0000][81][info ][safepoint   ] Safepoint "Cleanup", Time since last: 4671686039 ns, Reaching safepoint: 12268 ns, Cleanup: 21628 ns, At safepoint: 31658 ns, Total: 65554 ns
[2025-01-17T15:17:44.834+0000][81][info ][safepoint   ] Safepoint "Cleanup", Time since last: 1358818408 ns, Reaching safepoint: 29730 ns, Cleanup: 16398 ns, At safepoint: 5426 ns, Total: 51554 ns
[2025-01-17T15:17:49.505+0000][81][info ][safepoint   ] Safepoint "Cleanup", Time since last: 4670672225 ns, Reaching safepoint: 15790 ns, Cleanup: 8741 ns, At safepoint: 17210 ns, Total: 41741 ns
[2025-01-17T15:17:50.887+0000][81][info ][safepoint   ] Safepoint "Cleanup", Time since last: 1381468997 ns, Reaching safepoint: 112363 ns, Cleanup: 73848 ns, At safepoint: 94731 ns, Total: 280942 ns
[2025-01-17T15:17:55.474+0000][81][info ][safepoint   ] Safepoint "Cleanup", Time since last: 4587377091 ns, Reaching safepoint: 12847 ns, Cleanup: 9176 ns, At safepoint: 4196 ns, Total: 26219 ns
[2025-01-17T15:17:56.919+0000][81][info ][safepoint   ] Safepoint "Cleanup", Time since last: 1445237958 ns, Reaching safepoint: 28704 ns, Cleanup: 23334 ns, At safepoint: 5218 ns, Total: 57256 ns
[2025-01-17T15:17:58.920+0000][81][info ][safepoint   ] Safepoint "Cleanup", Time since last: 2000673308 ns, Reaching safepoint: 65132 ns, Cleanup: 21534 ns, At safepoint: 11538 ns, Total: 98204 ns
[2025-01-17T15:18:01.476+0000][81][info ][safepoint   ] Safepoint "Cleanup", Time since last: 2556205100 ns, Reaching safepoint: 13211 ns, Cleanup: 7933 ns, At safepoint: 4959 ns, Total: 26103 ns
[2025-01-17T15:18:02.948+0000][81][info ][safepoint   ] Safepoint "Cleanup", Time since last: 1471940642 ns, Reaching safepoint: 68312 ns, Cleanup: 27888 ns, At safepoint: 15396 ns, Total: 111596 ns
[2025-01-17T15:18:07.479+0000][81][info ][safepoint   ] Safepoint "Cleanup", Time since last: 4531916225 ns, Reaching safepoint: 27853 ns, Cleanup: 28214 ns, At safepoint: 5723 ns, Total: 61790 ns
[2025-01-17T15:18:08.983+0000][81][info ][safepoint   ] Safepoint "Cleanup", Time since last: 1504354772 ns, Reaching safepoint: 74266 ns, Cleanup: 26880 ns, At safepoint: 13114 ns, Total: 114260 ns
[2025-01-17T15:18:19.484+0000][81][info ][safepoint   ] Safepoint "Cleanup", Time since last: 10501039813 ns, Reaching safepoint: 10894 ns, Cleanup: 6720 ns, At safepoint: 17040 ns, Total: 34654 ns
[2025-01-17T15:18:21.045+0000][81][info ][safepoint   ] Safepoint "Cleanup", Time since last: 1560431679 ns, Reaching safepoint: 60166 ns, Cleanup: 42471 ns, At safepoint: 13709 ns, Total: 116346 ns
[2025-01-17T15:18:25.490+0000][81][info ][safepoint   ] Safepoint "Cleanup", Time since last: 4444624150 ns, Reaching safepoint: 25146 ns, Cleanup: 10344 ns, At safepoint: 3978 ns, Total: 39468 ns
[2025-01-17T15:18:29.070+0000][81][info ][safepoint   ] Safepoint "Cleanup", Time since last: 3580845503 ns, Reaching safepoint: 28998 ns, Cleanup: 19487 ns, At safepoint: 5251 ns, Total: 53736 ns
[2025-01-17T15:18:30.072+0000][81][info ][safepoint   ] Safepoint "Cleanup", Time since last: 1001161529 ns, Reaching safepoint: 41973 ns, Cleanup: 22813 ns, At safepoint: 9091 ns, Total: 73877 ns
[2025-01-17T15:18:31.492+0000][81][info ][safepoint   ] Safepoint "Cleanup", Time since last: 1419868992 ns, Reaching safepoint: 9781 ns, Cleanup: 8814 ns, At safepoint: 4044 ns, Total: 22639 ns
[2025-01-17T15:18:33.090+0000][81][info ][safepoint   ] Safepoint "Cleanup", Time since last: 1598165991 ns, Reaching safepoint: 31611 ns, Cleanup: 21315 ns, At safepoint: 6088 ns, Total: 59014 ns
[2025-01-17T15:18:35.089+0000][81][info ][safepoint   ] Safepoint "Cleanup", Time since last: 2001035478 ns, Reaching safepoint: 41616 ns, Cleanup: 16463 ns, At safepoint: 6673 ns, Total: 64752 ns
[2025-01-17T15:18:37.474+0000][81][info ][safepoint   ] Safepoint "Cleanup", Time since last: 2385494736 ns, Reaching safepoint: 24211 ns, Cleanup: 9349 ns, At safepoint: 18108 ns, Total: 51668 ns
[2025-01-17T15:18:39.124+0000][81][info ][safepoint   ] Safepoint "Cleanup", Time since last: 1649132306 ns, Reaching safepoint: 45904 ns, Cleanup: 40392 ns, At safepoint: 7477 ns, Total: 93773 ns
[2025-01-17T15:18:41.125+0000][81][info ][safepoint   ] Safepoint "Cleanup", Time since last: 2001036197 ns, Reaching safepoint: 41935 ns, Cleanup: 15311 ns, At safepoint: 5379 ns, Total: 62625 ns
[2025-01-17T15:18:43.126+0000][81][info ][safepoint   ] Safepoint "Cleanup", Time since last: 2001498969 ns, Reaching safepoint: 65270 ns, Cleanup: 49903 ns, At safepoint: 9285 ns, Total: 124458 ns
[2025-01-17T15:18:44.138+0000][81][info ][safepoint   ] Safepoint "Cleanup", Time since last: 1011281590 ns, Reaching safepoint: 11482 ns, Cleanup: 8288 ns, At safepoint: 4032 ns, Total: 23802 ns
[2025-01-17T15:18:45.156+0000][81][info ][safepoint   ] Safepoint "Cleanup", Time since last: 1018714060 ns, Reaching safepoint: 13631 ns, Cleanup: 10279 ns, At safepoint: 17050 ns, Total: 40960 ns
[2025-01-17T15:18:47.162+0000][81][info ][safepoint   ] Safepoint "Cleanup", Time since last: 2005810308 ns, Reaching safepoint: 31651 ns, Cleanup: 14265 ns, At safepoint: 5760 ns, Total: 51676 ns
[2025-01-17T15:18:49.163+0000][81][info ][safepoint   ] Safepoint "Cleanup", Time since last: 2000902933 ns, Reaching safepoint: 39846 ns, Cleanup: 17787 ns, At safepoint: 7067 ns, Total: 64700 ns
[2025-01-17T15:18:50.170+0000][81][info ][safepoint   ] Safepoint "Cleanup", Time since last: 1006460475 ns, Reaching safepoint: 11849 ns, Cleanup: 18747 ns, At safepoint: 31417 ns, Total: 62013 ns
[2025-01-17T15:18:53.174+0000][81][info ][safepoint   ] Safepoint "Cleanup", Time since last: 3003959192 ns, Reaching safepoint: 64483 ns, Cleanup: 19580 ns, At safepoint: 6282 ns, Total: 90345 ns
[2025-01-17T15:18:54.174+0000][81][info ][safepoint   ] Safepoint "Cleanup", Time since last: 1000499086 ns, Reaching safepoint: 32846 ns, Cleanup: 13834 ns, At safepoint: 5855 ns, Total: 52535 ns
[2025-01-17T15:18:55.493+0000][81][info ][safepoint   ] Safepoint "Cleanup", Time since last: 1319035439 ns, Reaching safepoint: 10965 ns, Cleanup: 6468 ns, At safepoint: 3901 ns, Total: 21334 ns
[2025-01-17T15:18:57.188+0000][81][info ][safepoint   ] Safepoint "Cleanup", Time since last: 1694221666 ns, Reaching safepoint: 36643 ns, Cleanup: 20770 ns, At safepoint: 7277 ns, Total: 64690 ns
[2025-01-17T15:18:58.189+0000][81][info ][safepoint   ] Safepoint "Cleanup", Time since last: 1001573911 ns, Reaching safepoint: 31038 ns, Cleanup: 13064 ns, At safepoint: 5087 ns, Total: 49189 ns
[2025-01-17T15:18:59.190+0000][81][info ][safepoint   ] Safepoint "Cleanup", Time since last: 1000535266 ns, Reaching safepoint: 53107 ns, Cleanup: 26492 ns, At safepoint: 9496 ns, Total: 89095 ns
[2025-01-17T15:19:01.485+0000][81][info ][safepoint   ] Safepoint "Cleanup", Time since last: 2295273211 ns, Reaching safepoint: 13400 ns, Cleanup: 7845 ns, At safepoint: 18990 ns, Total: 40235 ns
[2025-01-17T15:19:03.207+0000][81][info ][safepoint   ] Safepoint "Cleanup", Time since last: 1721668547 ns, Reaching safepoint: 34821 ns, Cleanup: 13644 ns, At safepoint: 5234 ns, Total: 53699 ns
[2025-01-17T15:19:07.483+0000][81][info ][safepoint   ] Safepoint "Cleanup", Time since last: 4277640892 ns, Reaching safepoint: 69232 ns, Cleanup: 11972 ns, At safepoint: 23183 ns, Total: 104387 ns
[2025-01-17T15:19:09.108+0000][81][info ][safepoint   ] Safepoint "Cleanup", Time since last: 1625022068 ns, Reaching safepoint: 10327 ns, Cleanup: 13180 ns, At safepoint: 17982 ns, Total: 41489 ns
[2025-01-17T15:19:11.109+0000][81][info ][safepoint   ] Safepoint "Cleanup", Time since last: 2000704377 ns, Reaching safepoint: 34959 ns, Cleanup: 13948 ns, At safepoint: 5602 ns, Total: 54509 ns
[2025-01-17T15:19:13.479+0000][81][info ][safepoint   ] Safepoint "Cleanup", Time since last: 2370137073 ns, Reaching safepoint: 66170 ns, Cleanup: 9920 ns, At safepoint: 41390 ns, Total: 117480 ns
[2025-01-17T15:19:15.253+0000][81][info ][safepoint   ] Safepoint "Cleanup", Time since last: 1774139300 ns, Reaching safepoint: 39138 ns, Cleanup: 18513 ns, At safepoint: 8461 ns, Total: 66112 ns
[2025-01-17T15:19:19.480+0000][81][info ][safepoint   ] Safepoint "Cleanup", Time since last: 4227241178 ns, Reaching safepoint: 13809 ns, Cleanup: 7862 ns, At safepoint: 18923 ns, Total: 40594 ns
[2025-01-17T15:19:21.289+0000][81][info ][safepoint   ] Safepoint "Cleanup", Time since last: 1808699242 ns, Reaching safepoint: 29280 ns, Cleanup: 24118 ns, At safepoint: 8925 ns, Total: 62323 ns
[2025-01-17T15:19:26.296+0000][81][info ][safepoint   ] Safepoint "Cleanup", Time since last: 5007142336 ns, Reaching safepoint: 26812 ns, Cleanup: 12236 ns, At safepoint: 29923 ns, Total: 68971 ns
[2025-01-17T15:19:29.304+0000][81][info ][safepoint   ] Safepoint "Cleanup", Time since last: 3007924802 ns, Reaching safepoint: 45388 ns, Cleanup: 15670 ns, At safepoint: 6180 ns, Total: 67238 ns
[2025-01-17T15:19:30.305+0000][81][info ][safepoint   ] Safepoint "Cleanup", Time since last: 1000759898 ns, Reaching safepoint: 29034 ns, Cleanup: 15695 ns, At safepoint: 4885 ns, Total: 49614 ns
[2025-01-17T15:19:31.476+0000][81][info ][safepoint   ] Safepoint "Cleanup", Time since last: 1170901442 ns, Reaching safepoint: 11136 ns, Cleanup: 7948 ns, At safepoint: 18443 ns, Total: 37527 ns
[2025-01-17T15:19:33.327+0000][81][info ][safepoint   ] Safepoint "Cleanup", Time since last: 1850771724 ns, Reaching safepoint: 34064 ns, Cleanup: 17261 ns, At safepoint: 6729 ns, Total: 58054 ns
[2025-01-17T15:19:37.632+0000][81][info ][gc,start    ] GC(14) Pause Young (Concurrent Start) (CodeCache GC Threshold)
[2025-01-17T15:19:37.637+0000][81][info ][gc,task     ] GC(14) Using 18 workers of 18 for evacuation
[2025-01-17T15:19:37.638+0000][81][debug][gc,age      ] GC(14) Desired survivor size 134217728 bytes, new threshold 15 (max threshold 15)
[2025-01-17T15:19:38.365+0000][81][info ][gc,mmu      ] GC(14) MMU target violated: 201.0ms (200.0ms/201.0ms)
[2025-01-17T15:19:38.367+0000][81][info ][gc,phases   ] GC(14)   Pre Evacuate Collection Set: 38.2ms
[2025-01-17T15:19:38.367+0000][81][info ][gc,phases   ] GC(14)   Merge Heap Roots: 8.5ms
[2025-01-17T15:19:38.368+0000][81][info ][gc,phases   ] GC(14)   Evacuate Collection Set: 607.0ms
[2025-01-17T15:19:38.368+0000][81][info ][gc,phases   ] GC(14)   Post Evacuate Collection Set: 27.7ms
[2025-01-17T15:19:38.369+0000][81][info ][gc,phases   ] GC(14)   Other: 51.0ms
[2025-01-17T15:19:38.370+0000][81][trace][gc,age      ] GC(14) Age table with threshold 15 (max threshold 15)
[2025-01-17T15:19:38.370+0000][81][trace][gc,age      ] GC(14) - age   1:    7292168 bytes,    7292168 total
[2025-01-17T15:19:38.370+0000][81][trace][gc,age      ] GC(14) - age   2:    6461728 bytes,   13753896 total
[2025-01-17T15:19:38.371+0000][81][info ][gc,heap     ] GC(14) Eden regions: 353->0(38)
[2025-01-17T15:19:38.371+0000][81][info ][gc,heap     ] GC(14) Survivor regions: 5->4(64)
[2025-01-17T15:19:38.371+0000][81][info ][gc,heap     ] GC(14) Old regions: 32->32
[2025-01-17T15:19:38.372+0000][81][info ][gc,heap     ] GC(14) Humongous regions: 4->4
[2025-01-17T15:19:38.373+0000][81][info ][gc,metaspace] GC(14) Metaspace: 152871K(157056K)->152871K(157056K) NonClass: 132506K(134720K)->132506K(134720K) Class: 20365K(22336K)->20365K(22336K)
[2025-01-17T15:19:38.375+0000][81][info ][gc          ] GC(14) Pause Young (Concurrent Start) (CodeCache GC Threshold) 1572M->159M(3392M) 742.723ms
[2025-01-17T15:19:38.375+0000][81][info ][gc,cpu      ] GC(14) User=5.46s Sys=0.00s Real=0.75s
[2025-01-17T15:19:38.376+0000][81][info ][safepoint   ] Safepoint "G1TryInitiateConcMark", Time since last: 4301878299 ns, Reaching safepoint: 29945 ns, Cleanup: 5260 ns, At safepoint: 749156753 ns, Total: 749191958 ns
[2025-01-17T15:19:38.376+0000][81][info ][gc          ] GC(15) Concurrent Mark Cycle
[2025-01-17T15:19:38.378+0000][81][info ][gc,marking  ] GC(15) Concurrent Scan Root Regions
[2025-01-17T15:19:38.475+0000][81][info ][gc,marking  ] GC(15) Concurrent Scan Root Regions 97.746ms
[2025-01-17T15:19:38.476+0000][81][info ][gc,marking  ] GC(15) Concurrent Mark
[2025-01-17T15:19:38.476+0000][81][info ][gc,marking  ] GC(15) Concurrent Mark From Roots
[2025-01-17T15:19:38.477+0000][81][info ][gc,task     ] GC(15) Using 5 workers of 5 for marking
[2025-01-17T15:19:39.004+0000][81][info ][gc,marking  ] GC(15) Concurrent Mark From Roots 527.335ms
[2025-01-17T15:19:39.004+0000][81][info ][gc,marking  ] GC(15) Concurrent Preclean
[2025-01-17T15:19:39.005+0000][81][info ][gc,marking  ] GC(15) Concurrent Preclean 0.946ms
[2025-01-17T15:19:39.006+0000][81][info ][gc,start    ] GC(15) Pause Remark
[2025-01-17T15:19:40.781+0000][81][info ][gc,mmu      ] GC(15) MMU target violated: 201.0ms (200.0ms/201.0ms)
[2025-01-17T15:19:40.782+0000][81][info ][gc          ] GC(15) Pause Remark 187M->187M(3392M) 1775.686ms
[2025-01-17T15:19:40.786+0000][81][info ][gc,cpu      ] GC(15) User=26.66s Sys=0.00s Real=1.78s
[2025-01-17T15:19:40.787+0000][81][info ][safepoint   ] Safepoint "G1PauseRemark", Time since last: 629930372 ns, Reaching safepoint: 31765 ns, Cleanup: 14631 ns, At safepoint: 1780893614 ns, Total: 1780940010 ns
[2025-01-17T15:19:40.788+0000][81][info ][gc,marking  ] GC(15) Concurrent Mark 2311.883ms
[2025-01-17T15:19:40.789+0000][81][info ][gc,marking  ] GC(15) Concurrent Rebuild Remembered Sets and Scrub Regions
[2025-01-17T15:19:40.903+0000][81][info ][gc,marking  ] GC(15) Concurrent Rebuild Remembered Sets and Scrub Regions 114.420ms
[2025-01-17T15:19:40.914+0000][81][info ][gc,start    ] GC(15) Pause Cleanup
[2025-01-17T15:19:40.915+0000][81][info ][gc          ] GC(15) Pause Cleanup 201M->201M(3392M) 1.444ms
[2025-01-17T15:19:40.916+0000][81][info ][gc,cpu      ] GC(15) User=0.00s Sys=0.00s Real=0.00s
[2025-01-17T15:19:40.917+0000][81][info ][safepoint   ] Safepoint "G1PauseCleanup", Time since last: 117663761 ns, Reaching safepoint: 6690395 ns, Cleanup: 2590570 ns, At safepoint: 3157627 ns, Total: 12438592 ns
[2025-01-17T15:19:40.917+0000][81][info ][gc,marking  ] GC(15) Concurrent Clear Claimed Marks
[2025-01-17T15:19:40.921+0000][81][info ][gc,marking  ] GC(15) Concurrent Clear Claimed Marks 3.400ms
[2025-01-17T15:19:40.921+0000][81][info ][gc,marking  ] GC(15) Concurrent Cleanup for Next Mark
[2025-01-17T15:19:40.992+0000][81][info ][gc,marking  ] GC(15) Concurrent Cleanup for Next Mark 71.066ms
[2025-01-17T15:19:40.993+0000][81][info ][gc          ] GC(15) Concurrent Mark Cycle 2616.851ms
[2025-01-17T15:19:41.993+0000][81][info ][safepoint   ] Safepoint "Cleanup", Time since last: 1074298022 ns, Reaching safepoint: 2172632 ns, Cleanup: 35083 ns, At safepoint: 112803 ns, Total: 2320518 ns
[2025-01-17T15:19:43.984+0000][81][info ][safepoint   ] Safepoint "Cleanup", Time since last: 1990831586 ns, Reaching safepoint: 37388 ns, Cleanup: 39104 ns, At safepoint: 6320 ns, Total: 82812 ns
[2025-01-17T15:19:45.985+0000][81][info ][safepoint   ] Safepoint "Cleanup", Time since last: 2000945601 ns, Reaching safepoint: 49135 ns, Cleanup: 14639 ns, At safepoint: 6003 ns, Total: 69777 ns
[2025-01-17T15:19:47.018+0000][81][info ][safepoint   ] Safepoint "Cleanup", Time since last: 1033021497 ns, Reaching safepoint: 37886 ns, Cleanup: 12362 ns, At safepoint: 5339 ns, Total: 55587 ns
[2025-01-17T15:19:52.495+0000][81][info ][safepoint   ] Safepoint "Cleanup", Time since last: 5476125724 ns, Reaching safepoint: 36569 ns, Cleanup: 9268 ns, At safepoint: 4611 ns, Total: 50448 ns
[2025-01-17T15:19:54.117+0000][81][info ][safepoint   ] Safepoint "Cleanup", Time since last: 1621795629 ns, Reaching safepoint: 75835 ns, Cleanup: 31128 ns, At safepoint: 6165 ns, Total: 113128 ns
[2025-01-17T15:19:56.118+0000][81][info ][safepoint   ] Safepoint "Cleanup", Time since last: 2001308123 ns, Reaching safepoint: 86793 ns, Cleanup: 16865 ns, At safepoint: 11616 ns, Total: 115274 ns
[2025-01-17T15:19:58.469+0000][81][info ][safepoint   ] Safepoint "Cleanup", Time since last: 2351078242 ns, Reaching safepoint: 12860 ns, Cleanup: 10734 ns, At safepoint: 4217 ns, Total: 27811 ns
[2025-01-17T15:20:00.140+0000][81][info ][safepoint   ] Safepoint "Cleanup", Time since last: 1670599705 ns, Reaching safepoint: 32593 ns, Cleanup: 22307 ns, At safepoint: 5744 ns, Total: 60644 ns
[2025-01-17T15:20:02.145+0000][81][info ][safepoint   ] Safepoint "Cleanup", Time since last: 2005367224 ns, Reaching safepoint: 29199 ns, Cleanup: 15653 ns, At safepoint: 5703 ns, Total: 50555 ns
[2025-01-17T15:20:04.469+0000][81][info ][safepoint   ] Safepoint "Cleanup", Time since last: 2324003248 ns, Reaching safepoint: 13971 ns, Cleanup: 6304 ns, At safepoint: 4166 ns, Total: 24441 ns
[2025-01-17T15:20:06.170+0000][81][info ][safepoint   ] Safepoint "Cleanup", Time since last: 1703800889 ns, Reaching safepoint: 35981 ns, Cleanup: 24505 ns, At safepoint: 6421 ns, Total: 66907 ns
[2025-01-17T15:20:09.141+0000][81][info ][safepoint   ] Safepoint "Cleanup", Time since last: 2970635862 ns, Reaching safepoint: 16241 ns, Cleanup: 14325 ns, At safepoint: 20433 ns, Total: 50999 ns
[2025-01-17T15:20:10.500+0000][81][info ][safepoint   ] Safepoint "Cleanup", Time since last: 1358500039 ns, Reaching safepoint: 42227 ns, Cleanup: 13393 ns, At safepoint: 27240 ns, Total: 82860 ns
[2025-01-17T15:20:12.199+0000][81][info ][safepoint   ] Safepoint "Cleanup", Time since last: 1699364651 ns, Reaching safepoint: 163582 ns, Cleanup: 35321 ns, At safepoint: 8221 ns, Total: 207124 ns
[2025-01-17T15:20:13.340+0000][81][info ][safepoint   ] Safepoint "Cleanup", Time since last: 1141156680 ns, Reaching safepoint: 56156 ns, Cleanup: 23483 ns, At safepoint: 11881 ns, Total: 91520 ns
[2025-01-17T15:20:14.342+0000][81][info ][safepoint   ] Safepoint "Cleanup", Time since last: 1001142726 ns, Reaching safepoint: 41851 ns, Cleanup: 25985 ns, At safepoint: 9064 ns, Total: 76900 ns
[2025-01-17T15:20:16.343+0000][81][info ][safepoint   ] Safepoint "Cleanup", Time since last: 2001121251 ns, Reaching safepoint: 35472 ns, Cleanup: 15258 ns, At safepoint: 5354 ns, Total: 56084 ns
[2025-01-17T15:20:16.466+0000][81][info ][gc,start    ] GC(16) Pause Young (Prepare Mixed) (G1 Evacuation Pause)
[2025-01-17T15:20:16.467+0000][81][info ][gc,task     ] GC(16) Using 18 workers of 18 for evacuation
[2025-01-17T15:20:16.468+0000][81][debug][gc,age      ] GC(16) Desired survivor size 12582912 bytes, new threshold 2 (max threshold 15)
[2025-01-17T15:20:16.517+0000][81][info ][gc,phases   ] GC(16)   Pre Evacuate Collection Set: 2.3ms
[2025-01-17T15:20:16.518+0000][81][info ][gc,phases   ] GC(16)   Merge Heap Roots: 0.6ms
[2025-01-17T15:20:16.518+0000][81][info ][gc,phases   ] GC(16)   Evacuate Collection Set: 40.7ms
[2025-01-17T15:20:16.518+0000][81][info ][gc,phases   ] GC(16)   Post Evacuate Collection Set: 3.8ms
[2025-01-17T15:20:16.519+0000][81][info ][gc,phases   ] GC(16)   Other: 2.6ms
[2025-01-17T15:20:16.519+0000][81][trace][gc,age      ] GC(16) Age table with threshold 2 (max threshold 15)
[2025-01-17T15:20:16.520+0000][81][trace][gc,age      ] GC(16) - age   1:    1471832 bytes,    1471832 total
[2025-01-17T15:20:16.520+0000][81][trace][gc,age      ] GC(16) - age   2:    5912672 bytes,    7384504 total
[2025-01-17T15:20:16.520+0000][81][info ][gc,heap     ] GC(16) Eden regions: 38->0(109)
[2025-01-17T15:20:16.520+0000][81][info ][gc,heap     ] GC(16) Survivor regions: 4->3(6)
[2025-01-17T15:20:16.521+0000][81][info ][gc,heap     ] GC(16) Old regions: 32->34
[2025-01-17T15:20:16.521+0000][81][info ][gc,heap     ] GC(16) Humongous regions: 4->4
[2025-01-17T15:20:16.521+0000][81][info ][gc,metaspace] GC(16) Metaspace: 152835K(157056K)->152835K(157056K) NonClass: 132490K(134720K)->132490K(134720K) Class: 20345K(22336K)->20345K(22336K)
[2025-01-17T15:20:16.522+0000][81][info ][gc          ] GC(16) Pause Young (Prepare Mixed) (G1 Evacuation Pause) 311M->159M(3392M) 55.383ms
[2025-01-17T15:20:16.522+0000][81][info ][gc,cpu      ] GC(16) User=0.36s Sys=0.00s Real=0.06s
[2025-01-17T15:20:16.522+0000][81][info ][safepoint   ] Safepoint "G1CollectForAllocation", Time since last: 122852101 ns, Reaching safepoint: 30418 ns, Cleanup: 26675 ns, At safepoint: 56491968 ns, Total: 56549061 ns
[2025-01-17T15:20:18.226+0000][81][info ][safepoint   ] Safepoint "Cleanup", Time since last: 1704081820 ns, Reaching safepoint: 32247 ns, Cleanup: 20584 ns, At safepoint: 6021 ns, Total: 58852 ns
[2025-01-17T15:20:20.227+0000][81][info ][safepoint   ] Safepoint "Cleanup", Time since last: 2000786127 ns, Reaching safepoint: 32923 ns, Cleanup: 20206 ns, At safepoint: 5825 ns, Total: 58954 ns
[2025-01-17T15:20:22.474+0000][81][info ][safepoint   ] Safepoint "Cleanup", Time since last: 2246063737 ns, Reaching safepoint: 205023 ns, Cleanup: 13993 ns, At safepoint: 74490 ns, Total: 293506 ns
[2025-01-17T15:20:24.271+0000][81][info ][safepoint   ] Safepoint "Cleanup", Time since last: 1797615002 ns, Reaching safepoint: 60134 ns, Cleanup: 23668 ns, At safepoint: 7910 ns, Total: 91712 ns
[2025-01-17T15:20:29.283+0000][81][info ][safepoint   ] Safepoint "Cleanup", Time since last: 5011838668 ns, Reaching safepoint: 10996 ns, Cleanup: 22825 ns, At safepoint: 4241 ns, Total: 38062 ns
[2025-01-17T15:20:30.295+0000][81][info ][safepoint   ] Safepoint "Cleanup", Time since last: 1011298788 ns, Reaching safepoint: 31277 ns, Cleanup: 55386 ns, At safepoint: 7474 ns, Total: 94137 ns
[2025-01-17T15:20:35.310+0000][81][info ][safepoint   ] Safepoint "Cleanup", Time since last: 5016993799 ns, Reaching safepoint: 12055 ns, Cleanup: 7202 ns, At safepoint: 17514 ns, Total: 36771 ns
[2025-01-17T15:20:38.318+0000][81][info ][safepoint   ] Safepoint "Cleanup", Time since last: 3007678548 ns, Reaching safepoint: 37432 ns, Cleanup: 33810 ns, At safepoint: 7104 ns, Total: 78346 ns
[2025-01-17T15:20:40.484+0000][81][info ][safepoint   ] Safepoint "Cleanup", Time since last: 2166198844 ns, Reaching safepoint: 19779 ns, Cleanup: 6934 ns, At safepoint: 18051 ns, Total: 44764 ns
[2025-01-17T15:20:43.341+0000][81][info ][safepoint   ] Safepoint "Cleanup", Time since last: 2857291901 ns, Reaching safepoint: 31042 ns, Cleanup: 283368 ns, At safepoint: 44729 ns, Total: 359139 ns
[2025-01-17T15:20:47.417+0000][81][info ][safepoint   ] Safepoint "Cleanup", Time since last: 4075874725 ns, Reaching safepoint: 94547 ns, Cleanup: 8065 ns, At safepoint: 60531 ns, Total: 163143 ns
[2025-01-17T15:20:49.396+0000][81][info ][safepoint   ] Safepoint "Cleanup", Time since last: 1978063255 ns, Reaching safepoint: 30493 ns, Cleanup: 19385 ns, At safepoint: 5509 ns, Total: 55387 ns
[2025-01-17T15:20:50.397+0000][81][info ][safepoint   ] Safepoint "Cleanup", Time since last: 1001185314 ns, Reaching safepoint: 48722 ns, Cleanup: 22554 ns, At safepoint: 8177 ns, Total: 79453 ns
[2025-01-17T15:20:52.470+0000][81][info ][safepoint   ] Safepoint "Cleanup", Time since last: 2072924547 ns, Reaching safepoint: 10948 ns, Cleanup: 5683 ns, At safepoint: 4148 ns, Total: 20779 ns
[2025-01-17T15:20:54.418+0000][81][info ][safepoint   ] Safepoint "Cleanup", Time since last: 1947690552 ns, Reaching safepoint: 41407 ns, Cleanup: 45858 ns, At safepoint: 9599 ns, Total: 96864 ns
[2025-01-17T15:20:55.474+0000][81][info ][safepoint   ] Safepoint "Cleanup", Time since last: 1056251135 ns, Reaching safepoint: 15921 ns, Cleanup: 8400 ns, At safepoint: 5085 ns, Total: 29406 ns
[2025-01-17T15:20:57.436+0000][81][info ][safepoint   ] Safepoint "Cleanup", Time since last: 1961971447 ns, Reaching safepoint: 33097 ns, Cleanup: 37707 ns, At safepoint: 7510 ns, Total: 78314 ns
[2025-01-17T15:20:59.475+0000][81][info ][safepoint   ] Safepoint "Cleanup", Time since last: 2038660725 ns, Reaching safepoint: 121903 ns, Cleanup: 11551 ns, At safepoint: 27996 ns, Total: 161450 ns
[2025-01-17T15:21:00.489+0000][81][info ][safepoint   ] Safepoint "Cleanup", Time since last: 1014201264 ns, Reaching safepoint: 33695 ns, Cleanup: 22410 ns, At safepoint: 6140 ns, Total: 62245 ns
[2025-01-17T15:21:02.850+0000][81][info ][safepoint   ] Safepoint "Cleanup", Time since last: 2361011618 ns, Reaching safepoint: 48611 ns, Cleanup: 23101 ns, At safepoint: 11669 ns, Total: 83381 ns
[2025-01-17T15:21:07.513+0000][81][info ][safepoint   ] Safepoint "Cleanup", Time since last: 4664919206 ns, Reaching safepoint: 47691 ns, Cleanup: 20781 ns, At safepoint: 11374 ns, Total: 79846 ns
[2025-01-17T15:21:10.181+0000][81][info ][safepoint   ] Safepoint "Cleanup", Time since last: 2668037165 ns, Reaching safepoint: 58579 ns, Cleanup: 17213 ns, At safepoint: 8093 ns, Total: 83885 ns
[2025-01-17T15:21:11.520+0000][81][info ][safepoint   ] Safepoint "Cleanup", Time since last: 1339199386 ns, Reaching safepoint: 47790 ns, Cleanup: 46722 ns, At safepoint: 11907 ns, Total: 106419 ns
[2025-01-17T15:21:12.566+0000][81][info ][safepoint   ] Safepoint "Cleanup", Time since last: 1045702206 ns, Reaching safepoint: 16223 ns, Cleanup: 16234 ns, At safepoint: 8016 ns, Total: 40473 ns
[2025-01-17T15:21:13.580+0000][81][info ][safepoint   ] Safepoint "Cleanup", Time since last: 1014306734 ns, Reaching safepoint: 33027 ns, Cleanup: 14963 ns, At safepoint: 6328 ns, Total: 54318 ns
[2025-01-17T15:21:16.591+0000][81][info ][safepoint   ] Safepoint "Cleanup", Time since last: 3010256560 ns, Reaching safepoint: 11209 ns, Cleanup: 10043 ns, At safepoint: 17449 ns, Total: 38701 ns
[2025-01-17T15:21:21.632+0000][81][info ][safepoint   ] Safepoint "Cleanup", Time since last: 5041471214 ns, Reaching safepoint: 113961 ns, Cleanup: 20942 ns, At safepoint: 9509 ns, Total: 144412 ns
[2025-01-17T15:21:22.646+0000][81][info ][safepoint   ] Safepoint "Cleanup", Time since last: 1013032473 ns, Reaching safepoint: 12983 ns, Cleanup: 54524 ns, At safepoint: 19404 ns, Total: 86911 ns
[2025-01-17T15:21:28.501+0000][81][info ][safepoint   ] Safepoint "Cleanup", Time since last: 5855614188 ns, Reaching safepoint: 49829 ns, Cleanup: 9672 ns, At safepoint: 4931 ns, Total: 64432 ns
[2025-01-17T15:21:29.683+0000][81][info ][safepoint   ] Safepoint "Cleanup", Time since last: 1182215667 ns, Reaching safepoint: 29840 ns, Cleanup: 14593 ns, At safepoint: 5651 ns, Total: 50084 ns
[2025-01-17T15:21:30.684+0000][81][info ][safepoint   ] Safepoint "Cleanup", Time since last: 1000969088 ns, Reaching safepoint: 29934 ns, Cleanup: 15299 ns, At safepoint: 5427 ns, Total: 50660 ns
[2025-01-17T15:21:34.752+0000][81][info ][safepoint   ] Safepoint "Cleanup", Time since last: 4069473233 ns, Reaching safepoint: 12903 ns, Cleanup: 7244 ns, At safepoint: 5797 ns, Total: 25944 ns
[2025-01-17T15:21:38.727+0000][81][info ][safepoint   ] Safepoint "Cleanup", Time since last: 3975478017 ns, Reaching safepoint: 34149 ns, Cleanup: 16523 ns, At safepoint: 5843 ns, Total: 56515 ns
[2025-01-17T15:21:40.736+0000][81][info ][safepoint   ] Safepoint "Cleanup", Time since last: 2008602016 ns, Reaching safepoint: 10877 ns, Cleanup: 9727 ns, At safepoint: 4225 ns, Total: 24829 ns
[2025-01-17T15:21:43.751+0000][81][info ][safepoint   ] Safepoint "Cleanup", Time since last: 3015377332 ns, Reaching safepoint: 53698 ns, Cleanup: 30149 ns, At safepoint: 5265 ns, Total: 89112 ns
[2025-01-17T15:21:46.472+0000][81][info ][safepoint   ] Safepoint "Cleanup", Time since last: 2720841503 ns, Reaching safepoint: 10339 ns, Cleanup: 6887 ns, At safepoint: 17329 ns, Total: 34555 ns
[2025-01-17T15:21:47.773+0000][81][info ][safepoint   ] Safepoint "Cleanup", Time since last: 1300667950 ns, Reaching safepoint: 27892 ns, Cleanup: 12784 ns, At safepoint: 5393 ns, Total: 46069 ns
[2025-01-17T15:21:52.789+0000][81][info ][safepoint   ] Safepoint "Cleanup", Time since last: 5016345814 ns, Reaching safepoint: 10803 ns, Cleanup: 11541 ns, At safepoint: 47027 ns, Total: 69371 ns
[2025-01-17T15:21:53.798+0000][81][info ][safepoint   ] Safepoint "Cleanup", Time since last: 1009181429 ns, Reaching safepoint: 32241 ns, Cleanup: 14530 ns, At safepoint: 5464 ns, Total: 52235 ns
[2025-01-17T15:21:57.802+0000][81][info ][safepoint   ] Safepoint "Cleanup", Time since last: 4003610650 ns, Reaching safepoint: 32370 ns, Cleanup: 14984 ns, At safepoint: 5256 ns, Total: 52610 ns
[2025-01-17T15:21:58.815+0000][81][info ][safepoint   ] Safepoint "Cleanup", Time since last: 1012849482 ns, Reaching safepoint: 9804 ns, Cleanup: 16964 ns, At safepoint: 4237 ns, Total: 31005 ns
[2025-01-17T15:21:59.841+0000][81][info ][safepoint   ] Safepoint "Cleanup", Time since last: 1025940999 ns, Reaching safepoint: 10156 ns, Cleanup: 10525 ns, At safepoint: 16650 ns, Total: 37331 ns
[2025-01-17T15:22:04.478+0000][81][info ][safepoint   ] Safepoint "Cleanup", Time since last: 4636778361 ns, Reaching safepoint: 12317 ns, Cleanup: 9515 ns, At safepoint: 5561 ns, Total: 27393 ns
[2025-01-17T15:22:05.866+0000][81][info ][safepoint   ] Safepoint "Cleanup", Time since last: 1390484319 ns, Reaching safepoint: 32160 ns, Cleanup: 15034 ns, At safepoint: 5619 ns, Total: 52813 ns
[2025-01-17T15:22:10.885+0000][81][info ][safepoint   ] Safepoint "Cleanup", Time since last: 5018079584 ns, Reaching safepoint: 100874 ns, Cleanup: 12113 ns, At safepoint: 37813 ns, Total: 150800 ns
[2025-01-17T15:22:16.485+0000][81][info ][safepoint   ] Safepoint "Cleanup", Time since last: 5600552568 ns, Reaching safepoint: 25441 ns, Cleanup: 8310 ns, At safepoint: 19813 ns, Total: 53564 ns
[2025-01-17T15:22:17.918+0000][81][info ][safepoint   ] Safepoint "Cleanup", Time since last: 1432442425 ns, Reaching safepoint: 31982 ns, Cleanup: 78847 ns, At safepoint: 8012 ns, Total: 118841 ns
[2025-01-17T15:22:18.919+0000][81][info ][safepoint   ] Safepoint "Cleanup", Time since last: 1000822959 ns, Reaching safepoint: 31085 ns, Cleanup: 27357 ns, At safepoint: 6228 ns, Total: 64670 ns
[2025-01-17T15:22:19.919+0000][81][info ][safepoint   ] Safepoint "Cleanup", Time since last: 1000651713 ns, Reaching safepoint: 31242 ns, Cleanup: 15392 ns, At safepoint: 5538 ns, Total: 52172 ns
[2025-01-17T15:22:22.937+0000][81][info ][safepoint   ] Safepoint "Cleanup", Time since last: 3017296237 ns, Reaching safepoint: 17137 ns, Cleanup: 13488 ns, At safepoint: 31893 ns, Total: 62518 ns
[2025-01-17T15:22:23.952+0000][81][info ][safepoint   ] Safepoint "Cleanup", Time since last: 1015033938 ns, Reaching safepoint: 31577 ns, Cleanup: 20107 ns, At safepoint: 5519 ns, Total: 57203 ns
[2025-01-17T15:22:28.482+0000][81][info ][safepoint   ] Safepoint "Cleanup", Time since last: 4530282122 ns, Reaching safepoint: 29556 ns, Cleanup: 11052 ns, At safepoint: 11485 ns, Total: 52093 ns
[2025-01-17T15:22:30.002+0000][81][info ][safepoint   ] Safepoint "Cleanup", Time since last: 1519893414 ns, Reaching safepoint: 18581 ns, Cleanup: 14794 ns, At safepoint: 8894 ns, Total: 42269 ns
[2025-01-17T15:22:43.082+0000][81][info ][safepoint   ] Safepoint "Cleanup", Time since last: 13081305957 ns, Reaching safepoint: 73884 ns, Cleanup: 28104 ns, At safepoint: 8519 ns, Total: 110507 ns
[2025-01-17T15:22:46.501+0000][81][info ][safepoint   ] Safepoint "Cleanup", Time since last: 3419013885 ns, Reaching safepoint: 20435 ns, Cleanup: 13629 ns, At safepoint: 8245 ns, Total: 42309 ns
[2025-01-17T15:22:53.137+0000][81][info ][safepoint   ] Safepoint "Cleanup", Time since last: 6635631585 ns, Reaching safepoint: 18156 ns, Cleanup: 12933 ns, At safepoint: 10017 ns, Total: 41106 ns
[2025-01-17T15:22:58.520+0000][81][info ][safepoint   ] Safepoint "Cleanup", Time since last: 5383400294 ns, Reaching safepoint: 9904 ns, Cleanup: 7012 ns, At safepoint: 18735 ns, Total: 35651 ns
[2025-01-17T15:23:00.203+0000][81][info ][safepoint   ] Safepoint "Cleanup", Time since last: 1683113267 ns, Reaching safepoint: 39148 ns, Cleanup: 55565 ns, At safepoint: 9008 ns, Total: 103721 ns
[2025-01-17T15:23:04.477+0000][81][info ][safepoint   ] Safepoint "Cleanup", Time since last: 4273175625 ns, Reaching safepoint: 12539 ns, Cleanup: 9339 ns, At safepoint: 4528 ns, Total: 26406 ns
[2025-01-17T15:23:06.239+0000][81][info ][safepoint   ] Safepoint "Cleanup", Time since last: 1764092959 ns, Reaching safepoint: 34841 ns, Cleanup: 23081 ns, At safepoint: 7951 ns, Total: 65873 ns
[2025-01-17T15:23:08.240+0000][81][info ][safepoint   ] Safepoint "Cleanup", Time since last: 2001528521 ns, Reaching safepoint: 35569 ns, Cleanup: 17212 ns, At safepoint: 7503 ns, Total: 60284 ns
[2025-01-17T15:23:14.327+0000][81][info ][safepoint   ] Safepoint "Cleanup", Time since last: 6087065748 ns, Reaching safepoint: 88820 ns, Cleanup: 78291 ns, At safepoint: 13297 ns, Total: 180408 ns
[2025-01-17T15:23:17.338+0000][81][info ][safepoint   ] Safepoint "Cleanup", Time since last: 3010287954 ns, Reaching safepoint: 10223 ns, Cleanup: 7879 ns, At safepoint: 16639 ns, Total: 34741 ns
[2025-01-17T15:23:28.487+0000][81][info ][safepoint   ] Safepoint "Cleanup", Time since last: 11149657263 ns, Reaching safepoint: 38580 ns, Cleanup: 8749 ns, At safepoint: 65277 ns, Total: 112606 ns
[2025-01-17T15:23:30.421+0000][81][info ][safepoint   ] Safepoint "Cleanup", Time since last: 1933033970 ns, Reaching safepoint: 39795 ns, Cleanup: 24577 ns, At safepoint: 8988 ns, Total: 73360 ns
[2025-01-17T15:23:33.422+0000][81][info ][safepoint   ] Safepoint "Cleanup", Time since last: 3000908132 ns, Reaching safepoint: 36588 ns, Cleanup: 17585 ns, At safepoint: 8301 ns, Total: 62474 ns
[2025-01-17T15:23:34.479+0000][81][info ][safepoint   ] Safepoint "Cleanup", Time since last: 1057185303 ns, Reaching safepoint: 10067 ns, Cleanup: 8754 ns, At safepoint: 18180 ns, Total: 37001 ns
[2025-01-17T15:23:36.457+0000][81][info ][safepoint   ] Safepoint "Cleanup", Time since last: 1980369558 ns, Reaching safepoint: 29962 ns, Cleanup: 17384 ns, At safepoint: 5654 ns, Total: 53000 ns
[2025-01-17T15:23:38.685+0000][81][info ][gc,start    ] GC(17) Pause Young (Mixed) (G1 Evacuation Pause)
[2025-01-17T15:23:38.689+0000][81][info ][gc,task     ] GC(17) Using 18 workers of 18 for evacuation
[2025-01-17T15:23:38.690+0000][81][debug][gc,age      ] GC(17) Desired survivor size 29360128 bytes, new threshold 15 (max threshold 15)
[2025-01-17T15:23:38.740+0000][81][info ][gc,phases   ] GC(17)   Pre Evacuate Collection Set: 2.6ms
[2025-01-17T15:23:38.741+0000][81][info ][gc,phases   ] GC(17)   Merge Heap Roots: 1.0ms
[2025-01-17T15:23:38.742+0000][81][info ][gc,phases   ] GC(17)   Evacuate Collection Set: 40.5ms
[2025-01-17T15:23:38.742+0000][81][info ][gc,phases   ] GC(17)   Post Evacuate Collection Set: 2.8ms
[2025-01-17T15:23:38.742+0000][81][info ][gc,phases   ] GC(17)   Other: 4.4ms
[2025-01-17T15:23:38.743+0000][81][trace][gc,age      ] GC(17) Age table with threshold 15 (max threshold 15)
[2025-01-17T15:23:38.743+0000][81][trace][gc,age      ] GC(17) - age   1:    1634792 bytes,    1634792 total
[2025-01-17T15:23:38.744+0000][81][trace][gc,age      ] GC(17) - age   2:      70672 bytes,    1705464 total
[2025-01-17T15:23:38.744+0000][81][trace][gc,age      ] GC(17) - age   3:    5536632 bytes,    7242096 total
[2025-01-17T15:23:38.745+0000][81][info ][gc,heap     ] GC(17) Eden regions: 105->0(136)
[2025-01-17T15:23:38.746+0000][81][info ][gc,heap     ] GC(17) Survivor regions: 3->2(14)
[2025-01-17T15:23:38.746+0000][81][info ][gc,heap     ] GC(17) Old regions: 34->35
[2025-01-17T15:23:38.747+0000][81][info ][gc,heap     ] GC(17) Humongous regions: 4->4
[2025-01-17T15:23:38.747+0000][81][info ][gc,metaspace] GC(17) Metaspace: 153090K(157312K)->153090K(157312K) NonClass: 132736K(134976K)->132736K(134976K) Class: 20354K(22336K)->20354K(22336K)
[2025-01-17T15:23:38.748+0000][81][info ][gc          ] GC(17) Pause Young (Mixed) (G1 Evacuation Pause) 579M->162M(3392M) 62.762ms
[2025-01-17T15:23:38.748+0000][81][info ][gc,cpu      ] GC(17) User=0.48s Sys=0.00s Real=0.07s
[2025-01-17T15:23:38.749+0000][81][info ][safepoint   ] Safepoint "G1CollectForAllocation", Time since last: 2227502896 ns, Reaching safepoint: 47451 ns, Cleanup: 7279 ns, At safepoint: 64241256 ns, Total: 64295986 ns
[2025-01-17T15:23:39.750+0000][81][info ][safepoint   ] Safepoint "Cleanup", Time since last: 1000974919 ns, Reaching safepoint: 56772 ns, Cleanup: 25067 ns, At safepoint: 13433 ns, Total: 95272 ns
[2025-01-17T15:23:41.499+0000][81][info ][safepoint   ] Safepoint "Cleanup", Time since last: 1748481876 ns, Reaching safepoint: 11271 ns, Cleanup: 10016 ns, At safepoint: 19709 ns, Total: 40996 ns
[2025-01-17T15:23:43.530+0000][81][info ][safepoint   ] Safepoint "Cleanup", Time since last: 2031291082 ns, Reaching safepoint: 41367 ns, Cleanup: 43001 ns, At safepoint: 10196 ns, Total: 94564 ns
[2025-01-17T15:23:52.491+0000][81][info ][safepoint   ] Safepoint "Cleanup", Time since last: 8960767451 ns, Reaching safepoint: 45185 ns, Cleanup: 9324 ns, At safepoint: 32677 ns, Total: 87186 ns
[2025-01-17T15:23:53.492+0000][81][info ][safepoint   ] Safepoint "Cleanup", Time since last: 1000978724 ns, Reaching safepoint: 30445 ns, Cleanup: 14205 ns, At safepoint: 5838 ns, Total: 50488 ns
[2025-01-17T15:23:55.572+0000][81][info ][safepoint   ] Safepoint "Cleanup", Time since last: 2080466733 ns, Reaching safepoint: 45464 ns, Cleanup: 26527 ns, At safepoint: 10775 ns, Total: 82766 ns
[2025-01-17T15:23:58.487+0000][81][info ][safepoint   ] Safepoint "Cleanup", Time since last: 2914127099 ns, Reaching safepoint: 10336 ns, Cleanup: 6737 ns, At safepoint: 18761 ns, Total: 35834 ns
[2025-01-17T15:23:59.593+0000][81][info ][safepoint   ] Safepoint "Cleanup", Time since last: 1106763920 ns, Reaching safepoint: 65740 ns, Cleanup: 14810 ns, At safepoint: 9140 ns, Total: 89690 ns
[2025-01-17T15:24:00.607+0000][81][info ][safepoint   ] Safepoint "Cleanup", Time since last: 1013256753 ns, Reaching safepoint: 60013 ns, Cleanup: 27423 ns, At safepoint: 14408 ns, Total: 101844 ns
[2025-01-17T15:24:01.608+0000][81][info ][safepoint   ] Safepoint "Cleanup", Time since last: 1001617966 ns, Reaching safepoint: 42026 ns, Cleanup: 20934 ns, At safepoint: 9819 ns, Total: 72779 ns
[2025-01-17T15:24:04.505+0000][81][info ][safepoint   ] Safepoint "Cleanup", Time since last: 2896489246 ns, Reaching safepoint: 27033 ns, Cleanup: 13511 ns, At safepoint: 8584 ns, Total: 49128 ns
[2025-01-17T15:24:05.652+0000][81][info ][safepoint   ] Safepoint "Cleanup", Time since last: 1149092792 ns, Reaching safepoint: 20623 ns, Cleanup: 30752 ns, At safepoint: 9756 ns, Total: 61131 ns
[2025-01-17T15:24:10.688+0000][81][info ][safepoint   ] Safepoint "Cleanup", Time since last: 5036330850 ns, Reaching safepoint: 18434 ns, Cleanup: 13014 ns, At safepoint: 8547 ns, Total: 39995 ns
[2025-01-17T15:24:16.492+0000][81][info ][safepoint   ] Safepoint "Cleanup", Time since last: 5804012791 ns, Reaching safepoint: 28091 ns, Cleanup: 13999 ns, At safepoint: 24100 ns, Total: 66190 ns
[2025-01-17T15:24:17.735+0000][81][info ][safepoint   ] Safepoint "Cleanup", Time since last: 1243238378 ns, Reaching safepoint: 32318 ns, Cleanup: 15918 ns, At safepoint: 5425 ns, Total: 53661 ns
[2025-01-17T15:24:18.737+0000][81][info ][safepoint   ] Safepoint "Cleanup", Time since last: 1001107009 ns, Reaching safepoint: 92929 ns, Cleanup: 26527 ns, At safepoint: 12268 ns, Total: 131724 ns
[2025-01-17T15:24:19.738+0000][81][info ][safepoint   ] Safepoint "Cleanup", Time since last: 1001328319 ns, Reaching safepoint: 102300 ns, Cleanup: 24251 ns, At safepoint: 25545 ns, Total: 152096 ns
[2025-01-17T15:24:22.475+0000][81][info ][safepoint   ] Safepoint "Cleanup", Time since last: 2736613257 ns, Reaching safepoint: 17928 ns, Cleanup: 28485 ns, At safepoint: 5129 ns, Total: 51542 ns
[2025-01-17T15:24:23.758+0000][81][info ][safepoint   ] Safepoint "Cleanup", Time since last: 1283186843 ns, Reaching safepoint: 62617 ns, Cleanup: 19604 ns, At safepoint: 6699 ns, Total: 88920 ns
[2025-01-17T15:24:24.760+0000][81][info ][safepoint   ] Safepoint "Cleanup", Time since last: 1001656754 ns, Reaching safepoint: 30706 ns, Cleanup: 13827 ns, At safepoint: 5475 ns, Total: 50008 ns
[2025-01-17T15:24:28.480+0000][81][info ][safepoint   ] Safepoint "Cleanup", Time since last: 3720025731 ns, Reaching safepoint: 32994 ns, Cleanup: 16519 ns, At safepoint: 18745 ns, Total: 68258 ns
[2025-01-17T15:24:29.778+0000][81][info ][safepoint   ] Safepoint "Cleanup", Time since last: 1297976442 ns, Reaching safepoint: 52534 ns, Cleanup: 26473 ns, At safepoint: 5469 ns, Total: 84476 ns
[2025-01-17T15:24:30.779+0000][81][info ][safepoint   ] Safepoint "Cleanup", Time since last: 1000511465 ns, Reaching safepoint: 64629 ns, Cleanup: 13159 ns, At safepoint: 6097 ns, Total: 83885 ns
[2025-01-17T15:24:34.485+0000][81][info ][safepoint   ] Safepoint "Cleanup", Time since last: 3706759111 ns, Reaching safepoint: 30681 ns, Cleanup: 8402 ns, At safepoint: 19215 ns, Total: 58298 ns
[2025-01-17T15:24:37.793+0000][81][info ][safepoint   ] Safepoint "Cleanup", Time since last: 3309432206 ns, Reaching safepoint: 47577 ns, Cleanup: 18211 ns, At safepoint: 5571 ns, Total: 71359 ns
[2025-01-17T15:24:40.478+0000][81][info ][safepoint   ] Safepoint "Cleanup", Time since last: 2685294785 ns, Reaching safepoint: 34055 ns, Cleanup: 13035 ns, At safepoint: 18760 ns, Total: 65850 ns
[2025-01-17T15:24:43.809+0000][81][info ][safepoint   ] Safepoint "Cleanup", Time since last: 3330873500 ns, Reaching safepoint: 38458 ns, Cleanup: 30538 ns, At safepoint: 5985 ns, Total: 74981 ns
[2025-01-17T15:24:46.490+0000][81][info ][safepoint   ] Safepoint "Cleanup", Time since last: 2680343474 ns, Reaching safepoint: 13019 ns, Cleanup: 7117 ns, At safepoint: 17825 ns, Total: 37961 ns
[2025-01-17T15:24:47.834+0000][81][info ][safepoint   ] Safepoint "Cleanup", Time since last: 1344624804 ns, Reaching safepoint: 175004 ns, Cleanup: 58098 ns, At safepoint: 7010 ns, Total: 240112 ns
[2025-01-17T15:24:52.481+0000][81][info ][safepoint   ] Safepoint "Cleanup", Time since last: 4646119225 ns, Reaching safepoint: 13057 ns, Cleanup: 14880 ns, At safepoint: 24840 ns, Total: 52777 ns
[2025-01-17T15:24:53.848+0000][81][info ][safepoint   ] Safepoint "Cleanup", Time since last: 1367014457 ns, Reaching safepoint: 31152 ns, Cleanup: 28263 ns, At safepoint: 5768 ns, Total: 65183 ns
[2025-01-17T15:24:54.849+0000][81][info ][safepoint   ] Safepoint "Cleanup", Time since last: 1000741917 ns, Reaching safepoint: 31824 ns, Cleanup: 16469 ns, At safepoint: 5712 ns, Total: 54005 ns
[2025-01-17T15:24:55.854+0000][81][info ][safepoint   ] Safepoint "Cleanup", Time since last: 1005031202 ns, Reaching safepoint: 42496 ns, Cleanup: 18680 ns, At safepoint: 5510 ns, Total: 66686 ns
[2025-01-17T15:24:58.488+0000][81][info ][safepoint   ] Safepoint "Cleanup", Time since last: 2634656063 ns, Reaching safepoint: 12317 ns, Cleanup: 9007 ns, At safepoint: 5429 ns, Total: 26753 ns
[2025-01-17T15:24:59.873+0000][81][info ][safepoint   ] Safepoint "Cleanup", Time since last: 1384689392 ns, Reaching safepoint: 50919 ns, Cleanup: 36641 ns, At safepoint: 11964 ns, Total: 99524 ns
[2025-01-17T15:25:00.874+0000][81][info ][safepoint   ] Safepoint "Cleanup", Time since last: 1001081618 ns, Reaching safepoint: 88338 ns, Cleanup: 22240 ns, At safepoint: 14022 ns, Total: 124600 ns
[2025-01-17T15:25:04.571+0000][81][info ][safepoint   ] Safepoint "Cleanup", Time since last: 3698168242 ns, Reaching safepoint: 12542 ns, Cleanup: 9433 ns, At safepoint: 31487 ns, Total: 53462 ns
[2025-01-17T15:25:05.891+0000][81][info ][safepoint   ] Safepoint "Cleanup", Time since last: 1319788617 ns, Reaching safepoint: 30177 ns, Cleanup: 14289 ns, At safepoint: 5513 ns, Total: 49979 ns
[2025-01-17T15:25:07.892+0000][81][info ][safepoint   ] Safepoint "Cleanup", Time since last: 2000971451 ns, Reaching safepoint: 29994 ns, Cleanup: 19973 ns, At safepoint: 5787 ns, Total: 55754 ns
[2025-01-17T15:25:10.474+0000][81][info ][safepoint   ] Safepoint "Cleanup", Time since last: 2581911862 ns, Reaching safepoint: 12510 ns, Cleanup: 8239 ns, At safepoint: 19623 ns, Total: 40372 ns
[2025-01-17T15:25:11.913+0000][81][info ][safepoint   ] Safepoint "Cleanup", Time since last: 1439145418 ns, Reaching safepoint: 17740 ns, Cleanup: 22629 ns, At safepoint: 8303 ns, Total: 48672 ns
[2025-01-17T15:25:13.919+0000][81][info ][safepoint   ] Safepoint "Cleanup", Time since last: 2006041150 ns, Reaching safepoint: 33926 ns, Cleanup: 18359 ns, At safepoint: 7997 ns, Total: 60282 ns
[2025-01-17T15:25:16.924+0000][81][info ][safepoint   ] Safepoint "Cleanup", Time since last: 3005402627 ns, Reaching safepoint: 29426 ns, Cleanup: 13221 ns, At safepoint: 20312 ns, Total: 62959 ns
[2025-01-17T15:25:18.932+0000][81][info ][safepoint   ] Safepoint "Cleanup", Time since last: 2007895692 ns, Reaching safepoint: 28128 ns, Cleanup: 15899 ns, At safepoint: 5554 ns, Total: 49581 ns
[2025-01-17T15:25:19.933+0000][81][info ][safepoint   ] Safepoint "Cleanup", Time since last: 1001093876 ns, Reaching safepoint: 28574 ns, Cleanup: 13468 ns, At safepoint: 5328 ns, Total: 47370 ns
[2025-01-17T15:25:22.944+0000][81][info ][safepoint   ] Safepoint "Cleanup", Time since last: 3010420824 ns, Reaching safepoint: 11572 ns, Cleanup: 11711 ns, At safepoint: 4569 ns, Total: 27852 ns
[2025-01-17T15:25:28.479+0000][81][info ][safepoint   ] Safepoint "Cleanup", Time since last: 5535120096 ns, Reaching safepoint: 10884 ns, Cleanup: 6948 ns, At safepoint: 18615 ns, Total: 36447 ns
[2025-01-17T15:25:29.972+0000][81][info ][safepoint   ] Safepoint "Cleanup", Time since last: 1493262418 ns, Reaching safepoint: 32103 ns, Cleanup: 21409 ns, At safepoint: 5846 ns, Total: 59358 ns
[2025-01-17T15:25:34.481+0000][81][info ][safepoint   ] Safepoint "Cleanup", Time since last: 4508224825 ns, Reaching safepoint: 28320 ns, Cleanup: 11496 ns, At safepoint: 18726 ns, Total: 58542 ns
[2025-01-17T15:25:43.037+0000][81][info ][safepoint   ] Safepoint "Cleanup", Time since last: 8558262473 ns, Reaching safepoint: 37447 ns, Cleanup: 25855 ns, At safepoint: 6072 ns, Total: 69374 ns
[2025-01-17T15:25:47.045+0000][81][info ][safepoint   ] Safepoint "Cleanup", Time since last: 4008078890 ns, Reaching safepoint: 19760 ns, Cleanup: 8349 ns, At safepoint: 22801 ns, Total: 50910 ns
[2025-01-17T15:25:51.055+0000][81][info ][safepoint   ] Safepoint "Cleanup", Time since last: 4010429395 ns, Reaching safepoint: 33399 ns, Cleanup: 18224 ns, At safepoint: 5310 ns, Total: 56933 ns
[2025-01-17T15:25:52.482+0000][81][info ][safepoint   ] Safepoint "Cleanup", Time since last: 1426875596 ns, Reaching safepoint: 11959 ns, Cleanup: 13588 ns, At safepoint: 16765 ns, Total: 42312 ns
[2025-01-17T15:25:54.078+0000][81][info ][safepoint   ] Safepoint "Cleanup", Time since last: 1596102814 ns, Reaching safepoint: 28744 ns, Cleanup: 23134 ns, At safepoint: 5890 ns, Total: 57768 ns
[2025-01-17T15:25:55.497+0000][81][info ][safepoint   ] Safepoint "Cleanup", Time since last: 1418944819 ns, Reaching safepoint: 10056 ns, Cleanup: 9389 ns, At safepoint: 17629 ns, Total: 37074 ns
[2025-01-17T15:25:57.104+0000][81][info ][safepoint   ] Safepoint "Cleanup", Time since last: 1606267118 ns, Reaching safepoint: 39484 ns, Cleanup: 25759 ns, At safepoint: 7559 ns, Total: 72802 ns
[2025-01-17T15:25:59.117+0000][81][info ][safepoint   ] Safepoint "Cleanup", Time since last: 2013416695 ns, Reaching safepoint: 97699 ns, Cleanup: 12896 ns, At safepoint: 51444 ns, Total: 162039 ns
[2025-01-17T15:26:00.131+0000][81][info ][safepoint   ] Safepoint "Cleanup", Time since last: 1013538612 ns, Reaching safepoint: 29154 ns, Cleanup: 15459 ns, At safepoint: 5626 ns, Total: 50239 ns
[2025-01-17T15:26:01.164+0000][81][info ][safepoint   ] Safepoint "Cleanup", Time since last: 1032699354 ns, Reaching safepoint: 11615 ns, Cleanup: 15512 ns, At safepoint: 4659 ns, Total: 31786 ns
[2025-01-17T15:26:02.170+0000][81][info ][safepoint   ] Safepoint "Cleanup", Time since last: 1006374799 ns, Reaching safepoint: 67481 ns, Cleanup: 15105 ns, At safepoint: 7481 ns, Total: 90067 ns
[2025-01-17T15:26:14.208+0000][81][info ][safepoint   ] Safepoint "Cleanup", Time since last: 12041118971 ns, Reaching safepoint: 28183 ns, Cleanup: 13494 ns, At safepoint: 4931 ns, Total: 46608 ns
[2025-01-17T15:26:16.488+0000][81][info ][safepoint   ] Safepoint "Cleanup", Time since last: 2280221112 ns, Reaching safepoint: 10311 ns, Cleanup: 10533 ns, At safepoint: 3963 ns, Total: 24807 ns
[2025-01-17T15:26:18.228+0000][81][info ][safepoint   ] Safepoint "Cleanup", Time since last: 1739854063 ns, Reaching safepoint: 63722 ns, Cleanup: 19380 ns, At safepoint: 7893 ns, Total: 90995 ns
[2025-01-17T15:26:23.241+0000][81][info ][safepoint   ] Safepoint "Cleanup", Time since last: 5013145417 ns, Reaching safepoint: 11860 ns, Cleanup: 15564 ns, At safepoint: 18342 ns, Total: 45766 ns
[2025-01-17T15:26:26.251+0000][81][info ][safepoint   ] Safepoint "Cleanup", Time since last: 3009249876 ns, Reaching safepoint: 38605 ns, Cleanup: 15903 ns, At safepoint: 6505 ns, Total: 61013 ns
[2025-01-17T15:26:28.480+0000][81][info ][safepoint   ] Safepoint "Cleanup", Time since last: 2229309211 ns, Reaching safepoint: 10054 ns, Cleanup: 6015 ns, At safepoint: 17325 ns, Total: 33394 ns
[2025-01-17T15:26:30.276+0000][81][info ][safepoint   ] Safepoint "Cleanup", Time since last: 1796142817 ns, Reaching safepoint: 29230 ns, Cleanup: 16412 ns, At safepoint: 5499 ns, Total: 51141 ns
[2025-01-17T15:26:38.301+0000][81][info ][safepoint   ] Safepoint "Cleanup", Time since last: 8025409056 ns, Reaching safepoint: 73306 ns, Cleanup: 18179 ns, At safepoint: 8747 ns, Total: 100232 ns
[2025-01-17T15:26:43.348+0000][81][info ][safepoint   ] Safepoint "Cleanup", Time since last: 5046686438 ns, Reaching safepoint: 28615 ns, Cleanup: 19397 ns, At safepoint: 5081 ns, Total: 53093 ns
[2025-01-17T15:26:46.349+0000][81][info ][safepoint   ] Safepoint "Cleanup", Time since last: 3001284192 ns, Reaching safepoint: 36531 ns, Cleanup: 17657 ns, At safepoint: 7707 ns, Total: 61895 ns
[2025-01-17T15:26:51.370+0000][81][info ][safepoint   ] Safepoint "Cleanup", Time since last: 5021126266 ns, Reaching safepoint: 56630 ns, Cleanup: 14034 ns, At safepoint: 5369 ns, Total: 76033 ns
[2025-01-17T15:26:52.489+0000][81][info ][safepoint   ] Safepoint "Cleanup", Time since last: 1118975813 ns, Reaching safepoint: 11558 ns, Cleanup: 8715 ns, At safepoint: 17901 ns, Total: 38174 ns
[2025-01-17T15:26:54.400+0000][81][info ][safepoint   ] Safepoint "Cleanup", Time since last: 1910612574 ns, Reaching safepoint: 31386 ns, Cleanup: 14221 ns, At safepoint: 5299 ns, Total: 50906 ns
[2025-01-17T15:26:58.484+0000][81][info ][safepoint   ] Safepoint "Cleanup", Time since last: 4084534838 ns, Reaching safepoint: 11426 ns, Cleanup: 8267 ns, At safepoint: 19622 ns, Total: 39315 ns
[2025-01-17T15:27:00.444+0000][81][info ][safepoint   ] Safepoint "Cleanup", Time since last: 1959914934 ns, Reaching safepoint: 47390 ns, Cleanup: 27398 ns, At safepoint: 10296 ns, Total: 85084 ns
[2025-01-17T15:27:01.446+0000][81][info ][safepoint   ] Safepoint "Cleanup", Time since last: 1001420680 ns, Reaching safepoint: 29086 ns, Cleanup: 14114 ns, At safepoint: 5344 ns, Total: 48544 ns
[2025-01-17T15:27:02.447+0000][81][info ][safepoint   ] Safepoint "Cleanup", Time since last: 1000864699 ns, Reaching safepoint: 32603 ns, Cleanup: 14189 ns, At safepoint: 5800 ns, Total: 52592 ns
[2025-01-17T15:27:04.523+0000][81][info ][safepoint   ] Safepoint "Cleanup", Time since last: 2076172413 ns, Reaching safepoint: 68621 ns, Cleanup: 7750 ns, At safepoint: 19223 ns, Total: 95594 ns
[2025-01-17T15:27:06.495+0000][81][info ][safepoint   ] Safepoint "Cleanup", Time since last: 1973650474 ns, Reaching safepoint: 30774 ns, Cleanup: 14521 ns, At safepoint: 5452 ns, Total: 50747 ns
[2025-01-17T15:27:09.416+0000][81][info ][safepoint   ] Safepoint "Cleanup", Time since last: 2920606581 ns, Reaching safepoint: 13781 ns, Cleanup: 14472 ns, At safepoint: 28074 ns, Total: 56327 ns
[2025-01-17T15:27:11.492+0000][81][info ][safepoint   ] Safepoint "Cleanup", Time since last: 2076116546 ns, Reaching safepoint: 30844 ns, Cleanup: 15281 ns, At safepoint: 5076 ns, Total: 51201 ns
[2025-01-17T15:27:12.526+0000][81][info ][safepoint   ] Safepoint "Cleanup", Time since last: 1033928260 ns, Reaching safepoint: 11449 ns, Cleanup: 12050 ns, At safepoint: 4480 ns, Total: 27979 ns
[2025-01-17T15:27:22.498+0000][81][info ][safepoint   ] Safepoint "Cleanup", Time since last: 9972448663 ns, Reaching safepoint: 30878 ns, Cleanup: 11503 ns, At safepoint: 32198 ns, Total: 74579 ns
[2025-01-17T15:27:23.515+0000][81][info ][safepoint   ] Safepoint "Cleanup", Time since last: 1016132669 ns, Reaching safepoint: 50682 ns, Cleanup: 92164 ns, At safepoint: 93545 ns, Total: 236391 ns
[2025-01-17T15:27:31.609+0000][81][info ][safepoint   ] Safepoint "Cleanup", Time since last: 8094204723 ns, Reaching safepoint: 38549 ns, Cleanup: 15926 ns, At safepoint: 8275 ns, Total: 62750 ns
[2025-01-17T15:27:34.625+0000][81][info ][safepoint   ] Safepoint "Cleanup", Time since last: 3018546183 ns, Reaching safepoint: 28548 ns, Cleanup: 11644 ns, At safepoint: 18627 ns, Total: 58819 ns
[2025-01-17T15:27:35.659+0000][81][info ][safepoint   ] Safepoint "Cleanup", Time since last: 1033647925 ns, Reaching safepoint: 102797 ns, Cleanup: 8539 ns, At safepoint: 48516 ns, Total: 159852 ns
[2025-01-17T15:27:36.664+0000][81][info ][safepoint   ] Safepoint "Cleanup", Time since last: 1005202142 ns, Reaching safepoint: 36435 ns, Cleanup: 14769 ns, At safepoint: 6096 ns, Total: 57300 ns
[2025-01-17T15:27:37.669+0000][81][info ][safepoint   ] Safepoint "Cleanup", Time since last: 1005040650 ns, Reaching safepoint: 54638 ns, Cleanup: 14114 ns, At safepoint: 5562 ns, Total: 74314 ns
[2025-01-17T15:27:40.687+0000][81][info ][safepoint   ] Safepoint "Cleanup", Time since last: 3017986331 ns, Reaching safepoint: 11361 ns, Cleanup: 9679 ns, At safepoint: 4598 ns, Total: 25638 ns
[2025-01-17T15:27:43.716+0000][81][info ][safepoint   ] Safepoint "Cleanup", Time since last: 3028809295 ns, Reaching safepoint: 28124 ns, Cleanup: 15991 ns, At safepoint: 5379 ns, Total: 49494 ns
[2025-01-17T15:27:48.737+0000][81][info ][safepoint   ] Safepoint "Cleanup", Time since last: 5020426949 ns, Reaching safepoint: 56348 ns, Cleanup: 26139 ns, At safepoint: 11683 ns, Total: 94170 ns
[2025-01-17T15:27:50.739+0000][81][info ][safepoint   ] Safepoint "Cleanup", Time since last: 2002159207 ns, Reaching safepoint: 156622 ns, Cleanup: 16684 ns, At safepoint: 7206 ns, Total: 180512 ns
[2025-01-17T15:27:55.775+0000][81][info ][safepoint   ] Safepoint "Cleanup", Time since last: 5035370792 ns, Reaching safepoint: 43583 ns, Cleanup: 20244 ns, At safepoint: 9049 ns, Total: 72876 ns
[2025-01-17T15:27:58.792+0000][81][info ][safepoint   ] Safepoint "Cleanup", Time since last: 3017843331 ns, Reaching safepoint: 11490 ns, Cleanup: 10412 ns, At safepoint: 18534 ns, Total: 40436 ns
[2025-01-17T15:28:04.827+0000][81][info ][safepoint   ] Safepoint "Cleanup", Time since last: 6035771702 ns, Reaching safepoint: 12376 ns, Cleanup: 7733 ns, At safepoint: 18112 ns, Total: 38221 ns
[2025-01-17T15:28:05.827+0000][81][info ][safepoint   ] Safepoint "Cleanup", Time since last: 1000196721 ns, Reaching safepoint: 9739 ns, Cleanup: 12634 ns, At safepoint: 17949 ns, Total: 40322 ns
[2025-01-17T15:28:07.835+0000][81][info ][safepoint   ] Safepoint "Cleanup", Time since last: 2007762103 ns, Reaching safepoint: 34300 ns, Cleanup: 13142 ns, At safepoint: 5231 ns, Total: 52673 ns
[2025-01-17T15:28:10.859+0000][81][info ][safepoint   ] Safepoint "Cleanup", Time since last: 3021060395 ns, Reaching safepoint: 3246549 ns, Cleanup: 19541 ns, At safepoint: 104074 ns, Total: 3370164 ns
[2025-01-17T15:28:12.954+0000][81][info ][safepoint   ] Safepoint "Cleanup", Time since last: 2094504120 ns, Reaching safepoint: 32501 ns, Cleanup: 61147 ns, At safepoint: 6875 ns, Total: 100523 ns
[2025-01-17T15:28:16.492+0000][81][info ][safepoint   ] Safepoint "Cleanup", Time since last: 3538622532 ns, Reaching safepoint: 10873 ns, Cleanup: 32238 ns, At safepoint: 5103 ns, Total: 48214 ns
[2025-01-17T15:28:17.980+0000][81][info ][safepoint   ] Safepoint "Cleanup", Time since last: 1487223984 ns, Reaching safepoint: 28885 ns, Cleanup: 17071 ns, At safepoint: 5482 ns, Total: 51438 ns
[2025-01-17T15:28:22.493+0000][81][info ][gc,start    ] GC(18) Pause Young (Mixed) (G1 Evacuation Pause)
[2025-01-17T15:28:22.495+0000][81][info ][gc,task     ] GC(18) Using 18 workers of 18 for evacuation
[2025-01-17T15:28:22.496+0000][81][debug][gc,age      ] GC(18) Desired survivor size 39845888 bytes, new threshold 15 (max threshold 15)
[2025-01-17T15:28:22.634+0000][81][info ][gc,phases   ] GC(18)   Pre Evacuate Collection Set: 10.7ms
[2025-01-17T15:28:22.635+0000][81][info ][gc,phases   ] GC(18)   Merge Heap Roots: 3.6ms
[2025-01-17T15:28:22.636+0000][81][info ][gc,phases   ] GC(18)   Evacuate Collection Set: 104.9ms
[2025-01-17T15:28:22.636+0000][81][info ][gc,phases   ] GC(18)   Post Evacuate Collection Set: 9.2ms
[2025-01-17T15:28:22.637+0000][81][info ][gc,phases   ] GC(18)   Other: 11.4ms
[2025-01-17T15:28:22.637+0000][81][trace][gc,age      ] GC(18) Age table with threshold 15 (max threshold 15)
[2025-01-17T15:28:22.638+0000][81][trace][gc,age      ] GC(18) - age   1:    1896456 bytes,    1896456 total
[2025-01-17T15:28:22.638+0000][81][trace][gc,age      ] GC(18) - age   2:     390088 bytes,    2286544 total
[2025-01-17T15:28:22.638+0000][81][trace][gc,age      ] GC(18) - age   3:      70200 bytes,    2356744 total
[2025-01-17T15:28:22.639+0000][81][trace][gc,age      ] GC(18) - age   4:    5314728 bytes,    7671472 total
[2025-01-17T15:28:22.639+0000][81][info ][gc,heap     ] GC(18) Eden regions: 146->0(187)
[2025-01-17T15:28:22.639+0000][81][info ][gc,heap     ] GC(18) Survivor regions: 2->3(19)
[2025-01-17T15:28:22.640+0000][81][info ][gc,heap     ] GC(18) Old regions: 35->35
[2025-01-17T15:28:22.640+0000][81][info ][gc,heap     ] GC(18) Humongous regions: 4->4
[2025-01-17T15:28:22.640+0000][81][info ][gc,metaspace] GC(18) Metaspace: 153383K(157568K)->153383K(157568K) NonClass: 133005K(135232K)->133005K(135232K) Class: 20377K(22336K)->20377K(22336K)
[2025-01-17T15:28:22.641+0000][81][info ][gc          ] GC(18) Pause Young (Mixed) (G1 Evacuation Pause) 746M->162M(3392M) 147.754ms
[2025-01-17T15:28:22.641+0000][81][info ][gc,cpu      ] GC(18) User=1.16s Sys=0.00s Real=0.15s
[2025-01-17T15:28:22.642+0000][81][info ][safepoint   ] Safepoint "G1CollectForAllocation", Time since last: 4510239126 ns, Reaching safepoint: 39706 ns, Cleanup: 4121 ns, At safepoint: 151746310 ns, Total: 151790137 ns
[2025-01-17T15:28:24.013+0000][81][info ][safepoint   ] Safepoint "Cleanup", Time since last: 1371698990 ns, Reaching safepoint: 55005 ns, Cleanup: 18248 ns, At safepoint: 5999 ns, Total: 79252 ns
[2025-01-17T15:28:26.014+0000][81][info ][safepoint   ] Safepoint "Cleanup", Time since last: 2000817877 ns, Reaching safepoint: 132594 ns, Cleanup: 18310 ns, At safepoint: 8155 ns, Total: 159059 ns
[2025-01-17T15:28:29.038+0000][81][info ][safepoint   ] Safepoint "Cleanup", Time since last: 3023761914 ns, Reaching safepoint: 105292 ns, Cleanup: 12642 ns, At safepoint: 33686 ns, Total: 151620 ns
[2025-01-17T15:28:30.054+0000][81][info ][safepoint   ] Safepoint "Cleanup", Time since last: 1015857287 ns, Reaching safepoint: 31202 ns, Cleanup: 27520 ns, At safepoint: 5106 ns, Total: 63828 ns
[2025-01-17T15:28:33.085+0000][81][info ][safepoint   ] Safepoint "Cleanup", Time since last: 3001300877 ns, Reaching safepoint: 29101930 ns, Cleanup: 21325 ns, At safepoint: 110213 ns, Total: 29233468 ns
[2025-01-17T15:28:34.513+0000][81][info ][safepoint   ] Safepoint "Cleanup", Time since last: 1427943222 ns, Reaching safepoint: 11790 ns, Cleanup: 11228 ns, At safepoint: 18219 ns, Total: 41237 ns
[2025-01-17T15:28:36.116+0000][81][info ][safepoint   ] Safepoint "Cleanup", Time since last: 1605631160 ns, Reaching safepoint: 114717 ns, Cleanup: 43403 ns, At safepoint: 19510 ns, Total: 177630 ns
[2025-01-17T15:28:42.135+0000][81][info ][safepoint   ] Safepoint "Cleanup", Time since last: 6019170582 ns, Reaching safepoint: 30852 ns, Cleanup: 12059 ns, At safepoint: 5830 ns, Total: 48741 ns
[2025-01-17T15:28:43.136+0000][81][info ][safepoint   ] Safepoint "Cleanup", Time since last: 1000827548 ns, Reaching safepoint: 29217 ns, Cleanup: 14413 ns, At safepoint: 5083 ns, Total: 48713 ns
[2025-01-17T15:28:44.137+0000][81][info ][safepoint   ] Safepoint "Cleanup", Time since last: 1000926143 ns, Reaching safepoint: 31155 ns, Cleanup: 13149 ns, At safepoint: 5599 ns, Total: 49903 ns
[2025-01-17T15:28:46.508+0000][81][info ][safepoint   ] Safepoint "Cleanup", Time since last: 2371327839 ns, Reaching safepoint: 12578 ns, Cleanup: 12410 ns, At safepoint: 4141 ns, Total: 29129 ns
[2025-01-17T15:28:48.172+0000][81][info ][safepoint   ] Safepoint "Cleanup", Time since last: 1663252122 ns, Reaching safepoint: 44711 ns, Cleanup: 22543 ns, At safepoint: 9820 ns, Total: 77074 ns
[2025-01-17T15:28:53.193+0000][81][info ][safepoint   ] Safepoint "Cleanup", Time since last: 5021454870 ns, Reaching safepoint: 48642 ns, Cleanup: 13975 ns, At safepoint: 106443 ns, Total: 169060 ns
[2025-01-17T15:28:56.212+0000][81][info ][safepoint   ] Safepoint "Cleanup", Time since last: 3019021364 ns, Reaching safepoint: 51261 ns, Cleanup: 20699 ns, At safepoint: 10324 ns, Total: 82284 ns
[2025-01-17T15:28:58.520+0000][81][info ][safepoint   ] Safepoint "Cleanup", Time since last: 2307712749 ns, Reaching safepoint: 11714 ns, Cleanup: 8190 ns, At safepoint: 19920 ns, Total: 39824 ns
[2025-01-17T15:29:00.285+0000][81][info ][safepoint   ] Safepoint "Cleanup", Time since last: 1765013520 ns, Reaching safepoint: 16252 ns, Cleanup: 10894 ns, At safepoint: 6827 ns, Total: 33973 ns
[2025-01-17T15:29:08.315+0000][81][info ][safepoint   ] Safepoint "Cleanup", Time since last: 8031546222 ns, Reaching safepoint: 114244 ns, Cleanup: 20080 ns, At safepoint: 15109 ns, Total: 149433 ns
[2025-01-17T15:29:10.735+0000][81][info ][safepoint   ] Safepoint "Cleanup", Time since last: 2419865457 ns, Reaching safepoint: 23677 ns, Cleanup: 8671 ns, At safepoint: 22195 ns, Total: 54543 ns
[2025-01-17T15:29:12.360+0000][81][info ][safepoint   ] Safepoint "Cleanup", Time since last: 1624677217 ns, Reaching safepoint: 20440 ns, Cleanup: 25697 ns, At safepoint: 10807 ns, Total: 56944 ns
[2025-01-17T15:29:17.376+0000][81][info ][safepoint   ] Safepoint "Cleanup", Time since last: 5016770289 ns, Reaching safepoint: 19737 ns, Cleanup: 16112 ns, At safepoint: 39740 ns, Total: 75589 ns
[2025-01-17T15:29:18.401+0000][81][info ][safepoint   ] Safepoint "Cleanup", Time since last: 1024146547 ns, Reaching safepoint: 40954 ns, Cleanup: 20402 ns, At safepoint: 9746 ns, Total: 71102 ns
[2025-01-17T15:29:27.439+0000][81][info ][safepoint   ] Safepoint "Cleanup", Time since last: 9038212723 ns, Reaching safepoint: 137521 ns, Cleanup: 17600 ns, At safepoint: 14712 ns, Total: 169833 ns
[2025-01-17T15:29:29.463+0000][81][info ][safepoint   ] Safepoint "Cleanup", Time since last: 2023644827 ns, Reaching safepoint: 20444 ns, Cleanup: 13412 ns, At safepoint: 36309 ns, Total: 70165 ns
[2025-01-17T15:29:30.481+0000][81][info ][safepoint   ] Safepoint "Cleanup", Time since last: 1017935413 ns, Reaching safepoint: 46243 ns, Cleanup: 21102 ns, At safepoint: 11137 ns, Total: 78482 ns
[2025-01-17T15:29:33.483+0000][81][info ][safepoint   ] Safepoint "Cleanup", Time since last: 3001675743 ns, Reaching safepoint: 56972 ns, Cleanup: 70097 ns, At safepoint: 11173 ns, Total: 138242 ns
[2025-01-17T15:29:34.529+0000][81][info ][safepoint   ] Safepoint "Cleanup", Time since last: 1046600035 ns, Reaching safepoint: 8989 ns, Cleanup: 7544 ns, At safepoint: 3861 ns, Total: 20394 ns
[2025-01-17T15:29:37.522+0000][81][info ][safepoint   ] Safepoint "Cleanup", Time since last: 2994701735 ns, Reaching safepoint: 47245 ns, Cleanup: 12624 ns, At safepoint: 5341 ns, Total: 65210 ns
[2025-01-17T15:29:40.521+0000][81][info ][safepoint   ] Safepoint "Cleanup", Time since last: 2998902276 ns, Reaching safepoint: 299433 ns, Cleanup: 12716 ns, At safepoint: 63077 ns, Total: 375226 ns
[2025-01-17T15:29:41.606+0000][81][info ][safepoint   ] Safepoint "Cleanup", Time since last: 1084316851 ns, Reaching safepoint: 106009 ns, Cleanup: 11987 ns, At safepoint: 70501 ns, Total: 188497 ns
[2025-01-17T15:29:43.576+0000][81][info ][safepoint   ] Safepoint "Cleanup", Time since last: 1969634446 ns, Reaching safepoint: 31093 ns, Cleanup: 23238 ns, At safepoint: 5104 ns, Total: 59435 ns
[2025-01-17T15:29:46.503+0000][81][info ][safepoint   ] Safepoint "Cleanup", Time since last: 2927206054 ns, Reaching safepoint: 19394 ns, Cleanup: 9863 ns, At safepoint: 9677 ns, Total: 38934 ns
[2025-01-17T15:29:47.517+0000][81][info ][safepoint   ] Safepoint "Cleanup", Time since last: 1014330931 ns, Reaching safepoint: 27620 ns, Cleanup: 12289 ns, At safepoint: 5645 ns, Total: 45554 ns
[2025-01-17T15:29:48.596+0000][81][info ][safepoint   ] Safepoint "Cleanup", Time since last: 1078372956 ns, Reaching safepoint: 27983 ns, Cleanup: 15372 ns, At safepoint: 5277 ns, Total: 48632 ns
[2025-01-17T15:29:52.520+0000][81][info ][safepoint   ] Safepoint "Cleanup", Time since last: 3924050575 ns, Reaching safepoint: 37133 ns, Cleanup: 13908 ns, At safepoint: 32443 ns, Total: 83484 ns
[2025-01-17T15:29:58.523+0000][81][info ][safepoint   ] Safepoint "Cleanup", Time since last: 6002743147 ns, Reaching safepoint: 104990 ns, Cleanup: 9264 ns, At safepoint: 38177 ns, Total: 152431 ns
[2025-01-17T15:30:04.765+0000][81][info ][safepoint   ] Safepoint "Cleanup", Time since last: 6244210721 ns, Reaching safepoint: 15286 ns, Cleanup: 8327 ns, At safepoint: 4678 ns, Total: 28291 ns
[2025-01-17T15:30:13.777+0000][81][info ][safepoint   ] Safepoint "Cleanup", Time since last: 9012154547 ns, Reaching safepoint: 44808 ns, Cleanup: 17424 ns, At safepoint: 8164 ns, Total: 70396 ns
[2025-01-17T15:30:25.828+0000][81][info ][safepoint   ] Safepoint "Cleanup", Time since last: 12051133159 ns, Reaching safepoint: 133170 ns, Cleanup: 27278 ns, At safepoint: 24565 ns, Total: 185013 ns
[2025-01-17T15:30:29.859+0000][81][info ][safepoint   ] Safepoint "Cleanup", Time since last: 4030496150 ns, Reaching safepoint: 27393 ns, Cleanup: 12276 ns, At safepoint: 4641 ns, Total: 44310 ns
[2025-01-17T15:30:31.868+0000][81][info ][safepoint   ] Safepoint "Cleanup", Time since last: 2009355148 ns, Reaching safepoint: 48993 ns, Cleanup: 16457 ns, At safepoint: 5692 ns, Total: 71142 ns
[2025-01-17T15:30:34.511+0000][81][info ][safepoint   ] Safepoint "Cleanup", Time since last: 2642412527 ns, Reaching safepoint: 10488 ns, Cleanup: 6542 ns, At safepoint: 18108 ns, Total: 35138 ns
[2025-01-17T15:30:40.537+0000][81][info ][safepoint   ] Safepoint "Cleanup", Time since last: 6027982988 ns, Reaching safepoint: 14855 ns, Cleanup: 8100 ns, At safepoint: 18397 ns, Total: 41352 ns
[2025-01-17T15:30:43.929+0000][81][info ][safepoint   ] Safepoint "Cleanup", Time since last: 3391251072 ns, Reaching safepoint: 52641 ns, Cleanup: 38974 ns, At safepoint: 9928 ns, Total: 101543 ns
[2025-01-17T15:30:46.945+0000][81][info ][safepoint   ] Safepoint "Cleanup", Time since last: 3016470617 ns, Reaching safepoint: 16637 ns, Cleanup: 12967 ns, At safepoint: 8009 ns, Total: 37613 ns
[2025-01-17T15:30:53.997+0000][81][info ][safepoint   ] Safepoint "Cleanup", Time since last: 7052231481 ns, Reaching safepoint: 110646 ns, Cleanup: 30802 ns, At safepoint: 18105 ns, Total: 159553 ns
[2025-01-17T15:30:55.999+0000][81][info ][safepoint   ] Safepoint "Cleanup", Time since last: 2001515499 ns, Reaching safepoint: 38215 ns, Cleanup: 18054 ns, At safepoint: 8671 ns, Total: 64940 ns
[2025-01-17T15:30:58.526+0000][81][info ][safepoint   ] Safepoint "Cleanup", Time since last: 2527360533 ns, Reaching safepoint: 12881 ns, Cleanup: 12928 ns, At safepoint: 22298 ns, Total: 48107 ns
[2025-01-17T15:31:01.521+0000][81][info ][safepoint   ] Safepoint "Cleanup", Time since last: 2994646372 ns, Reaching safepoint: 9982 ns, Cleanup: 8358 ns, At safepoint: 15335 ns, Total: 33675 ns
[2025-01-17T15:31:05.121+0000][81][info ][safepoint   ] Safepoint "Cleanup", Time since last: 3601667435 ns, Reaching safepoint: 17671 ns, Cleanup: 14436 ns, At safepoint: 7609 ns, Total: 39716 ns
[2025-01-17T15:31:10.795+0000][81][info ][safepoint   ] Safepoint "Cleanup", Time since last: 5674424060 ns, Reaching safepoint: 12200 ns, Cleanup: 7324 ns, At safepoint: 17827 ns, Total: 37351 ns
[2025-01-17T15:31:12.161+0000][81][info ][safepoint   ] Safepoint "Cleanup", Time since last: 1365647178 ns, Reaching safepoint: 30642 ns, Cleanup: 14094 ns, At safepoint: 5566 ns, Total: 50302 ns
[2025-01-17T15:31:16.507+0000][81][info ][safepoint   ] Safepoint "Cleanup", Time since last: 4346128509 ns, Reaching safepoint: 10410 ns, Cleanup: 5918 ns, At safepoint: 4538 ns, Total: 20866 ns
[2025-01-17T15:31:18.197+0000][81][info ][safepoint   ] Safepoint "Cleanup", Time since last: 1689994381 ns, Reaching safepoint: 60500 ns, Cleanup: 35002 ns, At safepoint: 83700 ns, Total: 179202 ns
[2025-01-17T15:31:20.199+0000][81][info ][safepoint   ] Safepoint "Cleanup", Time since last: 2001695933 ns, Reaching safepoint: 51232 ns, Cleanup: 14241 ns, At safepoint: 5694 ns, Total: 71167 ns
[2025-01-17T15:31:23.226+0000][81][info ][safepoint   ] Safepoint "Cleanup", Time since last: 3026937539 ns, Reaching safepoint: 10292 ns, Cleanup: 9021 ns, At safepoint: 4580 ns, Total: 23893 ns
[2025-01-17T15:31:41.371+0000][81][info ][safepoint   ] Safepoint "Cleanup", Time since last: 18146279864 ns, Reaching safepoint: 14375 ns, Cleanup: 7416 ns, At safepoint: 4053 ns, Total: 25844 ns
[2025-01-17T15:31:42.371+0000][81][info ][safepoint   ] Safepoint "Cleanup", Time since last: 1000014413 ns, Reaching safepoint: 10160 ns, Cleanup: 26759 ns, At safepoint: 17747 ns, Total: 54666 ns
[2025-01-17T15:31:43.374+0000][81][info ][safepoint   ] Safepoint "Cleanup", Time since last: 1003701552 ns, Reaching safepoint: 31764 ns, Cleanup: 13696 ns, At safepoint: 5320 ns, Total: 50780 ns
[2025-01-17T15:31:46.375+0000][81][info ][safepoint   ] Safepoint "Cleanup", Time since last: 3000922662 ns, Reaching safepoint: 45824 ns, Cleanup: 17810 ns, At safepoint: 6050 ns, Total: 69684 ns
[2025-01-17T15:31:56.426+0000][81][info ][safepoint   ] Safepoint "Cleanup", Time since last: 10050596403 ns, Reaching safepoint: 61770 ns, Cleanup: 14717 ns, At safepoint: 7106 ns, Total: 83593 ns
[2025-01-17T15:31:58.427+0000][81][info ][safepoint   ] Safepoint "Cleanup", Time since last: 2000871679 ns, Reaching safepoint: 27724 ns, Cleanup: 12689 ns, At safepoint: 5355 ns, Total: 45768 ns
[2025-01-17T15:31:59.443+0000][81][info ][safepoint   ] Safepoint "Cleanup", Time since last: 1016098876 ns, Reaching safepoint: 23594 ns, Cleanup: 9709 ns, At safepoint: 4273 ns, Total: 37576 ns
[2025-01-17T15:32:07.490+0000][81][info ][safepoint   ] Safepoint "Cleanup", Time since last: 8049543291 ns, Reaching safepoint: 28729 ns, Cleanup: 11168 ns, At safepoint: 19055 ns, Total: 58952 ns
[2025-01-17T15:32:16.510+0000][81][info ][safepoint   ] Safepoint "Cleanup", Time since last: 9019050686 ns, Reaching safepoint: 12049 ns, Cleanup: 8113 ns, At safepoint: 20507 ns, Total: 40669 ns
[2025-01-17T15:32:18.542+0000][81][info ][safepoint   ] Safepoint "Cleanup", Time since last: 2032317495 ns, Reaching safepoint: 32303 ns, Cleanup: 15114 ns, At safepoint: 78395 ns, Total: 125812 ns
[2025-01-17T15:32:23.548+0000][81][info ][safepoint   ] Safepoint "Cleanup", Time since last: 5006350376 ns, Reaching safepoint: 28950 ns, Cleanup: 13522 ns, At safepoint: 5577 ns, Total: 48049 ns
[2025-01-17T15:32:28.507+0000][81][info ][safepoint   ] Safepoint "Cleanup", Time since last: 4958733640 ns, Reaching safepoint: 25850 ns, Cleanup: 8155 ns, At safepoint: 4085 ns, Total: 38090 ns
[2025-01-17T15:32:29.526+0000][81][info ][safepoint   ] Safepoint "Cleanup", Time since last: 1018449490 ns, Reaching safepoint: 66290 ns, Cleanup: 30250 ns, At safepoint: 14188 ns, Total: 110728 ns
[2025-01-17T15:32:31.602+0000][81][info ][safepoint   ] Safepoint "Cleanup", Time since last: 2075828134 ns, Reaching safepoint: 37110 ns, Cleanup: 15198 ns, At safepoint: 6515 ns, Total: 58823 ns
[2025-01-17T15:32:33.604+0000][81][info ][safepoint   ] Safepoint "Cleanup", Time since last: 2002341346 ns, Reaching safepoint: 50258 ns, Cleanup: 25431 ns, At safepoint: 11718 ns, Total: 87407 ns
[2025-01-17T15:32:34.617+0000][81][info ][safepoint   ] Safepoint "Cleanup", Time since last: 1014788450 ns, Reaching safepoint: 133068 ns, Cleanup: 11334 ns, At safepoint: 97011 ns, Total: 241413 ns
[2025-01-17T15:32:35.646+0000][81][info ][safepoint   ] Safepoint "Cleanup", Time since last: 1028682785 ns, Reaching safepoint: 12919 ns, Cleanup: 10423 ns, At safepoint: 7024 ns, Total: 30366 ns
[2025-01-17T15:32:40.565+0000][81][info ][safepoint   ] Safepoint "Cleanup", Time since last: 4918871746 ns, Reaching safepoint: 10752 ns, Cleanup: 9280 ns, At safepoint: 16757 ns, Total: 36789 ns
[2025-01-17T15:32:41.700+0000][81][info ][safepoint   ] Safepoint "Cleanup", Time since last: 1135294752 ns, Reaching safepoint: 92878 ns, Cleanup: 75858 ns, At safepoint: 18669 ns, Total: 187405 ns
[2025-01-17T15:32:43.702+0000][81][info ][safepoint   ] Safepoint "Cleanup", Time since last: 2002009377 ns, Reaching safepoint: 55674 ns, Cleanup: 29381 ns, At safepoint: 11693 ns, Total: 96748 ns
[2025-01-17T15:32:57.772+0000][81][info ][safepoint   ] Safepoint "Cleanup", Time since last: 14069577063 ns, Reaching safepoint: 55273 ns, Cleanup: 14090 ns, At safepoint: 5749 ns, Total: 75112 ns
[2025-01-17T15:33:04.555+0000][81][info ][safepoint   ] Safepoint "Cleanup", Time since last: 6783135504 ns, Reaching safepoint: 8005 ns, Cleanup: 5340 ns, At safepoint: 3845 ns, Total: 17190 ns
[2025-01-17T15:33:13.884+0000][81][info ][safepoint   ] Safepoint "Cleanup", Time since last: 9330299568 ns, Reaching safepoint: 116888 ns, Cleanup: 34178 ns, At safepoint: 16268 ns, Total: 167334 ns
[2025-01-17T15:33:16.895+0000][81][info ][safepoint   ] Safepoint "Cleanup", Time since last: 3011677883 ns, Reaching safepoint: 9847 ns, Cleanup: 7753 ns, At safepoint: 4056 ns, Total: 21656 ns
[2025-01-17T15:33:22.946+0000][81][info ][safepoint   ] Safepoint "Cleanup", Time since last: 6050877211 ns, Reaching safepoint: 12770 ns, Cleanup: 10034 ns, At safepoint: 4598 ns, Total: 27402 ns
[2025-01-17T15:33:28.972+0000][81][info ][safepoint   ] Safepoint "Cleanup", Time since last: 6025895272 ns, Reaching safepoint: 46959 ns, Cleanup: 10455 ns, At safepoint: 37494 ns, Total: 94908 ns
[2025-01-17T15:33:30.995+0000][81][info ][safepoint   ] Safepoint "Cleanup", Time since last: 2022456210 ns, Reaching safepoint: 70504 ns, Cleanup: 32997 ns, At safepoint: 15318 ns, Total: 118819 ns
[2025-01-17T15:33:43.101+0000][81][info ][safepoint   ] Safepoint "Cleanup", Time since last: 12107978710 ns, Reaching safepoint: 80091 ns, Cleanup: 40405 ns, At safepoint: 11074 ns, Total: 131570 ns
[2025-01-17T15:33:47.205+0000][81][info ][safepoint   ] Safepoint "Cleanup", Time since last: 4104118945 ns, Reaching safepoint: 12829 ns, Cleanup: 6173 ns, At safepoint: 4151 ns, Total: 23153 ns
[2025-01-17T15:33:58.209+0000][81][info ][safepoint   ] Safepoint "Cleanup", Time since last: 11003746466 ns, Reaching safepoint: 96883 ns, Cleanup: 24751 ns, At safepoint: 14574 ns, Total: 136208 ns
[2025-01-17T15:33:59.233+0000][81][info ][safepoint   ] Safepoint "Cleanup", Time since last: 1023818005 ns, Reaching safepoint: 19186 ns, Cleanup: 20647 ns, At safepoint: 9112 ns, Total: 48945 ns
[2025-01-17T15:34:14.341+0000][81][info ][safepoint   ] Safepoint "Cleanup", Time since last: 15109421665 ns, Reaching safepoint: 57588 ns, Cleanup: 13641 ns, At safepoint: 7790 ns, Total: 79019 ns
[2025-01-17T15:34:16.538+0000][81][info ][safepoint   ] Safepoint "Cleanup", Time since last: 2197044337 ns, Reaching safepoint: 10534 ns, Cleanup: 6044 ns, At safepoint: 17697 ns, Total: 34275 ns
[2025-01-17T15:34:36.536+0000][81][info ][safepoint   ] Safepoint "Cleanup", Time since last: 19999481161 ns, Reaching safepoint: 63809 ns, Cleanup: 24451 ns, At safepoint: 13014 ns, Total: 101274 ns
[2025-01-17T15:34:43.586+0000][81][info ][safepoint   ] Safepoint "Cleanup", Time since last: 7050387961 ns, Reaching safepoint: 30131 ns, Cleanup: 16958 ns, At safepoint: 5754 ns, Total: 52843 ns
[2025-01-17T15:34:46.551+0000][81][info ][safepoint   ] Safepoint "Cleanup", Time since last: 2965447000 ns, Reaching safepoint: 18048 ns, Cleanup: 10047 ns, At safepoint: 6864 ns, Total: 34959 ns
[2025-01-17T15:34:47.611+0000][81][info ][safepoint   ] Safepoint "Cleanup", Time since last: 1059721619 ns, Reaching safepoint: 10738 ns, Cleanup: 9799 ns, At safepoint: 18316 ns, Total: 38853 ns
[2025-01-17T15:34:52.541+0000][81][info ][safepoint   ] Safepoint "Cleanup", Time since last: 4930170164 ns, Reaching safepoint: 10153 ns, Cleanup: 7104 ns, At safepoint: 4546 ns, Total: 21803 ns
[2025-01-17T15:34:53.657+0000][81][info ][safepoint   ] Safepoint "Cleanup", Time since last: 1114940775 ns, Reaching safepoint: 62262 ns, Cleanup: 85915 ns, At safepoint: 19807 ns, Total: 167984 ns
[2025-01-17T15:34:58.526+0000][81][info ][safepoint   ] Safepoint "Cleanup", Time since last: 4869029342 ns, Reaching safepoint: 12176 ns, Cleanup: 11202 ns, At safepoint: 17900 ns, Total: 41278 ns
[2025-01-17T15:35:04.539+0000][81][info ][safepoint   ] Safepoint "Cleanup", Time since last: 6013678521 ns, Reaching safepoint: 22332 ns, Cleanup: 9321 ns, At safepoint: 6709 ns, Total: 38362 ns
[2025-01-17T15:35:04.558+0000][81][info ][gc,start    ] GC(19) Pause Young (Normal) (G1 Evacuation Pause)
[2025-01-17T15:35:04.559+0000][81][info ][gc,task     ] GC(19) Using 18 workers of 18 for evacuation
[2025-01-17T15:35:04.560+0000][81][debug][gc,age      ] GC(19) Desired survivor size 52428800 bytes, new threshold 15 (max threshold 15)
[2025-01-17T15:35:04.588+0000][81][info ][gc,phases   ] GC(19)   Pre Evacuate Collection Set: 2.1ms
[2025-01-17T15:35:04.591+0000][81][info ][gc,phases   ] GC(19)   Merge Heap Roots: 0.8ms
[2025-01-17T15:35:04.591+0000][81][info ][gc,phases   ] GC(19)   Evacuate Collection Set: 22.4ms
[2025-01-17T15:35:04.592+0000][81][info ][gc,phases   ] GC(19)   Post Evacuate Collection Set: 2.5ms
[2025-01-17T15:35:04.593+0000][81][info ][gc,phases   ] GC(19)   Other: 1.6ms
[2025-01-17T15:35:04.593+0000][81][trace][gc,age      ] GC(19) Age table with threshold 15 (max threshold 15)
[2025-01-17T15:35:04.594+0000][81][trace][gc,age      ] GC(19) - age   1:    1565992 bytes,    1565992 total
[2025-01-17T15:35:04.594+0000][81][trace][gc,age      ] GC(19) - age   2:     445648 bytes,    2011640 total
[2025-01-17T15:35:04.595+0000][81][trace][gc,age      ] GC(19) - age   3:     228656 bytes,    2240296 total
[2025-01-17T15:35:04.595+0000][81][trace][gc,age      ] GC(19) - age   4:      70136 bytes,    2310432 total
[2025-01-17T15:35:04.596+0000][81][trace][gc,age      ] GC(19) - age   5:    5311248 bytes,    7621680 total
[2025-01-17T15:35:04.596+0000][81][info ][gc,heap     ] GC(19) Eden regions: 196->0(506)
[2025-01-17T15:35:04.597+0000][81][info ][gc,heap     ] GC(19) Survivor regions: 3->2(25)
[2025-01-17T15:35:04.597+0000][81][info ][gc,heap     ] GC(19) Old regions: 35->35
[2025-01-17T15:35:04.598+0000][81][info ][gc,heap     ] GC(19) Humongous regions: 4->4
[2025-01-17T15:35:04.598+0000][81][info ][gc,metaspace] GC(19) Metaspace: 153711K(157952K)->153711K(157952K) NonClass: 133310K(135552K)->133310K(135552K) Class: 20400K(22400K)->20400K(22400K)
[2025-01-17T15:35:04.597+0000][81][info ][gc          ] GC(19) Pause Young (Normal) (G1 Evacuation Pause) 946M->162M(3392M) 41.549ms
[2025-01-17T15:35:04.598+0000][81][info ][gc,cpu      ] GC(19) User=0.29s Sys=0.00s Real=0.04s
[2025-01-17T15:35:04.598+0000][81][info ][safepoint   ] Safepoint "G1CollectForAllocation", Time since last: 17936259 ns, Reaching safepoint: 20456 ns, Cleanup: 3725 ns, At safepoint: 43053877 ns, Total: 43078058 ns
[2025-01-17T15:35:10.526+0000][81][info ][safepoint   ] Safepoint "Cleanup", Time since last: 5927517802 ns, Reaching safepoint: 19754 ns, Cleanup: 18096 ns, At safepoint: 10357 ns, Total: 48207 ns
[2025-01-17T15:35:11.836+0000][81][info ][safepoint   ] Safepoint "Cleanup", Time since last: 1309634430 ns, Reaching safepoint: 58921 ns, Cleanup: 37677 ns, At safepoint: 13483 ns, Total: 110081 ns
[2025-01-17T15:35:22.545+0000][81][info ][safepoint   ] Safepoint "Cleanup", Time since last: 10709409397 ns, Reaching safepoint: 11103 ns, Cleanup: 6199 ns, At safepoint: 40246 ns, Total: 57548 ns
[2025-01-17T15:35:25.879+0000][81][info ][safepoint   ] Safepoint "Cleanup", Time since last: 3333469590 ns, Reaching safepoint: 36229 ns, Cleanup: 16901 ns, At safepoint: 7341 ns, Total: 60471 ns
[2025-01-17T15:35:28.520+0000][81][info ][safepoint   ] Safepoint "Cleanup", Time since last: 2641461694 ns, Reaching safepoint: 18612 ns, Cleanup: 17449 ns, At safepoint: 8492 ns, Total: 44553 ns
[2025-01-17T15:35:40.518+0000][81][info ][safepoint   ] Safepoint "Cleanup", Time since last: 11999884377 ns, Reaching safepoint: 38142 ns, Cleanup: 15965 ns, At safepoint: 33757 ns, Total: 87864 ns
[2025-01-17T15:35:41.951+0000][81][info ][safepoint   ] Safepoint "Cleanup", Time since last: 1433013173 ns, Reaching safepoint: 32830 ns, Cleanup: 14359 ns, At safepoint: 5474 ns, Total: 52663 ns
[2025-01-17T15:35:42.952+0000][81][info ][safepoint   ] Safepoint "Cleanup", Time since last: 1000946474 ns, Reaching safepoint: 181548 ns, Cleanup: 15281 ns, At safepoint: 106660 ns, Total: 303489 ns
[2025-01-17T15:35:43.959+0000][81][info ][safepoint   ] Safepoint "Cleanup", Time since last: 1006349394 ns, Reaching safepoint: 50151 ns, Cleanup: 26009 ns, At safepoint: 10979 ns, Total: 87139 ns
[2025-01-17T15:35:46.514+0000][81][info ][safepoint   ] Safepoint "Cleanup", Time since last: 2555243615 ns, Reaching safepoint: 20142 ns, Cleanup: 5348 ns, At safepoint: 4255 ns, Total: 29745 ns
[2025-01-17T15:35:47.980+0000][81][info ][safepoint   ] Safepoint "Cleanup", Time since last: 1465730135 ns, Reaching safepoint: 223566 ns, Cleanup: 21239 ns, At safepoint: 14295 ns, Total: 259100 ns
[2025-01-17T15:35:52.530+0000][81][info ][safepoint   ] Safepoint "Cleanup", Time since last: 4550047659 ns, Reaching safepoint: 488211 ns, Cleanup: 8269 ns, At safepoint: 56533 ns, Total: 553013 ns
[2025-01-17T15:35:54.014+0000][81][info ][safepoint   ] Safepoint "Cleanup", Time since last: 1483706709 ns, Reaching safepoint: 33378 ns, Cleanup: 21082 ns, At safepoint: 5650 ns, Total: 60110 ns
[2025-01-17T15:35:58.016+0000][81][info ][safepoint   ] Safepoint "Cleanup", Time since last: 4001285034 ns, Reaching safepoint: 42541 ns, Cleanup: 14882 ns, At safepoint: 5499 ns, Total: 62922 ns
[2025-01-17T15:36:02.043+0000][81][info ][safepoint   ] Safepoint "Cleanup", Time since last: 4027622390 ns, Reaching safepoint: 60275 ns, Cleanup: 30570 ns, At safepoint: 26895 ns, Total: 117740 ns
[2025-01-17T15:36:03.055+0000][81][info ][safepoint   ] Safepoint "Cleanup", Time since last: 1011644985 ns, Reaching safepoint: 37882 ns, Cleanup: 14048 ns, At safepoint: 5586 ns, Total: 57516 ns
[2025-01-17T15:36:05.064+0000][81][info ][safepoint   ] Safepoint "Cleanup", Time since last: 2010012357 ns, Reaching safepoint: 13613 ns, Cleanup: 6599 ns, At safepoint: 4426 ns, Total: 24638 ns
[2025-01-17T15:36:11.115+0000][81][info ][safepoint   ] Safepoint "Cleanup", Time since last: 6051548853 ns, Reaching safepoint: 92291 ns, Cleanup: 6112 ns, At safepoint: 30531 ns, Total: 128934 ns
[2025-01-17T15:36:22.743+0000][81][info ][safepoint   ] Safepoint "Cleanup", Time since last: 11627111692 ns, Reaching safepoint: 129011 ns, Cleanup: 11706 ns, At safepoint: 68373 ns, Total: 209090 ns
[2025-01-17T15:36:24.161+0000][81][info ][safepoint   ] Safepoint "Cleanup", Time since last: 1418259981 ns, Reaching safepoint: 32705 ns, Cleanup: 15483 ns, At safepoint: 7428 ns, Total: 55616 ns
[2025-01-17T15:36:29.167+0000][81][info ][safepoint   ] Safepoint "Cleanup", Time since last: 5005777240 ns, Reaching safepoint: 27173 ns, Cleanup: 12657 ns, At safepoint: 7764 ns, Total: 47594 ns
[2025-01-17T15:36:30.193+0000][81][info ][safepoint   ] Safepoint "Cleanup", Time since last: 1025608310 ns, Reaching safepoint: 47549 ns, Cleanup: 17068 ns, At safepoint: 7196 ns, Total: 71813 ns
[2025-01-17T15:36:34.533+0000][81][info ][safepoint   ] Safepoint "Cleanup", Time since last: 4340278358 ns, Reaching safepoint: 32056 ns, Cleanup: 7888 ns, At safepoint: 18262 ns, Total: 58206 ns
[2025-01-17T15:36:43.231+0000][81][info ][safepoint   ] Safepoint "Cleanup", Time since last: 8700100511 ns, Reaching safepoint: 38925 ns, Cleanup: 16377 ns, At safepoint: 6057 ns, Total: 61359 ns
[2025-01-17T15:36:52.546+0000][81][info ][safepoint   ] Safepoint "Cleanup", Time since last: 9314529302 ns, Reaching safepoint: 33457 ns, Cleanup: 12155 ns, At safepoint: 17953 ns, Total: 63565 ns
[2025-01-17T15:36:56.270+0000][81][info ][safepoint   ] Safepoint "Cleanup", Time since last: 3724677405 ns, Reaching safepoint: 28910 ns, Cleanup: 14434 ns, At safepoint: 5306 ns, Total: 48650 ns
[2025-01-17T15:37:10.525+0000][81][info ][safepoint   ] Safepoint "Cleanup", Time since last: 14256879331 ns, Reaching safepoint: 10021 ns, Cleanup: 6577 ns, At safepoint: 4174 ns, Total: 20772 ns
[2025-01-17T15:37:12.334+0000][81][info ][safepoint   ] Safepoint "Cleanup", Time since last: 1808420831 ns, Reaching safepoint: 29424 ns, Cleanup: 16990 ns, At safepoint: 5823 ns, Total: 52237 ns
[2025-01-17T15:37:13.335+0000][81][info ][safepoint   ] Safepoint "Cleanup", Time since last: 1000834871 ns, Reaching safepoint: 28912 ns, Cleanup: 17861 ns, At safepoint: 5513 ns, Total: 52286 ns
[2025-01-17T15:37:17.348+0000][81][info ][safepoint   ] Safepoint "Cleanup", Time since last: 4013204100 ns, Reaching safepoint: 11849 ns, Cleanup: 7871 ns, At safepoint: 4445 ns, Total: 24165 ns
[2025-01-17T15:37:18.365+0000][81][info ][safepoint   ] Safepoint "Cleanup", Time since last: 1016777090 ns, Reaching safepoint: 13057 ns, Cleanup: 8129 ns, At safepoint: 4560 ns, Total: 25746 ns
[2025-01-17T15:37:22.693+0000][81][info ][safepoint   ] Safepoint "Cleanup", Time since last: 4328267066 ns, Reaching safepoint: 11444 ns, Cleanup: 8127 ns, At safepoint: 4534 ns, Total: 24105 ns
[2025-01-17T15:37:26.382+0000][81][info ][safepoint   ] Safepoint "Cleanup", Time since last: 3688434824 ns, Reaching safepoint: 44678 ns, Cleanup: 30823 ns, At safepoint: 10420 ns, Total: 85921 ns
[2025-01-17T15:37:28.524+0000][81][info ][safepoint   ] Safepoint "Cleanup", Time since last: 2142546685 ns, Reaching safepoint: 11031 ns, Cleanup: 9505 ns, At safepoint: 4821 ns, Total: 25357 ns
[2025-01-17T15:37:35.418+0000][81][info ][safepoint   ] Safepoint "Cleanup", Time since last: 6896103976 ns, Reaching safepoint: 45588 ns, Cleanup: 18205 ns, At safepoint: 41573 ns, Total: 105366 ns
[2025-01-17T15:37:39.436+0000][81][info ][safepoint   ] Safepoint "Cleanup", Time since last: 4017191851 ns, Reaching safepoint: 36725 ns, Cleanup: 53784 ns, At safepoint: 10039 ns, Total: 100548 ns
[2025-01-17T15:37:43.460+0000][81][info ][safepoint   ] Safepoint "Cleanup", Time since last: 4023991066 ns, Reaching safepoint: 42215 ns, Cleanup: 24681 ns, At safepoint: 9855 ns, Total: 76751 ns
[2025-01-17T15:37:53.519+0000][81][info ][safepoint   ] Safepoint "Cleanup", Time since last: 10058892541 ns, Reaching safepoint: 9886 ns, Cleanup: 6750 ns, At safepoint: 4287 ns, Total: 20923 ns
[2025-01-17T15:37:54.520+0000][81][info ][safepoint   ] Safepoint "Cleanup", Time since last: 1000965544 ns, Reaching safepoint: 17712 ns, Cleanup: 14758 ns, At safepoint: 9254 ns, Total: 41724 ns
[2025-01-17T15:37:55.533+0000][81][info ][safepoint   ] Safepoint "Cleanup", Time since last: 1013390149 ns, Reaching safepoint: 32065 ns, Cleanup: 14571 ns, At safepoint: 7603 ns, Total: 54239 ns
[2025-01-17T15:38:00.562+0000][81][info ][safepoint   ] Safepoint "Cleanup", Time since last: 5028631696 ns, Reaching safepoint: 46776 ns, Cleanup: 53676 ns, At safepoint: 11927 ns, Total: 112379 ns
[2025-01-17T15:38:05.559+0000][81][info ][safepoint   ] Safepoint "Cleanup", Time since last: 4998288634 ns, Reaching safepoint: 38713 ns, Cleanup: 16752 ns, At safepoint: 12090 ns, Total: 67555 ns
[2025-01-17T15:38:06.583+0000][81][info ][safepoint   ] Safepoint "Cleanup", Time since last: 1024321303 ns, Reaching safepoint: 34965 ns, Cleanup: 17914 ns, At safepoint: 6777 ns, Total: 59656 ns
[2025-01-17T15:38:18.668+0000][81][info ][safepoint   ] Safepoint "Cleanup", Time since last: 12084608186 ns, Reaching safepoint: 11015 ns, Cleanup: 6323 ns, At safepoint: 4621 ns, Total: 21959 ns
[2025-01-17T15:38:22.527+0000][81][info ][safepoint   ] Safepoint "Cleanup", Time since last: 3858993501 ns, Reaching safepoint: 26249 ns, Cleanup: 8706 ns, At safepoint: 18341 ns, Total: 53296 ns
[2025-01-17T15:38:23.687+0000][81][info ][safepoint   ] Safepoint "Cleanup", Time since last: 1160426062 ns, Reaching safepoint: 29193 ns, Cleanup: 15360 ns, At safepoint: 5263 ns, Total: 49816 ns
[2025-01-17T15:38:25.688+0000][81][info ][safepoint   ] Safepoint "Cleanup", Time since last: 2000835619 ns, Reaching safepoint: 42157 ns, Cleanup: 19531 ns, At safepoint: 9165 ns, Total: 70853 ns
[2025-01-17T15:38:28.564+0000][81][info ][safepoint   ] Safepoint "Cleanup", Time since last: 2875444862 ns, Reaching safepoint: 10074 ns, Cleanup: 6555 ns, At safepoint: 4224 ns, Total: 20853 ns
[2025-01-17T15:38:29.715+0000][81][info ][safepoint   ] Safepoint "Cleanup", Time since last: 1150891328 ns, Reaching safepoint: 587473 ns, Cleanup: 24056 ns, At safepoint: 120450 ns, Total: 731979 ns
[2025-01-17T15:38:34.533+0000][81][info ][safepoint   ] Safepoint "Cleanup", Time since last: 4817307259 ns, Reaching safepoint: 99264 ns, Cleanup: 9644 ns, At safepoint: 37425 ns, Total: 146333 ns
[2025-01-17T15:38:37.737+0000][81][info ][safepoint   ] Safepoint "Cleanup", Time since last: 3206204004 ns, Reaching safepoint: 32042 ns, Cleanup: 16028 ns, At safepoint: 5817 ns, Total: 53887 ns
[2025-01-17T15:38:40.532+0000][81][info ][safepoint   ] Safepoint "Cleanup", Time since last: 2794497701 ns, Reaching safepoint: 9914 ns, Cleanup: 6690 ns, At safepoint: 17563 ns, Total: 34167 ns
[2025-01-17T15:38:43.755+0000][81][info ][safepoint   ] Safepoint "Cleanup", Time since last: 3222992965 ns, Reaching safepoint: 134964 ns, Cleanup: 22270 ns, At safepoint: 7680 ns, Total: 164914 ns
[2025-01-17T15:38:44.768+0000][81][info ][safepoint   ] Safepoint "Cleanup", Time since last: 1013511283 ns, Reaching safepoint: 114771 ns, Cleanup: 14826 ns, At safepoint: 69204 ns, Total: 198801 ns
[2025-01-17T15:39:00.837+0000][81][info ][safepoint   ] Safepoint "Cleanup", Time since last: 16068908929 ns, Reaching safepoint: 29478 ns, Cleanup: 13235 ns, At safepoint: 5591 ns, Total: 48304 ns
[2025-01-17T15:39:07.588+0000][81][info ][safepoint   ] Safepoint "Cleanup", Time since last: 6753168509 ns, Reaching safepoint: 38252 ns, Cleanup: 9962 ns, At safepoint: 7451 ns, Total: 55665 ns
[2025-01-17T15:39:08.879+0000][81][info ][safepoint   ] Safepoint "Cleanup", Time since last: 1291394996 ns, Reaching safepoint: 29175 ns, Cleanup: 13481 ns, At safepoint: 6179 ns, Total: 48835 ns
[2025-01-17T15:39:19.956+0000][81][info ][safepoint   ] Safepoint "Cleanup", Time since last: 11077006939 ns, Reaching safepoint: 8923 ns, Cleanup: 5803 ns, At safepoint: 3971 ns, Total: 18697 ns
[2025-01-17T15:39:31.592+0000][81][info ][safepoint   ] Safepoint "Cleanup", Time since last: 11635889115 ns, Reaching safepoint: 18472 ns, Cleanup: 9463 ns, At safepoint: 9348 ns, Total: 37283 ns
[2025-01-17T15:39:32.987+0000][81][info ][safepoint   ] Safepoint "Cleanup", Time since last: 1394104277 ns, Reaching safepoint: 45917 ns, Cleanup: 44245 ns, At safepoint: 10849 ns, Total: 101011 ns
[2025-01-17T15:39:42.995+0000][81][info ][safepoint   ] Safepoint "Cleanup", Time since last: 10010149225 ns, Reaching safepoint: 76204 ns, Cleanup: 22515 ns, At safepoint: 10068 ns, Total: 108787 ns
[2025-01-17T15:39:44.004+0000][81][info ][safepoint   ] Safepoint "Cleanup", Time since last: 1008849905 ns, Reaching safepoint: 18341 ns, Cleanup: 18052 ns, At safepoint: 39525 ns, Total: 75918 ns
[2025-01-17T15:39:59.093+0000][81][info ][safepoint   ] Safepoint "Cleanup", Time since last: 15088999739 ns, Reaching safepoint: 31063 ns, Cleanup: 14500 ns, At safepoint: 5533 ns, Total: 51096 ns
[2025-01-17T15:40:02.107+0000][81][info ][safepoint   ] Safepoint "Cleanup", Time since last: 3013152983 ns, Reaching safepoint: 21592 ns, Cleanup: 15662 ns, At safepoint: 50663 ns, Total: 87917 ns
[2025-01-17T15:40:14.149+0000][81][info ][safepoint   ] Safepoint "Cleanup", Time since last: 12044163328 ns, Reaching safepoint: 16353 ns, Cleanup: 12412 ns, At safepoint: 6849 ns, Total: 35614 ns
[2025-01-17T15:40:17.171+0000][81][info ][safepoint   ] Safepoint "Cleanup", Time since last: 3021963823 ns, Reaching safepoint: 33829 ns, Cleanup: 16168 ns, At safepoint: 5714 ns, Total: 55711 ns
[2025-01-17T15:40:19.173+0000][81][info ][safepoint   ] Safepoint "Cleanup", Time since last: 2001708822 ns, Reaching safepoint: 31344 ns, Cleanup: 15118 ns, At safepoint: 6159 ns, Total: 52621 ns
[2025-01-17T15:40:30.212+0000][81][info ][safepoint   ] Safepoint "Cleanup", Time since last: 11039221223 ns, Reaching safepoint: 138938 ns, Cleanup: 14959 ns, At safepoint: 6744 ns, Total: 160641 ns
[2025-01-17T15:40:31.852+0000][81][info ][safepoint   ] Safepoint "Cleanup", Time since last: 1640319423 ns, Reaching safepoint: 11449 ns, Cleanup: 10885 ns, At safepoint: 18880 ns, Total: 41214 ns
[2025-01-17T15:40:35.225+0000][81][info ][safepoint   ] Safepoint "Cleanup", Time since last: 3373649991 ns, Reaching safepoint: 31124 ns, Cleanup: 13591 ns, At safepoint: 5459 ns, Total: 50174 ns
[2025-01-17T15:40:43.240+0000][81][info ][safepoint   ] Safepoint "Cleanup", Time since last: 8014942636 ns, Reaching safepoint: 34703 ns, Cleanup: 14414 ns, At safepoint: 5987 ns, Total: 55104 ns
[2025-01-17T15:40:53.292+0000][81][info ][safepoint   ] Safepoint "Cleanup", Time since last: 10051637465 ns, Reaching safepoint: 31286 ns, Cleanup: 14975 ns, At safepoint: 19760 ns, Total: 66021 ns
[2025-01-17T15:41:00.319+0000][81][info ][safepoint   ] Safepoint "Cleanup", Time since last: 7027484944 ns, Reaching safepoint: 35841 ns, Cleanup: 13255 ns, At safepoint: 6045 ns, Total: 55141 ns
[2025-01-17T15:41:03.349+0000][81][info ][safepoint   ] Safepoint "Cleanup", Time since last: 3029834204 ns, Reaching safepoint: 32682 ns, Cleanup: 13463 ns, At safepoint: 5194 ns, Total: 51339 ns
[2025-01-17T15:41:04.563+0000][81][info ][safepoint   ] Safepoint "Cleanup", Time since last: 1213526926 ns, Reaching safepoint: 91937 ns, Cleanup: 7340 ns, At safepoint: 33766 ns, Total: 133043 ns
[2025-01-17T15:41:06.379+0000][81][info ][safepoint   ] Safepoint "Cleanup", Time since last: 1818643154 ns, Reaching safepoint: 32189 ns, Cleanup: 14719 ns, At safepoint: 5596 ns, Total: 52504 ns
[2025-01-17T15:41:08.385+0000][81][info ][safepoint   ] Safepoint "Cleanup", Time since last: 2006090930 ns, Reaching safepoint: 14658 ns, Cleanup: 9690 ns, At safepoint: 17252 ns, Total: 41600 ns
[2025-01-17T15:41:29.520+0000][81][info ][safepoint   ] Safepoint "Cleanup", Time since last: 21135295118 ns, Reaching safepoint: 45913 ns, Cleanup: 17183 ns, At safepoint: 6508 ns, Total: 69604 ns
[2025-01-17T15:41:43.559+0000][81][info ][safepoint   ] Safepoint "Cleanup", Time since last: 14039984143 ns, Reaching safepoint: 590661 ns, Cleanup: 9679 ns, At safepoint: 49343 ns, Total: 649683 ns
[2025-01-17T15:41:44.576+0000][81][info ][safepoint   ] Safepoint "Cleanup", Time since last: 1016980014 ns, Reaching safepoint: 19533 ns, Cleanup: 11538 ns, At safepoint: 5351 ns, Total: 36422 ns
[2025-01-17T15:41:58.659+0000][81][info ][safepoint   ] Safepoint "Cleanup", Time since last: 14082899589 ns, Reaching safepoint: 77974 ns, Cleanup: 13989 ns, At safepoint: 20538 ns, Total: 112501 ns
[2025-01-17T15:42:13.869+0000][81][info ][safepoint   ] Safepoint "Cleanup", Time since last: 15210796471 ns, Reaching safepoint: 12888 ns, Cleanup: 11064 ns, At safepoint: 24309 ns, Total: 48261 ns
[2025-01-17T15:42:32.049+0000][81][info ][safepoint   ] Safepoint "Cleanup", Time since last: 18180382464 ns, Reaching safepoint: 15762 ns, Cleanup: 9513 ns, At safepoint: 6407 ns, Total: 31682 ns
[2025-01-17T15:42:33.066+0000][81][info ][safepoint   ] Safepoint "Cleanup", Time since last: 1016752744 ns, Reaching safepoint: 19849 ns, Cleanup: 19124 ns, At safepoint: 9147 ns, Total: 48120 ns
[2025-01-17T15:42:38.087+0000][81][info ][safepoint   ] Safepoint "Cleanup", Time since last: 5022634589 ns, Reaching safepoint: 10163 ns, Cleanup: 7242 ns, At safepoint: 17324 ns, Total: 34729 ns
[2025-01-17T15:42:39.849+0000][81][info ][safepoint   ] Safepoint "Cleanup", Time since last: 1762326786 ns, Reaching safepoint: 58782 ns, Cleanup: 67186 ns, At safepoint: 16918 ns, Total: 142886 ns
[2025-01-17T15:42:40.851+0000][81][info ][safepoint   ] Safepoint "Cleanup", Time since last: 1001594350 ns, Reaching safepoint: 30140 ns, Cleanup: 15847 ns, At safepoint: 6102 ns, Total: 52089 ns
[2025-01-17T15:42:41.852+0000][81][info ][safepoint   ] Safepoint "Cleanup", Time since last: 1000926836 ns, Reaching safepoint: 214732 ns, Cleanup: 10693 ns, At safepoint: 66782 ns, Total: 292207 ns
[2025-01-17T15:42:42.853+0000][81][info ][safepoint   ] Safepoint "Cleanup", Time since last: 1000733882 ns, Reaching safepoint: 31092 ns, Cleanup: 18654 ns, At safepoint: 5747 ns, Total: 55493 ns
[2025-01-17T15:42:44.113+0000][81][info ][safepoint   ] Safepoint "Cleanup", Time since last: 1260571971 ns, Reaching safepoint: 16442 ns, Cleanup: 18693 ns, At safepoint: 8226 ns, Total: 43361 ns
[2025-01-17T15:42:47.142+0000][81][info ][safepoint   ] Safepoint "Cleanup", Time since last: 3028079602 ns, Reaching safepoint: 30317 ns, Cleanup: 22318 ns, At safepoint: 5667 ns, Total: 58302 ns
[2025-01-17T15:42:49.142+0000][81][info ][safepoint   ] Safepoint "Cleanup", Time since last: 2000636949 ns, Reaching safepoint: 52845 ns, Cleanup: 29969 ns, At safepoint: 12821 ns, Total: 95635 ns
[2025-01-17T15:42:55.566+0000][81][info ][safepoint   ] Safepoint "Cleanup", Time since last: 6423179646 ns, Reaching safepoint: 11208 ns, Cleanup: 84078 ns, At safepoint: 20641 ns, Total: 115927 ns
[2025-01-17T15:42:59.219+0000][81][info ][safepoint   ] Safepoint "Cleanup", Time since last: 3653030467 ns, Reaching safepoint: 302640 ns, Cleanup: 27844 ns, At safepoint: 15916 ns, Total: 346400 ns
[2025-01-17T15:43:02.292+0000][81][info ][safepoint   ] Safepoint "Cleanup", Time since last: 3073111891 ns, Reaching safepoint: 98061 ns, Cleanup: 9571 ns, At safepoint: 45567 ns, Total: 153199 ns
[2025-01-17T15:43:11.073+0000][81][info ][safepoint   ] Safepoint "Cleanup", Time since last: 8782419541 ns, Reaching safepoint: 88498 ns, Cleanup: 23535 ns, At safepoint: 15489 ns, Total: 127522 ns
[2025-01-17T15:43:13.567+0000][81][info ][safepoint   ] Safepoint "Cleanup", Time since last: 2493655475 ns, Reaching safepoint: 11313 ns, Cleanup: 11488 ns, At safepoint: 17873 ns, Total: 40674 ns
[2025-01-17T15:43:17.331+0000][81][info ][safepoint   ] Safepoint "Cleanup", Time since last: 3763950293 ns, Reaching safepoint: 56589 ns, Cleanup: 15762 ns, At safepoint: 6292 ns, Total: 78643 ns
[2025-01-17T15:43:19.596+0000][81][info ][safepoint   ] Safepoint "Cleanup", Time since last: 2264912988 ns, Reaching safepoint: 19075 ns, Cleanup: 8795 ns, At safepoint: 7591 ns, Total: 35461 ns
[2025-01-17T15:43:21.356+0000][81][info ][safepoint   ] Safepoint "Cleanup", Time since last: 1759916434 ns, Reaching safepoint: 49489 ns, Cleanup: 33467 ns, At safepoint: 10897 ns, Total: 93853 ns
[2025-01-17T15:43:31.634+0000][81][info ][safepoint   ] Safepoint "Cleanup", Time since last: 10278240591 ns, Reaching safepoint: 116639 ns, Cleanup: 13483 ns, At safepoint: 48955 ns, Total: 179077 ns
[2025-01-17T15:43:37.737+0000][81][info ][safepoint   ] Safepoint "Cleanup", Time since last: 6105580046 ns, Reaching safepoint: 11327 ns, Cleanup: 6752 ns, At safepoint: 4208 ns, Total: 22287 ns
[2025-01-17T15:43:39.477+0000][81][info ][safepoint   ] Safepoint "Cleanup", Time since last: 1740137642 ns, Reaching safepoint: 100289 ns, Cleanup: 17672 ns, At safepoint: 5374 ns, Total: 123335 ns
[2025-01-17T15:43:47.533+0000][81][info ][safepoint   ] Safepoint "Cleanup", Time since last: 8055646385 ns, Reaching safepoint: 34064 ns, Cleanup: 16350 ns, At safepoint: 5808 ns, Total: 56222 ns
[2025-01-17T15:43:51.556+0000][81][info ][safepoint   ] Safepoint "Cleanup", Time since last: 4023484531 ns, Reaching safepoint: 34591 ns, Cleanup: 16624 ns, At safepoint: 5627 ns, Total: 56842 ns
[2025-01-17T15:43:55.572+0000][81][info ][safepoint   ] Safepoint "Cleanup", Time since last: 4015909964 ns, Reaching safepoint: 11596 ns, Cleanup: 6502 ns, At safepoint: 17279 ns, Total: 35377 ns
[2025-01-17T15:43:56.584+0000][81][info ][safepoint   ] Safepoint "Cleanup", Time since last: 1011720030 ns, Reaching safepoint: 17852 ns, Cleanup: 14050 ns, At safepoint: 9129 ns, Total: 41031 ns
[2025-01-17T15:44:03.661+0000][81][info ][safepoint   ] Safepoint "Cleanup", Time since last: 7076528688 ns, Reaching safepoint: 55776 ns, Cleanup: 12396 ns, At safepoint: 5795 ns, Total: 73967 ns
[2025-01-17T15:44:08.687+0000][81][info ][safepoint   ] Safepoint "Cleanup", Time since last: 5028069580 ns, Reaching safepoint: 45868 ns, Cleanup: 22106 ns, At safepoint: 10466 ns, Total: 78440 ns
[2025-01-17T15:44:09.735+0000][81][info ][safepoint   ] Safepoint "Cleanup", Time since last: 1047623433 ns, Reaching safepoint: 14231 ns, Cleanup: 16482 ns, At safepoint: 29096 ns, Total: 59809 ns
[2025-01-17T15:44:13.758+0000][81][info ][safepoint   ] Safepoint "Cleanup", Time since last: 4023303035 ns, Reaching safepoint: 34536 ns, Cleanup: 10212 ns, At safepoint: 6499 ns, Total: 51247 ns
[2025-01-17T15:44:16.769+0000][81][info ][safepoint   ] Safepoint "Cleanup", Time since last: 3010588471 ns, Reaching safepoint: 28820 ns, Cleanup: 11834 ns, At safepoint: 5222 ns, Total: 45876 ns
[2025-01-17T15:44:37.757+0000][81][info ][safepoint   ] Safepoint "Cleanup", Time since last: 20988739224 ns, Reaching safepoint: 19647 ns, Cleanup: 14664 ns, At safepoint: 42683 ns, Total: 76994 ns
[2025-01-17T15:44:43.600+0000][81][info ][safepoint   ] Safepoint "Cleanup", Time since last: 5842924035 ns, Reaching safepoint: 114161 ns, Cleanup: 16166 ns, At safepoint: 48760 ns, Total: 179087 ns
[2025-01-17T15:44:49.577+0000][81][info ][safepoint   ] Safepoint "Cleanup", Time since last: 5977230388 ns, Reaching safepoint: 10024 ns, Cleanup: 7375 ns, At safepoint: 4953 ns, Total: 22352 ns
[2025-01-17T15:44:50.995+0000][81][info ][safepoint   ] Safepoint "Cleanup", Time since last: 1418408902 ns, Reaching safepoint: 34158 ns, Cleanup: 14850 ns, At safepoint: 6824 ns, Total: 55832 ns
[2025-01-17T15:45:13.609+0000][81][info ][safepoint   ] Safepoint "Cleanup", Time since last: 22615010571 ns, Reaching safepoint: 11408 ns, Cleanup: 7064 ns, At safepoint: 4879 ns, Total: 23351 ns
[2025-01-17T15:45:15.191+0000][81][info ][safepoint   ] Safepoint "Cleanup", Time since last: 1582517569 ns, Reaching safepoint: 63604 ns, Cleanup: 40531 ns, At safepoint: 6780 ns, Total: 110915 ns
[2025-01-17T15:45:19.592+0000][81][info ][safepoint   ] Safepoint "Cleanup", Time since last: 4400786409 ns, Reaching safepoint: 18078 ns, Cleanup: 12431 ns, At safepoint: 9651 ns, Total: 40160 ns
[2025-01-17T15:45:25.576+0000][81][info ][safepoint   ] Safepoint "Cleanup", Time since last: 5983589943 ns, Reaching safepoint: 10127 ns, Cleanup: 8162 ns, At safepoint: 17291 ns, Total: 35580 ns
[2025-01-17T15:45:27.271+0000][81][info ][safepoint   ] Safepoint "Cleanup", Time since last: 1695662118 ns, Reaching safepoint: 38153 ns, Cleanup: 19843 ns, At safepoint: 9065 ns, Total: 67061 ns
[2025-01-17T15:45:30.273+0000][81][info ][safepoint   ] Safepoint "Cleanup", Time since last: 3001413004 ns, Reaching safepoint: 40261 ns, Cleanup: 22397 ns, At safepoint: 41883 ns, Total: 104541 ns
[2025-01-17T15:45:33.321+0000][81][info ][safepoint   ] Safepoint "Cleanup", Time since last: 3046038062 ns, Reaching safepoint: 2147331 ns, Cleanup: 19003 ns, At safepoint: 89341 ns, Total: 2255675 ns
[2025-01-17T15:45:43.347+0000][81][info ][safepoint   ] Safepoint "Cleanup", Time since last: 10028335746 ns, Reaching safepoint: 37602 ns, Cleanup: 15351 ns, At safepoint: 6081 ns, Total: 59034 ns
[2025-01-17T15:46:03.462+0000][81][info ][safepoint   ] Safepoint "Cleanup", Time since last: 20114254728 ns, Reaching safepoint: 55161 ns, Cleanup: 13338 ns, At safepoint: 5993 ns, Total: 74492 ns
[2025-01-17T15:46:08.485+0000][81][info ][safepoint   ] Safepoint "Cleanup", Time since last: 5024731938 ns, Reaching safepoint: 220803 ns, Cleanup: 88076 ns, At safepoint: 72287 ns, Total: 381166 ns
[2025-01-17T15:46:11.439+0000][81][info ][safepoint   ] Safepoint "Cleanup", Time since last: 2954309925 ns, Reaching safepoint: 11801 ns, Cleanup: 8995 ns, At safepoint: 18996 ns, Total: 39792 ns
[2025-01-17T15:46:15.449+0000][81][info ][safepoint   ] Safepoint "Cleanup", Time since last: 4009352221 ns, Reaching safepoint: 326025 ns, Cleanup: 17189 ns, At safepoint: 80854 ns, Total: 424068 ns
[2025-01-17T15:46:19.605+0000][81][info ][safepoint   ] Safepoint "Cleanup", Time since last: 4155300639 ns, Reaching safepoint: 22773 ns, Cleanup: 10814 ns, At safepoint: 5092 ns, Total: 38679 ns
[2025-01-17T15:46:31.662+0000][81][info ][safepoint   ] Safepoint "Cleanup", Time since last: 12056956227 ns, Reaching safepoint: 27181 ns, Cleanup: 8534 ns, At safepoint: 4994 ns, Total: 40709 ns
[2025-01-17T15:46:43.577+0000][81][info ][safepoint   ] Safepoint "Cleanup", Time since last: 11916744962 ns, Reaching safepoint: 11690 ns, Cleanup: 5881 ns, At safepoint: 17117 ns, Total: 34688 ns
[2025-01-17T15:46:44.774+0000][81][info ][safepoint   ] Safepoint "Cleanup", Time since last: 1197477167 ns, Reaching safepoint: 11520 ns, Cleanup: 46493 ns, At safepoint: 18447 ns, Total: 76460 ns
[2025-01-17T15:46:49.783+0000][81][info ][safepoint   ] Safepoint "Cleanup", Time since last: 5008836037 ns, Reaching safepoint: 13288 ns, Cleanup: 11038 ns, At safepoint: 18164 ns, Total: 42490 ns
[2025-01-17T15:47:00.813+0000][81][info ][safepoint   ] Safepoint "Cleanup", Time since last: 11029610323 ns, Reaching safepoint: 33576 ns, Cleanup: 16102 ns, At safepoint: 5829 ns, Total: 55507 ns
[2025-01-17T15:47:07.844+0000][81][info ][safepoint   ] Safepoint "Cleanup", Time since last: 7033343684 ns, Reaching safepoint: 25538 ns, Cleanup: 8531 ns, At safepoint: 20433 ns, Total: 54502 ns
[2025-01-17T15:47:31.587+0000][81][info ][safepoint   ] Safepoint "Cleanup", Time since last: 23742716618 ns, Reaching safepoint: 19289 ns, Cleanup: 7628 ns, At safepoint: 19189 ns, Total: 46106 ns
[2025-01-17T15:47:43.025+0000][81][info ][safepoint   ] Safepoint "Cleanup", Time since last: 11439841311 ns, Reaching safepoint: 112185 ns, Cleanup: 19073 ns, At safepoint: 9915 ns, Total: 141173 ns
[2025-01-17T15:47:51.078+0000][81][info ][safepoint   ] Safepoint "Cleanup", Time since last: 8053115974 ns, Reaching safepoint: 86294 ns, Cleanup: 22264 ns, At safepoint: 10168 ns, Total: 118726 ns
[2025-01-17T15:48:00.127+0000][81][info ][safepoint   ] Safepoint "Cleanup", Time since last: 9048907432 ns, Reaching safepoint: 34512 ns, Cleanup: 21060 ns, At safepoint: 6522 ns, Total: 62094 ns
[2025-01-17T15:48:07.600+0000][81][info ][safepoint   ] Safepoint "Cleanup", Time since last: 7474426200 ns, Reaching safepoint: 111396 ns, Cleanup: 11230 ns, At safepoint: 29772 ns, Total: 152398 ns
[2025-01-17T15:48:13.574+0000][81][info ][safepoint   ] Safepoint "Cleanup", Time since last: 5973570186 ns, Reaching safepoint: 11016 ns, Cleanup: 5579 ns, At safepoint: 4496 ns, Total: 21091 ns
[2025-01-17T15:48:15.242+0000][81][info ][safepoint   ] Safepoint "Cleanup", Time since last: 1667646961 ns, Reaching safepoint: 60038 ns, Cleanup: 30641 ns, At safepoint: 15737 ns, Total: 106416 ns
[2025-01-17T15:48:25.574+0000][81][info ][safepoint   ] Safepoint "Cleanup", Time since last: 10331874447 ns, Reaching safepoint: 29936 ns, Cleanup: 7823 ns, At safepoint: 18155 ns, Total: 55914 ns
[2025-01-17T15:48:33.325+0000][81][info ][safepoint   ] Safepoint "Cleanup", Time since last: 7750991729 ns, Reaching safepoint: 81014 ns, Cleanup: 18953 ns, At safepoint: 10743 ns, Total: 110710 ns
[2025-01-17T15:48:35.324+0000][81][info ][safepoint   ] Safepoint "Cleanup", Time since last: 2001249902 ns, Reaching safepoint: 105655 ns, Cleanup: 24071 ns, At safepoint: 13561 ns, Total: 143287 ns
[2025-01-17T15:48:38.372+0000][81][info ][safepoint   ] Safepoint "Cleanup", Time since last: 3048643245 ns, Reaching safepoint: 98338 ns, Cleanup: 12351 ns, At safepoint: 54992 ns, Total: 165681 ns
[2025-01-17T15:48:43.364+0000][81][info ][safepoint   ] Safepoint "Cleanup", Time since last: 4991143587 ns, Reaching safepoint: 61596 ns, Cleanup: 33455 ns, At safepoint: 13725 ns, Total: 108776 ns
[2025-01-17T15:48:44.370+0000][81][info ][safepoint   ] Safepoint "Cleanup", Time since last: 1006234383 ns, Reaching safepoint: 10822 ns, Cleanup: 8333 ns, At safepoint: 17311 ns, Total: 36466 ns
[2025-01-17T15:48:46.373+0000][81][info ][safepoint   ] Safepoint "Cleanup", Time since last: 2003140666 ns, Reaching safepoint: 43920 ns, Cleanup: 19642 ns, At safepoint: 10894 ns, Total: 74456 ns
[2025-01-17T15:48:47.374+0000][81][info ][safepoint   ] Safepoint "Cleanup", Time since last: 1000987264 ns, Reaching safepoint: 50037 ns, Cleanup: 34672 ns, At safepoint: 10791 ns, Total: 95500 ns
[2025-01-17T15:48:50.389+0000][81][info ][safepoint   ] Safepoint "Cleanup", Time since last: 3014621740 ns, Reaching safepoint: 35710 ns, Cleanup: 19040 ns, At safepoint: 28165 ns, Total: 82915 ns
[2025-01-17T15:48:56.411+0000][81][info ][safepoint   ] Safepoint "Cleanup", Time since last: 6021811188 ns, Reaching safepoint: 12316 ns, Cleanup: 8508 ns, At safepoint: 18725 ns, Total: 39549 ns
[2025-01-17T15:49:02.434+0000][81][info ][safepoint   ] Safepoint "Cleanup", Time since last: 6023105997 ns, Reaching safepoint: 11590 ns, Cleanup: 7081 ns, At safepoint: 16277 ns, Total: 34948 ns
[2025-01-17T15:49:03.441+0000][81][info ][safepoint   ] Safepoint "Cleanup", Time since last: 1006734876 ns, Reaching safepoint: 58144 ns, Cleanup: 19924 ns, At safepoint: 10829 ns, Total: 88897 ns
[2025-01-17T15:49:07.604+0000][81][info ][safepoint   ] Safepoint "Cleanup", Time since last: 4164948073 ns, Reaching safepoint: 115672 ns, Cleanup: 17550 ns, At safepoint: 39757 ns, Total: 172979 ns
[2025-01-17T15:49:09.459+0000][81][info ][safepoint   ] Safepoint "Cleanup", Time since last: 1854552764 ns, Reaching safepoint: 99764 ns, Cleanup: 33983 ns, At safepoint: 13325 ns, Total: 147072 ns
[2025-01-17T15:49:20.528+0000][81][info ][safepoint   ] Safepoint "Cleanup", Time since last: 11068806898 ns, Reaching safepoint: 32976 ns, Cleanup: 14235 ns, At safepoint: 7931 ns, Total: 55142 ns
[2025-01-17T15:49:55.578+0000][81][info ][safepoint   ] Safepoint "Cleanup", Time since last: 35052404161 ns, Reaching safepoint: 71727 ns, Cleanup: 15379 ns, At safepoint: 38625 ns, Total: 125731 ns
[2025-01-17T15:49:59.766+0000][81][info ][safepoint   ] Safepoint "Cleanup", Time since last: 4188146466 ns, Reaching safepoint: 53830 ns, Cleanup: 26119 ns, At safepoint: 13184 ns, Total: 93133 ns
[2025-01-17T15:50:01.568+0000][81][info ][safepoint   ] Safepoint "Cleanup", Time since last: 1802054815 ns, Reaching safepoint: 11069 ns, Cleanup: 11410 ns, At safepoint: 19021 ns, Total: 41500 ns
[2025-01-17T15:50:02.787+0000][81][info ][safepoint   ] Safepoint "Cleanup", Time since last: 1218577348 ns, Reaching safepoint: 49526 ns, Cleanup: 30519 ns, At safepoint: 12416 ns, Total: 92461 ns
[2025-01-17T15:50:13.823+0000][81][info ][safepoint   ] Safepoint "Cleanup", Time since last: 11036382087 ns, Reaching safepoint: 13258 ns, Cleanup: 9097 ns, At safepoint: 21605 ns, Total: 43960 ns
[2025-01-17T15:50:14.841+0000][81][info ][safepoint   ] Safepoint "Cleanup", Time since last: 1018514161 ns, Reaching safepoint: 9369 ns, Cleanup: 8867 ns, At safepoint: 4568 ns, Total: 22804 ns
[2025-01-17T15:50:28.880+0000][81][info ][safepoint   ] Safepoint "Cleanup", Time since last: 14038430295 ns, Reaching safepoint: 33747 ns, Cleanup: 15420 ns, At safepoint: 6586 ns, Total: 55753 ns
[2025-01-17T15:50:29.881+0000][81][info ][safepoint   ] Safepoint "Cleanup", Time since last: 1000993050 ns, Reaching safepoint: 41586 ns, Cleanup: 24544 ns, At safepoint: 9897 ns, Total: 76027 ns
[2025-01-17T15:50:31.599+0000][81][info ][safepoint   ] Safepoint "Cleanup", Time since last: 1718185227 ns, Reaching safepoint: 13970 ns, Cleanup: 12891 ns, At safepoint: 5773 ns, Total: 32634 ns
[2025-01-17T15:50:32.907+0000][81][info ][safepoint   ] Safepoint "Cleanup", Time since last: 1308096580 ns, Reaching safepoint: 30487 ns, Cleanup: 14954 ns, At safepoint: 5640 ns, Total: 51081 ns
[2025-01-17T15:50:33.908+0000][81][info ][safepoint   ] Safepoint "Cleanup", Time since last: 1000816957 ns, Reaching safepoint: 29213 ns, Cleanup: 13269 ns, At safepoint: 5509 ns, Total: 47991 ns
[2025-01-17T15:50:34.906+0000][81][info ][safepoint   ] Safepoint "Cleanup", Time since last: 1000639379 ns, Reaching safepoint: 79003 ns, Cleanup: 20832 ns, At safepoint: 11351 ns, Total: 111186 ns
[2025-01-17T15:50:42.930+0000][81][info ][safepoint   ] Safepoint "Cleanup", Time since last: 8023476105 ns, Reaching safepoint: 49251 ns, Cleanup: 15170 ns, At safepoint: 5681 ns, Total: 70102 ns
[2025-01-17T15:50:43.946+0000][81][info ][safepoint   ] Safepoint "Cleanup", Time since last: 1015994728 ns, Reaching safepoint: 18810 ns, Cleanup: 21236 ns, At safepoint: 8788 ns, Total: 48834 ns
[2025-01-17T15:50:44.984+0000][81][info ][safepoint   ] Safepoint "Cleanup", Time since last: 1038240979 ns, Reaching safepoint: 31262 ns, Cleanup: 17170 ns, At safepoint: 6253 ns, Total: 54685 ns
[2025-01-17T15:50:49.672+0000][81][info ][safepoint   ] Safepoint "Cleanup", Time since last: 4687491713 ns, Reaching safepoint: 89118 ns, Cleanup: 8217 ns, At safepoint: 40700 ns, Total: 138035 ns
[2025-01-17T15:50:51.001+0000][81][info ][safepoint   ] Safepoint "Cleanup", Time since last: 1329882796 ns, Reaching safepoint: 30528 ns, Cleanup: 15992 ns, At safepoint: 5374 ns, Total: 51894 ns
[2025-01-17T15:50:56.006+0000][81][info ][safepoint   ] Safepoint "Cleanup", Time since last: 5004766989 ns, Reaching safepoint: 27233 ns, Cleanup: 9121 ns, At safepoint: 4595 ns, Total: 40949 ns
[2025-01-17T15:51:01.015+0000][81][info ][safepoint   ] Safepoint "Cleanup", Time since last: 5008776631 ns, Reaching safepoint: 30786 ns, Cleanup: 14361 ns, At safepoint: 5432 ns, Total: 50579 ns
[2025-01-17T15:51:02.025+0000][81][info ][safepoint   ] Safepoint "Cleanup", Time since last: 1010315809 ns, Reaching safepoint: 11477 ns, Cleanup: 7920 ns, At safepoint: 17875 ns, Total: 37272 ns
[2025-01-17T15:51:07.571+0000][81][info ][safepoint   ] Safepoint "Cleanup", Time since last: 5547683571 ns, Reaching safepoint: 110260 ns, Cleanup: 11154 ns, At safepoint: 35471 ns, Total: 156885 ns
[2025-01-17T15:51:09.065+0000][81][info ][safepoint   ] Safepoint "Cleanup", Time since last: 1493977925 ns, Reaching safepoint: 30538 ns, Cleanup: 18373 ns, At safepoint: 5458 ns, Total: 54369 ns
[2025-01-17T15:51:10.576+0000][81][info ][safepoint   ] Safepoint "Cleanup", Time since last: 1510549163 ns, Reaching safepoint: 10428 ns, Cleanup: 9604 ns, At safepoint: 17032 ns, Total: 37064 ns
[2025-01-17T15:51:12.097+0000][81][info ][safepoint   ] Safepoint "Cleanup", Time since last: 1520665447 ns, Reaching safepoint: 32487 ns, Cleanup: 16966 ns, At safepoint: 6481 ns, Total: 55934 ns
[2025-01-17T15:51:13.569+0000][81][info ][safepoint   ] Safepoint "Cleanup", Time since last: 1472328053 ns, Reaching safepoint: 102745 ns, Cleanup: 10206 ns, At safepoint: 51410 ns, Total: 164361 ns
[2025-01-17T15:51:15.138+0000][81][info ][safepoint   ] Safepoint "Cleanup", Time since last: 1569093143 ns, Reaching safepoint: 31137 ns, Cleanup: 18568 ns, At safepoint: 5717 ns, Total: 55422 ns
[2025-01-17T15:51:15.820+0000][81][info ][gc,start    ] GC(20) Pause Young (Normal) (G1 Evacuation Pause)
[2025-01-17T15:51:15.822+0000][81][info ][gc,task     ] GC(20) Using 18 workers of 18 for evacuation
[2025-01-17T15:51:15.823+0000][81][debug][gc,age      ] GC(20) Desired survivor size 134217728 bytes, new threshold 15 (max threshold 15)
[2025-01-17T15:51:15.893+0000][81][info ][gc,phases   ] GC(20)   Pre Evacuate Collection Set: 6.1ms
[2025-01-17T15:51:15.893+0000][81][info ][gc,phases   ] GC(20)   Merge Heap Roots: 1.5ms
[2025-01-17T15:51:15.894+0000][81][info ][gc,phases   ] GC(20)   Evacuate Collection Set: 51.4ms
[2025-01-17T15:51:15.895+0000][81][info ][gc,phases   ] GC(20)   Post Evacuate Collection Set: 8.5ms
[2025-01-17T15:51:15.895+0000][81][info ][gc,phases   ] GC(20)   Other: 3.8ms
[2025-01-17T15:51:15.896+0000][81][trace][gc,age      ] GC(20) Age table with threshold 15 (max threshold 15)
[2025-01-17T15:51:15.897+0000][81][trace][gc,age      ] GC(20) - age   1:    1033160 bytes,    1033160 total
[2025-01-17T15:51:15.897+0000][81][trace][gc,age      ] GC(20) - age   2:     149824 bytes,    1182984 total
[2025-01-17T15:51:15.898+0000][81][trace][gc,age      ] GC(20) - age   3:     439640 bytes,    1622624 total
[2025-01-17T15:51:15.898+0000][81][trace][gc,age      ] GC(20) - age   4:     228336 bytes,    1850960 total
[2025-01-17T15:51:15.899+0000][81][trace][gc,age      ] GC(20) - age   5:      68096 bytes,    1919056 total
[2025-01-17T15:51:15.900+0000][81][trace][gc,age      ] GC(20) - age   6:    5300720 bytes,    7219776 total
[2025-01-17T15:51:15.900+0000][81][info ][gc,heap     ] GC(20) Eden regions: 506->0(506)
[2025-01-17T15:51:15.901+0000][81][info ][gc,heap     ] GC(20) Survivor regions: 2->2(64)
[2025-01-17T15:51:15.901+0000][81][info ][gc,heap     ] GC(20) Old regions: 35->35
[2025-01-17T15:51:15.902+0000][81][info ][gc,heap     ] GC(20) Humongous regions: 4->4
[2025-01-17T15:51:15.902+0000][81][info ][gc,metaspace] GC(20) Metaspace: 154196K(158400K)->154196K(158400K) NonClass: 133790K(136000K)->133790K(136000K) Class: 20405K(22400K)->20405K(22400K)
[2025-01-17T15:51:15.903+0000][81][info ][gc          ] GC(20) Pause Young (Normal) (G1 Evacuation Pause) 2186M->162M(3392M) 82.873ms
[2025-01-17T15:51:15.903+0000][81][info ][gc,cpu      ] GC(20) User=0.57s Sys=0.00s Real=0.08s
[2025-01-17T15:51:15.904+0000][81][info ][safepoint   ] Safepoint "G1CollectForAllocation", Time since last: 678083646 ns, Reaching safepoint: 27652 ns, Cleanup: 4722 ns, At safepoint: 87583277 ns, Total: 87615651 ns
[2025-01-17T15:51:20.163+0000][81][info ][safepoint   ] Safepoint "Cleanup", Time since last: 4259217581 ns, Reaching safepoint: 11086 ns, Cleanup: 11649 ns, At safepoint: 4708 ns, Total: 27443 ns
[2025-01-17T15:51:36.223+0000][81][info ][safepoint   ] Safepoint "Cleanup", Time since last: 16061205240 ns, Reaching safepoint: 175912 ns, Cleanup: 66373 ns, At safepoint: 21013 ns, Total: 263298 ns
[2025-01-17T15:51:37.640+0000][81][info ][safepoint   ] Safepoint "Cleanup", Time since last: 1416894206 ns, Reaching safepoint: 10087 ns, Cleanup: 7617 ns, At safepoint: 4185 ns, Total: 21889 ns
[2025-01-17T15:51:39.271+0000][81][info ][safepoint   ] Safepoint "Cleanup", Time since last: 1630502048 ns, Reaching safepoint: 62602 ns, Cleanup: 17853 ns, At safepoint: 6328 ns, Total: 86783 ns
[2025-01-17T15:51:43.282+0000][81][info ][safepoint   ] Safepoint "Cleanup", Time since last: 4011369265 ns, Reaching safepoint: 44094 ns, Cleanup: 16993 ns, At safepoint: 5467 ns, Total: 66554 ns
[2025-01-17T15:51:44.285+0000][81][info ][safepoint   ] Safepoint "Cleanup", Time since last: 1002439976 ns, Reaching safepoint: 10634 ns, Cleanup: 10235 ns, At safepoint: 17330 ns, Total: 38199 ns
[2025-01-17T15:51:45.290+0000][81][info ][safepoint   ] Safepoint "Cleanup", Time since last: 1005155843 ns, Reaching safepoint: 31968 ns, Cleanup: 14604 ns, At safepoint: 5356 ns, Total: 51928 ns
[2025-01-17T15:51:49.705+0000][81][info ][safepoint   ] Safepoint "Cleanup", Time since last: 4415104607 ns, Reaching safepoint: 10778 ns, Cleanup: 9036 ns, At safepoint: 17506 ns, Total: 37320 ns
[2025-01-17T15:51:51.313+0000][81][info ][safepoint   ] Safepoint "Cleanup", Time since last: 1607785967 ns, Reaching safepoint: 31978 ns, Cleanup: 19736 ns, At safepoint: 5649 ns, Total: 57363 ns
[2025-01-17T15:51:54.315+0000][81][info ][safepoint   ] Safepoint "Cleanup", Time since last: 3001655083 ns, Reaching safepoint: 55554 ns, Cleanup: 18264 ns, At safepoint: 8029 ns, Total: 81847 ns
[2025-01-17T15:51:56.320+0000][81][info ][safepoint   ] Safepoint "Cleanup", Time since last: 2005339419 ns, Reaching safepoint: 12946 ns, Cleanup: 8469 ns, At safepoint: 4287 ns, Total: 25702 ns
[2025-01-17T15:52:01.588+0000][81][info ][safepoint   ] Safepoint "Cleanup", Time since last: 5267834757 ns, Reaching safepoint: 18925 ns, Cleanup: 13751 ns, At safepoint: 26160 ns, Total: 58836 ns
[2025-01-17T15:52:03.371+0000][81][info ][safepoint   ] Safepoint "Cleanup", Time since last: 1782517358 ns, Reaching safepoint: 56154 ns, Cleanup: 27822 ns, At safepoint: 13418 ns, Total: 97394 ns
[2025-01-17T15:52:19.601+0000][81][info ][safepoint   ] Safepoint "Cleanup", Time since last: 16232758445 ns, Reaching safepoint: 194949 ns, Cleanup: 10902 ns, At safepoint: 57828 ns, Total: 263679 ns
[2025-01-17T15:52:26.494+0000][81][info ][safepoint   ] Safepoint "Cleanup", Time since last: 6892702944 ns, Reaching safepoint: 51417 ns, Cleanup: 11528 ns, At safepoint: 6953 ns, Total: 69898 ns
[2025-01-17T15:52:43.574+0000][81][info ][safepoint   ] Safepoint "Cleanup", Time since last: 17081537377 ns, Reaching safepoint: 54952 ns, Cleanup: 15624 ns, At safepoint: 30694 ns, Total: 101270 ns
[2025-01-17T15:52:44.589+0000][81][info ][safepoint   ] Safepoint "Cleanup", Time since last: 1015749105 ns, Reaching safepoint: 100956 ns, Cleanup: 10598 ns, At safepoint: 54212 ns, Total: 165766 ns
[2025-01-17T15:52:45.626+0000][81][info ][safepoint   ] Safepoint "Cleanup", Time since last: 1036494526 ns, Reaching safepoint: 21051 ns, Cleanup: 14770 ns, At safepoint: 10662 ns, Total: 46483 ns
[2025-01-17T15:52:49.942+0000][81][info ][safepoint   ] Safepoint "Cleanup", Time since last: 4314493109 ns, Reaching safepoint: 1080553 ns, Cleanup: 9481 ns, At safepoint: 71107 ns, Total: 1161141 ns
[2025-01-17T15:53:01.577+0000][81][info ][safepoint   ] Safepoint "Cleanup", Time since last: 11635557834 ns, Reaching safepoint: 24136 ns, Cleanup: 8735 ns, At safepoint: 29246 ns, Total: 62117 ns
[2025-01-17T15:53:02.695+0000][81][info ][safepoint   ] Safepoint "Cleanup", Time since last: 1117682859 ns, Reaching safepoint: 31812 ns, Cleanup: 14431 ns, At safepoint: 5330 ns, Total: 51573 ns
[2025-01-17T15:53:07.586+0000][81][info ][safepoint   ] Safepoint "Cleanup", Time since last: 4892661665 ns, Reaching safepoint: 11305 ns, Cleanup: 11143 ns, At safepoint: 17001 ns, Total: 39449 ns
[2025-01-17T15:53:09.768+0000][81][info ][safepoint   ] Safepoint "Cleanup", Time since last: 2181488437 ns, Reaching safepoint: 29093 ns, Cleanup: 13277 ns, At safepoint: 5630 ns, Total: 48000 ns
[2025-01-17T15:53:13.822+0000][81][info ][safepoint   ] Safepoint "Cleanup", Time since last: 4054657477 ns, Reaching safepoint: 54450 ns, Cleanup: 14536 ns, At safepoint: 5770 ns, Total: 74756 ns
[2025-01-17T15:53:22.850+0000][81][info ][safepoint   ] Safepoint "Cleanup", Time since last: 9027545730 ns, Reaching safepoint: 30381 ns, Cleanup: 14016 ns, At safepoint: 5709 ns, Total: 50106 ns
[2025-01-17T15:53:23.851+0000][81][info ][safepoint   ] Safepoint "Cleanup", Time since last: 1001054323 ns, Reaching safepoint: 47394 ns, Cleanup: 21508 ns, At safepoint: 11122 ns, Total: 80024 ns
[2025-01-17T15:53:25.864+0000][81][info ][safepoint   ] Safepoint "Cleanup", Time since last: 2012478956 ns, Reaching safepoint: 30344 ns, Cleanup: 8575 ns, At safepoint: 18705 ns, Total: 57624 ns
[2025-01-17T15:53:28.873+0000][81][info ][safepoint   ] Safepoint "Cleanup", Time since last: 3008886166 ns, Reaching safepoint: 44297 ns, Cleanup: 20589 ns, At safepoint: 9449 ns, Total: 74335 ns
[2025-01-17T15:53:31.599+0000][81][info ][safepoint   ] Safepoint "Cleanup", Time since last: 2726073805 ns, Reaching safepoint: 10074 ns, Cleanup: 6721 ns, At safepoint: 4001 ns, Total: 20796 ns
[2025-01-17T15:53:37.611+0000][81][info ][safepoint   ] Safepoint "Cleanup", Time since last: 6013807252 ns, Reaching safepoint: 105897 ns, Cleanup: 9114 ns, At safepoint: 38882 ns, Total: 153893 ns
[2025-01-17T15:53:55.820+0000][81][info ][safepoint   ] Safepoint "Cleanup", Time since last: 18209529048 ns, Reaching safepoint: 12482 ns, Cleanup: 10244 ns, At safepoint: 19595 ns, Total: 42321 ns
[2025-01-17T15:54:00.055+0000][81][info ][safepoint   ] Safepoint "Cleanup", Time since last: 4235046821 ns, Reaching safepoint: 79449 ns, Cleanup: 32167 ns, At safepoint: 6339 ns, Total: 117955 ns
[2025-01-17T15:54:07.608+0000][81][info ][safepoint   ] Safepoint "Cleanup", Time since last: 7554277096 ns, Reaching safepoint: 17053 ns, Cleanup: 17475 ns, At safepoint: 32148 ns, Total: 66676 ns
[2025-01-17T15:54:09.119+0000][81][info ][safepoint   ] Safepoint "Cleanup", Time since last: 1511140302 ns, Reaching safepoint: 49719 ns, Cleanup: 22008 ns, At safepoint: 11449 ns, Total: 83176 ns
[2025-01-17T15:54:32.265+0000][81][info ][safepoint   ] Safepoint "Cleanup", Time since last: 23145116147 ns, Reaching safepoint: 53164 ns, Cleanup: 14564 ns, At safepoint: 40293 ns, Total: 108021 ns
[2025-01-17T15:54:37.610+0000][81][info ][safepoint   ] Safepoint "Cleanup", Time since last: 5347327214 ns, Reaching safepoint: 16636 ns, Cleanup: 12360 ns, At safepoint: 7892 ns, Total: 36888 ns
[2025-01-17T15:54:50.372+0000][81][info ][safepoint   ] Safepoint "Cleanup", Time since last: 12761960432 ns, Reaching safepoint: 41581 ns, Cleanup: 13844 ns, At safepoint: 8544 ns, Total: 63969 ns
[2025-01-17T15:54:55.709+0000][81][info ][safepoint   ] Safepoint "Cleanup", Time since last: 5337151081 ns, Reaching safepoint: 10432 ns, Cleanup: 10267 ns, At safepoint: 4308 ns, Total: 25007 ns
[2025-01-17T15:54:57.452+0000][81][info ][safepoint   ] Safepoint "Cleanup", Time since last: 1743396309 ns, Reaching safepoint: 36347 ns, Cleanup: 19139 ns, At safepoint: 5607 ns, Total: 61093 ns
[2025-01-17T15:55:01.454+0000][81][info ][safepoint   ] Safepoint "Cleanup", Time since last: 4001407257 ns, Reaching safepoint: 58218 ns, Cleanup: 13999 ns, At safepoint: 5496 ns, Total: 77713 ns
[2025-01-17T15:55:02.461+0000][81][info ][safepoint   ] Safepoint "Cleanup", Time since last: 1006903778 ns, Reaching safepoint: 14580 ns, Cleanup: 11136 ns, At safepoint: 7159 ns, Total: 32875 ns
[2025-01-17T15:55:07.601+0000][81][info ][safepoint   ] Safepoint "Cleanup", Time since last: 5142032288 ns, Reaching safepoint: 14692 ns, Cleanup: 11562 ns, At safepoint: 6923 ns, Total: 33177 ns
[2025-01-17T15:55:14.535+0000][81][info ][safepoint   ] Safepoint "Cleanup", Time since last: 6934230847 ns, Reaching safepoint: 11764 ns, Cleanup: 10120 ns, At safepoint: 5091 ns, Total: 26975 ns
[2025-01-17T15:55:29.655+0000][81][info ][safepoint   ] Safepoint "Cleanup", Time since last: 15119448139 ns, Reaching safepoint: 57010 ns, Cleanup: 26239 ns, At safepoint: 14583 ns, Total: 97832 ns
[2025-01-17T15:55:30.656+0000][81][info ][safepoint   ] Safepoint "Cleanup", Time since last: 1001178390 ns, Reaching safepoint: 41543 ns, Cleanup: 19029 ns, At safepoint: 39998 ns, Total: 100570 ns
[2025-01-17T15:55:43.603+0000][81][info ][safepoint   ] Safepoint "Cleanup", Time since last: 12948368339 ns, Reaching safepoint: 16693 ns, Cleanup: 27366 ns, At safepoint: 6482 ns, Total: 50541 ns
[2025-01-17T15:55:53.839+0000][81][info ][safepoint   ] Safepoint "Cleanup", Time since last: 10236434671 ns, Reaching safepoint: 39772 ns, Cleanup: 17771 ns, At safepoint: 9912 ns, Total: 67455 ns
[2025-01-17T15:55:55.445+0000][81][info ][safepoint   ] Safepoint "Cleanup", Time since last: 1605423180 ns, Reaching safepoint: 16646 ns, Cleanup: 14003 ns, At safepoint: 32160 ns, Total: 62809 ns
[2025-01-17T15:55:56.931+0000][81][info ][safepoint   ] Safepoint "Cleanup", Time since last: 1486052868 ns, Reaching safepoint: 21628 ns, Cleanup: 15857 ns, At safepoint: 48540 ns, Total: 86025 ns
[2025-01-17T15:56:32.250+0000][81][info ][safepoint   ] Safepoint "Cleanup", Time since last: 35321347234 ns, Reaching safepoint: 24204 ns, Cleanup: 11667 ns, At safepoint: 5742 ns, Total: 41613 ns
[2025-01-17T15:56:39.283+0000][81][info ][safepoint   ] Safepoint "Cleanup", Time since last: 7034018288 ns, Reaching safepoint: 39241 ns, Cleanup: 13497 ns, At safepoint: 5801 ns, Total: 58539 ns
[2025-01-17T15:56:51.342+0000][81][info ][safepoint   ] Safepoint "Cleanup", Time since last: 12058605400 ns, Reaching safepoint: 28096 ns, Cleanup: 11891 ns, At safepoint: 5604 ns, Total: 45591 ns
[2025-01-17T15:57:07.592+0000][81][info ][safepoint   ] Safepoint "Cleanup", Time since last: 16251906452 ns, Reaching safepoint: 11618 ns, Cleanup: 7200 ns, At safepoint: 4889 ns, Total: 23707 ns
[2025-01-17T15:57:13.629+0000][81][info ][safepoint   ] Safepoint "Cleanup", Time since last: 6037527408 ns, Reaching safepoint: 11317 ns, Cleanup: 7653 ns, At safepoint: 4629 ns, Total: 23599 ns
[2025-01-17T15:57:33.592+0000][81][info ][safepoint   ] Safepoint "Cleanup", Time since last: 19963174963 ns, Reaching safepoint: 126904 ns, Cleanup: 22444 ns, At safepoint: 11803 ns, Total: 161151 ns
[2025-01-17T15:57:43.595+0000][81][info ][safepoint   ] Safepoint "Cleanup", Time since last: 10004465749 ns, Reaching safepoint: 13770 ns, Cleanup: 6476 ns, At safepoint: 16001 ns, Total: 36247 ns
[2025-01-17T15:57:44.680+0000][81][info ][safepoint   ] Safepoint "Cleanup", Time since last: 1085351996 ns, Reaching safepoint: 47427 ns, Cleanup: 23700 ns, At safepoint: 10476 ns, Total: 81603 ns
[2025-01-17T15:57:55.801+0000][81][info ][safepoint   ] Safepoint "Cleanup", Time since last: 11121078634 ns, Reaching safepoint: 30143 ns, Cleanup: 9806 ns, At safepoint: 5143 ns, Total: 45092 ns
[2025-01-17T15:58:00.813+0000][81][info ][safepoint   ] Safepoint "Cleanup", Time since last: 5011361131 ns, Reaching safepoint: 32790 ns, Cleanup: 16037 ns, At safepoint: 5888 ns, Total: 54715 ns
[2025-01-17T15:58:01.826+0000][81][info ][safepoint   ] Safepoint "Cleanup", Time since last: 1012936485 ns, Reaching safepoint: 15077 ns, Cleanup: 10180 ns, At safepoint: 17650 ns, Total: 42907 ns
[2025-01-17T15:58:02.864+0000][81][info ][safepoint   ] Safepoint "Cleanup", Time since last: 1038025846 ns, Reaching safepoint: 11110 ns, Cleanup: 8804 ns, At safepoint: 4738 ns, Total: 24652 ns
[2025-01-17T15:58:07.877+0000][81][info ][safepoint   ] Safepoint "Cleanup", Time since last: 5014099415 ns, Reaching safepoint: 11439 ns, Cleanup: 8621 ns, At safepoint: 19179 ns, Total: 39239 ns
[2025-01-17T15:58:08.893+0000][81][info ][safepoint   ] Safepoint "Cleanup", Time since last: 1015999698 ns, Reaching safepoint: 35680 ns, Cleanup: 14785 ns, At safepoint: 6546 ns, Total: 57011 ns
[2025-01-17T15:58:13.634+0000][81][info ][safepoint   ] Safepoint "Cleanup", Time since last: 4741687852 ns, Reaching safepoint: 31360 ns, Cleanup: 8769 ns, At safepoint: 5516 ns, Total: 45645 ns
[2025-01-17T15:58:16.930+0000][81][info ][safepoint   ] Safepoint "Cleanup", Time since last: 3295480791 ns, Reaching safepoint: 31631 ns, Cleanup: 14627 ns, At safepoint: 5798 ns, Total: 52056 ns
[2025-01-17T15:58:28.983+0000][81][info ][safepoint   ] Safepoint "Cleanup", Time since last: 12053357717 ns, Reaching safepoint: 105088 ns, Cleanup: 25147 ns, At safepoint: 11449 ns, Total: 141684 ns
[2025-01-17T15:58:30.985+0000][81][info ][safepoint   ] Safepoint "Cleanup", Time since last: 2001023699 ns, Reaching safepoint: 46199 ns, Cleanup: 21879 ns, At safepoint: 11196 ns, Total: 79274 ns
[2025-01-17T15:58:31.998+0000][81][info ][safepoint   ] Safepoint "Cleanup", Time since last: 1013530255 ns, Reaching safepoint: 16482 ns, Cleanup: 10313 ns, At safepoint: 18904 ns, Total: 45699 ns
[2025-01-17T15:58:43.037+0000][81][info ][safepoint   ] Safepoint "Cleanup", Time since last: 11040745431 ns, Reaching safepoint: 62622 ns, Cleanup: 19111 ns, At safepoint: 6039 ns, Total: 87772 ns
[2025-01-17T15:58:55.100+0000][81][info ][safepoint   ] Safepoint "Cleanup", Time since last: 12062717955 ns, Reaching safepoint: 55143 ns, Cleanup: 20854 ns, At safepoint: 6387 ns, Total: 82384 ns
[2025-01-17T15:58:56.118+0000][81][info ][safepoint   ] Safepoint "Cleanup", Time since last: 1018059888 ns, Reaching safepoint: 14298 ns, Cleanup: 13867 ns, At safepoint: 19321 ns, Total: 47486 ns
[2025-01-17T15:59:02.033+0000][81][info ][safepoint   ] Safepoint "Cleanup", Time since last: 5915298098 ns, Reaching safepoint: 11666 ns, Cleanup: 7835 ns, At safepoint: 17518 ns, Total: 37019 ns
[2025-01-17T15:59:08.167+0000][81][info ][safepoint   ] Safepoint "Cleanup", Time since last: 6135419112 ns, Reaching safepoint: 75799 ns, Cleanup: 13541 ns, At safepoint: 53011 ns, Total: 142351 ns
[2025-01-17T15:59:20.248+0000][81][info ][safepoint   ] Safepoint "Cleanup", Time since last: 12081446317 ns, Reaching safepoint: 49492 ns, Cleanup: 12032 ns, At safepoint: 26600 ns, Total: 88124 ns
[2025-01-17T15:59:31.626+0000][81][info ][safepoint   ] Safepoint "Cleanup", Time since last: 11378214561 ns, Reaching safepoint: 10868 ns, Cleanup: 6264 ns, At safepoint: 4546 ns, Total: 21678 ns
[2025-01-17T15:59:43.358+0000][81][info ][safepoint   ] Safepoint "Cleanup", Time since last: 11732543745 ns, Reaching safepoint: 57566 ns, Cleanup: 27476 ns, At safepoint: 6036 ns, Total: 91078 ns
[2025-01-17T16:00:32.700+0000][81][info ][safepoint   ] Safepoint "Cleanup", Time since last: 49344149217 ns, Reaching safepoint: 12823 ns, Cleanup: 7013 ns, At safepoint: 20110 ns, Total: 39946 ns
[2025-01-17T16:00:43.617+0000][81][info ][safepoint   ] Safepoint "Cleanup", Time since last: 10919436822 ns, Reaching safepoint: 36465 ns, Cleanup: 28264 ns, At safepoint: 27766 ns, Total: 92495 ns
[2025-01-17T16:00:44.806+0000][81][info ][safepoint   ] Safepoint "Cleanup", Time since last: 1188359888 ns, Reaching safepoint: 28737 ns, Cleanup: 14071 ns, At safepoint: 4770 ns, Total: 47578 ns
[2025-01-17T16:00:45.822+0000][81][info ][safepoint   ] Safepoint "Cleanup", Time since last: 1016387455 ns, Reaching safepoint: 29940 ns, Cleanup: 15726 ns, At safepoint: 5730 ns, Total: 51396 ns
[2025-01-17T16:00:49.839+0000][81][info ][safepoint   ] Safepoint "Cleanup", Time since last: 4016604292 ns, Reaching safepoint: 17006 ns, Cleanup: 12219 ns, At safepoint: 8290 ns, Total: 37515 ns
[2025-01-17T16:00:54.855+0000][81][info ][safepoint   ] Safepoint "Cleanup", Time since last: 5015510587 ns, Reaching safepoint: 58651 ns, Cleanup: 13014 ns, At safepoint: 5865 ns, Total: 77530 ns
[2025-01-17T16:01:13.630+0000][81][info ][safepoint   ] Safepoint "Cleanup", Time since last: 18776810695 ns, Reaching safepoint: 101796 ns, Cleanup: 10047 ns, At safepoint: 62206 ns, Total: 174049 ns
[2025-01-17T16:01:31.134+0000][81][info ][safepoint   ] Safepoint "Cleanup", Time since last: 17503307123 ns, Reaching safepoint: 60176 ns, Cleanup: 34801 ns, At safepoint: 16363 ns, Total: 111340 ns
[2025-01-17T16:01:37.613+0000][81][info ][safepoint   ] Safepoint "Cleanup", Time since last: 6482524898 ns, Reaching safepoint: 24711 ns, Cleanup: 10629 ns, At safepoint: 4968 ns, Total: 40308 ns
[2025-01-17T16:01:39.244+0000][81][info ][safepoint   ] Safepoint "Cleanup", Time since last: 1631020455 ns, Reaching safepoint: 46113 ns, Cleanup: 23007 ns, At safepoint: 7173 ns, Total: 76293 ns
[2025-01-17T16:01:43.246+0000][81][info ][safepoint   ] Safepoint "Cleanup", Time since last: 4001675461 ns, Reaching safepoint: 37146 ns, Cleanup: 16685 ns, At safepoint: 5955 ns, Total: 59786 ns
[2025-01-17T16:02:00.333+0000][81][info ][safepoint   ] Safepoint "Cleanup", Time since last: 17086792977 ns, Reaching safepoint: 73197 ns, Cleanup: 15852 ns, At safepoint: 6777 ns, Total: 95826 ns
[2025-01-17T16:02:07.604+0000][81][info ][safepoint   ] Safepoint "Cleanup", Time since last: 7272534562 ns, Reaching safepoint: 20337 ns, Cleanup: 8512 ns, At safepoint: 4738 ns, Total: 33587 ns
[2025-01-17T16:02:13.615+0000][81][info ][safepoint   ] Safepoint "Cleanup", Time since last: 6010220195 ns, Reaching safepoint: 11543 ns, Cleanup: 9692 ns, At safepoint: 18292 ns, Total: 39527 ns
[2025-01-17T16:02:17.421+0000][81][info ][safepoint   ] Safepoint "Cleanup", Time since last: 3805888621 ns, Reaching safepoint: 41338 ns, Cleanup: 18272 ns, At safepoint: 5731 ns, Total: 65341 ns
[2025-01-17T16:02:19.610+0000][81][info ][safepoint   ] Safepoint "Cleanup", Time since last: 2189262827 ns, Reaching safepoint: 17159 ns, Cleanup: 12701 ns, At safepoint: 34689 ns, Total: 64549 ns
[2025-01-17T16:02:43.547+0000][81][info ][safepoint   ] Safepoint "Cleanup", Time since last: 23938357326 ns, Reaching safepoint: 144202 ns, Cleanup: 37202 ns, At safepoint: 17853 ns, Total: 199257 ns
[2025-01-17T16:03:03.700+0000][81][info ][safepoint   ] Safepoint "Cleanup", Time since last: 20152295877 ns, Reaching safepoint: 68375 ns, Cleanup: 23352 ns, At safepoint: 5743 ns, Total: 97470 ns
[2025-01-17T16:03:04.701+0000][81][info ][safepoint   ] Safepoint "Cleanup", Time since last: 1000869937 ns, Reaching safepoint: 28847 ns, Cleanup: 12933 ns, At safepoint: 5941 ns, Total: 47721 ns
[2025-01-17T16:03:07.715+0000][81][info ][safepoint   ] Safepoint "Cleanup", Time since last: 3016354919 ns, Reaching safepoint: 13114 ns, Cleanup: 28666 ns, At safepoint: 6993 ns, Total: 48773 ns
[2025-01-17T16:03:08.741+0000][81][info ][safepoint   ] Safepoint "Cleanup", Time since last: 1025744205 ns, Reaching safepoint: 14895 ns, Cleanup: 10404 ns, At safepoint: 4945 ns, Total: 30244 ns
[2025-01-17T16:03:37.987+0000][81][info ][safepoint   ] Safepoint "Cleanup", Time since last: 29248129350 ns, Reaching safepoint: 105372 ns, Cleanup: 10639 ns, At safepoint: 70679 ns, Total: 186690 ns
[2025-01-17T16:03:39.968+0000][81][info ][safepoint   ] Safepoint "Cleanup", Time since last: 1981119674 ns, Reaching safepoint: 54125 ns, Cleanup: 14863 ns, At safepoint: 7673 ns, Total: 76661 ns
[2025-01-17T16:04:08.104+0000][81][info ][safepoint   ] Safepoint "Cleanup", Time since last: 28137282451 ns, Reaching safepoint: 30566 ns, Cleanup: 10867 ns, At safepoint: 26059 ns, Total: 67492 ns
[2025-01-17T16:04:09.125+0000][81][info ][safepoint   ] Safepoint "Cleanup", Time since last: 1020497106 ns, Reaching safepoint: 30293 ns, Cleanup: 25706 ns, At safepoint: 6172 ns, Total: 62171 ns
[2025-01-17T16:04:13.650+0000][81][info ][safepoint   ] Safepoint "Cleanup", Time since last: 4525221092 ns, Reaching safepoint: 16163 ns, Cleanup: 8829 ns, At safepoint: 21580 ns, Total: 46572 ns
[2025-01-17T16:04:15.162+0000][81][info ][safepoint   ] Safepoint "Cleanup", Time since last: 1511874571 ns, Reaching safepoint: 29859 ns, Cleanup: 13926 ns, At safepoint: 5589 ns, Total: 49374 ns
[2025-01-17T16:04:31.654+0000][81][info ][safepoint   ] Safepoint "Cleanup", Time since last: 16492427795 ns, Reaching safepoint: 22316 ns, Cleanup: 5311 ns, At safepoint: 4347 ns, Total: 31974 ns
[2025-01-17T16:04:43.277+0000][81][info ][safepoint   ] Safepoint "Cleanup", Time since last: 11624662178 ns, Reaching safepoint: 58091 ns, Cleanup: 21555 ns, At safepoint: 5773 ns, Total: 85419 ns
[2025-01-17T16:05:13.628+0000][81][info ][safepoint   ] Safepoint "Cleanup", Time since last: 30352371647 ns, Reaching safepoint: 22151 ns, Cleanup: 13169 ns, At safepoint: 9121 ns, Total: 44441 ns
[2025-01-17T16:05:43.606+0000][81][info ][safepoint   ] Safepoint "Cleanup", Time since last: 29980427928 ns, Reaching safepoint: 36578 ns, Cleanup: 11032 ns, At safepoint: 19407 ns, Total: 67017 ns
[2025-01-17T16:06:01.643+0000][81][info ][safepoint   ] Safepoint "Cleanup", Time since last: 18036259524 ns, Reaching safepoint: 15002 ns, Cleanup: 8155 ns, At safepoint: 4617 ns, Total: 27774 ns
[2025-01-17T16:06:19.976+0000][81][info ][safepoint   ] Safepoint "Cleanup", Time since last: 18334828197 ns, Reaching safepoint: 16944 ns, Cleanup: 12698 ns, At safepoint: 6836 ns, Total: 36478 ns
[2025-01-17T16:06:23.000+0000][81][info ][safepoint   ] Safepoint "Cleanup", Time since last: 3023731920 ns, Reaching safepoint: 15264 ns, Cleanup: 10596 ns, At safepoint: 17866 ns, Total: 43726 ns
[2025-01-17T16:06:25.458+0000][81][info ][safepoint   ] Safepoint "Cleanup", Time since last: 2457773001 ns, Reaching safepoint: 14136 ns, Cleanup: 9131 ns, At safepoint: 17785 ns, Total: 41052 ns
[2025-01-17T16:06:27.053+0000][81][info ][safepoint   ] Safepoint "Cleanup", Time since last: 1595463499 ns, Reaching safepoint: 46022 ns, Cleanup: 20445 ns, At safepoint: 10641 ns, Total: 77108 ns
[2025-01-17T16:06:32.107+0000][81][info ][safepoint   ] Safepoint "Cleanup", Time since last: 5053280936 ns, Reaching safepoint: 13751 ns, Cleanup: 5782 ns, At safepoint: 17522 ns, Total: 37055 ns
[2025-01-17T16:06:43.139+0000][81][info ][safepoint   ] Safepoint "Cleanup", Time since last: 11035191640 ns, Reaching safepoint: 47442 ns, Cleanup: 20049 ns, At safepoint: 5783 ns, Total: 73274 ns
[2025-01-17T16:06:44.152+0000][81][info ][safepoint   ] Safepoint "Cleanup", Time since last: 1013254826 ns, Reaching safepoint: 13826 ns, Cleanup: 9394 ns, At safepoint: 18142 ns, Total: 41362 ns
[2025-01-17T16:07:08.270+0000][81][info ][safepoint   ] Safepoint "Cleanup", Time since last: 24117592262 ns, Reaching safepoint: 23899 ns, Cleanup: 9937 ns, At safepoint: 18073 ns, Total: 51909 ns
[2025-01-17T16:07:13.781+0000][81][info ][safepoint   ] Safepoint "Cleanup", Time since last: 5510974336 ns, Reaching safepoint: 11223 ns, Cleanup: 8125 ns, At safepoint: 16888 ns, Total: 36236 ns
[2025-01-17T16:07:15.297+0000][81][info ][safepoint   ] Safepoint "Cleanup", Time since last: 1516219752 ns, Reaching safepoint: 57194 ns, Cleanup: 14596 ns, At safepoint: 5873 ns, Total: 77663 ns
[2025-01-17T16:07:19.603+0000][81][info ][safepoint   ] Safepoint "Cleanup", Time since last: 4306051785 ns, Reaching safepoint: 14556 ns, Cleanup: 7474 ns, At safepoint: 4439 ns, Total: 26469 ns
[2025-01-17T16:07:21.320+0000][81][info ][safepoint   ] Safepoint "Cleanup", Time since last: 1716805202 ns, Reaching safepoint: 53536 ns, Cleanup: 32493 ns, At safepoint: 14879 ns, Total: 100908 ns
[2025-01-17T16:07:31.637+0000][81][info ][gc,start    ] GC(21) Pause Young (Normal) (G1 Evacuation Pause)
[2025-01-17T16:07:31.639+0000][81][info ][gc,task     ] GC(21) Using 18 workers of 18 for evacuation
[2025-01-17T16:07:31.640+0000][81][debug][gc,age      ] GC(21) Desired survivor size 134217728 bytes, new threshold 15 (max threshold 15)
[2025-01-17T16:07:31.720+0000][81][info ][gc,phases   ] GC(21)   Pre Evacuate Collection Set: 7.8ms
[2025-01-17T16:07:31.721+0000][81][info ][gc,phases   ] GC(21)   Merge Heap Roots: 2.1ms
[2025-01-17T16:07:31.721+0000][81][info ][gc,phases   ] GC(21)   Evacuate Collection Set: 59.6ms
[2025-01-17T16:07:31.722+0000][81][info ][gc,phases   ] GC(21)   Post Evacuate Collection Set: 9.2ms
[2025-01-17T16:07:31.722+0000][81][info ][gc,phases   ] GC(21)   Other: 3.9ms
[2025-01-17T16:07:31.722+0000][81][trace][gc,age      ] GC(21) Age table with threshold 15 (max threshold 15)
[2025-01-17T16:07:31.723+0000][81][trace][gc,age      ] GC(21) - age   1:    1276552 bytes,    1276552 total
[2025-01-17T16:07:31.723+0000][81][trace][gc,age      ] GC(21) - age   2:     240520 bytes,    1517072 total
[2025-01-17T16:07:31.724+0000][81][trace][gc,age      ] GC(21) - age   3:     148880 bytes,    1665952 total
[2025-01-17T16:07:31.724+0000][81][trace][gc,age      ] GC(21) - age   4:     438704 bytes,    2104656 total
[2025-01-17T16:07:31.724+0000][81][trace][gc,age      ] GC(21) - age   5:     227592 bytes,    2332248 total
[2025-01-17T16:07:31.725+0000][81][trace][gc,age      ] GC(21) - age   6:      68016 bytes,    2400264 total
[2025-01-17T16:07:31.725+0000][81][trace][gc,age      ] GC(21) - age   7:    5289752 bytes,    7690016 total
[2025-01-17T16:07:31.725+0000][81][info ][gc,heap     ] GC(21) Eden regions: 506->0(505)
[2025-01-17T16:07:31.726+0000][81][info ][gc,heap     ] GC(21) Survivor regions: 2->3(64)
[2025-01-17T16:07:31.726+0000][81][info ][gc,heap     ] GC(21) Old regions: 35->35
[2025-01-17T16:07:31.726+0000][81][info ][gc,heap     ] GC(21) Humongous regions: 4->4
[2025-01-17T16:07:31.726+0000][81][info ][gc,metaspace] GC(21) Metaspace: 154348K(158592K)->154348K(158592K) NonClass: 133940K(136192K)->133940K(136192K) Class: 20407K(22400K)->20407K(22400K)
[2025-01-17T16:07:31.727+0000][81][info ][gc          ] GC(21) Pause Young (Normal) (G1 Evacuation Pause) 2186M->162M(3392M) 90.736ms
[2025-01-17T16:07:31.727+0000][81][info ][gc,cpu      ] GC(21) User=0.63s Sys=0.00s Real=0.09s
[2025-01-17T16:07:31.728+0000][81][info ][safepoint   ] Safepoint "G1CollectForAllocation", Time since last: 10313042494 ns, Reaching safepoint: 44545 ns, Cleanup: 9160 ns, At safepoint: 94936062 ns, Total: 94989767 ns
[2025-01-17T16:08:01.607+0000][81][info ][safepoint   ] Safepoint "Cleanup", Time since last: 29881186160 ns, Reaching safepoint: 12888 ns, Cleanup: 11011 ns, At safepoint: 4561 ns, Total: 28460 ns
[2025-01-17T16:08:07.624+0000][81][info ][safepoint   ] Safepoint "Cleanup", Time since last: 6018299797 ns, Reaching safepoint: 12054 ns, Cleanup: 6021 ns, At safepoint: 18239 ns, Total: 36314 ns
[2025-01-17T16:08:21.702+0000][81][info ][safepoint   ] Safepoint "Cleanup", Time since last: 14077729193 ns, Reaching safepoint: 15276 ns, Cleanup: 6365 ns, At safepoint: 18846 ns, Total: 40487 ns
[2025-01-17T16:08:31.760+0000][81][info ][safepoint   ] Safepoint "Cleanup", Time since last: 10058065240 ns, Reaching safepoint: 43212 ns, Cleanup: 13560 ns, At safepoint: 8733 ns, Total: 65505 ns
[2025-01-17T16:08:32.780+0000][81][info ][safepoint   ] Safepoint "Cleanup", Time since last: 1020508390 ns, Reaching safepoint: 44971 ns, Cleanup: 17883 ns, At safepoint: 9422 ns, Total: 72276 ns
[2025-01-17T16:09:25.606+0000][81][info ][safepoint   ] Safepoint "Cleanup", Time since last: 52829550022 ns, Reaching safepoint: 14225 ns, Cleanup: 9811 ns, At safepoint: 18444 ns, Total: 42480 ns
[2025-01-17T16:09:35.176+0000][81][info ][safepoint   ] Safepoint "Cleanup", Time since last: 9571509653 ns, Reaching safepoint: 56794 ns, Cleanup: 23292 ns, At safepoint: 6006 ns, Total: 86092 ns
[2025-01-17T16:09:39.206+0000][81][info ][safepoint   ] Safepoint "Cleanup", Time since last: 4030014054 ns, Reaching safepoint: 30870 ns, Cleanup: 12965 ns, At safepoint: 5228 ns, Total: 49063 ns
[2025-01-17T16:09:41.212+0000][81][info ][safepoint   ] Safepoint "Cleanup", Time since last: 2004986567 ns, Reaching safepoint: 96592 ns, Cleanup: 21789 ns, At safepoint: 11292 ns, Total: 129673 ns
[2025-01-17T16:09:43.614+0000][81][info ][safepoint   ] Safepoint "Cleanup", Time since last: 2402163177 ns, Reaching safepoint: 15860 ns, Cleanup: 7978 ns, At safepoint: 19333 ns, Total: 43171 ns
[2025-01-17T16:09:53.838+0000][81][info ][safepoint   ] Safepoint "Cleanup", Time since last: 10224226727 ns, Reaching safepoint: 23463 ns, Cleanup: 14306 ns, At safepoint: 18719 ns, Total: 56488 ns
[2025-01-17T16:09:54.839+0000][81][info ][safepoint   ] Safepoint "Cleanup", Time since last: 1000524460 ns, Reaching safepoint: 31427 ns, Cleanup: 15514 ns, At safepoint: 5456 ns, Total: 52397 ns
[2025-01-17T16:09:56.308+0000][81][info ][safepoint   ] Safepoint "Cleanup", Time since last: 1469223846 ns, Reaching safepoint: 16697 ns, Cleanup: 15717 ns, At safepoint: 8640 ns, Total: 41054 ns
[2025-01-17T16:10:06.391+0000][81][info ][safepoint   ] Safepoint "Cleanup", Time since last: 10084458035 ns, Reaching safepoint: 86716 ns, Cleanup: 31578 ns, At safepoint: 10909 ns, Total: 129203 ns
[2025-01-17T16:10:19.673+0000][81][info ][safepoint   ] Safepoint "Cleanup", Time since last: 13282599267 ns, Reaching safepoint: 9243 ns, Cleanup: 6364 ns, At safepoint: 4983 ns, Total: 20590 ns
[2025-01-17T16:10:21.498+0000][81][info ][safepoint   ] Safepoint "Cleanup", Time since last: 1824674479 ns, Reaching safepoint: 66624 ns, Cleanup: 31730 ns, At safepoint: 16737 ns, Total: 115091 ns
[2025-01-17T16:10:25.629+0000][81][info ][safepoint   ] Safepoint "Cleanup", Time since last: 4130632465 ns, Reaching safepoint: 12094 ns, Cleanup: 11239 ns, At safepoint: 5038 ns, Total: 28371 ns
[2025-01-17T16:10:27.522+0000][81][info ][safepoint   ] Safepoint "Cleanup", Time since last: 1893622045 ns, Reaching safepoint: 30271 ns, Cleanup: 13768 ns, At safepoint: 5476 ns, Total: 49515 ns
[2025-01-17T16:10:30.524+0000][81][info ][safepoint   ] Safepoint "Cleanup", Time since last: 3001539997 ns, Reaching safepoint: 45010 ns, Cleanup: 18657 ns, At safepoint: 10430 ns, Total: 74097 ns
[2025-01-17T16:10:46.665+0000][81][info ][safepoint   ] Safepoint "Cleanup", Time since last: 16142226092 ns, Reaching safepoint: 287382 ns, Cleanup: 38565 ns, At safepoint: 65605 ns, Total: 391552 ns
[2025-01-17T16:10:47.679+0000][81][info ][safepoint   ] Safepoint "Cleanup", Time since last: 1014569533 ns, Reaching safepoint: 32754 ns, Cleanup: 62687 ns, At safepoint: 6051 ns, Total: 101492 ns
[2025-01-17T16:10:50.474+0000][81][info ][safepoint   ] Safepoint "Cleanup", Time since last: 2795099458 ns, Reaching safepoint: 22699 ns, Cleanup: 104552 ns, At safepoint: 29997 ns, Total: 157248 ns
[2025-01-17T16:10:51.750+0000][81][info ][safepoint   ] Safepoint "Cleanup", Time since last: 1275779149 ns, Reaching safepoint: 11947 ns, Cleanup: 11468 ns, At safepoint: 17956 ns, Total: 41371 ns
[2025-01-17T16:10:52.772+0000][81][info ][safepoint   ] Safepoint "Cleanup", Time since last: 1021900995 ns, Reaching safepoint: 18272 ns, Cleanup: 11294 ns, At safepoint: 8633 ns, Total: 38199 ns
[2025-01-17T16:10:55.849+0000][81][info ][safepoint   ] Safepoint "Cleanup", Time since last: 3076474789 ns, Reaching safepoint: 12112 ns, Cleanup: 7933 ns, At safepoint: 18191 ns, Total: 38236 ns
[2025-01-17T16:11:01.613+0000][81][info ][safepoint   ] Safepoint "Cleanup", Time since last: 5763960619 ns, Reaching safepoint: 11728 ns, Cleanup: 8508 ns, At safepoint: 18077 ns, Total: 38313 ns
[2025-01-17T16:11:26.064+0000][81][info ][safepoint   ] Safepoint "Cleanup", Time since last: 24453146436 ns, Reaching safepoint: 14266 ns, Cleanup: 8776 ns, At safepoint: 18975 ns, Total: 42017 ns
[2025-01-17T16:11:31.092+0000][81][info ][safepoint   ] Safepoint "Cleanup", Time since last: 5027200060 ns, Reaching safepoint: 11407 ns, Cleanup: 6310 ns, At safepoint: 4096 ns, Total: 21813 ns
[2025-01-17T16:11:49.645+0000][81][info ][safepoint   ] Safepoint "Cleanup", Time since last: 18555372800 ns, Reaching safepoint: 32389 ns, Cleanup: 12959 ns, At safepoint: 47523 ns, Total: 92871 ns
[2025-01-17T16:12:13.245+0000][81][info ][safepoint   ] Safepoint "Cleanup", Time since last: 23601709904 ns, Reaching safepoint: 58195 ns, Cleanup: 17489 ns, At safepoint: 6026 ns, Total: 81710 ns
[2025-01-17T16:12:26.513+0000][81][info ][safepoint   ] Safepoint "Cleanup", Time since last: 13267406402 ns, Reaching safepoint: 11317 ns, Cleanup: 14198 ns, At safepoint: 4987 ns, Total: 30502 ns
[2025-01-17T16:12:30.498+0000][81][info ][safepoint   ] Safepoint "Cleanup", Time since last: 3984902827 ns, Reaching safepoint: 105136 ns, Cleanup: 20713 ns, At safepoint: 9861 ns, Total: 135710 ns
[2025-01-17T16:12:33.512+0000][81][info ][safepoint   ] Safepoint "Cleanup", Time since last: 3014424116 ns, Reaching safepoint: 45568 ns, Cleanup: 56275 ns, At safepoint: 11864 ns, Total: 113707 ns
[2025-01-17T16:12:35.512+0000][81][info ][safepoint   ] Safepoint "Cleanup", Time since last: 2002188800 ns, Reaching safepoint: 41554 ns, Cleanup: 14647 ns, At safepoint: 5635 ns, Total: 61836 ns
[2025-01-17T16:12:43.536+0000][81][info ][safepoint   ] Safepoint "Cleanup", Time since last: 8022981500 ns, Reaching safepoint: 154737 ns, Cleanup: 34339 ns, At safepoint: 16457 ns, Total: 205533 ns
[2025-01-17T16:12:50.592+0000][81][info ][safepoint   ] Safepoint "Cleanup", Time since last: 7056545577 ns, Reaching safepoint: 11484 ns, Cleanup: 8204 ns, At safepoint: 18084 ns, Total: 37772 ns
[2025-01-17T16:12:58.687+0000][81][info ][safepoint   ] Safepoint "Cleanup", Time since last: 8094321060 ns, Reaching safepoint: 47931 ns, Cleanup: 19894 ns, At safepoint: 7851 ns, Total: 75676 ns
[2025-01-17T16:13:00.688+0000][81][info ][safepoint   ] Safepoint "Cleanup", Time since last: 2001120350 ns, Reaching safepoint: 29329 ns, Cleanup: 14454 ns, At safepoint: 5411 ns, Total: 49194 ns
[2025-01-17T16:13:14.790+0000][81][info ][safepoint   ] Safepoint "Cleanup", Time since last: 14102735062 ns, Reaching safepoint: 98720 ns, Cleanup: 19242 ns, At safepoint: 12306 ns, Total: 130268 ns
[2025-01-17T16:13:19.702+0000][81][info ][safepoint   ] Safepoint "Cleanup", Time since last: 4912108254 ns, Reaching safepoint: 17999 ns, Cleanup: 13884 ns, At safepoint: 28900 ns, Total: 60783 ns
[2025-01-17T16:13:31.629+0000][81][info ][safepoint   ] Safepoint "Cleanup", Time since last: 11927547706 ns, Reaching safepoint: 10364 ns, Cleanup: 8828 ns, At safepoint: 17170 ns, Total: 36362 ns
[2025-01-17T16:13:32.915+0000][81][info ][safepoint   ] Safepoint "Cleanup", Time since last: 1285702047 ns, Reaching safepoint: 53964 ns, Cleanup: 26839 ns, At safepoint: 11757 ns, Total: 92560 ns
[2025-01-17T16:13:33.916+0000][81][info ][safepoint   ] Safepoint "Cleanup", Time since last: 1001153798 ns, Reaching safepoint: 29055 ns, Cleanup: 14244 ns, At safepoint: 5806 ns, Total: 49105 ns
[2025-01-17T16:13:37.620+0000][81][info ][safepoint   ] Safepoint "Cleanup", Time since last: 3705815304 ns, Reaching safepoint: 10644 ns, Cleanup: 8609 ns, At safepoint: 17447 ns, Total: 36700 ns
[2025-01-17T16:13:42.937+0000][81][info ][safepoint   ] Safepoint "Cleanup", Time since last: 5316945220 ns, Reaching safepoint: 54743 ns, Cleanup: 16957 ns, At safepoint: 6422 ns, Total: 78122 ns
[2025-01-17T16:13:43.960+0000][81][info ][safepoint   ] Safepoint "Cleanup", Time since last: 1023329629 ns, Reaching safepoint: 18366 ns, Cleanup: 14353 ns, At safepoint: 9333 ns, Total: 42052 ns
[2025-01-17T16:13:55.627+0000][81][info ][safepoint   ] Safepoint "Cleanup", Time since last: 11666375794 ns, Reaching safepoint: 25014 ns, Cleanup: 8513 ns, At safepoint: 4396 ns, Total: 37923 ns
[2025-01-17T16:14:01.052+0000][81][info ][safepoint   ] Safepoint "Cleanup", Time since last: 5424851171 ns, Reaching safepoint: 64045 ns, Cleanup: 33576 ns, At safepoint: 450570 ns, Total: 548191 ns
[2025-01-17T16:14:02.073+0000][81][info ][safepoint   ] Safepoint "Cleanup", Time since last: 1020254319 ns, Reaching safepoint: 19028 ns, Cleanup: 14276 ns, At safepoint: 7946 ns, Total: 41250 ns
[2025-01-17T16:14:20.189+0000][81][info ][safepoint   ] Safepoint "Cleanup", Time since last: 18117621623 ns, Reaching safepoint: 18664 ns, Cleanup: 13209 ns, At safepoint: 8223 ns, Total: 40096 ns
[2025-01-17T16:14:25.831+0000][81][info ][safepoint   ] Safepoint "Cleanup", Time since last: 5641484581 ns, Reaching safepoint: 32300 ns, Cleanup: 9067 ns, At safepoint: 18627 ns, Total: 59994 ns
[2025-01-17T16:14:27.237+0000][81][info ][safepoint   ] Safepoint "Cleanup", Time since last: 1405827683 ns, Reaching safepoint: 307014 ns, Cleanup: 50349 ns, At safepoint: 88000 ns, Total: 445363 ns
[2025-01-17T16:14:31.239+0000][81][info ][safepoint   ] Safepoint "Cleanup", Time since last: 4002138174 ns, Reaching safepoint: 27797 ns, Cleanup: 12758 ns, At safepoint: 5175 ns, Total: 45730 ns
[2025-01-17T16:14:33.262+0000][81][info ][safepoint   ] Safepoint "Cleanup", Time since last: 2023070731 ns, Reaching safepoint: 56209 ns, Cleanup: 29947 ns, At safepoint: 12889 ns, Total: 99045 ns
[2025-01-17T16:14:43.305+0000][81][info ][safepoint   ] Safepoint "Cleanup", Time since last: 10044328580 ns, Reaching safepoint: 58071 ns, Cleanup: 15829 ns, At safepoint: 5763 ns, Total: 79663 ns
[2025-01-17T16:14:44.328+0000][81][info ][safepoint   ] Safepoint "Cleanup", Time since last: 1023286437 ns, Reaching safepoint: 19309 ns, Cleanup: 42220 ns, At safepoint: 11312 ns, Total: 72841 ns
[2025-01-17T16:15:11.374+0000][81][info ][safepoint   ] Safepoint "Cleanup", Time since last: 27046853979 ns, Reaching safepoint: 11655 ns, Cleanup: 11031 ns, At safepoint: 4321 ns, Total: 27007 ns
[2025-01-17T16:15:13.639+0000][81][info ][safepoint   ] Safepoint "Cleanup", Time since last: 2265641698 ns, Reaching safepoint: 14153 ns, Cleanup: 9114 ns, At safepoint: 4863 ns, Total: 28130 ns
[2025-01-17T16:15:33.676+0000][81][info ][safepoint   ] Safepoint "Cleanup", Time since last: 20036879632 ns, Reaching safepoint: 32199 ns, Cleanup: 13898 ns, At safepoint: 5761 ns, Total: 51858 ns
[2025-01-17T16:15:44.736+0000][81][info ][safepoint   ] Safepoint "Cleanup", Time since last: 11061580244 ns, Reaching safepoint: 19229 ns, Cleanup: 15607 ns, At safepoint: 41093 ns, Total: 75929 ns
[2025-01-17T16:15:50.775+0000][81][info ][safepoint   ] Safepoint "Cleanup", Time since last: 6039138511 ns, Reaching safepoint: 41848 ns, Cleanup: 16383 ns, At safepoint: 6965 ns, Total: 65196 ns
[2025-01-17T16:15:52.801+0000][81][info ][safepoint   ] Safepoint "Cleanup", Time since last: 2026426032 ns, Reaching safepoint: 97437 ns, Cleanup: 23482 ns, At safepoint: 12344 ns, Total: 133263 ns
[2025-01-17T16:15:55.650+0000][81][info ][safepoint   ] Safepoint "Cleanup", Time since last: 2848528976 ns, Reaching safepoint: 16054 ns, Cleanup: 9261 ns, At safepoint: 4593 ns, Total: 29908 ns
[2025-01-17T16:16:00.825+0000][81][info ][safepoint   ] Safepoint "Cleanup", Time since last: 5175363506 ns, Reaching safepoint: 76242 ns, Cleanup: 15333 ns, At safepoint: 7551 ns, Total: 99126 ns
[2025-01-17T16:16:25.636+0000][81][info ][safepoint   ] Safepoint "Cleanup", Time since last: 24811612464 ns, Reaching safepoint: 37755 ns, Cleanup: 8437 ns, At safepoint: 19951 ns, Total: 66143 ns
[2025-01-17T16:16:27.056+0000][81][info ][safepoint   ] Safepoint "Cleanup", Time since last: 1419938986 ns, Reaching safepoint: 29686 ns, Cleanup: 17609 ns, At safepoint: 5740 ns, Total: 53035 ns
[2025-01-17T16:16:28.647+0000][81][info ][safepoint   ] Safepoint "Cleanup", Time since last: 1590864926 ns, Reaching safepoint: 723908 ns, Cleanup: 12721 ns, At safepoint: 127900 ns, Total: 864529 ns
[2025-01-17T16:16:30.128+0000][81][info ][safepoint   ] Safepoint "Cleanup", Time since last: 1480096077 ns, Reaching safepoint: 19267 ns, Cleanup: 14038 ns, At safepoint: 8588 ns, Total: 41893 ns
[2025-01-17T16:16:43.225+0000][81][info ][safepoint   ] Safepoint "Cleanup", Time since last: 13099247098 ns, Reaching safepoint: 175859 ns, Cleanup: 32309 ns, At safepoint: 35840 ns, Total: 244008 ns
[2025-01-17T16:16:47.303+0000][81][info ][safepoint   ] Safepoint "Cleanup", Time since last: 4077979320 ns, Reaching safepoint: 62224 ns, Cleanup: 33393 ns, At safepoint: 13620 ns, Total: 109237 ns
[2025-01-17T16:16:55.636+0000][81][info ][safepoint   ] Safepoint "Cleanup", Time since last: 8333574562 ns, Reaching safepoint: 11239 ns, Cleanup: 6948 ns, At safepoint: 18073 ns, Total: 36260 ns
[2025-01-17T16:17:37.632+0000][81][info ][safepoint   ] Safepoint "Cleanup", Time since last: 41999070824 ns, Reaching safepoint: 10030 ns, Cleanup: 7585 ns, At safepoint: 4468 ns, Total: 22083 ns
[2025-01-17T16:17:43.657+0000][81][info ][safepoint   ] Safepoint "Cleanup", Time since last: 6024957272 ns, Reaching safepoint: 94597 ns, Cleanup: 7908 ns, At safepoint: 30384 ns, Total: 132889 ns
[2025-01-17T16:18:02.821+0000][81][info ][safepoint   ] Safepoint "Cleanup", Time since last: 19163744453 ns, Reaching safepoint: 106697 ns, Cleanup: 61045 ns, At safepoint: 14636 ns, Total: 182378 ns
[2025-01-17T16:18:43.055+0000][81][info ][safepoint   ] Safepoint "Cleanup", Time since last: 40237566254 ns, Reaching safepoint: 64487 ns, Cleanup: 37393 ns, At safepoint: 16581 ns, Total: 118461 ns
[2025-01-17T16:19:26.363+0000][81][info ][safepoint   ] Safepoint "Cleanup", Time since last: 43309629065 ns, Reaching safepoint: 25775 ns, Cleanup: 8667 ns, At safepoint: 18319 ns, Total: 52761 ns
[2025-01-17T16:19:27.387+0000][81][info ][safepoint   ] Safepoint "Cleanup", Time since last: 1023897596 ns, Reaching safepoint: 24269 ns, Cleanup: 19770 ns, At safepoint: 12272 ns, Total: 56311 ns
[2025-01-17T16:19:31.934+0000][81][info ][safepoint   ] Safepoint "Cleanup", Time since last: 4547177827 ns, Reaching safepoint: 10386 ns, Cleanup: 8268 ns, At safepoint: 17366 ns, Total: 36020 ns
[2025-01-17T16:19:43.427+0000][81][info ][safepoint   ] Safepoint "Cleanup", Time since last: 11495295614 ns, Reaching safepoint: 75475 ns, Cleanup: 23959 ns, At safepoint: 9302 ns, Total: 108736 ns
[2025-01-17T16:19:44.442+0000][81][info ][safepoint   ] Safepoint "Cleanup", Time since last: 1014951557 ns, Reaching safepoint: 18510 ns, Cleanup: 12997 ns, At safepoint: 8756 ns, Total: 40263 ns
[2025-01-17T16:19:55.668+0000][81][info ][safepoint   ] Safepoint "Cleanup", Time since last: 11225002624 ns, Reaching safepoint: 71414 ns, Cleanup: 9445 ns, At safepoint: 30569 ns, Total: 111428 ns
[2025-01-17T16:20:08.624+0000][81][info ][safepoint   ] Safepoint "Cleanup", Time since last: 12957173020 ns, Reaching safepoint: 52186 ns, Cleanup: 17631 ns, At safepoint: 11362 ns, Total: 81179 ns
[2025-01-17T16:20:13.672+0000][81][info ][safepoint   ] Safepoint "Cleanup", Time since last: 5047904948 ns, Reaching safepoint: 11491 ns, Cleanup: 6202 ns, At safepoint: 4312 ns, Total: 22005 ns
[2025-01-17T16:20:14.700+0000][81][info ][safepoint   ] Safepoint "Cleanup", Time since last: 1028109243 ns, Reaching safepoint: 18729 ns, Cleanup: 9995 ns, At safepoint: 17555 ns, Total: 46279 ns
[2025-01-17T16:20:29.830+0000][81][info ][safepoint   ] Safepoint "Cleanup", Time since last: 15129294934 ns, Reaching safepoint: 35422 ns, Cleanup: 17304 ns, At safepoint: 7096 ns, Total: 59822 ns
[2025-01-17T16:20:43.649+0000][81][info ][safepoint   ] Safepoint "Cleanup", Time since last: 13820851699 ns, Reaching safepoint: 17244 ns, Cleanup: 9059 ns, At safepoint: 4820 ns, Total: 31123 ns
[2025-01-17T16:20:55.639+0000][81][info ][safepoint   ] Safepoint "Cleanup", Time since last: 11990140203 ns, Reaching safepoint: 44778 ns, Cleanup: 10269 ns, At safepoint: 29385 ns, Total: 84432 ns
[2025-01-17T16:21:20.093+0000][81][info ][safepoint   ] Safepoint "Cleanup", Time since last: 24456436511 ns, Reaching safepoint: 86726 ns, Cleanup: 11561 ns, At safepoint: 22913 ns, Total: 121200 ns
[2025-01-17T16:21:32.220+0000][81][info ][safepoint   ] Safepoint "Cleanup", Time since last: 12126329142 ns, Reaching safepoint: 107201 ns, Cleanup: 14653 ns, At safepoint: 61016 ns, Total: 182870 ns
[2025-01-17T16:21:43.265+0000][81][info ][safepoint   ] Safepoint "Cleanup", Time since last: 11046299104 ns, Reaching safepoint: 118035 ns, Cleanup: 19871 ns, At safepoint: 6535 ns, Total: 144441 ns
[2025-01-17T16:21:44.289+0000][81][info ][safepoint   ] Safepoint "Cleanup", Time since last: 1023456759 ns, Reaching safepoint: 24994 ns, Cleanup: 12975 ns, At safepoint: 93745 ns, Total: 131714 ns
[2025-01-17T16:22:34.657+0000][81][info ][safepoint   ] Safepoint "Cleanup", Time since last: 50369572429 ns, Reaching safepoint: 118606 ns, Cleanup: 15033 ns, At safepoint: 7240 ns, Total: 140879 ns
[2025-01-17T16:22:43.697+0000][81][info ][safepoint   ] Safepoint "Cleanup", Time since last: 9039790549 ns, Reaching safepoint: 2108017 ns, Cleanup: 10070 ns, At safepoint: 60010 ns, Total: 2178097 ns
[2025-01-17T16:23:25.677+0000][81][info ][gc,start    ] GC(22) Pause Young (Normal) (G1 Evacuation Pause)
[2025-01-17T16:23:25.680+0000][81][info ][gc,task     ] GC(22) Using 18 workers of 18 for evacuation
[2025-01-17T16:23:25.681+0000][81][debug][gc,age      ] GC(22) Desired survivor size 134217728 bytes, new threshold 15 (max threshold 15)
[2025-01-17T16:23:25.784+0000][81][info ][gc,phases   ] GC(22)   Pre Evacuate Collection Set: 11.1ms
[2025-01-17T16:23:25.785+0000][81][info ][gc,phases   ] GC(22)   Merge Heap Roots: 2.5ms
[2025-01-17T16:23:25.786+0000][81][info ][gc,phases   ] GC(22)   Evacuate Collection Set: 78.3ms
[2025-01-17T16:23:25.786+0000][81][info ][gc,phases   ] GC(22)   Post Evacuate Collection Set: 9.3ms
[2025-01-17T16:23:25.787+0000][81][info ][gc,phases   ] GC(22)   Other: 3.9ms
[2025-01-17T16:23:25.788+0000][81][trace][gc,age      ] GC(22) Age table with threshold 15 (max threshold 15)
[2025-01-17T16:23:25.788+0000][81][trace][gc,age      ] GC(22) - age   1:    1621584 bytes,    1621584 total
[2025-01-17T16:23:25.789+0000][81][trace][gc,age      ] GC(22) - age   2:      83736 bytes,    1705320 total
[2025-01-17T16:23:25.789+0000][81][trace][gc,age      ] GC(22) - age   3:     235360 bytes,    1940680 total
[2025-01-17T16:23:25.790+0000][81][trace][gc,age      ] GC(22) - age   4:     147920 bytes,    2088600 total
[2025-01-17T16:23:25.790+0000][81][trace][gc,age      ] GC(22) - age   5:     437808 bytes,    2526408 total
[2025-01-17T16:23:25.791+0000][81][trace][gc,age      ] GC(22) - age   6:     227560 bytes,    2753968 total
[2025-01-17T16:23:25.792+0000][81][trace][gc,age      ] GC(22) - age   7:      67856 bytes,    2821824 total
[2025-01-17T16:23:25.792+0000][81][trace][gc,age      ] GC(22) - age   8:    4800048 bytes,    7621872 total
[2025-01-17T16:23:25.793+0000][81][info ][gc,heap     ] GC(22) Eden regions: 505->0(506)
[2025-01-17T16:23:25.793+0000][81][info ][gc,heap     ] GC(22) Survivor regions: 3->2(64)
[2025-01-17T16:23:25.794+0000][81][info ][gc,heap     ] GC(22) Old regions: 35->35
[2025-01-17T16:23:25.795+0000][81][info ][gc,heap     ] GC(22) Humongous regions: 4->4
[2025-01-17T16:23:25.795+0000][81][info ][gc,metaspace] GC(22) Metaspace: 154527K(158784K)->154527K(158784K) NonClass: 134115K(136384K)->134115K(136384K) Class: 20411K(22400K)->20411K(22400K)
[2025-01-17T16:23:25.796+0000][81][info ][gc          ] GC(22) Pause Young (Normal) (G1 Evacuation Pause) 2182M->162M(3392M) 119.523ms
[2025-01-17T16:23:25.797+0000][81][info ][gc,cpu      ] GC(22) User=0.78s Sys=0.00s Real=0.13s
[2025-01-17T16:23:25.798+0000][81][info ][safepoint   ] Safepoint "G1CollectForAllocation", Time since last: 41975538644 ns, Reaching safepoint: 33252 ns, Cleanup: 3275 ns, At safepoint: 126936679 ns, Total: 126973206 ns
[2025-01-17T16:23:43.069+0000][81][info ][safepoint   ] Safepoint "Cleanup", Time since last: 17272659363 ns, Reaching safepoint: 31581 ns, Cleanup: 17653 ns, At safepoint: 5724 ns, Total: 54958 ns
[2025-01-17T16:23:56.140+0000][81][info ][safepoint   ] Safepoint "Cleanup", Time since last: 13070594243 ns, Reaching safepoint: 29039 ns, Cleanup: 9642 ns, At safepoint: 5191 ns, Total: 43872 ns
[2025-01-17T16:24:17.281+0000][81][info ][safepoint   ] Safepoint "Cleanup", Time since last: 21142012480 ns, Reaching safepoint: 49873 ns, Cleanup: 21969 ns, At safepoint: 11736 ns, Total: 83578 ns
[2025-01-17T16:24:19.642+0000][81][info ][safepoint   ] Safepoint "Cleanup", Time since last: 2361656788 ns, Reaching safepoint: 13626 ns, Cleanup: 8125 ns, At safepoint: 4698 ns, Total: 26449 ns
[2025-01-17T16:24:21.309+0000][81][info ][safepoint   ] Safepoint "Cleanup", Time since last: 1666147491 ns, Reaching safepoint: 55362 ns, Cleanup: 25545 ns, At safepoint: 13105 ns, Total: 94012 ns
[2025-01-17T16:24:37.645+0000][81][info ][safepoint   ] Safepoint "Cleanup", Time since last: 16338144015 ns, Reaching safepoint: 27872 ns, Cleanup: 12670 ns, At safepoint: 31153 ns, Total: 71695 ns
[2025-01-17T16:24:39.400+0000][81][info ][safepoint   ] Safepoint "Cleanup", Time since last: 1755221723 ns, Reaching safepoint: 118016 ns, Cleanup: 33283 ns, At safepoint: 26781 ns, Total: 178080 ns
[2025-01-17T16:24:53.459+0000][81][info ][safepoint   ] Safepoint "Cleanup", Time since last: 14058609534 ns, Reaching safepoint: 29649 ns, Cleanup: 12367 ns, At safepoint: 5319 ns, Total: 47335 ns
[2025-01-17T16:25:43.654+0000][81][info ][safepoint   ] Safepoint "Cleanup", Time since last: 50197542507 ns, Reaching safepoint: 545264 ns, Cleanup: 16180 ns, At safepoint: 85353 ns, Total: 646797 ns
[2025-01-17T16:25:44.704+0000][81][info ][safepoint   ] Safepoint "Cleanup", Time since last: 1049288791 ns, Reaching safepoint: 112964 ns, Cleanup: 33699 ns, At safepoint: 50551 ns, Total: 197214 ns
[2025-01-17T16:26:01.832+0000][81][info ][safepoint   ] Safepoint "Cleanup", Time since last: 17128245599 ns, Reaching safepoint: 16457 ns, Cleanup: 8311 ns, At safepoint: 4429 ns, Total: 29197 ns
[2025-01-17T16:26:30.003+0000][81][info ][safepoint   ] Safepoint "Cleanup", Time since last: 28172904698 ns, Reaching safepoint: 43406 ns, Cleanup: 13346 ns, At safepoint: 6036 ns, Total: 62788 ns
[2025-01-17T16:26:40.704+0000][81][info ][safepoint   ] Safepoint "Cleanup", Time since last: 10702803494 ns, Reaching safepoint: 26458 ns, Cleanup: 15434 ns, At safepoint: 9780 ns, Total: 51672 ns
[2025-01-17T16:27:29.417+0000][81][info ][safepoint   ] Safepoint "Cleanup", Time since last: 48714377476 ns, Reaching safepoint: 169426 ns, Cleanup: 17808 ns, At safepoint: 10030 ns, Total: 197264 ns
[2025-01-17T16:27:38.484+0000][81][info ][safepoint   ] Safepoint "Cleanup", Time since last: 9069086985 ns, Reaching safepoint: 27486 ns, Cleanup: 10374 ns, At safepoint: 18390 ns, Total: 56250 ns
[2025-01-17T16:27:43.490+0000][81][info ][safepoint   ] Safepoint "Cleanup", Time since last: 5005468217 ns, Reaching safepoint: 68520 ns, Cleanup: 17642 ns, At safepoint: 8108 ns, Total: 94270 ns
[2025-01-17T16:28:42.884+0000][81][info ][safepoint   ] Safepoint "Cleanup", Time since last: 59397421222 ns, Reaching safepoint: 44368 ns, Cleanup: 14854 ns, At safepoint: 6260 ns, Total: 65482 ns
[2025-01-17T16:28:44.908+0000][81][info ][safepoint   ] Safepoint "Cleanup", Time since last: 2023729838 ns, Reaching safepoint: 55722 ns, Cleanup: 13713 ns, At safepoint: 7618 ns, Total: 77053 ns
[2025-01-17T16:29:11.074+0000][81][info ][safepoint   ] Safepoint "Cleanup", Time since last: 26168030191 ns, Reaching safepoint: 120558 ns, Cleanup: 25798 ns, At safepoint: 14579 ns, Total: 160935 ns
[2025-01-17T16:29:13.662+0000][81][info ][safepoint   ] Safepoint "Cleanup", Time since last: 2588614359 ns, Reaching safepoint: 11622 ns, Cleanup: 8108 ns, At safepoint: 18739 ns, Total: 38469 ns
[2025-01-17T16:29:19.671+0000][81][info ][safepoint   ] Safepoint "Cleanup", Time since last: 6008868923 ns, Reaching safepoint: 16466 ns, Cleanup: 7478 ns, At safepoint: 18653 ns, Total: 42597 ns
[2025-01-17T16:29:31.194+0000][81][info ][safepoint   ] Safepoint "Cleanup", Time since last: 11522924488 ns, Reaching safepoint: 107927 ns, Cleanup: 25176 ns, At safepoint: 19083 ns, Total: 152186 ns
[2025-01-17T16:29:43.271+0000][81][info ][safepoint   ] Safepoint "Cleanup", Time since last: 12077846844 ns, Reaching safepoint: 32489 ns, Cleanup: 18180 ns, At safepoint: 6277 ns, Total: 56946 ns
[2025-01-17T16:30:01.339+0000][81][info ][safepoint   ] Safepoint "Cleanup", Time since last: 18068221439 ns, Reaching safepoint: 31616 ns, Cleanup: 15773 ns, At safepoint: 6029 ns, Total: 53418 ns
[2025-01-17T16:30:33.591+0000][81][info ][safepoint   ] Safepoint "Cleanup", Time since last: 32253995497 ns, Reaching safepoint: 106489 ns, Cleanup: 26163 ns, At safepoint: 15378 ns, Total: 148030 ns
[2025-01-17T16:30:43.623+0000][81][info ][safepoint   ] Safepoint "Cleanup", Time since last: 10033063034 ns, Reaching safepoint: 28732 ns, Cleanup: 17678 ns, At safepoint: 5508 ns, Total: 51918 ns
[2025-01-17T16:30:49.679+0000][81][info ][safepoint   ] Safepoint "Cleanup", Time since last: 6055892378 ns, Reaching safepoint: 14990 ns, Cleanup: 8451 ns, At safepoint: 29166 ns, Total: 52607 ns
[2025-01-17T16:31:07.706+0000][81][info ][safepoint   ] Safepoint "Cleanup", Time since last: 18029608151 ns, Reaching safepoint: 57816 ns, Cleanup: 38829 ns, At safepoint: 9097 ns, Total: 105742 ns
[2025-01-17T16:31:08.846+0000][81][info ][safepoint   ] Safepoint "Cleanup", Time since last: 1140324118 ns, Reaching safepoint: 52184 ns, Cleanup: 23107 ns, At safepoint: 11142 ns, Total: 86433 ns
[2025-01-17T16:31:09.886+0000][81][info ][safepoint   ] Safepoint "Cleanup", Time since last: 1039369984 ns, Reaching safepoint: 63423 ns, Cleanup: 38142 ns, At safepoint: 11866 ns, Total: 113431 ns
[2025-01-17T16:31:13.910+0000][81][info ][safepoint   ] Safepoint "Cleanup", Time since last: 4024250299 ns, Reaching safepoint: 24978 ns, Cleanup: 14697 ns, At safepoint: 10757 ns, Total: 50432 ns
[2025-01-17T16:31:32.050+0000][81][info ][safepoint   ] Safepoint "Cleanup", Time since last: 18139958702 ns, Reaching safepoint: 24434 ns, Cleanup: 15442 ns, At safepoint: 8353 ns, Total: 48229 ns
[2025-01-17T16:31:37.724+0000][81][info ][safepoint   ] Safepoint "Cleanup", Time since last: 5674876830 ns, Reaching safepoint: 15909 ns, Cleanup: 7144 ns, At safepoint: 35984 ns, Total: 59037 ns
[2025-01-17T16:31:39.134+0000][81][info ][safepoint   ] Safepoint "Cleanup", Time since last: 1410411940 ns, Reaching safepoint: 37107 ns, Cleanup: 14685 ns, At safepoint: 5614 ns, Total: 57406 ns
[2025-01-17T16:31:49.901+0000][81][info ][safepoint   ] Safepoint "Cleanup", Time since last: 10766353942 ns, Reaching safepoint: 13306 ns, Cleanup: 6813 ns, At safepoint: 19111 ns, Total: 39230 ns
[2025-01-17T16:32:13.131+0000][81][info ][safepoint   ] Safepoint "Cleanup", Time since last: 23231794919 ns, Reaching safepoint: 55926 ns, Cleanup: 30984 ns, At safepoint: 13407 ns, Total: 100317 ns
[2025-01-17T16:32:19.722+0000][81][info ][safepoint   ] Safepoint "Cleanup", Time since last: 6590324011 ns, Reaching safepoint: 598416 ns, Cleanup: 11630 ns, At safepoint: 92196 ns, Total: 702242 ns
[2025-01-17T16:32:21.428+0000][81][info ][safepoint   ] Safepoint "Cleanup", Time since last: 1705761242 ns, Reaching safepoint: 30315 ns, Cleanup: 15885 ns, At safepoint: 5666 ns, Total: 51866 ns
[2025-01-17T16:32:25.669+0000][81][info ][safepoint   ] Safepoint "Cleanup", Time since last: 4241385610 ns, Reaching safepoint: 25363 ns, Cleanup: 10659 ns, At safepoint: 98455 ns, Total: 134477 ns
[2025-01-17T16:32:27.450+0000][81][info ][safepoint   ] Safepoint "Cleanup", Time since last: 1780375093 ns, Reaching safepoint: 47865 ns, Cleanup: 28411 ns, At safepoint: 11178 ns, Total: 87454 ns
[2025-01-17T16:32:38.499+0000][81][info ][safepoint   ] Safepoint "Cleanup", Time since last: 11050971333 ns, Reaching safepoint: 33703 ns, Cleanup: 12911 ns, At safepoint: 19956 ns, Total: 66570 ns
[2025-01-17T16:33:02.620+0000][81][info ][safepoint   ] Safepoint "Cleanup", Time since last: 24121570781 ns, Reaching safepoint: 12815 ns, Cleanup: 10669 ns, At safepoint: 17559 ns, Total: 41043 ns
[2025-01-17T16:33:10.685+0000][81][info ][safepoint   ] Safepoint "Cleanup", Time since last: 8066617179 ns, Reaching safepoint: 57415 ns, Cleanup: 15613 ns, At safepoint: 5684 ns, Total: 78712 ns
[2025-01-17T16:33:19.670+0000][81][info ][safepoint   ] Safepoint "Cleanup", Time since last: 8984292469 ns, Reaching safepoint: 12264 ns, Cleanup: 8707 ns, At safepoint: 19323 ns, Total: 40294 ns
[2025-01-17T16:33:20.694+0000][81][info ][safepoint   ] Safepoint "Cleanup", Time since last: 1023902902 ns, Reaching safepoint: 33187 ns, Cleanup: 14480 ns, At safepoint: 6585 ns, Total: 54252 ns
[2025-01-17T16:33:25.659+0000][81][info ][safepoint   ] Safepoint "Cleanup", Time since last: 4965422107 ns, Reaching safepoint: 13551 ns, Cleanup: 9012 ns, At safepoint: 17363 ns, Total: 39926 ns
[2025-01-17T16:33:42.897+0000][81][info ][safepoint   ] Safepoint "Cleanup", Time since last: 17238963948 ns, Reaching safepoint: 189358 ns, Cleanup: 16938 ns, At safepoint: 7364 ns, Total: 213660 ns
[2025-01-17T16:34:11.063+0000][81][info ][safepoint   ] Safepoint "Cleanup", Time since last: 28168205061 ns, Reaching safepoint: 70181 ns, Cleanup: 15782 ns, At safepoint: 6208 ns, Total: 92171 ns
[2025-01-17T16:34:14.082+0000][81][info ][safepoint   ] Safepoint "Cleanup", Time since last: 3018824823 ns, Reaching safepoint: 11816 ns, Cleanup: 12874 ns, At safepoint: 19753 ns, Total: 44443 ns
[2025-01-17T16:34:19.682+0000][81][info ][safepoint   ] Safepoint "Cleanup", Time since last: 5599589680 ns, Reaching safepoint: 11508 ns, Cleanup: 7939 ns, At safepoint: 4653 ns, Total: 24100 ns
[2025-01-17T16:34:25.689+0000][81][info ][safepoint   ] Safepoint "Cleanup", Time since last: 6006600428 ns, Reaching safepoint: 25709 ns, Cleanup: 11613 ns, At safepoint: 69282 ns, Total: 106604 ns
[2025-01-17T16:34:29.189+0000][81][info ][safepoint   ] Safepoint "Cleanup", Time since last: 3500580094 ns, Reaching safepoint: 129489 ns, Cleanup: 14851 ns, At safepoint: 7118 ns, Total: 151458 ns
[2025-01-17T16:34:31.190+0000][81][info ][safepoint   ] Safepoint "Cleanup", Time since last: 2001004355 ns, Reaching safepoint: 31423 ns, Cleanup: 14315 ns, At safepoint: 5717 ns, Total: 51455 ns
[2025-01-17T16:34:43.251+0000][81][info ][safepoint   ] Safepoint "Cleanup", Time since last: 12063350448 ns, Reaching safepoint: 88165 ns, Cleanup: 33498 ns, At safepoint: 12237 ns, Total: 133900 ns
[2025-01-17T16:34:47.293+0000][81][info ][safepoint   ] Safepoint "Cleanup", Time since last: 4041203285 ns, Reaching safepoint: 135821 ns, Cleanup: 19803 ns, At safepoint: 18105 ns, Total: 173729 ns
[2025-01-17T16:35:43.648+0000][81][info ][safepoint   ] Safepoint "Cleanup", Time since last: 56358626196 ns, Reaching safepoint: 85929 ns, Cleanup: 19224 ns, At safepoint: 10995 ns, Total: 116148 ns
[2025-01-17T16:35:50.758+0000][81][info ][safepoint   ] Safepoint "Cleanup", Time since last: 7109757730 ns, Reaching safepoint: 78762 ns, Cleanup: 15431 ns, At safepoint: 11901 ns, Total: 106094 ns
[2025-01-17T16:35:51.778+0000][81][info ][safepoint   ] Safepoint "Cleanup", Time since last: 1019837453 ns, Reaching safepoint: 41954 ns, Cleanup: 18422 ns, At safepoint: 9937 ns, Total: 70313 ns
[2025-01-17T16:36:31.673+0000][81][info ][safepoint   ] Safepoint "Cleanup", Time since last: 39896101139 ns, Reaching safepoint: 110012 ns, Cleanup: 11852 ns, At safepoint: 21216 ns, Total: 143080 ns
[2025-01-17T16:36:33.076+0000][81][info ][safepoint   ] Safepoint "Cleanup", Time since last: 1403263629 ns, Reaching safepoint: 54887 ns, Cleanup: 28496 ns, At safepoint: 13302 ns, Total: 96685 ns
[2025-01-17T16:36:38.093+0000][81][info ][safepoint   ] Safepoint "Cleanup", Time since last: 5018751554 ns, Reaching safepoint: 17619 ns, Cleanup: 15922 ns, At safepoint: 33666 ns, Total: 67207 ns
[2025-01-17T16:36:41.127+0000][81][info ][safepoint   ] Safepoint "Cleanup", Time since last: 3033587964 ns, Reaching safepoint: 22928 ns, Cleanup: 15883 ns, At safepoint: 7238 ns, Total: 46049 ns
[2025-01-17T16:36:43.187+0000][81][info ][safepoint   ] Safepoint "Cleanup", Time since last: 2060346181 ns, Reaching safepoint: 47427 ns, Cleanup: 22195 ns, At safepoint: 9620 ns, Total: 79242 ns
[2025-01-17T16:36:48.296+0000][81][info ][safepoint   ] Safepoint "Cleanup", Time since last: 5108596155 ns, Reaching safepoint: 59944 ns, Cleanup: 25155 ns, At safepoint: 10756 ns, Total: 95855 ns
[2025-01-17T16:38:37.690+0000][81][info ][safepoint   ] Safepoint "Cleanup", Time since last: 109401475747 ns, Reaching safepoint: 53839 ns, Cleanup: 7834 ns, At safepoint: 20103 ns, Total: 81776 ns
[2025-01-17T16:38:42.762+0000][81][info ][safepoint   ] Safepoint "Cleanup", Time since last: 5071681776 ns, Reaching safepoint: 32550 ns, Cleanup: 14681 ns, At safepoint: 5795 ns, Total: 53026 ns
[2025-01-17T16:38:43.780+0000][81][info ][safepoint   ] Safepoint "Cleanup", Time since last: 1017497155 ns, Reaching safepoint: 10490 ns, Cleanup: 6468 ns, At safepoint: 19580 ns, Total: 36538 ns
[2025-01-17T16:38:44.805+0000][81][info ][safepoint   ] Safepoint "Cleanup", Time since last: 1025024509 ns, Reaching safepoint: 41704 ns, Cleanup: 17192 ns, At safepoint: 8522 ns, Total: 67418 ns
[2025-01-17T16:39:02.931+0000][81][info ][safepoint   ] Safepoint "Cleanup", Time since last: 18126703184 ns, Reaching safepoint: 26604 ns, Cleanup: 16690 ns, At safepoint: 10952 ns, Total: 54246 ns
[2025-01-17T16:39:10.975+0000][81][info ][safepoint   ] Safepoint "Cleanup", Time since last: 8045721031 ns, Reaching safepoint: 66925 ns, Cleanup: 17320 ns, At safepoint: 7170 ns, Total: 91415 ns
[2025-01-17T16:39:49.700+0000][81][info ][gc,start    ] GC(23) Pause Young (Normal) (G1 Evacuation Pause)
[2025-01-17T16:39:49.703+0000][81][info ][gc,task     ] GC(23) Using 18 workers of 18 for evacuation
[2025-01-17T16:39:49.703+0000][81][debug][gc,age      ] GC(23) Desired survivor size 134217728 bytes, new threshold 15 (max threshold 15)
[2025-01-17T16:39:49.794+0000][81][info ][gc,phases   ] GC(23)   Pre Evacuate Collection Set: 8.9ms
[2025-01-17T16:39:49.795+0000][81][info ][gc,phases   ] GC(23)   Merge Heap Roots: 1.9ms
[2025-01-17T16:39:49.795+0000][81][info ][gc,phases   ] GC(23)   Evacuate Collection Set: 68.7ms
[2025-01-17T16:39:49.795+0000][81][info ][gc,phases   ] GC(23)   Post Evacuate Collection Set: 9.9ms
[2025-01-17T16:39:49.796+0000][81][info ][gc,phases   ] GC(23)   Other: 3.2ms
[2025-01-17T16:39:49.796+0000][81][trace][gc,age      ] GC(23) Age table with threshold 15 (max threshold 15)
[2025-01-17T16:39:49.796+0000][81][trace][gc,age      ] GC(23) - age   1:     910664 bytes,     910664 total
[2025-01-17T16:39:49.797+0000][81][trace][gc,age      ] GC(23) - age   2:     365136 bytes,    1275800 total
[2025-01-17T16:39:49.797+0000][81][trace][gc,age      ] GC(23) - age   3:      80304 bytes,    1356104 total
[2025-01-17T16:39:49.797+0000][81][trace][gc,age      ] GC(23) - age   4:     235232 bytes,    1591336 total
[2025-01-17T16:39:49.798+0000][81][trace][gc,age      ] GC(23) - age   5:      88952 bytes,    1680288 total
[2025-01-17T16:39:49.798+0000][81][trace][gc,age      ] GC(23) - age   6:     382648 bytes,    2062936 total
[2025-01-17T16:39:49.798+0000][81][trace][gc,age      ] GC(23) - age   7:     227456 bytes,    2290392 total
[2025-01-17T16:39:49.798+0000][81][trace][gc,age      ] GC(23) - age   8:      67856 bytes,    2358248 total
[2025-01-17T16:39:49.799+0000][81][trace][gc,age      ] GC(23) - age   9:    4799240 bytes,    7157488 total
[2025-01-17T16:39:49.799+0000][81][info ][gc,heap     ] GC(23) Eden regions: 506->0(506)
[2025-01-17T16:39:49.799+0000][81][info ][gc,heap     ] GC(23) Survivor regions: 2->2(64)
[2025-01-17T16:39:49.800+0000][81][info ][gc,heap     ] GC(23) Old regions: 35->35
[2025-01-17T16:39:49.800+0000][81][info ][gc,heap     ] GC(23) Humongous regions: 4->4
[2025-01-17T16:39:49.800+0000][81][info ][gc,metaspace] GC(23) Metaspace: 154683K(158912K)->154683K(158912K) NonClass: 134270K(136512K)->134270K(136512K) Class: 20413K(22400K)->20413K(22400K)
[2025-01-17T16:39:49.801+0000][81][info ][gc          ] GC(23) Pause Young (Normal) (G1 Evacuation Pause) 2186M->162M(3392M) 100.827ms
[2025-01-17T16:39:49.801+0000][81][info ][gc,cpu      ] GC(23) User=0.72s Sys=0.00s Real=0.11s
[2025-01-17T16:39:49.801+0000][81][info ][safepoint   ] Safepoint "G1CollectForAllocation", Time since last: 38721091308 ns, Reaching safepoint: 45433 ns, Cleanup: 4270 ns, At safepoint: 106392846 ns, Total: 106442549 ns
[2025-01-17T16:39:51.219+0000][81][info ][safepoint   ] Safepoint "Cleanup", Time since last: 1417201317 ns, Reaching safepoint: 31383 ns, Cleanup: 19689 ns, At safepoint: 5782 ns, Total: 56854 ns
[2025-01-17T16:40:56.525+0000][81][info ][safepoint   ] Safepoint "Cleanup", Time since last: 65310701918 ns, Reaching safepoint: 30149 ns, Cleanup: 7858 ns, At safepoint: 18684 ns, Total: 56691 ns
[2025-01-17T16:41:00.478+0000][81][info ][safepoint   ] Safepoint "Cleanup", Time since last: 3952078055 ns, Reaching safepoint: 12008 ns, Cleanup: 9396 ns, At safepoint: 18278 ns, Total: 39682 ns
[2025-01-17T16:41:05.605+0000][81][info ][safepoint   ] Safepoint "Cleanup", Time since last: 5129545058 ns, Reaching safepoint: 33619 ns, Cleanup: 9165 ns, At safepoint: 19124 ns, Total: 61908 ns
[2025-01-17T16:41:25.696+0000][81][info ][safepoint   ] Safepoint "Cleanup", Time since last: 20090380715 ns, Reaching safepoint: 38458 ns, Cleanup: 8823 ns, At safepoint: 7822 ns, Total: 55103 ns
[2025-01-17T16:41:42.937+0000][81][info ][safepoint   ] Safepoint "Cleanup", Time since last: 17242477099 ns, Reaching safepoint: 33913 ns, Cleanup: 19242 ns, At safepoint: 6922 ns, Total: 60077 ns
[2025-01-17T16:42:02.089+0000][81][info ][safepoint   ] Safepoint "Cleanup", Time since last: 19151907799 ns, Reaching safepoint: 13721 ns, Cleanup: 8366 ns, At safepoint: 18350 ns, Total: 40437 ns
[2025-01-17T16:42:13.654+0000][81][info ][safepoint   ] Safepoint "Cleanup", Time since last: 11566974371 ns, Reaching safepoint: 10376 ns, Cleanup: 8039 ns, At safepoint: 4666 ns, Total: 23081 ns
[2025-01-17T16:42:15.182+0000][81][info ][safepoint   ] Safepoint "Cleanup", Time since last: 1527519059 ns, Reaching safepoint: 30342 ns, Cleanup: 18948 ns, At safepoint: 5476 ns, Total: 54766 ns
[2025-01-17T16:42:19.654+0000][81][info ][safepoint   ] Safepoint "Cleanup", Time since last: 4471511949 ns, Reaching safepoint: 112423 ns, Cleanup: 7789 ns, At safepoint: 30625 ns, Total: 150837 ns
[2025-01-17T16:42:50.384+0000][81][info ][safepoint   ] Safepoint "Cleanup", Time since last: 30732927058 ns, Reaching safepoint: 35914 ns, Cleanup: 8640 ns, At safepoint: 27629 ns, Total: 72183 ns
[2025-01-17T16:42:57.435+0000][81][info ][safepoint   ] Safepoint "Cleanup", Time since last: 7050595492 ns, Reaching safepoint: 74999 ns, Cleanup: 31611 ns, At safepoint: 18248 ns, Total: 124858 ns
[2025-01-17T16:43:08.508+0000][81][info ][safepoint   ] Safepoint "Cleanup", Time since last: 11073878505 ns, Reaching safepoint: 35918 ns, Cleanup: 13417 ns, At safepoint: 10521 ns, Total: 59856 ns
[2025-01-17T16:43:13.715+0000][81][info ][safepoint   ] Safepoint "Cleanup", Time since last: 5207188008 ns, Reaching safepoint: 13020 ns, Cleanup: 8355 ns, At safepoint: 18192 ns, Total: 39567 ns
[2025-01-17T16:43:26.631+0000][81][info ][safepoint   ] Safepoint "Cleanup", Time since last: 12915911003 ns, Reaching safepoint: 30147 ns, Cleanup: 11810 ns, At safepoint: 19262 ns, Total: 61219 ns
[2025-01-17T16:43:37.726+0000][81][info ][safepoint   ] Safepoint "Cleanup", Time since last: 11096218114 ns, Reaching safepoint: 12175 ns, Cleanup: 8986 ns, At safepoint: 4427 ns, Total: 25588 ns
[2025-01-17T16:43:42.755+0000][81][info ][safepoint   ] Safepoint "Cleanup", Time since last: 5029674926 ns, Reaching safepoint: 29826 ns, Cleanup: 47736 ns, At safepoint: 7415 ns, Total: 84977 ns
[2025-01-17T16:43:43.763+0000][81][info ][safepoint   ] Safepoint "Cleanup", Time since last: 1007738898 ns, Reaching safepoint: 12956 ns, Cleanup: 10144 ns, At safepoint: 4989 ns, Total: 28089 ns
[2025-01-17T16:43:49.672+0000][81][info ][safepoint   ] Safepoint "Cleanup", Time since last: 5908745658 ns, Reaching safepoint: 22256 ns, Cleanup: 8011 ns, At safepoint: 4672 ns, Total: 34939 ns
