[2025-01-17T12:04:52.248+0000][78][info][gc,init] CardTable entry size: 512
[2025-01-17T12:04:52.249+0000][78][info][gc     ] Using G1
[2025-01-17T12:04:56.116+0000][78][info][gc,init] Version: 20.0.2+9-78 (release)
[2025-01-17T12:04:56.117+0000][78][info][gc,init] CPUs: 24 total, 24 available
[2025-01-17T12:04:56.117+0000][78][info][gc,init] Memory: 6781M
[2025-01-17T12:04:56.118+0000][78][info][gc,init] Large Page Support: Disabled
[2025-01-17T12:04:56.118+0000][78][info][gc,init] NUMA Support: Disabled
[2025-01-17T12:04:56.119+0000][78][info][gc,init] Compressed Oops: Enabled (Zero based)
[2025-01-17T12:04:56.119+0000][78][info][gc,init] Heap Region Size: 4M
[2025-01-17T12:04:56.120+0000][78][info][gc,init] Heap Min Capacity: 3392M
[2025-01-17T12:04:56.120+0000][78][info][gc,init] Heap Initial Capacity: 3392M
[2025-01-17T12:04:56.120+0000][78][info][gc,init] Heap Max Capacity: 3392M
[2025-01-17T12:04:56.120+0000][78][info][gc,init] Pre-touch: Enabled
[2025-01-17T12:04:56.121+0000][78][info][gc,init] Parallel Workers: 18
[2025-01-17T12:04:56.121+0000][78][info][gc,init] Concurrent Workers: 5
[2025-01-17T12:04:56.121+0000][78][info][gc,init] Concurrent Refinement Workers: 18
[2025-01-17T12:04:56.122+0000][78][info][gc,init] Periodic GC: Disabled
[2025-01-17T12:04:56.398+0000][78][info][gc,metaspace] CDS archive(s) mapped at: [0x00007f3ee3000000-0x00007f3ee3c7b000-0x00007f3ee3c7b000), size 13086720, SharedBaseAddress: 0x00007f3ee3000000, ArchiveRelocationMode: 1.
[2025-01-17T12:04:56.399+0000][78][info][gc,metaspace] Compressed class space mapped at: 0x00007f3ee4000000-0x00007f3f24000000, reserved size: 1073741824
[2025-01-17T12:04:56.399+0000][78][info][gc,metaspace] Narrow klass base: 0x00007f3ee3000000, Narrow klass shift: 0, Narrow klass range: 0x100000000
[2025-01-17T12:04:57.174+0000][78][info][safepoint   ] Safepoint "ICBufferFull", Time since last: 716741405 ns, Reaching safepoint: 109110 ns, Cleanup: 166467 ns, At safepoint: 215076 ns, Total: 490653 ns
[2025-01-17T12:04:57.635+0000][78][info][safepoint   ] Safepoint "ICBufferFull", Time since last: 460628279 ns, Reaching safepoint: 95965 ns, Cleanup: 141664 ns, At safepoint: 18106 ns, Total: 255735 ns
[2025-01-17T12:04:57.958+0000][78][info][safepoint   ] Safepoint "ICBufferFull", Time since last: 322480674 ns, Reaching safepoint: 6136 ns, Cleanup: 180862 ns, At safepoint: 40363 ns, Total: 227361 ns
[2025-01-17T12:04:59.117+0000][78][info][safepoint   ] Safepoint "Cleanup", Time since last: 1159057743 ns, Reaching safepoint: 3102 ns, Cleanup: 123919 ns, At safepoint: 19808 ns, Total: 146829 ns
[2025-01-17T12:04:59.642+0000][78][info][safepoint   ] Safepoint "ICBufferFull", Time since last: 524435778 ns, Reaching safepoint: 9220 ns, Cleanup: 216993 ns, At safepoint: 5162 ns, Total: 231375 ns
[2025-01-17T12:05:00.246+0000][78][info][safepoint   ] Safepoint "ICBufferFull", Time since last: 604244334 ns, Reaching safepoint: 92331 ns, Cleanup: 155553 ns, At safepoint: 60949 ns, Total: 308833 ns
[2025-01-17T12:05:00.588+0000][78][info][gc,start    ] GC(0) Pause Young (Normal) (G1 Evacuation Pause)
[2025-01-17T12:05:00.589+0000][78][info][gc,task     ] GC(0) Using 18 workers of 18 for evacuation
[2025-01-17T12:05:00.589+0000][78][debug][gc,age      ] GC(0) Desired survivor size 12582912 bytes, new threshold 15 (max threshold 15)
[2025-01-17T12:05:00.598+0000][78][info ][gc,phases   ] GC(0)   Pre Evacuate Collection Set: 0.7ms
[2025-01-17T12:05:00.598+0000][78][info ][gc,phases   ] GC(0)   Merge Heap Roots: 0.6ms
[2025-01-17T12:05:00.599+0000][78][info ][gc,phases   ] GC(0)   Evacuate Collection Set: 4.0ms
[2025-01-17T12:05:00.599+0000][78][info ][gc,phases   ] GC(0)   Post Evacuate Collection Set: 2.8ms
[2025-01-17T12:05:00.599+0000][78][info ][gc,phases   ] GC(0)   Other: 1.4ms
[2025-01-17T12:05:00.600+0000][78][trace][gc,age      ] GC(0) Age table with threshold 15 (max threshold 15)
[2025-01-17T12:05:00.600+0000][78][trace][gc,age      ] GC(0) - age   1:    9859816 bytes,    9859816 total
[2025-01-17T12:05:00.600+0000][78][info ][gc,heap     ] GC(0) Eden regions: 42->0(39)
[2025-01-17T12:05:00.601+0000][78][info ][gc,heap     ] GC(0) Survivor regions: 0->3(6)
[2025-01-17T12:05:00.601+0000][78][info ][gc,heap     ] GC(0) Old regions: 0->0
[2025-01-17T12:05:00.602+0000][78][info ][gc,heap     ] GC(0) Archive regions: 2->2
[2025-01-17T12:05:00.602+0000][78][info ][gc,heap     ] GC(0) Humongous regions: 0->0
[2025-01-17T12:05:00.602+0000][78][info ][gc,metaspace] GC(0) Metaspace: 19467K(19968K)->19467K(19968K) NonClass: 17402K(17664K)->17402K(17664K) Class: 2065K(2304K)->2065K(2304K)
[2025-01-17T12:05:00.603+0000][78][info ][gc          ] GC(0) Pause Young (Normal) (G1 Evacuation Pause) 171M->14M(3392M) 14.908ms
[2025-01-17T12:05:00.603+0000][78][info ][gc,cpu      ] GC(0) User=0.06s Sys=0.00s Real=0.02s
[2025-01-17T12:05:00.603+0000][78][info ][safepoint   ] Safepoint "G1CollectForAllocation", Time since last: 340947660 ns, Reaching safepoint: 4385 ns, Cleanup: 197369 ns, At safepoint: 15781688 ns, Total: 15983442 ns
[2025-01-17T12:05:01.022+0000][78][info ][gc,start    ] GC(1) Pause Young (Concurrent Start) (Metadata GC Threshold)
[2025-01-17T12:05:01.022+0000][78][info ][gc,task     ] GC(1) Using 18 workers of 18 for evacuation
[2025-01-17T12:05:01.023+0000][78][debug][gc,age      ] GC(1) Desired survivor size 12582912 bytes, new threshold 15 (max threshold 15)
[2025-01-17T12:05:01.029+0000][78][info ][gc,phases   ] GC(1)   Pre Evacuate Collection Set: 0.4ms
[2025-01-17T12:05:01.030+0000][78][info ][gc,phases   ] GC(1)   Merge Heap Roots: 0.5ms
[2025-01-17T12:05:01.030+0000][78][info ][gc,phases   ] GC(1)   Evacuate Collection Set: 3.1ms
[2025-01-17T12:05:01.030+0000][78][info ][gc,phases   ] GC(1)   Post Evacuate Collection Set: 2.1ms
[2025-01-17T12:05:01.030+0000][78][info ][gc,phases   ] GC(1)   Other: 0.6ms
[2025-01-17T12:05:01.031+0000][78][trace][gc,age      ] GC(1) Age table with threshold 15 (max threshold 15)
[2025-01-17T12:05:01.031+0000][78][trace][gc,age      ] GC(1) - age   1:    2247384 bytes,    2247384 total
[2025-01-17T12:05:01.031+0000][78][trace][gc,age      ] GC(1) - age   2:    8954168 bytes,   11201552 total
[2025-01-17T12:05:01.031+0000][78][info ][gc,heap     ] GC(1) Eden regions: 29->0(49)
[2025-01-17T12:05:01.032+0000][78][info ][gc,heap     ] GC(1) Survivor regions: 3->4(6)
[2025-01-17T12:05:01.032+0000][78][info ][gc,heap     ] GC(1) Old regions: 0->0
[2025-01-17T12:05:01.032+0000][78][info ][gc,heap     ] GC(1) Archive regions: 2->2
[2025-01-17T12:05:01.032+0000][78][info ][gc,heap     ] GC(1) Humongous regions: 0->0
[2025-01-17T12:05:01.033+0000][78][info ][gc,metaspace] GC(1) Metaspace: 20988K(21504K)->20988K(21504K) NonClass: 18776K(19072K)->18776K(19072K) Class: 2212K(2432K)->2212K(2432K)
[2025-01-17T12:05:01.033+0000][78][info ][gc          ] GC(1) Pause Young (Concurrent Start) (Metadata GC Threshold) 130M->16M(3392M) 10.892ms
[2025-01-17T12:05:01.033+0000][78][info ][gc,cpu      ] GC(1) User=0.03s Sys=0.00s Real=0.01s
[2025-01-17T12:05:01.033+0000][78][info ][gc          ] GC(2) Concurrent Mark Cycle
[2025-01-17T12:05:01.034+0000][78][info ][safepoint   ] Safepoint "CollectForMetadataAllocation", Time since last: 418414154 ns, Reaching safepoint: 3983 ns, Cleanup: 263478 ns, At safepoint: 12279781 ns, Total: 12547242 ns
[2025-01-17T12:05:01.035+0000][78][info ][gc,marking  ] GC(2) Concurrent Scan Root Regions
[2025-01-17T12:05:01.039+0000][78][info ][gc,marking  ] GC(2) Concurrent Scan Root Regions 4.689ms
[2025-01-17T12:05:01.040+0000][78][info ][gc,marking  ] GC(2) Concurrent Mark
[2025-01-17T12:05:01.040+0000][78][info ][gc,marking  ] GC(2) Concurrent Mark From Roots
[2025-01-17T12:05:01.041+0000][78][info ][gc,task     ] GC(2) Using 5 workers of 5 for marking
[2025-01-17T12:05:01.042+0000][78][info ][gc,marking  ] GC(2) Concurrent Mark From Roots 2.419ms
[2025-01-17T12:05:01.043+0000][78][info ][gc,marking  ] GC(2) Concurrent Preclean
[2025-01-17T12:05:01.043+0000][78][info ][gc,marking  ] GC(2) Concurrent Preclean 0.368ms
[2025-01-17T12:05:01.044+0000][78][info ][gc,start    ] GC(2) Pause Remark
[2025-01-17T12:05:01.047+0000][78][info ][gc          ] GC(2) Pause Remark 18M->18M(3392M) 3.290ms
[2025-01-17T12:05:01.047+0000][78][info ][gc,cpu      ] GC(2) User=0.01s Sys=0.00s Real=0.00s
[2025-01-17T12:05:01.048+0000][78][info ][safepoint   ] Safepoint "G1PauseRemark", Time since last: 8982341 ns, Reaching safepoint: 7301 ns, Cleanup: 377885 ns, At safepoint: 4042364 ns, Total: 4427550 ns
[2025-01-17T12:05:01.048+0000][78][info ][gc,marking  ] GC(2) Concurrent Mark 8.360ms
[2025-01-17T12:05:01.048+0000][78][info ][gc,marking  ] GC(2) Concurrent Rebuild Remembered Sets and Scrub Regions
[2025-01-17T12:05:01.049+0000][78][info ][gc,marking  ] GC(2) Concurrent Rebuild Remembered Sets and Scrub Regions 0.514ms
[2025-01-17T12:05:01.050+0000][78][info ][gc,start    ] GC(2) Pause Cleanup
[2025-01-17T12:05:01.050+0000][78][info ][gc          ] GC(2) Pause Cleanup 18M->18M(3392M) 0.260ms
[2025-01-17T12:05:01.050+0000][78][info ][gc,cpu      ] GC(2) User=0.00s Sys=0.00s Real=0.00s
[2025-01-17T12:05:01.050+0000][78][info ][safepoint   ] Safepoint "G1PauseCleanup", Time since last: 1418761 ns, Reaching safepoint: 153882 ns, Cleanup: 220683 ns, At safepoint: 857190 ns, Total: 1231755 ns
[2025-01-17T12:05:01.051+0000][78][info ][gc,marking  ] GC(2) Concurrent Clear Claimed Marks
[2025-01-17T12:05:01.051+0000][78][info ][gc,marking  ] GC(2) Concurrent Clear Claimed Marks 0.278ms
[2025-01-17T12:05:01.051+0000][78][info ][gc,marking  ] GC(2) Concurrent Cleanup for Next Mark
[2025-01-17T12:05:01.054+0000][78][info ][gc,marking  ] GC(2) Concurrent Cleanup for Next Mark 2.645ms
[2025-01-17T12:05:01.054+0000][78][info ][gc          ] GC(2) Concurrent Mark Cycle 20.958ms
[2025-01-17T12:05:01.688+0000][78][info ][safepoint   ] Safepoint "ICBufferFull", Time since last: 637307314 ns, Reaching safepoint: 6546 ns, Cleanup: 700509 ns, At safepoint: 39547 ns, Total: 746602 ns
[2025-01-17T12:05:02.157+0000][78][info ][gc,start    ] GC(3) Pause Young (Normal) (G1 Evacuation Pause)
[2025-01-17T12:05:02.157+0000][78][info ][gc,task     ] GC(3) Using 18 workers of 18 for evacuation
[2025-01-17T12:05:02.158+0000][78][debug][gc,age      ] GC(3) Desired survivor size 14680064 bytes, new threshold 15 (max threshold 15)
[2025-01-17T12:05:02.167+0000][78][info ][gc,phases   ] GC(3)   Pre Evacuate Collection Set: 0.2ms
[2025-01-17T12:05:02.167+0000][78][info ][gc,phases   ] GC(3)   Merge Heap Roots: 0.2ms
[2025-01-17T12:05:02.168+0000][78][info ][gc,phases   ] GC(3)   Evacuate Collection Set: 6.8ms
[2025-01-17T12:05:02.169+0000][78][info ][gc,phases   ] GC(3)   Post Evacuate Collection Set: 1.9ms
[2025-01-17T12:05:02.169+0000][78][info ][gc,phases   ] GC(3)   Other: 0.6ms
[2025-01-17T12:05:02.169+0000][78][trace][gc,age      ] GC(3) Age table with threshold 15 (max threshold 15)
[2025-01-17T12:05:02.171+0000][78][trace][gc,age      ] GC(3) - age   1:    6240640 bytes,    6240640 total
[2025-01-17T12:05:02.171+0000][78][trace][gc,age      ] GC(3) - age   2:    2084360 bytes,    8325000 total
[2025-01-17T12:05:02.171+0000][78][trace][gc,age      ] GC(3) - age   3:    8948024 bytes,   17273024 total
[2025-01-17T12:05:02.171+0000][78][info ][gc,heap     ] GC(3) Eden regions: 49->0(100)
[2025-01-17T12:05:02.172+0000][78][info ][gc,heap     ] GC(3) Survivor regions: 4->5(7)
[2025-01-17T12:05:02.172+0000][78][info ][gc,heap     ] GC(3) Old regions: 0->0
[2025-01-17T12:05:02.172+0000][78][info ][gc,heap     ] GC(3) Archive regions: 2->2
[2025-01-17T12:05:02.172+0000][78][info ][gc,heap     ] GC(3) Humongous regions: 0->0
[2025-01-17T12:05:02.173+0000][78][info ][gc,metaspace] GC(3) Metaspace: 27909K(28608K)->27909K(28608K) NonClass: 24819K(25216K)->24819K(25216K) Class: 3090K(3392K)->3090K(3392K)
[2025-01-17T12:05:02.173+0000][78][info ][gc          ] GC(3) Pause Young (Normal) (G1 Evacuation Pause) 212M->21M(3392M) 15.892ms
[2025-01-17T12:05:02.173+0000][78][info ][gc,cpu      ] GC(3) User=0.04s Sys=0.00s Real=0.02s
[2025-01-17T12:05:02.173+0000][78][info ][safepoint   ] Safepoint "G1CollectForAllocation", Time since last: 468326019 ns, Reaching safepoint: 3775 ns, Cleanup: 251003 ns, At safepoint: 16440131 ns, Total: 16694909 ns
[2025-01-17T12:05:02.890+0000][78][info ][safepoint   ] Safepoint "ICBufferFull", Time since last: 716163948 ns, Reaching safepoint: 4088 ns, Cleanup: 229700 ns, At safepoint: 14955 ns, Total: 248743 ns
[2025-01-17T12:05:03.434+0000][78][info ][gc,start    ] GC(4) Pause Young (Normal) (G1 Evacuation Pause)
[2025-01-17T12:05:03.434+0000][78][info ][gc,task     ] GC(4) Using 18 workers of 18 for evacuation
[2025-01-17T12:05:03.435+0000][78][debug][gc,age      ] GC(4) Desired survivor size 29360128 bytes, new threshold 15 (max threshold 15)
[2025-01-17T12:05:03.444+0000][78][info ][gc,phases   ] GC(4)   Pre Evacuate Collection Set: 0.6ms
[2025-01-17T12:05:03.444+0000][78][info ][gc,phases   ] GC(4)   Merge Heap Roots: 0.6ms
[2025-01-17T12:05:03.445+0000][78][info ][gc,phases   ] GC(4)   Evacuate Collection Set: 5.0ms
[2025-01-17T12:05:03.445+0000][78][info ][gc,phases   ] GC(4)   Post Evacuate Collection Set: 3.0ms
[2025-01-17T12:05:03.445+0000][78][info ][gc,phases   ] GC(4)   Other: 0.7ms
[2025-01-17T12:05:03.445+0000][78][trace][gc,age      ] GC(4) Age table with threshold 15 (max threshold 15)
[2025-01-17T12:05:03.446+0000][78][trace][gc,age      ] GC(4) - age   1:    6346432 bytes,    6346432 total
[2025-01-17T12:05:03.446+0000][78][trace][gc,age      ] GC(4) - age   2:    5526960 bytes,   11873392 total
[2025-01-17T12:05:03.446+0000][78][trace][gc,age      ] GC(4) - age   3:    2082584 bytes,   13955976 total
[2025-01-17T12:05:03.446+0000][78][trace][gc,age      ] GC(4) - age   4:    8947784 bytes,   22903760 total
[2025-01-17T12:05:03.447+0000][78][info ][gc,heap     ] GC(4) Eden regions: 100->0(502)
[2025-01-17T12:05:03.447+0000][78][info ][gc,heap     ] GC(4) Survivor regions: 5->6(14)
[2025-01-17T12:05:03.447+0000][78][info ][gc,heap     ] GC(4) Old regions: 0->0
[2025-01-17T12:05:03.447+0000][78][info ][gc,heap     ] GC(4) Archive regions: 2->2
[2025-01-17T12:05:03.448+0000][78][info ][gc,heap     ] GC(4) Humongous regions: 0->0
[2025-01-17T12:05:03.448+0000][78][info ][gc,metaspace] GC(4) Metaspace: 33918K(34624K)->33918K(34624K) NonClass: 30166K(30592K)->30166K(30592K) Class: 3751K(4032K)->3751K(4032K)
[2025-01-17T12:05:03.448+0000][78][info ][gc          ] GC(4) Pause Young (Normal) (G1 Evacuation Pause) 421M->27M(3392M) 14.204ms
[2025-01-17T12:05:03.448+0000][78][info ][gc,cpu      ] GC(4) User=0.06s Sys=0.00s Real=0.01s
[2025-01-17T12:05:03.449+0000][78][info ][safepoint   ] Safepoint "G1CollectForAllocation", Time since last: 543324182 ns, Reaching safepoint: 9431 ns, Cleanup: 647302 ns, At safepoint: 14739430 ns, Total: 15396163 ns
[2025-01-17T12:05:03.935+0000][78][info ][gc,start    ] GC(5) Pause Young (Concurrent Start) (Metadata GC Threshold)
[2025-01-17T12:05:03.935+0000][78][info ][gc,task     ] GC(5) Using 18 workers of 18 for evacuation
[2025-01-17T12:05:03.935+0000][78][debug][gc,age      ] GC(5) Desired survivor size 134217728 bytes, new threshold 15 (max threshold 15)
[2025-01-17T12:05:03.944+0000][78][info ][gc,phases   ] GC(5)   Pre Evacuate Collection Set: 0.7ms
[2025-01-17T12:05:03.945+0000][78][info ][gc,phases   ] GC(5)   Merge Heap Roots: 0.6ms
[2025-01-17T12:05:03.945+0000][78][info ][gc,phases   ] GC(5)   Evacuate Collection Set: 4.6ms
[2025-01-17T12:05:03.945+0000][78][info ][gc,phases   ] GC(5)   Post Evacuate Collection Set: 2.5ms
[2025-01-17T12:05:03.945+0000][78][info ][gc,phases   ] GC(5)   Other: 0.6ms
[2025-01-17T12:05:03.946+0000][78][trace][gc,age      ] GC(5) Age table with threshold 15 (max threshold 15)
[2025-01-17T12:05:03.946+0000][78][trace][gc,age      ] GC(5) - age   1:    4240936 bytes,    4240936 total
[2025-01-17T12:05:03.946+0000][78][trace][gc,age      ] GC(5) - age   2:    6317664 bytes,   10558600 total
[2025-01-17T12:05:03.946+0000][78][trace][gc,age      ] GC(5) - age   3:    5525416 bytes,   16084016 total
[2025-01-17T12:05:03.947+0000][78][trace][gc,age      ] GC(5) - age   4:    2082200 bytes,   18166216 total
[2025-01-17T12:05:03.947+0000][78][trace][gc,age      ] GC(5) - age   5:    8942456 bytes,   27108672 total
[2025-01-17T12:05:03.947+0000][78][info ][gc,heap     ] GC(5) Eden regions: 56->0(500)
[2025-01-17T12:05:03.947+0000][78][info ][gc,heap     ] GC(5) Survivor regions: 6->8(64)
[2025-01-17T12:05:03.948+0000][78][info ][gc,heap     ] GC(5) Old regions: 0->0
[2025-01-17T12:05:03.948+0000][78][info ][gc,heap     ] GC(5) Archive regions: 2->2
[2025-01-17T12:05:03.948+0000][78][info ][gc,heap     ] GC(5) Humongous regions: 0->0
[2025-01-17T12:05:03.948+0000][78][info ][gc,metaspace] GC(5) Metaspace: 35338K(36096K)->35338K(36096K) NonClass: 31396K(31872K)->31396K(31872K) Class: 3942K(4224K)->3942K(4224K)
[2025-01-17T12:05:03.949+0000][78][info ][gc          ] GC(5) Pause Young (Concurrent Start) (Metadata GC Threshold) 251M->32M(3392M) 13.790ms
[2025-01-17T12:05:03.949+0000][78][info ][gc,cpu      ] GC(5) User=0.08s Sys=0.00s Real=0.01s
[2025-01-17T12:05:03.949+0000][78][info ][gc          ] GC(6) Concurrent Mark Cycle
[2025-01-17T12:05:03.950+0000][78][info ][gc,marking  ] GC(6) Concurrent Scan Root Regions
[2025-01-17T12:05:03.950+0000][78][info ][safepoint   ] Safepoint "CollectForMetadataAllocation", Time since last: 485595207 ns, Reaching safepoint: 5623 ns, Cleanup: 661411 ns, At safepoint: 14790235 ns, Total: 15457269 ns
[2025-01-17T12:05:03.952+0000][78][info ][gc,marking  ] GC(6) Concurrent Scan Root Regions 2.494ms
[2025-01-17T12:05:03.952+0000][78][info ][gc,marking  ] GC(6) Concurrent Mark
[2025-01-17T12:05:03.953+0000][78][info ][gc,marking  ] GC(6) Concurrent Mark From Roots
[2025-01-17T12:05:03.953+0000][78][info ][gc,task     ] GC(6) Using 5 workers of 5 for marking
[2025-01-17T12:05:03.954+0000][78][info ][gc,marking  ] GC(6) Concurrent Mark From Roots 1.325ms
[2025-01-17T12:05:03.954+0000][78][info ][gc,marking  ] GC(6) Concurrent Preclean
[2025-01-17T12:05:03.955+0000][78][info ][gc,marking  ] GC(6) Concurrent Preclean 0.241ms
[2025-01-17T12:05:03.955+0000][78][info ][gc,start    ] GC(6) Pause Remark
[2025-01-17T12:05:03.959+0000][78][info ][gc          ] GC(6) Pause Remark 36M->36M(3392M) 3.321ms
[2025-01-17T12:05:03.959+0000][78][info ][gc,cpu      ] GC(6) User=0.02s Sys=0.00s Real=0.00s
[2025-01-17T12:05:03.960+0000][78][info ][safepoint   ] Safepoint "G1PauseRemark", Time since last: 5310966 ns, Reaching safepoint: 3517 ns, Cleanup: 247152 ns, At safepoint: 4339724 ns, Total: 4590393 ns
[2025-01-17T12:05:03.960+0000][78][info ][gc,marking  ] GC(6) Concurrent Mark 7.537ms
[2025-01-17T12:05:03.960+0000][78][info ][gc,marking  ] GC(6) Concurrent Rebuild Remembered Sets and Scrub Regions
[2025-01-17T12:05:03.961+0000][78][info ][gc,marking  ] GC(6) Concurrent Rebuild Remembered Sets and Scrub Regions 0.577ms
[2025-01-17T12:05:03.961+0000][78][info ][gc,start    ] GC(6) Pause Cleanup
[2025-01-17T12:05:03.962+0000][78][info ][gc          ] GC(6) Pause Cleanup 36M->36M(3392M) 0.279ms
[2025-01-17T12:05:03.962+0000][78][info ][gc,cpu      ] GC(6) User=0.00s Sys=0.00s Real=0.01s
[2025-01-17T12:05:03.962+0000][78][info ][safepoint   ] Safepoint "G1PauseCleanup", Time since last: 1528176 ns, Reaching safepoint: 92713 ns, Cleanup: 225364 ns, At safepoint: 822185 ns, Total: 1140262 ns
[2025-01-17T12:05:03.963+0000][78][info ][gc,marking  ] GC(6) Concurrent Clear Claimed Marks
[2025-01-17T12:05:03.963+0000][78][info ][gc,marking  ] GC(6) Concurrent Clear Claimed Marks 0.253ms
[2025-01-17T12:05:03.963+0000][78][info ][gc,marking  ] GC(6) Concurrent Cleanup for Next Mark
[2025-01-17T12:05:03.965+0000][78][info ][gc,marking  ] GC(6) Concurrent Cleanup for Next Mark 1.674ms
[2025-01-17T12:05:03.965+0000][78][info ][gc          ] GC(6) Concurrent Mark Cycle 16.048ms
[2025-01-17T12:05:04.963+0000][78][info ][safepoint   ] Safepoint "Cleanup", Time since last: 1000503863 ns, Reaching safepoint: 103305 ns, Cleanup: 270444 ns, At safepoint: 40996 ns, Total: 414745 ns
[2025-01-17T12:05:05.757+0000][78][info ][safepoint   ] Safepoint "ICBufferFull", Time since last: 793992049 ns, Reaching safepoint: 3796 ns, Cleanup: 248632 ns, At safepoint: 15067 ns, Total: 267495 ns
[2025-01-17T12:05:06.759+0000][78][info ][safepoint   ] Safepoint "Cleanup", Time since last: 1000851537 ns, Reaching safepoint: 147026 ns, Cleanup: 272774 ns, At safepoint: 18101 ns, Total: 437901 ns
[2025-01-17T12:05:07.509+0000][78][info ][safepoint   ] Safepoint "ICBufferFull", Time since last: 750263137 ns, Reaching safepoint: 3303 ns, Cleanup: 247670 ns, At safepoint: 14833 ns, Total: 265806 ns
[2025-01-17T12:05:08.037+0000][78][info ][gc,start    ] GC(7) Pause Young (Concurrent Start) (Metadata GC Threshold)
[2025-01-17T12:05:08.037+0000][78][info ][gc,task     ] GC(7) Using 18 workers of 18 for evacuation
[2025-01-17T12:05:08.038+0000][78][debug][gc,age      ] GC(7) Desired survivor size 134217728 bytes, new threshold 15 (max threshold 15)
[2025-01-17T12:05:08.066+0000][78][info ][gc,phases   ] GC(7)   Pre Evacuate Collection Set: 0.3ms
[2025-01-17T12:05:08.067+0000][78][info ][gc,phases   ] GC(7)   Merge Heap Roots: 0.2ms
[2025-01-17T12:05:08.068+0000][78][info ][gc,phases   ] GC(7)   Evacuate Collection Set: 25.0ms
[2025-01-17T12:05:08.068+0000][78][info ][gc,phases   ] GC(7)   Post Evacuate Collection Set: 2.8ms
[2025-01-17T12:05:08.069+0000][78][info ][gc,phases   ] GC(7)   Other: 0.7ms
[2025-01-17T12:05:08.069+0000][78][trace][gc,age      ] GC(7) Age table with threshold 15 (max threshold 15)
[2025-01-17T12:05:08.070+0000][78][trace][gc,age      ] GC(7) - age   1:   29337904 bytes,   29337904 total
[2025-01-17T12:05:08.070+0000][78][trace][gc,age      ] GC(7) - age   2:    4155256 bytes,   33493160 total
[2025-01-17T12:05:08.070+0000][78][trace][gc,age      ] GC(7) - age   3:    6281696 bytes,   39774856 total
[2025-01-17T12:05:08.071+0000][78][trace][gc,age      ] GC(7) - age   4:    5485672 bytes,   45260528 total
[2025-01-17T12:05:08.071+0000][78][trace][gc,age      ] GC(7) - age   5:    2064312 bytes,   47324840 total
[2025-01-17T12:05:08.072+0000][78][trace][gc,age      ] GC(7) - age   6:    8722000 bytes,   56046840 total
[2025-01-17T12:05:08.072+0000][78][info ][gc,heap     ] GC(7) Eden regions: 235->0(268)
[2025-01-17T12:05:08.072+0000][78][info ][gc,heap     ] GC(7) Survivor regions: 8->15(64)
[2025-01-17T12:05:08.073+0000][78][info ][gc,heap     ] GC(7) Old regions: 0->0
[2025-01-17T12:05:08.073+0000][78][info ][gc,heap     ] GC(7) Archive regions: 2->2
[2025-01-17T12:05:08.073+0000][78][info ][gc,heap     ] GC(7) Humongous regions: 0->0
[2025-01-17T12:05:08.074+0000][78][info ][gc,metaspace] GC(7) Metaspace: 58892K(60288K)->58892K(60288K) NonClass: 51755K(52544K)->51755K(52544K) Class: 7137K(7744K)->7137K(7744K)
[2025-01-17T12:05:08.074+0000][78][info ][gc          ] GC(7) Pause Young (Concurrent Start) (Metadata GC Threshold) 972M->60M(3392M) 36.904ms
[2025-01-17T12:05:08.075+0000][78][info ][gc,cpu      ] GC(7) User=0.37s Sys=0.00s Real=0.04s
[2025-01-17T12:05:08.075+0000][78][info ][gc          ] GC(8) Concurrent Mark Cycle
[2025-01-17T12:05:08.075+0000][78][info ][safepoint   ] Safepoint "CollectForMetadataAllocation", Time since last: 527559235 ns, Reaching safepoint: 3475 ns, Cleanup: 324049 ns, At safepoint: 38225667 ns, Total: 38553191 ns
[2025-01-17T12:05:08.075+0000][78][info ][gc,marking  ] GC(8) Concurrent Scan Root Regions
[2025-01-17T12:05:08.083+0000][78][info ][gc,marking  ] GC(8) Concurrent Scan Root Regions 7.397ms
[2025-01-17T12:05:08.083+0000][78][info ][gc,marking  ] GC(8) Concurrent Mark
[2025-01-17T12:05:08.084+0000][78][info ][gc,marking  ] GC(8) Concurrent Mark From Roots
[2025-01-17T12:05:08.084+0000][78][info ][gc,task     ] GC(8) Using 5 workers of 5 for marking
[2025-01-17T12:05:08.085+0000][78][info ][gc,marking  ] GC(8) Concurrent Mark From Roots 1.653ms
[2025-01-17T12:05:08.086+0000][78][info ][gc,marking  ] GC(8) Concurrent Preclean
[2025-01-17T12:05:08.086+0000][78][info ][gc,marking  ] GC(8) Concurrent Preclean 0.599ms
[2025-01-17T12:05:08.087+0000][78][info ][gc,start    ] GC(8) Pause Remark
[2025-01-17T12:05:08.091+0000][78][info ][gc          ] GC(8) Pause Remark 64M->64M(3392M) 3.603ms
[2025-01-17T12:05:08.092+0000][78][info ][gc,cpu      ] GC(8) User=0.01s Sys=0.00s Real=0.00s
[2025-01-17T12:05:08.092+0000][78][info ][safepoint   ] Safepoint "G1PauseRemark", Time since last: 11600061 ns, Reaching safepoint: 90712 ns, Cleanup: 237972 ns, At safepoint: 4906358 ns, Total: 5235042 ns
[2025-01-17T12:05:08.092+0000][78][info ][gc,marking  ] GC(8) Concurrent Mark 9.056ms
[2025-01-17T12:05:08.093+0000][78][info ][gc,marking  ] GC(8) Concurrent Rebuild Remembered Sets and Scrub Regions
[2025-01-17T12:05:08.093+0000][78][info ][gc,marking  ] GC(8) Concurrent Rebuild Remembered Sets and Scrub Regions 0.557ms
[2025-01-17T12:05:08.094+0000][78][info ][gc,start    ] GC(8) Pause Cleanup
[2025-01-17T12:05:08.094+0000][78][info ][gc          ] GC(8) Pause Cleanup 64M->64M(3392M) 0.434ms
[2025-01-17T12:05:08.095+0000][78][info ][gc,cpu      ] GC(8) User=0.00s Sys=0.00s Real=0.00s
[2025-01-17T12:05:08.095+0000][78][info ][safepoint   ] Safepoint "G1PauseCleanup", Time since last: 1531985 ns, Reaching safepoint: 93547 ns, Cleanup: 222032 ns, At safepoint: 1255753 ns, Total: 1571332 ns
[2025-01-17T12:05:08.096+0000][78][info ][gc,marking  ] GC(8) Concurrent Clear Claimed Marks
[2025-01-17T12:05:08.096+0000][78][info ][gc,marking  ] GC(8) Concurrent Clear Claimed Marks 0.361ms
[2025-01-17T12:05:08.096+0000][78][info ][gc,marking  ] GC(8) Concurrent Cleanup for Next Mark
[2025-01-17T12:05:08.099+0000][78][info ][gc,marking  ] GC(8) Concurrent Cleanup for Next Mark 2.164ms
[2025-01-17T12:05:08.099+0000][78][info ][gc          ] GC(8) Concurrent Mark Cycle 24.292ms
[2025-01-17T12:05:09.096+0000][78][info ][safepoint   ] Safepoint "Cleanup", Time since last: 1000561829 ns, Reaching safepoint: 103942 ns, Cleanup: 257222 ns, At safepoint: 29326 ns, Total: 390490 ns
[2025-01-17T12:05:10.181+0000][78][info ][safepoint   ] Safepoint "Cleanup", Time since last: 1084999155 ns, Reaching safepoint: 2614 ns, Cleanup: 275251 ns, At safepoint: 27130 ns, Total: 304995 ns
[2025-01-17T12:05:11.314+0000][78][info ][safepoint   ] Safepoint "Cleanup", Time since last: 1131642166 ns, Reaching safepoint: 91663 ns, Cleanup: 280342 ns, At safepoint: 96075 ns, Total: 468080 ns
[2025-01-17T12:05:11.934+0000][78][info ][gc,start    ] GC(9) Pause Young (Concurrent Start) (Metadata GC Threshold)
[2025-01-17T12:05:11.950+0000][78][info ][gc,task     ] GC(9) Using 18 workers of 18 for evacuation
[2025-01-17T12:05:11.951+0000][78][debug][gc,age      ] GC(9) Desired survivor size 75497472 bytes, new threshold 15 (max threshold 15)
[2025-01-17T12:05:11.972+0000][78][info ][gc,phases   ] GC(9)   Pre Evacuate Collection Set: 0.5ms
[2025-01-17T12:05:11.972+0000][78][info ][gc,phases   ] GC(9)   Merge Heap Roots: 0.2ms
[2025-01-17T12:05:11.973+0000][78][info ][gc,phases   ] GC(9)   Evacuate Collection Set: 13.3ms
[2025-01-17T12:05:11.973+0000][78][info ][gc,phases   ] GC(9)   Post Evacuate Collection Set: 3.8ms
[2025-01-17T12:05:11.973+0000][78][info ][gc,phases   ] GC(9)   Other: 3.4ms
[2025-01-17T12:05:11.974+0000][78][trace][gc,age      ] GC(9) Age table with threshold 15 (max threshold 15)
[2025-01-17T12:05:11.974+0000][78][trace][gc,age      ] GC(9) - age   1:   16849080 bytes,   16849080 total
[2025-01-17T12:05:11.974+0000][78][trace][gc,age      ] GC(9) - age   2:   28832048 bytes,   45681128 total
[2025-01-17T12:05:11.974+0000][78][trace][gc,age      ] GC(9) - age   3:    4147784 bytes,   49828912 total
[2025-01-17T12:05:11.975+0000][78][trace][gc,age      ] GC(9) - age   4:    6257136 bytes,   56086048 total
[2025-01-17T12:05:11.975+0000][78][trace][gc,age      ] GC(9) - age   5:    5469696 bytes,   61555744 total
[2025-01-17T12:05:11.975+0000][78][trace][gc,age      ] GC(9) - age   6:    2060480 bytes,   63616224 total
[2025-01-17T12:05:11.975+0000][78][trace][gc,age      ] GC(9) - age   7:    8697416 bytes,   72313640 total
[2025-01-17T12:05:11.976+0000][78][info ][gc,heap     ] GC(9) Eden regions: 126->0(157)
[2025-01-17T12:05:11.976+0000][78][info ][gc,heap     ] GC(9) Survivor regions: 15->19(36)
[2025-01-17T12:05:11.976+0000][78][info ][gc,heap     ] GC(9) Old regions: 0->0
[2025-01-17T12:05:11.977+0000][78][info ][gc,heap     ] GC(9) Archive regions: 2->2
[2025-01-17T12:05:11.977+0000][78][info ][gc,heap     ] GC(9) Humongous regions: 0->0
[2025-01-17T12:05:11.977+0000][78][info ][gc,metaspace] GC(9) Metaspace: 99070K(101056K)->99070K(101056K) NonClass: 86283K(87360K)->86283K(87360K) Class: 12787K(13696K)->12787K(13696K)
[2025-01-17T12:05:11.977+0000][78][info ][gc          ] GC(9) Pause Young (Concurrent Start) (Metadata GC Threshold) 562M->79M(3392M) 43.218ms
[2025-01-17T12:05:11.978+0000][78][info ][gc,cpu      ] GC(9) User=0.19s Sys=0.00s Real=0.04s
[2025-01-17T12:05:11.978+0000][78][info ][gc          ] GC(10) Concurrent Mark Cycle
[2025-01-17T12:05:11.978+0000][78][info ][gc,marking  ] GC(10) Concurrent Scan Root Regions
[2025-01-17T12:05:11.978+0000][78][info ][safepoint   ] Safepoint "CollectForMetadataAllocation", Time since last: 620199719 ns, Reaching safepoint: 5981 ns, Cleanup: 261071 ns, At safepoint: 43971975 ns, Total: 44239027 ns
[2025-01-17T12:05:11.985+0000][78][info ][gc,marking  ] GC(10) Concurrent Scan Root Regions 7.295ms
[2025-01-17T12:05:11.986+0000][78][info ][gc,marking  ] GC(10) Concurrent Mark
[2025-01-17T12:05:11.986+0000][78][info ][gc,marking  ] GC(10) Concurrent Mark From Roots
[2025-01-17T12:05:11.987+0000][78][info ][gc,task     ] GC(10) Using 5 workers of 5 for marking
[2025-01-17T12:05:11.988+0000][78][info ][gc,marking  ] GC(10) Concurrent Mark From Roots 1.894ms
[2025-01-17T12:05:11.989+0000][78][info ][gc,marking  ] GC(10) Concurrent Preclean
[2025-01-17T12:05:11.989+0000][78][info ][gc,marking  ] GC(10) Concurrent Preclean 0.292ms
[2025-01-17T12:05:11.990+0000][78][info ][gc,start    ] GC(10) Pause Remark
[2025-01-17T12:05:11.994+0000][78][info ][gc          ] GC(10) Pause Remark 85M->85M(3392M) 4.247ms
[2025-01-17T12:05:11.995+0000][78][info ][gc,cpu      ] GC(10) User=0.03s Sys=0.00s Real=0.01s
[2025-01-17T12:05:11.996+0000][78][info ][safepoint   ] Safepoint "G1PauseRemark", Time since last: 11736114 ns, Reaching safepoint: 83587 ns, Cleanup: 244293 ns, At safepoint: 5498069 ns, Total: 5825949 ns
[2025-01-17T12:05:11.996+0000][78][info ][gc,marking  ] GC(10) Concurrent Mark 9.960ms
[2025-01-17T12:05:11.997+0000][78][info ][gc,marking  ] GC(10) Concurrent Rebuild Remembered Sets and Scrub Regions
[2025-01-17T12:05:11.997+0000][78][info ][gc,marking  ] GC(10) Concurrent Rebuild Remembered Sets and Scrub Regions 0.556ms
[2025-01-17T12:05:11.998+0000][78][info ][gc,start    ] GC(10) Pause Cleanup
[2025-01-17T12:05:11.998+0000][78][info ][gc          ] GC(10) Pause Cleanup 85M->85M(3392M) 0.300ms
[2025-01-17T12:05:11.999+0000][78][info ][gc,cpu      ] GC(10) User=0.00s Sys=0.00s Real=0.00s
[2025-01-17T12:05:11.999+0000][78][info ][safepoint   ] Safepoint "G1PauseCleanup", Time since last: 1971338 ns, Reaching safepoint: 86742 ns, Cleanup: 272794 ns, At safepoint: 943769 ns, Total: 1303305 ns
[2025-01-17T12:05:11.999+0000][78][info ][gc,marking  ] GC(10) Concurrent Clear Claimed Marks
[2025-01-17T12:05:12.000+0000][78][info ][gc,marking  ] GC(10) Concurrent Clear Claimed Marks 0.602ms
[2025-01-17T12:05:12.000+0000][78][info ][gc,marking  ] GC(10) Concurrent Cleanup for Next Mark
[2025-01-17T12:05:12.002+0000][78][info ][gc,marking  ] GC(10) Concurrent Cleanup for Next Mark 1.940ms
[2025-01-17T12:05:12.002+0000][78][info ][gc          ] GC(10) Concurrent Mark Cycle 24.752ms
[2025-01-17T12:05:13.095+0000][78][info ][safepoint   ] Safepoint "ICBufferFull", Time since last: 1095412953 ns, Reaching safepoint: 229730 ns, Cleanup: 310743 ns, At safepoint: 48155 ns, Total: 588628 ns
[2025-01-17T12:05:13.392+0000][78][info ][safepoint   ] Safepoint "ICBufferFull", Time since last: 296592959 ns, Reaching safepoint: 108543 ns, Cleanup: 280843 ns, At safepoint: 85802 ns, Total: 475188 ns
[2025-01-17T12:05:14.139+0000][78][info ][safepoint   ] Safepoint "ICBufferFull", Time since last: 746293141 ns, Reaching safepoint: 121156 ns, Cleanup: 248264 ns, At safepoint: 32588 ns, Total: 402008 ns
[2025-01-17T12:05:14.308+0000][78][info ][safepoint   ] Safepoint "ICBufferFull", Time since last: 169514361 ns, Reaching safepoint: 8599 ns, Cleanup: 233714 ns, At safepoint: 3665 ns, Total: 245978 ns
[2025-01-17T12:05:14.582+0000][78][info ][safepoint   ] Safepoint "ICBufferFull", Time since last: 272568804 ns, Reaching safepoint: 20357 ns, Cleanup: 585172 ns, At safepoint: 8452 ns, Total: 613981 ns
[2025-01-17T12:05:15.284+0000][78][info ][safepoint   ] Safepoint "ICBufferFull", Time since last: 702534557 ns, Reaching safepoint: 49543 ns, Cleanup: 274523 ns, At safepoint: 6684 ns, Total: 330750 ns
[2025-01-17T12:05:15.554+0000][78][info ][safepoint   ] Safepoint "ICBufferFull", Time since last: 269229889 ns, Reaching safepoint: 16733 ns, Cleanup: 677371 ns, At safepoint: 79844 ns, Total: 773948 ns
[2025-01-17T12:05:16.243+0000][78][info ][safepoint   ] Safepoint "ICBufferFull", Time since last: 688088703 ns, Reaching safepoint: 17301 ns, Cleanup: 703029 ns, At safepoint: 29183 ns, Total: 749513 ns
[2025-01-17T12:05:17.244+0000][78][info ][safepoint   ] Safepoint "Cleanup", Time since last: 1000665769 ns, Reaching safepoint: 12527 ns, Cleanup: 422763 ns, At safepoint: 10925 ns, Total: 446215 ns
[2025-01-17T12:05:19.246+0000][78][info ][safepoint   ] Safepoint "Cleanup", Time since last: 2000819801 ns, Reaching safepoint: 30764 ns, Cleanup: 250319 ns, At safepoint: 4031 ns, Total: 285114 ns
[2025-01-17T12:05:21.094+0000][78][info ][safepoint   ] Safepoint "Cleanup", Time since last: 1848288466 ns, Reaching safepoint: 10169 ns, Cleanup: 260238 ns, At safepoint: 4264 ns, Total: 274671 ns
[2025-01-17T12:05:22.476+0000][78][info ][safepoint   ] Safepoint "Cleanup", Time since last: 1383475288 ns, Reaching safepoint: 5674 ns, Cleanup: 372330 ns, At safepoint: 51600 ns, Total: 429604 ns
[2025-01-17T12:05:22.748+0000][78][info ][safepoint   ] Safepoint "ICBufferFull", Time since last: 271392994 ns, Reaching safepoint: 17190 ns, Cleanup: 500110 ns, At safepoint: 40707 ns, Total: 558007 ns
[2025-01-17T12:05:23.168+0000][78][info ][safepoint   ] Safepoint "ICBufferFull", Time since last: 419399510 ns, Reaching safepoint: 86216 ns, Cleanup: 246428 ns, At safepoint: 28879 ns, Total: 361523 ns
[2025-01-17T12:05:23.670+0000][78][info ][safepoint   ] Safepoint "ICBufferFull", Time since last: 501670670 ns, Reaching safepoint: 23222 ns, Cleanup: 635138 ns, At safepoint: 87562 ns, Total: 745922 ns
[2025-01-17T12:05:24.671+0000][78][info ][safepoint   ] Safepoint "Cleanup", Time since last: 1000466454 ns, Reaching safepoint: 14756 ns, Cleanup: 276202 ns, At safepoint: 4375 ns, Total: 295333 ns
[2025-01-17T12:05:25.890+0000][78][info ][safepoint   ] Safepoint "Cleanup", Time since last: 1218806933 ns, Reaching safepoint: 10503 ns, Cleanup: 255204 ns, At safepoint: 4656 ns, Total: 270363 ns
[2025-01-17T12:05:26.736+0000][78][info ][safepoint   ] Safepoint "ICBufferFull", Time since last: 836302086 ns, Reaching safepoint: 9256876 ns, Cleanup: 354812 ns, At safepoint: 117750 ns, Total: 9729438 ns
[2025-01-17T12:05:26.738+0000][78][info ][safepoint   ] Safepoint "ICBufferFull", Time since last: 988524 ns, Reaching safepoint: 133554 ns, Cleanup: 372409 ns, At safepoint: 264618 ns, Total: 770581 ns
[2025-01-17T12:05:26.739+0000][78][info ][safepoint   ] Safepoint "ICBufferFull", Time since last: 726207 ns, Reaching safepoint: 19243 ns, Cleanup: 330242 ns, At safepoint: 263614 ns, Total: 613099 ns
[2025-01-17T12:05:26.741+0000][78][info ][safepoint   ] Safepoint "ICBufferFull", Time since last: 1286788 ns, Reaching safepoint: 120945 ns, Cleanup: 591936 ns, At safepoint: 145292 ns, Total: 858173 ns
[2025-01-17T12:05:26.743+0000][78][info ][safepoint   ] Safepoint "ICBufferFull", Time since last: 935729 ns, Reaching safepoint: 132190 ns, Cleanup: 321496 ns, At safepoint: 194938 ns, Total: 648624 ns
[2025-01-17T12:05:26.744+0000][78][info ][safepoint   ] Safepoint "ICBufferFull", Time since last: 793086 ns, Reaching safepoint: 209376 ns, Cleanup: 278997 ns, At safepoint: 208836 ns, Total: 697209 ns
[2025-01-17T12:05:26.746+0000][78][info ][safepoint   ] Safepoint "ICBufferFull", Time since last: 516613 ns, Reaching safepoint: 552203 ns, Cleanup: 565143 ns, At safepoint: 532684 ns, Total: 1650030 ns
[2025-01-17T12:05:26.749+0000][78][info ][safepoint   ] Safepoint "ICBufferFull", Time since last: 732361 ns, Reaching safepoint: 367927 ns, Cleanup: 578502 ns, At safepoint: 509812 ns, Total: 1456241 ns
[2025-01-17T12:05:26.750+0000][78][info ][safepoint   ] Safepoint "ICBufferFull", Time since last: 562912 ns, Reaching safepoint: 108554 ns, Cleanup: 264606 ns, At safepoint: 256954 ns, Total: 630114 ns
[2025-01-17T12:05:26.751+0000][78][info ][safepoint   ] Safepoint "ICBufferFull", Time since last: 927418 ns, Reaching safepoint: 105718 ns, Cleanup: 260798 ns, At safepoint: 133085 ns, Total: 499601 ns
[2025-01-17T12:05:26.752+0000][78][info ][safepoint   ] Safepoint "ICBufferFull", Time since last: 711932 ns, Reaching safepoint: 97125 ns, Cleanup: 222304 ns, At safepoint: 95118 ns, Total: 414547 ns
[2025-01-17T12:05:26.753+0000][78][info ][safepoint   ] Safepoint "ICBufferFull", Time since last: 470525 ns, Reaching safepoint: 97738 ns, Cleanup: 213732 ns, At safepoint: 162275 ns, Total: 473745 ns
[2025-01-17T12:05:26.755+0000][78][info ][safepoint   ] Safepoint "ICBufferFull", Time since last: 594297 ns, Reaching safepoint: 22975 ns, Cleanup: 448178 ns, At safepoint: 130465 ns, Total: 601618 ns
[2025-01-17T12:05:26.756+0000][78][info ][safepoint   ] Safepoint "ICBufferFull", Time since last: 665941 ns, Reaching safepoint: 102763 ns, Cleanup: 229831 ns, At safepoint: 184422 ns, Total: 517016 ns
[2025-01-17T12:05:26.757+0000][78][info ][safepoint   ] Safepoint "ICBufferFull", Time since last: 457577 ns, Reaching safepoint: 51260 ns, Cleanup: 233038 ns, At safepoint: 138160 ns, Total: 422458 ns
[2025-01-17T12:05:26.758+0000][78][info ][safepoint   ] Safepoint "ICBufferFull", Time since last: 425281 ns, Reaching safepoint: 260508 ns, Cleanup: 211132 ns, At safepoint: 169462 ns, Total: 641102 ns
[2025-01-17T12:05:26.759+0000][78][info ][safepoint   ] Safepoint "ICBufferFull", Time since last: 392961 ns, Reaching safepoint: 178464 ns, Cleanup: 225640 ns, At safepoint: 167033 ns, Total: 571137 ns
[2025-01-17T12:05:26.894+0000][78][info ][safepoint   ] Safepoint "ICBufferFull", Time since last: 134653431 ns, Reaching safepoint: 34767 ns, Cleanup: 598966 ns, At safepoint: 106606 ns, Total: 740339 ns
[2025-01-17T12:05:27.079+0000][78][info ][safepoint   ] Safepoint "ICBufferFull", Time since last: 184338600 ns, Reaching safepoint: 12703 ns, Cleanup: 262186 ns, At safepoint: 22027 ns, Total: 296916 ns
[2025-01-17T12:05:27.253+0000][78][info ][safepoint   ] Safepoint "ICBufferFull", Time since last: 174064635 ns, Reaching safepoint: 35983 ns, Cleanup: 588006 ns, At safepoint: 139212 ns, Total: 763201 ns
[2025-01-17T12:05:27.479+0000][78][info ][safepoint   ] Safepoint "ICBufferFull", Time since last: 224752438 ns, Reaching safepoint: 20538 ns, Cleanup: 304177 ns, At safepoint: 48471 ns, Total: 373186 ns
[2025-01-17T12:05:27.621+0000][78][info ][safepoint   ] Safepoint "ICBufferFull", Time since last: 141784449 ns, Reaching safepoint: 101472 ns, Cleanup: 209915 ns, At safepoint: 57362 ns, Total: 368749 ns
[2025-01-17T12:05:28.130+0000][78][info ][safepoint   ] Safepoint "ICBufferFull", Time since last: 508955844 ns, Reaching safepoint: 45715 ns, Cleanup: 399338 ns, At safepoint: 52250 ns, Total: 497303 ns
[2025-01-17T12:05:28.623+0000][78][info ][safepoint   ] Safepoint "ICBufferFull", Time since last: 492851522 ns, Reaching safepoint: 17594 ns, Cleanup: 257908 ns, At safepoint: 7359 ns, Total: 282861 ns
[2025-01-17T12:05:28.736+0000][78][info ][gc,start    ] GC(11) Pause Young (Normal) (G1 Evacuation Pause)
[2025-01-17T12:05:28.737+0000][78][info ][gc,task     ] GC(11) Using 18 workers of 18 for evacuation
[2025-01-17T12:05:28.738+0000][78][debug][gc,age      ] GC(11) Desired survivor size 46137344 bytes, new threshold 3 (max threshold 15)
[2025-01-17T12:05:28.784+0000][78][info ][gc,phases   ] GC(11)   Pre Evacuate Collection Set: 0.4ms
[2025-01-17T12:05:28.784+0000][78][info ][gc,phases   ] GC(11)   Merge Heap Roots: 0.3ms
[2025-01-17T12:05:28.785+0000][78][info ][gc,phases   ] GC(11)   Evacuate Collection Set: 38.5ms
[2025-01-17T12:05:28.785+0000][78][info ][gc,phases   ] GC(11)   Post Evacuate Collection Set: 6.7ms
[2025-01-17T12:05:28.785+0000][78][info ][gc,phases   ] GC(11)   Other: 1.0ms
[2025-01-17T12:05:28.786+0000][78][trace][gc,age      ] GC(11) Age table with threshold 3 (max threshold 15)
[2025-01-17T12:05:28.786+0000][78][trace][gc,age      ] GC(11) - age   1:   53271784 bytes,   53271784 total
[2025-01-17T12:05:28.786+0000][78][trace][gc,age      ] GC(11) - age   2:   13566888 bytes,   66838672 total
[2025-01-17T12:05:28.787+0000][78][trace][gc,age      ] GC(11) - age   3:   18838608 bytes,   85677280 total
[2025-01-17T12:05:28.787+0000][78][info ][gc,heap     ] GC(11) Eden regions: 157->0(87)
[2025-01-17T12:05:28.787+0000][78][info ][gc,heap     ] GC(11) Survivor regions: 19->22(22)
[2025-01-17T12:05:28.787+0000][78][info ][gc,heap     ] GC(11) Old regions: 0->12
[2025-01-17T12:05:28.788+0000][78][info ][gc,heap     ] GC(11) Archive regions: 2->2
[2025-01-17T12:05:28.788+0000][78][info ][gc,heap     ] GC(11) Humongous regions: 4->4
[2025-01-17T12:05:28.788+0000][78][info ][gc,metaspace] GC(11) Metaspace: 131365K(134912K)->131365K(134912K) NonClass: 113582K(115456K)->113582K(115456K) Class: 17782K(19456K)->17782K(19456K)
[2025-01-17T12:05:28.788+0000][78][info ][gc          ] GC(11) Pause Young (Normal) (G1 Evacuation Pause) 723M->153M(3392M) 52.009ms
[2025-01-17T12:05:28.789+0000][78][info ][gc,cpu      ] GC(11) User=0.53s Sys=0.00s Real=0.05s
[2025-01-17T12:05:28.789+0000][78][info ][safepoint   ] Safepoint "G1CollectForAllocation", Time since last: 112440473 ns, Reaching safepoint: 170367 ns, Cleanup: 471151 ns, At safepoint: 52930823 ns, Total: 53572341 ns
[2025-01-17T12:05:29.013+0000][78][info ][safepoint   ] Safepoint "ICBufferFull", Time since last: 222859783 ns, Reaching safepoint: 20994 ns, Cleanup: 298880 ns, At safepoint: 26379 ns, Total: 346253 ns
[2025-01-17T12:05:29.576+0000][78][info ][safepoint   ] Safepoint "ICBufferFull", Time since last: 563069647 ns, Reaching safepoint: 154934 ns, Cleanup: 344178 ns, At safepoint: 59203 ns, Total: 558315 ns
[2025-01-17T12:05:30.096+0000][78][info ][safepoint   ] Safepoint "ICBufferFull", Time since last: 519545769 ns, Reaching safepoint: 21366 ns, Cleanup: 309299 ns, At safepoint: 34740 ns, Total: 365405 ns
[2025-01-17T12:05:30.196+0000][78][info ][gc,start    ] GC(12) Pause Young (Normal) (G1 Evacuation Pause)
[2025-01-17T12:05:30.196+0000][78][info ][gc,task     ] GC(12) Using 18 workers of 18 for evacuation
[2025-01-17T12:05:30.196+0000][78][debug][gc,age      ] GC(12) Desired survivor size 29360128 bytes, new threshold 1 (max threshold 15)
[2025-01-17T12:05:30.219+0000][78][info ][gc,phases   ] GC(12)   Pre Evacuate Collection Set: 0.3ms
[2025-01-17T12:05:30.219+0000][78][info ][gc,phases   ] GC(12)   Merge Heap Roots: 0.3ms
[2025-01-17T12:05:30.219+0000][78][info ][gc,phases   ] GC(12)   Evacuate Collection Set: 19.0ms
[2025-01-17T12:05:30.220+0000][78][info ][gc,phases   ] GC(12)   Post Evacuate Collection Set: 2.3ms
[2025-01-17T12:05:30.220+0000][78][info ][gc,phases   ] GC(12)   Other: 0.6ms
[2025-01-17T12:05:30.220+0000][78][trace][gc,age      ] GC(12) Age table with threshold 1 (max threshold 15)
[2025-01-17T12:05:30.220+0000][78][trace][gc,age      ] GC(12) - age   1:    4463816 bytes,    4463816 total
[2025-01-17T12:05:30.220+0000][78][info ][gc,heap     ] GC(12) Eden regions: 87->0(39)
[2025-01-17T12:05:30.221+0000][78][info ][gc,heap     ] GC(12) Survivor regions: 22->3(14)
[2025-01-17T12:05:30.221+0000][78][info ][gc,heap     ] GC(12) Old regions: 12->36
[2025-01-17T12:05:30.221+0000][78][info ][gc,heap     ] GC(12) Archive regions: 2->2
[2025-01-17T12:05:30.221+0000][78][info ][gc,heap     ] GC(12) Humongous regions: 4->4
[2025-01-17T12:05:30.221+0000][78][info ][gc,metaspace] GC(12) Metaspace: 132628K(136128K)->132628K(136128K) NonClass: 114766K(116608K)->114766K(116608K) Class: 17862K(19520K)->17862K(19520K)
[2025-01-17T12:05:30.222+0000][78][info ][gc          ] GC(12) Pause Young (Normal) (G1 Evacuation Pause) 501M->172M(3392M) 25.874ms
[2025-01-17T12:05:30.222+0000][78][info ][gc,cpu      ] GC(12) User=0.33s Sys=0.00s Real=0.03s
[2025-01-17T12:05:30.222+0000][78][info ][safepoint   ] Safepoint "G1CollectForAllocation", Time since last: 99410335 ns, Reaching safepoint: 16029 ns, Cleanup: 263384 ns, At safepoint: 26458365 ns, Total: 26737778 ns
[2025-01-17T12:05:31.515+0000][78][info ][safepoint   ] Safepoint "ICBufferFull", Time since last: 1292301602 ns, Reaching safepoint: 42139 ns, Cleanup: 592101 ns, At safepoint: 54742 ns, Total: 688982 ns
[2025-01-17T12:05:32.041+0000][78][info ][safepoint   ] Safepoint "ICBufferFull", Time since last: 525394000 ns, Reaching safepoint: 17755 ns, Cleanup: 252841 ns, At safepoint: 13481 ns, Total: 284077 ns
[2025-01-17T12:05:33.042+0000][78][info ][safepoint   ] Safepoint "Cleanup", Time since last: 1000520480 ns, Reaching safepoint: 20539 ns, Cleanup: 314298 ns, At safepoint: 50002 ns, Total: 384839 ns
[2025-01-17T12:05:33.380+0000][78][info ][safepoint   ] Safepoint "ICBufferFull", Time since last: 338026552 ns, Reaching safepoint: 18064 ns, Cleanup: 279197 ns, At safepoint: 46825 ns, Total: 344086 ns
[2025-01-17T12:05:33.602+0000][78][info ][safepoint   ] Safepoint "ICBufferFull", Time since last: 221135593 ns, Reaching safepoint: 37317 ns, Cleanup: 401166 ns, At safepoint: 29126 ns, Total: 467609 ns
[2025-01-17T12:05:33.993+0000][78][info ][safepoint   ] Safepoint "ICBufferFull", Time since last: 390237661 ns, Reaching safepoint: 41576 ns, Cleanup: 621008 ns, At safepoint: 109566 ns, Total: 772150 ns
[2025-01-17T12:05:34.245+0000][78][info ][safepoint   ] Safepoint "ICBufferFull", Time since last: 251781702 ns, Reaching safepoint: 46790 ns, Cleanup: 626853 ns, At safepoint: 52992 ns, Total: 726635 ns
[2025-01-17T12:05:35.741+0000][78][info ][safepoint   ] Safepoint "ICBufferFull", Time since last: 1495054306 ns, Reaching safepoint: 16515 ns, Cleanup: 244433 ns, At safepoint: 19003 ns, Total: 279951 ns
[2025-01-17T12:05:36.054+0000][78][info ][safepoint   ] Safepoint "ICBufferFull", Time since last: 312853086 ns, Reaching safepoint: 12810 ns, Cleanup: 253135 ns, At safepoint: 17940 ns, Total: 283885 ns
[2025-01-17T12:05:36.629+0000][78][info ][safepoint   ] Safepoint "ICBufferFull", Time since last: 574768639 ns, Reaching safepoint: 25311 ns, Cleanup: 279634 ns, At safepoint: 63729 ns, Total: 368674 ns
[2025-01-17T12:05:37.269+0000][78][info ][safepoint   ] Safepoint "ICBufferFull", Time since last: 639585112 ns, Reaching safepoint: 67063 ns, Cleanup: 408245 ns, At safepoint: 54321 ns, Total: 529629 ns
[2025-01-17T12:05:37.558+0000][78][info ][safepoint   ] Safepoint "ICBufferFull", Time since last: 288698991 ns, Reaching safepoint: 18055 ns, Cleanup: 232532 ns, At safepoint: 30916 ns, Total: 281503 ns
[2025-01-17T12:05:38.129+0000][78][info ][gc,start    ] GC(13) Pause Young (Concurrent Start) (CodeCache GC Threshold)
[2025-01-17T12:05:38.129+0000][78][info ][gc,task     ] GC(13) Using 18 workers of 18 for evacuation
[2025-01-17T12:05:38.130+0000][78][debug][gc,age      ] GC(13) Desired survivor size 96468992 bytes, new threshold 15 (max threshold 15)
[2025-01-17T12:05:38.136+0000][78][info ][gc,phases   ] GC(13)   Pre Evacuate Collection Set: 0.5ms
[2025-01-17T12:05:38.136+0000][78][info ][gc,phases   ] GC(13)   Merge Heap Roots: 0.3ms
[2025-01-17T12:05:38.137+0000][78][info ][gc,phases   ] GC(13)   Evacuate Collection Set: 3.5ms
[2025-01-17T12:05:38.137+0000][78][info ][gc,phases   ] GC(13)   Post Evacuate Collection Set: 1.5ms
[2025-01-17T12:05:38.137+0000][78][info ][gc,phases   ] GC(13)   Other: 0.7ms
[2025-01-17T12:05:38.137+0000][78][trace][gc,age      ] GC(13) Age table with threshold 15 (max threshold 15)
[2025-01-17T12:05:38.138+0000][78][trace][gc,age      ] GC(13) - age   1:    9551856 bytes,    9551856 total
[2025-01-17T12:05:38.138+0000][78][trace][gc,age      ] GC(13) - age   2:    2905496 bytes,   12457352 total
[2025-01-17T12:05:38.138+0000][78][info ][gc,heap     ] GC(13) Eden regions: 106->0(277)
[2025-01-17T12:05:38.138+0000][78][info ][gc,heap     ] GC(13) Survivor regions: 3->4(46)
[2025-01-17T12:05:38.139+0000][78][info ][gc,heap     ] GC(13) Old regions: 36->36
[2025-01-17T12:05:38.139+0000][78][info ][gc,heap     ] GC(13) Archive regions: 2->2
[2025-01-17T12:05:38.139+0000][78][info ][gc,heap     ] GC(13) Humongous regions: 4->4
[2025-01-17T12:05:38.139+0000][78][info ][gc,metaspace] GC(13) Metaspace: 138847K(142592K)->138847K(142592K) NonClass: 120261K(122240K)->120261K(122240K) Class: 18586K(20352K)->18586K(20352K)
[2025-01-17T12:05:38.140+0000][78][info ][gc          ] GC(13) Pause Young (Concurrent Start) (CodeCache GC Threshold) 596M->174M(3392M) 10.663ms
[2025-01-17T12:05:38.140+0000][78][info ][gc          ] GC(14) Concurrent Mark Cycle
[2025-01-17T12:05:38.140+0000][78][info ][gc,marking  ] GC(14) Concurrent Scan Root Regions
[2025-01-17T12:05:38.140+0000][78][info ][gc,cpu      ] GC(13) User=0.05s Sys=0.00s Real=0.02s
[2025-01-17T12:05:38.141+0000][78][info ][safepoint   ] Safepoint "G1TryInitiateConcMark", Time since last: 570803800 ns, Reaching safepoint: 12546 ns, Cleanup: 278882 ns, At safepoint: 11856992 ns, Total: 12148420 ns
[2025-01-17T12:05:38.144+0000][78][info ][gc,marking  ] GC(14) Concurrent Scan Root Regions 3.648ms
[2025-01-17T12:05:38.144+0000][78][info ][gc,marking  ] GC(14) Concurrent Mark
[2025-01-17T12:05:38.145+0000][78][info ][gc,marking  ] GC(14) Concurrent Mark From Roots
[2025-01-17T12:05:38.145+0000][78][info ][gc,task     ] GC(14) Using 5 workers of 5 for marking
[2025-01-17T12:05:38.172+0000][78][info ][gc,marking  ] GC(14) Concurrent Mark From Roots 27.843ms
[2025-01-17T12:05:38.173+0000][78][info ][gc,marking  ] GC(14) Concurrent Preclean
[2025-01-17T12:05:38.173+0000][78][info ][gc,marking  ] GC(14) Concurrent Preclean 0.381ms
[2025-01-17T12:05:38.174+0000][78][info ][gc,start    ] GC(14) Pause Remark
[2025-01-17T12:05:38.191+0000][78][info ][gc          ] GC(14) Pause Remark 186M->186M(3392M) 16.682ms
[2025-01-17T12:05:38.191+0000][78][info ][gc,cpu      ] GC(14) User=0.21s Sys=0.00s Real=0.02s
[2025-01-17T12:05:38.191+0000][78][info ][safepoint   ] Safepoint "G1PauseRemark", Time since last: 32723974 ns, Reaching safepoint: 20201 ns, Cleanup: 256900 ns, At safepoint: 17502797 ns, Total: 17779898 ns
[2025-01-17T12:05:38.192+0000][78][info ][gc,marking  ] GC(14) Concurrent Mark 47.520ms
[2025-01-17T12:05:38.192+0000][78][info ][gc,marking  ] GC(14) Concurrent Rebuild Remembered Sets and Scrub Regions
[2025-01-17T12:05:38.215+0000][78][info ][gc,marking  ] GC(14) Concurrent Rebuild Remembered Sets and Scrub Regions 22.778ms
[2025-01-17T12:05:38.216+0000][78][info ][gc,start    ] GC(14) Pause Cleanup
[2025-01-17T12:05:38.217+0000][78][info ][gc          ] GC(14) Pause Cleanup 217M->217M(3392M) 0.715ms
[2025-01-17T12:05:38.217+0000][78][info ][gc,cpu      ] GC(14) User=0.00s Sys=0.00s Real=0.00s
[2025-01-17T12:05:38.217+0000][78][info ][safepoint   ] Safepoint "G1PauseCleanup", Time since last: 23982545 ns, Reaching safepoint: 96149 ns, Cleanup: 359795 ns, At safepoint: 1507086 ns, Total: 1963030 ns
[2025-01-17T12:05:38.218+0000][78][info ][gc,marking  ] GC(14) Concurrent Clear Claimed Marks
[2025-01-17T12:05:38.218+0000][78][info ][gc,marking  ] GC(14) Concurrent Clear Claimed Marks 0.712ms
[2025-01-17T12:05:38.219+0000][78][info ][gc,marking  ] GC(14) Concurrent Cleanup for Next Mark
[2025-01-17T12:05:38.222+0000][78][info ][gc,marking  ] GC(14) Concurrent Cleanup for Next Mark 3.470ms
[2025-01-17T12:05:38.223+0000][78][info ][gc          ] GC(14) Concurrent Mark Cycle 82.708ms
[2025-01-17T12:05:39.240+0000][78][info ][safepoint   ] Safepoint "Cleanup", Time since last: 1022607638 ns, Reaching safepoint: 16475 ns, Cleanup: 316830 ns, At safepoint: 47019 ns, Total: 380324 ns
[2025-01-17T12:05:39.860+0000][78][info ][safepoint   ] Safepoint "ICBufferFull", Time since last: 619409582 ns, Reaching safepoint: 128520 ns, Cleanup: 266671 ns, At safepoint: 75012 ns, Total: 470203 ns
[2025-01-17T12:05:41.278+0000][78][info ][safepoint   ] Safepoint "Cleanup", Time since last: 1416508469 ns, Reaching safepoint: 41695 ns, Cleanup: 812859 ns, At safepoint: 93822 ns, Total: 948376 ns
[2025-01-17T12:05:43.063+0000][78][info ][safepoint   ] Safepoint "Cleanup", Time since last: 1785134343 ns, Reaching safepoint: 10210 ns, Cleanup: 237655 ns, At safepoint: 19923 ns, Total: 267788 ns
[2025-01-17T12:05:44.069+0000][78][info ][safepoint   ] Safepoint "Cleanup", Time since last: 1005585714 ns, Reaching safepoint: 33823 ns, Cleanup: 404101 ns, At safepoint: 12309 ns, Total: 450233 ns
[2025-01-17T12:05:45.444+0000][78][info ][safepoint   ] Safepoint "Cleanup", Time since last: 1374093434 ns, Reaching safepoint: 45534 ns, Cleanup: 702113 ns, At safepoint: 18108 ns, Total: 765755 ns
[2025-01-17T12:05:46.446+0000][78][info ][safepoint   ] Safepoint "Cleanup", Time since last: 1001299013 ns, Reaching safepoint: 46417 ns, Cleanup: 757019 ns, At safepoint: 21122 ns, Total: 824558 ns
[2025-01-17T12:05:47.447+0000][78][info ][safepoint   ] Safepoint "Cleanup", Time since last: 1000860286 ns, Reaching safepoint: 23815 ns, Cleanup: 248161 ns, At safepoint: 10170 ns, Total: 282146 ns
[2025-01-17T12:05:49.075+0000][78][info ][safepoint   ] Safepoint "Cleanup", Time since last: 1627033794 ns, Reaching safepoint: 38236 ns, Cleanup: 488399 ns, At safepoint: 19315 ns, Total: 545950 ns
[2025-01-17T12:05:50.091+0000][78][info ][safepoint   ] Safepoint "Cleanup", Time since last: 1015510390 ns, Reaching safepoint: 102769 ns, Cleanup: 729916 ns, At safepoint: 72713 ns, Total: 905398 ns
[2025-01-17T12:05:51.093+0000][78][info ][safepoint   ] Safepoint "Cleanup", Time since last: 1001368781 ns, Reaching safepoint: 35552 ns, Cleanup: 577289 ns, At safepoint: 71563 ns, Total: 684404 ns
[2025-01-17T12:05:53.252+0000][78][info ][safepoint   ] Safepoint "Cleanup", Time since last: 2162407894 ns, Reaching safepoint: 55700 ns, Cleanup: 918339 ns, At safepoint: 75567 ns, Total: 1049606 ns
[2025-01-17T12:05:55.074+0000][78][info ][safepoint   ] Safepoint "Cleanup", Time since last: 1821065837 ns, Reaching safepoint: 51509 ns, Cleanup: 757563 ns, At safepoint: 21126 ns, Total: 830198 ns
[2025-01-17T12:05:56.127+0000][78][info ][safepoint   ] Safepoint "Cleanup", Time since last: 1052612086 ns, Reaching safepoint: 86366 ns, Cleanup: 225152 ns, At safepoint: 53445 ns, Total: 364963 ns
[2025-01-17T12:05:57.132+0000][78][info ][safepoint   ] Safepoint "Cleanup", Time since last: 1005065212 ns, Reaching safepoint: 29787 ns, Cleanup: 516980 ns, At safepoint: 38989 ns, Total: 585756 ns
[2025-01-17T12:05:59.134+0000][78][info ][safepoint   ] Safepoint "Cleanup", Time since last: 2000959243 ns, Reaching safepoint: 41338 ns, Cleanup: 529367 ns, At safepoint: 18158 ns, Total: 588863 ns
[2025-01-17T12:06:00.136+0000][78][info ][safepoint   ] Safepoint "Cleanup", Time since last: 1002337322 ns, Reaching safepoint: 9684 ns, Cleanup: 231801 ns, At safepoint: 18860 ns, Total: 260345 ns
[2025-01-17T12:06:01.142+0000][78][info ][safepoint   ] Safepoint "Cleanup", Time since last: 1005425146 ns, Reaching safepoint: 32350 ns, Cleanup: 394914 ns, At safepoint: 14939 ns, Total: 442203 ns
[2025-01-17T12:06:02.156+0000][78][info ][safepoint   ] Safepoint "Cleanup", Time since last: 1012843788 ns, Reaching safepoint: 36942 ns, Cleanup: 557732 ns, At safepoint: 19237 ns, Total: 613911 ns
[2025-01-17T12:06:03.157+0000][78][info ][safepoint   ] Safepoint "Cleanup", Time since last: 1001110725 ns, Reaching safepoint: 26662 ns, Cleanup: 245580 ns, At safepoint: 9170 ns, Total: 281412 ns
[2025-01-17T12:06:04.158+0000][78][info ][safepoint   ] Safepoint "Cleanup", Time since last: 1000502409 ns, Reaching safepoint: 26768 ns, Cleanup: 248076 ns, At safepoint: 11071 ns, Total: 285915 ns
[2025-01-17T12:06:06.051+0000][78][info ][safepoint   ] Safepoint "Cleanup", Time since last: 1892602059 ns, Reaching safepoint: 9347 ns, Cleanup: 320220 ns, At safepoint: 25512 ns, Total: 355079 ns
[2025-01-17T12:06:07.177+0000][78][info ][safepoint   ] Safepoint "Cleanup", Time since last: 1125012034 ns, Reaching safepoint: 89596 ns, Cleanup: 631300 ns, At safepoint: 22628 ns, Total: 743524 ns
[2025-01-17T12:06:08.198+0000][78][info ][safepoint   ] Safepoint "Cleanup", Time since last: 1020962695 ns, Reaching safepoint: 30601 ns, Cleanup: 313990 ns, At safepoint: 12642 ns, Total: 357233 ns
[2025-01-17T12:06:09.199+0000][78][info ][safepoint   ] Safepoint "Cleanup", Time since last: 1000612497 ns, Reaching safepoint: 25952 ns, Cleanup: 232857 ns, At safepoint: 7736 ns, Total: 266545 ns
[2025-01-17T12:06:12.044+0000][78][info ][safepoint   ] Safepoint "Cleanup", Time since last: 2844966001 ns, Reaching safepoint: 9706 ns, Cleanup: 248136 ns, At safepoint: 20674 ns, Total: 278516 ns
[2025-01-17T12:06:13.213+0000][78][info ][safepoint   ] Safepoint "Cleanup", Time since last: 1169173557 ns, Reaching safepoint: 47145 ns, Cleanup: 227919 ns, At safepoint: 7792 ns, Total: 282856 ns
[2025-01-17T12:06:14.215+0000][78][info ][safepoint   ] Safepoint "Cleanup", Time since last: 1001217997 ns, Reaching safepoint: 32589 ns, Cleanup: 444050 ns, At safepoint: 19149 ns, Total: 495788 ns
[2025-01-17T12:06:15.217+0000][78][info ][safepoint   ] Safepoint "Cleanup", Time since last: 1001088266 ns, Reaching safepoint: 25880 ns, Cleanup: 280017 ns, At safepoint: 9081 ns, Total: 314978 ns
[2025-01-17T12:06:18.066+0000][78][info ][safepoint   ] Safepoint "Cleanup", Time since last: 2849249426 ns, Reaching safepoint: 9995 ns, Cleanup: 316832 ns, At safepoint: 61916 ns, Total: 388743 ns
[2025-01-17T12:06:19.237+0000][78][info ][safepoint   ] Safepoint "Cleanup", Time since last: 1170381244 ns, Reaching safepoint: 53816 ns, Cleanup: 720910 ns, At safepoint: 21220 ns, Total: 795946 ns
[2025-01-17T12:06:20.240+0000][78][info ][safepoint   ] Safepoint "Cleanup", Time since last: 1001256341 ns, Reaching safepoint: 108063 ns, Cleanup: 809669 ns, At safepoint: 68948 ns, Total: 986680 ns
[2025-01-17T12:06:21.242+0000][78][info ][safepoint   ] Safepoint "Cleanup", Time since last: 1001663314 ns, Reaching safepoint: 24132 ns, Cleanup: 228365 ns, At safepoint: 8194 ns, Total: 260691 ns
[2025-01-17T12:06:22.243+0000][78][info ][safepoint   ] Safepoint "Cleanup", Time since last: 1000564004 ns, Reaching safepoint: 24550 ns, Cleanup: 279821 ns, At safepoint: 12345 ns, Total: 316716 ns
[2025-01-17T12:06:23.245+0000][78][info ][safepoint   ] Safepoint "Cleanup", Time since last: 1001210103 ns, Reaching safepoint: 48299 ns, Cleanup: 918123 ns, At safepoint: 26168 ns, Total: 992590 ns
[2025-01-17T12:06:24.246+0000][78][info ][safepoint   ] Safepoint "Cleanup", Time since last: 1000134923 ns, Reaching safepoint: 12469 ns, Cleanup: 374233 ns, At safepoint: 32388 ns, Total: 419090 ns
[2025-01-17T12:06:25.259+0000][78][info ][safepoint   ] Safepoint "Cleanup", Time since last: 1013054752 ns, Reaching safepoint: 9937 ns, Cleanup: 251157 ns, At safepoint: 22514 ns, Total: 283608 ns
[2025-01-17T12:06:26.263+0000][78][info ][safepoint   ] Safepoint "Cleanup", Time since last: 1003030629 ns, Reaching safepoint: 59950 ns, Cleanup: 825760 ns, At safepoint: 96603 ns, Total: 982313 ns
[2025-01-17T12:06:27.265+0000][78][info ][safepoint   ] Safepoint "Cleanup", Time since last: 1001339998 ns, Reaching safepoint: 36367 ns, Cleanup: 613469 ns, At safepoint: 18829 ns, Total: 668665 ns
[2025-01-17T12:06:28.267+0000][78][info ][safepoint   ] Safepoint "Cleanup", Time since last: 1001148607 ns, Reaching safepoint: 42416 ns, Cleanup: 545024 ns, At safepoint: 16187 ns, Total: 603627 ns
[2025-01-17T12:06:29.273+0000][78][info ][safepoint   ] Safepoint "Cleanup", Time since last: 1005640782 ns, Reaching safepoint: 24428 ns, Cleanup: 260611 ns, At safepoint: 36711 ns, Total: 321750 ns
[2025-01-17T12:06:31.272+0000][78][info ][safepoint   ] Safepoint "Cleanup", Time since last: 1998766281 ns, Reaching safepoint: 38621 ns, Cleanup: 509930 ns, At safepoint: 15870 ns, Total: 564421 ns
[2025-01-17T12:06:32.274+0000][78][info ][safepoint   ] Safepoint "Cleanup", Time since last: 1001299252 ns, Reaching safepoint: 36321 ns, Cleanup: 466080 ns, At safepoint: 17891 ns, Total: 520292 ns
[2025-01-17T12:06:33.275+0000][78][info ][safepoint   ] Safepoint "Cleanup", Time since last: 1000884494 ns, Reaching safepoint: 43755 ns, Cleanup: 596155 ns, At safepoint: 21474 ns, Total: 661384 ns
[2025-01-17T12:06:36.042+0000][78][info ][safepoint   ] Safepoint "Cleanup", Time since last: 2766163116 ns, Reaching safepoint: 8438 ns, Cleanup: 256773 ns, At safepoint: 21277 ns, Total: 286488 ns
[2025-01-17T12:06:37.293+0000][78][info ][safepoint   ] Safepoint "Cleanup", Time since last: 1250935744 ns, Reaching safepoint: 26012 ns, Cleanup: 304777 ns, At safepoint: 14942 ns, Total: 345731 ns
[2025-01-17T12:06:39.295+0000][78][info ][safepoint   ] Safepoint "Cleanup", Time since last: 2001128047 ns, Reaching safepoint: 26131 ns, Cleanup: 263997 ns, At safepoint: 8472 ns, Total: 298600 ns
[2025-01-17T12:06:40.295+0000][78][info ][safepoint   ] Safepoint "Cleanup", Time since last: 1000446811 ns, Reaching safepoint: 26661 ns, Cleanup: 358461 ns, At safepoint: 17097 ns, Total: 402219 ns
[2025-01-17T12:06:42.041+0000][78][info ][safepoint   ] Safepoint "Cleanup", Time since last: 1745675450 ns, Reaching safepoint: 9228 ns, Cleanup: 274023 ns, At safepoint: 20679 ns, Total: 303930 ns
[2025-01-17T12:06:43.307+0000][78][info ][safepoint   ] Safepoint "Cleanup", Time since last: 1264965605 ns, Reaching safepoint: 27862 ns, Cleanup: 291115 ns, At safepoint: 11872 ns, Total: 330849 ns
[2025-01-17T12:06:45.342+0000][78][info ][safepoint   ] Safepoint "Cleanup", Time since last: 2035321284 ns, Reaching safepoint: 26473 ns, Cleanup: 264026 ns, At safepoint: 10570 ns, Total: 301069 ns
[2025-01-17T12:06:47.344+0000][78][info ][safepoint   ] Safepoint "Cleanup", Time since last: 2001026632 ns, Reaching safepoint: 28119 ns, Cleanup: 300587 ns, At safepoint: 38483 ns, Total: 367189 ns
[2025-01-17T12:06:49.319+0000][78][info ][safepoint   ] Safepoint "Cleanup", Time since last: 1975376568 ns, Reaching safepoint: 24796 ns, Cleanup: 264386 ns, At safepoint: 12070 ns, Total: 301252 ns
[2025-01-17T12:06:50.321+0000][78][info ][safepoint   ] Safepoint "Cleanup", Time since last: 1000706604 ns, Reaching safepoint: 25324 ns, Cleanup: 442873 ns, At safepoint: 41236 ns, Total: 509433 ns
[2025-01-17T12:06:51.321+0000][78][info ][safepoint   ] Safepoint "Cleanup", Time since last: 1000509821 ns, Reaching safepoint: 27676 ns, Cleanup: 270197 ns, At safepoint: 10298 ns, Total: 308171 ns
[2025-01-17T12:06:54.039+0000][78][info ][safepoint   ] Safepoint "Cleanup", Time since last: 2718973556 ns, Reaching safepoint: 10218 ns, Cleanup: 317189 ns, At safepoint: 23899 ns, Total: 351306 ns
[2025-01-17T12:06:55.348+0000][78][info ][safepoint   ] Safepoint "Cleanup", Time since last: 1308732053 ns, Reaching safepoint: 8971 ns, Cleanup: 277611 ns, At safepoint: 22433 ns, Total: 309015 ns
[2025-01-17T12:06:57.353+0000][78][info ][safepoint   ] Safepoint "Cleanup", Time since last: 2004858306 ns, Reaching safepoint: 27556 ns, Cleanup: 263549 ns, At safepoint: 9173 ns, Total: 300278 ns
[2025-01-17T12:06:59.355+0000][78][info ][safepoint   ] Safepoint "Cleanup", Time since last: 2001199041 ns, Reaching safepoint: 47671 ns, Cleanup: 662509 ns, At safepoint: 37061 ns, Total: 747241 ns
[2025-01-17T12:07:00.358+0000][78][info ][safepoint   ] Safepoint "Cleanup", Time since last: 1002221990 ns, Reaching safepoint: 9585 ns, Cleanup: 295497 ns, At safepoint: 51949 ns, Total: 357031 ns
[2025-01-17T12:07:02.366+0000][78][info ][safepoint   ] Safepoint "Cleanup", Time since last: 2007579867 ns, Reaching safepoint: 85668 ns, Cleanup: 269805 ns, At safepoint: 12247 ns, Total: 367720 ns
[2025-01-17T12:07:03.368+0000][78][info ][safepoint   ] Safepoint "Cleanup", Time since last: 1001111642 ns, Reaching safepoint: 56419 ns, Cleanup: 1031782 ns, At safepoint: 78495 ns, Total: 1166696 ns
[2025-01-17T12:07:06.040+0000][78][info ][safepoint   ] Safepoint "Cleanup", Time since last: 2672351181 ns, Reaching safepoint: 8805 ns, Cleanup: 242762 ns, At safepoint: 20732 ns, Total: 272299 ns
[2025-01-17T12:07:07.388+0000][78][info ][safepoint   ] Safepoint "Cleanup", Time since last: 1347346009 ns, Reaching safepoint: 36296 ns, Cleanup: 456118 ns, At safepoint: 17733 ns, Total: 510147 ns
[2025-01-17T12:07:09.390+0000][78][info ][safepoint   ] Safepoint "Cleanup", Time since last: 2001271140 ns, Reaching safepoint: 49362 ns, Cleanup: 223682 ns, At safepoint: 8047 ns, Total: 281091 ns
[2025-01-17T12:07:12.048+0000][78][info ][safepoint   ] Safepoint "Cleanup", Time since last: 2658116119 ns, Reaching safepoint: 10272 ns, Cleanup: 254314 ns, At safepoint: 22276 ns, Total: 286862 ns
[2025-01-17T12:07:13.412+0000][78][info ][safepoint   ] Safepoint "Cleanup", Time since last: 1363059925 ns, Reaching safepoint: 35169 ns, Cleanup: 428983 ns, At safepoint: 14481 ns, Total: 478633 ns
[2025-01-17T12:07:15.413+0000][78][info ][safepoint   ] Safepoint "Cleanup", Time since last: 2000863890 ns, Reaching safepoint: 52653 ns, Cleanup: 755377 ns, At safepoint: 27867 ns, Total: 835897 ns
[2025-01-17T12:07:18.049+0000][78][info ][safepoint   ] Safepoint "Cleanup", Time since last: 2635173505 ns, Reaching safepoint: 106941 ns, Cleanup: 220713 ns, At safepoint: 47008 ns, Total: 374662 ns
[2025-01-17T12:07:19.432+0000][78][info ][safepoint   ] Safepoint "Cleanup", Time since last: 1382366097 ns, Reaching safepoint: 44294 ns, Cleanup: 540604 ns, At safepoint: 22608 ns, Total: 607506 ns
[2025-01-17T12:07:21.434+0000][78][info ][safepoint   ] Safepoint "Cleanup", Time since last: 2001436683 ns, Reaching safepoint: 45545 ns, Cleanup: 454042 ns, At safepoint: 25576 ns, Total: 525163 ns
[2025-01-17T12:07:24.056+0000][78][info ][safepoint   ] Safepoint "Cleanup", Time since last: 2622894457 ns, Reaching safepoint: 35229 ns, Cleanup: 442434 ns, At safepoint: 49953 ns, Total: 527616 ns
[2025-01-17T12:07:25.464+0000][78][info ][safepoint   ] Safepoint "Cleanup", Time since last: 1407071112 ns, Reaching safepoint: 49708 ns, Cleanup: 778290 ns, At safepoint: 26564 ns, Total: 854562 ns
[2025-01-17T12:07:27.467+0000][78][info ][safepoint   ] Safepoint "Cleanup", Time since last: 2002077897 ns, Reaching safepoint: 58795 ns, Cleanup: 889827 ns, At safepoint: 24720 ns, Total: 973342 ns
[2025-01-17T12:07:30.040+0000][78][info ][safepoint   ] Safepoint "Cleanup", Time since last: 2572691438 ns, Reaching safepoint: 9358 ns, Cleanup: 254924 ns, At safepoint: 19990 ns, Total: 284272 ns
[2025-01-17T12:07:31.476+0000][78][info ][safepoint   ] Safepoint "Cleanup", Time since last: 1435676344 ns, Reaching safepoint: 27113 ns, Cleanup: 250654 ns, At safepoint: 11718 ns, Total: 289485 ns
[2025-01-17T12:07:32.482+0000][78][info ][safepoint   ] Safepoint "Cleanup", Time since last: 1005935163 ns, Reaching safepoint: 37655 ns, Cleanup: 542686 ns, At safepoint: 17067 ns, Total: 597408 ns
[2025-01-17T12:07:33.485+0000][78][info ][safepoint   ] Safepoint "Cleanup", Time since last: 1002607929 ns, Reaching safepoint: 32377 ns, Cleanup: 485014 ns, At safepoint: 64071 ns, Total: 581462 ns
[2025-01-17T12:07:34.487+0000][78][info ][safepoint   ] Safepoint "Cleanup", Time since last: 1001126365 ns, Reaching safepoint: 49469 ns, Cleanup: 835497 ns, At safepoint: 147818 ns, Total: 1032784 ns
[2025-01-17T12:07:36.037+0000][78][info ][safepoint   ] Safepoint "Cleanup", Time since last: 1549546258 ns, Reaching safepoint: 9163 ns, Cleanup: 232328 ns, At safepoint: 20320 ns, Total: 261811 ns
[2025-01-17T12:07:37.495+0000][78][info ][safepoint   ] Safepoint "Cleanup", Time since last: 1457277627 ns, Reaching safepoint: 59379 ns, Cleanup: 912379 ns, At safepoint: 28219 ns, Total: 999977 ns
[2025-01-17T12:07:38.498+0000][78][info ][safepoint   ] Safepoint "Cleanup", Time since last: 1001538400 ns, Reaching safepoint: 42854 ns, Cleanup: 627240 ns, At safepoint: 21221 ns, Total: 691315 ns
[2025-01-17T12:07:39.499+0000][78][info ][safepoint   ] Safepoint "Cleanup", Time since last: 1000936168 ns, Reaching safepoint: 49689 ns, Cleanup: 259385 ns, At safepoint: 11869 ns, Total: 320943 ns
[2025-01-17T12:07:42.052+0000][78][info ][safepoint   ] Safepoint "Cleanup", Time since last: 2552646256 ns, Reaching safepoint: 9652 ns, Cleanup: 266980 ns, At safepoint: 22259 ns, Total: 298891 ns
[2025-01-17T12:07:43.517+0000][78][info ][safepoint   ] Safepoint "Cleanup", Time since last: 1464594450 ns, Reaching safepoint: 50724 ns, Cleanup: 750440 ns, At safepoint: 24120 ns, Total: 825284 ns
[2025-01-17T12:07:45.519+0000][78][info ][safepoint   ] Safepoint "Cleanup", Time since last: 2001331172 ns, Reaching safepoint: 39669 ns, Cleanup: 503581 ns, At safepoint: 17757 ns, Total: 561007 ns
[2025-01-17T12:07:48.041+0000][78][info ][safepoint   ] Safepoint "Cleanup", Time since last: 2521156897 ns, Reaching safepoint: 9313 ns, Cleanup: 224102 ns, At safepoint: 18856 ns, Total: 252271 ns
[2025-01-17T12:07:49.540+0000][78][info ][safepoint   ] Safepoint "Cleanup", Time since last: 1498972854 ns, Reaching safepoint: 29371 ns, Cleanup: 260880 ns, At safepoint: 12929 ns, Total: 303180 ns
[2025-01-17T12:07:51.541+0000][78][info ][safepoint   ] Safepoint "Cleanup", Time since last: 2000737451 ns, Reaching safepoint: 36320 ns, Cleanup: 455222 ns, At safepoint: 78045 ns, Total: 569587 ns
[2025-01-17T12:07:53.344+0000][78][info ][safepoint   ] Safepoint "Cleanup", Time since last: 1805326384 ns, Reaching safepoint: 29147 ns, Cleanup: 308784 ns, At safepoint: 13616 ns, Total: 351547 ns
[2025-01-17T12:07:54.548+0000][78][info ][safepoint   ] Safepoint "Cleanup", Time since last: 1203544503 ns, Reaching safepoint: 24893 ns, Cleanup: 416819 ns, At safepoint: 59783 ns, Total: 501495 ns
[2025-01-17T12:07:56.576+0000][78][info ][safepoint   ] Safepoint "Cleanup", Time since last: 2026617290 ns, Reaching safepoint: 51528 ns, Cleanup: 847082 ns, At safepoint: 59021 ns, Total: 957631 ns
[2025-01-17T12:07:57.577+0000][78][info ][safepoint   ] Safepoint "Cleanup", Time since last: 1000944558 ns, Reaching safepoint: 26545 ns, Cleanup: 283407 ns, At safepoint: 11122 ns, Total: 321074 ns
[2025-01-17T12:08:00.049+0000][78][info ][safepoint   ] Safepoint "Cleanup", Time since last: 2471851994 ns, Reaching safepoint: 10491 ns, Cleanup: 339012 ns, At safepoint: 46388 ns, Total: 395891 ns
[2025-01-17T12:08:01.595+0000][78][info ][safepoint   ] Safepoint "Cleanup", Time since last: 1545514060 ns, Reaching safepoint: 25527 ns, Cleanup: 259256 ns, At safepoint: 10005 ns, Total: 294788 ns
[2025-01-17T12:08:04.597+0000][78][info ][safepoint   ] Safepoint "Cleanup", Time since last: 3001208110 ns, Reaching safepoint: 54617 ns, Cleanup: 757079 ns, At safepoint: 22861 ns, Total: 834557 ns
[2025-01-17T12:08:06.036+0000][78][info ][safepoint   ] Safepoint "Cleanup", Time since last: 1438788788 ns, Reaching safepoint: 13312 ns, Cleanup: 276540 ns, At safepoint: 30468 ns, Total: 320320 ns
[2025-01-17T12:08:07.610+0000][78][info ][safepoint   ] Safepoint "Cleanup", Time since last: 1572813493 ns, Reaching safepoint: 55751 ns, Cleanup: 891994 ns, At safepoint: 25661 ns, Total: 973406 ns
[2025-01-17T12:08:09.612+0000][78][info ][safepoint   ] Safepoint "Cleanup", Time since last: 2001635940 ns, Reaching safepoint: 32993 ns, Cleanup: 597417 ns, At safepoint: 93819 ns, Total: 724229 ns
[2025-01-17T12:08:11.614+0000][78][info ][safepoint   ] Safepoint "Cleanup", Time since last: 2001312390 ns, Reaching safepoint: 82037 ns, Cleanup: 529545 ns, At safepoint: 21281 ns, Total: 632863 ns
[2025-01-17T12:08:12.617+0000][78][info ][safepoint   ] Safepoint "Cleanup", Time since last: 1002342515 ns, Reaching safepoint: 9713 ns, Cleanup: 261641 ns, At safepoint: 35008 ns, Total: 306362 ns
[2025-01-17T12:08:13.626+0000][78][info ][safepoint   ] Safepoint "Cleanup", Time since last: 1009055798 ns, Reaching safepoint: 40497 ns, Cleanup: 535996 ns, At safepoint: 19649 ns, Total: 596142 ns
[2025-01-17T12:08:14.628+0000][78][info ][safepoint   ] Safepoint "Cleanup", Time since last: 1000841421 ns, Reaching safepoint: 45803 ns, Cleanup: 598095 ns, At safepoint: 21005 ns, Total: 664903 ns
[2025-01-17T12:08:15.640+0000][78][info ][safepoint   ] Safepoint "Cleanup", Time since last: 1011086240 ns, Reaching safepoint: 38710 ns, Cleanup: 481463 ns, At safepoint: 18234 ns, Total: 538407 ns
[2025-01-17T12:08:16.646+0000][78][info ][safepoint   ] Safepoint "Cleanup", Time since last: 1006463505 ns, Reaching safepoint: 25111 ns, Cleanup: 232327 ns, At safepoint: 8201 ns, Total: 265639 ns
[2025-01-17T12:08:18.048+0000][78][info ][safepoint   ] Safepoint "Cleanup", Time since last: 1401820704 ns, Reaching safepoint: 9032 ns, Cleanup: 243468 ns, At safepoint: 20546 ns, Total: 273046 ns
[2025-01-17T12:08:19.675+0000][78][info ][safepoint   ] Safepoint "Cleanup", Time since last: 1625909886 ns, Reaching safepoint: 10090 ns, Cleanup: 260842 ns, At safepoint: 20573 ns, Total: 291505 ns
[2025-01-17T12:08:21.682+0000][78][info ][safepoint   ] Safepoint "Cleanup", Time since last: 2007382910 ns, Reaching safepoint: 28609 ns, Cleanup: 273597 ns, At safepoint: 9501 ns, Total: 311707 ns
[2025-01-17T12:08:23.682+0000][78][info ][safepoint   ] Safepoint "Cleanup", Time since last: 2000818164 ns, Reaching safepoint: 32097 ns, Cleanup: 338663 ns, At safepoint: 38254 ns, Total: 409014 ns
[2025-01-17T12:08:24.685+0000][78][info ][safepoint   ] Safepoint "Cleanup", Time since last: 1002774723 ns, Reaching safepoint: 9275 ns, Cleanup: 279406 ns, At safepoint: 22890 ns, Total: 311571 ns
[2025-01-17T12:08:25.690+0000][78][info ][safepoint   ] Safepoint "Cleanup", Time since last: 1003896902 ns, Reaching safepoint: 50915 ns, Cleanup: 261340 ns, At safepoint: 21679 ns, Total: 333934 ns
[2025-01-17T12:08:26.692+0000][78][info ][safepoint   ] Safepoint "Cleanup", Time since last: 1001890504 ns, Reaching safepoint: 26674 ns, Cleanup: 285291 ns, At safepoint: 21642 ns, Total: 333607 ns
[2025-01-17T12:08:27.693+0000][78][info ][safepoint   ] Safepoint "Cleanup", Time since last: 1000715693 ns, Reaching safepoint: 24429 ns, Cleanup: 296240 ns, At safepoint: 9308 ns, Total: 329977 ns
[2025-01-17T12:08:29.695+0000][78][info ][safepoint   ] Safepoint "Cleanup", Time since last: 2001674413 ns, Reaching safepoint: 29559 ns, Cleanup: 253591 ns, At safepoint: 25945 ns, Total: 309095 ns
[2025-01-17T12:08:30.697+0000][78][info ][safepoint   ] Safepoint "Cleanup", Time since last: 1001467976 ns, Reaching safepoint: 9871 ns, Cleanup: 279577 ns, At safepoint: 21080 ns, Total: 310528 ns
[2025-01-17T12:08:32.701+0000][78][info ][safepoint   ] Safepoint "Cleanup", Time since last: 2003964441 ns, Reaching safepoint: 27367 ns, Cleanup: 277548 ns, At safepoint: 9345 ns, Total: 314260 ns
[2025-01-17T12:08:33.702+0000][78][info ][safepoint   ] Safepoint "Cleanup", Time since last: 1000710422 ns, Reaching safepoint: 23847 ns, Cleanup: 243527 ns, At safepoint: 7622 ns, Total: 274996 ns
[2025-01-17T12:08:34.705+0000][78][info ][safepoint   ] Safepoint "Cleanup", Time since last: 1002652971 ns, Reaching safepoint: 33906 ns, Cleanup: 457475 ns, At safepoint: 11901 ns, Total: 503282 ns
[2025-01-17T12:08:36.046+0000][78][info ][safepoint   ] Safepoint "Cleanup", Time since last: 1340083539 ns, Reaching safepoint: 19494 ns, Cleanup: 563822 ns, At safepoint: 105768 ns, Total: 689084 ns
[2025-01-17T12:08:37.720+0000][78][info ][safepoint   ] Safepoint "Cleanup", Time since last: 1674405872 ns, Reaching safepoint: 28112 ns, Cleanup: 285561 ns, At safepoint: 11720 ns, Total: 325393 ns
[2025-01-17T12:08:40.724+0000][78][info ][safepoint   ] Safepoint "Cleanup", Time since last: 3002533115 ns, Reaching safepoint: 70078 ns, Cleanup: 639040 ns, At safepoint: 54118 ns, Total: 763236 ns
[2025-01-17T12:08:42.049+0000][78][info ][safepoint   ] Safepoint "Cleanup", Time since last: 1324987106 ns, Reaching safepoint: 20253 ns, Cleanup: 570092 ns, At safepoint: 51236 ns, Total: 641581 ns
[2025-01-17T12:08:43.746+0000][78][info ][safepoint   ] Safepoint "Cleanup", Time since last: 1695817530 ns, Reaching safepoint: 108357 ns, Cleanup: 575622 ns, At safepoint: 42763 ns, Total: 726742 ns
[2025-01-17T12:08:44.748+0000][78][info ][safepoint   ] Safepoint "Cleanup", Time since last: 1001362968 ns, Reaching safepoint: 42680 ns, Cleanup: 714178 ns, At safepoint: 27261 ns, Total: 784119 ns
[2025-01-17T12:08:45.776+0000][78][info ][safepoint   ] Safepoint "Cleanup", Time since last: 1027600669 ns, Reaching safepoint: 32924 ns, Cleanup: 575034 ns, At safepoint: 73710 ns, Total: 681668 ns
[2025-01-17T12:08:47.781+0000][78][info ][safepoint   ] Safepoint "Cleanup", Time since last: 2004064756 ns, Reaching safepoint: 29130 ns, Cleanup: 259596 ns, At safepoint: 11218 ns, Total: 299944 ns
[2025-01-17T12:08:49.765+0000][78][info ][safepoint   ] Safepoint "Cleanup", Time since last: 1984006199 ns, Reaching safepoint: 88170 ns, Cleanup: 307359 ns, At safepoint: 27147 ns, Total: 422676 ns
[2025-01-17T12:08:51.767+0000][78][info ][safepoint   ] Safepoint "Cleanup", Time since last: 2001221462 ns, Reaching safepoint: 48757 ns, Cleanup: 675147 ns, At safepoint: 26733 ns, Total: 750637 ns
[2025-01-17T12:08:53.394+0000][78][info ][safepoint   ] Safepoint "Cleanup", Time since last: 1629065386 ns, Reaching safepoint: 41867 ns, Cleanup: 557006 ns, At safepoint: 21423 ns, Total: 620296 ns
[2025-01-17T12:08:54.774+0000][78][info ][safepoint   ] Safepoint "Cleanup", Time since last: 1378470764 ns, Reaching safepoint: 20884 ns, Cleanup: 876342 ns, At safepoint: 152310 ns, Total: 1049536 ns
[2025-01-17T12:08:55.797+0000][78][info ][safepoint   ] Safepoint "Cleanup", Time since last: 1023301335 ns, Reaching safepoint: 11762 ns, Cleanup: 266423 ns, At safepoint: 20060 ns, Total: 298245 ns
[2025-01-17T12:08:57.840+0000][78][info ][safepoint   ] Safepoint "Cleanup", Time since last: 2041796266 ns, Reaching safepoint: 88304 ns, Cleanup: 664409 ns, At safepoint: 56489 ns, Total: 809202 ns
[2025-01-17T12:09:00.050+0000][78][info ][safepoint   ] Safepoint "Cleanup", Time since last: 2209323961 ns, Reaching safepoint: 9692 ns, Cleanup: 249392 ns, At safepoint: 32543 ns, Total: 291627 ns
[2025-01-17T12:09:01.853+0000][78][info ][safepoint   ] Safepoint "Cleanup", Time since last: 1802533193 ns, Reaching safepoint: 48204 ns, Cleanup: 697703 ns, At safepoint: 28496 ns, Total: 774403 ns
[2025-01-17T12:09:03.855+0000][78][info ][safepoint   ] Safepoint "Cleanup", Time since last: 2001355509 ns, Reaching safepoint: 41338 ns, Cleanup: 595877 ns, At safepoint: 19595 ns, Total: 656810 ns
[2025-01-17T12:09:06.075+0000][78][info ][safepoint   ] Safepoint "Cleanup", Time since last: 2219287053 ns, Reaching safepoint: 11782 ns, Cleanup: 428166 ns, At safepoint: 30806 ns, Total: 470754 ns
[2025-01-17T12:09:07.868+0000][78][info ][safepoint   ] Safepoint "Cleanup", Time since last: 1792843474 ns, Reaching safepoint: 34201 ns, Cleanup: 355109 ns, At safepoint: 15121 ns, Total: 404431 ns
[2025-01-17T12:09:09.870+0000][78][info ][safepoint   ] Safepoint "Cleanup", Time since last: 2001464949 ns, Reaching safepoint: 29067 ns, Cleanup: 247035 ns, At safepoint: 11079 ns, Total: 287181 ns
[2025-01-17T12:09:11.872+0000][78][info ][safepoint   ] Safepoint "Cleanup", Time since last: 2000915944 ns, Reaching safepoint: 51539 ns, Cleanup: 1039914 ns, At safepoint: 79854 ns, Total: 1171307 ns
[2025-01-17T12:09:13.889+0000][78][info ][safepoint   ] Safepoint "Cleanup", Time since last: 2017443084 ns, Reaching safepoint: 28272 ns, Cleanup: 278394 ns, At safepoint: 10416 ns, Total: 317082 ns
[2025-01-17T12:09:15.891+0000][78][info ][safepoint   ] Safepoint "Cleanup", Time since last: 2001176234 ns, Reaching safepoint: 28718 ns, Cleanup: 361738 ns, At safepoint: 16056 ns, Total: 406512 ns
[2025-01-17T12:09:16.893+0000][78][info ][safepoint   ] Safepoint "Cleanup", Time since last: 1001333291 ns, Reaching safepoint: 41247 ns, Cleanup: 508624 ns, At safepoint: 18168 ns, Total: 568039 ns
[2025-01-17T12:09:18.061+0000][78][info ][safepoint   ] Safepoint "Cleanup", Time since last: 1167625954 ns, Reaching safepoint: 16834 ns, Cleanup: 494572 ns, At safepoint: 37687 ns, Total: 549093 ns
[2025-01-17T12:09:19.906+0000][78][info ][safepoint   ] Safepoint "Cleanup", Time since last: 1844390190 ns, Reaching safepoint: 37926 ns, Cleanup: 465559 ns, At safepoint: 17262 ns, Total: 520747 ns
[2025-01-17T12:09:21.907+0000][78][info ][safepoint   ] Safepoint "Cleanup", Time since last: 2001571328 ns, Reaching safepoint: 44562 ns, Cleanup: 787270 ns, At safepoint: 67459 ns, Total: 899291 ns
[2025-01-17T12:09:24.053+0000][78][info ][safepoint   ] Safepoint "Cleanup", Time since last: 2145467979 ns, Reaching safepoint: 12930 ns, Cleanup: 477128 ns, At safepoint: 77171 ns, Total: 567229 ns
[2025-01-17T12:09:25.931+0000][78][info ][safepoint   ] Safepoint "Cleanup", Time since last: 1877126769 ns, Reaching safepoint: 47295 ns, Cleanup: 590898 ns, At safepoint: 23920 ns, Total: 662113 ns
[2025-01-17T12:09:26.934+0000][78][info ][safepoint   ] Safepoint "Cleanup", Time since last: 1002378987 ns, Reaching safepoint: 56404 ns, Cleanup: 432426 ns, At safepoint: 66577 ns, Total: 555407 ns
[2025-01-17T12:09:27.935+0000][78][info ][safepoint   ] Safepoint "Cleanup", Time since last: 1001251564 ns, Reaching safepoint: 21294 ns, Cleanup: 231583 ns, At safepoint: 19542 ns, Total: 272419 ns
[2025-01-17T12:09:30.049+0000][78][info ][safepoint   ] Safepoint "Cleanup", Time since last: 2113462591 ns, Reaching safepoint: 15631 ns, Cleanup: 472356 ns, At safepoint: 62613 ns, Total: 550600 ns
[2025-01-17T12:09:31.948+0000][78][info ][safepoint   ] Safepoint "Cleanup", Time since last: 1897812390 ns, Reaching safepoint: 46097 ns, Cleanup: 686082 ns, At safepoint: 23826 ns, Total: 756005 ns
[2025-01-17T12:09:32.956+0000][78][info ][safepoint   ] Safepoint "Cleanup", Time since last: 1007610839 ns, Reaching safepoint: 36560 ns, Cleanup: 453903 ns, At safepoint: 12418 ns, Total: 502881 ns
[2025-01-17T12:09:33.962+0000][78][info ][safepoint   ] Safepoint "Cleanup", Time since last: 1005837568 ns, Reaching safepoint: 28940 ns, Cleanup: 352869 ns, At safepoint: 12771 ns, Total: 394580 ns
[2025-01-17T12:09:36.047+0000][78][info ][safepoint   ] Safepoint "Cleanup", Time since last: 2083848601 ns, Reaching safepoint: 15854 ns, Cleanup: 446792 ns, At safepoint: 41326 ns, Total: 503972 ns
[2025-01-17T12:09:37.968+0000][78][info ][safepoint   ] Safepoint "Cleanup", Time since last: 1921114899 ns, Reaching safepoint: 41857 ns, Cleanup: 561075 ns, At safepoint: 20322 ns, Total: 623254 ns
[2025-01-17T12:09:39.970+0000][78][info ][safepoint   ] Safepoint "Cleanup", Time since last: 2001193199 ns, Reaching safepoint: 36331 ns, Cleanup: 368655 ns, At safepoint: 14113 ns, Total: 419099 ns
[2025-01-17T12:09:41.977+0000][78][info ][safepoint   ] Safepoint "Cleanup", Time since last: 2006638971 ns, Reaching safepoint: 37936 ns, Cleanup: 490889 ns, At safepoint: 18500 ns, Total: 547325 ns
[2025-01-17T12:09:42.978+0000][78][info ][safepoint   ] Safepoint "Cleanup", Time since last: 1000752333 ns, Reaching safepoint: 24693 ns, Cleanup: 238860 ns, At safepoint: 19365 ns, Total: 282918 ns
[2025-01-17T12:09:43.986+0000][78][info ][safepoint   ] Safepoint "Cleanup", Time since last: 1007196918 ns, Reaching safepoint: 25577 ns, Cleanup: 296075 ns, At safepoint: 11481 ns, Total: 333133 ns
[2025-01-17T12:09:44.987+0000][78][info ][safepoint   ] Safepoint "Cleanup", Time since last: 1000634425 ns, Reaching safepoint: 26667 ns, Cleanup: 267169 ns, At safepoint: 47821 ns, Total: 341657 ns
[2025-01-17T12:09:45.988+0000][78][info ][safepoint   ] Safepoint "Cleanup", Time since last: 1000647070 ns, Reaching safepoint: 35117 ns, Cleanup: 451366 ns, At safepoint: 13799 ns, Total: 500282 ns
[2025-01-17T12:09:48.053+0000][78][info ][safepoint   ] Safepoint "Cleanup", Time since last: 2063979924 ns, Reaching safepoint: 17769 ns, Cleanup: 811555 ns, At safepoint: 123530 ns, Total: 952854 ns
[2025-01-17T12:09:50.007+0000][78][info ][safepoint   ] Safepoint "Cleanup", Time since last: 1953947306 ns, Reaching safepoint: 38613 ns, Cleanup: 491121 ns, At safepoint: 100679 ns, Total: 630413 ns
[2025-01-17T12:09:52.008+0000][78][info ][safepoint   ] Safepoint "Cleanup", Time since last: 2001951278 ns, Reaching safepoint: 34273 ns, Cleanup: 472774 ns, At safepoint: 17981 ns, Total: 525028 ns
[2025-01-17T12:09:53.443+0000][78][info ][safepoint   ] Safepoint "Cleanup", Time since last: 1434574726 ns, Reaching safepoint: 34408 ns, Cleanup: 422710 ns, At safepoint: 14939 ns, Total: 472057 ns
[2025-01-17T12:09:55.022+0000][78][info ][safepoint   ] Safepoint "Cleanup", Time since last: 1578961277 ns, Reaching safepoint: 13620 ns, Cleanup: 527989 ns, At safepoint: 43992 ns, Total: 585601 ns
[2025-01-17T12:09:56.045+0000][78][info ][safepoint   ] Safepoint "Cleanup", Time since last: 1021688613 ns, Reaching safepoint: 126029 ns, Cleanup: 528317 ns, At safepoint: 45886 ns, Total: 700232 ns
[2025-01-17T12:09:57.061+0000][78][info ][safepoint   ] Safepoint "Cleanup", Time since last: 1015424038 ns, Reaching safepoint: 25721 ns, Cleanup: 350876 ns, At safepoint: 67507 ns, Total: 444104 ns
[2025-01-17T12:10:00.054+0000][78][info ][safepoint   ] Safepoint "Cleanup", Time since last: 2992572879 ns, Reaching safepoint: 44291 ns, Cleanup: 545689 ns, At safepoint: 20459 ns, Total: 610439 ns
[2025-01-17T12:10:01.068+0000][78][info ][safepoint   ] Safepoint "Cleanup", Time since last: 1013971609 ns, Reaching safepoint: 45734 ns, Cleanup: 684124 ns, At safepoint: 77256 ns, Total: 807114 ns
[2025-01-17T12:10:02.086+0000][78][info ][safepoint   ] Safepoint "Cleanup", Time since last: 1016661776 ns, Reaching safepoint: 60606 ns, Cleanup: 841831 ns, At safepoint: 63426 ns, Total: 965863 ns
[2025-01-17T12:10:03.088+0000][78][info ][safepoint   ] Safepoint "Cleanup", Time since last: 1001275114 ns, Reaching safepoint: 31926 ns, Cleanup: 254934 ns, At safepoint: 8050 ns, Total: 294910 ns
[2025-01-17T12:10:05.090+0000][78][info ][safepoint   ] Safepoint "Cleanup", Time since last: 2001072673 ns, Reaching safepoint: 57904 ns, Cleanup: 877028 ns, At safepoint: 22614 ns, Total: 957546 ns
[2025-01-17T12:10:07.078+0000][78][info ][safepoint   ] Safepoint "Cleanup", Time since last: 1987390599 ns, Reaching safepoint: 35302 ns, Cleanup: 416994 ns, At safepoint: 16014 ns, Total: 468310 ns
[2025-01-17T12:10:08.107+0000][78][info ][safepoint   ] Safepoint "Cleanup", Time since last: 1028976984 ns, Reaching safepoint: 44290 ns, Cleanup: 547354 ns, At safepoint: 16212 ns, Total: 607856 ns
[2025-01-17T12:10:12.051+0000][78][info ][safepoint   ] Safepoint "Cleanup", Time since last: 3943944445 ns, Reaching safepoint: 9191 ns, Cleanup: 241599 ns, At safepoint: 19785 ns, Total: 270575 ns
[2025-01-17T12:10:13.063+0000][78][info ][safepoint   ] Safepoint "Cleanup", Time since last: 1011281065 ns, Reaching safepoint: 95136 ns, Cleanup: 633645 ns, At safepoint: 24052 ns, Total: 752833 ns
[2025-01-17T12:10:14.137+0000][78][info ][safepoint   ] Safepoint "Cleanup", Time since last: 1072591492 ns, Reaching safepoint: 39847 ns, Cleanup: 491994 ns, At safepoint: 19119 ns, Total: 550960 ns
[2025-01-17T12:10:18.059+0000][78][info ][safepoint   ] Safepoint "Cleanup", Time since last: 3922446878 ns, Reaching safepoint: 9828 ns, Cleanup: 245105 ns, At safepoint: 19568 ns, Total: 274501 ns
[2025-01-17T12:10:19.158+0000][78][info ][safepoint   ] Safepoint "Cleanup", Time since last: 1097901488 ns, Reaching safepoint: 40012 ns, Cleanup: 512964 ns, At safepoint: 15183 ns, Total: 568159 ns
[2025-01-17T12:10:20.186+0000][78][info ][safepoint   ] Safepoint "Cleanup", Time since last: 1027835455 ns, Reaching safepoint: 17515 ns, Cleanup: 499885 ns, At safepoint: 40124 ns, Total: 557524 ns
[2025-01-17T12:10:21.199+0000][78][info ][safepoint   ] Safepoint "Cleanup", Time since last: 1011867889 ns, Reaching safepoint: 37894 ns, Cleanup: 494742 ns, At safepoint: 14913 ns, Total: 547549 ns
[2025-01-17T12:10:22.199+0000][78][info ][safepoint   ] Safepoint "Cleanup", Time since last: 1003233578 ns, Reaching safepoint: 37635 ns, Cleanup: 518232 ns, At safepoint: 14516 ns, Total: 570383 ns
[2025-01-17T12:10:24.065+0000][78][info ][safepoint   ] Safepoint "Cleanup", Time since last: 1865125804 ns, Reaching safepoint: 17714 ns, Cleanup: 513574 ns, At safepoint: 65647 ns, Total: 596935 ns
[2025-01-17T12:10:25.014+0000][78][info ][safepoint   ] Safepoint "ICBufferFull", Time since last: 949263051 ns, Reaching safepoint: 22731 ns, Cleanup: 330319 ns, At safepoint: 88850 ns, Total: 441900 ns
[2025-01-17T12:10:25.083+0000][78][info ][safepoint   ] Safepoint "ICBufferFull", Time since last: 68334078 ns, Reaching safepoint: 18337 ns, Cleanup: 344590 ns, At safepoint: 54575 ns, Total: 417502 ns
[2025-01-17T12:10:26.312+0000][78][info ][safepoint   ] Safepoint "Cleanup", Time since last: 1228255586 ns, Reaching safepoint: 43452 ns, Cleanup: 494655 ns, At safepoint: 98386 ns, Total: 636493 ns
[2025-01-17T12:10:27.329+0000][78][info ][safepoint   ] Safepoint "Cleanup", Time since last: 1016261906 ns, Reaching safepoint: 35469 ns, Cleanup: 588734 ns, At safepoint: 44617 ns, Total: 668820 ns
[2025-01-17T12:10:29.332+0000][78][info ][safepoint   ] Safepoint "Cleanup", Time since last: 2002564370 ns, Reaching safepoint: 72045 ns, Cleanup: 419797 ns, At safepoint: 14606 ns, Total: 506448 ns
[2025-01-17T12:10:31.243+0000][78][info ][safepoint   ] Safepoint "Cleanup", Time since last: 1909693989 ns, Reaching safepoint: 38936 ns, Cleanup: 690433 ns, At safepoint: 59032 ns, Total: 788401 ns
[2025-01-17T12:10:34.275+0000][78][info ][safepoint   ] Safepoint "Cleanup", Time since last: 3032035563 ns, Reaching safepoint: 34279 ns, Cleanup: 509170 ns, At safepoint: 16684 ns, Total: 560133 ns
[2025-01-17T12:10:35.354+0000][78][info ][safepoint   ] Safepoint "Cleanup", Time since last: 1078220912 ns, Reaching safepoint: 136502 ns, Cleanup: 902128 ns, At safepoint: 63180 ns, Total: 1101810 ns
[2025-01-17T12:10:37.284+0000][78][info ][safepoint   ] Safepoint "Cleanup", Time since last: 1929601158 ns, Reaching safepoint: 30873 ns, Cleanup: 343322 ns, At safepoint: 12044 ns, Total: 386239 ns
[2025-01-17T12:10:38.286+0000][78][info ][safepoint   ] Safepoint "Cleanup", Time since last: 1001172322 ns, Reaching safepoint: 38135 ns, Cleanup: 519963 ns, At safepoint: 22266 ns, Total: 580364 ns
[2025-01-17T12:10:39.288+0000][78][info ][safepoint   ] Safepoint "Cleanup", Time since last: 1001595583 ns, Reaching safepoint: 41931 ns, Cleanup: 571652 ns, At safepoint: 15908 ns, Total: 629491 ns
[2025-01-17T12:10:42.294+0000][78][info ][safepoint   ] Safepoint "Cleanup", Time since last: 3004456784 ns, Reaching safepoint: 153315 ns, Cleanup: 457414 ns, At safepoint: 64433 ns, Total: 675162 ns
[2025-01-17T12:10:45.310+0000][78][info ][safepoint   ] Safepoint "Cleanup", Time since last: 3016309626 ns, Reaching safepoint: 43410 ns, Cleanup: 500845 ns, At safepoint: 17974 ns, Total: 562229 ns
[2025-01-17T12:10:46.328+0000][78][info ][safepoint   ] Safepoint "Cleanup", Time since last: 1016911550 ns, Reaching safepoint: 35700 ns, Cleanup: 456589 ns, At safepoint: 16616 ns, Total: 508905 ns
[2025-01-17T12:10:48.075+0000][78][info ][safepoint   ] Safepoint "Cleanup", Time since last: 1746168658 ns, Reaching safepoint: 18546 ns, Cleanup: 601661 ns, At safepoint: 98553 ns, Total: 718760 ns
[2025-01-17T12:10:49.329+0000][78][info ][safepoint   ] Safepoint "Cleanup", Time since last: 1253642277 ns, Reaching safepoint: 41718 ns, Cleanup: 516960 ns, At safepoint: 16553 ns, Total: 575231 ns
[2025-01-17T12:10:53.488+0000][78][info ][safepoint   ] Safepoint "Cleanup", Time since last: 4160034111 ns, Reaching safepoint: 37003 ns, Cleanup: 527481 ns, At safepoint: 13347 ns, Total: 577831 ns
[2025-01-17T12:10:55.356+0000][78][info ][safepoint   ] Safepoint "Cleanup", Time since last: 1867767597 ns, Reaching safepoint: 40100 ns, Cleanup: 471565 ns, At safepoint: 17657 ns, Total: 529322 ns
[2025-01-17T12:10:57.359+0000][78][info ][safepoint   ] Safepoint "Cleanup", Time since last: 2002073521 ns, Reaching safepoint: 39786 ns, Cleanup: 680482 ns, At safepoint: 44380 ns, Total: 764648 ns
[2025-01-17T12:11:00.061+0000][78][info ][safepoint   ] Safepoint "Cleanup", Time since last: 2701584804 ns, Reaching safepoint: 51090 ns, Cleanup: 563988 ns, At safepoint: 47392 ns, Total: 662470 ns
[2025-01-17T12:11:03.373+0000][78][info ][safepoint   ] Safepoint "Cleanup", Time since last: 3310917415 ns, Reaching safepoint: 37749 ns, Cleanup: 500376 ns, At safepoint: 14492 ns, Total: 552617 ns
[2025-01-17T12:11:06.059+0000][78][info ][safepoint   ] Safepoint "Cleanup", Time since last: 2686031513 ns, Reaching safepoint: 18960 ns, Cleanup: 521878 ns, At safepoint: 43648 ns, Total: 584486 ns
[2025-01-17T12:11:07.388+0000][78][info ][safepoint   ] Safepoint "Cleanup", Time since last: 1327619716 ns, Reaching safepoint: 39653 ns, Cleanup: 665569 ns, At safepoint: 52738 ns, Total: 757960 ns
[2025-01-17T12:11:09.391+0000][78][info ][safepoint   ] Safepoint "Cleanup", Time since last: 2002808200 ns, Reaching safepoint: 36451 ns, Cleanup: 453318 ns, At safepoint: 17114 ns, Total: 506883 ns
[2025-01-17T12:11:12.066+0000][78][info ][safepoint   ] Safepoint "Cleanup", Time since last: 2674791701 ns, Reaching safepoint: 10357 ns, Cleanup: 264226 ns, At safepoint: 30153 ns, Total: 304736 ns
[2025-01-17T12:11:13.410+0000][78][info ][safepoint   ] Safepoint "Cleanup", Time since last: 1343042741 ns, Reaching safepoint: 45813 ns, Cleanup: 514498 ns, At safepoint: 17938 ns, Total: 578249 ns
[2025-01-17T12:11:15.412+0000][78][info ][safepoint   ] Safepoint "Cleanup", Time since last: 2001963871 ns, Reaching safepoint: 84079 ns, Cleanup: 553244 ns, At safepoint: 18656 ns, Total: 655979 ns
[2025-01-17T12:11:18.092+0000][78][info ][safepoint   ] Safepoint "Cleanup", Time since last: 2679560063 ns, Reaching safepoint: 8795 ns, Cleanup: 248124 ns, At safepoint: 34056 ns, Total: 290975 ns
[2025-01-17T12:11:19.455+0000][78][info ][safepoint   ] Safepoint "Cleanup", Time since last: 1362509586 ns, Reaching safepoint: 16877 ns, Cleanup: 511953 ns, At safepoint: 43716 ns, Total: 572546 ns
[2025-01-17T12:11:22.473+0000][78][info ][safepoint   ] Safepoint "Cleanup", Time since last: 3018971388 ns, Reaching safepoint: 50621 ns, Cleanup: 681134 ns, At safepoint: 22940 ns, Total: 754695 ns
[2025-01-17T12:11:24.073+0000][78][info ][safepoint   ] Safepoint "Cleanup", Time since last: 1599271432 ns, Reaching safepoint: 20264 ns, Cleanup: 533607 ns, At safepoint: 45977 ns, Total: 599848 ns
[2025-01-17T12:11:25.502+0000][78][info ][safepoint   ] Safepoint "Cleanup", Time since last: 1427840149 ns, Reaching safepoint: 48366 ns, Cleanup: 600632 ns, At safepoint: 25311 ns, Total: 674309 ns
[2025-01-17T12:11:26.505+0000][78][info ][safepoint   ] Safepoint "Cleanup", Time since last: 1002581762 ns, Reaching safepoint: 30841 ns, Cleanup: 382935 ns, At safepoint: 13288 ns, Total: 427064 ns
[2025-01-17T12:11:27.506+0000][78][info ][safepoint   ] Safepoint "Cleanup", Time since last: 1000940810 ns, Reaching safepoint: 36367 ns, Cleanup: 463909 ns, At safepoint: 15580 ns, Total: 515856 ns
[2025-01-17T12:11:30.080+0000][78][info ][safepoint   ] Safepoint "Cleanup", Time since last: 2573408489 ns, Reaching safepoint: 20784 ns, Cleanup: 525249 ns, At safepoint: 67335 ns, Total: 613368 ns
[2025-01-17T12:11:31.551+0000][78][info ][safepoint   ] Safepoint "Cleanup", Time since last: 1470803394 ns, Reaching safepoint: 20372 ns, Cleanup: 502810 ns, At safepoint: 41602 ns, Total: 564784 ns
[2025-01-17T12:11:33.563+0000][78][info ][safepoint   ] Safepoint "Cleanup", Time since last: 2010667330 ns, Reaching safepoint: 42175 ns, Cleanup: 505944 ns, At safepoint: 14957 ns, Total: 563076 ns
[2025-01-17T12:11:36.055+0000][78][info ][safepoint   ] Safepoint "Cleanup", Time since last: 2492370008 ns, Reaching safepoint: 10364 ns, Cleanup: 322063 ns, At safepoint: 25780 ns, Total: 358207 ns
[2025-01-17T12:11:37.584+0000][78][info ][safepoint   ] Safepoint "Cleanup", Time since last: 1527792980 ns, Reaching safepoint: 38042 ns, Cleanup: 469946 ns, At safepoint: 17166 ns, Total: 525154 ns
[2025-01-17T12:11:39.590+0000][78][info ][safepoint   ] Safepoint "Cleanup", Time since last: 2005735120 ns, Reaching safepoint: 44095 ns, Cleanup: 531383 ns, At safepoint: 21595 ns, Total: 597073 ns
[2025-01-17T12:11:42.050+0000][78][info ][safepoint   ] Safepoint "Cleanup", Time since last: 2460002184 ns, Reaching safepoint: 9998 ns, Cleanup: 251166 ns, At safepoint: 32247 ns, Total: 293411 ns
[2025-01-17T12:11:43.608+0000][78][info ][safepoint   ] Safepoint "Cleanup", Time since last: 1557463897 ns, Reaching safepoint: 35581 ns, Cleanup: 444151 ns, At safepoint: 17338 ns, Total: 497070 ns
[2025-01-17T12:11:47.615+0000][78][info ][safepoint   ] Safepoint "Cleanup", Time since last: 4006214733 ns, Reaching safepoint: 88766 ns, Cleanup: 533149 ns, At safepoint: 16785 ns, Total: 638700 ns
[2025-01-17T12:11:48.621+0000][78][info ][safepoint   ] Safepoint "Cleanup", Time since last: 1005242167 ns, Reaching safepoint: 10192 ns, Cleanup: 213606 ns, At safepoint: 31089 ns, Total: 254887 ns
[2025-01-17T12:11:51.629+0000][78][info ][safepoint   ] Safepoint "Cleanup", Time since last: 3008233236 ns, Reaching safepoint: 25373 ns, Cleanup: 250630 ns, At safepoint: 12487 ns, Total: 288490 ns
[2025-01-17T12:11:53.534+0000][78][info ][safepoint   ] Safepoint "Cleanup", Time since last: 1906209965 ns, Reaching safepoint: 36004 ns, Cleanup: 510770 ns, At safepoint: 17603 ns, Total: 564377 ns
[2025-01-17T12:11:54.642+0000][78][info ][safepoint   ] Safepoint "Cleanup", Time since last: 1107393392 ns, Reaching safepoint: 17336 ns, Cleanup: 523158 ns, At safepoint: 46055 ns, Total: 586549 ns
[2025-01-17T12:11:56.660+0000][78][info ][safepoint   ] Safepoint "Cleanup", Time since last: 2017075848 ns, Reaching safepoint: 37399 ns, Cleanup: 518413 ns, At safepoint: 21236 ns, Total: 577048 ns
[2025-01-17T12:12:00.062+0000][78][info ][safepoint   ] Safepoint "Cleanup", Time since last: 3401503592 ns, Reaching safepoint: 10223 ns, Cleanup: 361328 ns, At safepoint: 30399 ns, Total: 401950 ns
[2025-01-17T12:12:01.702+0000][78][info ][safepoint   ] Safepoint "Cleanup", Time since last: 1639752042 ns, Reaching safepoint: 16061 ns, Cleanup: 414806 ns, At safepoint: 35817 ns, Total: 466684 ns
[2025-01-17T12:12:02.723+0000][78][info ][safepoint   ] Safepoint "Cleanup", Time since last: 1020716630 ns, Reaching safepoint: 40392 ns, Cleanup: 502425 ns, At safepoint: 16920 ns, Total: 559737 ns
[2025-01-17T12:12:06.737+0000][78][info ][safepoint   ] Safepoint "Cleanup", Time since last: 4012478994 ns, Reaching safepoint: 16333 ns, Cleanup: 713293 ns, At safepoint: 110632 ns, Total: 840258 ns
[2025-01-17T12:12:12.775+0000][78][info ][safepoint   ] Safepoint "Cleanup", Time since last: 6038459602 ns, Reaching safepoint: 35747 ns, Cleanup: 299213 ns, At safepoint: 25026 ns, Total: 359986 ns
[2025-01-17T12:12:13.785+0000][78][info ][safepoint   ] Safepoint "Cleanup", Time since last: 1009259531 ns, Reaching safepoint: 35868 ns, Cleanup: 275554 ns, At safepoint: 8490 ns, Total: 319912 ns
[2025-01-17T12:12:14.787+0000][78][info ][safepoint   ] Safepoint "Cleanup", Time since last: 1001526885 ns, Reaching safepoint: 43116 ns, Cleanup: 341631 ns, At safepoint: 60151 ns, Total: 444898 ns
[2025-01-17T12:12:15.788+0000][78][info ][safepoint   ] Safepoint "Cleanup", Time since last: 1000687282 ns, Reaching safepoint: 60872 ns, Cleanup: 348164 ns, At safepoint: 17089 ns, Total: 426125 ns
[2025-01-17T12:12:18.061+0000][78][info ][safepoint   ] Safepoint "Cleanup", Time since last: 2272152839 ns, Reaching safepoint: 22528 ns, Cleanup: 446413 ns, At safepoint: 37151 ns, Total: 506092 ns
[2025-01-17T12:12:19.810+0000][78][info ][safepoint   ] Safepoint "Cleanup", Time since last: 1748162946 ns, Reaching safepoint: 44947 ns, Cleanup: 590398 ns, At safepoint: 17307 ns, Total: 652652 ns
[2025-01-17T12:12:24.070+0000][78][info ][safepoint   ] Safepoint "Cleanup", Time since last: 4263888307 ns, Reaching safepoint: 11657 ns, Cleanup: 318733 ns, At safepoint: 54422 ns, Total: 384812 ns
[2025-01-17T12:12:25.840+0000][78][info ][safepoint   ] Safepoint "Cleanup", Time since last: 1769006747 ns, Reaching safepoint: 36822 ns, Cleanup: 524043 ns, At safepoint: 17078 ns, Total: 577943 ns
[2025-01-17T12:12:26.846+0000][78][info ][safepoint   ] Safepoint "Cleanup", Time since last: 1004996418 ns, Reaching safepoint: 36279 ns, Cleanup: 524605 ns, At safepoint: 17361 ns, Total: 578245 ns
[2025-01-17T12:12:30.052+0000][78][info ][safepoint   ] Safepoint "Cleanup", Time since last: 3205991979 ns, Reaching safepoint: 10148 ns, Cleanup: 250634 ns, At safepoint: 19952 ns, Total: 280734 ns
[2025-01-17T12:12:31.864+0000][78][info ][safepoint   ] Safepoint "Cleanup", Time since last: 1811870964 ns, Reaching safepoint: 78379 ns, Cleanup: 523450 ns, At safepoint: 22790 ns, Total: 624619 ns
[2025-01-17T12:12:33.880+0000][78][info ][safepoint   ] Safepoint "Cleanup", Time since last: 2014606292 ns, Reaching safepoint: 44041 ns, Cleanup: 583082 ns, At safepoint: 21516 ns, Total: 648639 ns
[2025-01-17T12:12:36.871+0000][78][info ][safepoint   ] Safepoint "Cleanup", Time since last: 2991226410 ns, Reaching safepoint: 16397 ns, Cleanup: 346855 ns, At safepoint: 63071 ns, Total: 426323 ns
[2025-01-17T12:12:37.879+0000][78][info ][safepoint   ] Safepoint "Cleanup", Time since last: 1006812410 ns, Reaching safepoint: 122308 ns, Cleanup: 724992 ns, At safepoint: 40940 ns, Total: 888240 ns
[2025-01-17T12:12:39.891+0000][78][info ][safepoint   ] Safepoint "Cleanup", Time since last: 2010976833 ns, Reaching safepoint: 170253 ns, Cleanup: 716121 ns, At safepoint: 36568 ns, Total: 922942 ns
[2025-01-17T12:12:42.892+0000][78][info ][safepoint   ] Safepoint "Cleanup", Time since last: 3000252760 ns, Reaching safepoint: 27821 ns, Cleanup: 533017 ns, At safepoint: 61315 ns, Total: 622153 ns
[2025-01-17T12:12:43.906+0000][78][info ][safepoint   ] Safepoint "Cleanup", Time since last: 1013386415 ns, Reaching safepoint: 113860 ns, Cleanup: 722870 ns, At safepoint: 45432 ns, Total: 882162 ns
[2025-01-17T12:12:54.071+0000][78][info ][safepoint   ] Safepoint "Cleanup", Time since last: 10165631623 ns, Reaching safepoint: 10403 ns, Cleanup: 313121 ns, At safepoint: 26899 ns, Total: 350423 ns
[2025-01-17T12:12:55.959+0000][78][info ][safepoint   ] Safepoint "Cleanup", Time since last: 1887299816 ns, Reaching safepoint: 28546 ns, Cleanup: 469352 ns, At safepoint: 77175 ns, Total: 575073 ns
[2025-01-17T12:12:56.960+0000][78][info ][safepoint   ] Safepoint "Cleanup", Time since last: 1000696226 ns, Reaching safepoint: 131953 ns, Cleanup: 736176 ns, At safepoint: 41531 ns, Total: 909660 ns
[2025-01-17T12:12:57.988+0000][78][info ][safepoint   ] Safepoint "Cleanup", Time since last: 1027103023 ns, Reaching safepoint: 30952 ns, Cleanup: 410539 ns, At safepoint: 66469 ns, Total: 507960 ns
[2025-01-17T12:12:59.039+0000][78][info ][safepoint   ] Safepoint "Cleanup", Time since last: 1050179424 ns, Reaching safepoint: 160103 ns, Cleanup: 315280 ns, At safepoint: 15963 ns, Total: 491346 ns
[2025-01-17T12:13:03.069+0000][78][info ][safepoint   ] Safepoint "Cleanup", Time since last: 4029379751 ns, Reaching safepoint: 51649 ns, Cleanup: 792083 ns, At safepoint: 104155 ns, Total: 947887 ns
[2025-01-17T12:13:05.065+0000][78][info ][safepoint   ] Safepoint "Cleanup", Time since last: 1995981853 ns, Reaching safepoint: 29025 ns, Cleanup: 325721 ns, At safepoint: 17655 ns, Total: 372401 ns
[2025-01-17T12:13:09.071+0000][78][info ][safepoint   ] Safepoint "Cleanup", Time since last: 4005219757 ns, Reaching safepoint: 11783 ns, Cleanup: 351290 ns, At safepoint: 66668 ns, Total: 429741 ns
[2025-01-17T12:13:10.080+0000][78][info ][safepoint   ] Safepoint "Cleanup", Time since last: 1008867365 ns, Reaching safepoint: 10390 ns, Cleanup: 327933 ns, At safepoint: 24912 ns, Total: 363235 ns
[2025-01-17T12:13:11.090+0000][78][info ][safepoint   ] Safepoint "Cleanup", Time since last: 1009103477 ns, Reaching safepoint: 28674 ns, Cleanup: 270641 ns, At safepoint: 10367 ns, Total: 309682 ns
[2025-01-17T12:13:12.091+0000][78][info ][safepoint   ] Safepoint "Cleanup", Time since last: 1000769395 ns, Reaching safepoint: 28053 ns, Cleanup: 245035 ns, At safepoint: 14267 ns, Total: 287355 ns
[2025-01-17T12:13:15.081+0000][78][info ][safepoint   ] Safepoint "Cleanup", Time since last: 2989485181 ns, Reaching safepoint: 14522 ns, Cleanup: 386577 ns, At safepoint: 38636 ns, Total: 439735 ns
[2025-01-17T12:13:16.105+0000][78][info ][safepoint   ] Safepoint "Cleanup", Time since last: 1024262730 ns, Reaching safepoint: 82160 ns, Cleanup: 366093 ns, At safepoint: 36629 ns, Total: 484882 ns
[2025-01-17T12:13:17.119+0000][78][info ][safepoint   ] Safepoint "Cleanup", Time since last: 1013287061 ns, Reaching safepoint: 53306 ns, Cleanup: 276929 ns, At safepoint: 11990 ns, Total: 342225 ns
[2025-01-17T12:13:22.176+0000][78][info ][safepoint   ] Safepoint "Cleanup", Time since last: 5059255238 ns, Reaching safepoint: 9994 ns, Cleanup: 242278 ns, At safepoint: 21694 ns, Total: 273966 ns
[2025-01-17T12:13:24.167+0000][78][info ][safepoint   ] Safepoint "Cleanup", Time since last: 1991140661 ns, Reaching safepoint: 28383 ns, Cleanup: 284039 ns, At safepoint: 11306 ns, Total: 323728 ns
[2025-01-17T12:13:27.061+0000][78][info ][safepoint   ] Safepoint "Cleanup", Time since last: 2893126108 ns, Reaching safepoint: 9232 ns, Cleanup: 250902 ns, At safepoint: 20049 ns, Total: 280183 ns
[2025-01-17T12:13:28.184+0000][78][info ][safepoint   ] Safepoint "Cleanup", Time since last: 1122947563 ns, Reaching safepoint: 35524 ns, Cleanup: 409223 ns, At safepoint: 17390 ns, Total: 462137 ns
[2025-01-17T12:13:29.213+0000][78][info ][safepoint   ] Safepoint "Cleanup", Time since last: 1028309453 ns, Reaching safepoint: 29260 ns, Cleanup: 325014 ns, At safepoint: 16005 ns, Total: 370279 ns
[2025-01-17T12:13:30.214+0000][78][info ][safepoint   ] Safepoint "Cleanup", Time since last: 1000581820 ns, Reaching safepoint: 28252 ns, Cleanup: 273429 ns, At safepoint: 10022 ns, Total: 311703 ns
[2025-01-17T12:13:33.228+0000][78][info ][safepoint   ] Safepoint "Cleanup", Time since last: 3014351394 ns, Reaching safepoint: 14391 ns, Cleanup: 267411 ns, At safepoint: 21597 ns, Total: 303399 ns
[2025-01-17T12:13:34.252+0000][78][info ][safepoint   ] Safepoint "Cleanup", Time since last: 1023061730 ns, Reaching safepoint: 11474 ns, Cleanup: 313751 ns, At safepoint: 25512 ns, Total: 350737 ns
[2025-01-17T12:13:35.272+0000][78][info ][safepoint   ] Safepoint "Cleanup", Time since last: 1020139648 ns, Reaching safepoint: 29914 ns, Cleanup: 263637 ns, At safepoint: 12443 ns, Total: 305994 ns
[2025-01-17T12:13:36.273+0000][78][info ][safepoint   ] Safepoint "Cleanup", Time since last: 1000720439 ns, Reaching safepoint: 27761 ns, Cleanup: 305493 ns, At safepoint: 63519 ns, Total: 396773 ns
[2025-01-17T12:13:39.062+0000][78][info ][safepoint   ] Safepoint "Cleanup", Time since last: 2788454342 ns, Reaching safepoint: 9366 ns, Cleanup: 249088 ns, At safepoint: 20253 ns, Total: 278707 ns
[2025-01-17T12:13:40.287+0000][78][info ][safepoint   ] Safepoint "Cleanup", Time since last: 1224454455 ns, Reaching safepoint: 26660 ns, Cleanup: 272688 ns, At safepoint: 11034 ns, Total: 310382 ns
[2025-01-17T12:13:45.070+0000][78][info ][safepoint   ] Safepoint "Cleanup", Time since last: 4782980397 ns, Reaching safepoint: 12011 ns, Cleanup: 299026 ns, At safepoint: 57664 ns, Total: 368701 ns
[2025-01-17T12:13:46.310+0000][78][info ][safepoint   ] Safepoint "Cleanup", Time since last: 1239519652 ns, Reaching safepoint: 32273 ns, Cleanup: 288803 ns, At safepoint: 12170 ns, Total: 333246 ns
[2025-01-17T12:13:48.326+0000][78][info ][safepoint   ] Safepoint "Cleanup", Time since last: 2015052029 ns, Reaching safepoint: 80726 ns, Cleanup: 521626 ns, At safepoint: 17800 ns, Total: 620152 ns
[2025-01-17T12:13:49.327+0000][78][info ][safepoint   ] Safepoint "Cleanup", Time since last: 1000831955 ns, Reaching safepoint: 38288 ns, Cleanup: 494285 ns, At safepoint: 18122 ns, Total: 550695 ns
[2025-01-17T12:13:51.063+0000][78][info ][safepoint   ] Safepoint "Cleanup", Time since last: 1733761890 ns, Reaching safepoint: 2192272 ns, Cleanup: 213638 ns, At safepoint: 85683 ns, Total: 2491593 ns
[2025-01-17T12:13:52.330+0000][78][info ][safepoint   ] Safepoint "Cleanup", Time since last: 1269119665 ns, Reaching safepoint: 26889 ns, Cleanup: 263027 ns, At safepoint: 9670 ns, Total: 299586 ns
[2025-01-17T12:13:57.060+0000][78][info ][safepoint   ] Safepoint "Cleanup", Time since last: 4729684339 ns, Reaching safepoint: 9964 ns, Cleanup: 260739 ns, At safepoint: 22023 ns, Total: 292726 ns
[2025-01-17T12:13:58.355+0000][78][info ][safepoint   ] Safepoint "Cleanup", Time since last: 1294865038 ns, Reaching safepoint: 27333 ns, Cleanup: 274763 ns, At safepoint: 7526 ns, Total: 309622 ns
[2025-01-17T12:14:03.064+0000][78][info ][safepoint   ] Safepoint "Cleanup", Time since last: 4708601452 ns, Reaching safepoint: 11159 ns, Cleanup: 259079 ns, At safepoint: 20428 ns, Total: 290666 ns
[2025-01-17T12:14:04.394+0000][78][info ][safepoint   ] Safepoint "Cleanup", Time since last: 1329733716 ns, Reaching safepoint: 58763 ns, Cleanup: 278018 ns, At safepoint: 10814 ns, Total: 347595 ns
[2025-01-17T12:14:09.069+0000][78][info ][safepoint   ] Safepoint "Cleanup", Time since last: 4674486508 ns, Reaching safepoint: 12702 ns, Cleanup: 414698 ns, At safepoint: 56186 ns, Total: 483586 ns
[2025-01-17T12:14:10.425+0000][78][info ][safepoint   ] Safepoint "Cleanup", Time since last: 1355130462 ns, Reaching safepoint: 36080 ns, Cleanup: 485996 ns, At safepoint: 18905 ns, Total: 540981 ns
[2025-01-17T12:14:15.073+0000][78][info ][safepoint   ] Safepoint "Cleanup", Time since last: 4647514985 ns, Reaching safepoint: 10137 ns, Cleanup: 382097 ns, At safepoint: 48695 ns, Total: 440929 ns
[2025-01-17T12:14:16.459+0000][78][info ][safepoint   ] Safepoint "Cleanup", Time since last: 1385260220 ns, Reaching safepoint: 25216 ns, Cleanup: 258522 ns, At safepoint: 9411 ns, Total: 293149 ns
[2025-01-17T12:14:17.459+0000][78][info ][safepoint   ] Safepoint "Cleanup", Time since last: 1000459320 ns, Reaching safepoint: 30800 ns, Cleanup: 312885 ns, At safepoint: 9026 ns, Total: 352711 ns
[2025-01-17T12:14:18.461+0000][78][info ][safepoint   ] Safepoint "Cleanup", Time since last: 1001435198 ns, Reaching safepoint: 41486 ns, Cleanup: 537860 ns, At safepoint: 20618 ns, Total: 599964 ns
[2025-01-17T12:14:22.483+0000][78][info ][safepoint   ] Safepoint "Cleanup", Time since last: 4022140565 ns, Reaching safepoint: 54154 ns, Cleanup: 265537 ns, At safepoint: 10911 ns, Total: 330602 ns
[2025-01-17T12:14:24.484+0000][78][info ][safepoint   ] Safepoint "Cleanup", Time since last: 2000690050 ns, Reaching safepoint: 27511 ns, Cleanup: 366009 ns, At safepoint: 14237 ns, Total: 407757 ns
[2025-01-17T12:14:26.485+0000][78][info ][safepoint   ] Safepoint "Cleanup", Time since last: 2001056244 ns, Reaching safepoint: 86732 ns, Cleanup: 349120 ns, At safepoint: 87105 ns, Total: 522957 ns
[2025-01-17T12:14:27.500+0000][78][info ][safepoint   ] Safepoint "Cleanup", Time since last: 1014302429 ns, Reaching safepoint: 15212 ns, Cleanup: 516249 ns, At safepoint: 93539 ns, Total: 625000 ns
[2025-01-17T12:14:28.531+0000][78][info ][safepoint   ] Safepoint "Cleanup", Time since last: 1029625743 ns, Reaching safepoint: 131914 ns, Cleanup: 605998 ns, At safepoint: 100349 ns, Total: 838261 ns
[2025-01-17T12:14:33.260+0000][78][info ][safepoint   ] Safepoint "Cleanup", Time since last: 4728491361 ns, Reaching safepoint: 9537 ns, Cleanup: 418605 ns, At safepoint: 56838 ns, Total: 484980 ns
[2025-01-17T12:14:34.551+0000][78][info ][safepoint   ] Safepoint "Cleanup", Time since last: 1290563186 ns, Reaching safepoint: 54807 ns, Cleanup: 298488 ns, At safepoint: 69768 ns, Total: 423063 ns
[2025-01-17T12:14:36.552+0000][78][info ][safepoint   ] Safepoint "Cleanup", Time since last: 2001120081 ns, Reaching safepoint: 40772 ns, Cleanup: 259023 ns, At safepoint: 9114 ns, Total: 308909 ns
[2025-01-17T12:14:37.554+0000][78][info ][safepoint   ] Safepoint "Cleanup", Time since last: 1000789947 ns, Reaching safepoint: 28118 ns, Cleanup: 822297 ns, At safepoint: 66609 ns, Total: 917024 ns
[2025-01-17T12:14:39.068+0000][78][info ][safepoint   ] Safepoint "Cleanup", Time since last: 1513972677 ns, Reaching safepoint: 32440 ns, Cleanup: 300576 ns, At safepoint: 59186 ns, Total: 392202 ns
[2025-01-17T12:14:40.566+0000][78][info ][safepoint   ] Safepoint "Cleanup", Time since last: 1497483828 ns, Reaching safepoint: 51963 ns, Cleanup: 361248 ns, At safepoint: 13741 ns, Total: 426952 ns
[2025-01-17T12:14:41.567+0000][78][info ][safepoint   ] Safepoint "Cleanup", Time since last: 1000861754 ns, Reaching safepoint: 147803 ns, Cleanup: 307891 ns, At safepoint: 14575 ns, Total: 470269 ns
[2025-01-17T12:14:43.569+0000][78][info ][safepoint   ] Safepoint "Cleanup", Time since last: 2000860415 ns, Reaching safepoint: 41783 ns, Cleanup: 325890 ns, At safepoint: 8227 ns, Total: 375900 ns
[2025-01-17T12:14:44.577+0000][78][info ][safepoint   ] Safepoint "Cleanup", Time since last: 1007599970 ns, Reaching safepoint: 27478 ns, Cleanup: 365514 ns, At safepoint: 15686 ns, Total: 408678 ns
[2025-01-17T12:14:45.581+0000][78][info ][safepoint   ] Safepoint "Cleanup", Time since last: 1003943006 ns, Reaching safepoint: 15702 ns, Cleanup: 450910 ns, At safepoint: 35706 ns, Total: 502318 ns
[2025-01-17T12:14:46.599+0000][78][info ][safepoint   ] Safepoint "Cleanup", Time since last: 1017133299 ns, Reaching safepoint: 42278 ns, Cleanup: 712898 ns, At safepoint: 95515 ns, Total: 850691 ns
[2025-01-17T12:14:48.606+0000][78][info ][safepoint   ] Safepoint "Cleanup", Time since last: 2006757613 ns, Reaching safepoint: 49343 ns, Cleanup: 588961 ns, At safepoint: 23124 ns, Total: 661428 ns
[2025-01-17T12:14:51.618+0000][78][info ][safepoint   ] Safepoint "Cleanup", Time since last: 3011207351 ns, Reaching safepoint: 48256 ns, Cleanup: 462682 ns, At safepoint: 38922 ns, Total: 549860 ns
[2025-01-17T12:14:57.089+0000][78][info ][safepoint   ] Safepoint "Cleanup", Time since last: 5473372905 ns, Reaching safepoint: 11967 ns, Cleanup: 360877 ns, At safepoint: 27006 ns, Total: 399850 ns
[2025-01-17T12:15:03.069+0000][78][info ][safepoint   ] Safepoint "Cleanup", Time since last: 5979110849 ns, Reaching safepoint: 9671 ns, Cleanup: 267915 ns, At safepoint: 22755 ns, Total: 300341 ns
[2025-01-17T12:15:04.700+0000][78][info ][safepoint   ] Safepoint "Cleanup", Time since last: 1630255838 ns, Reaching safepoint: 77772 ns, Cleanup: 699104 ns, At safepoint: 56672 ns, Total: 833548 ns
[2025-01-17T12:15:09.711+0000][78][info ][safepoint   ] Safepoint "Cleanup", Time since last: 5010306839 ns, Reaching safepoint: 609716 ns, Cleanup: 538045 ns, At safepoint: 105422 ns, Total: 1253183 ns
[2025-01-17T12:15:12.732+0000][78][info ][safepoint   ] Safepoint "Cleanup", Time since last: 3019771119 ns, Reaching safepoint: 34281 ns, Cleanup: 332435 ns, At safepoint: 16040 ns, Total: 382756 ns
[2025-01-17T12:15:13.733+0000][78][info ][safepoint   ] Safepoint "Cleanup", Time since last: 1000834257 ns, Reaching safepoint: 369614 ns, Cleanup: 390105 ns, At safepoint: 63723 ns, Total: 823442 ns
[2025-01-17T12:15:14.735+0000][78][info ][safepoint   ] Safepoint "Cleanup", Time since last: 1000956129 ns, Reaching safepoint: 102971 ns, Cleanup: 679494 ns, At safepoint: 28872 ns, Total: 811337 ns
[2025-01-17T12:15:15.746+0000][78][info ][safepoint   ] Safepoint "Cleanup", Time since last: 1010142986 ns, Reaching safepoint: 411599 ns, Cleanup: 275666 ns, At safepoint: 73640 ns, Total: 760905 ns
[2025-01-17T12:15:21.069+0000][78][info ][safepoint   ] Safepoint "Cleanup", Time since last: 5322938129 ns, Reaching safepoint: 40992 ns, Cleanup: 240996 ns, At safepoint: 21367 ns, Total: 303355 ns
[2025-01-17T12:15:22.776+0000][78][info ][safepoint   ] Safepoint "Cleanup", Time since last: 1709163382 ns, Reaching safepoint: 26403 ns, Cleanup: 291413 ns, At safepoint: 10738 ns, Total: 328554 ns
[2025-01-17T12:15:26.780+0000][78][info ][safepoint   ] Safepoint "Cleanup", Time since last: 4002456541 ns, Reaching safepoint: 322234 ns, Cleanup: 912454 ns, At safepoint: 51904 ns, Total: 1286592 ns
[2025-01-17T12:15:27.791+0000][78][info ][safepoint   ] Safepoint "Cleanup", Time since last: 1010825486 ns, Reaching safepoint: 21194 ns, Cleanup: 517646 ns, At safepoint: 44636 ns, Total: 583476 ns
[2025-01-17T12:15:28.835+0000][78][info ][safepoint   ] Safepoint "Cleanup", Time since last: 1043127153 ns, Reaching safepoint: 18387 ns, Cleanup: 534414 ns, At safepoint: 22889 ns, Total: 575690 ns
[2025-01-17T12:15:31.850+0000][78][info ][safepoint   ] Safepoint "Cleanup", Time since last: 3013698972 ns, Reaching safepoint: 117071 ns, Cleanup: 940120 ns, At safepoint: 52461 ns, Total: 1109652 ns
[2025-01-17T12:15:33.107+0000][78][info ][safepoint   ] Safepoint "Cleanup", Time since last: 1256648686 ns, Reaching safepoint: 10930 ns, Cleanup: 304548 ns, At safepoint: 25031 ns, Total: 340509 ns
[2025-01-17T12:15:34.894+0000][78][info ][safepoint   ] Safepoint "Cleanup", Time since last: 1786359000 ns, Reaching safepoint: 32970 ns, Cleanup: 343158 ns, At safepoint: 31523 ns, Total: 407651 ns
[2025-01-17T12:15:39.073+0000][78][info ][safepoint   ] Safepoint "Cleanup", Time since last: 4179401327 ns, Reaching safepoint: 23096 ns, Cleanup: 246655 ns, At safepoint: 31700 ns, Total: 301451 ns
[2025-01-17T12:15:40.931+0000][78][info ][safepoint   ] Safepoint "Cleanup", Time since last: 1857313408 ns, Reaching safepoint: 39590 ns, Cleanup: 514171 ns, At safepoint: 17132 ns, Total: 570893 ns
[2025-01-17T12:15:42.935+0000][78][info ][safepoint   ] Safepoint "Cleanup", Time since last: 2002758894 ns, Reaching safepoint: 48786 ns, Cleanup: 602749 ns, At safepoint: 24617 ns, Total: 676152 ns
[2025-01-17T12:15:43.936+0000][78][info ][safepoint   ] Safepoint "Cleanup", Time since last: 1001083273 ns, Reaching safepoint: 33157 ns, Cleanup: 274910 ns, At safepoint: 11224 ns, Total: 319291 ns
[2025-01-17T12:15:45.099+0000][78][info ][safepoint   ] Safepoint "Cleanup", Time since last: 1161999950 ns, Reaching safepoint: 23022 ns, Cleanup: 732930 ns, At safepoint: 59075 ns, Total: 815027 ns
[2025-01-17T12:15:46.968+0000][78][info ][safepoint   ] Safepoint "Cleanup", Time since last: 1868608665 ns, Reaching safepoint: 35564 ns, Cleanup: 479514 ns, At safepoint: 17019 ns, Total: 532097 ns
[2025-01-17T12:15:51.072+0000][78][info ][safepoint   ] Safepoint "Cleanup", Time since last: 4103365499 ns, Reaching safepoint: 22138 ns, Cleanup: 244204 ns, At safepoint: 25653 ns, Total: 291995 ns
[2025-01-17T12:15:52.687+0000][78][info ][safepoint   ] Safepoint "Cleanup", Time since last: 1616567912 ns, Reaching safepoint: 17233 ns, Cleanup: 498832 ns, At safepoint: 39893 ns, Total: 555958 ns
[2025-01-17T12:15:54.689+0000][78][info ][safepoint   ] Safepoint "Cleanup", Time since last: 2001292352 ns, Reaching safepoint: 41389 ns, Cleanup: 727156 ns, At safepoint: 48432 ns, Total: 816977 ns
[2025-01-17T12:15:57.115+0000][78][info ][safepoint   ] Safepoint "Cleanup", Time since last: 2425635724 ns, Reaching safepoint: 625162 ns, Cleanup: 291240 ns, At safepoint: 42743 ns, Total: 959145 ns
[2025-01-17T12:15:59.079+0000][78][info ][safepoint   ] Safepoint "Cleanup", Time since last: 1962396157 ns, Reaching safepoint: 41335 ns, Cleanup: 674430 ns, At safepoint: 69389 ns, Total: 785154 ns
[2025-01-17T12:16:03.062+0000][78][info ][safepoint   ] Safepoint "Cleanup", Time since last: 3983041016 ns, Reaching safepoint: 28670 ns, Cleanup: 278123 ns, At safepoint: 19719 ns, Total: 326512 ns
[2025-01-17T12:16:04.079+0000][78][info ][safepoint   ] Safepoint "Cleanup", Time since last: 1016003879 ns, Reaching safepoint: 105895 ns, Cleanup: 748306 ns, At safepoint: 42811 ns, Total: 897012 ns
[2025-01-17T12:16:05.110+0000][78][info ][safepoint   ] Safepoint "Cleanup", Time since last: 1030498828 ns, Reaching safepoint: 43572 ns, Cleanup: 575050 ns, At safepoint: 17232 ns, Total: 635854 ns
[2025-01-17T12:16:09.070+0000][78][info ][safepoint   ] Safepoint "Cleanup", Time since last: 3959977404 ns, Reaching safepoint: 41830 ns, Cleanup: 271495 ns, At safepoint: 25894 ns, Total: 339219 ns
[2025-01-17T12:16:17.172+0000][78][info ][safepoint   ] Safepoint "Cleanup", Time since last: 8100959624 ns, Reaching safepoint: 43038 ns, Cleanup: 564980 ns, At safepoint: 18302 ns, Total: 626320 ns
[2025-01-17T12:16:18.179+0000][78][info ][safepoint   ] Safepoint "Cleanup", Time since last: 1006805690 ns, Reaching safepoint: 44904 ns, Cleanup: 520806 ns, At safepoint: 19155 ns, Total: 584865 ns
[2025-01-17T12:16:22.241+0000][78][info ][safepoint   ] Safepoint "Cleanup", Time since last: 4063582861 ns, Reaching safepoint: 21569 ns, Cleanup: 378320 ns, At safepoint: 33240 ns, Total: 433129 ns
[2025-01-17T12:16:23.241+0000][78][info ][safepoint   ] Safepoint "Cleanup", Time since last: 1000030351 ns, Reaching safepoint: 9258 ns, Cleanup: 265764 ns, At safepoint: 20417 ns, Total: 295439 ns
[2025-01-17T12:16:24.244+0000][78][info ][safepoint   ] Safepoint "Cleanup", Time since last: 1002757484 ns, Reaching safepoint: 24914 ns, Cleanup: 246272 ns, At safepoint: 16134 ns, Total: 287320 ns
[2025-01-17T12:16:27.078+0000][78][info ][safepoint   ] Safepoint "Cleanup", Time since last: 2833289861 ns, Reaching safepoint: 130354 ns, Cleanup: 557883 ns, At safepoint: 106585 ns, Total: 794822 ns
[2025-01-17T12:16:28.272+0000][78][info ][safepoint   ] Safepoint "Cleanup", Time since last: 1193153251 ns, Reaching safepoint: 37058 ns, Cleanup: 474767 ns, At safepoint: 16687 ns, Total: 528512 ns
[2025-01-17T12:16:33.103+0000][78][info ][safepoint   ] Safepoint "Cleanup", Time since last: 4830889281 ns, Reaching safepoint: 16033 ns, Cleanup: 439644 ns, At safepoint: 37422 ns, Total: 493099 ns
[2025-01-17T12:16:34.330+0000][78][info ][safepoint   ] Safepoint "Cleanup", Time since last: 1226156262 ns, Reaching safepoint: 44373 ns, Cleanup: 571030 ns, At safepoint: 22743 ns, Total: 638146 ns
[2025-01-17T12:16:36.333+0000][78][info ][safepoint   ] Safepoint "Cleanup", Time since last: 2001863308 ns, Reaching safepoint: 40195 ns, Cleanup: 414040 ns, At safepoint: 17423 ns, Total: 471658 ns
[2025-01-17T12:16:39.113+0000][78][info ][safepoint   ] Safepoint "Cleanup", Time since last: 2778866682 ns, Reaching safepoint: 827600 ns, Cleanup: 458999 ns, At safepoint: 64873 ns, Total: 1351472 ns
[2025-01-17T12:16:40.381+0000][78][info ][safepoint   ] Safepoint "Cleanup", Time since last: 1267031941 ns, Reaching safepoint: 17873 ns, Cleanup: 492527 ns, At safepoint: 271362 ns, Total: 781762 ns
[2025-01-17T12:16:45.078+0000][78][info ][safepoint   ] Safepoint "Cleanup", Time since last: 4696853411 ns, Reaching safepoint: 22479 ns, Cleanup: 642617 ns, At safepoint: 56454 ns, Total: 721550 ns
[2025-01-17T12:16:46.415+0000][78][info ][safepoint   ] Safepoint "Cleanup", Time since last: 1335662199 ns, Reaching safepoint: 42715 ns, Cleanup: 612858 ns, At safepoint: 20524 ns, Total: 676097 ns
[2025-01-17T12:16:57.061+0000][78][info ][safepoint   ] Safepoint "Cleanup", Time since last: 10647906009 ns, Reaching safepoint: 10240 ns, Cleanup: 240065 ns, At safepoint: 33230 ns, Total: 283535 ns
[2025-01-17T12:16:58.488+0000][78][info ][safepoint   ] Safepoint "Cleanup", Time since last: 1427085206 ns, Reaching safepoint: 35549 ns, Cleanup: 621793 ns, At safepoint: 28642 ns, Total: 685984 ns
[2025-01-17T12:17:00.490+0000][78][info ][safepoint   ] Safepoint "Cleanup", Time since last: 2001263327 ns, Reaching safepoint: 37976 ns, Cleanup: 494215 ns, At safepoint: 18799 ns, Total: 550990 ns
[2025-01-17T12:17:03.509+0000][78][info ][safepoint   ] Safepoint "Cleanup", Time since last: 3018638393 ns, Reaching safepoint: 17949 ns, Cleanup: 566907 ns, At safepoint: 70426 ns, Total: 655282 ns
[2025-01-17T12:17:09.074+0000][78][info ][safepoint   ] Safepoint "Cleanup", Time since last: 5564728455 ns, Reaching safepoint: 21740 ns, Cleanup: 266179 ns, At safepoint: 24650 ns, Total: 312569 ns
[2025-01-17T12:17:10.570+0000][78][info ][safepoint   ] Safepoint "Cleanup", Time since last: 1495495617 ns, Reaching safepoint: 9177 ns, Cleanup: 264433 ns, At safepoint: 26710 ns, Total: 300320 ns
[2025-01-17T12:17:12.577+0000][78][info ][safepoint   ] Safepoint "Cleanup", Time since last: 2006638799 ns, Reaching safepoint: 26456 ns, Cleanup: 268906 ns, At safepoint: 11717 ns, Total: 307079 ns
[2025-01-17T12:17:15.066+0000][78][info ][safepoint   ] Safepoint "Cleanup", Time since last: 2488375312 ns, Reaching safepoint: 9144 ns, Cleanup: 290671 ns, At safepoint: 42541 ns, Total: 342356 ns
[2025-01-17T12:17:16.609+0000][78][info ][safepoint   ] Safepoint "Cleanup", Time since last: 1542633415 ns, Reaching safepoint: 48768 ns, Cleanup: 696758 ns, At safepoint: 24022 ns, Total: 769548 ns
[2025-01-17T12:17:26.645+0000][78][info ][safepoint   ] Safepoint "Cleanup", Time since last: 10037554850 ns, Reaching safepoint: 49976 ns, Cleanup: 287005 ns, At safepoint: 12156 ns, Total: 349137 ns
[2025-01-17T12:17:27.662+0000][78][info ][safepoint   ] Safepoint "Cleanup", Time since last: 1016486218 ns, Reaching safepoint: 18884 ns, Cleanup: 567468 ns, At safepoint: 49564 ns, Total: 635916 ns
[2025-01-17T12:17:30.684+0000][78][info ][safepoint   ] Safepoint "Cleanup", Time since last: 3021657949 ns, Reaching safepoint: 38802 ns, Cleanup: 476167 ns, At safepoint: 17145 ns, Total: 532114 ns
[2025-01-17T12:17:33.081+0000][78][info ][safepoint   ] Safepoint "Cleanup", Time since last: 2396306428 ns, Reaching safepoint: 15780 ns, Cleanup: 400709 ns, At safepoint: 35770 ns, Total: 452259 ns
[2025-01-17T12:17:36.719+0000][78][info ][safepoint   ] Safepoint "Cleanup", Time since last: 3637540923 ns, Reaching safepoint: 112098 ns, Cleanup: 366520 ns, At safepoint: 58030 ns, Total: 536648 ns
[2025-01-17T12:17:39.065+0000][78][info ][safepoint   ] Safepoint "Cleanup", Time since last: 2345555486 ns, Reaching safepoint: 26690 ns, Cleanup: 300646 ns, At safepoint: 47302 ns, Total: 374638 ns
[2025-01-17T12:17:40.749+0000][78][info ][safepoint   ] Safepoint "Cleanup", Time since last: 1683324270 ns, Reaching safepoint: 39814 ns, Cleanup: 516078 ns, At safepoint: 19991 ns, Total: 575883 ns
[2025-01-17T12:17:42.752+0000][78][info ][safepoint   ] Safepoint "Cleanup", Time since last: 2002622972 ns, Reaching safepoint: 32044 ns, Cleanup: 353294 ns, At safepoint: 33063 ns, Total: 418401 ns
[2025-01-17T12:17:43.755+0000][78][info ][safepoint   ] Safepoint "Cleanup", Time since last: 1002489969 ns, Reaching safepoint: 36020 ns, Cleanup: 478633 ns, At safepoint: 14470 ns, Total: 529123 ns
[2025-01-17T12:17:45.074+0000][78][info ][safepoint   ] Safepoint "Cleanup", Time since last: 1318341306 ns, Reaching safepoint: 12829 ns, Cleanup: 405806 ns, At safepoint: 38766 ns, Total: 457401 ns
[2025-01-17T12:17:46.765+0000][78][info ][safepoint   ] Safepoint "Cleanup", Time since last: 1691138782 ns, Reaching safepoint: 27518 ns, Cleanup: 242410 ns, At safepoint: 9295 ns, Total: 279223 ns
[2025-01-17T12:17:51.778+0000][78][info ][safepoint   ] Safepoint "Cleanup", Time since last: 5012243525 ns, Reaching safepoint: 17744 ns, Cleanup: 492863 ns, At safepoint: 41284 ns, Total: 551891 ns
[2025-01-17T12:17:53.773+0000][78][info ][safepoint   ] Safepoint "Cleanup", Time since last: 1996975883 ns, Reaching safepoint: 49257 ns, Cleanup: 257317 ns, At safepoint: 9853 ns, Total: 316427 ns
[2025-01-17T12:17:57.068+0000][78][info ][safepoint   ] Safepoint "Cleanup", Time since last: 3294226771 ns, Reaching safepoint: 9418 ns, Cleanup: 287316 ns, At safepoint: 84350 ns, Total: 381084 ns
[2025-01-17T12:18:00.850+0000][78][info ][safepoint   ] Safepoint "Cleanup", Time since last: 3782113779 ns, Reaching safepoint: 31035 ns, Cleanup: 325502 ns, At safepoint: 11941 ns, Total: 368478 ns
[2025-01-17T12:18:03.862+0000][78][info ][safepoint   ] Safepoint "Cleanup", Time since last: 3011318463 ns, Reaching safepoint: 18626 ns, Cleanup: 530294 ns, At safepoint: 46938 ns, Total: 595858 ns
[2025-01-17T12:18:09.904+0000][78][info ][safepoint   ] Safepoint "Cleanup", Time since last: 6041725167 ns, Reaching safepoint: 35332 ns, Cleanup: 377901 ns, At safepoint: 46804 ns, Total: 460037 ns
[2025-01-17T12:18:11.916+0000][78][info ][safepoint   ] Safepoint "Cleanup", Time since last: 2010399888 ns, Reaching safepoint: 136571 ns, Cleanup: 993035 ns, At safepoint: 80310 ns, Total: 1209916 ns
[2025-01-17T12:18:12.918+0000][78][info ][safepoint   ] Safepoint "Cleanup", Time since last: 1001191575 ns, Reaching safepoint: 42163 ns, Cleanup: 580115 ns, At safepoint: 19582 ns, Total: 641860 ns
[2025-01-17T12:18:15.093+0000][78][info ][safepoint   ] Safepoint "Cleanup", Time since last: 2174665206 ns, Reaching safepoint: 16637 ns, Cleanup: 498721 ns, At safepoint: 38333 ns, Total: 553691 ns
[2025-01-17T12:18:16.950+0000][78][info ][safepoint   ] Safepoint "Cleanup", Time since last: 1856298622 ns, Reaching safepoint: 32616 ns, Cleanup: 302158 ns, At safepoint: 11919 ns, Total: 346693 ns
[2025-01-17T12:18:21.087+0000][78][info ][safepoint   ] Safepoint "Cleanup", Time since last: 4136607899 ns, Reaching safepoint: 14214 ns, Cleanup: 470483 ns, At safepoint: 108146 ns, Total: 592843 ns
[2025-01-17T12:18:22.984+0000][78][info ][safepoint   ] Safepoint "Cleanup", Time since last: 1900038103 ns, Reaching safepoint: 41898 ns, Cleanup: 577002 ns, At safepoint: 21987 ns, Total: 640887 ns
[2025-01-17T12:18:26.987+0000][78][info ][safepoint   ] Safepoint "Cleanup", Time since last: 4001918705 ns, Reaching safepoint: 73563 ns, Cleanup: 497313 ns, At safepoint: 16318 ns, Total: 587194 ns
[2025-01-17T12:18:28.007+0000][78][info ][safepoint   ] Safepoint "Cleanup", Time since last: 1019793676 ns, Reaching safepoint: 17327 ns, Cleanup: 483831 ns, At safepoint: 40153 ns, Total: 541311 ns
[2025-01-17T12:18:39.067+0000][78][info ][safepoint   ] Safepoint "Cleanup", Time since last: 11059797714 ns, Reaching safepoint: 11600 ns, Cleanup: 311694 ns, At safepoint: 63511 ns, Total: 386805 ns
[2025-01-17T12:18:40.095+0000][78][info ][safepoint   ] Safepoint "Cleanup", Time since last: 1027268038 ns, Reaching safepoint: 24984 ns, Cleanup: 585252 ns, At safepoint: 54107 ns, Total: 664343 ns
[2025-01-17T12:18:43.112+0000][78][info ][safepoint   ] Safepoint "Cleanup", Time since last: 3016113386 ns, Reaching safepoint: 24925 ns, Cleanup: 261900 ns, At safepoint: 10354 ns, Total: 297179 ns
[2025-01-17T12:18:44.116+0000][78][info ][safepoint   ] Safepoint "Cleanup", Time since last: 1003990630 ns, Reaching safepoint: 38698 ns, Cleanup: 497501 ns, At safepoint: 15900 ns, Total: 552099 ns
[2025-01-17T12:18:46.141+0000][78][info ][gc,start    ] GC(15) Pause Young (Prepare Mixed) (G1 Evacuation Pause)
[2025-01-17T12:18:46.147+0000][78][info ][gc,task     ] GC(15) Using 18 workers of 18 for evacuation
[2025-01-17T12:18:46.149+0000][78][debug][gc,age      ] GC(15) Desired survivor size 134217728 bytes, new threshold 15 (max threshold 15)
[2025-01-17T12:18:46.333+0000][78][info ][gc,phases   ] GC(15)   Pre Evacuate Collection Set: 23.7ms
[2025-01-17T12:18:46.333+0000][78][info ][gc,phases   ] GC(15)   Merge Heap Roots: 4.2ms
[2025-01-17T12:18:46.334+0000][78][info ][gc,phases   ] GC(15)   Evacuate Collection Set: 101.8ms
[2025-01-17T12:18:46.334+0000][78][info ][gc,phases   ] GC(15)   Post Evacuate Collection Set: 11.6ms
[2025-01-17T12:18:46.335+0000][78][info ][gc,phases   ] GC(15)   Other: 48.4ms
[2025-01-17T12:18:46.335+0000][78][trace][gc,age      ] GC(15) Age table with threshold 15 (max threshold 15)
[2025-01-17T12:18:46.335+0000][78][trace][gc,age      ] GC(15) - age   1:    4688448 bytes,    4688448 total
[2025-01-17T12:18:46.336+0000][78][trace][gc,age      ] GC(15) - age   2:    7092032 bytes,   11780480 total
[2025-01-17T12:18:46.336+0000][78][trace][gc,age      ] GC(15) - age   3:    1438880 bytes,   13219360 total
[2025-01-17T12:18:46.336+0000][78][info ][gc,heap     ] GC(15) Eden regions: 501->0(84)
[2025-01-17T12:18:46.337+0000][78][info ][gc,heap     ] GC(15) Survivor regions: 4->4(64)
[2025-01-17T12:18:46.337+0000][78][info ][gc,heap     ] GC(15) Old regions: 36->36
[2025-01-17T12:18:46.338+0000][78][info ][gc,heap     ] GC(15) Archive regions: 2->2
[2025-01-17T12:18:46.338+0000][78][info ][gc,heap     ] GC(15) Humongous regions: 4->4
[2025-01-17T12:18:46.338+0000][78][info ][gc,metaspace] GC(15) Metaspace: 144404K(148160K)->144404K(148160K) NonClass: 125384K(127424K)->125384K(127424K) Class: 19020K(20736K)->19020K(20736K)
[2025-01-17T12:18:46.339+0000][78][info ][gc          ] GC(15) Pause Young (Prepare Mixed) (G1 Evacuation Pause) 2178M->174M(3392M) 198.011ms
[2025-01-17T12:18:46.339+0000][78][info ][gc,cpu      ] GC(15) User=1.68s Sys=0.00s Real=0.20s
[2025-01-17T12:18:46.340+0000][78][info ][safepoint   ] Safepoint "G1CollectForAllocation", Time since last: 2019454622 ns, Reaching safepoint: 29913 ns, Cleanup: 545043 ns, At safepoint: 203523541 ns, Total: 204098497 ns
[2025-01-17T12:18:47.343+0000][78][info ][safepoint   ] Safepoint "Cleanup", Time since last: 1002521047 ns, Reaching safepoint: 39870 ns, Cleanup: 567772 ns, At safepoint: 18382 ns, Total: 626024 ns
[2025-01-17T12:18:51.082+0000][78][info ][safepoint   ] Safepoint "Cleanup", Time since last: 3738463341 ns, Reaching safepoint: 15082 ns, Cleanup: 471381 ns, At safepoint: 37880 ns, Total: 524343 ns
[2025-01-17T12:18:52.370+0000][78][info ][safepoint   ] Safepoint "Cleanup", Time since last: 1288302262 ns, Reaching safepoint: 40461 ns, Cleanup: 644039 ns, At safepoint: 19468 ns, Total: 703968 ns
[2025-01-17T12:18:53.819+0000][78][info ][safepoint   ] Safepoint "Cleanup", Time since last: 1448346813 ns, Reaching safepoint: 43221 ns, Cleanup: 647575 ns, At safepoint: 47509 ns, Total: 738305 ns
[2025-01-17T12:18:56.821+0000][78][info ][safepoint   ] Safepoint "Cleanup", Time since last: 3002145403 ns, Reaching safepoint: 72312 ns, Cleanup: 511371 ns, At safepoint: 16933 ns, Total: 600616 ns
[2025-01-17T12:18:58.438+0000][78][info ][safepoint   ] Safepoint "Cleanup", Time since last: 1615566641 ns, Reaching safepoint: 33338 ns, Cleanup: 459899 ns, At safepoint: 39398 ns, Total: 532635 ns
[2025-01-17T12:19:03.057+0000][78][info ][safepoint   ] Safepoint "Cleanup", Time since last: 4618863836 ns, Reaching safepoint: 9777 ns, Cleanup: 231159 ns, At safepoint: 30789 ns, Total: 271725 ns
[2025-01-17T12:19:06.455+0000][78][info ][safepoint   ] Safepoint "Cleanup", Time since last: 3397513672 ns, Reaching safepoint: 54554 ns, Cleanup: 773374 ns, At safepoint: 77935 ns, Total: 905863 ns
[2025-01-17T12:19:09.106+0000][78][info ][safepoint   ] Safepoint "Cleanup", Time since last: 2650896563 ns, Reaching safepoint: 10788 ns, Cleanup: 310260 ns, At safepoint: 26188 ns, Total: 347236 ns
[2025-01-17T12:19:12.517+0000][78][info ][safepoint   ] Safepoint "Cleanup", Time since last: 3410030857 ns, Reaching safepoint: 112005 ns, Cleanup: 658418 ns, At safepoint: 94562 ns, Total: 864985 ns
[2025-01-17T12:19:13.520+0000][78][info ][safepoint   ] Safepoint "Cleanup", Time since last: 1001954518 ns, Reaching safepoint: 43092 ns, Cleanup: 477343 ns, At safepoint: 16017 ns, Total: 536452 ns
[2025-01-17T12:19:15.083+0000][78][info ][safepoint   ] Safepoint "Cleanup", Time since last: 1562808103 ns, Reaching safepoint: 10657 ns, Cleanup: 269851 ns, At safepoint: 22566 ns, Total: 303074 ns
[2025-01-17T12:19:15.123+0000][78][info ][gc,start    ] GC(16) Pause Young (Concurrent Start) (CodeCache GC Threshold)
[2025-01-17T12:19:15.124+0000][78][info ][gc,task     ] GC(16) Using 18 workers of 18 for evacuation
[2025-01-17T12:19:15.124+0000][78][debug][gc,age      ] GC(16) Desired survivor size 46137344 bytes, new threshold 15 (max threshold 15)
[2025-01-17T12:19:15.173+0000][78][info ][gc,phases   ] GC(16)   Pre Evacuate Collection Set: 2.9ms
[2025-01-17T12:19:15.174+0000][78][info ][gc,phases   ] GC(16)   Merge Heap Roots: 0.2ms
[2025-01-17T12:19:15.174+0000][78][info ][gc,phases   ] GC(16)   Evacuate Collection Set: 43.1ms
[2025-01-17T12:19:15.175+0000][78][info ][gc,phases   ] GC(16)   Post Evacuate Collection Set: 1.8ms
[2025-01-17T12:19:15.176+0000][78][info ][gc,phases   ] GC(16)   Other: 1.3ms
[2025-01-17T12:19:15.177+0000][78][trace][gc,age      ] GC(16) Age table with threshold 15 (max threshold 15)
[2025-01-17T12:19:15.178+0000][78][trace][gc,age      ] GC(16) - age   1:     851760 bytes,     851760 total
[2025-01-17T12:19:15.178+0000][78][trace][gc,age      ] GC(16) - age   2:    4117832 bytes,    4969592 total
[2025-01-17T12:19:15.179+0000][78][trace][gc,age      ] GC(16) - age   3:    7091968 bytes,   12061560 total
[2025-01-17T12:19:15.180+0000][78][trace][gc,age      ] GC(16) - age   4:    1438848 bytes,   13500408 total
[2025-01-17T12:19:15.180+0000][78][info ][gc,heap     ] GC(16) Eden regions: 37->0(274)
[2025-01-17T12:19:15.181+0000][78][info ][gc,heap     ] GC(16) Survivor regions: 4->4(22)
[2025-01-17T12:19:15.182+0000][78][info ][gc,heap     ] GC(16) Old regions: 36->36
[2025-01-17T12:19:15.183+0000][78][info ][gc,heap     ] GC(16) Archive regions: 2->2
[2025-01-17T12:19:15.183+0000][78][info ][gc,heap     ] GC(16) Humongous regions: 4->4
[2025-01-17T12:19:15.184+0000][78][info ][gc,metaspace] GC(16) Metaspace: 144423K(148160K)->144423K(148160K) NonClass: 125401K(127424K)->125401K(127424K) Class: 19021K(20736K)->19021K(20736K)
[2025-01-17T12:19:15.185+0000][78][info ][gc          ] GC(16) Pause Young (Concurrent Start) (CodeCache GC Threshold) 322M->175M(3392M) 62.126ms
[2025-01-17T12:19:15.186+0000][78][info ][gc,cpu      ] GC(16) User=0.33s Sys=0.00s Real=0.06s
[2025-01-17T12:19:15.186+0000][78][info ][gc          ] GC(17) Concurrent Mark Cycle
[2025-01-17T12:19:15.187+0000][78][info ][safepoint   ] Safepoint "G1TryInitiateConcMark", Time since last: 39427830 ns, Reaching safepoint: 326614 ns, Cleanup: 212537 ns, At safepoint: 63723595 ns, Total: 64262746 ns
[2025-01-17T12:19:15.188+0000][78][info ][gc,marking  ] GC(17) Concurrent Scan Root Regions
[2025-01-17T12:19:15.223+0000][78][info ][gc,marking  ] GC(17) Concurrent Scan Root Regions 35.062ms
[2025-01-17T12:19:15.232+0000][78][info ][gc,marking  ] GC(17) Concurrent Mark
[2025-01-17T12:19:15.233+0000][78][info ][gc,marking  ] GC(17) Concurrent Mark From Roots
[2025-01-17T12:19:15.234+0000][78][info ][gc,task     ] GC(17) Using 5 workers of 5 for marking
[2025-01-17T12:19:15.362+0000][78][info ][gc,marking  ] GC(17) Concurrent Mark From Roots 128.640ms
[2025-01-17T12:19:15.362+0000][78][info ][gc,marking  ] GC(17) Concurrent Preclean
[2025-01-17T12:19:15.362+0000][78][info ][gc,marking  ] GC(17) Concurrent Preclean 0.339ms
[2025-01-17T12:19:15.363+0000][78][info ][gc,start    ] GC(17) Pause Remark
[2025-01-17T12:19:15.520+0000][78][info ][gc          ] GC(17) Pause Remark 181M->181M(3392M) 157.551ms
[2025-01-17T12:19:15.521+0000][78][info ][gc,cpu      ] GC(17) User=2.47s Sys=0.00s Real=0.16s
[2025-01-17T12:19:15.522+0000][78][info ][safepoint   ] Safepoint "G1PauseRemark", Time since last: 175923970 ns, Reaching safepoint: 24950 ns, Cleanup: 266850 ns, At safepoint: 158785048 ns, Total: 159076848 ns
[2025-01-17T12:19:15.522+0000][78][info ][gc,marking  ] GC(17) Concurrent Mark 289.824ms
[2025-01-17T12:19:15.522+0000][78][info ][gc,marking  ] GC(17) Concurrent Rebuild Remembered Sets and Scrub Regions
[2025-01-17T12:19:15.539+0000][78][info ][gc,marking  ] GC(17) Concurrent Rebuild Remembered Sets and Scrub Regions 16.740ms
[2025-01-17T12:19:15.540+0000][78][info ][gc,start    ] GC(17) Pause Cleanup
[2025-01-17T12:19:15.540+0000][78][info ][gc          ] GC(17) Pause Cleanup 183M->183M(3392M) 0.524ms
[2025-01-17T12:19:15.540+0000][78][info ][gc,cpu      ] GC(17) User=0.00s Sys=0.00s Real=0.00s
[2025-01-17T12:19:15.541+0000][78][info ][safepoint   ] Safepoint "G1PauseCleanup", Time since last: 17879097 ns, Reaching safepoint: 18531 ns, Cleanup: 239546 ns, At safepoint: 994306 ns, Total: 1252383 ns
[2025-01-17T12:19:15.541+0000][78][info ][gc,marking  ] GC(17) Concurrent Clear Claimed Marks
[2025-01-17T12:19:15.541+0000][78][info ][gc,marking  ] GC(17) Concurrent Clear Claimed Marks 0.469ms
[2025-01-17T12:19:15.542+0000][78][info ][gc,marking  ] GC(17) Concurrent Cleanup for Next Mark
[2025-01-17T12:19:15.574+0000][78][info ][gc,marking  ] GC(17) Concurrent Cleanup for Next Mark 32.612ms
[2025-01-17T12:19:15.575+0000][78][info ][gc          ] GC(17) Concurrent Mark Cycle 388.669ms
[2025-01-17T12:19:21.071+0000][78][info ][safepoint   ] Safepoint "Cleanup", Time since last: 5530208720 ns, Reaching safepoint: 9741 ns, Cleanup: 244440 ns, At safepoint: 21256 ns, Total: 275437 ns
[2025-01-17T12:19:26.589+0000][78][info ][safepoint   ] Safepoint "Cleanup", Time since last: 5519114822 ns, Reaching safepoint: 116091 ns, Cleanup: 846387 ns, At safepoint: 27463 ns, Total: 989941 ns
[2025-01-17T12:19:27.602+0000][78][info ][safepoint   ] Safepoint "Cleanup", Time since last: 1012334473 ns, Reaching safepoint: 16139 ns, Cleanup: 457236 ns, At safepoint: 40411 ns, Total: 513786 ns
[2025-01-17T12:19:33.650+0000][78][info ][safepoint   ] Safepoint "Cleanup", Time since last: 6047680178 ns, Reaching safepoint: 11860 ns, Cleanup: 247955 ns, At safepoint: 21673 ns, Total: 281488 ns
[2025-01-17T12:19:39.497+0000][78][info ][safepoint   ] Safepoint "Cleanup", Time since last: 5845973712 ns, Reaching safepoint: 10035 ns, Cleanup: 327752 ns, At safepoint: 23772 ns, Total: 361559 ns
[2025-01-17T12:19:40.673+0000][78][info ][safepoint   ] Safepoint "Cleanup", Time since last: 1175185711 ns, Reaching safepoint: 57748 ns, Cleanup: 931186 ns, At safepoint: 71840 ns, Total: 1060774 ns
[2025-01-17T12:19:43.675+0000][78][info ][safepoint   ] Safepoint "Cleanup", Time since last: 3001966755 ns, Reaching safepoint: 51875 ns, Cleanup: 282681 ns, At safepoint: 9572 ns, Total: 344128 ns
[2025-01-17T12:19:45.062+0000][78][info ][safepoint   ] Safepoint "Cleanup", Time since last: 1386329077 ns, Reaching safepoint: 186697 ns, Cleanup: 265874 ns, At safepoint: 57752 ns, Total: 510323 ns
[2025-01-17T12:19:46.694+0000][78][info ][safepoint   ] Safepoint "Cleanup", Time since last: 1631875408 ns, Reaching safepoint: 30619 ns, Cleanup: 253844 ns, At safepoint: 8842 ns, Total: 293305 ns
[2025-01-17T12:19:49.696+0000][78][info ][safepoint   ] Safepoint "Cleanup", Time since last: 3001146712 ns, Reaching safepoint: 26050 ns, Cleanup: 262829 ns, At safepoint: 12238 ns, Total: 301117 ns
[2025-01-17T12:19:50.697+0000][78][info ][safepoint   ] Safepoint "Cleanup", Time since last: 1000579725 ns, Reaching safepoint: 87187 ns, Cleanup: 666583 ns, At safepoint: 16798 ns, Total: 770568 ns
[2025-01-17T12:19:51.704+0000][78][info ][safepoint   ] Safepoint "Cleanup", Time since last: 1007116587 ns, Reaching safepoint: 10846 ns, Cleanup: 262899 ns, At safepoint: 23369 ns, Total: 297114 ns
[2025-01-17T12:19:53.863+0000][78][info ][safepoint   ] Safepoint "Cleanup", Time since last: 2158295975 ns, Reaching safepoint: 2341101 ns, Cleanup: 311628 ns, At safepoint: 64835 ns, Total: 2717564 ns
[2025-01-17T12:19:57.101+0000][78][info ][safepoint   ] Safepoint "Cleanup", Time since last: 3237569148 ns, Reaching safepoint: 116151 ns, Cleanup: 273977 ns, At safepoint: 57426 ns, Total: 447554 ns
[2025-01-17T12:20:03.769+0000][78][info ][safepoint   ] Safepoint "Cleanup", Time since last: 6667146399 ns, Reaching safepoint: 12057 ns, Cleanup: 276366 ns, At safepoint: 21325 ns, Total: 309748 ns
[2025-01-17T12:20:04.791+0000][78][info ][safepoint   ] Safepoint "Cleanup", Time since last: 1020528087 ns, Reaching safepoint: 52923 ns, Cleanup: 964074 ns, At safepoint: 59724 ns, Total: 1076721 ns
[2025-01-17T12:20:06.792+0000][78][info ][safepoint   ] Safepoint "Cleanup", Time since last: 2001245107 ns, Reaching safepoint: 28120 ns, Cleanup: 268424 ns, At safepoint: 11541 ns, Total: 308085 ns
[2025-01-17T12:20:13.828+0000][78][info ][safepoint   ] Safepoint "Cleanup", Time since last: 7035653382 ns, Reaching safepoint: 46597 ns, Cleanup: 575893 ns, At safepoint: 17708 ns, Total: 640198 ns
[2025-01-17T12:20:14.830+0000][78][info ][safepoint   ] Safepoint "Cleanup", Time since last: 1001014023 ns, Reaching safepoint: 55143 ns, Cleanup: 810626 ns, At safepoint: 24390 ns, Total: 890159 ns
[2025-01-17T12:20:15.848+0000][78][info ][safepoint   ] Safepoint "Cleanup", Time since last: 1017818978 ns, Reaching safepoint: 9342 ns, Cleanup: 282124 ns, At safepoint: 56503 ns, Total: 347969 ns
[2025-01-17T12:20:21.097+0000][78][info ][safepoint   ] Safepoint "Cleanup", Time since last: 5248374275 ns, Reaching safepoint: 10139 ns, Cleanup: 210630 ns, At safepoint: 22170 ns, Total: 242939 ns
[2025-01-17T12:20:22.884+0000][78][info ][safepoint   ] Safepoint "Cleanup", Time since last: 1788060985 ns, Reaching safepoint: 52557 ns, Cleanup: 722968 ns, At safepoint: 24038 ns, Total: 799563 ns
[2025-01-17T12:20:24.097+0000][78][info ][safepoint   ] Safepoint "Cleanup", Time since last: 1213523906 ns, Reaching safepoint: 9957 ns, Cleanup: 225308 ns, At safepoint: 21179 ns, Total: 256444 ns
[2025-01-17T12:20:25.105+0000][78][info ][safepoint   ] Safepoint "Cleanup", Time since last: 1007451344 ns, Reaching safepoint: 67664 ns, Cleanup: 397973 ns, At safepoint: 17614 ns, Total: 483251 ns
[2025-01-17T12:20:26.106+0000][78][info ][safepoint   ] Safepoint "Cleanup", Time since last: 1000759734 ns, Reaching safepoint: 40978 ns, Cleanup: 227059 ns, At safepoint: 11700 ns, Total: 279737 ns
[2025-01-17T12:20:27.983+0000][78][info ][safepoint   ] Safepoint "Cleanup", Time since last: 1876117613 ns, Reaching safepoint: 6430 ns, Cleanup: 253949 ns, At safepoint: 2995 ns, Total: 263374 ns
[2025-01-17T12:20:28.739+0000][78][info ][gc,heap,exit] Heap
[2025-01-17T12:20:28.740+0000][78][info ][gc,heap,exit]  garbage-first heap   total 3473408K, used 404827K [0x000000072c000000, 0x0000000800000000)
[2025-01-17T12:20:28.741+0000][78][info ][gc,heap,exit]   region size 4096K, 59 young (241664K), 4 survivors (16384K)
[2025-01-17T12:20:28.741+0000][78][info ][gc,heap,exit]  Metaspace       used 144874K, committed 148736K, reserved 1179648K
[2025-01-17T12:20:28.742+0000][78][info ][gc,heap,exit]   class space    used 19080K, committed 20864K, reserved 1048576K
