[2025-01-17T09:21:19.638+0000][81][info][gc,init] CardTable entry size: 512
[2025-01-17T09:21:19.640+0000][81][info][gc     ] Using G1
[2025-01-17T09:21:27.721+0000][81][info][gc,init] Version: 20.0.2+9-78 (release)
[2025-01-17T09:21:27.721+0000][81][info][gc,init] CPUs: 24 total, 24 available
[2025-01-17T09:21:27.722+0000][81][info][gc,init] Memory: 6781M
[2025-01-17T09:21:27.722+0000][81][info][gc,init] Large Page Support: Disabled
[2025-01-17T09:21:27.723+0000][81][info][gc,init] NUMA Support: Disabled
[2025-01-17T09:21:27.723+0000][81][info][gc,init] Compressed Oops: Enabled (Zero based)
[2025-01-17T09:21:27.724+0000][81][info][gc,init] Heap Region Size: 4M
[2025-01-17T09:21:27.726+0000][81][info][gc,init] Heap Min Capacity: 3392M
[2025-01-17T09:21:27.727+0000][81][info][gc,init] Heap Initial Capacity: 3392M
[2025-01-17T09:21:27.727+0000][81][info][gc,init] Heap Max Capacity: 3392M
[2025-01-17T09:21:27.728+0000][81][info][gc,init] Pre-touch: Enabled
[2025-01-17T09:21:27.728+0000][81][info][gc,init] Parallel Workers: 18
[2025-01-17T09:21:27.729+0000][81][info][gc,init] Concurrent Workers: 5
[2025-01-17T09:21:27.729+0000][81][info][gc,init] Concurrent Refinement Workers: 18
[2025-01-17T09:21:27.730+0000][81][info][gc,init] Periodic GC: Disabled
[2025-01-17T09:21:27.833+0000][81][info][gc,metaspace] CDS archive(s) mapped at: [0x00007fcf5f000000-0x00007fcf5fc7b000-0x00007fcf5fc7b000), size 13086720, SharedBaseAddress: 0x00007fcf5f000000, ArchiveRelocationMode: 1.
[2025-01-17T09:21:27.833+0000][81][info][gc,metaspace] Compressed class space mapped at: 0x00007fcf60000000-0x00007fcfa0000000, reserved size: 1073741824
[2025-01-17T09:21:27.834+0000][81][info][gc,metaspace] Narrow klass base: 0x00007fcf5f000000, Narrow klass shift: 0, Narrow klass range: 0x100000000
[2025-01-17T09:21:28.273+0000][81][info][safepoint   ] Safepoint "ICBufferFull", Time since last: 425543858 ns, Reaching safepoint: 5521 ns, Cleanup: 320217 ns, At safepoint: 56532 ns, Total: 382270 ns
[2025-01-17T09:21:28.750+0000][81][info][safepoint   ] Safepoint "ICBufferFull", Time since last: 476662889 ns, Reaching safepoint: 3768 ns, Cleanup: 182546 ns, At safepoint: 49041 ns, Total: 235355 ns
[2025-01-17T09:21:29.828+0000][81][info][safepoint   ] Safepoint "ICBufferFull", Time since last: 1077708675 ns, Reaching safepoint: 5559 ns, Cleanup: 371598 ns, At safepoint: 82659 ns, Total: 459816 ns
[2025-01-17T09:21:30.076+0000][81][info][safepoint   ] Safepoint "ICBufferFull", Time since last: 247791605 ns, Reaching safepoint: 3594 ns, Cleanup: 183281 ns, At safepoint: 45569 ns, Total: 232444 ns
[2025-01-17T09:21:30.641+0000][81][info][safepoint   ] Safepoint "ICBufferFull", Time since last: 564510886 ns, Reaching safepoint: 133667 ns, Cleanup: 239230 ns, At safepoint: 80407 ns, Total: 453304 ns
[2025-01-17T09:21:30.845+0000][81][info][gc,start    ] GC(0) Pause Young (Normal) (G1 Evacuation Pause)
[2025-01-17T09:21:30.847+0000][81][info][gc,task     ] GC(0) Using 18 workers of 18 for evacuation
[2025-01-17T09:21:30.847+0000][81][debug][gc,age      ] GC(0) Desired survivor size 12582912 bytes, new threshold 15 (max threshold 15)
[2025-01-17T09:21:30.858+0000][81][info ][gc,phases   ] GC(0)   Pre Evacuate Collection Set: 0.8ms
[2025-01-17T09:21:30.858+0000][81][info ][gc,phases   ] GC(0)   Merge Heap Roots: 0.7ms
[2025-01-17T09:21:30.859+0000][81][info ][gc,phases   ] GC(0)   Evacuate Collection Set: 4.7ms
[2025-01-17T09:21:30.859+0000][81][info ][gc,phases   ] GC(0)   Post Evacuate Collection Set: 4.1ms
[2025-01-17T09:21:30.859+0000][81][info ][gc,phases   ] GC(0)   Other: 1.3ms
[2025-01-17T09:21:30.860+0000][81][trace][gc,age      ] GC(0) Age table with threshold 15 (max threshold 15)
[2025-01-17T09:21:30.860+0000][81][trace][gc,age      ] GC(0) - age   1:   10643192 bytes,   10643192 total
[2025-01-17T09:21:30.860+0000][81][info ][gc,heap     ] GC(0) Eden regions: 42->0(39)
[2025-01-17T09:21:30.861+0000][81][info ][gc,heap     ] GC(0) Survivor regions: 0->3(6)
[2025-01-17T09:21:30.861+0000][81][info ][gc,heap     ] GC(0) Old regions: 0->0
[2025-01-17T09:21:30.861+0000][81][info ][gc,heap     ] GC(0) Archive regions: 2->2
[2025-01-17T09:21:30.862+0000][81][info ][gc,heap     ] GC(0) Humongous regions: 0->0
[2025-01-17T09:21:30.862+0000][81][info ][gc,metaspace] GC(0) Metaspace: 19903K(20416K)->19903K(20416K) NonClass: 17768K(18048K)->17768K(18048K) Class: 2134K(2368K)->2134K(2368K)
[2025-01-17T09:21:30.862+0000][81][info ][gc          ] GC(0) Pause Young (Normal) (G1 Evacuation Pause) 171M->14M(3392M) 17.046ms
[2025-01-17T09:21:30.863+0000][81][info ][gc,cpu      ] GC(0) User=0.08s Sys=0.00s Real=0.02s
[2025-01-17T09:21:30.863+0000][81][info ][safepoint   ] Safepoint "G1CollectForAllocation", Time since last: 203797237 ns, Reaching safepoint: 9241 ns, Cleanup: 191009 ns, At safepoint: 18128076 ns, Total: 18328326 ns
[2025-01-17T09:21:31.264+0000][81][info ][gc,start    ] GC(1) Pause Young (Concurrent Start) (Metadata GC Threshold)
[2025-01-17T09:21:31.264+0000][81][info ][gc,task     ] GC(1) Using 18 workers of 18 for evacuation
[2025-01-17T09:21:31.265+0000][81][debug][gc,age      ] GC(1) Desired survivor size 12582912 bytes, new threshold 15 (max threshold 15)
[2025-01-17T09:21:31.274+0000][81][info ][gc,phases   ] GC(1)   Pre Evacuate Collection Set: 0.8ms
[2025-01-17T09:21:31.274+0000][81][info ][gc,phases   ] GC(1)   Merge Heap Roots: 0.5ms
[2025-01-17T09:21:31.274+0000][81][info ][gc,phases   ] GC(1)   Evacuate Collection Set: 4.1ms
[2025-01-17T09:21:31.275+0000][81][info ][gc,phases   ] GC(1)   Post Evacuate Collection Set: 3.0ms
[2025-01-17T09:21:31.275+0000][81][info ][gc,phases   ] GC(1)   Other: 0.8ms
[2025-01-17T09:21:31.275+0000][81][trace][gc,age      ] GC(1) Age table with threshold 15 (max threshold 15)
[2025-01-17T09:21:31.275+0000][81][trace][gc,age      ] GC(1) - age   1:    2180672 bytes,    2180672 total
[2025-01-17T09:21:31.276+0000][81][trace][gc,age      ] GC(1) - age   2:    9042104 bytes,   11222776 total
[2025-01-17T09:21:31.276+0000][81][info ][gc,heap     ] GC(1) Eden regions: 28->0(44)
[2025-01-17T09:21:31.276+0000][81][info ][gc,heap     ] GC(1) Survivor regions: 3->3(6)
[2025-01-17T09:21:31.276+0000][81][info ][gc,heap     ] GC(1) Old regions: 0->0
[2025-01-17T09:21:31.277+0000][81][info ][gc,heap     ] GC(1) Archive regions: 2->2
[2025-01-17T09:21:31.277+0000][81][info ][gc,heap     ] GC(1) Humongous regions: 0->0
[2025-01-17T09:21:31.277+0000][81][info ][gc,metaspace] GC(1) Metaspace: 20991K(21504K)->20991K(21504K) NonClass: 18774K(19072K)->18774K(19072K) Class: 2217K(2432K)->2217K(2432K)
[2025-01-17T09:21:31.278+0000][81][info ][gc          ] GC(1) Pause Young (Concurrent Start) (Metadata GC Threshold) 126M->15M(3392M) 13.986ms
[2025-01-17T09:21:31.278+0000][81][info ][gc,cpu      ] GC(1) User=0.05s Sys=0.00s Real=0.01s
[2025-01-17T09:21:31.278+0000][81][info ][gc          ] GC(2) Concurrent Mark Cycle
[2025-01-17T09:21:31.279+0000][81][info ][gc,marking  ] GC(2) Concurrent Scan Root Regions
[2025-01-17T09:21:31.279+0000][81][info ][safepoint   ] Safepoint "CollectForMetadataAllocation", Time since last: 399607731 ns, Reaching safepoint: 6574 ns, Cleanup: 735760 ns, At safepoint: 15066659 ns, Total: 15808993 ns
[2025-01-17T09:21:31.283+0000][81][info ][gc,marking  ] GC(2) Concurrent Scan Root Regions 4.042ms
[2025-01-17T09:21:31.283+0000][81][info ][gc,marking  ] GC(2) Concurrent Mark
[2025-01-17T09:21:31.284+0000][81][info ][gc,marking  ] GC(2) Concurrent Mark From Roots
[2025-01-17T09:21:31.284+0000][81][info ][gc,task     ] GC(2) Using 5 workers of 5 for marking
[2025-01-17T09:21:31.286+0000][81][info ][gc,marking  ] GC(2) Concurrent Mark From Roots 2.330ms
[2025-01-17T09:21:31.286+0000][81][info ][gc,marking  ] GC(2) Concurrent Preclean
[2025-01-17T09:21:31.286+0000][81][info ][gc,marking  ] GC(2) Concurrent Preclean 0.294ms
[2025-01-17T09:21:31.287+0000][81][info ][gc,start    ] GC(2) Pause Remark
[2025-01-17T09:21:31.290+0000][81][info ][gc          ] GC(2) Pause Remark 18M->18M(3392M) 2.728ms
[2025-01-17T09:21:31.290+0000][81][info ][gc,cpu      ] GC(2) User=0.02s Sys=0.00s Real=0.01s
[2025-01-17T09:21:31.291+0000][81][info ][safepoint   ] Safepoint "G1PauseRemark", Time since last: 8029489 ns, Reaching safepoint: 3460 ns, Cleanup: 266393 ns, At safepoint: 3560431 ns, Total: 3830284 ns
[2025-01-17T09:21:31.291+0000][81][info ][gc,marking  ] GC(2) Concurrent Mark 7.763ms
[2025-01-17T09:21:31.291+0000][81][info ][gc,marking  ] GC(2) Concurrent Rebuild Remembered Sets and Scrub Regions
[2025-01-17T09:21:31.292+0000][81][info ][gc,marking  ] GC(2) Concurrent Rebuild Remembered Sets and Scrub Regions 0.498ms
[2025-01-17T09:21:31.292+0000][81][info ][gc,start    ] GC(2) Pause Cleanup
[2025-01-17T09:21:31.293+0000][81][info ][gc          ] GC(2) Pause Cleanup 18M->18M(3392M) 0.239ms
[2025-01-17T09:21:31.293+0000][81][info ][gc,cpu      ] GC(2) User=0.00s Sys=0.00s Real=0.00s
[2025-01-17T09:21:31.293+0000][81][info ][safepoint   ] Safepoint "G1PauseCleanup", Time since last: 1385510 ns, Reaching safepoint: 82763 ns, Cleanup: 225663 ns, At safepoint: 871759 ns, Total: 1180185 ns
[2025-01-17T09:21:31.294+0000][81][info ][gc,marking  ] GC(2) Concurrent Clear Claimed Marks
[2025-01-17T09:21:31.294+0000][81][info ][gc,marking  ] GC(2) Concurrent Clear Claimed Marks 0.329ms
[2025-01-17T09:21:31.294+0000][81][info ][gc,marking  ] GC(2) Concurrent Cleanup for Next Mark
[2025-01-17T09:21:31.296+0000][81][info ][gc,marking  ] GC(2) Concurrent Cleanup for Next Mark 1.815ms
[2025-01-17T09:21:31.297+0000][81][info ][gc          ] GC(2) Concurrent Mark Cycle 18.265ms
[2025-01-17T09:21:31.884+0000][81][info ][safepoint   ] Safepoint "ICBufferFull", Time since last: 590558990 ns, Reaching safepoint: 3896 ns, Cleanup: 254195 ns, At safepoint: 2183 ns, Total: 260274 ns
[2025-01-17T09:21:31.928+0000][81][info ][gc,start    ] GC(3) Pause Young (Normal) (G1 Evacuation Pause)
[2025-01-17T09:21:31.929+0000][81][info ][gc,task     ] GC(3) Using 18 workers of 18 for evacuation
[2025-01-17T09:21:31.929+0000][81][debug][gc,age      ] GC(3) Desired survivor size 12582912 bytes, new threshold 15 (max threshold 15)
[2025-01-17T09:21:31.936+0000][81][info ][gc,phases   ] GC(3)   Pre Evacuate Collection Set: 0.2ms
[2025-01-17T09:21:31.937+0000][81][info ][gc,phases   ] GC(3)   Merge Heap Roots: 0.3ms
[2025-01-17T09:21:31.937+0000][81][info ][gc,phases   ] GC(3)   Evacuate Collection Set: 5.1ms
[2025-01-17T09:21:31.937+0000][81][info ][gc,phases   ] GC(3)   Post Evacuate Collection Set: 1.9ms
[2025-01-17T09:21:31.937+0000][81][info ][gc,phases   ] GC(3)   Other: 0.4ms
[2025-01-17T09:21:31.938+0000][81][trace][gc,age      ] GC(3) Age table with threshold 15 (max threshold 15)
[2025-01-17T09:21:31.938+0000][81][trace][gc,age      ] GC(3) - age   1:    6710560 bytes,    6710560 total
[2025-01-17T09:21:31.938+0000][81][trace][gc,age      ] GC(3) - age   2:    1995384 bytes,    8705944 total
[2025-01-17T09:21:31.938+0000][81][trace][gc,age      ] GC(3) - age   3:    9035656 bytes,   17741600 total
[2025-01-17T09:21:31.939+0000][81][info ][gc,heap     ] GC(3) Eden regions: 44->0(115)
[2025-01-17T09:21:31.939+0000][81][info ][gc,heap     ] GC(3) Survivor regions: 3->5(6)
[2025-01-17T09:21:31.939+0000][81][info ][gc,heap     ] GC(3) Old regions: 0->0
[2025-01-17T09:21:31.939+0000][81][info ][gc,heap     ] GC(3) Archive regions: 2->2
[2025-01-17T09:21:31.939+0000][81][info ][gc,heap     ] GC(3) Humongous regions: 0->0
[2025-01-17T09:21:31.940+0000][81][info ][gc,metaspace] GC(3) Metaspace: 27955K(28608K)->27955K(28608K) NonClass: 24849K(25216K)->24849K(25216K) Class: 3105K(3392K)->3105K(3392K)
[2025-01-17T09:21:31.940+0000][81][info ][gc          ] GC(3) Pause Young (Normal) (G1 Evacuation Pause) 191M->22M(3392M) 11.514ms
[2025-01-17T09:21:31.940+0000][81][info ][gc,cpu      ] GC(3) User=0.06s Sys=0.00s Real=0.02s
[2025-01-17T09:21:31.940+0000][81][info ][safepoint   ] Safepoint "G1CollectForAllocation", Time since last: 43876209 ns, Reaching safepoint: 3967 ns, Cleanup: 230274 ns, At safepoint: 11933314 ns, Total: 12167555 ns
[2025-01-17T09:21:32.687+0000][81][info ][safepoint   ] Safepoint "ICBufferFull", Time since last: 746526111 ns, Reaching safepoint: 3794 ns, Cleanup: 351261 ns, At safepoint: 29247 ns, Total: 384302 ns
[2025-01-17T09:21:33.275+0000][81][info ][safepoint   ] Safepoint "ICBufferFull", Time since last: 587139393 ns, Reaching safepoint: 5371 ns, Cleanup: 319267 ns, At safepoint: 3635 ns, Total: 328273 ns
[2025-01-17T09:21:33.277+0000][81][info ][gc,start    ] GC(4) Pause Young (Normal) (G1 Evacuation Pause)
[2025-01-17T09:21:33.277+0000][81][info ][gc,task     ] GC(4) Using 18 workers of 18 for evacuation
[2025-01-17T09:21:33.278+0000][81][debug][gc,age      ] GC(4) Desired survivor size 31457280 bytes, new threshold 15 (max threshold 15)
[2025-01-17T09:21:33.287+0000][81][info ][gc,phases   ] GC(4)   Pre Evacuate Collection Set: 0.3ms
[2025-01-17T09:21:33.287+0000][81][info ][gc,phases   ] GC(4)   Merge Heap Roots: 0.3ms
[2025-01-17T09:21:33.288+0000][81][info ][gc,phases   ] GC(4)   Evacuate Collection Set: 5.3ms
[2025-01-17T09:21:33.288+0000][81][info ][gc,phases   ] GC(4)   Post Evacuate Collection Set: 2.6ms
[2025-01-17T09:21:33.289+0000][81][info ][gc,phases   ] GC(4)   Other: 1.1ms
[2025-01-17T09:21:33.289+0000][81][trace][gc,age      ] GC(4) Age table with threshold 15 (max threshold 15)
[2025-01-17T09:21:33.289+0000][81][trace][gc,age      ] GC(4) - age   1:    7958520 bytes,    7958520 total
[2025-01-17T09:21:33.290+0000][81][trace][gc,age      ] GC(4) - age   2:    5522992 bytes,   13481512 total
[2025-01-17T09:21:33.290+0000][81][trace][gc,age      ] GC(4) - age   3:    1993544 bytes,   15475056 total
[2025-01-17T09:21:33.290+0000][81][trace][gc,age      ] GC(4) - age   4:    9035384 bytes,   24510440 total
[2025-01-17T09:21:33.291+0000][81][info ][gc,heap     ] GC(4) Eden regions: 115->0(501)
[2025-01-17T09:21:33.291+0000][81][info ][gc,heap     ] GC(4) Survivor regions: 5->7(15)
[2025-01-17T09:21:33.292+0000][81][info ][gc,heap     ] GC(4) Old regions: 0->0
[2025-01-17T09:21:33.292+0000][81][info ][gc,heap     ] GC(4) Archive regions: 2->2
[2025-01-17T09:21:33.292+0000][81][info ][gc,heap     ] GC(4) Humongous regions: 0->0
[2025-01-17T09:21:33.293+0000][81][info ][gc,metaspace] GC(4) Metaspace: 34290K(35072K)->34290K(35072K) NonClass: 30483K(30976K)->30483K(30976K) Class: 3807K(4096K)->3807K(4096K)
[2025-01-17T09:21:33.293+0000][81][info ][gc          ] GC(4) Pause Young (Normal) (G1 Evacuation Pause) 482M->29M(3392M) 16.460ms
[2025-01-17T09:21:33.293+0000][81][info ][gc,cpu      ] GC(4) User=0.06s Sys=0.00s Real=0.02s
[2025-01-17T09:21:33.294+0000][81][info ][safepoint   ] Safepoint "G1CollectForAllocation", Time since last: 1746883 ns, Reaching safepoint: 3233 ns, Cleanup: 300689 ns, At safepoint: 16957921 ns, Total: 17261843 ns
[2025-01-17T09:21:33.623+0000][81][info ][gc,start    ] GC(5) Pause Young (Concurrent Start) (Metadata GC Threshold)
[2025-01-17T09:21:33.623+0000][81][info ][gc,task     ] GC(5) Using 18 workers of 18 for evacuation
[2025-01-17T09:21:33.624+0000][81][debug][gc,age      ] GC(5) Desired survivor size 134217728 bytes, new threshold 15 (max threshold 15)
[2025-01-17T09:21:33.634+0000][81][info ][gc,phases   ] GC(5)   Pre Evacuate Collection Set: 0.4ms
[2025-01-17T09:21:33.634+0000][81][info ][gc,phases   ] GC(5)   Merge Heap Roots: 0.3ms
[2025-01-17T09:21:33.635+0000][81][info ][gc,phases   ] GC(5)   Evacuate Collection Set: 5.7ms
[2025-01-17T09:21:33.635+0000][81][info ][gc,phases   ] GC(5)   Post Evacuate Collection Set: 2.8ms
[2025-01-17T09:21:33.638+0000][81][info ][gc,phases   ] GC(5)   Other: 1.1ms
[2025-01-17T09:21:33.639+0000][81][trace][gc,age      ] GC(5) Age table with threshold 15 (max threshold 15)
[2025-01-17T09:21:33.639+0000][81][trace][gc,age      ] GC(5) - age   1:    3019264 bytes,    3019264 total
[2025-01-17T09:21:33.640+0000][81][trace][gc,age      ] GC(5) - age   2:    7637256 bytes,   10656520 total
[2025-01-17T09:21:33.640+0000][81][trace][gc,age      ] GC(5) - age   3:    5521592 bytes,   16178112 total
[2025-01-17T09:21:33.641+0000][81][trace][gc,age      ] GC(5) - age   4:    1993224 bytes,   18171336 total
[2025-01-17T09:21:33.641+0000][81][trace][gc,age      ] GC(5) - age   5:    9030120 bytes,   27201456 total
[2025-01-17T09:21:33.641+0000][81][info ][gc,heap     ] GC(5) Eden regions: 32->0(500)
[2025-01-17T09:21:33.642+0000][81][info ][gc,heap     ] GC(5) Survivor regions: 7->8(64)
[2025-01-17T09:21:33.643+0000][81][info ][gc,heap     ] GC(5) Old regions: 0->0
[2025-01-17T09:21:33.644+0000][81][info ][gc,heap     ] GC(5) Archive regions: 2->2
[2025-01-17T09:21:33.644+0000][81][info ][gc,heap     ] GC(5) Humongous regions: 0->0
[2025-01-17T09:21:33.644+0000][81][info ][gc,metaspace] GC(5) Metaspace: 35402K(36160K)->35402K(36160K) NonClass: 31444K(31872K)->31444K(31872K) Class: 3958K(4288K)->3958K(4288K)
[2025-01-17T09:21:33.645+0000][81][info ][gc          ] GC(5) Pause Young (Concurrent Start) (Metadata GC Threshold) 157M->32M(3392M) 22.036ms
[2025-01-17T09:21:33.646+0000][81][info ][gc,cpu      ] GC(5) User=0.06s Sys=0.00s Real=0.02s
[2025-01-17T09:21:33.646+0000][81][info ][gc          ] GC(6) Concurrent Mark Cycle
[2025-01-17T09:21:33.647+0000][81][info ][safepoint   ] Safepoint "CollectForMetadataAllocation", Time since last: 328906413 ns, Reaching safepoint: 5955 ns, Cleanup: 381616 ns, At safepoint: 23739666 ns, Total: 24127237 ns
[2025-01-17T09:21:33.647+0000][81][info ][gc,marking  ] GC(6) Concurrent Scan Root Regions
[2025-01-17T09:21:33.651+0000][81][info ][gc,marking  ] GC(6) Concurrent Scan Root Regions 4.107ms
[2025-01-17T09:21:33.651+0000][81][info ][gc,marking  ] GC(6) Concurrent Mark
[2025-01-17T09:21:33.652+0000][81][info ][gc,marking  ] GC(6) Concurrent Mark From Roots
[2025-01-17T09:21:33.652+0000][81][info ][gc,task     ] GC(6) Using 5 workers of 5 for marking
[2025-01-17T09:21:33.654+0000][81][info ][gc,marking  ] GC(6) Concurrent Mark From Roots 2.447ms
[2025-01-17T09:21:33.655+0000][81][info ][gc,marking  ] GC(6) Concurrent Preclean
[2025-01-17T09:21:33.655+0000][81][info ][gc,marking  ] GC(6) Concurrent Preclean 0.669ms
[2025-01-17T09:21:33.656+0000][81][info ][gc,start    ] GC(6) Pause Remark
[2025-01-17T09:21:33.661+0000][81][info ][gc          ] GC(6) Pause Remark 36M->36M(3392M) 5.051ms
[2025-01-17T09:21:33.662+0000][81][info ][gc,cpu      ] GC(6) User=0.02s Sys=0.00s Real=0.01s
[2025-01-17T09:21:33.663+0000][81][info ][safepoint   ] Safepoint "G1PauseRemark", Time since last: 9338483 ns, Reaching safepoint: 123437 ns, Cleanup: 364999 ns, At safepoint: 6140337 ns, Total: 6628773 ns
[2025-01-17T09:21:33.663+0000][81][info ][gc,marking  ] GC(6) Concurrent Mark 12.063ms
[2025-01-17T09:21:33.664+0000][81][info ][gc,marking  ] GC(6) Concurrent Rebuild Remembered Sets and Scrub Regions
[2025-01-17T09:21:33.664+0000][81][info ][gc,marking  ] GC(6) Concurrent Rebuild Remembered Sets and Scrub Regions 0.675ms
[2025-01-17T09:21:33.666+0000][81][info ][gc,start    ] GC(6) Pause Cleanup
[2025-01-17T09:21:33.666+0000][81][info ][gc          ] GC(6) Pause Cleanup 36M->36M(3392M) 0.757ms
[2025-01-17T09:21:33.667+0000][81][info ][gc,cpu      ] GC(6) User=0.00s Sys=0.00s Real=0.00s
[2025-01-17T09:21:33.668+0000][81][info ][safepoint   ] Safepoint "G1PauseCleanup", Time since last: 2373989 ns, Reaching safepoint: 274149 ns, Cleanup: 293203 ns, At safepoint: 2058546 ns, Total: 2625898 ns
[2025-01-17T09:21:33.668+0000][81][info ][gc,marking  ] GC(6) Concurrent Clear Claimed Marks
[2025-01-17T09:21:33.669+0000][81][info ][gc,marking  ] GC(6) Concurrent Clear Claimed Marks 0.834ms
[2025-01-17T09:21:33.670+0000][81][info ][gc,marking  ] GC(6) Concurrent Cleanup for Next Mark
[2025-01-17T09:21:33.672+0000][81][info ][gc,marking  ] GC(6) Concurrent Cleanup for Next Mark 2.535ms
[2025-01-17T09:21:33.673+0000][81][info ][gc          ] GC(6) Concurrent Mark Cycle 27.394ms
[2025-01-17T09:21:34.669+0000][81][info ][safepoint   ] Safepoint "ICBufferFull", Time since last: 1001117600 ns, Reaching safepoint: 7525 ns, Cleanup: 790350 ns, At safepoint: 7544 ns, Total: 805419 ns
[2025-01-17T09:21:35.671+0000][81][info ][safepoint   ] Safepoint "Cleanup", Time since last: 1000824837 ns, Reaching safepoint: 4108 ns, Cleanup: 287780 ns, At safepoint: 32815 ns, Total: 324703 ns
[2025-01-17T09:21:36.318+0000][81][info ][safepoint   ] Safepoint "ICBufferFull", Time since last: 646712045 ns, Reaching safepoint: 5015 ns, Cleanup: 288277 ns, At safepoint: 16553 ns, Total: 309845 ns
[2025-01-17T09:21:37.319+0000][81][info ][safepoint   ] Safepoint "Cleanup", Time since last: 1000757435 ns, Reaching safepoint: 3740 ns, Cleanup: 265693 ns, At safepoint: 27442 ns, Total: 296875 ns
[2025-01-17T09:21:37.764+0000][81][info ][safepoint   ] Safepoint "ICBufferFull", Time since last: 444681534 ns, Reaching safepoint: 3381 ns, Cleanup: 269271 ns, At safepoint: 15261 ns, Total: 287913 ns
[2025-01-17T09:21:38.269+0000][81][info ][gc,start    ] GC(7) Pause Young (Concurrent Start) (Metadata GC Threshold)
[2025-01-17T09:21:38.269+0000][81][info ][gc,task     ] GC(7) Using 18 workers of 18 for evacuation
[2025-01-17T09:21:38.269+0000][81][debug][gc,age      ] GC(7) Desired survivor size 134217728 bytes, new threshold 15 (max threshold 15)
[2025-01-17T09:21:38.287+0000][81][info ][gc,phases   ] GC(7)   Pre Evacuate Collection Set: 0.3ms
[2025-01-17T09:21:38.288+0000][81][info ][gc,phases   ] GC(7)   Merge Heap Roots: 0.3ms
[2025-01-17T09:21:38.289+0000][81][info ][gc,phases   ] GC(7)   Evacuate Collection Set: 13.0ms
[2025-01-17T09:21:38.289+0000][81][info ][gc,phases   ] GC(7)   Post Evacuate Collection Set: 3.8ms
[2025-01-17T09:21:38.290+0000][81][info ][gc,phases   ] GC(7)   Other: 0.8ms
[2025-01-17T09:21:38.290+0000][81][trace][gc,age      ] GC(7) Age table with threshold 15 (max threshold 15)
[2025-01-17T09:21:38.291+0000][81][trace][gc,age      ] GC(7) - age   1:   29359408 bytes,   29359408 total
[2025-01-17T09:21:38.291+0000][81][trace][gc,age      ] GC(7) - age   2:    2943360 bytes,   32302768 total
[2025-01-17T09:21:38.292+0000][81][trace][gc,age      ] GC(7) - age   3:    7592328 bytes,   39895096 total
[2025-01-17T09:21:38.292+0000][81][trace][gc,age      ] GC(7) - age   4:    5483144 bytes,   45378240 total
[2025-01-17T09:21:38.293+0000][81][trace][gc,age      ] GC(7) - age   5:    1984464 bytes,   47362704 total
[2025-01-17T09:21:38.293+0000][81][trace][gc,age      ] GC(7) - age   6:    8800664 bytes,   56163368 total
[2025-01-17T09:21:38.294+0000][81][info ][gc,heap     ] GC(7) Eden regions: 226->0(310)
[2025-01-17T09:21:38.294+0000][81][info ][gc,heap     ] GC(7) Survivor regions: 8->15(64)
[2025-01-17T09:21:38.295+0000][81][info ][gc,heap     ] GC(7) Old regions: 0->0
[2025-01-17T09:21:38.295+0000][81][info ][gc,heap     ] GC(7) Archive regions: 2->2
[2025-01-17T09:21:38.296+0000][81][info ][gc,heap     ] GC(7) Humongous regions: 0->0
[2025-01-17T09:21:38.297+0000][81][info ][gc,metaspace] GC(7) Metaspace: 59098K(60480K)->59098K(60480K) NonClass: 51923K(52736K)->51923K(52736K) Class: 7175K(7744K)->7175K(7744K)
[2025-01-17T09:21:38.297+0000][81][info ][gc          ] GC(7) Pause Young (Concurrent Start) (Metadata GC Threshold) 934M->62M(3392M) 28.488ms
[2025-01-17T09:21:38.298+0000][81][info ][gc,cpu      ] GC(7) User=0.21s Sys=0.00s Real=0.03s
[2025-01-17T09:21:38.298+0000][81][info ][gc          ] GC(8) Concurrent Mark Cycle
[2025-01-17T09:21:38.299+0000][81][info ][safepoint   ] Safepoint "CollectForMetadataAllocation", Time since last: 504750927 ns, Reaching safepoint: 3704 ns, Cleanup: 287865 ns, At safepoint: 29899987 ns, Total: 30191556 ns
[2025-01-17T09:21:38.299+0000][81][info ][gc,marking  ] GC(8) Concurrent Scan Root Regions
[2025-01-17T09:21:38.308+0000][81][info ][gc,marking  ] GC(8) Concurrent Scan Root Regions 8.544ms
[2025-01-17T09:21:38.309+0000][81][info ][gc,marking  ] GC(8) Concurrent Mark
[2025-01-17T09:21:38.309+0000][81][info ][gc,marking  ] GC(8) Concurrent Mark From Roots
[2025-01-17T09:21:38.310+0000][81][info ][gc,task     ] GC(8) Using 5 workers of 5 for marking
[2025-01-17T09:21:38.311+0000][81][info ][gc,marking  ] GC(8) Concurrent Mark From Roots 2.263ms
[2025-01-17T09:21:38.312+0000][81][info ][gc,marking  ] GC(8) Concurrent Preclean
[2025-01-17T09:21:38.312+0000][81][info ][gc,marking  ] GC(8) Concurrent Preclean 0.537ms
[2025-01-17T09:21:38.313+0000][81][info ][gc,start    ] GC(8) Pause Remark
[2025-01-17T09:21:38.318+0000][81][info ][gc          ] GC(8) Pause Remark 66M->66M(3392M) 4.438ms
[2025-01-17T09:21:38.318+0000][81][info ][gc,cpu      ] GC(8) User=0.02s Sys=0.00s Real=0.00s
[2025-01-17T09:21:38.319+0000][81][info ][safepoint   ] Safepoint "G1PauseRemark", Time since last: 14353978 ns, Reaching safepoint: 94388 ns, Cleanup: 258036 ns, At safepoint: 5733213 ns, Total: 6085637 ns
[2025-01-17T09:21:38.320+0000][81][info ][gc,marking  ] GC(8) Concurrent Mark 11.097ms
[2025-01-17T09:21:38.321+0000][81][info ][gc,marking  ] GC(8) Concurrent Rebuild Remembered Sets and Scrub Regions
[2025-01-17T09:21:38.321+0000][81][info ][gc,marking  ] GC(8) Concurrent Rebuild Remembered Sets and Scrub Regions 0.733ms
[2025-01-17T09:21:38.323+0000][81][info ][gc,start    ] GC(8) Pause Cleanup
[2025-01-17T09:21:38.323+0000][81][info ][gc          ] GC(8) Pause Cleanup 66M->66M(3392M) 0.524ms
[2025-01-17T09:21:38.324+0000][81][info ][gc,cpu      ] GC(8) User=0.01s Sys=0.00s Real=0.00s
[2025-01-17T09:21:38.324+0000][81][info ][safepoint   ] Safepoint "G1PauseCleanup", Time since last: 3230333 ns, Reaching safepoint: 91732 ns, Cleanup: 263549 ns, At safepoint: 1453130 ns, Total: 1808411 ns
[2025-01-17T09:21:38.325+0000][81][info ][gc,marking  ] GC(8) Concurrent Clear Claimed Marks
[2025-01-17T09:21:38.325+0000][81][info ][gc,marking  ] GC(8) Concurrent Clear Claimed Marks 0.579ms
[2025-01-17T09:21:38.326+0000][81][info ][gc,marking  ] GC(8) Concurrent Cleanup for Next Mark
[2025-01-17T09:21:38.329+0000][81][info ][gc,marking  ] GC(8) Concurrent Cleanup for Next Mark 2.780ms
[2025-01-17T09:21:38.329+0000][81][info ][gc          ] GC(8) Concurrent Mark Cycle 31.326ms
[2025-01-17T09:21:39.325+0000][81][info ][safepoint   ] Safepoint "Cleanup", Time since last: 1000752316 ns, Reaching safepoint: 245997 ns, Cleanup: 312611 ns, At safepoint: 34590 ns, Total: 593198 ns
[2025-01-17T09:21:40.600+0000][81][info ][safepoint   ] Safepoint "Cleanup", Time since last: 1274403658 ns, Reaching safepoint: 3090 ns, Cleanup: 300445 ns, At safepoint: 32206 ns, Total: 335741 ns
[2025-01-17T09:21:41.739+0000][81][info ][safepoint   ] Safepoint "Cleanup", Time since last: 1138687487 ns, Reaching safepoint: 5244 ns, Cleanup: 323734 ns, At safepoint: 48055 ns, Total: 377033 ns
[2025-01-17T09:21:42.637+0000][81][info ][gc,start    ] GC(9) Pause Young (Concurrent Start) (Metadata GC Threshold)
[2025-01-17T09:21:42.637+0000][81][info ][gc,task     ] GC(9) Using 18 workers of 18 for evacuation
[2025-01-17T09:21:42.638+0000][81][debug][gc,age      ] GC(9) Desired survivor size 85983232 bytes, new threshold 15 (max threshold 15)
[2025-01-17T09:21:42.664+0000][81][info ][gc,phases   ] GC(9)   Pre Evacuate Collection Set: 0.3ms
[2025-01-17T09:21:42.664+0000][81][info ][gc,phases   ] GC(9)   Merge Heap Roots: 0.3ms
[2025-01-17T09:21:42.665+0000][81][info ][gc,phases   ] GC(9)   Evacuate Collection Set: 21.0ms
[2025-01-17T09:21:42.665+0000][81][info ][gc,phases   ] GC(9)   Post Evacuate Collection Set: 3.8ms
[2025-01-17T09:21:42.666+0000][81][info ][gc,phases   ] GC(9)   Other: 0.8ms
[2025-01-17T09:21:42.666+0000][81][trace][gc,age      ] GC(9) Age table with threshold 15 (max threshold 15)
[2025-01-17T09:21:42.666+0000][81][trace][gc,age      ] GC(9) - age   1:   16783328 bytes,   16783328 total
[2025-01-17T09:21:42.667+0000][81][trace][gc,age      ] GC(9) - age   2:   28852144 bytes,   45635472 total
[2025-01-17T09:21:42.667+0000][81][trace][gc,age      ] GC(9) - age   3:    2937912 bytes,   48573384 total
[2025-01-17T09:21:42.667+0000][81][trace][gc,age      ] GC(9) - age   4:    7565448 bytes,   56138832 total
[2025-01-17T09:21:42.668+0000][81][trace][gc,age      ] GC(9) - age   5:    5467864 bytes,   61606696 total
[2025-01-17T09:21:42.668+0000][81][trace][gc,age      ] GC(9) - age   6:    1981936 bytes,   63588632 total
[2025-01-17T09:21:42.668+0000][81][trace][gc,age      ] GC(9) - age   7:    8774232 bytes,   72362864 total
[2025-01-17T09:21:42.669+0000][81][info ][gc,heap     ] GC(9) Eden regions: 125->0(194)
[2025-01-17T09:21:42.669+0000][81][info ][gc,heap     ] GC(9) Survivor regions: 15->19(41)
[2025-01-17T09:21:42.670+0000][81][info ][gc,heap     ] GC(9) Old regions: 0->0
[2025-01-17T09:21:42.670+0000][81][info ][gc,heap     ] GC(9) Archive regions: 2->2
[2025-01-17T09:21:42.671+0000][81][info ][gc,heap     ] GC(9) Humongous regions: 0->0
[2025-01-17T09:21:42.671+0000][81][info ][gc,metaspace] GC(9) Metaspace: 99081K(101120K)->99081K(101120K) NonClass: 86273K(87424K)->86273K(87424K) Class: 12808K(13696K)->12808K(13696K)
[2025-01-17T09:21:42.672+0000][81][info ][gc          ] GC(9) Pause Young (Concurrent Start) (Metadata GC Threshold) 562M->78M(3392M) 34.717ms
[2025-01-17T09:21:42.672+0000][81][info ][gc,cpu      ] GC(9) User=0.27s Sys=0.00s Real=0.04s
[2025-01-17T09:21:42.672+0000][81][info ][gc          ] GC(10) Concurrent Mark Cycle
[2025-01-17T09:21:42.673+0000][81][info ][safepoint   ] Safepoint "CollectForMetadataAllocation", Time since last: 897342916 ns, Reaching safepoint: 4858 ns, Cleanup: 286785 ns, At safepoint: 35870997 ns, Total: 36162640 ns
[2025-01-17T09:21:42.673+0000][81][info ][gc,marking  ] GC(10) Concurrent Scan Root Regions
[2025-01-17T09:21:42.683+0000][81][info ][gc,marking  ] GC(10) Concurrent Scan Root Regions 10.015ms
[2025-01-17T09:21:42.684+0000][81][info ][gc,marking  ] GC(10) Concurrent Mark
[2025-01-17T09:21:42.684+0000][81][info ][gc,marking  ] GC(10) Concurrent Mark From Roots
[2025-01-17T09:21:42.685+0000][81][info ][gc,task     ] GC(10) Using 5 workers of 5 for marking
[2025-01-17T09:21:42.687+0000][81][info ][gc,marking  ] GC(10) Concurrent Mark From Roots 2.400ms
[2025-01-17T09:21:42.687+0000][81][info ][gc,marking  ] GC(10) Concurrent Preclean
[2025-01-17T09:21:42.687+0000][81][info ][gc,marking  ] GC(10) Concurrent Preclean 0.391ms
[2025-01-17T09:21:42.688+0000][81][info ][gc,start    ] GC(10) Pause Remark
[2025-01-17T09:21:42.694+0000][81][info ][gc          ] GC(10) Pause Remark 82M->82M(3392M) 5.532ms
[2025-01-17T09:21:42.695+0000][81][info ][gc,cpu      ] GC(10) User=0.03s Sys=0.00s Real=0.01s
[2025-01-17T09:21:42.695+0000][81][info ][safepoint   ] Safepoint "G1PauseRemark", Time since last: 15255604 ns, Reaching safepoint: 83476 ns, Cleanup: 286348 ns, At safepoint: 6939359 ns, Total: 7309183 ns
[2025-01-17T09:21:42.696+0000][81][info ][gc,marking  ] GC(10) Concurrent Mark 12.406ms
[2025-01-17T09:21:42.697+0000][81][info ][gc,marking  ] GC(10) Concurrent Rebuild Remembered Sets and Scrub Regions
[2025-01-17T09:21:42.697+0000][81][info ][gc,marking  ] GC(10) Concurrent Rebuild Remembered Sets and Scrub Regions 0.848ms
[2025-01-17T09:21:42.699+0000][81][info ][gc,start    ] GC(10) Pause Cleanup
[2025-01-17T09:21:42.699+0000][81][info ][gc          ] GC(10) Pause Cleanup 82M->82M(3392M) 0.609ms
[2025-01-17T09:21:42.700+0000][81][info ][gc,cpu      ] GC(10) User=0.01s Sys=0.00s Real=0.01s
[2025-01-17T09:21:42.700+0000][81][info ][safepoint   ] Safepoint "G1PauseCleanup", Time since last: 2929495 ns, Reaching safepoint: 103533 ns, Cleanup: 331649 ns, At safepoint: 1733881 ns, Total: 2169063 ns
[2025-01-17T09:21:42.701+0000][81][info ][gc,marking  ] GC(10) Concurrent Clear Claimed Marks
[2025-01-17T09:21:42.702+0000][81][info ][gc,marking  ] GC(10) Concurrent Clear Claimed Marks 0.815ms
[2025-01-17T09:21:42.702+0000][81][info ][gc,marking  ] GC(10) Concurrent Cleanup for Next Mark
[2025-01-17T09:21:42.705+0000][81][info ][gc,marking  ] GC(10) Concurrent Cleanup for Next Mark 2.446ms
[2025-01-17T09:21:42.706+0000][81][info ][gc          ] GC(10) Concurrent Mark Cycle 33.511ms
[2025-01-17T09:21:43.991+0000][81][info ][safepoint   ] Safepoint "ICBufferFull", Time since last: 1290250630 ns, Reaching safepoint: 9318 ns, Cleanup: 702124 ns, At safepoint: 43972 ns, Total: 755414 ns
[2025-01-17T09:21:44.256+0000][81][info ][safepoint   ] Safepoint "ICBufferFull", Time since last: 263838650 ns, Reaching safepoint: 17375 ns, Cleanup: 830967 ns, At safepoint: 183695 ns, Total: 1032037 ns
[2025-01-17T09:21:45.177+0000][81][info ][safepoint   ] Safepoint "ICBufferFull", Time since last: 920326844 ns, Reaching safepoint: 6413 ns, Cleanup: 271586 ns, At safepoint: 15425 ns, Total: 293424 ns
[2025-01-17T09:21:45.917+0000][81][info ][safepoint   ] Safepoint "ICBufferFull", Time since last: 739501165 ns, Reaching safepoint: 17188 ns, Cleanup: 789779 ns, At safepoint: 88374 ns, Total: 895341 ns
[2025-01-17T09:21:46.186+0000][81][info ][safepoint   ] Safepoint "ICBufferFull", Time since last: 267328724 ns, Reaching safepoint: 16198 ns, Cleanup: 807195 ns, At safepoint: 179291 ns, Total: 1002684 ns
[2025-01-17T09:21:46.505+0000][81][info ][safepoint   ] Safepoint "ICBufferFull", Time since last: 318813775 ns, Reaching safepoint: 9100 ns, Cleanup: 356183 ns, At safepoint: 58611 ns, Total: 423894 ns
[2025-01-17T09:21:46.998+0000][81][info ][safepoint   ] Safepoint "ICBufferFull", Time since last: 492612843 ns, Reaching safepoint: 18528 ns, Cleanup: 759628 ns, At safepoint: 12271 ns, Total: 790427 ns
[2025-01-17T09:21:48.000+0000][81][info ][safepoint   ] Safepoint "Cleanup", Time since last: 1000698728 ns, Reaching safepoint: 26506 ns, Cleanup: 862347 ns, At safepoint: 88483 ns, Total: 977336 ns
[2025-01-17T09:21:48.998+0000][81][info ][safepoint   ] Safepoint "Cleanup", Time since last: 1000675451 ns, Reaching safepoint: 17280 ns, Cleanup: 312437 ns, At safepoint: 18661 ns, Total: 348378 ns
[2025-01-17T09:21:49.875+0000][81][info ][safepoint   ] Safepoint "ICBufferFull", Time since last: 876827342 ns, Reaching safepoint: 19062 ns, Cleanup: 753126 ns, At safepoint: 50919 ns, Total: 823107 ns
[2025-01-17T09:21:50.375+0000][81][info ][safepoint   ] Safepoint "ICBufferFull", Time since last: 498797427 ns, Reaching safepoint: 7569 ns, Cleanup: 298593 ns, At safepoint: 5969 ns, Total: 312131 ns
[2025-01-17T09:21:51.047+0000][81][info ][safepoint   ] Safepoint "ICBufferFull", Time since last: 671873740 ns, Reaching safepoint: 16579 ns, Cleanup: 289886 ns, At safepoint: 45811 ns, Total: 352276 ns
[2025-01-17T09:21:52.048+0000][81][info ][safepoint   ] Safepoint "Cleanup", Time since last: 1000574021 ns, Reaching safepoint: 20485 ns, Cleanup: 317907 ns, At safepoint: 24628 ns, Total: 363020 ns
[2025-01-17T09:21:53.453+0000][81][info ][safepoint   ] Safepoint "Cleanup", Time since last: 1404974001 ns, Reaching safepoint: 15531 ns, Cleanup: 328314 ns, At safepoint: 19009 ns, Total: 362854 ns
[2025-01-17T09:21:55.248+0000][81][info ][safepoint   ] Safepoint "ICBufferFull", Time since last: 1768397088 ns, Reaching safepoint: 25929547 ns, Cleanup: 748464 ns, At safepoint: 198490 ns, Total: 26876501 ns
[2025-01-17T09:21:55.250+0000][81][info ][safepoint   ] Safepoint "ICBufferFull", Time since last: 755651 ns, Reaching safepoint: 437758 ns, Cleanup: 358516 ns, At safepoint: 175120 ns, Total: 971394 ns
[2025-01-17T09:21:55.255+0000][81][info ][safepoint   ] Safepoint "ICBufferFull", Time since last: 4013530 ns, Reaching safepoint: 175166 ns, Cleanup: 312583 ns, At safepoint: 96068 ns, Total: 583817 ns
[2025-01-17T09:21:55.258+0000][81][info ][safepoint   ] Safepoint "ICBufferFull", Time since last: 1341617 ns, Reaching safepoint: 729394 ns, Cleanup: 731606 ns, At safepoint: 135658 ns, Total: 1596658 ns
[2025-01-17T09:21:55.260+0000][81][info ][safepoint   ] Safepoint "ICBufferFull", Time since last: 2182654 ns, Reaching safepoint: 155167 ns, Cleanup: 331624 ns, At safepoint: 137287 ns, Total: 624078 ns
[2025-01-17T09:21:55.264+0000][81][info ][safepoint   ] Safepoint "ICBufferFull", Time since last: 670102 ns, Reaching safepoint: 2186012 ns, Cleanup: 396147 ns, At safepoint: 148827 ns, Total: 2730986 ns
[2025-01-17T09:21:55.265+0000][81][info ][safepoint   ] Safepoint "ICBufferFull", Time since last: 670703 ns, Reaching safepoint: 160100 ns, Cleanup: 679640 ns, At safepoint: 79548 ns, Total: 919288 ns
[2025-01-17T09:21:55.532+0000][81][info ][safepoint   ] Safepoint "ICBufferFull", Time since last: 266155057 ns, Reaching safepoint: 20916 ns, Cleanup: 362581 ns, At safepoint: 36939 ns, Total: 420436 ns
[2025-01-17T09:21:55.724+0000][81][info ][safepoint   ] Safepoint "ICBufferFull", Time since last: 191714893 ns, Reaching safepoint: 115249 ns, Cleanup: 338662 ns, At safepoint: 84268 ns, Total: 538179 ns
[2025-01-17T09:21:56.133+0000][81][info ][safepoint   ] Safepoint "ICBufferFull", Time since last: 407894199 ns, Reaching safepoint: 45951 ns, Cleanup: 682156 ns, At safepoint: 46102 ns, Total: 774209 ns
[2025-01-17T09:21:56.686+0000][81][info ][safepoint   ] Safepoint "ICBufferFull", Time since last: 552732429 ns, Reaching safepoint: 18610 ns, Cleanup: 322002 ns, At safepoint: 25863 ns, Total: 366475 ns
[2025-01-17T09:21:57.054+0000][81][info ][safepoint   ] Safepoint "ICBufferFull", Time since last: 367578472 ns, Reaching safepoint: 15579 ns, Cleanup: 312270 ns, At safepoint: 33912 ns, Total: 361761 ns
[2025-01-17T09:21:57.202+0000][81][info ][safepoint   ] Safepoint "ICBufferFull", Time since last: 147370710 ns, Reaching safepoint: 137101 ns, Cleanup: 372379 ns, At safepoint: 120740 ns, Total: 630220 ns
[2025-01-17T09:21:57.611+0000][81][info ][gc,start    ] GC(11) Pause Young (Normal) (G1 Evacuation Pause)
[2025-01-17T09:21:57.612+0000][81][info ][gc,task     ] GC(11) Using 18 workers of 18 for evacuation
[2025-01-17T09:21:57.612+0000][81][debug][gc,age      ] GC(11) Desired survivor size 56623104 bytes, new threshold 5 (max threshold 15)
[2025-01-17T09:21:57.667+0000][81][info ][gc,phases   ] GC(11)   Pre Evacuate Collection Set: 0.5ms
[2025-01-17T09:21:57.667+0000][81][info ][gc,phases   ] GC(11)   Merge Heap Roots: 0.3ms
[2025-01-17T09:21:57.668+0000][81][info ][gc,phases   ] GC(11)   Evacuate Collection Set: 46.3ms
[2025-01-17T09:21:57.668+0000][81][info ][gc,phases   ] GC(11)   Post Evacuate Collection Set: 7.3ms
[2025-01-17T09:21:57.668+0000][81][info ][gc,phases   ] GC(11)   Other: 0.8ms
[2025-01-17T09:21:57.669+0000][81][trace][gc,age      ] GC(11) Age table with threshold 5 (max threshold 15)
[2025-01-17T09:21:57.669+0000][81][trace][gc,age      ] GC(11) - age   1:   53479224 bytes,   53479224 total
[2025-01-17T09:21:57.669+0000][81][trace][gc,age      ] GC(11) - age   2:   14573528 bytes,   68052752 total
[2025-01-17T09:21:57.670+0000][81][trace][gc,age      ] GC(11) - age   3:   27260352 bytes,   95313104 total
[2025-01-17T09:21:57.670+0000][81][trace][gc,age      ] GC(11) - age   4:    2905016 bytes,   98218120 total
[2025-01-17T09:21:57.672+0000][81][trace][gc,age      ] GC(11) - age   5:    7404216 bytes,  105622336 total
[2025-01-17T09:21:57.672+0000][81][info ][gc,heap     ] GC(11) Eden regions: 194->0(123)
[2025-01-17T09:21:57.673+0000][81][info ][gc,heap     ] GC(11) Survivor regions: 19->27(27)
[2025-01-17T09:21:57.673+0000][81][info ][gc,heap     ] GC(11) Old regions: 0->6
[2025-01-17T09:21:57.673+0000][81][info ][gc,heap     ] GC(11) Archive regions: 2->2
[2025-01-17T09:21:57.674+0000][81][info ][gc,heap     ] GC(11) Humongous regions: 4->4
[2025-01-17T09:21:57.674+0000][81][info ][gc,metaspace] GC(11) Metaspace: 130127K(133696K)->130127K(133696K) NonClass: 112483K(114432K)->112483K(114432K) Class: 17644K(19264K)->17644K(19264K)
[2025-01-17T09:21:57.675+0000][81][info ][gc          ] GC(11) Pause Young (Normal) (G1 Evacuation Pause) 870M->148M(3392M) 63.332ms
[2025-01-17T09:21:57.675+0000][81][info ][gc,cpu      ] GC(11) User=0.51s Sys=0.00s Real=0.06s
[2025-01-17T09:21:57.675+0000][81][info ][safepoint   ] Safepoint "G1CollectForAllocation", Time since last: 408802573 ns, Reaching safepoint: 20462 ns, Cleanup: 355531 ns, At safepoint: 64188787 ns, Total: 64564780 ns
[2025-01-17T09:21:58.302+0000][81][info ][safepoint   ] Safepoint "ICBufferFull", Time since last: 626332900 ns, Reaching safepoint: 14576 ns, Cleanup: 476380 ns, At safepoint: 35896 ns, Total: 526852 ns
[2025-01-17T09:21:58.666+0000][81][info ][safepoint   ] Safepoint "ICBufferFull", Time since last: 363250401 ns, Reaching safepoint: 52516 ns, Cleanup: 746286 ns, At safepoint: 72291 ns, Total: 871093 ns
[2025-01-17T09:21:59.421+0000][81][info ][safepoint   ] Safepoint "ICBufferFull", Time since last: 753534764 ns, Reaching safepoint: 52450 ns, Cleanup: 714165 ns, At safepoint: 188700 ns, Total: 955315 ns
[2025-01-17T09:22:00.287+0000][81][info ][safepoint   ] Safepoint "ICBufferFull", Time since last: 865477266 ns, Reaching safepoint: 45866 ns, Cleanup: 639924 ns, At safepoint: 55843 ns, Total: 741633 ns
[2025-01-17T09:22:01.168+0000][81][info ][safepoint   ] Safepoint "ICBufferFull", Time since last: 879921740 ns, Reaching safepoint: 119634 ns, Cleanup: 405958 ns, At safepoint: 61484 ns, Total: 587076 ns
[2025-01-17T09:22:01.398+0000][81][info ][safepoint   ] Safepoint "ICBufferFull", Time since last: 229483335 ns, Reaching safepoint: 41667 ns, Cleanup: 674641 ns, At safepoint: 170580 ns, Total: 886888 ns
[2025-01-17T09:22:01.874+0000][81][info ][safepoint   ] Safepoint "ICBufferFull", Time since last: 475619866 ns, Reaching safepoint: 17509 ns, Cleanup: 363080 ns, At safepoint: 43517 ns, Total: 424106 ns
[2025-01-17T09:22:02.400+0000][81][info ][safepoint   ] Safepoint "ICBufferFull", Time since last: 525195035 ns, Reaching safepoint: 77641 ns, Cleanup: 744511 ns, At safepoint: 39310 ns, Total: 861462 ns
[2025-01-17T09:22:03.230+0000][81][info ][safepoint   ] Safepoint "ICBufferFull", Time since last: 828813804 ns, Reaching safepoint: 62470 ns, Cleanup: 728598 ns, At safepoint: 132902 ns, Total: 923970 ns
[2025-01-17T09:22:03.763+0000][81][info ][safepoint   ] Safepoint "ICBufferFull", Time since last: 532219282 ns, Reaching safepoint: 54786 ns, Cleanup: 719299 ns, At safepoint: 133493 ns, Total: 907578 ns
[2025-01-17T09:22:04.185+0000][81][info ][safepoint   ] Safepoint "ICBufferFull", Time since last: 421752081 ns, Reaching safepoint: 32765 ns, Cleanup: 744386 ns, At safepoint: 71218 ns, Total: 848369 ns
[2025-01-17T09:22:04.361+0000][81][info ][safepoint   ] Safepoint "ICBufferFull", Time since last: 175307956 ns, Reaching safepoint: 23778 ns, Cleanup: 371216 ns, At safepoint: 135773 ns, Total: 530767 ns
[2025-01-17T09:22:04.840+0000][81][info ][gc,start    ] GC(12) Pause Young (Normal) (G1 Evacuation Pause)
[2025-01-17T09:22:04.841+0000][81][info ][gc,task     ] GC(12) Using 18 workers of 18 for evacuation
[2025-01-17T09:22:04.841+0000][81][debug][gc,age      ] GC(12) Desired survivor size 39845888 bytes, new threshold 1 (max threshold 15)
[2025-01-17T09:22:04.870+0000][81][info ][gc,phases   ] GC(12)   Pre Evacuate Collection Set: 1.1ms
[2025-01-17T09:22:04.870+0000][81][info ][gc,phases   ] GC(12)   Merge Heap Roots: 0.8ms
[2025-01-17T09:22:04.870+0000][81][info ][gc,phases   ] GC(12)   Evacuate Collection Set: 21.3ms
[2025-01-17T09:22:04.871+0000][81][info ][gc,phases   ] GC(12)   Post Evacuate Collection Set: 4.4ms
[2025-01-17T09:22:04.871+0000][81][info ][gc,phases   ] GC(12)   Other: 1.0ms
[2025-01-17T09:22:04.871+0000][81][trace][gc,age      ] GC(12) Age table with threshold 1 (max threshold 15)
[2025-01-17T09:22:04.872+0000][81][trace][gc,age      ] GC(12) - age   1:    9568520 bytes,    9568520 total
[2025-01-17T09:22:04.872+0000][81][info ][gc,heap     ] GC(12) Eden regions: 123->0(504)
[2025-01-17T09:22:04.872+0000][81][info ][gc,heap     ] GC(12) Survivor regions: 27->4(19)
[2025-01-17T09:22:04.873+0000][81][info ][gc,heap     ] GC(12) Old regions: 6->34
[2025-01-17T09:22:04.873+0000][81][info ][gc,heap     ] GC(12) Archive regions: 2->2
[2025-01-17T09:22:04.874+0000][81][info ][gc,heap     ] GC(12) Humongous regions: 4->4
[2025-01-17T09:22:04.874+0000][81][info ][gc,metaspace] GC(12) Metaspace: 138183K(142144K)->138183K(142144K) NonClass: 119538K(121728K)->119538K(121728K) Class: 18645K(20416K)->18645K(20416K)
[2025-01-17T09:22:04.874+0000][81][info ][gc          ] GC(12) Pause Young (Normal) (G1 Evacuation Pause) 640M->171M(3392M) 33.872ms
[2025-01-17T09:22:04.875+0000][81][info ][gc,cpu      ] GC(12) User=0.36s Sys=0.00s Real=0.03s
[2025-01-17T09:22:04.875+0000][81][info ][safepoint   ] Safepoint "G1CollectForAllocation", Time since last: 478200003 ns, Reaching safepoint: 65034 ns, Cleanup: 764068 ns, At safepoint: 35136058 ns, Total: 35965160 ns
[2025-01-17T09:22:05.777+0000][81][info ][safepoint   ] Safepoint "ICBufferFull", Time since last: 901005978 ns, Reaching safepoint: 36504 ns, Cleanup: 892132 ns, At safepoint: 77032 ns, Total: 1005668 ns
[2025-01-17T09:22:06.439+0000][81][info ][safepoint   ] Safepoint "ICBufferFull", Time since last: 661362495 ns, Reaching safepoint: 51189 ns, Cleanup: 305603 ns, At safepoint: 55559 ns, Total: 412351 ns
[2025-01-17T09:22:06.966+0000][81][info ][gc,start    ] GC(13) Pause Young (Concurrent Start) (CodeCache GC Threshold)
[2025-01-17T09:22:06.967+0000][81][info ][gc,task     ] GC(13) Using 18 workers of 18 for evacuation
[2025-01-17T09:22:06.967+0000][81][debug][gc,age      ] GC(13) Desired survivor size 134217728 bytes, new threshold 15 (max threshold 15)
[2025-01-17T09:22:06.978+0000][81][info ][gc,phases   ] GC(13)   Pre Evacuate Collection Set: 0.8ms
[2025-01-17T09:22:06.979+0000][81][info ][gc,phases   ] GC(13)   Merge Heap Roots: 0.3ms
[2025-01-17T09:22:06.980+0000][81][info ][gc,phases   ] GC(13)   Evacuate Collection Set: 6.5ms
[2025-01-17T09:22:06.980+0000][81][info ][gc,phases   ] GC(13)   Post Evacuate Collection Set: 2.7ms
[2025-01-17T09:22:06.980+0000][81][info ][gc,phases   ] GC(13)   Other: 1.4ms
[2025-01-17T09:22:06.981+0000][81][trace][gc,age      ] GC(13) Age table with threshold 15 (max threshold 15)
[2025-01-17T09:22:06.981+0000][81][trace][gc,age      ] GC(13) - age   1:    3193800 bytes,    3193800 total
[2025-01-17T09:22:06.982+0000][81][trace][gc,age      ] GC(13) - age   2:    8361280 bytes,   11555080 total
[2025-01-17T09:22:06.982+0000][81][info ][gc,heap     ] GC(13) Eden regions: 32->0(504)
[2025-01-17T09:22:06.982+0000][81][info ][gc,heap     ] GC(13) Survivor regions: 4->4(64)
[2025-01-17T09:22:06.983+0000][81][info ][gc,heap     ] GC(13) Old regions: 34->34
[2025-01-17T09:22:06.983+0000][81][info ][gc,heap     ] GC(13) Archive regions: 2->2
[2025-01-17T09:22:06.983+0000][81][info ][gc,heap     ] GC(13) Humongous regions: 4->4
[2025-01-17T09:22:06.984+0000][81][info ][gc,metaspace] GC(13) Metaspace: 138772K(142656K)->138772K(142656K) NonClass: 120117K(122240K)->120117K(122240K) Class: 18655K(20416K)->18655K(20416K)
[2025-01-17T09:22:06.984+0000][81][info ][gc          ] GC(13) Pause Young (Concurrent Start) (CodeCache GC Threshold) 299M->169M(3392M) 17.879ms
[2025-01-17T09:22:06.984+0000][81][info ][gc,cpu      ] GC(13) User=0.08s Sys=0.00s Real=0.01s
[2025-01-17T09:22:06.984+0000][81][info ][gc          ] GC(14) Concurrent Mark Cycle
[2025-01-17T09:22:06.985+0000][81][info ][gc,marking  ] GC(14) Concurrent Scan Root Regions
[2025-01-17T09:22:06.985+0000][81][info ][safepoint   ] Safepoint "G1TryInitiateConcMark", Time since last: 526475023 ns, Reaching safepoint: 35851 ns, Cleanup: 302025 ns, At safepoint: 18768806 ns, Total: 19106682 ns
[2025-01-17T09:22:06.990+0000][81][info ][gc,marking  ] GC(14) Concurrent Scan Root Regions 5.393ms
[2025-01-17T09:22:06.991+0000][81][info ][gc,marking  ] GC(14) Concurrent Mark
[2025-01-17T09:22:06.991+0000][81][info ][gc,marking  ] GC(14) Concurrent Mark From Roots
[2025-01-17T09:22:06.991+0000][81][info ][gc,task     ] GC(14) Using 5 workers of 5 for marking
[2025-01-17T09:22:07.026+0000][81][info ][gc,marking  ] GC(14) Concurrent Mark From Roots 35.124ms
[2025-01-17T09:22:07.027+0000][81][info ][gc,marking  ] GC(14) Concurrent Preclean
[2025-01-17T09:22:07.027+0000][81][info ][gc,marking  ] GC(14) Concurrent Preclean 0.443ms
[2025-01-17T09:22:07.028+0000][81][info ][gc,start    ] GC(14) Pause Remark
[2025-01-17T09:22:07.049+0000][81][info ][gc          ] GC(14) Pause Remark 187M->187M(3392M) 21.178ms
[2025-01-17T09:22:07.050+0000][81][info ][gc,cpu      ] GC(14) User=0.27s Sys=0.00s Real=0.02s
[2025-01-17T09:22:07.050+0000][81][info ][safepoint   ] Safepoint "G1PauseRemark", Time since last: 42707856 ns, Reaching safepoint: 77502 ns, Cleanup: 549021 ns, At safepoint: 22276199 ns, Total: 22902722 ns
[2025-01-17T09:22:07.051+0000][81][info ][gc,marking  ] GC(14) Concurrent Mark 60.023ms
[2025-01-17T09:22:07.051+0000][81][info ][gc,marking  ] GC(14) Concurrent Rebuild Remembered Sets and Scrub Regions
[2025-01-17T09:22:07.073+0000][81][info ][gc,marking  ] GC(14) Concurrent Rebuild Remembered Sets and Scrub Regions 21.635ms
[2025-01-17T09:22:07.074+0000][81][info ][gc,start    ] GC(14) Pause Cleanup
[2025-01-17T09:22:07.075+0000][81][info ][gc          ] GC(14) Pause Cleanup 188M->188M(3392M) 0.933ms
[2025-01-17T09:22:07.075+0000][81][info ][gc,cpu      ] GC(14) User=0.00s Sys=0.00s Real=0.00s
[2025-01-17T09:22:07.076+0000][81][info ][safepoint   ] Safepoint "G1PauseCleanup", Time since last: 23139616 ns, Reaching safepoint: 48232 ns, Cleanup: 370405 ns, At safepoint: 1810134 ns, Total: 2228771 ns
[2025-01-17T09:22:07.076+0000][81][info ][gc,marking  ] GC(14) Concurrent Clear Claimed Marks
[2025-01-17T09:22:07.077+0000][81][info ][gc,marking  ] GC(14) Concurrent Clear Claimed Marks 0.670ms
[2025-01-17T09:22:07.077+0000][81][info ][gc,marking  ] GC(14) Concurrent Cleanup for Next Mark
[2025-01-17T09:22:07.085+0000][81][info ][gc,marking  ] GC(14) Concurrent Cleanup for Next Mark 7.276ms
[2025-01-17T09:22:07.085+0000][81][info ][gc          ] GC(14) Concurrent Mark Cycle 100.608ms
[2025-01-17T09:22:07.276+0000][81][info ][safepoint   ] Safepoint "ICBufferFull", Time since last: 199981339 ns, Reaching safepoint: 119247 ns, Cleanup: 340554 ns, At safepoint: 71399 ns, Total: 531200 ns
[2025-01-17T09:22:08.091+0000][81][info ][safepoint   ] Safepoint "ICBufferFull", Time since last: 814250347 ns, Reaching safepoint: 23184 ns, Cleanup: 286011 ns, At safepoint: 53291 ns, Total: 362486 ns
[2025-01-17T09:22:08.956+0000][81][info ][safepoint   ] Safepoint "ICBufferFull", Time since last: 865111837 ns, Reaching safepoint: 36299 ns, Cleanup: 302990 ns, At safepoint: 39572 ns, Total: 378861 ns
[2025-01-17T09:22:10.248+0000][81][info ][safepoint   ] Safepoint "Cleanup", Time since last: 1290956213 ns, Reaching safepoint: 36584 ns, Cleanup: 604974 ns, At safepoint: 87263 ns, Total: 728821 ns
[2025-01-17T09:22:12.154+0000][81][info ][safepoint   ] Safepoint "Cleanup", Time since last: 1905205198 ns, Reaching safepoint: 21336 ns, Cleanup: 659400 ns, At safepoint: 45342 ns, Total: 726078 ns
[2025-01-17T09:22:13.177+0000][81][info ][safepoint   ] Safepoint "Cleanup", Time since last: 1022903709 ns, Reaching safepoint: 100612 ns, Cleanup: 250182 ns, At safepoint: 168650 ns, Total: 519444 ns
[2025-01-17T09:22:15.036+0000][81][info ][safepoint   ] Safepoint "Cleanup", Time since last: 1858018708 ns, Reaching safepoint: 16509 ns, Cleanup: 491123 ns, At safepoint: 41277 ns, Total: 548909 ns
[2025-01-17T09:22:16.052+0000][81][info ][safepoint   ] Safepoint "Cleanup", Time since last: 1015334053 ns, Reaching safepoint: 51627 ns, Cleanup: 770186 ns, At safepoint: 21437 ns, Total: 843250 ns
[2025-01-17T09:22:17.054+0000][81][info ][safepoint   ] Safepoint "Cleanup", Time since last: 1001676868 ns, Reaching safepoint: 51725 ns, Cleanup: 349251 ns, At safepoint: 20687 ns, Total: 421663 ns
[2025-01-17T09:22:18.059+0000][81][info ][safepoint   ] Safepoint "Cleanup", Time since last: 1004049450 ns, Reaching safepoint: 28330 ns, Cleanup: 309127 ns, At safepoint: 11830 ns, Total: 349287 ns
[2025-01-17T09:22:19.183+0000][81][info ][safepoint   ] Safepoint "Cleanup", Time since last: 1125338415 ns, Reaching safepoint: 9436 ns, Cleanup: 271742 ns, At safepoint: 21867 ns, Total: 303045 ns
[2025-01-17T09:22:21.066+0000][81][info ][safepoint   ] Safepoint "Cleanup", Time since last: 1881680504 ns, Reaching safepoint: 86866 ns, Cleanup: 460311 ns, At safepoint: 47943 ns, Total: 595120 ns
[2025-01-17T09:22:23.067+0000][81][info ][safepoint   ] Safepoint "Cleanup", Time since last: 2000874332 ns, Reaching safepoint: 26315 ns, Cleanup: 250255 ns, At safepoint: 9529 ns, Total: 286099 ns
[2025-01-17T09:22:24.069+0000][81][info ][safepoint   ] Safepoint "Cleanup", Time since last: 1001174063 ns, Reaching safepoint: 47802 ns, Cleanup: 678563 ns, At safepoint: 19657 ns, Total: 746022 ns
[2025-01-17T09:22:25.184+0000][81][info ][safepoint   ] Safepoint "Cleanup", Time since last: 1114573569 ns, Reaching safepoint: 12205 ns, Cleanup: 438059 ns, At safepoint: 69755 ns, Total: 520019 ns
[2025-01-17T09:22:27.089+0000][81][info ][safepoint   ] Safepoint "Cleanup", Time since last: 1905303207 ns, Reaching safepoint: 25643 ns, Cleanup: 258808 ns, At safepoint: 9752 ns, Total: 294203 ns
[2025-01-17T09:22:28.091+0000][81][info ][safepoint   ] Safepoint "Cleanup", Time since last: 1000645473 ns, Reaching safepoint: 35005 ns, Cleanup: 431071 ns, At safepoint: 12009 ns, Total: 478085 ns
[2025-01-17T09:22:29.093+0000][81][info ][safepoint   ] Safepoint "Cleanup", Time since last: 1001081317 ns, Reaching safepoint: 46947 ns, Cleanup: 871389 ns, At safepoint: 40848 ns, Total: 959184 ns
[2025-01-17T09:22:30.094+0000][81][info ][safepoint   ] Safepoint "Cleanup", Time since last: 1001277462 ns, Reaching safepoint: 24905 ns, Cleanup: 288435 ns, At safepoint: 10371 ns, Total: 323711 ns
[2025-01-17T09:22:31.096+0000][81][info ][safepoint   ] Safepoint "Cleanup", Time since last: 1000688551 ns, Reaching safepoint: 39231 ns, Cleanup: 472986 ns, At safepoint: 58717 ns, Total: 570934 ns
[2025-01-17T09:22:32.103+0000][81][info ][safepoint   ] Safepoint "Cleanup", Time since last: 1006512287 ns, Reaching safepoint: 20102 ns, Cleanup: 676460 ns, At safepoint: 50047 ns, Total: 746609 ns
[2025-01-17T09:22:33.111+0000][81][info ][safepoint   ] Safepoint "Cleanup", Time since last: 1007007592 ns, Reaching safepoint: 45952 ns, Cleanup: 711216 ns, At safepoint: 23659 ns, Total: 780827 ns
[2025-01-17T09:22:34.113+0000][81][info ][safepoint   ] Safepoint "Cleanup", Time since last: 1001490446 ns, Reaching safepoint: 31369 ns, Cleanup: 424276 ns, At safepoint: 11152 ns, Total: 466797 ns
[2025-01-17T09:22:35.115+0000][81][info ][safepoint   ] Safepoint "Cleanup", Time since last: 1001247475 ns, Reaching safepoint: 53105 ns, Cleanup: 817320 ns, At safepoint: 24203 ns, Total: 894628 ns
[2025-01-17T09:22:37.117+0000][81][info ][safepoint   ] Safepoint "Cleanup", Time since last: 2001400080 ns, Reaching safepoint: 38900 ns, Cleanup: 466224 ns, At safepoint: 17311 ns, Total: 522435 ns
[2025-01-17T09:22:38.121+0000][81][info ][safepoint   ] Safepoint "Cleanup", Time since last: 1004316647 ns, Reaching safepoint: 16398 ns, Cleanup: 489001 ns, At safepoint: 44648 ns, Total: 550047 ns
[2025-01-17T09:22:39.148+0000][81][info ][safepoint   ] Safepoint "Cleanup", Time since last: 1025680199 ns, Reaching safepoint: 40525 ns, Cleanup: 570268 ns, At safepoint: 21138 ns, Total: 631931 ns
[2025-01-17T09:22:40.151+0000][81][info ][safepoint   ] Safepoint "Cleanup", Time since last: 1003388129 ns, Reaching safepoint: 39471 ns, Cleanup: 226117 ns, At safepoint: 11552 ns, Total: 277140 ns
[2025-01-17T09:22:41.152+0000][81][info ][safepoint   ] Safepoint "Cleanup", Time since last: 1000731234 ns, Reaching safepoint: 26285 ns, Cleanup: 230355 ns, At safepoint: 9313 ns, Total: 265953 ns
[2025-01-17T09:22:43.155+0000][81][info ][safepoint   ] Safepoint "Cleanup", Time since last: 2001491444 ns, Reaching safepoint: 92499 ns, Cleanup: 828447 ns, At safepoint: 127407 ns, Total: 1048353 ns
[2025-01-17T09:22:44.165+0000][81][info ][safepoint   ] Safepoint "Cleanup", Time since last: 1009395807 ns, Reaching safepoint: 23253 ns, Cleanup: 485129 ns, At safepoint: 43956 ns, Total: 552338 ns
[2025-01-17T09:22:45.202+0000][81][info ][safepoint   ] Safepoint "Cleanup", Time since last: 1036697872 ns, Reaching safepoint: 24598 ns, Cleanup: 262601 ns, At safepoint: 10073 ns, Total: 297272 ns
[2025-01-17T09:22:46.203+0000][81][info ][safepoint   ] Safepoint "Cleanup", Time since last: 1000448871 ns, Reaching safepoint: 21464 ns, Cleanup: 279491 ns, At safepoint: 16447 ns, Total: 317402 ns
[2025-01-17T09:22:49.179+0000][81][info ][safepoint   ] Safepoint "Cleanup", Time since last: 2977779052 ns, Reaching safepoint: 23204 ns, Cleanup: 283486 ns, At safepoint: 46670 ns, Total: 353360 ns
[2025-01-17T09:22:50.191+0000][81][info ][safepoint   ] Safepoint "Cleanup", Time since last: 1011133858 ns, Reaching safepoint: 114211 ns, Cleanup: 240065 ns, At safepoint: 81099 ns, Total: 435375 ns
[2025-01-17T09:22:51.213+0000][81][info ][safepoint   ] Safepoint "Cleanup", Time since last: 1021763162 ns, Reaching safepoint: 37691 ns, Cleanup: 455152 ns, At safepoint: 13409 ns, Total: 506252 ns
[2025-01-17T09:22:52.516+0000][81][info ][safepoint   ] Safepoint "Cleanup", Time since last: 1302548564 ns, Reaching safepoint: 44923 ns, Cleanup: 644322 ns, At safepoint: 17986 ns, Total: 707231 ns
[2025-01-17T09:22:55.182+0000][81][info ][safepoint   ] Safepoint "Cleanup", Time since last: 2665176058 ns, Reaching safepoint: 13273 ns, Cleanup: 383038 ns, At safepoint: 89581 ns, Total: 485892 ns
[2025-01-17T09:22:56.224+0000][81][info ][safepoint   ] Safepoint "Cleanup", Time since last: 1041124403 ns, Reaching safepoint: 20078 ns, Cleanup: 716294 ns, At safepoint: 122969 ns, Total: 859341 ns
[2025-01-17T09:22:58.248+0000][81][info ][safepoint   ] Safepoint "Cleanup", Time since last: 2024200066 ns, Reaching safepoint: 24361 ns, Cleanup: 235208 ns, At safepoint: 7940 ns, Total: 267509 ns
[2025-01-17T09:22:59.250+0000][81][info ][safepoint   ] Safepoint "Cleanup", Time since last: 1000624691 ns, Reaching safepoint: 147998 ns, Cleanup: 492140 ns, At safepoint: 77896 ns, Total: 718034 ns
[2025-01-17T09:23:00.264+0000][81][info ][safepoint   ] Safepoint "Cleanup", Time since last: 1013399238 ns, Reaching safepoint: 51484 ns, Cleanup: 953855 ns, At safepoint: 63896 ns, Total: 1069235 ns
[2025-01-17T09:23:02.194+0000][81][info ][safepoint   ] Safepoint "Cleanup", Time since last: 1929812533 ns, Reaching safepoint: 33892 ns, Cleanup: 371590 ns, At safepoint: 14336 ns, Total: 419818 ns
[2025-01-17T09:23:03.259+0000][81][info ][safepoint   ] Safepoint "Cleanup", Time since last: 1063898634 ns, Reaching safepoint: 50037 ns, Cleanup: 288224 ns, At safepoint: 48055 ns, Total: 386316 ns
[2025-01-17T09:23:04.263+0000][81][info ][safepoint   ] Safepoint "Cleanup", Time since last: 1003175689 ns, Reaching safepoint: 49587 ns, Cleanup: 1058905 ns, At safepoint: 175135 ns, Total: 1283627 ns
[2025-01-17T09:23:05.265+0000][81][info ][safepoint   ] Safepoint "Cleanup", Time since last: 1001421125 ns, Reaching safepoint: 42824 ns, Cleanup: 541108 ns, At safepoint: 14879 ns, Total: 598811 ns
[2025-01-17T09:23:06.267+0000][81][info ][safepoint   ] Safepoint "Cleanup", Time since last: 1001090633 ns, Reaching safepoint: 52783 ns, Cleanup: 752498 ns, At safepoint: 23451 ns, Total: 828732 ns
[2025-01-17T09:23:07.269+0000][81][info ][safepoint   ] Safepoint "Cleanup", Time since last: 1001178063 ns, Reaching safepoint: 18987 ns, Cleanup: 765611 ns, At safepoint: 173518 ns, Total: 958116 ns
[2025-01-17T09:23:08.281+0000][81][info ][safepoint   ] Safepoint "Cleanup", Time since last: 1011140264 ns, Reaching safepoint: 34030 ns, Cleanup: 482571 ns, At safepoint: 15716 ns, Total: 532317 ns
[2025-01-17T09:23:09.300+0000][81][info ][safepoint   ] Safepoint "Cleanup", Time since last: 1018157872 ns, Reaching safepoint: 45282 ns, Cleanup: 811767 ns, At safepoint: 59262 ns, Total: 916311 ns
[2025-01-17T09:23:10.333+0000][81][info ][safepoint   ] Safepoint "Cleanup", Time since last: 1032843515 ns, Reaching safepoint: 34209 ns, Cleanup: 631975 ns, At safepoint: 52628 ns, Total: 718812 ns
[2025-01-17T09:23:13.174+0000][81][info ][safepoint   ] Safepoint "Cleanup", Time since last: 2840451672 ns, Reaching safepoint: 8545 ns, Cleanup: 254815 ns, At safepoint: 21117 ns, Total: 284477 ns
[2025-01-17T09:23:14.318+0000][81][info ][safepoint   ] Safepoint "Cleanup", Time since last: 1143526165 ns, Reaching safepoint: 28247 ns, Cleanup: 237415 ns, At safepoint: 9225 ns, Total: 274887 ns
[2025-01-17T09:23:15.331+0000][81][info ][safepoint   ] Safepoint "Cleanup", Time since last: 1012033999 ns, Reaching safepoint: 57192 ns, Cleanup: 848747 ns, At safepoint: 23578 ns, Total: 929517 ns
[2025-01-17T09:23:16.335+0000][81][info ][safepoint   ] Safepoint "Cleanup", Time since last: 1003547576 ns, Reaching safepoint: 40644 ns, Cleanup: 685026 ns, At safepoint: 84159 ns, Total: 809829 ns
[2025-01-17T09:23:18.340+0000][81][info ][safepoint   ] Safepoint "Cleanup", Time since last: 2004662358 ns, Reaching safepoint: 69389 ns, Cleanup: 453088 ns, At safepoint: 18257 ns, Total: 540734 ns
[2025-01-17T09:23:19.343+0000][81][info ][safepoint   ] Safepoint "Cleanup", Time since last: 1004107345 ns, Reaching safepoint: 13272 ns, Cleanup: 410911 ns, At safepoint: 32538 ns, Total: 456721 ns
[2025-01-17T09:23:20.369+0000][81][info ][safepoint   ] Safepoint "Cleanup", Time since last: 1025368180 ns, Reaching safepoint: 13032 ns, Cleanup: 292375 ns, At safepoint: 22216 ns, Total: 327623 ns
[2025-01-17T09:23:22.380+0000][81][info ][safepoint   ] Safepoint "Cleanup", Time since last: 2010390586 ns, Reaching safepoint: 42176 ns, Cleanup: 481204 ns, At safepoint: 14860 ns, Total: 538240 ns
[2025-01-17T09:23:25.182+0000][81][info ][safepoint   ] Safepoint "Cleanup", Time since last: 2802466501 ns, Reaching safepoint: 11211 ns, Cleanup: 258083 ns, At safepoint: 31136 ns, Total: 300430 ns
[2025-01-17T09:23:26.394+0000][81][info ][safepoint   ] Safepoint "Cleanup", Time since last: 1211531500 ns, Reaching safepoint: 41124 ns, Cleanup: 495676 ns, At safepoint: 21146 ns, Total: 557946 ns
[2025-01-17T09:23:28.400+0000][81][info ][safepoint   ] Safepoint "Cleanup", Time since last: 2005050383 ns, Reaching safepoint: 30389 ns, Cleanup: 466591 ns, At safepoint: 12685 ns, Total: 509665 ns
[2025-01-17T09:23:30.405+0000][81][info ][safepoint   ] Safepoint "Cleanup", Time since last: 2004960649 ns, Reaching safepoint: 37345 ns, Cleanup: 484903 ns, At safepoint: 14571 ns, Total: 536819 ns
[2025-01-17T09:23:31.411+0000][81][info ][safepoint   ] Safepoint "Cleanup", Time since last: 1004547747 ns, Reaching safepoint: 15283 ns, Cleanup: 599298 ns, At safepoint: 85588 ns, Total: 700169 ns
[2025-01-17T09:23:32.418+0000][81][info ][safepoint   ] Safepoint "Cleanup", Time since last: 1006394024 ns, Reaching safepoint: 46066 ns, Cleanup: 546083 ns, At safepoint: 19190 ns, Total: 611339 ns
[2025-01-17T09:23:34.420+0000][81][info ][safepoint   ] Safepoint "Cleanup", Time since last: 2002344252 ns, Reaching safepoint: 61571 ns, Cleanup: 278370 ns, At safepoint: 11870 ns, Total: 351811 ns
[2025-01-17T09:23:37.187+0000][81][info ][safepoint   ] Safepoint "Cleanup", Time since last: 2766549766 ns, Reaching safepoint: 32308 ns, Cleanup: 310876 ns, At safepoint: 23954 ns, Total: 367138 ns
[2025-01-17T09:23:38.440+0000][81][info ][safepoint   ] Safepoint "Cleanup", Time since last: 1252074194 ns, Reaching safepoint: 43699 ns, Cleanup: 531916 ns, At safepoint: 15640 ns, Total: 591255 ns
[2025-01-17T09:23:40.442+0000][81][info ][safepoint   ] Safepoint "Cleanup", Time since last: 2001328154 ns, Reaching safepoint: 40600 ns, Cleanup: 513023 ns, At safepoint: 15227 ns, Total: 568850 ns
[2025-01-17T09:23:43.185+0000][81][info ][safepoint   ] Safepoint "Cleanup", Time since last: 2742451205 ns, Reaching safepoint: 9526 ns, Cleanup: 293015 ns, At safepoint: 38701 ns, Total: 341242 ns
[2025-01-17T09:23:44.496+0000][81][info ][safepoint   ] Safepoint "Cleanup", Time since last: 1310724815 ns, Reaching safepoint: 29001 ns, Cleanup: 481294 ns, At safepoint: 56980 ns, Total: 567275 ns
[2025-01-17T09:23:45.498+0000][81][info ][safepoint   ] Safepoint "Cleanup", Time since last: 1002034256 ns, Reaching safepoint: 26368 ns, Cleanup: 299476 ns, At safepoint: 9779 ns, Total: 335623 ns
[2025-01-17T09:23:46.500+0000][81][info ][safepoint   ] Safepoint "Cleanup", Time since last: 1000865892 ns, Reaching safepoint: 45744 ns, Cleanup: 617861 ns, At safepoint: 20390 ns, Total: 683995 ns
[2025-01-17T09:23:48.502+0000][81][info ][safepoint   ] Safepoint "Cleanup", Time since last: 2001434849 ns, Reaching safepoint: 84519 ns, Cleanup: 748645 ns, At safepoint: 77868 ns, Total: 911032 ns
[2025-01-17T09:23:49.503+0000][81][info ][safepoint   ] Safepoint "Cleanup", Time since last: 1003138632 ns, Reaching safepoint: 10174 ns, Cleanup: 254490 ns, At safepoint: 32106 ns, Total: 296770 ns
[2025-01-17T09:23:50.509+0000][81][info ][safepoint   ] Safepoint "Cleanup", Time since last: 1006225592 ns, Reaching safepoint: 26003 ns, Cleanup: 276560 ns, At safepoint: 10171 ns, Total: 312734 ns
[2025-01-17T09:23:51.511+0000][81][info ][safepoint   ] Safepoint "Cleanup", Time since last: 1001315988 ns, Reaching safepoint: 51246 ns, Cleanup: 646901 ns, At safepoint: 21762 ns, Total: 719909 ns
[2025-01-17T09:23:52.515+0000][81][info ][safepoint   ] Safepoint "Cleanup", Time since last: 1002374249 ns, Reaching safepoint: 73510 ns, Cleanup: 594184 ns, At safepoint: 77265 ns, Total: 744959 ns
[2025-01-17T09:23:55.184+0000][81][info ][safepoint   ] Safepoint "Cleanup", Time since last: 2669034181 ns, Reaching safepoint: 10316 ns, Cleanup: 241023 ns, At safepoint: 31059 ns, Total: 282398 ns
[2025-01-17T09:23:56.527+0000][81][info ][safepoint   ] Safepoint "Cleanup", Time since last: 1342733436 ns, Reaching safepoint: 181887 ns, Cleanup: 543069 ns, At safepoint: 42996 ns, Total: 767952 ns
[2025-01-17T09:23:57.529+0000][81][info ][safepoint   ] Safepoint "Cleanup", Time since last: 1001381183 ns, Reaching safepoint: 45503 ns, Cleanup: 674336 ns, At safepoint: 23979 ns, Total: 743818 ns
[2025-01-17T09:23:58.534+0000][81][info ][safepoint   ] Safepoint "Cleanup", Time since last: 1003900800 ns, Reaching safepoint: 26712 ns, Cleanup: 288424 ns, At safepoint: 9443 ns, Total: 324579 ns
[2025-01-17T09:24:01.200+0000][81][info ][safepoint   ] Safepoint "Cleanup", Time since last: 2665567654 ns, Reaching safepoint: 16952 ns, Cleanup: 460506 ns, At safepoint: 40388 ns, Total: 517846 ns
[2025-01-17T09:24:02.544+0000][81][info ][safepoint   ] Safepoint "Cleanup", Time since last: 1343392343 ns, Reaching safepoint: 54969 ns, Cleanup: 788031 ns, At safepoint: 19789 ns, Total: 862789 ns
[2025-01-17T09:24:04.546+0000][81][info ][safepoint   ] Safepoint "Cleanup", Time since last: 2001530532 ns, Reaching safepoint: 112958 ns, Cleanup: 726988 ns, At safepoint: 25324 ns, Total: 865270 ns
[2025-01-17T09:24:05.548+0000][81][info ][safepoint   ] Safepoint "Cleanup", Time since last: 1000760786 ns, Reaching safepoint: 163506 ns, Cleanup: 514555 ns, At safepoint: 17504 ns, Total: 695565 ns
[2025-01-17T09:24:07.196+0000][81][info ][safepoint   ] Safepoint "Cleanup", Time since last: 1647908429 ns, Reaching safepoint: 9442 ns, Cleanup: 393971 ns, At safepoint: 61721 ns, Total: 465134 ns
[2025-01-17T09:24:08.570+0000][81][info ][safepoint   ] Safepoint "Cleanup", Time since last: 1373339241 ns, Reaching safepoint: 36970 ns, Cleanup: 421584 ns, At safepoint: 13163 ns, Total: 471717 ns
[2025-01-17T09:24:10.572+0000][81][info ][safepoint   ] Safepoint "Cleanup", Time since last: 2001600072 ns, Reaching safepoint: 51946 ns, Cleanup: 719114 ns, At safepoint: 20147 ns, Total: 791207 ns
[2025-01-17T09:24:13.175+0000][81][info ][safepoint   ] Safepoint "Cleanup", Time since last: 2602728060 ns, Reaching safepoint: 9513 ns, Cleanup: 253627 ns, At safepoint: 20039 ns, Total: 283179 ns
[2025-01-17T09:24:14.601+0000][81][info ][safepoint   ] Safepoint "Cleanup", Time since last: 1424356948 ns, Reaching safepoint: 47395 ns, Cleanup: 663632 ns, At safepoint: 17889 ns, Total: 728916 ns
[2025-01-17T09:24:19.197+0000][81][info ][safepoint   ] Safepoint "Cleanup", Time since last: 4597155316 ns, Reaching safepoint: 19001 ns, Cleanup: 516149 ns, At safepoint: 166335 ns, Total: 701485 ns
[2025-01-17T09:24:20.732+0000][81][info ][safepoint   ] Safepoint "Cleanup", Time since last: 1534938206 ns, Reaching safepoint: 39122 ns, Cleanup: 660316 ns, At safepoint: 34081 ns, Total: 733519 ns
[2025-01-17T09:24:21.740+0000][81][info ][safepoint   ] Safepoint "Cleanup", Time since last: 1007282690 ns, Reaching safepoint: 25184 ns, Cleanup: 225998 ns, At safepoint: 8237 ns, Total: 259419 ns
[2025-01-17T09:24:22.742+0000][81][info ][safepoint   ] Safepoint "Cleanup", Time since last: 1000909694 ns, Reaching safepoint: 48349 ns, Cleanup: 697127 ns, At safepoint: 20876 ns, Total: 766352 ns
[2025-01-17T09:24:25.176+0000][81][info ][safepoint   ] Safepoint "Cleanup", Time since last: 2433735552 ns, Reaching safepoint: 10952 ns, Cleanup: 275387 ns, At safepoint: 22261 ns, Total: 308600 ns
[2025-01-17T09:24:26.657+0000][81][info ][safepoint   ] Safepoint "Cleanup", Time since last: 1480471675 ns, Reaching safepoint: 55854 ns, Cleanup: 877594 ns, At safepoint: 22790 ns, Total: 956238 ns
[2025-01-17T09:24:27.659+0000][81][info ][safepoint   ] Safepoint "Cleanup", Time since last: 1001417346 ns, Reaching safepoint: 38928 ns, Cleanup: 544764 ns, At safepoint: 39791 ns, Total: 623483 ns
[2025-01-17T09:24:28.661+0000][81][info ][safepoint   ] Safepoint "Cleanup", Time since last: 1001137513 ns, Reaching safepoint: 163738 ns, Cleanup: 661969 ns, At safepoint: 71289 ns, Total: 896996 ns
[2025-01-17T09:24:31.201+0000][81][info ][safepoint   ] Safepoint "Cleanup", Time since last: 2539118357 ns, Reaching safepoint: 19948 ns, Cleanup: 651627 ns, At safepoint: 98824 ns, Total: 770399 ns
[2025-01-17T09:24:32.680+0000][81][info ][safepoint   ] Safepoint "Cleanup", Time since last: 1477807352 ns, Reaching safepoint: 70149 ns, Cleanup: 789152 ns, At safepoint: 20335 ns, Total: 879636 ns
[2025-01-17T09:24:34.681+0000][81][info ][safepoint   ] Safepoint "Cleanup", Time since last: 2001350897 ns, Reaching safepoint: 42916 ns, Cleanup: 216032 ns, At safepoint: 12671 ns, Total: 271619 ns
[2025-01-17T09:24:37.201+0000][81][info ][safepoint   ] Safepoint "Cleanup", Time since last: 2519416733 ns, Reaching safepoint: 9202 ns, Cleanup: 241687 ns, At safepoint: 19184 ns, Total: 270073 ns
[2025-01-17T09:24:38.696+0000][81][info ][safepoint   ] Safepoint "Cleanup", Time since last: 1494776020 ns, Reaching safepoint: 27651 ns, Cleanup: 278762 ns, At safepoint: 11140 ns, Total: 317553 ns
[2025-01-17T09:24:40.698+0000][81][info ][safepoint   ] Safepoint "Cleanup", Time since last: 2000905466 ns, Reaching safepoint: 45378 ns, Cleanup: 694767 ns, At safepoint: 122415 ns, Total: 862560 ns
[2025-01-17T09:24:43.180+0000][81][info ][safepoint   ] Safepoint "Cleanup", Time since last: 2482037402 ns, Reaching safepoint: 10047 ns, Cleanup: 246549 ns, At safepoint: 39953 ns, Total: 296549 ns
[2025-01-17T09:24:44.722+0000][81][info ][safepoint   ] Safepoint "Cleanup", Time since last: 1540618427 ns, Reaching safepoint: 45200 ns, Cleanup: 627162 ns, At safepoint: 19412 ns, Total: 691774 ns
[2025-01-17T09:24:45.724+0000][81][info ][safepoint   ] Safepoint "Cleanup", Time since last: 1001356715 ns, Reaching safepoint: 210562 ns, Cleanup: 725537 ns, At safepoint: 20606 ns, Total: 956705 ns
[2025-01-17T09:24:46.726+0000][81][info ][safepoint   ] Safepoint "Cleanup", Time since last: 1001661506 ns, Reaching safepoint: 26220 ns, Cleanup: 242190 ns, At safepoint: 8164 ns, Total: 276574 ns
[2025-01-17T09:24:49.195+0000][81][info ][safepoint   ] Safepoint "Cleanup", Time since last: 2471052130 ns, Reaching safepoint: 9835 ns, Cleanup: 240873 ns, At safepoint: 18320 ns, Total: 269028 ns
[2025-01-17T09:24:50.759+0000][81][info ][safepoint   ] Safepoint "Cleanup", Time since last: 1563325369 ns, Reaching safepoint: 27162 ns, Cleanup: 256338 ns, At safepoint: 21458 ns, Total: 304958 ns
[2025-01-17T09:24:51.766+0000][81][info ][safepoint   ] Safepoint "Cleanup", Time since last: 1006863083 ns, Reaching safepoint: 49890 ns, Cleanup: 302264 ns, At safepoint: 12805 ns, Total: 364959 ns
[2025-01-17T09:24:52.768+0000][81][info ][safepoint   ] Safepoint "Cleanup", Time since last: 1001136742 ns, Reaching safepoint: 43284 ns, Cleanup: 661820 ns, At safepoint: 22474 ns, Total: 727578 ns
[2025-01-17T09:24:55.170+0000][81][info ][safepoint   ] Safepoint "Cleanup", Time since last: 2401512723 ns, Reaching safepoint: 10160 ns, Cleanup: 241095 ns, At safepoint: 19967 ns, Total: 271222 ns
[2025-01-17T09:24:56.779+0000][81][info ][safepoint   ] Safepoint "Cleanup", Time since last: 1607600310 ns, Reaching safepoint: 56752 ns, Cleanup: 1266596 ns, At safepoint: 113574 ns, Total: 1436922 ns
[2025-01-17T09:24:57.780+0000][81][info ][safepoint   ] Safepoint "Cleanup", Time since last: 1001176697 ns, Reaching safepoint: 23414 ns, Cleanup: 208910 ns, At safepoint: 8356 ns, Total: 240680 ns
[2025-01-17T09:24:58.781+0000][81][info ][safepoint   ] Safepoint "Cleanup", Time since last: 1000346106 ns, Reaching safepoint: 36813 ns, Cleanup: 270694 ns, At safepoint: 8327 ns, Total: 315834 ns
[2025-01-17T09:24:59.782+0000][81][info ][safepoint   ] Safepoint "Cleanup", Time since last: 1000941962 ns, Reaching safepoint: 21926 ns, Cleanup: 238071 ns, At safepoint: 7629 ns, Total: 267626 ns
[2025-01-17T09:25:01.172+0000][81][info ][safepoint   ] Safepoint "Cleanup", Time since last: 1389992717 ns, Reaching safepoint: 10439 ns, Cleanup: 384310 ns, At safepoint: 29211 ns, Total: 423960 ns
[2025-01-17T09:25:02.789+0000][81][info ][safepoint   ] Safepoint "Cleanup", Time since last: 1616323565 ns, Reaching safepoint: 46053 ns, Cleanup: 296617 ns, At safepoint: 13791 ns, Total: 356461 ns
[2025-01-17T09:25:04.790+0000][81][info ][safepoint   ] Safepoint "Cleanup", Time since last: 2000678619 ns, Reaching safepoint: 40685 ns, Cleanup: 282371 ns, At safepoint: 7796 ns, Total: 330852 ns
[2025-01-17T09:25:05.791+0000][81][info ][safepoint   ] Safepoint "Cleanup", Time since last: 1000434561 ns, Reaching safepoint: 25222 ns, Cleanup: 249890 ns, At safepoint: 8770 ns, Total: 283882 ns
[2025-01-17T09:25:07.174+0000][81][info ][safepoint   ] Safepoint "Cleanup", Time since last: 1382937930 ns, Reaching safepoint: 23502 ns, Cleanup: 238435 ns, At safepoint: 36126 ns, Total: 298063 ns
[2025-01-17T09:25:08.803+0000][81][info ][safepoint   ] Safepoint "Cleanup", Time since last: 1628882965 ns, Reaching safepoint: 53311 ns, Cleanup: 263196 ns, At safepoint: 9795 ns, Total: 326302 ns
[2025-01-17T09:25:09.805+0000][81][info ][safepoint   ] Safepoint "Cleanup", Time since last: 1001094196 ns, Reaching safepoint: 41966 ns, Cleanup: 632909 ns, At safepoint: 20516 ns, Total: 695391 ns
[2025-01-17T09:25:10.817+0000][81][info ][safepoint   ] Safepoint "Cleanup", Time since last: 1011195967 ns, Reaching safepoint: 25584 ns, Cleanup: 285986 ns, At safepoint: 9619 ns, Total: 321189 ns
[2025-01-17T09:25:13.181+0000][81][info ][safepoint   ] Safepoint "Cleanup", Time since last: 2364095977 ns, Reaching safepoint: 28162 ns, Cleanup: 321832 ns, At safepoint: 25019 ns, Total: 375013 ns
[2025-01-17T09:25:14.817+0000][81][info ][safepoint   ] Safepoint "Cleanup", Time since last: 1635644910 ns, Reaching safepoint: 57563 ns, Cleanup: 283799 ns, At safepoint: 18534 ns, Total: 359896 ns
[2025-01-17T09:25:15.818+0000][81][info ][safepoint   ] Safepoint "Cleanup", Time since last: 1000620454 ns, Reaching safepoint: 25633 ns, Cleanup: 269519 ns, At safepoint: 10568 ns, Total: 305720 ns
[2025-01-17T09:25:16.819+0000][81][info ][safepoint   ] Safepoint "Cleanup", Time since last: 1000599320 ns, Reaching safepoint: 30844 ns, Cleanup: 306093 ns, At safepoint: 12186 ns, Total: 349123 ns
[2025-01-17T09:25:18.817+0000][81][info ][safepoint   ] Safepoint "Cleanup", Time since last: 2000579063 ns, Reaching safepoint: 66450 ns, Cleanup: 321863 ns, At safepoint: 46448 ns, Total: 434761 ns
[2025-01-17T09:25:19.822+0000][81][info ][safepoint   ] Safepoint "Cleanup", Time since last: 1004219485 ns, Reaching safepoint: 11020 ns, Cleanup: 295055 ns, At safepoint: 55685 ns, Total: 361760 ns
[2025-01-17T09:25:20.828+0000][81][info ][safepoint   ] Safepoint "Cleanup", Time since last: 1006108815 ns, Reaching safepoint: 41903 ns, Cleanup: 275962 ns, At safepoint: 9908 ns, Total: 327773 ns
[2025-01-17T09:25:21.829+0000][81][info ][safepoint   ] Safepoint "Cleanup", Time since last: 1000462125 ns, Reaching safepoint: 50303 ns, Cleanup: 287026 ns, At safepoint: 10541 ns, Total: 347870 ns
[2025-01-17T09:25:22.830+0000][81][info ][safepoint   ] Safepoint "Cleanup", Time since last: 1000487154 ns, Reaching safepoint: 70560 ns, Cleanup: 324583 ns, At safepoint: 43722 ns, Total: 438865 ns
[2025-01-17T09:25:24.831+0000][81][info ][safepoint   ] Safepoint "Cleanup", Time since last: 2000583399 ns, Reaching safepoint: 54318 ns, Cleanup: 242704 ns, At safepoint: 11404 ns, Total: 308426 ns
[2025-01-17T09:25:25.837+0000][81][info ][safepoint   ] Safepoint "Cleanup", Time since last: 1005743253 ns, Reaching safepoint: 13342 ns, Cleanup: 297051 ns, At safepoint: 12556 ns, Total: 322949 ns
[2025-01-17T09:25:26.852+0000][81][info ][safepoint   ] Safepoint "Cleanup", Time since last: 1015278374 ns, Reaching safepoint: 12572 ns, Cleanup: 154368 ns, At safepoint: 11329 ns, Total: 178269 ns
[2025-01-17T09:25:27.861+0000][81][info ][safepoint   ] Safepoint "Cleanup", Time since last: 1008105388 ns, Reaching safepoint: 120216 ns, Cleanup: 351356 ns, At safepoint: 30847 ns, Total: 502419 ns
[2025-01-17T09:25:28.862+0000][81][info ][safepoint   ] Safepoint "Cleanup", Time since last: 1000468102 ns, Reaching safepoint: 28662 ns, Cleanup: 255352 ns, At safepoint: 21089 ns, Total: 305103 ns
[2025-01-17T09:25:29.864+0000][81][info ][safepoint   ] Safepoint "Cleanup", Time since last: 1002007965 ns, Reaching safepoint: 37579 ns, Cleanup: 243660 ns, At safepoint: 9406 ns, Total: 290645 ns
[2025-01-17T09:25:31.190+0000][81][info ][safepoint   ] Safepoint "Cleanup", Time since last: 1325890046 ns, Reaching safepoint: 22034 ns, Cleanup: 250272 ns, At safepoint: 31891 ns, Total: 304197 ns
[2025-01-17T09:25:32.873+0000][81][info ][safepoint   ] Safepoint "Cleanup", Time since last: 1682762729 ns, Reaching safepoint: 38054 ns, Cleanup: 229659 ns, At safepoint: 29130 ns, Total: 296843 ns
[2025-01-17T09:25:34.874+0000][81][info ][safepoint   ] Safepoint "Cleanup", Time since last: 2000687239 ns, Reaching safepoint: 43835 ns, Cleanup: 239801 ns, At safepoint: 10085 ns, Total: 293721 ns
[2025-01-17T09:25:37.169+0000][81][info ][safepoint   ] Safepoint "Cleanup", Time since last: 2294619256 ns, Reaching safepoint: 39836 ns, Cleanup: 242547 ns, At safepoint: 18214 ns, Total: 300597 ns
[2025-01-17T09:25:38.887+0000][81][info ][safepoint   ] Safepoint "Cleanup", Time since last: 1717124869 ns, Reaching safepoint: 26330 ns, Cleanup: 410156 ns, At safepoint: 13592 ns, Total: 450078 ns
[2025-01-17T09:25:40.888+0000][81][info ][safepoint   ] Safepoint "Cleanup", Time since last: 2000979609 ns, Reaching safepoint: 30514 ns, Cleanup: 281681 ns, At safepoint: 11207 ns, Total: 323402 ns
[2025-01-17T09:25:43.171+0000][81][info ][safepoint   ] Safepoint "Cleanup", Time since last: 2282965034 ns, Reaching safepoint: 118336 ns, Cleanup: 241263 ns, At safepoint: 46114 ns, Total: 405713 ns
[2025-01-17T09:25:44.902+0000][81][info ][safepoint   ] Safepoint "Cleanup", Time since last: 1730259548 ns, Reaching safepoint: 46268 ns, Cleanup: 255863 ns, At safepoint: 9972 ns, Total: 312103 ns
[2025-01-17T09:25:46.903+0000][81][info ][safepoint   ] Safepoint "Cleanup", Time since last: 2000601740 ns, Reaching safepoint: 27218 ns, Cleanup: 217642 ns, At safepoint: 9054 ns, Total: 253914 ns
[2025-01-17T09:25:47.904+0000][81][info ][safepoint   ] Safepoint "Cleanup", Time since last: 1000667828 ns, Reaching safepoint: 26612 ns, Cleanup: 249021 ns, At safepoint: 8800 ns, Total: 284433 ns
[2025-01-17T09:25:49.171+0000][81][info ][safepoint   ] Safepoint "Cleanup", Time since last: 1268392739 ns, Reaching safepoint: 10702 ns, Cleanup: 248324 ns, At safepoint: 21028 ns, Total: 280054 ns
[2025-01-17T09:25:50.917+0000][81][info ][safepoint   ] Safepoint "Cleanup", Time since last: 1745275774 ns, Reaching safepoint: 25764 ns, Cleanup: 290529 ns, At safepoint: 12838 ns, Total: 329131 ns
[2025-01-17T09:25:52.918+0000][81][info ][safepoint   ] Safepoint "Cleanup", Time since last: 2000696354 ns, Reaching safepoint: 46914 ns, Cleanup: 276436 ns, At safepoint: 18008 ns, Total: 341358 ns
[2025-01-17T09:25:55.167+0000][81][info ][safepoint   ] Safepoint "Cleanup", Time since last: 2249404614 ns, Reaching safepoint: 9403 ns, Cleanup: 239697 ns, At safepoint: 21253 ns, Total: 270353 ns
[2025-01-17T09:25:56.959+0000][81][info ][safepoint   ] Safepoint "Cleanup", Time since last: 1791861775 ns, Reaching safepoint: 24987 ns, Cleanup: 227824 ns, At safepoint: 10264 ns, Total: 263075 ns
[2025-01-17T09:25:57.960+0000][81][info ][safepoint   ] Safepoint "Cleanup", Time since last: 1000429440 ns, Reaching safepoint: 26490 ns, Cleanup: 331828 ns, At safepoint: 18047 ns, Total: 376365 ns
[2025-01-17T09:25:58.962+0000][81][info ][safepoint   ] Safepoint "Cleanup", Time since last: 1000642605 ns, Reaching safepoint: 49540 ns, Cleanup: 711515 ns, At safepoint: 19575 ns, Total: 780630 ns
[2025-01-17T09:26:01.182+0000][81][info ][safepoint   ] Safepoint "Cleanup", Time since last: 2220425638 ns, Reaching safepoint: 8662 ns, Cleanup: 220964 ns, At safepoint: 38132 ns, Total: 267758 ns
[2025-01-17T09:26:02.403+0000][81][info ][safepoint   ] Safepoint "Cleanup", Time since last: 1219752563 ns, Reaching safepoint: 126208 ns, Cleanup: 335824 ns, At safepoint: 58068 ns, Total: 520100 ns
[2025-01-17T09:26:03.408+0000][81][info ][safepoint   ] Safepoint "Cleanup", Time since last: 1004992673 ns, Reaching safepoint: 22225 ns, Cleanup: 274125 ns, At safepoint: 22701 ns, Total: 319051 ns
[2025-01-17T09:26:04.409+0000][81][info ][safepoint   ] Safepoint "Cleanup", Time since last: 1000634474 ns, Reaching safepoint: 22496 ns, Cleanup: 315327 ns, At safepoint: 44720 ns, Total: 382543 ns
[2025-01-17T09:26:06.056+0000][81][info ][safepoint   ] Safepoint "Cleanup", Time since last: 1647136767 ns, Reaching safepoint: 5793 ns, Cleanup: 235300 ns, At safepoint: 2902 ns, Total: 243995 ns
[2025-01-17T09:26:06.807+0000][81][info ][gc,heap,exit] Heap
[2025-01-17T09:26:06.808+0000][81][info ][gc,heap,exit]  garbage-first heap   total 3473408K, used 977484K [0x000000072c000000, 0x0000000800000000)
[2025-01-17T09:26:06.809+0000][81][info ][gc,heap,exit]   region size 4096K, 201 young (823296K), 4 survivors (16384K)
[2025-01-17T09:26:06.809+0000][81][info ][gc,heap,exit]  Metaspace       used 141617K, committed 145472K, reserved 1179648K
[2025-01-17T09:26:06.810+0000][81][info ][gc,heap,exit]   class space    used 18757K, committed 20480K, reserved 1048576K
