[2025-01-17T10:22:55.636+0000][81][info][gc,init] CardTable entry size: 512
[2025-01-17T10:22:55.639+0000][81][info][gc     ] Using G1
[2025-01-17T10:23:07.740+0000][81][info][gc,init] Version: 20.0.2+9-78 (release)
[2025-01-17T10:23:07.741+0000][81][info][gc,init] CPUs: 24 total, 24 available
[2025-01-17T10:23:07.743+0000][81][info][gc,init] Memory: 6781M
[2025-01-17T10:23:07.743+0000][81][info][gc,init] Large Page Support: Disabled
[2025-01-17T10:23:07.744+0000][81][info][gc,init] NUMA Support: Disabled
[2025-01-17T10:23:07.744+0000][81][info][gc,init] Compressed Oops: Enabled (Zero based)
[2025-01-17T10:23:07.745+0000][81][info][gc,init] Heap Region Size: 4M
[2025-01-17T10:23:07.746+0000][81][info][gc,init] Heap Min Capacity: 3392M
[2025-01-17T10:23:07.746+0000][81][info][gc,init] Heap Initial Capacity: 3392M
[2025-01-17T10:23:07.747+0000][81][info][gc,init] Heap Max Capacity: 3392M
[2025-01-17T10:23:07.748+0000][81][info][gc,init] Pre-touch: Enabled
[2025-01-17T10:23:07.748+0000][81][info][gc,init] Parallel Workers: 18
[2025-01-17T10:23:07.749+0000][81][info][gc,init] Concurrent Workers: 5
[2025-01-17T10:23:07.749+0000][81][info][gc,init] Concurrent Refinement Workers: 18
[2025-01-17T10:23:07.750+0000][81][info][gc,init] Periodic GC: Disabled
[2025-01-17T10:23:07.986+0000][81][info][gc,metaspace] CDS archive(s) mapped at: [0x00007f4233000000-0x00007f4233c7b000-0x00007f4233c7b000), size 13086720, SharedBaseAddress: 0x00007f4233000000, ArchiveRelocationMode: 1.
[2025-01-17T10:23:07.987+0000][81][info][gc,metaspace] Compressed class space mapped at: 0x00007f4234000000-0x00007f4274000000, reserved size: 1073741824
[2025-01-17T10:23:07.987+0000][81][info][gc,metaspace] Narrow klass base: 0x00007f4233000000, Narrow klass shift: 0, Narrow klass range: 0x100000000
[2025-01-17T10:23:08.638+0000][81][info][safepoint   ] Safepoint "ICBufferFull", Time since last: 566653519 ns, Reaching safepoint: 220078 ns, Cleanup: 200654 ns, At safepoint: 92556 ns, Total: 513288 ns
[2025-01-17T10:23:09.176+0000][81][info][safepoint   ] Safepoint "ICBufferFull", Time since last: 538277415 ns, Reaching safepoint: 4322 ns, Cleanup: 176552 ns, At safepoint: 28933 ns, Total: 209807 ns
[2025-01-17T10:23:10.635+0000][81][info][safepoint   ] Safepoint "Cleanup", Time since last: 1458502145 ns, Reaching safepoint: 71405 ns, Cleanup: 300825 ns, At safepoint: 75411 ns, Total: 447641 ns
[2025-01-17T10:23:11.432+0000][81][info][safepoint   ] Safepoint "ICBufferFull", Time since last: 795569414 ns, Reaching safepoint: 515822 ns, Cleanup: 275822 ns, At safepoint: 40342 ns, Total: 831986 ns
[2025-01-17T10:23:12.039+0000][81][info][safepoint   ] Safepoint "ICBufferFull", Time since last: 607251525 ns, Reaching safepoint: 7637 ns, Cleanup: 323361 ns, At safepoint: 52637 ns, Total: 383635 ns
[2025-01-17T10:23:12.361+0000][81][info][gc,start    ] GC(0) Pause Young (Normal) (G1 Evacuation Pause)
[2025-01-17T10:23:12.363+0000][81][info][gc,task     ] GC(0) Using 18 workers of 18 for evacuation
[2025-01-17T10:23:12.364+0000][81][debug][gc,age      ] GC(0) Desired survivor size 12582912 bytes, new threshold 15 (max threshold 15)
[2025-01-17T10:23:12.377+0000][81][info ][gc,phases   ] GC(0)   Pre Evacuate Collection Set: 0.5ms
[2025-01-17T10:23:12.377+0000][81][info ][gc,phases   ] GC(0)   Merge Heap Roots: 0.7ms
[2025-01-17T10:23:12.378+0000][81][info ][gc,phases   ] GC(0)   Evacuate Collection Set: 5.8ms
[2025-01-17T10:23:12.378+0000][81][info ][gc,phases   ] GC(0)   Post Evacuate Collection Set: 4.5ms
[2025-01-17T10:23:12.378+0000][81][info ][gc,phases   ] GC(0)   Other: 2.0ms
[2025-01-17T10:23:12.379+0000][81][trace][gc,age      ] GC(0) Age table with threshold 15 (max threshold 15)
[2025-01-17T10:23:12.379+0000][81][trace][gc,age      ] GC(0) - age   1:    9907504 bytes,    9907504 total
[2025-01-17T10:23:12.380+0000][81][info ][gc,heap     ] GC(0) Eden regions: 42->0(39)
[2025-01-17T10:23:12.380+0000][81][info ][gc,heap     ] GC(0) Survivor regions: 0->3(6)
[2025-01-17T10:23:12.380+0000][81][info ][gc,heap     ] GC(0) Old regions: 0->0
[2025-01-17T10:23:12.381+0000][81][info ][gc,heap     ] GC(0) Archive regions: 2->2
[2025-01-17T10:23:12.381+0000][81][info ][gc,heap     ] GC(0) Humongous regions: 0->0
[2025-01-17T10:23:12.382+0000][81][info ][gc,metaspace] GC(0) Metaspace: 19755K(20288K)->19755K(20288K) NonClass: 17643K(17920K)->17643K(17920K) Class: 2112K(2368K)->2112K(2368K)
[2025-01-17T10:23:12.382+0000][81][info ][gc          ] GC(0) Pause Young (Normal) (G1 Evacuation Pause) 171M->14M(3392M) 20.927ms
[2025-01-17T10:23:12.383+0000][81][info ][gc,cpu      ] GC(0) User=0.12s Sys=0.00s Real=0.02s
[2025-01-17T10:23:12.383+0000][81][info ][safepoint   ] Safepoint "G1CollectForAllocation", Time since last: 320913240 ns, Reaching safepoint: 74617 ns, Cleanup: 182242 ns, At safepoint: 22420517 ns, Total: 22677376 ns
[2025-01-17T10:23:13.127+0000][81][info ][gc,start    ] GC(1) Pause Young (Concurrent Start) (Metadata GC Threshold)
[2025-01-17T10:23:13.127+0000][81][info ][gc,task     ] GC(1) Using 18 workers of 18 for evacuation
[2025-01-17T10:23:13.128+0000][81][debug][gc,age      ] GC(1) Desired survivor size 12582912 bytes, new threshold 15 (max threshold 15)
[2025-01-17T10:23:13.140+0000][81][info ][gc,phases   ] GC(1)   Pre Evacuate Collection Set: 2.2ms
[2025-01-17T10:23:13.141+0000][81][info ][gc,phases   ] GC(1)   Merge Heap Roots: 0.8ms
[2025-01-17T10:23:13.142+0000][81][info ][gc,phases   ] GC(1)   Evacuate Collection Set: 3.9ms
[2025-01-17T10:23:13.142+0000][81][info ][gc,phases   ] GC(1)   Post Evacuate Collection Set: 4.3ms
[2025-01-17T10:23:13.142+0000][81][info ][gc,phases   ] GC(1)   Other: 1.5ms
[2025-01-17T10:23:13.142+0000][81][trace][gc,age      ] GC(1) Age table with threshold 15 (max threshold 15)
[2025-01-17T10:23:13.143+0000][81][trace][gc,age      ] GC(1) - age   1:    2214088 bytes,    2214088 total
[2025-01-17T10:23:13.143+0000][81][trace][gc,age      ] GC(1) - age   2:    9009968 bytes,   11224056 total
[2025-01-17T10:23:13.144+0000][81][info ][gc,heap     ] GC(1) Eden regions: 28->0(43)
[2025-01-17T10:23:13.145+0000][81][info ][gc,heap     ] GC(1) Survivor regions: 3->3(6)
[2025-01-17T10:23:13.145+0000][81][info ][gc,heap     ] GC(1) Old regions: 0->0
[2025-01-17T10:23:13.146+0000][81][info ][gc,heap     ] GC(1) Archive regions: 2->2
[2025-01-17T10:23:13.146+0000][81][info ][gc,heap     ] GC(1) Humongous regions: 0->0
[2025-01-17T10:23:13.146+0000][81][info ][gc,metaspace] GC(1) Metaspace: 21001K(21504K)->21001K(21504K) NonClass: 18784K(19072K)->18784K(19072K) Class: 2217K(2432K)->2217K(2432K)
[2025-01-17T10:23:13.147+0000][81][info ][gc          ] GC(1) Pause Young (Concurrent Start) (Metadata GC Threshold) 124M->15M(3392M) 19.872ms
[2025-01-17T10:23:13.147+0000][81][info ][gc,cpu      ] GC(1) User=0.07s Sys=0.00s Real=0.02s
[2025-01-17T10:23:13.147+0000][81][info ][gc          ] GC(2) Concurrent Mark Cycle
[2025-01-17T10:23:13.150+0000][81][info ][gc,marking  ] GC(2) Concurrent Scan Root Regions
[2025-01-17T10:23:13.156+0000][81][info ][safepoint   ] Safepoint "CollectForMetadataAllocation", Time since last: 742791478 ns, Reaching safepoint: 7828 ns, Cleanup: 760830 ns, At safepoint: 29438590 ns, Total: 30207248 ns
[2025-01-17T10:23:13.161+0000][81][info ][gc,marking  ] GC(2) Concurrent Scan Root Regions 11.240ms
[2025-01-17T10:23:13.162+0000][81][info ][gc,marking  ] GC(2) Concurrent Mark
[2025-01-17T10:23:13.162+0000][81][info ][gc,marking  ] GC(2) Concurrent Mark From Roots
[2025-01-17T10:23:13.168+0000][81][info ][gc,task     ] GC(2) Using 5 workers of 5 for marking
[2025-01-17T10:23:13.173+0000][81][info ][gc,marking  ] GC(2) Concurrent Mark From Roots 10.885ms
[2025-01-17T10:23:13.173+0000][81][info ][gc,marking  ] GC(2) Concurrent Preclean
[2025-01-17T10:23:13.174+0000][81][info ][gc,marking  ] GC(2) Concurrent Preclean 0.572ms
[2025-01-17T10:23:13.175+0000][81][info ][gc,start    ] GC(2) Pause Remark
[2025-01-17T10:23:13.181+0000][81][info ][gc          ] GC(2) Pause Remark 18M->18M(3392M) 5.631ms
[2025-01-17T10:23:13.181+0000][81][info ][gc,cpu      ] GC(2) User=0.02s Sys=0.00s Real=0.01s
[2025-01-17T10:23:13.182+0000][81][info ][safepoint   ] Safepoint "G1PauseRemark", Time since last: 18152068 ns, Reaching safepoint: 159791 ns, Cleanup: 730687 ns, At safepoint: 6628538 ns, Total: 7519016 ns
[2025-01-17T10:23:13.182+0000][81][info ][gc,marking  ] GC(2) Concurrent Mark 20.687ms
[2025-01-17T10:23:13.183+0000][81][info ][gc,marking  ] GC(2) Concurrent Rebuild Remembered Sets and Scrub Regions
[2025-01-17T10:23:13.186+0000][81][info ][gc,marking  ] GC(2) Concurrent Rebuild Remembered Sets and Scrub Regions 3.064ms
[2025-01-17T10:23:13.187+0000][81][info ][gc,start    ] GC(2) Pause Cleanup
[2025-01-17T10:23:13.187+0000][81][info ][gc          ] GC(2) Pause Cleanup 18M->18M(3392M) 0.348ms
[2025-01-17T10:23:13.189+0000][81][info ][gc,cpu      ] GC(2) User=0.00s Sys=0.00s Real=0.00s
[2025-01-17T10:23:13.189+0000][81][info ][safepoint   ] Safepoint "G1PauseCleanup", Time since last: 4504004 ns, Reaching safepoint: 7532 ns, Cleanup: 730555 ns, At safepoint: 2084812 ns, Total: 2822899 ns
[2025-01-17T10:23:13.190+0000][81][info ][gc,marking  ] GC(2) Concurrent Clear Claimed Marks
[2025-01-17T10:23:13.190+0000][81][info ][gc,marking  ] GC(2) Concurrent Clear Claimed Marks 0.361ms
[2025-01-17T10:23:13.191+0000][81][info ][gc,marking  ] GC(2) Concurrent Cleanup for Next Mark
[2025-01-17T10:23:13.194+0000][81][info ][gc,marking  ] GC(2) Concurrent Cleanup for Next Mark 3.005ms
[2025-01-17T10:23:13.194+0000][81][info ][gc          ] GC(2) Concurrent Mark Cycle 47.472ms
[2025-01-17T10:23:14.213+0000][81][info ][safepoint   ] Safepoint "ICBufferFull", Time since last: 1023523270 ns, Reaching safepoint: 5290 ns, Cleanup: 373676 ns, At safepoint: 6942 ns, Total: 385908 ns
[2025-01-17T10:23:14.353+0000][81][info ][gc,start    ] GC(3) Pause Young (Normal) (G1 Evacuation Pause)
[2025-01-17T10:23:14.353+0000][81][info ][gc,task     ] GC(3) Using 18 workers of 18 for evacuation
[2025-01-17T10:23:14.354+0000][81][debug][gc,age      ] GC(3) Desired survivor size 12582912 bytes, new threshold 15 (max threshold 15)
[2025-01-17T10:23:14.362+0000][81][info ][gc,phases   ] GC(3)   Pre Evacuate Collection Set: 0.3ms
[2025-01-17T10:23:14.363+0000][81][info ][gc,phases   ] GC(3)   Merge Heap Roots: 0.3ms
[2025-01-17T10:23:14.363+0000][81][info ][gc,phases   ] GC(3)   Evacuate Collection Set: 5.3ms
[2025-01-17T10:23:14.364+0000][81][info ][gc,phases   ] GC(3)   Post Evacuate Collection Set: 2.1ms
[2025-01-17T10:23:14.364+0000][81][info ][gc,phases   ] GC(3)   Other: 1.0ms
[2025-01-17T10:23:14.365+0000][81][trace][gc,age      ] GC(3) Age table with threshold 15 (max threshold 15)
[2025-01-17T10:23:14.365+0000][81][trace][gc,age      ] GC(3) - age   1:    5562024 bytes,    5562024 total
[2025-01-17T10:23:14.366+0000][81][trace][gc,age      ] GC(3) - age   2:    2028080 bytes,    7590104 total
[2025-01-17T10:23:14.366+0000][81][trace][gc,age      ] GC(3) - age   3:    9003632 bytes,   16593736 total
[2025-01-17T10:23:14.366+0000][81][info ][gc,heap     ] GC(3) Eden regions: 43->0(121)
[2025-01-17T10:23:14.367+0000][81][info ][gc,heap     ] GC(3) Survivor regions: 3->5(6)
[2025-01-17T10:23:14.367+0000][81][info ][gc,heap     ] GC(3) Old regions: 0->0
[2025-01-17T10:23:14.367+0000][81][info ][gc,heap     ] GC(3) Archive regions: 2->2
[2025-01-17T10:23:14.368+0000][81][info ][gc,heap     ] GC(3) Humongous regions: 0->0
[2025-01-17T10:23:14.369+0000][81][info ][gc,metaspace] GC(3) Metaspace: 27957K(28608K)->27957K(28608K) NonClass: 24851K(25216K)->24851K(25216K) Class: 3105K(3392K)->3105K(3392K)
[2025-01-17T10:23:14.369+0000][81][info ][gc          ] GC(3) Pause Young (Normal) (G1 Evacuation Pause) 187M->21M(3392M) 16.309ms
[2025-01-17T10:23:14.370+0000][81][info ][gc,cpu      ] GC(3) User=0.07s Sys=0.00s Real=0.01s
[2025-01-17T10:23:14.370+0000][81][info ][safepoint   ] Safepoint "G1CollectForAllocation", Time since last: 139528520 ns, Reaching safepoint: 4664 ns, Cleanup: 276924 ns, At safepoint: 17378504 ns, Total: 17660092 ns
[2025-01-17T10:23:14.866+0000][81][info ][safepoint   ] Safepoint "ICBufferFull", Time since last: 495075407 ns, Reaching safepoint: 5656 ns, Cleanup: 340887 ns, At safepoint: 6698 ns, Total: 353241 ns
[2025-01-17T10:23:15.697+0000][81][info ][safepoint   ] Safepoint "ICBufferFull", Time since last: 830679233 ns, Reaching safepoint: 3563 ns, Cleanup: 295271 ns, At safepoint: 26991 ns, Total: 325825 ns
[2025-01-17T10:23:15.815+0000][81][info ][gc,start    ] GC(4) Pause Young (Normal) (G1 Evacuation Pause)
[2025-01-17T10:23:15.816+0000][81][info ][gc,task     ] GC(4) Using 18 workers of 18 for evacuation
[2025-01-17T10:23:15.820+0000][81][debug][gc,age      ] GC(4) Desired survivor size 33554432 bytes, new threshold 15 (max threshold 15)
[2025-01-17T10:23:15.831+0000][81][info ][gc,phases   ] GC(4)   Pre Evacuate Collection Set: 0.3ms
[2025-01-17T10:23:15.832+0000][81][info ][gc,phases   ] GC(4)   Merge Heap Roots: 0.2ms
[2025-01-17T10:23:15.833+0000][81][info ][gc,phases   ] GC(4)   Evacuate Collection Set: 7.9ms
[2025-01-17T10:23:15.833+0000][81][info ][gc,phases   ] GC(4)   Post Evacuate Collection Set: 2.4ms
[2025-01-17T10:23:15.834+0000][81][info ][gc,phases   ] GC(4)   Other: 4.8ms
[2025-01-17T10:23:15.835+0000][81][trace][gc,age      ] GC(4) Age table with threshold 15 (max threshold 15)
[2025-01-17T10:23:15.835+0000][81][trace][gc,age      ] GC(4) - age   1:    9865512 bytes,    9865512 total
[2025-01-17T10:23:15.836+0000][81][trace][gc,age      ] GC(4) - age   2:    5522312 bytes,   15387824 total
[2025-01-17T10:23:15.837+0000][81][trace][gc,age      ] GC(4) - age   3:    2026304 bytes,   17414128 total
[2025-01-17T10:23:15.837+0000][81][trace][gc,age      ] GC(4) - age   4:    9003424 bytes,   26417552 total
[2025-01-17T10:23:15.838+0000][81][info ][gc,heap     ] GC(4) Eden regions: 121->0(501)
[2025-01-17T10:23:15.839+0000][81][info ][gc,heap     ] GC(4) Survivor regions: 5->7(16)
[2025-01-17T10:23:15.840+0000][81][info ][gc,heap     ] GC(4) Old regions: 0->0
[2025-01-17T10:23:15.840+0000][81][info ][gc,heap     ] GC(4) Archive regions: 2->2
[2025-01-17T10:23:15.841+0000][81][info ][gc,heap     ] GC(4) Humongous regions: 0->0
[2025-01-17T10:23:15.841+0000][81][info ][gc,metaspace] GC(4) Metaspace: 34305K(35072K)->34305K(35072K) NonClass: 30492K(30976K)->30492K(30976K) Class: 3813K(4096K)->3813K(4096K)
[2025-01-17T10:23:15.842+0000][81][info ][gc          ] GC(4) Pause Young (Normal) (G1 Evacuation Pause) 505M->30M(3392M) 27.169ms
[2025-01-17T10:23:15.843+0000][81][info ][gc,cpu      ] GC(4) User=0.11s Sys=0.00s Real=0.03s
[2025-01-17T10:23:15.843+0000][81][info ][safepoint   ] Safepoint "G1CollectForAllocation", Time since last: 117852767 ns, Reaching safepoint: 94549 ns, Cleanup: 262562 ns, At safepoint: 28378753 ns, Total: 28735864 ns
[2025-01-17T10:23:16.141+0000][81][info ][gc,start    ] GC(5) Pause Young (Concurrent Start) (Metadata GC Threshold)
[2025-01-17T10:23:16.142+0000][81][info ][gc,task     ] GC(5) Using 18 workers of 18 for evacuation
[2025-01-17T10:23:16.142+0000][81][debug][gc,age      ] GC(5) Desired survivor size 134217728 bytes, new threshold 15 (max threshold 15)
[2025-01-17T10:23:16.153+0000][81][info ][gc,phases   ] GC(5)   Pre Evacuate Collection Set: 0.4ms
[2025-01-17T10:23:16.153+0000][81][info ][gc,phases   ] GC(5)   Merge Heap Roots: 0.3ms
[2025-01-17T10:23:16.154+0000][81][info ][gc,phases   ] GC(5)   Evacuate Collection Set: 6.0ms
[2025-01-17T10:23:16.155+0000][81][info ][gc,phases   ] GC(5)   Post Evacuate Collection Set: 3.0ms
[2025-01-17T10:23:16.155+0000][81][info ][gc,phases   ] GC(5)   Other: 1.1ms
[2025-01-17T10:23:16.156+0000][81][trace][gc,age      ] GC(5) Age table with threshold 15 (max threshold 15)
[2025-01-17T10:23:16.157+0000][81][trace][gc,age      ] GC(5) - age   1:    2950944 bytes,    2950944 total
[2025-01-17T10:23:16.157+0000][81][trace][gc,age      ] GC(5) - age   2:    7662584 bytes,   10613528 total
[2025-01-17T10:23:16.158+0000][81][trace][gc,age      ] GC(5) - age   3:    5520880 bytes,   16134408 total
[2025-01-17T10:23:16.158+0000][81][trace][gc,age      ] GC(5) - age   4:    2025952 bytes,   18160360 total
[2025-01-17T10:23:16.159+0000][81][trace][gc,age      ] GC(5) - age   5:    8998128 bytes,   27158488 total
[2025-01-17T10:23:16.160+0000][81][info ][gc,heap     ] GC(5) Eden regions: 27->0(500)
[2025-01-17T10:23:16.160+0000][81][info ][gc,heap     ] GC(5) Survivor regions: 7->8(64)
[2025-01-17T10:23:16.161+0000][81][info ][gc,heap     ] GC(5) Old regions: 0->0
[2025-01-17T10:23:16.162+0000][81][info ][gc,heap     ] GC(5) Archive regions: 2->2
[2025-01-17T10:23:16.162+0000][81][info ][gc,heap     ] GC(5) Humongous regions: 0->0
[2025-01-17T10:23:16.163+0000][81][info ][gc,metaspace] GC(5) Metaspace: 35328K(36160K)->35328K(36160K) NonClass: 31378K(31872K)->31378K(31872K) Class: 3949K(4288K)->3949K(4288K)
[2025-01-17T10:23:16.164+0000][81][info ][gc          ] GC(5) Pause Young (Concurrent Start) (Metadata GC Threshold) 136M->32M(3392M) 22.498ms
[2025-01-17T10:23:16.164+0000][81][info ][gc,cpu      ] GC(5) User=0.08s Sys=0.00s Real=0.02s
[2025-01-17T10:23:16.164+0000][81][info ][gc          ] GC(6) Concurrent Mark Cycle
[2025-01-17T10:23:16.165+0000][81][info ][safepoint   ] Safepoint "CollectForMetadataAllocation", Time since last: 297541046 ns, Reaching safepoint: 3843 ns, Cleanup: 394767 ns, At safepoint: 24137526 ns, Total: 24536136 ns
[2025-01-17T10:23:16.166+0000][81][info ][gc,marking  ] GC(6) Concurrent Scan Root Regions
[2025-01-17T10:23:16.172+0000][81][info ][gc,marking  ] GC(6) Concurrent Scan Root Regions 5.915ms
[2025-01-17T10:23:16.172+0000][81][info ][gc,marking  ] GC(6) Concurrent Mark
[2025-01-17T10:23:16.173+0000][81][info ][gc,marking  ] GC(6) Concurrent Mark From Roots
[2025-01-17T10:23:16.174+0000][81][info ][gc,task     ] GC(6) Using 5 workers of 5 for marking
[2025-01-17T10:23:16.176+0000][81][info ][gc,marking  ] GC(6) Concurrent Mark From Roots 3.284ms
[2025-01-17T10:23:16.177+0000][81][info ][gc,marking  ] GC(6) Concurrent Preclean
[2025-01-17T10:23:16.178+0000][81][info ][gc,marking  ] GC(6) Concurrent Preclean 0.817ms
[2025-01-17T10:23:16.179+0000][81][info ][gc,start    ] GC(6) Pause Remark
[2025-01-17T10:23:16.183+0000][81][info ][gc          ] GC(6) Pause Remark 36M->36M(3392M) 4.398ms
[2025-01-17T10:23:16.184+0000][81][info ][gc,cpu      ] GC(6) User=0.02s Sys=0.00s Real=0.01s
[2025-01-17T10:23:16.185+0000][81][info ][safepoint   ] Safepoint "G1PauseRemark", Time since last: 13403172 ns, Reaching safepoint: 9025 ns, Cleanup: 328943 ns, At safepoint: 5589492 ns, Total: 5927460 ns
[2025-01-17T10:23:16.185+0000][81][info ][gc,marking  ] GC(6) Concurrent Mark 12.837ms
[2025-01-17T10:23:16.186+0000][81][info ][gc,marking  ] GC(6) Concurrent Rebuild Remembered Sets and Scrub Regions
[2025-01-17T10:23:16.187+0000][81][info ][gc,marking  ] GC(6) Concurrent Rebuild Remembered Sets and Scrub Regions 0.929ms
[2025-01-17T10:23:16.188+0000][81][info ][gc,start    ] GC(6) Pause Cleanup
[2025-01-17T10:23:16.189+0000][81][info ][gc          ] GC(6) Pause Cleanup 36M->36M(3392M) 0.635ms
[2025-01-17T10:23:16.189+0000][81][info ][gc,cpu      ] GC(6) User=0.00s Sys=0.00s Real=0.00s
[2025-01-17T10:23:16.190+0000][81][info ][safepoint   ] Safepoint "G1PauseCleanup", Time since last: 2739050 ns, Reaching safepoint: 235751 ns, Cleanup: 477346 ns, At safepoint: 1767186 ns, Total: 2480283 ns
[2025-01-17T10:23:16.191+0000][81][info ][gc,marking  ] GC(6) Concurrent Clear Claimed Marks
[2025-01-17T10:23:16.192+0000][81][info ][gc,marking  ] GC(6) Concurrent Clear Claimed Marks 0.880ms
[2025-01-17T10:23:16.192+0000][81][info ][gc,marking  ] GC(6) Concurrent Cleanup for Next Mark
[2025-01-17T10:23:16.195+0000][81][info ][gc,marking  ] GC(6) Concurrent Cleanup for Next Mark 2.283ms
[2025-01-17T10:23:16.195+0000][81][info ][gc          ] GC(6) Concurrent Mark Cycle 30.798ms
[2025-01-17T10:23:17.191+0000][81][info ][safepoint   ] Safepoint "Cleanup", Time since last: 1000750982 ns, Reaching safepoint: 9557 ns, Cleanup: 792993 ns, At safepoint: 88457 ns, Total: 891007 ns
[2025-01-17T10:23:18.196+0000][81][info ][safepoint   ] Safepoint "Cleanup", Time since last: 1003828328 ns, Reaching safepoint: 109301 ns, Cleanup: 317486 ns, At safepoint: 30945 ns, Total: 457732 ns
[2025-01-17T10:23:18.846+0000][81][info ][safepoint   ] Safepoint "ICBufferFull", Time since last: 649736487 ns, Reaching safepoint: 10933 ns, Cleanup: 418006 ns, At safepoint: 35003 ns, Total: 463942 ns
[2025-01-17T10:23:19.847+0000][81][info ][safepoint   ] Safepoint "Cleanup", Time since last: 1000655755 ns, Reaching safepoint: 141486 ns, Cleanup: 325092 ns, At safepoint: 20253 ns, Total: 486831 ns
[2025-01-17T10:23:20.846+0000][81][info ][safepoint   ] Safepoint "Cleanup", Time since last: 1000762600 ns, Reaching safepoint: 119235 ns, Cleanup: 371568 ns, At safepoint: 31801 ns, Total: 522604 ns
[2025-01-17T10:23:21.651+0000][81][info ][safepoint   ] Safepoint "ICBufferFull", Time since last: 804220987 ns, Reaching safepoint: 6180 ns, Cleanup: 416369 ns, At safepoint: 22168 ns, Total: 444717 ns
[2025-01-17T10:23:22.108+0000][81][info ][gc,start    ] GC(7) Pause Young (Concurrent Start) (Metadata GC Threshold)
[2025-01-17T10:23:22.109+0000][81][info ][gc,task     ] GC(7) Using 18 workers of 18 for evacuation
[2025-01-17T10:23:22.109+0000][81][debug][gc,age      ] GC(7) Desired survivor size 134217728 bytes, new threshold 15 (max threshold 15)
[2025-01-17T10:23:22.139+0000][81][info ][gc,phases   ] GC(7)   Pre Evacuate Collection Set: 0.5ms
[2025-01-17T10:23:22.139+0000][81][info ][gc,phases   ] GC(7)   Merge Heap Roots: 0.3ms
[2025-01-17T10:23:22.140+0000][81][info ][gc,phases   ] GC(7)   Evacuate Collection Set: 24.3ms
[2025-01-17T10:23:22.140+0000][81][info ][gc,phases   ] GC(7)   Post Evacuate Collection Set: 4.2ms
[2025-01-17T10:23:22.141+0000][81][info ][gc,phases   ] GC(7)   Other: 1.0ms
[2025-01-17T10:23:22.142+0000][81][trace][gc,age      ] GC(7) Age table with threshold 15 (max threshold 15)
[2025-01-17T10:23:22.142+0000][81][trace][gc,age      ] GC(7) - age   1:   29380408 bytes,   29380408 total
[2025-01-17T10:23:22.143+0000][81][trace][gc,age      ] GC(7) - age   2:    2910080 bytes,   32290488 total
[2025-01-17T10:23:22.143+0000][81][trace][gc,age      ] GC(7) - age   3:    7617264 bytes,   39907752 total
[2025-01-17T10:23:22.144+0000][81][trace][gc,age      ] GC(7) - age   4:    5482432 bytes,   45390184 total
[2025-01-17T10:23:22.145+0000][81][trace][gc,age      ] GC(7) - age   5:    2016128 bytes,   47406312 total
[2025-01-17T10:23:22.145+0000][81][trace][gc,age      ] GC(7) - age   6:    8769736 bytes,   56176048 total
[2025-01-17T10:23:22.146+0000][81][info ][gc,heap     ] GC(7) Eden regions: 226->0(294)
[2025-01-17T10:23:22.146+0000][81][info ][gc,heap     ] GC(7) Survivor regions: 8->15(64)
[2025-01-17T10:23:22.147+0000][81][info ][gc,heap     ] GC(7) Old regions: 0->0
[2025-01-17T10:23:22.147+0000][81][info ][gc,heap     ] GC(7) Archive regions: 2->2
[2025-01-17T10:23:22.148+0000][81][info ][gc,heap     ] GC(7) Humongous regions: 0->0
[2025-01-17T10:23:22.148+0000][81][info ][gc,metaspace] GC(7) Metaspace: 59100K(60480K)->59100K(60480K) NonClass: 51921K(52736K)->51921K(52736K) Class: 7179K(7744K)->7179K(7744K)
[2025-01-17T10:23:22.149+0000][81][info ][gc          ] GC(7) Pause Young (Concurrent Start) (Metadata GC Threshold) 934M->61M(3392M) 40.951ms
[2025-01-17T10:23:22.149+0000][81][info ][gc,cpu      ] GC(7) User=0.36s Sys=0.00s Real=0.05s
[2025-01-17T10:23:22.149+0000][81][info ][gc          ] GC(8) Concurrent Mark Cycle
[2025-01-17T10:23:22.150+0000][81][info ][gc,marking  ] GC(8) Concurrent Scan Root Regions
[2025-01-17T10:23:22.150+0000][81][info ][safepoint   ] Safepoint "CollectForMetadataAllocation", Time since last: 456738444 ns, Reaching safepoint: 4818 ns, Cleanup: 308806 ns, At safepoint: 42019682 ns, Total: 42333306 ns
[2025-01-17T10:23:22.157+0000][81][info ][gc,marking  ] GC(8) Concurrent Scan Root Regions 7.412ms
[2025-01-17T10:23:22.158+0000][81][info ][gc,marking  ] GC(8) Concurrent Mark
[2025-01-17T10:23:22.158+0000][81][info ][gc,marking  ] GC(8) Concurrent Mark From Roots
[2025-01-17T10:23:22.159+0000][81][info ][gc,task     ] GC(8) Using 5 workers of 5 for marking
[2025-01-17T10:23:22.161+0000][81][info ][gc,marking  ] GC(8) Concurrent Mark From Roots 2.640ms
[2025-01-17T10:23:22.161+0000][81][info ][gc,marking  ] GC(8) Concurrent Preclean
[2025-01-17T10:23:22.162+0000][81][info ][gc,marking  ] GC(8) Concurrent Preclean 0.360ms
[2025-01-17T10:23:22.163+0000][81][info ][gc,start    ] GC(8) Pause Remark
[2025-01-17T10:23:22.168+0000][81][info ][gc          ] GC(8) Pause Remark 65M->65M(3392M) 4.959ms
[2025-01-17T10:23:22.168+0000][81][info ][gc,cpu      ] GC(8) User=0.02s Sys=0.00s Real=0.01s
[2025-01-17T10:23:22.169+0000][81][info ][safepoint   ] Safepoint "G1PauseRemark", Time since last: 12505584 ns, Reaching safepoint: 100432 ns, Cleanup: 314391 ns, At safepoint: 6194350 ns, Total: 6609173 ns
[2025-01-17T10:23:22.169+0000][81][info ][gc,marking  ] GC(8) Concurrent Mark 11.255ms
[2025-01-17T10:23:22.170+0000][81][info ][gc,marking  ] GC(8) Concurrent Rebuild Remembered Sets and Scrub Regions
[2025-01-17T10:23:22.170+0000][81][info ][gc,marking  ] GC(8) Concurrent Rebuild Remembered Sets and Scrub Regions 0.613ms
[2025-01-17T10:23:22.171+0000][81][info ][gc,start    ] GC(8) Pause Cleanup
[2025-01-17T10:23:22.172+0000][81][info ][gc          ] GC(8) Pause Cleanup 65M->65M(3392M) 0.489ms
[2025-01-17T10:23:22.172+0000][81][info ][gc,cpu      ] GC(8) User=0.01s Sys=0.00s Real=0.00s
[2025-01-17T10:23:22.173+0000][81][info ][safepoint   ] Safepoint "G1PauseCleanup", Time since last: 2173624 ns, Reaching safepoint: 92272 ns, Cleanup: 285310 ns, At safepoint: 1415105 ns, Total: 1792687 ns
[2025-01-17T10:23:22.173+0000][81][info ][gc,marking  ] GC(8) Concurrent Clear Claimed Marks
[2025-01-17T10:23:22.174+0000][81][info ][gc,marking  ] GC(8) Concurrent Clear Claimed Marks 0.484ms
[2025-01-17T10:23:22.174+0000][81][info ][gc,marking  ] GC(8) Concurrent Cleanup for Next Mark
[2025-01-17T10:23:22.177+0000][81][info ][gc,marking  ] GC(8) Concurrent Cleanup for Next Mark 3.032ms
[2025-01-17T10:23:22.178+0000][81][info ][gc          ] GC(8) Concurrent Mark Cycle 28.996ms
[2025-01-17T10:23:23.175+0000][81][info ][safepoint   ] Safepoint "Cleanup", Time since last: 1000843923 ns, Reaching safepoint: 234502 ns, Cleanup: 789936 ns, At safepoint: 85946 ns, Total: 1110384 ns
[2025-01-17T10:23:24.176+0000][81][info ][safepoint   ] Safepoint "Cleanup", Time since last: 1000750194 ns, Reaching safepoint: 605186 ns, Cleanup: 315642 ns, At safepoint: 62660 ns, Total: 983488 ns
[2025-01-17T10:23:26.006+0000][81][info ][safepoint   ] Safepoint "Cleanup", Time since last: 1829238980 ns, Reaching safepoint: 5670 ns, Cleanup: 365755 ns, At safepoint: 30087 ns, Total: 401512 ns
[2025-01-17T10:23:27.108+0000][81][info ][safepoint   ] Safepoint "Cleanup", Time since last: 1101452766 ns, Reaching safepoint: 4611 ns, Cleanup: 367223 ns, At safepoint: 31066 ns, Total: 402900 ns
[2025-01-17T10:23:27.263+0000][81][info ][gc,start    ] GC(9) Pause Young (Concurrent Start) (Metadata GC Threshold)
[2025-01-17T10:23:27.264+0000][81][info ][gc,task     ] GC(9) Using 18 workers of 18 for evacuation
[2025-01-17T10:23:27.264+0000][81][debug][gc,age      ] GC(9) Desired survivor size 81788928 bytes, new threshold 15 (max threshold 15)
[2025-01-17T10:23:27.291+0000][81][info ][gc,phases   ] GC(9)   Pre Evacuate Collection Set: 0.5ms
[2025-01-17T10:23:27.292+0000][81][info ][gc,phases   ] GC(9)   Merge Heap Roots: 0.3ms
[2025-01-17T10:23:27.292+0000][81][info ][gc,phases   ] GC(9)   Evacuate Collection Set: 20.4ms
[2025-01-17T10:23:27.292+0000][81][info ][gc,phases   ] GC(9)   Post Evacuate Collection Set: 5.2ms
[2025-01-17T10:23:27.292+0000][81][info ][gc,phases   ] GC(9)   Other: 0.9ms
[2025-01-17T10:23:27.293+0000][81][trace][gc,age      ] GC(9) Age table with threshold 15 (max threshold 15)
[2025-01-17T10:23:27.293+0000][81][trace][gc,age      ] GC(9) - age   1:   16797280 bytes,   16797280 total
[2025-01-17T10:23:27.293+0000][81][trace][gc,age      ] GC(9) - age   2:   28867360 bytes,   45664640 total
[2025-01-17T10:23:27.293+0000][81][trace][gc,age      ] GC(9) - age   3:    2905656 bytes,   48570296 total
[2025-01-17T10:23:27.294+0000][81][trace][gc,age      ] GC(9) - age   4:    7589424 bytes,   56159720 total
[2025-01-17T10:23:27.294+0000][81][trace][gc,age      ] GC(9) - age   5:    5467152 bytes,   61626872 total
[2025-01-17T10:23:27.294+0000][81][trace][gc,age      ] GC(9) - age   6:    2012936 bytes,   63639808 total
[2025-01-17T10:23:27.294+0000][81][trace][gc,age      ] GC(9) - age   7:    8744000 bytes,   72383808 total
[2025-01-17T10:23:27.295+0000][81][info ][gc,heap     ] GC(9) Eden regions: 127->0(154)
[2025-01-17T10:23:27.295+0000][81][info ][gc,heap     ] GC(9) Survivor regions: 15->19(39)
[2025-01-17T10:23:27.295+0000][81][info ][gc,heap     ] GC(9) Old regions: 0->0
[2025-01-17T10:23:27.295+0000][81][info ][gc,heap     ] GC(9) Archive regions: 2->2
[2025-01-17T10:23:27.295+0000][81][info ][gc,heap     ] GC(9) Humongous regions: 0->0
[2025-01-17T10:23:27.296+0000][81][info ][gc,metaspace] GC(9) Metaspace: 99093K(101120K)->99093K(101120K) NonClass: 86278K(87424K)->86278K(87424K) Class: 12814K(13696K)->12814K(13696K)
[2025-01-17T10:23:27.296+0000][81][info ][gc          ] GC(9) Pause Young (Concurrent Start) (Metadata GC Threshold) 569M->79M(3392M) 32.391ms
[2025-01-17T10:23:27.296+0000][81][info ][gc          ] GC(10) Concurrent Mark Cycle
[2025-01-17T10:23:27.296+0000][81][info ][gc,marking  ] GC(10) Concurrent Scan Root Regions
[2025-01-17T10:23:27.296+0000][81][info ][gc,cpu      ] GC(9) User=0.29s Sys=0.00s Real=0.03s
[2025-01-17T10:23:27.298+0000][81][info ][safepoint   ] Safepoint "CollectForMetadataAllocation", Time since last: 154692264 ns, Reaching safepoint: 6829 ns, Cleanup: 657407 ns, At safepoint: 34281735 ns, Total: 34945971 ns
[2025-01-17T10:23:27.310+0000][81][info ][gc,marking  ] GC(10) Concurrent Scan Root Regions 13.255ms
[2025-01-17T10:23:27.310+0000][81][info ][gc,marking  ] GC(10) Concurrent Mark
[2025-01-17T10:23:27.310+0000][81][info ][gc,marking  ] GC(10) Concurrent Mark From Roots
[2025-01-17T10:23:27.311+0000][81][info ][gc,task     ] GC(10) Using 5 workers of 5 for marking
[2025-01-17T10:23:27.312+0000][81][info ][gc,marking  ] GC(10) Concurrent Mark From Roots 2.018ms
[2025-01-17T10:23:27.313+0000][81][info ][gc,marking  ] GC(10) Concurrent Preclean
[2025-01-17T10:23:27.313+0000][81][info ][gc,marking  ] GC(10) Concurrent Preclean 0.331ms
[2025-01-17T10:23:27.314+0000][81][info ][gc,start    ] GC(10) Pause Remark
[2025-01-17T10:23:27.321+0000][81][info ][gc          ] GC(10) Pause Remark 83M->83M(3392M) 6.522ms
[2025-01-17T10:23:27.321+0000][81][info ][gc,cpu      ] GC(10) User=0.02s Sys=0.00s Real=0.01s
[2025-01-17T10:23:27.321+0000][81][info ][safepoint   ] Safepoint "G1PauseRemark", Time since last: 16005407 ns, Reaching safepoint: 213251 ns, Cleanup: 300641 ns, At safepoint: 7412099 ns, Total: 7925991 ns
[2025-01-17T10:23:27.322+0000][81][info ][gc,marking  ] GC(10) Concurrent Mark 11.750ms
[2025-01-17T10:23:27.322+0000][81][info ][gc,marking  ] GC(10) Concurrent Rebuild Remembered Sets and Scrub Regions
[2025-01-17T10:23:27.323+0000][81][info ][gc,marking  ] GC(10) Concurrent Rebuild Remembered Sets and Scrub Regions 0.618ms
[2025-01-17T10:23:27.324+0000][81][info ][gc,start    ] GC(10) Pause Cleanup
[2025-01-17T10:23:27.325+0000][81][info ][gc          ] GC(10) Pause Cleanup 83M->83M(3392M) 0.464ms
[2025-01-17T10:23:27.325+0000][81][info ][gc,cpu      ] GC(10) User=0.00s Sys=0.00s Real=0.00s
[2025-01-17T10:23:27.325+0000][81][info ][safepoint   ] Safepoint "G1PauseCleanup", Time since last: 1823267 ns, Reaching safepoint: 201373 ns, Cleanup: 711123 ns, At safepoint: 1069319 ns, Total: 1981815 ns
[2025-01-17T10:23:27.326+0000][81][info ][gc,marking  ] GC(10) Concurrent Clear Claimed Marks
[2025-01-17T10:23:27.326+0000][81][info ][gc,marking  ] GC(10) Concurrent Clear Claimed Marks 0.479ms
[2025-01-17T10:23:27.326+0000][81][info ][gc,marking  ] GC(10) Concurrent Cleanup for Next Mark
[2025-01-17T10:23:27.329+0000][81][info ][gc,marking  ] GC(10) Concurrent Cleanup for Next Mark 2.822ms
[2025-01-17T10:23:27.330+0000][81][info ][gc          ] GC(10) Concurrent Mark Cycle 33.652ms
[2025-01-17T10:23:28.777+0000][81][info ][safepoint   ] Safepoint "ICBufferFull", Time since last: 1451462417 ns, Reaching safepoint: 7427 ns, Cleanup: 413399 ns, At safepoint: 22567 ns, Total: 443393 ns
[2025-01-17T10:23:29.239+0000][81][info ][safepoint   ] Safepoint "ICBufferFull", Time since last: 460975418 ns, Reaching safepoint: 11133 ns, Cleanup: 337013 ns, At safepoint: 45995 ns, Total: 394141 ns
[2025-01-17T10:23:30.240+0000][81][info ][safepoint   ] Safepoint "Cleanup", Time since last: 1000654597 ns, Reaching safepoint: 9984 ns, Cleanup: 365537 ns, At safepoint: 39205 ns, Total: 414726 ns
[2025-01-17T10:23:30.388+0000][81][info ][safepoint   ] Safepoint "ICBufferFull", Time since last: 147580367 ns, Reaching safepoint: 8343 ns, Cleanup: 412787 ns, At safepoint: 16527 ns, Total: 437657 ns
[2025-01-17T10:23:30.616+0000][81][info ][safepoint   ] Safepoint "ICBufferFull", Time since last: 228099298 ns, Reaching safepoint: 18443 ns, Cleanup: 538466 ns, At safepoint: 8915 ns, Total: 565824 ns
[2025-01-17T10:23:31.031+0000][81][info ][safepoint   ] Safepoint "ICBufferFull", Time since last: 413690945 ns, Reaching safepoint: 10929 ns, Cleanup: 497465 ns, At safepoint: 65390 ns, Total: 573784 ns
[2025-01-17T10:23:31.506+0000][81][info ][safepoint   ] Safepoint "ICBufferFull", Time since last: 474485251 ns, Reaching safepoint: 9741 ns, Cleanup: 414569 ns, At safepoint: 20968 ns, Total: 445278 ns
[2025-01-17T10:23:32.161+0000][81][info ][safepoint   ] Safepoint "ICBufferFull", Time since last: 654836419 ns, Reaching safepoint: 520250 ns, Cleanup: 336764 ns, At safepoint: 43098 ns, Total: 900112 ns
[2025-01-17T10:23:33.162+0000][81][info ][safepoint   ] Safepoint "Cleanup", Time since last: 1000608381 ns, Reaching safepoint: 67407 ns, Cleanup: 386134 ns, At safepoint: 15317 ns, Total: 468858 ns
[2025-01-17T10:23:34.374+0000][81][info ][safepoint   ] Safepoint "Cleanup", Time since last: 1211321160 ns, Reaching safepoint: 23816 ns, Cleanup: 394080 ns, At safepoint: 10926 ns, Total: 428822 ns
[2025-01-17T10:23:36.016+0000][81][info ][safepoint   ] Safepoint "Cleanup", Time since last: 1641491136 ns, Reaching safepoint: 42026 ns, Cleanup: 313864 ns, At safepoint: 8137 ns, Total: 364027 ns
[2025-01-17T10:23:36.760+0000][81][info ][safepoint   ] Safepoint "ICBufferFull", Time since last: 743964503 ns, Reaching safepoint: 9488 ns, Cleanup: 328552 ns, At safepoint: 7998 ns, Total: 346038 ns
[2025-01-17T10:23:37.762+0000][81][info ][safepoint   ] Safepoint "Cleanup", Time since last: 1000553330 ns, Reaching safepoint: 45825 ns, Cleanup: 845040 ns, At safepoint: 168278 ns, Total: 1059143 ns
[2025-01-17T10:23:38.763+0000][81][info ][safepoint   ] Safepoint "Cleanup", Time since last: 1000519312 ns, Reaching safepoint: 10648 ns, Cleanup: 316582 ns, At safepoint: 19604 ns, Total: 346834 ns
[2025-01-17T10:23:40.683+0000][81][info ][safepoint   ] Safepoint "Cleanup", Time since last: 1920278269 ns, Reaching safepoint: 41957 ns, Cleanup: 344539 ns, At safepoint: 21800 ns, Total: 408296 ns
[2025-01-17T10:23:41.313+0000][81][info ][safepoint   ] Safepoint "ICBufferFull", Time since last: 593587471 ns, Reaching safepoint: 35638573 ns, Cleanup: 438123 ns, At safepoint: 235167 ns, Total: 36311863 ns
[2025-01-17T10:23:41.319+0000][81][info ][safepoint   ] Safepoint "ICBufferFull", Time since last: 2952939 ns, Reaching safepoint: 2560405 ns, Cleanup: 346876 ns, At safepoint: 137013 ns, Total: 3044294 ns
[2025-01-17T10:23:41.323+0000][81][info ][safepoint   ] Safepoint "ICBufferFull", Time since last: 2103683 ns, Reaching safepoint: 607262 ns, Cleanup: 683738 ns, At safepoint: 753195 ns, Total: 2044195 ns
[2025-01-17T10:23:41.327+0000][81][info ][safepoint   ] Safepoint "ICBufferFull", Time since last: 2379915 ns, Reaching safepoint: 157565 ns, Cleanup: 741632 ns, At safepoint: 741158 ns, Total: 1640355 ns
[2025-01-17T10:23:41.330+0000][81][info ][safepoint   ] Safepoint "ICBufferFull", Time since last: 1211662 ns, Reaching safepoint: 153132 ns, Cleanup: 674886 ns, At safepoint: 775874 ns, Total: 1603892 ns
[2025-01-17T10:23:41.334+0000][81][info ][safepoint   ] Safepoint "ICBufferFull", Time since last: 1877808 ns, Reaching safepoint: 545599 ns, Cleanup: 744383 ns, At safepoint: 692221 ns, Total: 1982203 ns
[2025-01-17T10:23:41.337+0000][81][info ][safepoint   ] Safepoint "ICBufferFull", Time since last: 1569091 ns, Reaching safepoint: 543884 ns, Cleanup: 360225 ns, At safepoint: 349274 ns, Total: 1253383 ns
[2025-01-17T10:23:41.343+0000][81][info ][safepoint   ] Safepoint "ICBufferFull", Time since last: 4071705 ns, Reaching safepoint: 163930 ns, Cleanup: 720812 ns, At safepoint: 684790 ns, Total: 1569532 ns
[2025-01-17T10:23:41.345+0000][81][info ][safepoint   ] Safepoint "ICBufferFull", Time since last: 1846873 ns, Reaching safepoint: 158791 ns, Cleanup: 344635 ns, At safepoint: 359102 ns, Total: 862528 ns
[2025-01-17T10:23:41.348+0000][81][info ][safepoint   ] Safepoint "ICBufferFull", Time since last: 1090078 ns, Reaching safepoint: 158567 ns, Cleanup: 679406 ns, At safepoint: 669859 ns, Total: 1507832 ns
[2025-01-17T10:23:41.359+0000][81][info ][safepoint   ] Safepoint "ICBufferFull", Time since last: 1353005 ns, Reaching safepoint: 8841082 ns, Cleanup: 401797 ns, At safepoint: 170821 ns, Total: 9413700 ns
[2025-01-17T10:23:41.365+0000][81][info ][safepoint   ] Safepoint "ICBufferFull", Time since last: 3882505 ns, Reaching safepoint: 778411 ns, Cleanup: 752487 ns, At safepoint: 638243 ns, Total: 2169141 ns
[2025-01-17T10:23:41.367+0000][81][info ][safepoint   ] Safepoint "ICBufferFull", Time since last: 1722877 ns, Reaching safepoint: 144088 ns, Cleanup: 380826 ns, At safepoint: 228067 ns, Total: 752981 ns
[2025-01-17T10:23:41.370+0000][81][info ][safepoint   ] Safepoint "ICBufferFull", Time since last: 988541 ns, Reaching safepoint: 154370 ns, Cleanup: 719688 ns, At safepoint: 541001 ns, Total: 1415059 ns
[2025-01-17T10:23:41.375+0000][81][info ][safepoint   ] Safepoint "ICBufferFull", Time since last: 1179735 ns, Reaching safepoint: 4082832 ns, Cleanup: 322266 ns, At safepoint: 155417 ns, Total: 4560515 ns
[2025-01-17T10:23:41.379+0000][81][info ][safepoint   ] Safepoint "ICBufferFull", Time since last: 829849 ns, Reaching safepoint: 1511202 ns, Cleanup: 808642 ns, At safepoint: 552109 ns, Total: 2871953 ns
[2025-01-17T10:23:41.382+0000][81][info ][safepoint   ] Safepoint "ICBufferFull", Time since last: 1749459 ns, Reaching safepoint: 1020488 ns, Cleanup: 420427 ns, At safepoint: 185516 ns, Total: 1626431 ns
[2025-01-17T10:23:41.384+0000][81][info ][safepoint   ] Safepoint "ICBufferFull", Time since last: 898929 ns, Reaching safepoint: 136859 ns, Cleanup: 327125 ns, At safepoint: 209863 ns, Total: 673847 ns
[2025-01-17T10:23:41.385+0000][81][info ][safepoint   ] Safepoint "ICBufferFull", Time since last: 671420 ns, Reaching safepoint: 237217 ns, Cleanup: 360544 ns, At safepoint: 200162 ns, Total: 797923 ns
[2025-01-17T10:23:41.388+0000][81][info ][safepoint   ] Safepoint "ICBufferFull", Time since last: 1095660 ns, Reaching safepoint: 203329 ns, Cleanup: 709548 ns, At safepoint: 519441 ns, Total: 1432318 ns
[2025-01-17T10:23:41.390+0000][81][info ][safepoint   ] Safepoint "ICBufferFull", Time since last: 1329964 ns, Reaching safepoint: 358247 ns, Cleanup: 532055 ns, At safepoint: 166425 ns, Total: 1056727 ns
[2025-01-17T10:23:41.548+0000][81][info ][safepoint   ] Safepoint "ICBufferFull", Time since last: 156765261 ns, Reaching safepoint: 116165 ns, Cleanup: 380192 ns, At safepoint: 116922 ns, Total: 613279 ns
[2025-01-17T10:23:41.767+0000][81][info ][safepoint   ] Safepoint "ICBufferFull", Time since last: 218464552 ns, Reaching safepoint: 463257 ns, Cleanup: 332910 ns, At safepoint: 63702 ns, Total: 859869 ns
[2025-01-17T10:23:42.188+0000][81][info ][safepoint   ] Safepoint "ICBufferFull", Time since last: 419642979 ns, Reaching safepoint: 156488 ns, Cleanup: 681845 ns, At safepoint: 100178 ns, Total: 938511 ns
[2025-01-17T10:23:43.010+0000][81][info ][safepoint   ] Safepoint "ICBufferFull", Time since last: 821764125 ns, Reaching safepoint: 40744 ns, Cleanup: 334572 ns, At safepoint: 45012 ns, Total: 420328 ns
[2025-01-17T10:23:43.529+0000][81][info ][safepoint   ] Safepoint "ICBufferFull", Time since last: 519234843 ns, Reaching safepoint: 18949 ns, Cleanup: 289594 ns, At safepoint: 52157 ns, Total: 360700 ns
[2025-01-17T10:23:43.530+0000][81][info ][safepoint   ] Safepoint "ICBufferFull", Time since last: 513108 ns, Reaching safepoint: 10796 ns, Cleanup: 258237 ns, At safepoint: 62770 ns, Total: 331803 ns
[2025-01-17T10:23:43.532+0000][81][info ][gc,start    ] GC(11) Pause Young (Normal) (G1 Evacuation Pause)
[2025-01-17T10:23:43.532+0000][81][info ][gc,task     ] GC(11) Using 18 workers of 18 for evacuation
[2025-01-17T10:23:43.533+0000][81][debug][gc,age      ] GC(11) Desired survivor size 46137344 bytes, new threshold 3 (max threshold 15)
[2025-01-17T10:23:43.583+0000][81][info ][gc,phases   ] GC(11)   Pre Evacuate Collection Set: 0.4ms
[2025-01-17T10:23:43.583+0000][81][info ][gc,phases   ] GC(11)   Merge Heap Roots: 0.3ms
[2025-01-17T10:23:43.584+0000][81][info ][gc,phases   ] GC(11)   Evacuate Collection Set: 44.0ms
[2025-01-17T10:23:43.584+0000][81][info ][gc,phases   ] GC(11)   Post Evacuate Collection Set: 5.5ms
[2025-01-17T10:23:43.584+0000][81][info ][gc,phases   ] GC(11)   Other: 0.5ms
[2025-01-17T10:23:43.585+0000][81][trace][gc,age      ] GC(11) Age table with threshold 3 (max threshold 15)
[2025-01-17T10:23:43.585+0000][81][trace][gc,age      ] GC(11) - age   1:   52932672 bytes,   52932672 total
[2025-01-17T10:23:43.585+0000][81][trace][gc,age      ] GC(11) - age   2:   13545664 bytes,   66478336 total
[2025-01-17T10:23:43.586+0000][81][trace][gc,age      ] GC(11) - age   3:   19671248 bytes,   86149584 total
[2025-01-17T10:23:43.586+0000][81][info ][gc,heap     ] GC(11) Eden regions: 154->0(85)
[2025-01-17T10:23:43.586+0000][81][info ][gc,heap     ] GC(11) Survivor regions: 19->22(22)
[2025-01-17T10:23:43.587+0000][81][info ][gc,heap     ] GC(11) Old regions: 0->11
[2025-01-17T10:23:43.587+0000][81][info ][gc,heap     ] GC(11) Archive regions: 2->2
[2025-01-17T10:23:43.587+0000][81][info ][gc,heap     ] GC(11) Humongous regions: 4->4
[2025-01-17T10:23:43.587+0000][81][info ][gc,metaspace] GC(11) Metaspace: 129937K(133504K)->129937K(133504K) NonClass: 112335K(114240K)->112335K(114240K) Class: 17602K(19264K)->17602K(19264K)
[2025-01-17T10:23:43.588+0000][81][info ][gc          ] GC(11) Pause Young (Normal) (G1 Evacuation Pause) 711M->150M(3392M) 55.818ms
[2025-01-17T10:23:43.588+0000][81][info ][gc,cpu      ] GC(11) User=0.62s Sys=0.00s Real=0.06s
[2025-01-17T10:23:43.589+0000][81][info ][safepoint   ] Safepoint "G1CollectForAllocation", Time since last: 1198752 ns, Reaching safepoint: 12216 ns, Cleanup: 320981 ns, At safepoint: 56683230 ns, Total: 57016427 ns
[2025-01-17T10:23:44.018+0000][81][info ][safepoint   ] Safepoint "ICBufferFull", Time since last: 428858275 ns, Reaching safepoint: 388714 ns, Cleanup: 307714 ns, At safepoint: 67367 ns, Total: 763795 ns
[2025-01-17T10:23:44.657+0000][81][info ][safepoint   ] Safepoint "ICBufferFull", Time since last: 637697872 ns, Reaching safepoint: 585027 ns, Cleanup: 578904 ns, At safepoint: 69807 ns, Total: 1233738 ns
[2025-01-17T10:23:44.946+0000][81][info ][safepoint   ] Safepoint "ICBufferFull", Time since last: 285581363 ns, Reaching safepoint: 2112097 ns, Cleanup: 683191 ns, At safepoint: 231085 ns, Total: 3026373 ns
[2025-01-17T10:23:44.950+0000][81][info ][safepoint   ] Safepoint "ICBufferFull", Time since last: 1185079 ns, Reaching safepoint: 2213593 ns, Cleanup: 640009 ns, At safepoint: 253940 ns, Total: 3107542 ns
[2025-01-17T10:23:45.079+0000][81][info ][gc,start    ] GC(12) Pause Young (Normal) (G1 Evacuation Pause)
[2025-01-17T10:23:45.080+0000][81][info ][gc,task     ] GC(12) Using 18 workers of 18 for evacuation
[2025-01-17T10:23:45.080+0000][81][debug][gc,age      ] GC(12) Desired survivor size 29360128 bytes, new threshold 1 (max threshold 15)
[2025-01-17T10:23:45.133+0000][81][info ][gc,phases   ] GC(12)   Pre Evacuate Collection Set: 0.4ms
[2025-01-17T10:23:45.134+0000][81][info ][gc,phases   ] GC(12)   Merge Heap Roots: 0.3ms
[2025-01-17T10:23:45.134+0000][81][info ][gc,phases   ] GC(12)   Evacuate Collection Set: 50.2ms
[2025-01-17T10:23:45.135+0000][81][info ][gc,phases   ] GC(12)   Post Evacuate Collection Set: 1.9ms
[2025-01-17T10:23:45.135+0000][81][info ][gc,phases   ] GC(12)   Other: 0.7ms
[2025-01-17T10:23:45.135+0000][81][trace][gc,age      ] GC(12) Age table with threshold 1 (max threshold 15)
[2025-01-17T10:23:45.136+0000][81][trace][gc,age      ] GC(12) - age   1:    3615424 bytes,    3615424 total
[2025-01-17T10:23:45.136+0000][81][info ][gc,heap     ] GC(12) Eden regions: 85->0(58)
[2025-01-17T10:23:45.136+0000][81][info ][gc,heap     ] GC(12) Survivor regions: 22->3(14)
[2025-01-17T10:23:45.136+0000][81][info ][gc,heap     ] GC(12) Old regions: 11->38
[2025-01-17T10:23:45.137+0000][81][info ][gc,heap     ] GC(12) Archive regions: 2->2
[2025-01-17T10:23:45.137+0000][81][info ][gc,heap     ] GC(12) Humongous regions: 4->4
[2025-01-17T10:23:45.137+0000][81][info ][gc,metaspace] GC(12) Metaspace: 132190K(135872K)->132190K(135872K) NonClass: 114332K(116288K)->114332K(116288K) Class: 17857K(19584K)->17857K(19584K)
[2025-01-17T10:23:45.138+0000][81][info ][gc          ] GC(12) Pause Young (Normal) (G1 Evacuation Pause) 490M->180M(3392M) 58.239ms
[2025-01-17T10:23:45.138+0000][81][info ][gc,cpu      ] GC(12) User=0.85s Sys=0.00s Real=0.05s
[2025-01-17T10:23:45.138+0000][81][info ][safepoint   ] Safepoint "G1CollectForAllocation", Time since last: 129010829 ns, Reaching safepoint: 18288 ns, Cleanup: 287288 ns, At safepoint: 59082342 ns, Total: 59387918 ns
[2025-01-17T10:23:46.278+0000][81][info ][safepoint   ] Safepoint "ICBufferFull", Time since last: 1138859162 ns, Reaching safepoint: 55281 ns, Cleanup: 897497 ns, At safepoint: 130851 ns, Total: 1083629 ns
[2025-01-17T10:23:47.498+0000][81][info ][safepoint   ] Safepoint "ICBufferFull", Time since last: 1219543492 ns, Reaching safepoint: 70490 ns, Cleanup: 500312 ns, At safepoint: 77001 ns, Total: 647803 ns
[2025-01-17T10:23:47.858+0000][81][info ][safepoint   ] Safepoint "ICBufferFull", Time since last: 356832798 ns, Reaching safepoint: 2376677 ns, Cleanup: 344183 ns, At safepoint: 93193 ns, Total: 2814053 ns
[2025-01-17T10:23:48.293+0000][81][info ][safepoint   ] Safepoint "ICBufferFull", Time since last: 434285172 ns, Reaching safepoint: 52477 ns, Cleanup: 747182 ns, At safepoint: 213459 ns, Total: 1013118 ns
[2025-01-17T10:23:48.813+0000][81][info ][safepoint   ] Safepoint "ICBufferFull", Time since last: 519684690 ns, Reaching safepoint: 15777 ns, Cleanup: 309033 ns, At safepoint: 49970 ns, Total: 374780 ns
[2025-01-17T10:23:49.015+0000][81][info ][safepoint   ] Safepoint "ICBufferFull", Time since last: 201493682 ns, Reaching safepoint: 18374 ns, Cleanup: 304757 ns, At safepoint: 24358 ns, Total: 347489 ns
[2025-01-17T10:23:49.633+0000][81][info ][safepoint   ] Safepoint "ICBufferFull", Time since last: 616994738 ns, Reaching safepoint: 17005 ns, Cleanup: 339661 ns, At safepoint: 22208 ns, Total: 378874 ns
[2025-01-17T10:23:50.159+0000][81][info ][safepoint   ] Safepoint "ICBufferFull", Time since last: 524709424 ns, Reaching safepoint: 61261 ns, Cleanup: 811281 ns, At safepoint: 213194 ns, Total: 1085736 ns
[2025-01-17T10:23:50.725+0000][81][info ][safepoint   ] Safepoint "ICBufferFull", Time since last: 568063228 ns, Reaching safepoint: 28984 ns, Cleanup: 366651 ns, At safepoint: 35967 ns, Total: 431602 ns
[2025-01-17T10:23:51.496+0000][81][info ][safepoint   ] Safepoint "ICBufferFull", Time since last: 770250502 ns, Reaching safepoint: 32472 ns, Cleanup: 724931 ns, At safepoint: 102789 ns, Total: 860192 ns
[2025-01-17T10:23:51.497+0000][81][info ][safepoint   ] Safepoint "ICBufferFull", Time since last: 730810 ns, Reaching safepoint: 11195 ns, Cleanup: 308023 ns, At safepoint: 91753 ns, Total: 410971 ns
[2025-01-17T10:23:52.162+0000][81][info ][safepoint   ] Safepoint "ICBufferFull", Time since last: 665013805 ns, Reaching safepoint: 20367 ns, Cleanup: 343185 ns, At safepoint: 13037 ns, Total: 376589 ns
[2025-01-17T10:23:52.911+0000][81][info ][safepoint   ] Safepoint "ICBufferFull", Time since last: 748458113 ns, Reaching safepoint: 128869 ns, Cleanup: 301286 ns, At safepoint: 99679 ns, Total: 529834 ns
[2025-01-17T10:23:53.302+0000][81][info ][gc,start    ] GC(13) Pause Young (Concurrent Start) (CodeCache GC Threshold)
[2025-01-17T10:23:53.302+0000][81][info ][gc,task     ] GC(13) Using 18 workers of 18 for evacuation
[2025-01-17T10:23:53.303+0000][81][debug][gc,age      ] GC(13) Desired survivor size 134217728 bytes, new threshold 15 (max threshold 15)
[2025-01-17T10:23:53.313+0000][81][info ][gc,phases   ] GC(13)   Pre Evacuate Collection Set: 1.1ms
[2025-01-17T10:23:53.313+0000][81][info ][gc,phases   ] GC(13)   Merge Heap Roots: 0.8ms
[2025-01-17T10:23:53.314+0000][81][info ][gc,phases   ] GC(13)   Evacuate Collection Set: 5.7ms
[2025-01-17T10:23:53.314+0000][81][info ][gc,phases   ] GC(13)   Post Evacuate Collection Set: 1.9ms
[2025-01-17T10:23:53.315+0000][81][info ][gc,phases   ] GC(13)   Other: 1.0ms
[2025-01-17T10:23:53.315+0000][81][trace][gc,age      ] GC(13) Age table with threshold 15 (max threshold 15)
[2025-01-17T10:23:53.316+0000][81][trace][gc,age      ] GC(13) - age   1:    9244928 bytes,    9244928 total
[2025-01-17T10:23:53.316+0000][81][trace][gc,age      ] GC(13) - age   2:    1594224 bytes,   10839152 total
[2025-01-17T10:23:53.316+0000][81][info ][gc,heap     ] GC(13) Eden regions: 111->0(505)
[2025-01-17T10:23:53.317+0000][81][info ][gc,heap     ] GC(13) Survivor regions: 3->3(64)
[2025-01-17T10:23:53.317+0000][81][info ][gc,heap     ] GC(13) Old regions: 38->38
[2025-01-17T10:23:53.318+0000][81][info ][gc,heap     ] GC(13) Archive regions: 2->2
[2025-01-17T10:23:53.318+0000][81][info ][gc,heap     ] GC(13) Humongous regions: 4->4
[2025-01-17T10:23:53.318+0000][81][info ][gc,metaspace] GC(13) Metaspace: 138600K(142400K)->138600K(142400K) NonClass: 120019K(122112K)->120019K(122112K) Class: 18580K(20288K)->18580K(20288K)
[2025-01-17T10:23:53.319+0000][81][info ][gc          ] GC(13) Pause Young (Concurrent Start) (CodeCache GC Threshold) 623M->181M(3392M) 17.092ms
[2025-01-17T10:23:53.319+0000][81][info ][gc          ] GC(14) Concurrent Mark Cycle
[2025-01-17T10:23:53.319+0000][81][info ][gc,cpu      ] GC(13) User=0.09s Sys=0.00s Real=0.02s
[2025-01-17T10:23:53.320+0000][81][info ][gc,marking  ] GC(14) Concurrent Scan Root Regions
[2025-01-17T10:23:53.320+0000][81][info ][safepoint   ] Safepoint "G1TryInitiateConcMark", Time since last: 390055912 ns, Reaching safepoint: 30527 ns, Cleanup: 359822 ns, At safepoint: 18258805 ns, Total: 18649154 ns
[2025-01-17T10:23:53.325+0000][81][info ][gc,marking  ] GC(14) Concurrent Scan Root Regions 4.955ms
[2025-01-17T10:23:53.325+0000][81][info ][gc,marking  ] GC(14) Concurrent Mark
[2025-01-17T10:23:53.325+0000][81][info ][gc,marking  ] GC(14) Concurrent Mark From Roots
[2025-01-17T10:23:53.326+0000][81][info ][gc,task     ] GC(14) Using 5 workers of 5 for marking
[2025-01-17T10:23:53.361+0000][81][info ][gc,marking  ] GC(14) Concurrent Mark From Roots 35.899ms
[2025-01-17T10:23:53.362+0000][81][info ][gc,marking  ] GC(14) Concurrent Preclean
[2025-01-17T10:23:53.362+0000][81][info ][gc,marking  ] GC(14) Concurrent Preclean 0.764ms
[2025-01-17T10:23:53.364+0000][81][info ][gc,start    ] GC(14) Pause Remark
[2025-01-17T10:23:53.385+0000][81][info ][gc          ] GC(14) Pause Remark 188M->184M(3392M) 21.254ms
[2025-01-17T10:23:53.385+0000][81][info ][gc,cpu      ] GC(14) User=0.27s Sys=0.00s Real=0.02s
[2025-01-17T10:23:53.386+0000][81][info ][safepoint   ] Safepoint "G1PauseRemark", Time since last: 43009547 ns, Reaching safepoint: 24510 ns, Cleanup: 362426 ns, At safepoint: 22239515 ns, Total: 22626451 ns
[2025-01-17T10:23:53.386+0000][81][info ][gc,marking  ] GC(14) Concurrent Mark 61.177ms
[2025-01-17T10:23:53.387+0000][81][info ][gc,marking  ] GC(14) Concurrent Rebuild Remembered Sets and Scrub Regions
[2025-01-17T10:23:53.415+0000][81][info ][gc,marking  ] GC(14) Concurrent Rebuild Remembered Sets and Scrub Regions 28.844ms
[2025-01-17T10:23:53.416+0000][81][info ][gc,start    ] GC(14) Pause Cleanup
[2025-01-17T10:23:53.417+0000][81][info ][gc          ] GC(14) Pause Cleanup 199M->199M(3392M) 0.836ms
[2025-01-17T10:23:53.418+0000][81][info ][gc,cpu      ] GC(14) User=0.00s Sys=0.00s Real=0.00s
[2025-01-17T10:23:53.418+0000][81][info ][safepoint   ] Safepoint "G1PauseCleanup", Time since last: 30338720 ns, Reaching safepoint: 29034 ns, Cleanup: 355001 ns, At safepoint: 1984594 ns, Total: 2368629 ns
[2025-01-17T10:23:53.419+0000][81][info ][gc,marking  ] GC(14) Concurrent Clear Claimed Marks
[2025-01-17T10:23:53.420+0000][81][info ][gc,marking  ] GC(14) Concurrent Clear Claimed Marks 0.828ms
[2025-01-17T10:23:53.420+0000][81][info ][gc,marking  ] GC(14) Concurrent Cleanup for Next Mark
[2025-01-17T10:23:53.430+0000][81][info ][gc,marking  ] GC(14) Concurrent Cleanup for Next Mark 9.618ms
[2025-01-17T10:23:53.431+0000][81][info ][gc          ] GC(14) Concurrent Mark Cycle 111.142ms
[2025-01-17T10:23:54.110+0000][81][info ][safepoint   ] Safepoint "ICBufferFull", Time since last: 690893889 ns, Reaching safepoint: 31174 ns, Cleanup: 429596 ns, At safepoint: 87502 ns, Total: 548272 ns
[2025-01-17T10:23:54.341+0000][81][info ][safepoint   ] Safepoint "ICBufferFull", Time since last: 230759614 ns, Reaching safepoint: 89547 ns, Cleanup: 611133 ns, At safepoint: 64421 ns, Total: 765101 ns
[2025-01-17T10:23:55.270+0000][81][info ][safepoint   ] Safepoint "ICBufferFull", Time since last: 928309241 ns, Reaching safepoint: 22156 ns, Cleanup: 355546 ns, At safepoint: 29682 ns, Total: 407384 ns
[2025-01-17T10:23:56.325+0000][81][info ][safepoint   ] Safepoint "Cleanup", Time since last: 1054161636 ns, Reaching safepoint: 12416 ns, Cleanup: 301206 ns, At safepoint: 43676 ns, Total: 357298 ns
[2025-01-17T10:23:57.629+0000][81][info ][safepoint   ] Safepoint "Cleanup", Time since last: 1303412586 ns, Reaching safepoint: 47043 ns, Cleanup: 652294 ns, At safepoint: 20701 ns, Total: 720038 ns
[2025-01-17T10:23:58.631+0000][81][info ][safepoint   ] Safepoint "Cleanup", Time since last: 1001953856 ns, Reaching safepoint: 43021 ns, Cleanup: 642464 ns, At safepoint: 20505 ns, Total: 705990 ns
[2025-01-17T10:23:59.638+0000][81][info ][safepoint   ] Safepoint "Cleanup", Time since last: 1005820946 ns, Reaching safepoint: 10353 ns, Cleanup: 278523 ns, At safepoint: 34312 ns, Total: 323188 ns
[2025-01-17T10:24:01.046+0000][81][info ][safepoint   ] Safepoint "Cleanup", Time since last: 1408005668 ns, Reaching safepoint: 38078 ns, Cleanup: 504075 ns, At safepoint: 21532 ns, Total: 563685 ns
[2025-01-17T10:24:03.048+0000][81][info ][safepoint   ] Safepoint "Cleanup", Time since last: 2001315863 ns, Reaching safepoint: 51503 ns, Cleanup: 674614 ns, At safepoint: 22305 ns, Total: 748422 ns
[2025-01-17T10:24:04.052+0000][81][info ][safepoint   ] Safepoint "Cleanup", Time since last: 1002746256 ns, Reaching safepoint: 118086 ns, Cleanup: 845623 ns, At safepoint: 34262 ns, Total: 997971 ns
[2025-01-17T10:24:05.058+0000][81][info ][safepoint   ] Safepoint "Cleanup", Time since last: 1005303392 ns, Reaching safepoint: 28846 ns, Cleanup: 333569 ns, At safepoint: 14008 ns, Total: 376423 ns
[2025-01-17T10:24:06.059+0000][81][info ][safepoint   ] Safepoint "Cleanup", Time since last: 1000918926 ns, Reaching safepoint: 13721 ns, Cleanup: 466222 ns, At safepoint: 35456 ns, Total: 515399 ns
[2025-01-17T10:24:07.087+0000][81][info ][safepoint   ] Safepoint "Cleanup", Time since last: 1027654853 ns, Reaching safepoint: 15640 ns, Cleanup: 438928 ns, At safepoint: 35371 ns, Total: 489939 ns
[2025-01-17T10:24:08.098+0000][81][info ][safepoint   ] Safepoint "Cleanup", Time since last: 1010165404 ns, Reaching safepoint: 37780 ns, Cleanup: 707245 ns, At safepoint: 53093 ns, Total: 798118 ns
[2025-01-17T10:24:09.100+0000][81][info ][safepoint   ] Safepoint "Cleanup", Time since last: 1001252866 ns, Reaching safepoint: 43803 ns, Cleanup: 548712 ns, At safepoint: 15550 ns, Total: 608065 ns
[2025-01-17T10:24:11.613+0000][81][info ][safepoint   ] Safepoint "Cleanup", Time since last: 2512960535 ns, Reaching safepoint: 27926 ns, Cleanup: 268853 ns, At safepoint: 37352 ns, Total: 334131 ns
[2025-01-17T10:24:13.119+0000][81][info ][safepoint   ] Safepoint "Cleanup", Time since last: 1505021451 ns, Reaching safepoint: 44198 ns, Cleanup: 747903 ns, At safepoint: 85722 ns, Total: 877823 ns
[2025-01-17T10:24:14.122+0000][81][info ][safepoint   ] Safepoint "Cleanup", Time since last: 1001707587 ns, Reaching safepoint: 43280 ns, Cleanup: 548703 ns, At safepoint: 21649 ns, Total: 613632 ns
[2025-01-17T10:24:15.124+0000][81][info ][safepoint   ] Safepoint "Cleanup", Time since last: 1002120561 ns, Reaching safepoint: 25699 ns, Cleanup: 325779 ns, At safepoint: 10521 ns, Total: 361999 ns
[2025-01-17T10:24:16.126+0000][81][info ][safepoint   ] Safepoint "Cleanup", Time since last: 1001009762 ns, Reaching safepoint: 39314 ns, Cleanup: 963544 ns, At safepoint: 70534 ns, Total: 1073392 ns
[2025-01-17T10:24:17.609+0000][81][info ][safepoint   ] Safepoint "Cleanup", Time since last: 1483060070 ns, Reaching safepoint: 9570 ns, Cleanup: 262726 ns, At safepoint: 58251 ns, Total: 330547 ns
[2025-01-17T10:24:19.142+0000][81][info ][safepoint   ] Safepoint "Cleanup", Time since last: 1531673063 ns, Reaching safepoint: 48876 ns, Cleanup: 858491 ns, At safepoint: 114278 ns, Total: 1021645 ns
[2025-01-17T10:24:21.143+0000][81][info ][safepoint   ] Safepoint "Cleanup", Time since last: 2003004407 ns, Reaching safepoint: 41145 ns, Cleanup: 683810 ns, At safepoint: 19255 ns, Total: 744210 ns
[2025-01-17T10:24:22.145+0000][81][info ][safepoint   ] Safepoint "Cleanup", Time since last: 1001180764 ns, Reaching safepoint: 32994 ns, Cleanup: 603918 ns, At safepoint: 16787 ns, Total: 653699 ns
[2025-01-17T10:24:23.621+0000][81][info ][safepoint   ] Safepoint "Cleanup", Time since last: 1475937641 ns, Reaching safepoint: 10820 ns, Cleanup: 401846 ns, At safepoint: 43707 ns, Total: 456373 ns
[2025-01-17T10:24:25.164+0000][81][info ][safepoint   ] Safepoint "Cleanup", Time since last: 1541813534 ns, Reaching safepoint: 37310 ns, Cleanup: 554422 ns, At safepoint: 43218 ns, Total: 634950 ns
[2025-01-17T10:24:26.168+0000][81][info ][safepoint   ] Safepoint "Cleanup", Time since last: 1003967920 ns, Reaching safepoint: 71796 ns, Cleanup: 529115 ns, At safepoint: 20367 ns, Total: 621278 ns
[2025-01-17T10:24:27.174+0000][81][info ][safepoint   ] Safepoint "Cleanup", Time since last: 1004781220 ns, Reaching safepoint: 41508 ns, Cleanup: 598382 ns, At safepoint: 22575 ns, Total: 662465 ns
[2025-01-17T10:24:29.180+0000][81][info ][safepoint   ] Safepoint "Cleanup", Time since last: 2005690411 ns, Reaching safepoint: 27143 ns, Cleanup: 289274 ns, At safepoint: 10100 ns, Total: 326517 ns
[2025-01-17T10:24:30.181+0000][81][info ][safepoint   ] Safepoint "Cleanup", Time since last: 1000562770 ns, Reaching safepoint: 8963 ns, Cleanup: 303245 ns, At safepoint: 60022 ns, Total: 372230 ns
[2025-01-17T10:24:31.186+0000][81][info ][safepoint   ] Safepoint "Cleanup", Time since last: 1004636114 ns, Reaching safepoint: 28408 ns, Cleanup: 295499 ns, At safepoint: 10031 ns, Total: 333938 ns
[2025-01-17T10:24:33.187+0000][81][info ][safepoint   ] Safepoint "Cleanup", Time since last: 2000745718 ns, Reaching safepoint: 29042 ns, Cleanup: 316213 ns, At safepoint: 22026 ns, Total: 367281 ns
[2025-01-17T10:24:35.619+0000][81][info ][safepoint   ] Safepoint "Cleanup", Time since last: 2431551585 ns, Reaching safepoint: 16122 ns, Cleanup: 499216 ns, At safepoint: 68369 ns, Total: 583707 ns
[2025-01-17T10:24:37.234+0000][81][info ][safepoint   ] Safepoint "Cleanup", Time since last: 1614303041 ns, Reaching safepoint: 48085 ns, Cleanup: 689163 ns, At safepoint: 23801 ns, Total: 761049 ns
[2025-01-17T10:24:38.466+0000][81][info ][safepoint   ] Safepoint "Cleanup", Time since last: 1231716481 ns, Reaching safepoint: 13799 ns, Cleanup: 423167 ns, At safepoint: 33443 ns, Total: 470409 ns
[2025-01-17T10:24:39.475+0000][81][info ][safepoint   ] Safepoint "Cleanup", Time since last: 1007957320 ns, Reaching safepoint: 57368 ns, Cleanup: 426118 ns, At safepoint: 19191 ns, Total: 502677 ns
[2025-01-17T10:24:41.476+0000][81][info ][safepoint   ] Safepoint "Cleanup", Time since last: 2001280515 ns, Reaching safepoint: 60833 ns, Cleanup: 347726 ns, At safepoint: 13651 ns, Total: 422210 ns
[2025-01-17T10:24:43.265+0000][81][info ][safepoint   ] Safepoint "Cleanup", Time since last: 1787362548 ns, Reaching safepoint: 15820 ns, Cleanup: 736112 ns, At safepoint: 118316 ns, Total: 870248 ns
[2025-01-17T10:24:44.276+0000][81][info ][safepoint   ] Safepoint "Cleanup", Time since last: 1011053664 ns, Reaching safepoint: 45710 ns, Cleanup: 520241 ns, At safepoint: 13512 ns, Total: 579463 ns
[2025-01-17T10:24:45.278+0000][81][info ][safepoint   ] Safepoint "Cleanup", Time since last: 1001378517 ns, Reaching safepoint: 38327 ns, Cleanup: 510558 ns, At safepoint: 19770 ns, Total: 568655 ns
[2025-01-17T10:24:47.281+0000][81][info ][safepoint   ] Safepoint "Cleanup", Time since last: 2002442581 ns, Reaching safepoint: 41025 ns, Cleanup: 483643 ns, At safepoint: 16035 ns, Total: 540703 ns
[2025-01-17T10:24:48.282+0000][81][info ][safepoint   ] Safepoint "Cleanup", Time since last: 1000399443 ns, Reaching safepoint: 16435 ns, Cleanup: 552954 ns, At safepoint: 41594 ns, Total: 610983 ns
[2025-01-17T10:24:49.300+0000][81][info ][safepoint   ] Safepoint "Cleanup", Time since last: 1017430295 ns, Reaching safepoint: 36289 ns, Cleanup: 558739 ns, At safepoint: 15428 ns, Total: 610456 ns
[2025-01-17T10:24:51.299+0000][81][info ][safepoint   ] Safepoint "Cleanup", Time since last: 2001009936 ns, Reaching safepoint: 36793 ns, Cleanup: 525925 ns, At safepoint: 42407 ns, Total: 605125 ns
[2025-01-17T10:24:53.611+0000][81][info ][safepoint   ] Safepoint "Cleanup", Time since last: 2311042622 ns, Reaching safepoint: 15642 ns, Cleanup: 415310 ns, At safepoint: 58775 ns, Total: 489727 ns
[2025-01-17T10:24:55.321+0000][81][info ][safepoint   ] Safepoint "Cleanup", Time since last: 1709462372 ns, Reaching safepoint: 33550 ns, Cleanup: 406738 ns, At safepoint: 18605 ns, Total: 458893 ns
[2025-01-17T10:24:56.919+0000][81][info ][safepoint   ] Safepoint "Cleanup", Time since last: 1597916788 ns, Reaching safepoint: 125476 ns, Cleanup: 498555 ns, At safepoint: 21245 ns, Total: 645276 ns
[2025-01-17T10:24:58.921+0000][81][info ][safepoint   ] Safepoint "Cleanup", Time since last: 2001190001 ns, Reaching safepoint: 35469 ns, Cleanup: 518565 ns, At safepoint: 14307 ns, Total: 568341 ns
[2025-01-17T10:25:00.335+0000][81][info ][safepoint   ] Safepoint "Cleanup", Time since last: 1412890628 ns, Reaching safepoint: 18117 ns, Cleanup: 555312 ns, At safepoint: 76086 ns, Total: 649515 ns
[2025-01-17T10:25:01.352+0000][81][info ][safepoint   ] Safepoint "Cleanup", Time since last: 1015954234 ns, Reaching safepoint: 53287 ns, Cleanup: 1078260 ns, At safepoint: 70291 ns, Total: 1201838 ns
[2025-01-17T10:25:02.353+0000][81][info ][safepoint   ] Safepoint "Cleanup", Time since last: 1001416420 ns, Reaching safepoint: 29115 ns, Cleanup: 301840 ns, At safepoint: 11340 ns, Total: 342295 ns
[2025-01-17T10:25:03.355+0000][81][info ][safepoint   ] Safepoint "Cleanup", Time since last: 1000693229 ns, Reaching safepoint: 36744 ns, Cleanup: 464682 ns, At safepoint: 13880 ns, Total: 515306 ns
[2025-01-17T10:25:04.357+0000][81][info ][safepoint   ] Safepoint "Cleanup", Time since last: 1001528784 ns, Reaching safepoint: 54281 ns, Cleanup: 804045 ns, At safepoint: 23560 ns, Total: 881886 ns
[2025-01-17T10:25:05.612+0000][81][info ][safepoint   ] Safepoint "Cleanup", Time since last: 1254434447 ns, Reaching safepoint: 9749 ns, Cleanup: 273537 ns, At safepoint: 22251 ns, Total: 305537 ns
[2025-01-17T10:25:07.366+0000][81][info ][safepoint   ] Safepoint "Cleanup", Time since last: 1754148233 ns, Reaching safepoint: 23311 ns, Cleanup: 289039 ns, At safepoint: 9974 ns, Total: 322324 ns
[2025-01-17T10:25:09.369+0000][81][info ][safepoint   ] Safepoint "Cleanup", Time since last: 2001347296 ns, Reaching safepoint: 50047 ns, Cleanup: 850478 ns, At safepoint: 80246 ns, Total: 980771 ns
[2025-01-17T10:25:11.370+0000][81][info ][safepoint   ] Safepoint "Cleanup", Time since last: 2001348381 ns, Reaching safepoint: 26474 ns, Cleanup: 243946 ns, At safepoint: 9330 ns, Total: 279750 ns
[2025-01-17T10:25:12.378+0000][81][info ][safepoint   ] Safepoint "Cleanup", Time since last: 1007561098 ns, Reaching safepoint: 17594 ns, Cleanup: 525664 ns, At safepoint: 40885 ns, Total: 584143 ns
[2025-01-17T10:25:13.409+0000][81][info ][safepoint   ] Safepoint "Cleanup", Time since last: 1029629391 ns, Reaching safepoint: 20866 ns, Cleanup: 488416 ns, At safepoint: 42674 ns, Total: 551956 ns
[2025-01-17T10:25:14.425+0000][81][info ][safepoint   ] Safepoint "Cleanup", Time since last: 1015753858 ns, Reaching safepoint: 47488 ns, Cleanup: 624563 ns, At safepoint: 21540 ns, Total: 693591 ns
[2025-01-17T10:25:15.426+0000][81][info ][safepoint   ] Safepoint "Cleanup", Time since last: 1000915363 ns, Reaching safepoint: 35440 ns, Cleanup: 270697 ns, At safepoint: 9889 ns, Total: 316026 ns
[2025-01-17T10:25:17.428+0000][81][info ][safepoint   ] Safepoint "Cleanup", Time since last: 2000815315 ns, Reaching safepoint: 55284 ns, Cleanup: 814367 ns, At safepoint: 24342 ns, Total: 893993 ns
[2025-01-17T10:25:18.436+0000][81][info ][safepoint   ] Safepoint "Cleanup", Time since last: 1006792050 ns, Reaching safepoint: 19325 ns, Cleanup: 631949 ns, At safepoint: 105894 ns, Total: 757168 ns
[2025-01-17T10:25:19.452+0000][81][info ][safepoint   ] Safepoint "Cleanup", Time since last: 1015690783 ns, Reaching safepoint: 55499 ns, Cleanup: 843676 ns, At safepoint: 23492 ns, Total: 922667 ns
[2025-01-17T10:25:21.534+0000][81][info ][safepoint   ] Safepoint "Cleanup", Time since last: 2083396960 ns, Reaching safepoint: 47356 ns, Cleanup: 612698 ns, At safepoint: 18519 ns, Total: 678573 ns
[2025-01-17T10:25:23.620+0000][81][info ][safepoint   ] Safepoint "Cleanup", Time since last: 2085136570 ns, Reaching safepoint: 14732 ns, Cleanup: 556851 ns, At safepoint: 77341 ns, Total: 648924 ns
[2025-01-17T10:25:25.473+0000][81][info ][safepoint   ] Safepoint "Cleanup", Time since last: 1852946463 ns, Reaching safepoint: 25162 ns, Cleanup: 302421 ns, At safepoint: 11835 ns, Total: 339418 ns
[2025-01-17T10:25:26.476+0000][81][info ][safepoint   ] Safepoint "Cleanup", Time since last: 1001764659 ns, Reaching safepoint: 41791 ns, Cleanup: 773035 ns, At safepoint: 74229 ns, Total: 889055 ns
[2025-01-17T10:25:27.494+0000][81][info ][safepoint   ] Safepoint "Cleanup", Time since last: 1017362450 ns, Reaching safepoint: 78200 ns, Cleanup: 504732 ns, At safepoint: 23021 ns, Total: 605953 ns
[2025-01-17T10:25:28.499+0000][81][info ][safepoint   ] Safepoint "Cleanup", Time since last: 1004525065 ns, Reaching safepoint: 40966 ns, Cleanup: 728188 ns, At safepoint: 58469 ns, Total: 827623 ns
[2025-01-17T10:25:29.592+0000][81][info ][safepoint   ] Safepoint "Cleanup", Time since last: 1092807200 ns, Reaching safepoint: 21708 ns, Cleanup: 267530 ns, At safepoint: 10374 ns, Total: 299612 ns
[2025-01-17T10:25:31.494+0000][81][info ][safepoint   ] Safepoint "Cleanup", Time since last: 1901122964 ns, Reaching safepoint: 29647 ns, Cleanup: 352213 ns, At safepoint: 11605 ns, Total: 393465 ns
[2025-01-17T10:25:33.495+0000][81][info ][safepoint   ] Safepoint "Cleanup", Time since last: 2001130925 ns, Reaching safepoint: 40292 ns, Cleanup: 583109 ns, At safepoint: 47324 ns, Total: 670725 ns
[2025-01-17T10:25:34.497+0000][81][info ][safepoint   ] Safepoint "Cleanup", Time since last: 1001207995 ns, Reaching safepoint: 51241 ns, Cleanup: 704719 ns, At safepoint: 20625 ns, Total: 776585 ns
[2025-01-17T10:25:35.501+0000][81][info ][safepoint   ] Safepoint "Cleanup", Time since last: 1002628057 ns, Reaching safepoint: 38913 ns, Cleanup: 507833 ns, At safepoint: 20502 ns, Total: 567248 ns
[2025-01-17T10:25:36.509+0000][81][info ][safepoint   ] Safepoint "Cleanup", Time since last: 1007997378 ns, Reaching safepoint: 16570 ns, Cleanup: 431224 ns, At safepoint: 35391 ns, Total: 483185 ns
[2025-01-17T10:25:37.522+0000][81][info ][safepoint   ] Safepoint "Cleanup", Time since last: 1011767361 ns, Reaching safepoint: 42371 ns, Cleanup: 586498 ns, At safepoint: 27827 ns, Total: 656696 ns
[2025-01-17T10:25:38.582+0000][81][info ][safepoint   ] Safepoint "Cleanup", Time since last: 1059393555 ns, Reaching safepoint: 37305 ns, Cleanup: 788574 ns, At safepoint: 58607 ns, Total: 884486 ns
[2025-01-17T10:25:41.585+0000][81][info ][safepoint   ] Safepoint "Cleanup", Time since last: 3002503978 ns, Reaching safepoint: 132020 ns, Cleanup: 354440 ns, At safepoint: 58035 ns, Total: 544495 ns
[2025-01-17T10:25:43.560+0000][81][info ][safepoint   ] Safepoint "Cleanup", Time since last: 1975156437 ns, Reaching safepoint: 55587 ns, Cleanup: 329335 ns, At safepoint: 10532 ns, Total: 395454 ns
[2025-01-17T10:25:45.562+0000][81][info ][safepoint   ] Safepoint "Cleanup", Time since last: 2001009357 ns, Reaching safepoint: 25967 ns, Cleanup: 288502 ns, At safepoint: 13692 ns, Total: 328161 ns
[2025-01-17T10:25:47.618+0000][81][info ][safepoint   ] Safepoint "Cleanup", Time since last: 2055910755 ns, Reaching safepoint: 20394 ns, Cleanup: 605694 ns, At safepoint: 44580 ns, Total: 670668 ns
[2025-01-17T10:25:49.577+0000][81][info ][safepoint   ] Safepoint "Cleanup", Time since last: 1958332724 ns, Reaching safepoint: 47480 ns, Cleanup: 545792 ns, At safepoint: 17190 ns, Total: 610462 ns
[2025-01-17T10:25:50.579+0000][81][info ][safepoint   ] Safepoint "Cleanup", Time since last: 1001127748 ns, Reaching safepoint: 34977 ns, Cleanup: 638808 ns, At safepoint: 65363 ns, Total: 739148 ns
[2025-01-17T10:25:51.579+0000][81][info ][safepoint   ] Safepoint "Cleanup", Time since last: 1002295463 ns, Reaching safepoint: 30560 ns, Cleanup: 421768 ns, At safepoint: 14335 ns, Total: 466663 ns
[2025-01-17T10:25:52.581+0000][81][info ][safepoint   ] Safepoint "Cleanup", Time since last: 1001056695 ns, Reaching safepoint: 35215 ns, Cleanup: 485380 ns, At safepoint: 15576 ns, Total: 536171 ns
[2025-01-17T10:25:53.583+0000][81][info ][safepoint   ] Safepoint "Cleanup", Time since last: 1001176993 ns, Reaching safepoint: 37795 ns, Cleanup: 515676 ns, At safepoint: 42671 ns, Total: 596142 ns
[2025-01-17T10:25:54.588+0000][81][info ][safepoint   ] Safepoint "Cleanup", Time since last: 1004354721 ns, Reaching safepoint: 16553 ns, Cleanup: 621022 ns, At safepoint: 94657 ns, Total: 732232 ns
[2025-01-17T10:25:56.966+0000][81][info ][safepoint   ] Safepoint "Cleanup", Time since last: 2377432308 ns, Reaching safepoint: 41939 ns, Cleanup: 687662 ns, At safepoint: 64216 ns, Total: 793817 ns
[2025-01-17T10:26:01.624+0000][81][info ][safepoint   ] Safepoint "Cleanup", Time since last: 4657900104 ns, Reaching safepoint: 116141 ns, Cleanup: 532897 ns, At safepoint: 18592 ns, Total: 667630 ns
[2025-01-17T10:26:02.626+0000][81][info ][safepoint   ] Safepoint "Cleanup", Time since last: 1001280506 ns, Reaching safepoint: 38073 ns, Cleanup: 494760 ns, At safepoint: 16254 ns, Total: 549087 ns
[2025-01-17T10:26:05.626+0000][81][info ][safepoint   ] Safepoint "Cleanup", Time since last: 2998558272 ns, Reaching safepoint: 18325 ns, Cleanup: 767675 ns, At safepoint: 97693 ns, Total: 883693 ns
[2025-01-17T10:26:07.647+0000][81][info ][safepoint   ] Safepoint "Cleanup", Time since last: 2020242411 ns, Reaching safepoint: 40781 ns, Cleanup: 559972 ns, At safepoint: 22069 ns, Total: 622822 ns
[2025-01-17T10:26:08.653+0000][81][info ][safepoint   ] Safepoint "Cleanup", Time since last: 1005576498 ns, Reaching safepoint: 40022 ns, Cleanup: 577513 ns, At safepoint: 20521 ns, Total: 638056 ns
[2025-01-17T10:26:11.632+0000][81][info ][safepoint   ] Safepoint "Cleanup", Time since last: 2978725319 ns, Reaching safepoint: 17296 ns, Cleanup: 540860 ns, At safepoint: 42440 ns, Total: 600596 ns
[2025-01-17T10:26:12.661+0000][81][info ][safepoint   ] Safepoint "Cleanup", Time since last: 1028271863 ns, Reaching safepoint: 19918 ns, Cleanup: 510866 ns, At safepoint: 40190 ns, Total: 570974 ns
[2025-01-17T10:26:13.694+0000][81][info ][safepoint   ] Safepoint "Cleanup", Time since last: 1031948744 ns, Reaching safepoint: 85423 ns, Cleanup: 571886 ns, At safepoint: 20404 ns, Total: 677713 ns
[2025-01-17T10:26:14.696+0000][81][info ][safepoint   ] Safepoint "Cleanup", Time since last: 1001373684 ns, Reaching safepoint: 41731 ns, Cleanup: 763178 ns, At safepoint: 105204 ns, Total: 910113 ns
[2025-01-17T10:26:17.619+0000][81][info ][safepoint   ] Safepoint "Cleanup", Time since last: 2922339225 ns, Reaching safepoint: 17009 ns, Cleanup: 507520 ns, At safepoint: 39567 ns, Total: 564096 ns
[2025-01-17T10:26:18.690+0000][81][info ][safepoint   ] Safepoint "Cleanup", Time since last: 1070211385 ns, Reaching safepoint: 32017 ns, Cleanup: 565324 ns, At safepoint: 25706 ns, Total: 623047 ns
[2025-01-17T10:26:20.713+0000][81][info ][safepoint   ] Safepoint "Cleanup", Time since last: 2022677745 ns, Reaching safepoint: 30495 ns, Cleanup: 342021 ns, At safepoint: 13088 ns, Total: 385604 ns
[2025-01-17T10:26:22.717+0000][81][info ][safepoint   ] Safepoint "Cleanup", Time since last: 2005439822 ns, Reaching safepoint: 76881 ns, Cleanup: 311455 ns, At safepoint: 11323 ns, Total: 399659 ns
[2025-01-17T10:26:23.724+0000][81][info ][safepoint   ] Safepoint "Cleanup", Time since last: 1006194589 ns, Reaching safepoint: 17465 ns, Cleanup: 718913 ns, At safepoint: 120072 ns, Total: 856450 ns
[2025-01-17T10:26:26.763+0000][81][info ][safepoint   ] Safepoint "Cleanup", Time since last: 3038759931 ns, Reaching safepoint: 39587 ns, Cleanup: 502259 ns, At safepoint: 14572 ns, Total: 556418 ns
[2025-01-17T10:26:28.766+0000][81][info ][safepoint   ] Safepoint "Cleanup", Time since last: 2001514475 ns, Reaching safepoint: 89802 ns, Cleanup: 802611 ns, At safepoint: 72458 ns, Total: 964871 ns
[2025-01-17T10:26:29.777+0000][81][info ][safepoint   ] Safepoint "Cleanup", Time since last: 1010356484 ns, Reaching safepoint: 18077 ns, Cleanup: 523453 ns, At safepoint: 46189 ns, Total: 587719 ns
[2025-01-17T10:26:30.791+0000][81][info ][safepoint   ] Safepoint "Cleanup", Time since last: 1013599727 ns, Reaching safepoint: 44414 ns, Cleanup: 547282 ns, At safepoint: 20353 ns, Total: 612049 ns
[2025-01-17T10:26:31.795+0000][81][info ][safepoint   ] Safepoint "Cleanup", Time since last: 1003722747 ns, Reaching safepoint: 42451 ns, Cleanup: 570759 ns, At safepoint: 19300 ns, Total: 632510 ns
[2025-01-17T10:26:34.801+0000][81][info ][safepoint   ] Safepoint "Cleanup", Time since last: 3004961854 ns, Reaching safepoint: 37479 ns, Cleanup: 487414 ns, At safepoint: 42403 ns, Total: 567296 ns
[2025-01-17T10:26:35.806+0000][81][info ][safepoint   ] Safepoint "Cleanup", Time since last: 1004689400 ns, Reaching safepoint: 21344 ns, Cleanup: 619277 ns, At safepoint: 51434 ns, Total: 692055 ns
[2025-01-17T10:26:36.846+0000][81][info ][safepoint   ] Safepoint "Cleanup", Time since last: 1039214246 ns, Reaching safepoint: 37226 ns, Cleanup: 604179 ns, At safepoint: 18861 ns, Total: 660266 ns
[2025-01-17T10:26:37.850+0000][81][info ][safepoint   ] Safepoint "Cleanup", Time since last: 1002991949 ns, Reaching safepoint: 38700 ns, Cleanup: 523339 ns, At safepoint: 14668 ns, Total: 576707 ns
[2025-01-17T10:26:38.853+0000][81][info ][safepoint   ] Safepoint "Cleanup", Time since last: 1002654342 ns, Reaching safepoint: 30611 ns, Cleanup: 545420 ns, At safepoint: 17718 ns, Total: 593749 ns
[2025-01-17T10:26:41.613+0000][81][info ][safepoint   ] Safepoint "Cleanup", Time since last: 2760053012 ns, Reaching safepoint: 165550 ns, Cleanup: 318316 ns, At safepoint: 66104 ns, Total: 549970 ns
[2025-01-17T10:26:42.808+0000][81][info ][safepoint   ] Safepoint "Cleanup", Time since last: 1194628639 ns, Reaching safepoint: 30430 ns, Cleanup: 287785 ns, At safepoint: 25313 ns, Total: 343528 ns
[2025-01-17T10:26:44.810+0000][81][info ][safepoint   ] Safepoint "Cleanup", Time since last: 2001234861 ns, Reaching safepoint: 82014 ns, Cleanup: 670968 ns, At safepoint: 19638 ns, Total: 772620 ns
[2025-01-17T10:26:45.812+0000][81][info ][safepoint   ] Safepoint "Cleanup", Time since last: 1001302332 ns, Reaching safepoint: 42080 ns, Cleanup: 537779 ns, At safepoint: 18010 ns, Total: 597869 ns
[2025-01-17T10:26:47.637+0000][81][info ][safepoint   ] Safepoint "Cleanup", Time since last: 1824601451 ns, Reaching safepoint: 11227 ns, Cleanup: 276274 ns, At safepoint: 32162 ns, Total: 319663 ns
[2025-01-17T10:26:48.874+0000][81][info ][safepoint   ] Safepoint "Cleanup", Time since last: 1236435661 ns, Reaching safepoint: 35019 ns, Cleanup: 396091 ns, At safepoint: 15986 ns, Total: 447096 ns
[2025-01-17T10:26:50.875+0000][81][info ][safepoint   ] Safepoint "Cleanup", Time since last: 2002658326 ns, Reaching safepoint: 36702 ns, Cleanup: 539297 ns, At safepoint: 19325 ns, Total: 595324 ns
[2025-01-17T10:26:53.610+0000][81][info ][safepoint   ] Safepoint "Cleanup", Time since last: 2734376668 ns, Reaching safepoint: 13902 ns, Cleanup: 391849 ns, At safepoint: 112940 ns, Total: 518691 ns
[2025-01-17T10:26:54.890+0000][81][info ][safepoint   ] Safepoint "Cleanup", Time since last: 1279915034 ns, Reaching safepoint: 36052 ns, Cleanup: 503392 ns, At safepoint: 23958 ns, Total: 563402 ns
[2025-01-17T10:26:55.894+0000][81][info ][safepoint   ] Safepoint "Cleanup", Time since last: 1003422280 ns, Reaching safepoint: 39301 ns, Cleanup: 513319 ns, At safepoint: 16315 ns, Total: 568935 ns
[2025-01-17T10:26:57.014+0000][81][info ][safepoint   ] Safepoint "Cleanup", Time since last: 1119160595 ns, Reaching safepoint: 46293 ns, Cleanup: 550598 ns, At safepoint: 19069 ns, Total: 615960 ns
[2025-01-17T10:26:58.016+0000][81][info ][safepoint   ] Safepoint "Cleanup", Time since last: 1001139953 ns, Reaching safepoint: 37300 ns, Cleanup: 679215 ns, At safepoint: 24482 ns, Total: 740997 ns
[2025-01-17T10:26:59.018+0000][81][info ][safepoint   ] Safepoint "Cleanup", Time since last: 1001492310 ns, Reaching safepoint: 39387 ns, Cleanup: 583722 ns, At safepoint: 20444 ns, Total: 643553 ns
[2025-01-17T10:27:00.920+0000][81][info ][safepoint   ] Safepoint "Cleanup", Time since last: 1901518819 ns, Reaching safepoint: 87616 ns, Cleanup: 647439 ns, At safepoint: 67077 ns, Total: 802132 ns
[2025-01-17T10:27:02.923+0000][81][info ][safepoint   ] Safepoint "Cleanup", Time since last: 2001810210 ns, Reaching safepoint: 32561 ns, Cleanup: 281759 ns, At safepoint: 10413 ns, Total: 324733 ns
[2025-01-17T10:27:03.924+0000][81][info ][safepoint   ] Safepoint "Cleanup", Time since last: 1000803922 ns, Reaching safepoint: 31886 ns, Cleanup: 414163 ns, At safepoint: 11839 ns, Total: 457888 ns
[2025-01-17T10:27:04.926+0000][81][info ][safepoint   ] Safepoint "Cleanup", Time since last: 1002014086 ns, Reaching safepoint: 32737 ns, Cleanup: 412110 ns, At safepoint: 18623 ns, Total: 463470 ns
[2025-01-17T10:27:05.934+0000][81][info ][safepoint   ] Safepoint "Cleanup", Time since last: 1006812935 ns, Reaching safepoint: 18791 ns, Cleanup: 596681 ns, At safepoint: 50493 ns, Total: 665965 ns
[2025-01-17T10:27:06.949+0000][81][info ][safepoint   ] Safepoint "Cleanup", Time since last: 1014189011 ns, Reaching safepoint: 40203 ns, Cleanup: 695387 ns, At safepoint: 79848 ns, Total: 815438 ns
[2025-01-17T10:27:07.951+0000][81][info ][safepoint   ] Safepoint "Cleanup", Time since last: 1001608553 ns, Reaching safepoint: 43743 ns, Cleanup: 604170 ns, At safepoint: 41874 ns, Total: 689787 ns
[2025-01-17T10:27:11.621+0000][81][info ][safepoint   ] Safepoint "Cleanup", Time since last: 3669578077 ns, Reaching safepoint: 158353 ns, Cleanup: 448841 ns, At safepoint: 93099 ns, Total: 700293 ns
[2025-01-17T10:27:12.968+0000][81][info ][safepoint   ] Safepoint "Cleanup", Time since last: 1345882451 ns, Reaching safepoint: 31002 ns, Cleanup: 321975 ns, At safepoint: 60408 ns, Total: 413385 ns
[2025-01-17T10:27:13.969+0000][81][info ][safepoint   ] Safepoint "Cleanup", Time since last: 1000587969 ns, Reaching safepoint: 33203 ns, Cleanup: 357603 ns, At safepoint: 14598 ns, Total: 405404 ns
[2025-01-17T10:27:14.972+0000][81][info ][safepoint   ] Safepoint "Cleanup", Time since last: 1002559459 ns, Reaching safepoint: 152831 ns, Cleanup: 508269 ns, At safepoint: 26266 ns, Total: 687366 ns
[2025-01-17T10:27:15.975+0000][81][info ][safepoint   ] Safepoint "Cleanup", Time since last: 1002173995 ns, Reaching safepoint: 41956 ns, Cleanup: 589787 ns, At safepoint: 18796 ns, Total: 650539 ns
[2025-01-17T10:27:16.979+0000][81][info ][safepoint   ] Safepoint "Cleanup", Time since last: 1003614496 ns, Reaching safepoint: 39953 ns, Cleanup: 627379 ns, At safepoint: 25282 ns, Total: 692614 ns
[2025-01-17T10:27:17.980+0000][81][info ][safepoint   ] Safepoint "Cleanup", Time since last: 1000543716 ns, Reaching safepoint: 19312 ns, Cleanup: 631244 ns, At safepoint: 84604 ns, Total: 735160 ns
[2025-01-17T10:27:19.014+0000][81][info ][safepoint   ] Safepoint "Cleanup", Time since last: 1033244170 ns, Reaching safepoint: 42223 ns, Cleanup: 554063 ns, At safepoint: 17149 ns, Total: 613435 ns
[2025-01-17T10:27:21.015+0000][81][info ][safepoint   ] Safepoint "Cleanup", Time since last: 2002958113 ns, Reaching safepoint: 41171 ns, Cleanup: 717609 ns, At safepoint: 22876 ns, Total: 781656 ns
[2025-01-17T10:27:23.614+0000][81][info ][safepoint   ] Safepoint "Cleanup", Time since last: 2598982469 ns, Reaching safepoint: 12957 ns, Cleanup: 405316 ns, At safepoint: 34527 ns, Total: 452800 ns
[2025-01-17T10:27:25.031+0000][81][info ][safepoint   ] Safepoint "Cleanup", Time since last: 1416290528 ns, Reaching safepoint: 42962 ns, Cleanup: 523478 ns, At safepoint: 17885 ns, Total: 584325 ns
[2025-01-17T10:27:26.033+0000][81][info ][safepoint   ] Safepoint "Cleanup", Time since last: 1001060926 ns, Reaching safepoint: 28486 ns, Cleanup: 281642 ns, At safepoint: 9722 ns, Total: 319850 ns
[2025-01-17T10:27:27.034+0000][81][info ][safepoint   ] Safepoint "Cleanup", Time since last: 1000878767 ns, Reaching safepoint: 37197 ns, Cleanup: 512805 ns, At safepoint: 17939 ns, Total: 567941 ns
[2025-01-17T10:27:29.041+0000][81][info ][safepoint   ] Safepoint "Cleanup", Time since last: 2005802272 ns, Reaching safepoint: 36364 ns, Cleanup: 505616 ns, At safepoint: 16756 ns, Total: 558736 ns
[2025-01-17T10:27:30.044+0000][81][info ][safepoint   ] Safepoint "Cleanup", Time since last: 1002999937 ns, Reaching safepoint: 18321 ns, Cleanup: 454129 ns, At safepoint: 39608 ns, Total: 512058 ns
[2025-01-17T10:27:33.058+0000][81][info ][safepoint   ] Safepoint "Cleanup", Time since last: 3012818125 ns, Reaching safepoint: 39045 ns, Cleanup: 581355 ns, At safepoint: 22387 ns, Total: 642787 ns
[2025-01-17T10:27:35.611+0000][81][info ][safepoint   ] Safepoint "Cleanup", Time since last: 2552634673 ns, Reaching safepoint: 21574 ns, Cleanup: 650477 ns, At safepoint: 123079 ns, Total: 795130 ns
[2025-01-17T10:27:37.076+0000][81][info ][safepoint   ] Safepoint "Cleanup", Time since last: 1465171571 ns, Reaching safepoint: 23906 ns, Cleanup: 233681 ns, At safepoint: 9239 ns, Total: 266826 ns
[2025-01-17T10:27:39.078+0000][81][info ][safepoint   ] Safepoint "Cleanup", Time since last: 2001309520 ns, Reaching safepoint: 34043 ns, Cleanup: 691033 ns, At safepoint: 40914 ns, Total: 765990 ns
[2025-01-17T10:27:41.081+0000][81][info ][safepoint   ] Safepoint "Cleanup", Time since last: 2001856644 ns, Reaching safepoint: 91011 ns, Cleanup: 548071 ns, At safepoint: 18254 ns, Total: 657336 ns
[2025-01-17T10:27:42.086+0000][81][info ][safepoint   ] Safepoint "Cleanup", Time since last: 1004903567 ns, Reaching safepoint: 15758 ns, Cleanup: 489563 ns, At safepoint: 43697 ns, Total: 549018 ns
[2025-01-17T10:27:43.119+0000][81][info ][safepoint   ] Safepoint "Cleanup", Time since last: 1032181754 ns, Reaching safepoint: 19005 ns, Cleanup: 529644 ns, At safepoint: 45409 ns, Total: 594058 ns
[2025-01-17T10:27:44.133+0000][81][info ][safepoint   ] Safepoint "Cleanup", Time since last: 1012952095 ns, Reaching safepoint: 45002 ns, Cleanup: 599526 ns, At safepoint: 21066 ns, Total: 665594 ns
[2025-01-17T10:27:45.137+0000][81][info ][safepoint   ] Safepoint "Cleanup", Time since last: 1003137153 ns, Reaching safepoint: 45600 ns, Cleanup: 785858 ns, At safepoint: 37742 ns, Total: 869200 ns
[2025-01-17T10:27:47.619+0000][81][info ][safepoint   ] Safepoint "Cleanup", Time since last: 2481491780 ns, Reaching safepoint: 19234 ns, Cleanup: 245845 ns, At safepoint: 28920 ns, Total: 293999 ns
[2025-01-17T10:27:49.162+0000][81][info ][safepoint   ] Safepoint "Cleanup", Time since last: 1542551824 ns, Reaching safepoint: 21109 ns, Cleanup: 905361 ns, At safepoint: 160045 ns, Total: 1086515 ns
[2025-01-17T10:27:50.168+0000][81][info ][safepoint   ] Safepoint "Cleanup", Time since last: 1005202308 ns, Reaching safepoint: 40330 ns, Cleanup: 549378 ns, At safepoint: 16539 ns, Total: 606247 ns
[2025-01-17T10:27:51.167+0000][81][info ][safepoint   ] Safepoint "Cleanup", Time since last: 1001016176 ns, Reaching safepoint: 30934 ns, Cleanup: 286720 ns, At safepoint: 12662 ns, Total: 330316 ns
[2025-01-17T10:27:53.169+0000][81][info ][safepoint   ] Safepoint "Cleanup", Time since last: 2001127682 ns, Reaching safepoint: 43788 ns, Cleanup: 657678 ns, At safepoint: 25297 ns, Total: 726763 ns
[2025-01-17T10:27:54.172+0000][81][info ][safepoint   ] Safepoint "Cleanup", Time since last: 1002680622 ns, Reaching safepoint: 16185 ns, Cleanup: 517809 ns, At safepoint: 66568 ns, Total: 600562 ns
[2025-01-17T10:27:56.057+0000][81][info ][safepoint   ] Safepoint "Cleanup", Time since last: 1884248156 ns, Reaching safepoint: 9475 ns, Cleanup: 222853 ns, At safepoint: 21466 ns, Total: 253794 ns
[2025-01-17T10:27:57.058+0000][81][info ][safepoint   ] Safepoint "Cleanup", Time since last: 1001305512 ns, Reaching safepoint: 25162 ns, Cleanup: 244998 ns, At safepoint: 9554 ns, Total: 279714 ns
[2025-01-17T10:28:00.197+0000][81][info ][safepoint   ] Safepoint "Cleanup", Time since last: 3138334876 ns, Reaching safepoint: 126447 ns, Cleanup: 470386 ns, At safepoint: 85429 ns, Total: 682262 ns
[2025-01-17T10:28:01.206+0000][81][info ][safepoint   ] Safepoint "Cleanup", Time since last: 1008051743 ns, Reaching safepoint: 88940 ns, Cleanup: 400457 ns, At safepoint: 15659 ns, Total: 505056 ns
[2025-01-17T10:28:03.208+0000][81][info ][safepoint   ] Safepoint "Cleanup", Time since last: 2002266731 ns, Reaching safepoint: 34133 ns, Cleanup: 414762 ns, At safepoint: 12848 ns, Total: 461743 ns
[2025-01-17T10:28:05.608+0000][81][info ][safepoint   ] Safepoint "Cleanup", Time since last: 2398718947 ns, Reaching safepoint: 10015 ns, Cleanup: 350604 ns, At safepoint: 38225 ns, Total: 398844 ns
[2025-01-17T10:28:07.219+0000][81][info ][safepoint   ] Safepoint "Cleanup", Time since last: 1611231423 ns, Reaching safepoint: 39326 ns, Cleanup: 464101 ns, At safepoint: 15045 ns, Total: 518472 ns
[2025-01-17T10:28:11.222+0000][81][info ][safepoint   ] Safepoint "Cleanup", Time since last: 4001820828 ns, Reaching safepoint: 33260 ns, Cleanup: 504640 ns, At safepoint: 39766 ns, Total: 577666 ns
[2025-01-17T10:28:12.228+0000][81][info ][safepoint   ] Safepoint "Cleanup", Time since last: 1005988797 ns, Reaching safepoint: 131474 ns, Cleanup: 451470 ns, At safepoint: 102057 ns, Total: 685001 ns
[2025-01-17T10:28:14.238+0000][81][info ][safepoint   ] Safepoint "Cleanup", Time since last: 2009132236 ns, Reaching safepoint: 30743 ns, Cleanup: 317408 ns, At safepoint: 12055 ns, Total: 360206 ns
[2025-01-17T10:28:17.604+0000][81][info ][safepoint   ] Safepoint "Cleanup", Time since last: 3365528209 ns, Reaching safepoint: 23719 ns, Cleanup: 241383 ns, At safepoint: 19578 ns, Total: 284680 ns
[2025-01-17T10:28:19.261+0000][81][info ][safepoint   ] Safepoint "Cleanup", Time since last: 1656744623 ns, Reaching safepoint: 88115 ns, Cleanup: 253665 ns, At safepoint: 23058 ns, Total: 364838 ns
[2025-01-17T10:28:20.266+0000][81][info ][safepoint   ] Safepoint "Cleanup", Time since last: 1004817142 ns, Reaching safepoint: 37810 ns, Cleanup: 518245 ns, At safepoint: 16101 ns, Total: 572156 ns
[2025-01-17T10:28:21.266+0000][81][info ][safepoint   ] Safepoint "Cleanup", Time since last: 1001012791 ns, Reaching safepoint: 45291 ns, Cleanup: 679300 ns, At safepoint: 30558 ns, Total: 755149 ns
[2025-01-17T10:28:23.601+0000][81][info ][safepoint   ] Safepoint "Cleanup", Time since last: 2334805128 ns, Reaching safepoint: 9578 ns, Cleanup: 226925 ns, At safepoint: 19445 ns, Total: 255948 ns
[2025-01-17T10:28:25.287+0000][81][info ][safepoint   ] Safepoint "Cleanup", Time since last: 1685282453 ns, Reaching safepoint: 93800 ns, Cleanup: 834444 ns, At safepoint: 69581 ns, Total: 997825 ns
[2025-01-17T10:28:27.289+0000][81][info ][safepoint   ] Safepoint "Cleanup", Time since last: 2002132360 ns, Reaching safepoint: 24293 ns, Cleanup: 228492 ns, At safepoint: 21420 ns, Total: 274205 ns
[2025-01-17T10:28:29.291+0000][81][info ][safepoint   ] Safepoint "Cleanup", Time since last: 2000613602 ns, Reaching safepoint: 44669 ns, Cleanup: 585417 ns, At safepoint: 204452 ns, Total: 834538 ns
[2025-01-17T10:28:30.299+0000][81][info ][safepoint   ] Safepoint "Cleanup", Time since last: 1007930885 ns, Reaching safepoint: 19211 ns, Cleanup: 587759 ns, At safepoint: 75479 ns, Total: 682449 ns
[2025-01-17T10:28:31.313+0000][81][info ][safepoint   ] Safepoint "Cleanup", Time since last: 1013527887 ns, Reaching safepoint: 27818 ns, Cleanup: 326933 ns, At safepoint: 44504 ns, Total: 399255 ns
[2025-01-17T10:28:33.314+0000][81][info ][safepoint   ] Safepoint "Cleanup", Time since last: 2000554333 ns, Reaching safepoint: 57436 ns, Cleanup: 354940 ns, At safepoint: 18124 ns, Total: 430500 ns
[2025-01-17T10:28:35.316+0000][81][info ][safepoint   ] Safepoint "Cleanup", Time since last: 2001261260 ns, Reaching safepoint: 26784 ns, Cleanup: 274865 ns, At safepoint: 9013 ns, Total: 310662 ns
[2025-01-17T10:28:36.327+0000][81][info ][safepoint   ] Safepoint "Cleanup", Time since last: 1010041011 ns, Reaching safepoint: 18334 ns, Cleanup: 597891 ns, At safepoint: 49626 ns, Total: 665851 ns
[2025-01-17T10:28:38.339+0000][81][info ][safepoint   ] Safepoint "Cleanup", Time since last: 2012202428 ns, Reaching safepoint: 25099 ns, Cleanup: 317711 ns, At safepoint: 15550 ns, Total: 358360 ns
[2025-01-17T10:28:39.340+0000][81][info ][safepoint   ] Safepoint "Cleanup", Time since last: 1000942756 ns, Reaching safepoint: 25593 ns, Cleanup: 248520 ns, At safepoint: 9797 ns, Total: 283910 ns
[2025-01-17T10:28:39.567+0000][81][info ][safepoint   ] Safepoint "ICBufferFull", Time since last: 226154985 ns, Reaching safepoint: 155897 ns, Cleanup: 399445 ns, At safepoint: 154359 ns, Total: 709701 ns
[2025-01-17T10:28:39.642+0000][81][info ][safepoint   ] Safepoint "ICBufferFull", Time since last: 73786484 ns, Reaching safepoint: 124946 ns, Cleanup: 347767 ns, At safepoint: 114991 ns, Total: 587704 ns
[2025-01-17T10:28:41.303+0000][81][info ][safepoint   ] Safepoint "Cleanup", Time since last: 1660575015 ns, Reaching safepoint: 30638 ns, Cleanup: 399197 ns, At safepoint: 16753 ns, Total: 446588 ns
[2025-01-17T10:28:42.356+0000][81][info ][safepoint   ] Safepoint "Cleanup", Time since last: 1053159223 ns, Reaching safepoint: 17825 ns, Cleanup: 557905 ns, At safepoint: 140113 ns, Total: 715843 ns
[2025-01-17T10:28:44.368+0000][81][info ][safepoint   ] Safepoint "Cleanup", Time since last: 2011655861 ns, Reaching safepoint: 29412 ns, Cleanup: 259676 ns, At safepoint: 11249 ns, Total: 300337 ns
[2025-01-17T10:28:45.369+0000][81][info ][safepoint   ] Safepoint "Cleanup", Time since last: 1000683179 ns, Reaching safepoint: 61113 ns, Cleanup: 304571 ns, At safepoint: 8826 ns, Total: 374510 ns
[2025-01-17T10:28:47.371+0000][81][info ][safepoint   ] Safepoint "Cleanup", Time since last: 2000896188 ns, Reaching safepoint: 26491 ns, Cleanup: 288103 ns, At safepoint: 10336 ns, Total: 324930 ns
[2025-01-17T10:28:48.380+0000][81][info ][safepoint   ] Safepoint "Cleanup", Time since last: 1008948506 ns, Reaching safepoint: 10585 ns, Cleanup: 308433 ns, At safepoint: 27119 ns, Total: 346137 ns
[2025-01-17T10:28:49.396+0000][81][info ][safepoint   ] Safepoint "Cleanup", Time since last: 1015313172 ns, Reaching safepoint: 17673 ns, Cleanup: 535897 ns, At safepoint: 43706 ns, Total: 597276 ns
[2025-01-17T10:28:51.413+0000][81][info ][safepoint   ] Safepoint "Cleanup", Time since last: 2018234339 ns, Reaching safepoint: 39670 ns, Cleanup: 380261 ns, At safepoint: 47395 ns, Total: 467326 ns
[2025-01-17T10:28:52.414+0000][81][info ][safepoint   ] Safepoint "Cleanup", Time since last: 1001041472 ns, Reaching safepoint: 29081 ns, Cleanup: 276446 ns, At safepoint: 13398 ns, Total: 318925 ns
[2025-01-17T10:28:53.602+0000][81][info ][safepoint   ] Safepoint "Cleanup", Time since last: 1187582656 ns, Reaching safepoint: 13717 ns, Cleanup: 263562 ns, At safepoint: 36859 ns, Total: 314138 ns
[2025-01-17T10:28:55.428+0000][81][info ][safepoint   ] Safepoint "Cleanup", Time since last: 1825168356 ns, Reaching safepoint: 207241 ns, Cleanup: 439129 ns, At safepoint: 31434 ns, Total: 677804 ns
[2025-01-17T10:28:57.096+0000][81][info ][safepoint   ] Safepoint "Cleanup", Time since last: 1667620687 ns, Reaching safepoint: 162316 ns, Cleanup: 420648 ns, At safepoint: 51354 ns, Total: 634318 ns
[2025-01-17T10:28:59.098+0000][81][info ][safepoint   ] Safepoint "Cleanup", Time since last: 2001013847 ns, Reaching safepoint: 239321 ns, Cleanup: 348876 ns, At safepoint: 60509 ns, Total: 648706 ns
[2025-01-17T10:29:00.444+0000][81][info ][safepoint   ] Safepoint "Cleanup", Time since last: 1346255474 ns, Reaching safepoint: 19689 ns, Cleanup: 296020 ns, At safepoint: 22264 ns, Total: 337973 ns
[2025-01-17T10:29:01.457+0000][81][info ][safepoint   ] Safepoint "Cleanup", Time since last: 1012416416 ns, Reaching safepoint: 34534 ns, Cleanup: 314320 ns, At safepoint: 11508 ns, Total: 360362 ns
[2025-01-17T10:29:02.459+0000][81][info ][safepoint   ] Safepoint "Cleanup", Time since last: 1001523816 ns, Reaching safepoint: 41613 ns, Cleanup: 531419 ns, At safepoint: 16447 ns, Total: 589479 ns
[2025-01-17T10:29:03.460+0000][81][info ][safepoint   ] Safepoint "Cleanup", Time since last: 1000806473 ns, Reaching safepoint: 30680 ns, Cleanup: 284232 ns, At safepoint: 9935 ns, Total: 324847 ns
[2025-01-17T10:29:05.630+0000][81][info ][safepoint   ] Safepoint "Cleanup", Time since last: 2168997803 ns, Reaching safepoint: 11676 ns, Cleanup: 389219 ns, At safepoint: 69556 ns, Total: 470451 ns
[2025-01-17T10:29:07.483+0000][81][info ][safepoint   ] Safepoint "Cleanup", Time since last: 1852501145 ns, Reaching safepoint: 30881 ns, Cleanup: 405227 ns, At safepoint: 15896 ns, Total: 452004 ns
[2025-01-17T10:29:08.484+0000][81][info ][safepoint   ] Safepoint "Cleanup", Time since last: 1000649701 ns, Reaching safepoint: 25259 ns, Cleanup: 255476 ns, At safepoint: 10009 ns, Total: 290744 ns
[2025-01-17T10:29:09.485+0000][81][info ][safepoint   ] Safepoint "Cleanup", Time since last: 1000598134 ns, Reaching safepoint: 37185 ns, Cleanup: 244855 ns, At safepoint: 9935 ns, Total: 291975 ns
[2025-01-17T10:29:11.624+0000][81][info ][safepoint   ] Safepoint "Cleanup", Time since last: 2138870925 ns, Reaching safepoint: 111800 ns, Cleanup: 509549 ns, At safepoint: 143742 ns, Total: 765091 ns
[2025-01-17T10:29:13.536+0000][81][info ][safepoint   ] Safepoint "Cleanup", Time since last: 1911845655 ns, Reaching safepoint: 24105 ns, Cleanup: 235079 ns, At safepoint: 9836 ns, Total: 269020 ns
[2025-01-17T10:29:15.538+0000][81][info ][safepoint   ] Safepoint "Cleanup", Time since last: 2000882479 ns, Reaching safepoint: 43455 ns, Cleanup: 660126 ns, At safepoint: 56117 ns, Total: 759698 ns
[2025-01-17T10:29:17.598+0000][81][info ][safepoint   ] Safepoint "Cleanup", Time since last: 2059969699 ns, Reaching safepoint: 16021 ns, Cleanup: 215997 ns, At safepoint: 30865 ns, Total: 262883 ns
[2025-01-17T10:29:19.554+0000][81][info ][safepoint   ] Safepoint "Cleanup", Time since last: 1955715098 ns, Reaching safepoint: 41169 ns, Cleanup: 508029 ns, At safepoint: 18470 ns, Total: 567668 ns
[2025-01-17T10:29:31.617+0000][81][info ][safepoint   ] Safepoint "Cleanup", Time since last: 12064276926 ns, Reaching safepoint: 64568 ns, Cleanup: 254007 ns, At safepoint: 14006 ns, Total: 332581 ns
[2025-01-17T10:29:33.618+0000][81][info ][safepoint   ] Safepoint "Cleanup", Time since last: 2000841380 ns, Reaching safepoint: 30184 ns, Cleanup: 282538 ns, At safepoint: 39821 ns, Total: 352543 ns
[2025-01-17T10:29:35.614+0000][81][info ][safepoint   ] Safepoint "Cleanup", Time since last: 1996346561 ns, Reaching safepoint: 10511 ns, Cleanup: 233696 ns, At safepoint: 20781 ns, Total: 264988 ns
[2025-01-17T10:29:36.631+0000][81][info ][safepoint   ] Safepoint "Cleanup", Time since last: 1015298714 ns, Reaching safepoint: 190781 ns, Cleanup: 635141 ns, At safepoint: 81069 ns, Total: 906991 ns
[2025-01-17T10:29:41.647+0000][81][info ][safepoint   ] Safepoint "Cleanup", Time since last: 5016343183 ns, Reaching safepoint: 35800 ns, Cleanup: 360185 ns, At safepoint: 30151 ns, Total: 426136 ns
[2025-01-17T10:29:42.672+0000][81][info ][safepoint   ] Safepoint "Cleanup", Time since last: 1023679497 ns, Reaching safepoint: 15221 ns, Cleanup: 487007 ns, At safepoint: 39719 ns, Total: 541947 ns
[2025-01-17T10:29:43.718+0000][81][info ][safepoint   ] Safepoint "Cleanup", Time since last: 1044907400 ns, Reaching safepoint: 67632 ns, Cleanup: 1061402 ns, At safepoint: 71466 ns, Total: 1200500 ns
[2025-01-17T10:29:47.628+0000][81][info ][safepoint   ] Safepoint "Cleanup", Time since last: 3909440144 ns, Reaching safepoint: 26919 ns, Cleanup: 417956 ns, At safepoint: 35879 ns, Total: 480754 ns
[2025-01-17T10:29:48.769+0000][81][info ][safepoint   ] Safepoint "Cleanup", Time since last: 1141276167 ns, Reaching safepoint: 11506 ns, Cleanup: 273116 ns, At safepoint: 22396 ns, Total: 307018 ns
[2025-01-17T10:29:49.774+0000][81][info ][safepoint   ] Safepoint "Cleanup", Time since last: 1004638208 ns, Reaching safepoint: 54340 ns, Cleanup: 615461 ns, At safepoint: 55711 ns, Total: 725512 ns
[2025-01-17T10:29:53.599+0000][81][info ][safepoint   ] Safepoint "Cleanup", Time since last: 3826495271 ns, Reaching safepoint: 10287 ns, Cleanup: 237918 ns, At safepoint: 33559 ns, Total: 281764 ns
[2025-01-17T10:29:54.784+0000][81][info ][safepoint   ] Safepoint "Cleanup", Time since last: 1184801348 ns, Reaching safepoint: 26197 ns, Cleanup: 301789 ns, At safepoint: 11383 ns, Total: 339369 ns
[2025-01-17T10:29:59.141+0000][81][info ][safepoint   ] Safepoint "Cleanup", Time since last: 4355889897 ns, Reaching safepoint: 40592 ns, Cleanup: 468355 ns, At safepoint: 13910 ns, Total: 522857 ns
[2025-01-17T10:30:00.827+0000][81][info ][safepoint   ] Safepoint "Cleanup", Time since last: 1685213518 ns, Reaching safepoint: 45707 ns, Cleanup: 648720 ns, At safepoint: 44495 ns, Total: 738922 ns
[2025-01-17T10:30:01.829+0000][81][info ][safepoint   ] Safepoint "Cleanup", Time since last: 1001386494 ns, Reaching safepoint: 115916 ns, Cleanup: 1033891 ns, At safepoint: 35727 ns, Total: 1185534 ns
[2025-01-17T10:30:02.831+0000][81][info ][safepoint   ] Safepoint "Cleanup", Time since last: 1001388253 ns, Reaching safepoint: 28777 ns, Cleanup: 244111 ns, At safepoint: 9762 ns, Total: 282650 ns
[2025-01-17T10:30:05.848+0000][81][info ][safepoint   ] Safepoint "Cleanup", Time since last: 3016167458 ns, Reaching safepoint: 19227 ns, Cleanup: 561960 ns, At safepoint: 78172 ns, Total: 659359 ns
[2025-01-17T10:30:08.866+0000][81][info ][safepoint   ] Safepoint "Cleanup", Time since last: 3017621123 ns, Reaching safepoint: 50616 ns, Cleanup: 806976 ns, At safepoint: 88466 ns, Total: 946058 ns
[2025-01-17T10:30:11.607+0000][81][info ][safepoint   ] Safepoint "Cleanup", Time since last: 2740345050 ns, Reaching safepoint: 11269 ns, Cleanup: 285403 ns, At safepoint: 35474 ns, Total: 332146 ns
[2025-01-17T10:30:12.905+0000][81][info ][safepoint   ] Safepoint "Cleanup", Time since last: 1297305641 ns, Reaching safepoint: 30776 ns, Cleanup: 544564 ns, At safepoint: 37330 ns, Total: 612670 ns
[2025-01-17T10:30:17.606+0000][81][info ][safepoint   ] Safepoint "Cleanup", Time since last: 4701189867 ns, Reaching safepoint: 21864 ns, Cleanup: 227153 ns, At safepoint: 19123 ns, Total: 268140 ns
[2025-01-17T10:30:18.943+0000][81][info ][safepoint   ] Safepoint "Cleanup", Time since last: 1335667200 ns, Reaching safepoint: 18980 ns, Cleanup: 625166 ns, At safepoint: 49071 ns, Total: 693217 ns
[2025-01-17T10:30:23.970+0000][81][info ][safepoint   ] Safepoint "Cleanup", Time since last: 5029574951 ns, Reaching safepoint: 16170 ns, Cleanup: 509308 ns, At safepoint: 38953 ns, Total: 564431 ns
[2025-01-17T10:30:24.985+0000][81][info ][safepoint   ] Safepoint "Cleanup", Time since last: 1013978543 ns, Reaching safepoint: 170351 ns, Cleanup: 694504 ns, At safepoint: 21378 ns, Total: 886233 ns
[2025-01-17T10:30:26.995+0000][81][info ][safepoint   ] Safepoint "Cleanup", Time since last: 2010031866 ns, Reaching safepoint: 26166 ns, Cleanup: 228615 ns, At safepoint: 8406 ns, Total: 263187 ns
[2025-01-17T10:30:28.998+0000][81][info ][safepoint   ] Safepoint "Cleanup", Time since last: 2001676305 ns, Reaching safepoint: 64597 ns, Cleanup: 1143606 ns, At safepoint: 34221 ns, Total: 1242424 ns
[2025-01-17T10:30:30.009+0000][81][info ][safepoint   ] Safepoint "Cleanup", Time since last: 1009972238 ns, Reaching safepoint: 17047 ns, Cleanup: 481873 ns, At safepoint: 64406 ns, Total: 563326 ns
[2025-01-17T10:30:35.624+0000][81][info ][safepoint   ] Safepoint "Cleanup", Time since last: 5615509163 ns, Reaching safepoint: 24214 ns, Cleanup: 240767 ns, At safepoint: 29603 ns, Total: 294584 ns
[2025-01-17T10:30:37.047+0000][81][info ][safepoint   ] Safepoint "Cleanup", Time since last: 1422136244 ns, Reaching safepoint: 46851 ns, Cleanup: 569423 ns, At safepoint: 20709 ns, Total: 636983 ns
[2025-01-17T10:30:41.049+0000][81][info ][safepoint   ] Safepoint "Cleanup", Time since last: 4001358455 ns, Reaching safepoint: 57513 ns, Cleanup: 820255 ns, At safepoint: 25750 ns, Total: 903518 ns
[2025-01-17T10:30:42.071+0000][81][info ][safepoint   ] Safepoint "Cleanup", Time since last: 1020573147 ns, Reaching safepoint: 23531 ns, Cleanup: 497287 ns, At safepoint: 58191 ns, Total: 579009 ns
[2025-01-17T10:30:47.636+0000][81][info ][safepoint   ] Safepoint "Cleanup", Time since last: 5565333753 ns, Reaching safepoint: 11389 ns, Cleanup: 276449 ns, At safepoint: 23755 ns, Total: 311593 ns
[2025-01-17T10:30:49.112+0000][81][info ][safepoint   ] Safepoint "Cleanup", Time since last: 1475041111 ns, Reaching safepoint: 58759 ns, Cleanup: 903617 ns, At safepoint: 28086 ns, Total: 990462 ns
[2025-01-17T10:30:51.112+0000][81][info ][safepoint   ] Safepoint "Cleanup", Time since last: 2001416624 ns, Reaching safepoint: 39502 ns, Cleanup: 345469 ns, At safepoint: 89205 ns, Total: 474176 ns
[2025-01-17T10:30:53.627+0000][81][info ][safepoint   ] Safepoint "Cleanup", Time since last: 2514949396 ns, Reaching safepoint: 14600 ns, Cleanup: 386097 ns, At safepoint: 36024 ns, Total: 436721 ns
[2025-01-17T10:30:55.135+0000][81][info ][safepoint   ] Safepoint "Cleanup", Time since last: 1507175824 ns, Reaching safepoint: 52115 ns, Cleanup: 593317 ns, At safepoint: 19146 ns, Total: 664578 ns
[2025-01-17T10:30:59.634+0000][81][info ][safepoint   ] Safepoint "Cleanup", Time since last: 4498658954 ns, Reaching safepoint: 30141 ns, Cleanup: 467810 ns, At safepoint: 30294 ns, Total: 528245 ns
[2025-01-17T10:31:01.175+0000][81][info ][safepoint   ] Safepoint "Cleanup", Time since last: 1539698432 ns, Reaching safepoint: 60343 ns, Cleanup: 910264 ns, At safepoint: 29445 ns, Total: 1000052 ns
[2025-01-17T10:31:06.190+0000][81][info ][safepoint   ] Safepoint "Cleanup", Time since last: 5014792791 ns, Reaching safepoint: 11648 ns, Cleanup: 237773 ns, At safepoint: 20376 ns, Total: 269797 ns
[2025-01-17T10:31:09.198+0000][81][info ][safepoint   ] Safepoint "Cleanup", Time since last: 3007743707 ns, Reaching safepoint: 48831 ns, Cleanup: 533919 ns, At safepoint: 18049 ns, Total: 600799 ns
[2025-01-17T10:31:11.639+0000][81][info ][safepoint   ] Safepoint "Cleanup", Time since last: 2440349445 ns, Reaching safepoint: 13283 ns, Cleanup: 324081 ns, At safepoint: 42816 ns, Total: 380180 ns
[2025-01-17T10:31:13.229+0000][81][info ][safepoint   ] Safepoint "Cleanup", Time since last: 1588565960 ns, Reaching safepoint: 61042 ns, Cleanup: 753701 ns, At safepoint: 29175 ns, Total: 843918 ns
[2025-01-17T10:31:15.230+0000][81][info ][safepoint   ] Safepoint "Cleanup", Time since last: 2001664473 ns, Reaching safepoint: 28600 ns, Cleanup: 251029 ns, At safepoint: 11827 ns, Total: 291456 ns
[2025-01-17T10:31:18.247+0000][81][info ][safepoint   ] Safepoint "Cleanup", Time since last: 3015628223 ns, Reaching safepoint: 15249 ns, Cleanup: 453966 ns, At safepoint: 40549 ns, Total: 509764 ns
[2025-01-17T10:31:19.275+0000][81][info ][safepoint   ] Safepoint "Cleanup", Time since last: 1028304003 ns, Reaching safepoint: 18992 ns, Cleanup: 470308 ns, At safepoint: 37079 ns, Total: 526379 ns
[2025-01-17T10:31:21.289+0000][81][info ][safepoint   ] Safepoint "Cleanup", Time since last: 2014937402 ns, Reaching safepoint: 52552 ns, Cleanup: 634924 ns, At safepoint: 23697 ns, Total: 711173 ns
[2025-01-17T10:31:23.620+0000][81][info ][safepoint   ] Safepoint "Cleanup", Time since last: 2330236039 ns, Reaching safepoint: 10047 ns, Cleanup: 272717 ns, At safepoint: 40402 ns, Total: 323166 ns
[2025-01-17T10:31:27.322+0000][81][info ][safepoint   ] Safepoint "Cleanup", Time since last: 3701895411 ns, Reaching safepoint: 42415 ns, Cleanup: 507873 ns, At safepoint: 15634 ns, Total: 565922 ns
[2025-01-17T10:31:29.325+0000][81][info ][safepoint   ] Safepoint "Cleanup", Time since last: 2002371759 ns, Reaching safepoint: 53197 ns, Cleanup: 576266 ns, At safepoint: 20507 ns, Total: 649970 ns
[2025-01-17T10:31:30.336+0000][81][info ][safepoint   ] Safepoint "Cleanup", Time since last: 1010554412 ns, Reaching safepoint: 15136 ns, Cleanup: 452230 ns, At safepoint: 20048 ns, Total: 487414 ns
[2025-01-17T10:31:31.357+0000][81][info ][safepoint   ] Safepoint "Cleanup", Time since last: 1020440195 ns, Reaching safepoint: 35345 ns, Cleanup: 456751 ns, At safepoint: 14420 ns, Total: 506516 ns
[2025-01-17T10:31:36.375+0000][81][info ][safepoint   ] Safepoint "Cleanup", Time since last: 5017461952 ns, Reaching safepoint: 24682 ns, Cleanup: 491515 ns, At safepoint: 56556 ns, Total: 572753 ns
[2025-01-17T10:31:41.390+0000][81][info ][safepoint   ] Safepoint "Cleanup", Time since last: 5013805647 ns, Reaching safepoint: 48031 ns, Cleanup: 511523 ns, At safepoint: 18841 ns, Total: 578395 ns
[2025-01-17T10:31:42.407+0000][81][info ][safepoint   ] Safepoint "Cleanup", Time since last: 1016618784 ns, Reaching safepoint: 16240 ns, Cleanup: 702610 ns, At safepoint: 122356 ns, Total: 841206 ns
[2025-01-17T10:31:44.426+0000][81][info ][safepoint   ] Safepoint "Cleanup", Time since last: 2018353186 ns, Reaching safepoint: 35406 ns, Cleanup: 370972 ns, At safepoint: 12610 ns, Total: 418988 ns
[2025-01-17T10:31:45.428+0000][81][info ][safepoint   ] Safepoint "Cleanup", Time since last: 1002202664 ns, Reaching safepoint: 30296 ns, Cleanup: 395551 ns, At safepoint: 11428 ns, Total: 437275 ns
[2025-01-17T10:31:47.632+0000][81][info ][safepoint   ] Safepoint "Cleanup", Time since last: 2203726349 ns, Reaching safepoint: 9364 ns, Cleanup: 274950 ns, At safepoint: 26324 ns, Total: 310638 ns
[2025-01-17T10:31:49.490+0000][81][info ][safepoint   ] Safepoint "Cleanup", Time since last: 1856886981 ns, Reaching safepoint: 81880 ns, Cleanup: 598548 ns, At safepoint: 31251 ns, Total: 711679 ns
[2025-01-17T10:31:51.490+0000][81][info ][safepoint   ] Safepoint "Cleanup", Time since last: 2001326111 ns, Reaching safepoint: 44748 ns, Cleanup: 500301 ns, At safepoint: 15418 ns, Total: 560467 ns
[2025-01-17T10:31:54.498+0000][81][info ][safepoint   ] Safepoint "Cleanup", Time since last: 3008251106 ns, Reaching safepoint: 16083 ns, Cleanup: 539190 ns, At safepoint: 88527 ns, Total: 643800 ns
[2025-01-17T10:31:55.530+0000][81][info ][safepoint   ] Safepoint "Cleanup", Time since last: 1030920444 ns, Reaching safepoint: 10966 ns, Cleanup: 441180 ns, At safepoint: 54526 ns, Total: 506672 ns
[2025-01-17T10:31:57.231+0000][81][info ][safepoint   ] Safepoint "Cleanup", Time since last: 1700295540 ns, Reaching safepoint: 36145 ns, Cleanup: 477419 ns, At safepoint: 16409 ns, Total: 529973 ns
[2025-01-17T10:32:00.542+0000][81][info ][safepoint   ] Safepoint "Cleanup", Time since last: 3311244369 ns, Reaching safepoint: 13636 ns, Cleanup: 351439 ns, At safepoint: 29436 ns, Total: 394511 ns
[2025-01-17T10:32:03.558+0000][81][info ][safepoint   ] Safepoint "Cleanup", Time since last: 3015019410 ns, Reaching safepoint: 45027 ns, Cleanup: 264439 ns, At safepoint: 10776 ns, Total: 320242 ns
[2025-01-17T10:32:06.574+0000][81][info ][safepoint   ] Safepoint "Cleanup", Time since last: 3015640480 ns, Reaching safepoint: 43305 ns, Cleanup: 531186 ns, At safepoint: 67900 ns, Total: 642391 ns
[2025-01-17T10:32:11.587+0000][81][info ][safepoint   ] Safepoint "Cleanup", Time since last: 5012473020 ns, Reaching safepoint: 168751 ns, Cleanup: 265606 ns, At safepoint: 46560 ns, Total: 480917 ns
[2025-01-17T10:32:12.597+0000][81][info ][safepoint   ] Safepoint "Cleanup", Time since last: 1009666257 ns, Reaching safepoint: 10897 ns, Cleanup: 482165 ns, At safepoint: 77300 ns, Total: 570362 ns
[2025-01-17T10:32:14.608+0000][81][info ][safepoint   ] Safepoint "Cleanup", Time since last: 2010514052 ns, Reaching safepoint: 29830 ns, Cleanup: 293000 ns, At safepoint: 13037 ns, Total: 335867 ns
[2025-01-17T10:32:17.611+0000][81][info ][safepoint   ] Safepoint "Cleanup", Time since last: 3003121271 ns, Reaching safepoint: 10670 ns, Cleanup: 277631 ns, At safepoint: 23137 ns, Total: 311438 ns
[2025-01-17T10:32:23.643+0000][81][info ][safepoint   ] Safepoint "Cleanup", Time since last: 6033475214 ns, Reaching safepoint: 38786 ns, Cleanup: 422360 ns, At safepoint: 70417 ns, Total: 531563 ns
[2025-01-17T10:32:24.647+0000][81][info ][safepoint   ] Safepoint "Cleanup", Time since last: 1003743980 ns, Reaching safepoint: 25094 ns, Cleanup: 370482 ns, At safepoint: 46385 ns, Total: 441961 ns
[2025-01-17T10:32:25.733+0000][81][info ][safepoint   ] Safepoint "Cleanup", Time since last: 1084905864 ns, Reaching safepoint: 20880 ns, Cleanup: 587214 ns, At safepoint: 71227 ns, Total: 679321 ns
[2025-01-17T10:32:26.745+0000][81][info ][safepoint   ] Safepoint "Cleanup", Time since last: 1012242882 ns, Reaching safepoint: 30859 ns, Cleanup: 298699 ns, At safepoint: 12523 ns, Total: 342081 ns
[2025-01-17T10:32:29.620+0000][81][info ][safepoint   ] Safepoint "Cleanup", Time since last: 2873933095 ns, Reaching safepoint: 10953 ns, Cleanup: 292236 ns, At safepoint: 47492 ns, Total: 350681 ns
[2025-01-17T10:32:30.761+0000][81][info ][safepoint   ] Safepoint "Cleanup", Time since last: 1141233021 ns, Reaching safepoint: 34985 ns, Cleanup: 288057 ns, At safepoint: 12176 ns, Total: 335218 ns
[2025-01-17T10:32:35.612+0000][81][info ][safepoint   ] Safepoint "Cleanup", Time since last: 4850386580 ns, Reaching safepoint: 20622 ns, Cleanup: 279175 ns, At safepoint: 27535 ns, Total: 327332 ns
[2025-01-17T10:32:41.623+0000][81][info ][safepoint   ] Safepoint "Cleanup", Time since last: 6010424722 ns, Reaching safepoint: 11437 ns, Cleanup: 270289 ns, At safepoint: 25382 ns, Total: 307108 ns
[2025-01-17T10:32:42.839+0000][81][info ][safepoint   ] Safepoint "Cleanup", Time since last: 1215662092 ns, Reaching safepoint: 45681 ns, Cleanup: 605087 ns, At safepoint: 43358 ns, Total: 694126 ns
[2025-01-17T10:32:47.618+0000][81][info ][safepoint   ] Safepoint "Cleanup", Time since last: 4778964147 ns, Reaching safepoint: 10658 ns, Cleanup: 280987 ns, At safepoint: 20722 ns, Total: 312367 ns
[2025-01-17T10:32:48.891+0000][81][info ][safepoint   ] Safepoint "Cleanup", Time since last: 1271713998 ns, Reaching safepoint: 17531 ns, Cleanup: 544497 ns, At safepoint: 43991 ns, Total: 606019 ns
[2025-01-17T10:32:51.906+0000][81][info ][safepoint   ] Safepoint "Cleanup", Time since last: 3017290207 ns, Reaching safepoint: 41654 ns, Cleanup: 507605 ns, At safepoint: 16637 ns, Total: 565896 ns
[2025-01-17T10:32:53.707+0000][81][info ][safepoint   ] Safepoint "Cleanup", Time since last: 1800497504 ns, Reaching safepoint: 10843 ns, Cleanup: 261756 ns, At safepoint: 35431 ns, Total: 308030 ns
[2025-01-17T10:32:54.920+0000][81][info ][safepoint   ] Safepoint "Cleanup", Time since last: 1213159559 ns, Reaching safepoint: 26874 ns, Cleanup: 431204 ns, At safepoint: 48996 ns, Total: 507074 ns
[2025-01-17T10:32:59.274+0000][81][info ][safepoint   ] Safepoint "Cleanup", Time since last: 4353286953 ns, Reaching safepoint: 32480 ns, Cleanup: 376842 ns, At safepoint: 17246 ns, Total: 426568 ns
[2025-01-17T10:33:00.939+0000][81][info ][safepoint   ] Safepoint "Cleanup", Time since last: 1664989423 ns, Reaching safepoint: 57371 ns, Cleanup: 283848 ns, At safepoint: 11039 ns, Total: 352258 ns
[2025-01-17T10:33:05.603+0000][81][info ][safepoint   ] Safepoint "Cleanup", Time since last: 4662958757 ns, Reaching safepoint: 11917 ns, Cleanup: 290342 ns, At safepoint: 21361 ns, Total: 323620 ns
[2025-01-17T10:33:06.960+0000][81][info ][safepoint   ] Safepoint "Cleanup", Time since last: 1356731580 ns, Reaching safepoint: 76787 ns, Cleanup: 520619 ns, At safepoint: 15872 ns, Total: 613278 ns
[2025-01-17T10:33:08.963+0000][81][info ][safepoint   ] Safepoint "Cleanup", Time since last: 2001877809 ns, Reaching safepoint: 42613 ns, Cleanup: 653503 ns, At safepoint: 24821 ns, Total: 720937 ns
[2025-01-17T10:33:11.607+0000][81][info ][safepoint   ] Safepoint "Cleanup", Time since last: 2644056486 ns, Reaching safepoint: 9829 ns, Cleanup: 327318 ns, At safepoint: 44024 ns, Total: 381171 ns
[2025-01-17T10:33:12.989+0000][81][info ][safepoint   ] Safepoint "Cleanup", Time since last: 1381344497 ns, Reaching safepoint: 34964 ns, Cleanup: 473478 ns, At safepoint: 14666 ns, Total: 523108 ns
[2025-01-17T10:33:14.998+0000][81][info ][safepoint   ] Safepoint "Cleanup", Time since last: 2008832718 ns, Reaching safepoint: 34910 ns, Cleanup: 460745 ns, At safepoint: 42088 ns, Total: 537743 ns
[2025-01-17T10:33:17.611+0000][81][info ][safepoint   ] Safepoint "Cleanup", Time since last: 2612123721 ns, Reaching safepoint: 10408 ns, Cleanup: 251989 ns, At safepoint: 19386 ns, Total: 281783 ns
[2025-01-17T10:33:19.003+0000][81][info ][safepoint   ] Safepoint "Cleanup", Time since last: 1391115891 ns, Reaching safepoint: 37601 ns, Cleanup: 583071 ns, At safepoint: 75352 ns, Total: 696024 ns
[2025-01-17T10:33:21.002+0000][81][info ][safepoint   ] Safepoint "Cleanup", Time since last: 2002040922 ns, Reaching safepoint: 36855 ns, Cleanup: 404763 ns, At safepoint: 14678 ns, Total: 456296 ns
[2025-01-17T10:33:22.007+0000][81][info ][safepoint   ] Safepoint "Cleanup", Time since last: 1003098688 ns, Reaching safepoint: 111314 ns, Cleanup: 898948 ns, At safepoint: 24001 ns, Total: 1034263 ns
[2025-01-17T10:33:24.011+0000][81][info ][safepoint   ] Safepoint "Cleanup", Time since last: 2004388975 ns, Reaching safepoint: 12024 ns, Cleanup: 317081 ns, At safepoint: 26634 ns, Total: 355739 ns
[2025-01-17T10:33:29.024+0000][81][info ][safepoint   ] Safepoint "Cleanup", Time since last: 5011684891 ns, Reaching safepoint: 47369 ns, Cleanup: 545587 ns, At safepoint: 48651 ns, Total: 641607 ns
[2025-01-17T10:33:30.038+0000][81][info ][safepoint   ] Safepoint "Cleanup", Time since last: 1013901934 ns, Reaching safepoint: 15804 ns, Cleanup: 473329 ns, At safepoint: 38386 ns, Total: 527519 ns
[2025-01-17T10:33:35.630+0000][81][info ][safepoint   ] Safepoint "Cleanup", Time since last: 5591557218 ns, Reaching safepoint: 10043 ns, Cleanup: 283429 ns, At safepoint: 19245 ns, Total: 312717 ns
[2025-01-17T10:33:37.092+0000][81][info ][safepoint   ] Safepoint "Cleanup", Time since last: 1461426817 ns, Reaching safepoint: 67257 ns, Cleanup: 406385 ns, At safepoint: 19003 ns, Total: 492645 ns
[2025-01-17T10:33:39.093+0000][81][info ][safepoint   ] Safepoint "Cleanup", Time since last: 2001061166 ns, Reaching safepoint: 41003 ns, Cleanup: 521682 ns, At safepoint: 19137 ns, Total: 581822 ns
[2025-01-17T10:33:41.100+0000][81][info ][safepoint   ] Safepoint "Cleanup", Time since last: 2005905906 ns, Reaching safepoint: 52685 ns, Cleanup: 856261 ns, At safepoint: 47351 ns, Total: 956297 ns
[2025-01-17T10:33:42.114+0000][81][info ][safepoint   ] Safepoint "Cleanup", Time since last: 1013048193 ns, Reaching safepoint: 18484 ns, Cleanup: 504665 ns, At safepoint: 43526 ns, Total: 566675 ns
[2025-01-17T10:33:46.152+0000][81][info ][safepoint   ] Safepoint "Cleanup", Time since last: 4037053216 ns, Reaching safepoint: 42997 ns, Cleanup: 473480 ns, At safepoint: 15445 ns, Total: 531922 ns
[2025-01-17T10:33:50.606+0000][81][info ][safepoint   ] Safepoint "Cleanup", Time since last: 4453834474 ns, Reaching safepoint: 18062 ns, Cleanup: 477129 ns, At safepoint: 41248 ns, Total: 536439 ns
[2025-01-17T10:33:52.196+0000][81][info ][safepoint   ] Safepoint "Cleanup", Time since last: 1590044279 ns, Reaching safepoint: 216887 ns, Cleanup: 1254399 ns, At safepoint: 175262 ns, Total: 1646548 ns
[2025-01-17T10:33:53.494+0000][81][info ][safepoint   ] Safepoint "Cleanup", Time since last: 1297673792 ns, Reaching safepoint: 17138 ns, Cleanup: 425959 ns, At safepoint: 38163 ns, Total: 481260 ns
[2025-01-17T10:33:55.246+0000][81][info ][safepoint   ] Safepoint "Cleanup", Time since last: 1751776216 ns, Reaching safepoint: 44115 ns, Cleanup: 381234 ns, At safepoint: 31891 ns, Total: 457240 ns
[2025-01-17T10:33:57.315+0000][81][info ][safepoint   ] Safepoint "Cleanup", Time since last: 2068270308 ns, Reaching safepoint: 28263 ns, Cleanup: 280740 ns, At safepoint: 11747 ns, Total: 320750 ns
[2025-01-17T10:33:59.323+0000][81][info ][safepoint   ] Safepoint "Cleanup", Time since last: 2007542936 ns, Reaching safepoint: 35784 ns, Cleanup: 371278 ns, At safepoint: 47507 ns, Total: 454569 ns
[2025-01-17T10:34:01.262+0000][81][info ][safepoint   ] Safepoint "Cleanup", Time since last: 1939072154 ns, Reaching safepoint: 37474 ns, Cleanup: 284415 ns, At safepoint: 11799 ns, Total: 333688 ns
[2025-01-17T10:34:06.274+0000][81][info ][safepoint   ] Safepoint "Cleanup", Time since last: 5011835847 ns, Reaching safepoint: 15445 ns, Cleanup: 299638 ns, At safepoint: 24302 ns, Total: 339385 ns
[2025-01-17T10:34:07.286+0000][81][info ][safepoint   ] Safepoint "Cleanup", Time since last: 1011457558 ns, Reaching safepoint: 50267 ns, Cleanup: 326528 ns, At safepoint: 11662 ns, Total: 388457 ns
[2025-01-17T10:34:11.630+0000][81][info ][safepoint   ] Safepoint "Cleanup", Time since last: 4343188034 ns, Reaching safepoint: 41512 ns, Cleanup: 344996 ns, At safepoint: 51748 ns, Total: 438256 ns
[2025-01-17T10:34:13.329+0000][81][info ][safepoint   ] Safepoint "Cleanup", Time since last: 1698738102 ns, Reaching safepoint: 26917 ns, Cleanup: 271017 ns, At safepoint: 33605 ns, Total: 331539 ns
[2025-01-17T10:34:14.330+0000][81][info ][safepoint   ] Safepoint "Cleanup", Time since last: 1000630284 ns, Reaching safepoint: 39997 ns, Cleanup: 343703 ns, At safepoint: 16766 ns, Total: 400466 ns
[2025-01-17T10:34:15.331+0000][81][info ][safepoint   ] Safepoint "Cleanup", Time since last: 1000756984 ns, Reaching safepoint: 43755 ns, Cleanup: 316476 ns, At safepoint: 26989 ns, Total: 387220 ns
[2025-01-17T10:34:17.604+0000][81][info ][safepoint   ] Safepoint "Cleanup", Time since last: 2272816863 ns, Reaching safepoint: 10689 ns, Cleanup: 285293 ns, At safepoint: 24457 ns, Total: 320439 ns
[2025-01-17T10:34:19.344+0000][81][info ][safepoint   ] Safepoint "Cleanup", Time since last: 1739559638 ns, Reaching safepoint: 28761 ns, Cleanup: 239776 ns, At safepoint: 8182 ns, Total: 276719 ns
[2025-01-17T10:34:20.345+0000][81][info ][safepoint   ] Safepoint "Cleanup", Time since last: 1000525329 ns, Reaching safepoint: 28170 ns, Cleanup: 276877 ns, At safepoint: 12611 ns, Total: 317658 ns
[2025-01-17T10:34:21.343+0000][81][info ][safepoint   ] Safepoint "Cleanup", Time since last: 1000690312 ns, Reaching safepoint: 38765 ns, Cleanup: 449519 ns, At safepoint: 19220 ns, Total: 507504 ns
[2025-01-17T10:34:23.616+0000][81][info ][safepoint   ] Safepoint "Cleanup", Time since last: 2272498528 ns, Reaching safepoint: 60422 ns, Cleanup: 400808 ns, At safepoint: 42873 ns, Total: 504103 ns
[2025-01-17T10:34:25.369+0000][81][info ][safepoint   ] Safepoint "Cleanup", Time since last: 1752873559 ns, Reaching safepoint: 36493 ns, Cleanup: 228603 ns, At safepoint: 7944 ns, Total: 273040 ns
[2025-01-17T10:34:29.603+0000][81][info ][safepoint   ] Safepoint "Cleanup", Time since last: 4233739561 ns, Reaching safepoint: 9188 ns, Cleanup: 251940 ns, At safepoint: 22066 ns, Total: 283194 ns
[2025-01-17T10:34:35.615+0000][81][info ][safepoint   ] Safepoint "Cleanup", Time since last: 6011616774 ns, Reaching safepoint: 14022 ns, Cleanup: 382658 ns, At safepoint: 61861 ns, Total: 458541 ns
[2025-01-17T10:34:39.425+0000][81][info ][safepoint   ] Safepoint "Cleanup", Time since last: 3809785136 ns, Reaching safepoint: 69582 ns, Cleanup: 304365 ns, At safepoint: 20756 ns, Total: 394703 ns
[2025-01-17T10:34:41.427+0000][81][info ][safepoint   ] Safepoint "Cleanup", Time since last: 2001071476 ns, Reaching safepoint: 36569 ns, Cleanup: 320326 ns, At safepoint: 13008 ns, Total: 369903 ns
[2025-01-17T10:34:42.440+0000][81][info ][safepoint   ] Safepoint "Cleanup", Time since last: 1013099561 ns, Reaching safepoint: 19516 ns, Cleanup: 322726 ns, At safepoint: 25234 ns, Total: 367476 ns
[2025-01-17T10:34:43.463+0000][81][info ][safepoint   ] Safepoint "Cleanup", Time since last: 1022009143 ns, Reaching safepoint: 74032 ns, Cleanup: 363223 ns, At safepoint: 14739 ns, Total: 451994 ns
[2025-01-17T10:34:45.464+0000][81][info ][safepoint   ] Safepoint "Cleanup", Time since last: 2000862766 ns, Reaching safepoint: 47842 ns, Cleanup: 311681 ns, At safepoint: 8595 ns, Total: 368118 ns
[2025-01-17T10:34:46.465+0000][81][info ][safepoint   ] Safepoint "Cleanup", Time since last: 1000584542 ns, Reaching safepoint: 46881 ns, Cleanup: 269513 ns, At safepoint: 26148 ns, Total: 342542 ns
[2025-01-17T10:34:47.466+0000][81][info ][safepoint   ] Safepoint "Cleanup", Time since last: 1000573383 ns, Reaching safepoint: 37198 ns, Cleanup: 301002 ns, At safepoint: 11151 ns, Total: 349351 ns
[2025-01-17T10:34:48.470+0000][81][info ][safepoint   ] Safepoint "Cleanup", Time since last: 1003790000 ns, Reaching safepoint: 10733 ns, Cleanup: 276627 ns, At safepoint: 34369 ns, Total: 321729 ns
[2025-01-17T10:34:51.487+0000][81][info ][safepoint   ] Safepoint "Cleanup", Time since last: 3017930299 ns, Reaching safepoint: 32945 ns, Cleanup: 305551 ns, At safepoint: 10859 ns, Total: 349355 ns
[2025-01-17T10:34:52.487+0000][81][info ][safepoint   ] Safepoint "Cleanup", Time since last: 1000499023 ns, Reaching safepoint: 29891 ns, Cleanup: 315213 ns, At safepoint: 9481 ns, Total: 354585 ns
[2025-01-17T10:34:52.625+0000][81][info ][gc,start    ] GC(15) Pause Young (Concurrent Start) (CodeCache GC Threshold)
[2025-01-17T10:34:52.625+0000][81][info ][gc,task     ] GC(15) Using 18 workers of 18 for evacuation
[2025-01-17T10:34:52.626+0000][81][debug][gc,age      ] GC(15) Desired survivor size 134217728 bytes, new threshold 15 (max threshold 15)
[2025-01-17T10:34:52.648+0000][81][info ][gc,phases   ] GC(15)   Pre Evacuate Collection Set: 1.7ms
[2025-01-17T10:34:52.649+0000][81][info ][gc,phases   ] GC(15)   Merge Heap Roots: 0.7ms
[2025-01-17T10:34:52.649+0000][81][info ][gc,phases   ] GC(15)   Evacuate Collection Set: 15.5ms
[2025-01-17T10:34:52.650+0000][81][info ][gc,phases   ] GC(15)   Post Evacuate Collection Set: 3.0ms
[2025-01-17T10:34:52.650+0000][81][info ][gc,phases   ] GC(15)   Other: 1.8ms
[2025-01-17T10:34:52.651+0000][81][trace][gc,age      ] GC(15) Age table with threshold 15 (max threshold 15)
[2025-01-17T10:34:52.651+0000][81][trace][gc,age      ] GC(15) - age   1:    5428224 bytes,    5428224 total
[2025-01-17T10:34:52.652+0000][81][trace][gc,age      ] GC(15) - age   2:    7035088 bytes,   12463312 total
[2025-01-17T10:34:52.652+0000][81][trace][gc,age      ] GC(15) - age   3:    1433264 bytes,   13896576 total
[2025-01-17T10:34:52.653+0000][81][info ][gc,heap     ] GC(15) Eden regions: 456->0(504)
[2025-01-17T10:34:52.653+0000][81][info ][gc,heap     ] GC(15) Survivor regions: 3->4(64)
[2025-01-17T10:34:52.654+0000][81][info ][gc,heap     ] GC(15) Old regions: 37->37
[2025-01-17T10:34:52.654+0000][81][info ][gc,heap     ] GC(15) Archive regions: 2->2
[2025-01-17T10:34:52.655+0000][81][info ][gc,heap     ] GC(15) Humongous regions: 4->4
[2025-01-17T10:34:52.655+0000][81][info ][gc,metaspace] GC(15) Metaspace: 144507K(148480K)->144507K(148480K) NonClass: 125447K(127616K)->125447K(127616K) Class: 19059K(20864K)->19059K(20864K)
[2025-01-17T10:34:52.656+0000][81][info ][gc          ] GC(15) Pause Young (Concurrent Start) (CodeCache GC Threshold) 2001M->179M(3392M) 30.751ms
[2025-01-17T10:34:52.656+0000][81][info ][gc,cpu      ] GC(15) User=0.25s Sys=0.00s Real=0.03s
[2025-01-17T10:34:52.656+0000][81][info ][gc          ] GC(16) Concurrent Mark Cycle
[2025-01-17T10:34:52.657+0000][81][info ][gc,marking  ] GC(16) Concurrent Scan Root Regions
[2025-01-17T10:34:52.657+0000][81][info ][safepoint   ] Safepoint "G1TryInitiateConcMark", Time since last: 136955886 ns, Reaching safepoint: 113877 ns, Cleanup: 302192 ns, At safepoint: 32227728 ns, Total: 32643797 ns
[2025-01-17T10:34:52.664+0000][81][info ][gc,marking  ] GC(16) Concurrent Scan Root Regions 6.392ms
[2025-01-17T10:34:52.664+0000][81][info ][gc,marking  ] GC(16) Concurrent Mark
[2025-01-17T10:34:52.665+0000][81][info ][gc,marking  ] GC(16) Concurrent Mark From Roots
[2025-01-17T10:34:52.665+0000][81][info ][gc,task     ] GC(16) Using 5 workers of 5 for marking
[2025-01-17T10:34:52.706+0000][81][info ][gc,marking  ] GC(16) Concurrent Mark From Roots 40.873ms
[2025-01-17T10:34:52.707+0000][81][info ][gc,marking  ] GC(16) Concurrent Preclean
[2025-01-17T10:34:52.707+0000][81][info ][gc,marking  ] GC(16) Concurrent Preclean 0.675ms
[2025-01-17T10:34:52.708+0000][81][info ][gc,start    ] GC(16) Pause Remark
[2025-01-17T10:34:52.730+0000][81][info ][gc          ] GC(16) Pause Remark 191M->191M(3392M) 21.806ms
[2025-01-17T10:34:52.731+0000][81][info ][gc,cpu      ] GC(16) User=0.16s Sys=0.00s Real=0.02s
[2025-01-17T10:34:52.731+0000][81][info ][safepoint   ] Safepoint "G1PauseRemark", Time since last: 50709492 ns, Reaching safepoint: 40767 ns, Cleanup: 425802 ns, At safepoint: 23093623 ns, Total: 23560192 ns
[2025-01-17T10:34:52.732+0000][81][info ][gc,marking  ] GC(16) Concurrent Mark 67.389ms
[2025-01-17T10:34:52.732+0000][81][info ][gc,marking  ] GC(16) Concurrent Rebuild Remembered Sets and Scrub Regions
[2025-01-17T10:34:52.759+0000][81][info ][gc,marking  ] GC(16) Concurrent Rebuild Remembered Sets and Scrub Regions 27.112ms
[2025-01-17T10:34:52.760+0000][81][info ][gc,start    ] GC(16) Pause Cleanup
[2025-01-17T10:34:52.761+0000][81][info ][gc          ] GC(16) Pause Cleanup 191M->191M(3392M) 1.005ms
[2025-01-17T10:34:52.762+0000][81][info ][gc,cpu      ] GC(16) User=0.01s Sys=0.00s Real=0.00s
[2025-01-17T10:34:52.762+0000][81][info ][safepoint   ] Safepoint "G1PauseCleanup", Time since last: 28272479 ns, Reaching safepoint: 25796 ns, Cleanup: 336312 ns, At safepoint: 2424217 ns, Total: 2786325 ns
[2025-01-17T10:34:52.763+0000][81][info ][gc,marking  ] GC(16) Concurrent Clear Claimed Marks
[2025-01-17T10:34:52.764+0000][81][info ][gc,marking  ] GC(16) Concurrent Clear Claimed Marks 0.928ms
[2025-01-17T10:34:52.764+0000][81][info ][gc,marking  ] GC(16) Concurrent Cleanup for Next Mark
[2025-01-17T10:34:52.808+0000][81][info ][gc,marking  ] GC(16) Concurrent Cleanup for Next Mark 44.000ms
[2025-01-17T10:34:52.809+0000][81][info ][gc          ] GC(16) Concurrent Mark Cycle 152.520ms
[2025-01-17T10:34:54.496+0000][81][info ][safepoint   ] Safepoint "Cleanup", Time since last: 1732888869 ns, Reaching safepoint: 34357 ns, Cleanup: 296571 ns, At safepoint: 36467 ns, Total: 367395 ns
[2025-01-17T10:34:58.995+0000][81][info ][safepoint   ] Safepoint "Cleanup", Time since last: 4498929422 ns, Reaching safepoint: 12564 ns, Cleanup: 272167 ns, At safepoint: 21286 ns, Total: 306017 ns
[2025-01-17T10:35:00.512+0000][81][info ][safepoint   ] Safepoint "Cleanup", Time since last: 1516476413 ns, Reaching safepoint: 24006 ns, Cleanup: 468701 ns, At safepoint: 39615 ns, Total: 532322 ns
[2025-01-17T10:35:01.537+0000][81][info ][safepoint   ] Safepoint "Cleanup", Time since last: 1024263541 ns, Reaching safepoint: 57318 ns, Cleanup: 415011 ns, At safepoint: 33350 ns, Total: 505679 ns
[2025-01-17T10:35:04.539+0000][81][info ][safepoint   ] Safepoint "Cleanup", Time since last: 3002264494 ns, Reaching safepoint: 44011 ns, Cleanup: 333613 ns, At safepoint: 39357 ns, Total: 416981 ns
[2025-01-17T10:35:06.543+0000][81][info ][safepoint   ] Safepoint "Cleanup", Time since last: 2003320676 ns, Reaching safepoint: 124939 ns, Cleanup: 418841 ns, At safepoint: 58238 ns, Total: 602018 ns
[2025-01-17T10:35:07.555+0000][81][info ][safepoint   ] Safepoint "Cleanup", Time since last: 1011653430 ns, Reaching safepoint: 28729 ns, Cleanup: 453971 ns, At safepoint: 48716 ns, Total: 531416 ns
[2025-01-17T10:35:10.557+0000][81][info ][safepoint   ] Safepoint "Cleanup", Time since last: 3001300665 ns, Reaching safepoint: 62155 ns, Cleanup: 315904 ns, At safepoint: 13395 ns, Total: 391454 ns
[2025-01-17T10:35:11.602+0000][81][info ][safepoint   ] Safepoint "Cleanup", Time since last: 1044807395 ns, Reaching safepoint: 10604 ns, Cleanup: 307278 ns, At safepoint: 36264 ns, Total: 354146 ns
[2025-01-17T10:35:13.586+0000][81][info ][safepoint   ] Safepoint "Cleanup", Time since last: 1983270404 ns, Reaching safepoint: 36727 ns, Cleanup: 338085 ns, At safepoint: 13342 ns, Total: 388154 ns
[2025-01-17T10:35:18.603+0000][81][info ][safepoint   ] Safepoint "Cleanup", Time since last: 5016203397 ns, Reaching safepoint: 185713 ns, Cleanup: 409628 ns, At safepoint: 60006 ns, Total: 655347 ns
[2025-01-17T10:35:20.612+0000][81][info ][safepoint   ] Safepoint "Cleanup", Time since last: 2008067627 ns, Reaching safepoint: 39768 ns, Cleanup: 663375 ns, At safepoint: 54397 ns, Total: 757540 ns
[2025-01-17T10:35:21.612+0000][81][info ][safepoint   ] Safepoint "Cleanup", Time since last: 1002514014 ns, Reaching safepoint: 45126 ns, Cleanup: 817669 ns, At safepoint: 54650 ns, Total: 917445 ns
[2025-01-17T10:35:23.594+0000][81][info ][safepoint   ] Safepoint "Cleanup", Time since last: 1981346741 ns, Reaching safepoint: 10313 ns, Cleanup: 316450 ns, At safepoint: 47165 ns, Total: 373928 ns
[2025-01-17T10:35:24.609+0000][81][info ][safepoint   ] Safepoint "Cleanup", Time since last: 1014672747 ns, Reaching safepoint: 93195 ns, Cleanup: 608398 ns, At safepoint: 24315 ns, Total: 725908 ns
[2025-01-17T10:35:25.633+0000][81][info ][safepoint   ] Safepoint "Cleanup", Time since last: 1022788209 ns, Reaching safepoint: 42246 ns, Cleanup: 538067 ns, At safepoint: 15934 ns, Total: 596247 ns
[2025-01-17T10:35:26.638+0000][81][info ][safepoint   ] Safepoint "Cleanup", Time since last: 1004149419 ns, Reaching safepoint: 46983 ns, Cleanup: 618239 ns, At safepoint: 20457 ns, Total: 685679 ns
[2025-01-17T10:35:29.595+0000][81][info ][safepoint   ] Safepoint "Cleanup", Time since last: 2957136912 ns, Reaching safepoint: 9648 ns, Cleanup: 284026 ns, At safepoint: 45645 ns, Total: 339319 ns
[2025-01-17T10:35:30.609+0000][81][info ][safepoint   ] Safepoint "Cleanup", Time since last: 1012836635 ns, Reaching safepoint: 45117 ns, Cleanup: 620052 ns, At safepoint: 20803 ns, Total: 685972 ns
[2025-01-17T10:35:32.663+0000][81][info ][safepoint   ] Safepoint "Cleanup", Time since last: 2054023677 ns, Reaching safepoint: 34430 ns, Cleanup: 463611 ns, At safepoint: 30451 ns, Total: 528492 ns
[2025-01-17T10:35:35.602+0000][81][info ][safepoint   ] Safepoint "Cleanup", Time since last: 2938856922 ns, Reaching safepoint: 10493 ns, Cleanup: 272213 ns, At safepoint: 25125 ns, Total: 307831 ns
[2025-01-17T10:35:36.615+0000][81][info ][safepoint   ] Safepoint "Cleanup", Time since last: 1012603126 ns, Reaching safepoint: 30556 ns, Cleanup: 305313 ns, At safepoint: 10693 ns, Total: 346562 ns
[2025-01-17T10:35:37.682+0000][81][info ][safepoint   ] Safepoint "Cleanup", Time since last: 1066854823 ns, Reaching safepoint: 28526 ns, Cleanup: 257899 ns, At safepoint: 15893 ns, Total: 302318 ns
[2025-01-17T10:35:38.685+0000][81][info ][safepoint   ] Safepoint "Cleanup", Time since last: 1002404320 ns, Reaching safepoint: 28941 ns, Cleanup: 326791 ns, At safepoint: 14354 ns, Total: 370086 ns
[2025-01-17T10:35:41.602+0000][81][info ][safepoint   ] Safepoint "Cleanup", Time since last: 2916238085 ns, Reaching safepoint: 34935 ns, Cleanup: 304405 ns, At safepoint: 34648 ns, Total: 373988 ns
[2025-01-17T10:35:42.712+0000][81][info ][safepoint   ] Safepoint "Cleanup", Time since last: 1109648506 ns, Reaching safepoint: 83298 ns, Cleanup: 502901 ns, At safepoint: 51660 ns, Total: 637859 ns
[2025-01-17T10:35:46.723+0000][81][info ][safepoint   ] Safepoint "Cleanup", Time since last: 4010672281 ns, Reaching safepoint: 26908 ns, Cleanup: 322414 ns, At safepoint: 23557 ns, Total: 372879 ns
[2025-01-17T10:35:47.730+0000][81][info ][safepoint   ] Safepoint "Cleanup", Time since last: 1006276919 ns, Reaching safepoint: 16058 ns, Cleanup: 615556 ns, At safepoint: 97527 ns, Total: 729141 ns
[2025-01-17T10:35:51.762+0000][81][info ][safepoint   ] Safepoint "Cleanup", Time since last: 4033534881 ns, Reaching safepoint: 43133 ns, Cleanup: 279365 ns, At safepoint: 14793 ns, Total: 337291 ns
[2025-01-17T10:35:56.393+0000][81][info ][safepoint   ] Safepoint "Cleanup", Time since last: 4629859101 ns, Reaching safepoint: 34307 ns, Cleanup: 313929 ns, At safepoint: 29324 ns, Total: 377560 ns
[2025-01-17T10:35:57.394+0000][81][info ][safepoint   ] Safepoint "Cleanup", Time since last: 1000945783 ns, Reaching safepoint: 33876 ns, Cleanup: 320382 ns, At safepoint: 10633 ns, Total: 364891 ns
[2025-01-17T10:35:59.603+0000][81][info ][safepoint   ] Safepoint "Cleanup", Time since last: 2208478371 ns, Reaching safepoint: 10522 ns, Cleanup: 287448 ns, At safepoint: 24745 ns, Total: 322715 ns
[2025-01-17T10:36:00.809+0000][81][info ][safepoint   ] Safepoint "Cleanup", Time since last: 1205135564 ns, Reaching safepoint: 23551 ns, Cleanup: 597233 ns, At safepoint: 55135 ns, Total: 675919 ns
[2025-01-17T10:36:05.598+0000][81][info ][safepoint   ] Safepoint "Cleanup", Time since last: 4788747441 ns, Reaching safepoint: 23434 ns, Cleanup: 520232 ns, At safepoint: 63974 ns, Total: 607640 ns
[2025-01-17T10:36:11.645+0000][81][info ][safepoint   ] Safepoint "Cleanup", Time since last: 6046258928 ns, Reaching safepoint: 23028 ns, Cleanup: 617965 ns, At safepoint: 113087 ns, Total: 754080 ns
[2025-01-17T10:36:17.598+0000][81][info ][safepoint   ] Safepoint "Cleanup", Time since last: 5953170387 ns, Reaching safepoint: 12517 ns, Cleanup: 265922 ns, At safepoint: 34368 ns, Total: 312807 ns
[2025-01-17T10:36:18.921+0000][81][info ][safepoint   ] Safepoint "Cleanup", Time since last: 1322466196 ns, Reaching safepoint: 35971 ns, Cleanup: 345605 ns, At safepoint: 30201 ns, Total: 411777 ns
[2025-01-17T10:36:20.920+0000][81][info ][safepoint   ] Safepoint "Cleanup", Time since last: 2001242789 ns, Reaching safepoint: 44027 ns, Cleanup: 340768 ns, At safepoint: 16652 ns, Total: 401447 ns
[2025-01-17T10:36:23.594+0000][81][info ][safepoint   ] Safepoint "Cleanup", Time since last: 2673532551 ns, Reaching safepoint: 17237 ns, Cleanup: 559532 ns, At safepoint: 23751 ns, Total: 600520 ns
[2025-01-17T10:36:24.937+0000][81][info ][safepoint   ] Safepoint "Cleanup", Time since last: 1341657282 ns, Reaching safepoint: 46008 ns, Cleanup: 711608 ns, At safepoint: 52037 ns, Total: 809653 ns
[2025-01-17T10:36:26.940+0000][81][info ][safepoint   ] Safepoint "Cleanup", Time since last: 2002076011 ns, Reaching safepoint: 85105 ns, Cleanup: 573521 ns, At safepoint: 17634 ns, Total: 676260 ns
[2025-01-17T10:36:29.604+0000][81][info ][safepoint   ] Safepoint "Cleanup", Time since last: 2664106891 ns, Reaching safepoint: 14593 ns, Cleanup: 341235 ns, At safepoint: 28581 ns, Total: 384409 ns
[2025-01-17T10:36:30.955+0000][81][info ][safepoint   ] Safepoint "Cleanup", Time since last: 1350497961 ns, Reaching safepoint: 27598 ns, Cleanup: 296931 ns, At safepoint: 11803 ns, Total: 336332 ns
[2025-01-17T10:36:40.982+0000][81][info ][safepoint   ] Safepoint "Cleanup", Time since last: 10026690258 ns, Reaching safepoint: 37663 ns, Cleanup: 508844 ns, At safepoint: 16475 ns, Total: 562982 ns
[2025-01-17T10:36:41.999+0000][81][info ][safepoint   ] Safepoint "Cleanup", Time since last: 1015955614 ns, Reaching safepoint: 17624 ns, Cleanup: 413302 ns, At safepoint: 41055 ns, Total: 471981 ns
[2025-01-17T10:36:44.015+0000][81][info ][safepoint   ] Safepoint "Cleanup", Time since last: 2016131777 ns, Reaching safepoint: 48666 ns, Cleanup: 586683 ns, At safepoint: 17789 ns, Total: 653138 ns
[2025-01-17T10:36:47.610+0000][81][info ][safepoint   ] Safepoint "Cleanup", Time since last: 3593800550 ns, Reaching safepoint: 15345 ns, Cleanup: 378510 ns, At safepoint: 50653 ns, Total: 444508 ns
[2025-01-17T10:36:50.027+0000][81][info ][safepoint   ] Safepoint "Cleanup", Time since last: 2416893236 ns, Reaching safepoint: 36884 ns, Cleanup: 566847 ns, At safepoint: 46545 ns, Total: 650276 ns
[2025-01-17T10:36:51.027+0000][81][info ][safepoint   ] Safepoint "Cleanup", Time since last: 1001331880 ns, Reaching safepoint: 45312 ns, Cleanup: 664859 ns, At safepoint: 21979 ns, Total: 732150 ns
[2025-01-17T10:36:53.612+0000][81][info ][safepoint   ] Safepoint "Cleanup", Time since last: 2584549259 ns, Reaching safepoint: 11392 ns, Cleanup: 324249 ns, At safepoint: 30154 ns, Total: 365795 ns
[2025-01-17T10:36:55.045+0000][81][info ][safepoint   ] Safepoint "Cleanup", Time since last: 1432770137 ns, Reaching safepoint: 45249 ns, Cleanup: 626886 ns, At safepoint: 19953 ns, Total: 692088 ns
[2025-01-17T10:36:56.048+0000][81][info ][safepoint   ] Safepoint "Cleanup", Time since last: 1001863055 ns, Reaching safepoint: 37418 ns, Cleanup: 489114 ns, At safepoint: 16659 ns, Total: 543191 ns
[2025-01-17T10:36:57.437+0000][81][info ][safepoint   ] Safepoint "Cleanup", Time since last: 1389167667 ns, Reaching safepoint: 32487 ns, Cleanup: 344580 ns, At safepoint: 20250 ns, Total: 397317 ns
[2025-01-17T10:36:59.439+0000][81][info ][safepoint   ] Safepoint "Cleanup", Time since last: 2001454442 ns, Reaching safepoint: 31496 ns, Cleanup: 345212 ns, At safepoint: 12419 ns, Total: 389127 ns
[2025-01-17T10:37:01.068+0000][81][info ][safepoint   ] Safepoint "Cleanup", Time since last: 1628001312 ns, Reaching safepoint: 29576 ns, Cleanup: 300195 ns, At safepoint: 35620 ns, Total: 365391 ns
[2025-01-17T10:37:05.605+0000][81][info ][safepoint   ] Safepoint "Cleanup", Time since last: 4537273028 ns, Reaching safepoint: 11508 ns, Cleanup: 309196 ns, At safepoint: 26134 ns, Total: 346838 ns
[2025-01-17T10:37:07.089+0000][81][info ][safepoint   ] Safepoint "Cleanup", Time since last: 1482948211 ns, Reaching safepoint: 43255 ns, Cleanup: 841405 ns, At safepoint: 60706 ns, Total: 945366 ns
[2025-01-17T10:37:11.630+0000][81][info ][safepoint   ] Safepoint "Cleanup", Time since last: 4540930460 ns, Reaching safepoint: 93292 ns, Cleanup: 258423 ns, At safepoint: 40048 ns, Total: 391763 ns
[2025-01-17T10:37:13.119+0000][81][info ][safepoint   ] Safepoint "Cleanup", Time since last: 1488391396 ns, Reaching safepoint: 53203 ns, Cleanup: 295409 ns, At safepoint: 13093 ns, Total: 361705 ns
[2025-01-17T10:37:23.602+0000][81][info ][safepoint   ] Safepoint "Cleanup", Time since last: 10485572800 ns, Reaching safepoint: 12924 ns, Cleanup: 301052 ns, At safepoint: 24776 ns, Total: 338752 ns
[2025-01-17T10:37:25.172+0000][81][info ][safepoint   ] Safepoint "Cleanup", Time since last: 1569347978 ns, Reaching safepoint: 36930 ns, Cleanup: 523170 ns, At safepoint: 17215 ns, Total: 577315 ns
[2025-01-17T10:37:30.197+0000][81][info ][safepoint   ] Safepoint "Cleanup", Time since last: 5024110984 ns, Reaching safepoint: 24307 ns, Cleanup: 375652 ns, At safepoint: 81739 ns, Total: 481698 ns
[2025-01-17T10:37:31.202+0000][81][info ][safepoint   ] Safepoint "Cleanup", Time since last: 1004073966 ns, Reaching safepoint: 37012 ns, Cleanup: 501087 ns, At safepoint: 18353 ns, Total: 556452 ns
[2025-01-17T10:37:35.603+0000][81][info ][safepoint   ] Safepoint "Cleanup", Time since last: 4401457286 ns, Reaching safepoint: 12872 ns, Cleanup: 331335 ns, At safepoint: 29577 ns, Total: 373784 ns
[2025-01-17T10:37:37.228+0000][81][info ][safepoint   ] Safepoint "Cleanup", Time since last: 1624018182 ns, Reaching safepoint: 29246 ns, Cleanup: 358909 ns, At safepoint: 30403 ns, Total: 418558 ns
[2025-01-17T10:37:41.230+0000][81][info ][safepoint   ] Safepoint "Cleanup", Time since last: 4001547480 ns, Reaching safepoint: 49177 ns, Cleanup: 443140 ns, At safepoint: 13848 ns, Total: 506165 ns
[2025-01-17T10:37:42.246+0000][81][info ][safepoint   ] Safepoint "Cleanup", Time since last: 1015139998 ns, Reaching safepoint: 20531 ns, Cleanup: 536292 ns, At safepoint: 68766 ns, Total: 625589 ns
[2025-01-17T10:37:44.280+0000][81][info ][safepoint   ] Safepoint "Cleanup", Time since last: 2033177761 ns, Reaching safepoint: 84428 ns, Cleanup: 539228 ns, At safepoint: 23562 ns, Total: 647218 ns
[2025-01-17T10:37:47.611+0000][81][info ][safepoint   ] Safepoint "Cleanup", Time since last: 3331414900 ns, Reaching safepoint: 10057 ns, Cleanup: 299792 ns, At safepoint: 24785 ns, Total: 334634 ns
[2025-01-17T10:37:51.296+0000][81][info ][safepoint   ] Safepoint "Cleanup", Time since last: 3685715720 ns, Reaching safepoint: 40398 ns, Cleanup: 527120 ns, At safepoint: 18988 ns, Total: 586506 ns
[2025-01-17T10:37:53.620+0000][81][info ][safepoint   ] Safepoint "Cleanup", Time since last: 2323169291 ns, Reaching safepoint: 15883 ns, Cleanup: 625051 ns, At safepoint: 66093 ns, Total: 707027 ns
[2025-01-17T10:37:59.476+0000][81][info ][safepoint   ] Safepoint "Cleanup", Time since last: 5855954620 ns, Reaching safepoint: 65107 ns, Cleanup: 440192 ns, At safepoint: 44186 ns, Total: 549485 ns
[2025-01-17T10:38:01.340+0000][81][info ][safepoint   ] Safepoint "Cleanup", Time since last: 1863276090 ns, Reaching safepoint: 39961 ns, Cleanup: 521891 ns, At safepoint: 46719 ns, Total: 608571 ns
[2025-01-17T10:38:09.368+0000][81][info ][safepoint   ] Safepoint "Cleanup", Time since last: 8027298011 ns, Reaching safepoint: 38087 ns, Cleanup: 396110 ns, At safepoint: 13928 ns, Total: 448125 ns
[2025-01-17T10:38:11.649+0000][81][info ][safepoint   ] Safepoint "Cleanup", Time since last: 2280996993 ns, Reaching safepoint: 12560 ns, Cleanup: 408357 ns, At safepoint: 69374 ns, Total: 490291 ns
[2025-01-17T10:38:17.614+0000][81][info ][safepoint   ] Safepoint "Cleanup", Time since last: 5964772115 ns, Reaching safepoint: 34315 ns, Cleanup: 307204 ns, At safepoint: 36221 ns, Total: 377740 ns
[2025-01-17T10:38:19.425+0000][81][info ][safepoint   ] Safepoint "Cleanup", Time since last: 1809740635 ns, Reaching safepoint: 30796 ns, Cleanup: 310165 ns, At safepoint: 14146 ns, Total: 355107 ns
[2025-01-17T10:38:24.435+0000][81][info ][safepoint   ] Safepoint "Cleanup", Time since last: 5012113124 ns, Reaching safepoint: 32707 ns, Cleanup: 758454 ns, At safepoint: 55367 ns, Total: 846528 ns
[2025-01-17T10:38:26.503+0000][81][info ][safepoint   ] Safepoint "Cleanup", Time since last: 2067112178 ns, Reaching safepoint: 110936 ns, Cleanup: 467934 ns, At safepoint: 56913 ns, Total: 635783 ns
[2025-01-17T10:38:27.504+0000][81][info ][safepoint   ] Safepoint "Cleanup", Time since last: 1000711682 ns, Reaching safepoint: 33912 ns, Cleanup: 399622 ns, At safepoint: 52062 ns, Total: 485596 ns
[2025-01-17T10:38:29.506+0000][81][info ][safepoint   ] Safepoint "Cleanup", Time since last: 2000782953 ns, Reaching safepoint: 87098 ns, Cleanup: 714398 ns, At safepoint: 107404 ns, Total: 908900 ns
[2025-01-17T10:38:30.873+0000][81][info ][safepoint   ] Safepoint "Cleanup", Time since last: 1367189668 ns, Reaching safepoint: 11272 ns, Cleanup: 290642 ns, At safepoint: 50819 ns, Total: 352733 ns
[2025-01-17T10:38:31.875+0000][81][info ][safepoint   ] Safepoint "Cleanup", Time since last: 1000621970 ns, Reaching safepoint: 43185 ns, Cleanup: 545707 ns, At safepoint: 23652 ns, Total: 612544 ns
[2025-01-17T10:38:32.882+0000][81][info ][safepoint   ] Safepoint "Cleanup", Time since last: 1007099835 ns, Reaching safepoint: 41583 ns, Cleanup: 493128 ns, At safepoint: 33798 ns, Total: 568509 ns
[2025-01-17T10:38:41.554+0000][81][info ][safepoint   ] Safepoint "Cleanup", Time since last: 8671519089 ns, Reaching safepoint: 37802 ns, Cleanup: 516533 ns, At safepoint: 17367 ns, Total: 571702 ns
[2025-01-17T10:38:42.570+0000][81][info ][safepoint   ] Safepoint "Cleanup", Time since last: 1015791510 ns, Reaching safepoint: 15291 ns, Cleanup: 320045 ns, At safepoint: 23790 ns, Total: 359126 ns
[2025-01-17T10:38:47.616+0000][81][info ][safepoint   ] Safepoint "Cleanup", Time since last: 5045458017 ns, Reaching safepoint: 28054 ns, Cleanup: 255013 ns, At safepoint: 20999 ns, Total: 304066 ns
[2025-01-17T10:38:49.607+0000][81][info ][safepoint   ] Safepoint "Cleanup", Time since last: 1990246625 ns, Reaching safepoint: 45740 ns, Cleanup: 656595 ns, At safepoint: 27366 ns, Total: 729701 ns
[2025-01-17T10:38:50.609+0000][81][info ][safepoint   ] Safepoint "Cleanup", Time since last: 1001300035 ns, Reaching safepoint: 137666 ns, Cleanup: 523807 ns, At safepoint: 45420 ns, Total: 706893 ns
[2025-01-17T10:38:51.636+0000][81][info ][safepoint   ] Safepoint "Cleanup", Time since last: 1028334740 ns, Reaching safepoint: 139689 ns, Cleanup: 478778 ns, At safepoint: 57146 ns, Total: 675613 ns
[2025-01-17T10:38:53.617+0000][81][info ][safepoint   ] Safepoint "Cleanup", Time since last: 1980690745 ns, Reaching safepoint: 10841 ns, Cleanup: 292819 ns, At safepoint: 22529 ns, Total: 326189 ns
[2025-01-17T10:38:54.634+0000][81][info ][safepoint   ] Safepoint "Cleanup", Time since last: 1017099418 ns, Reaching safepoint: 28653 ns, Cleanup: 240369 ns, At safepoint: 10429 ns, Total: 279451 ns
[2025-01-17T10:38:56.515+0000][81][info ][safepoint   ] Safepoint "Cleanup", Time since last: 1880717474 ns, Reaching safepoint: 16360 ns, Cleanup: 468887 ns, At safepoint: 37336 ns, Total: 522583 ns
[2025-01-17T10:38:57.517+0000][81][info ][safepoint   ] Safepoint "Cleanup", Time since last: 1000823474 ns, Reaching safepoint: 34216 ns, Cleanup: 337599 ns, At safepoint: 15366 ns, Total: 387181 ns
[2025-01-17T10:38:58.518+0000][81][info ][safepoint   ] Safepoint "Cleanup", Time since last: 1001312344 ns, Reaching safepoint: 25223 ns, Cleanup: 261318 ns, At safepoint: 9934 ns, Total: 296475 ns
[2025-01-17T10:38:59.604+0000][81][info ][safepoint   ] Safepoint "Cleanup", Time since last: 1085544501 ns, Reaching safepoint: 13318 ns, Cleanup: 355788 ns, At safepoint: 63425 ns, Total: 432531 ns
[2025-01-17T10:39:01.700+0000][81][info ][safepoint   ] Safepoint "Cleanup", Time since last: 2095637935 ns, Reaching safepoint: 18984 ns, Cleanup: 403727 ns, At safepoint: 34703 ns, Total: 457414 ns
[2025-01-17T10:39:05.715+0000][81][info ][safepoint   ] Safepoint "Cleanup", Time since last: 4014533005 ns, Reaching safepoint: 94513 ns, Cleanup: 311907 ns, At safepoint: 26343 ns, Total: 432763 ns
[2025-01-17T10:39:06.719+0000][81][info ][safepoint   ] Safepoint "Cleanup", Time since last: 1002730416 ns, Reaching safepoint: 130349 ns, Cleanup: 611916 ns, At safepoint: 79870 ns, Total: 822135 ns
[2025-01-17T10:39:07.746+0000][81][info ][safepoint   ] Safepoint "Cleanup", Time since last: 1026714503 ns, Reaching safepoint: 15609 ns, Cleanup: 426030 ns, At safepoint: 38271 ns, Total: 479910 ns
[2025-01-17T10:39:14.760+0000][81][info ][safepoint   ] Safepoint "Cleanup", Time since last: 7013184514 ns, Reaching safepoint: 74168 ns, Cleanup: 440346 ns, At safepoint: 16777 ns, Total: 531291 ns
[2025-01-17T10:39:17.603+0000][81][info ][safepoint   ] Safepoint "Cleanup", Time since last: 2842578588 ns, Reaching safepoint: 10836 ns, Cleanup: 338091 ns, At safepoint: 269639 ns, Total: 618566 ns
[2025-01-17T10:39:18.775+0000][81][info ][safepoint   ] Safepoint "Cleanup", Time since last: 1172018301 ns, Reaching safepoint: 40896 ns, Cleanup: 548164 ns, At safepoint: 17436 ns, Total: 606496 ns
[2025-01-17T10:39:35.623+0000][81][info ][safepoint   ] Safepoint "Cleanup", Time since last: 16850042329 ns, Reaching safepoint: 14209 ns, Cleanup: 280641 ns, At safepoint: 32379 ns, Total: 327229 ns
[2025-01-17T10:39:36.892+0000][81][info ][safepoint   ] Safepoint "Cleanup", Time since last: 1268432818 ns, Reaching safepoint: 41391 ns, Cleanup: 564442 ns, At safepoint: 22127 ns, Total: 627960 ns
[2025-01-17T10:39:41.605+0000][81][info ][safepoint   ] Safepoint "Cleanup", Time since last: 4712231018 ns, Reaching safepoint: 10918 ns, Cleanup: 288143 ns, At safepoint: 22033 ns, Total: 321094 ns
[2025-01-17T10:39:43.908+0000][81][info ][safepoint   ] Safepoint "Cleanup", Time since last: 2302683092 ns, Reaching safepoint: 51160 ns, Cleanup: 727858 ns, At safepoint: 56737 ns, Total: 835755 ns
[2025-01-17T10:39:48.926+0000][81][info ][safepoint   ] Safepoint "Cleanup", Time since last: 5016931166 ns, Reaching safepoint: 84316 ns, Cleanup: 530717 ns, At safepoint: 17773 ns, Total: 632806 ns
[2025-01-17T10:39:57.559+0000][81][info ][safepoint   ] Safepoint "Cleanup", Time since last: 8633748650 ns, Reaching safepoint: 284428 ns, Cleanup: 479830 ns, At safepoint: 20625 ns, Total: 784883 ns
[2025-01-17T10:39:59.625+0000][81][info ][safepoint   ] Safepoint "Cleanup", Time since last: 2065979771 ns, Reaching safepoint: 18234 ns, Cleanup: 694151 ns, At safepoint: 58051 ns, Total: 770436 ns
[2025-01-17T10:40:00.978+0000][81][info ][safepoint   ] Safepoint "Cleanup", Time since last: 1352121564 ns, Reaching safepoint: 20769 ns, Cleanup: 774358 ns, At safepoint: 62984 ns, Total: 858111 ns
[2025-01-17T10:40:05.740+0000][81][info ][safepoint   ] Safepoint "Cleanup", Time since last: 4761127606 ns, Reaching safepoint: 11522 ns, Cleanup: 324223 ns, At safepoint: 29472 ns, Total: 365217 ns
[2025-01-17T10:40:07.016+0000][81][info ][safepoint   ] Safepoint "Cleanup", Time since last: 1275037159 ns, Reaching safepoint: 52600 ns, Cleanup: 502459 ns, At safepoint: 34128 ns, Total: 589187 ns
[2025-01-17T10:40:09.019+0000][81][info ][safepoint   ] Safepoint "Cleanup", Time since last: 2002503910 ns, Reaching safepoint: 39800 ns, Cleanup: 477169 ns, At safepoint: 15457 ns, Total: 532426 ns
[2025-01-17T10:40:11.620+0000][81][info ][safepoint   ] Safepoint "Cleanup", Time since last: 2600763691 ns, Reaching safepoint: 22116 ns, Cleanup: 804596 ns, At safepoint: 62287 ns, Total: 888999 ns
[2025-01-17T10:40:13.043+0000][81][info ][safepoint   ] Safepoint "Cleanup", Time since last: 1421951988 ns, Reaching safepoint: 37469 ns, Cleanup: 353666 ns, At safepoint: 14826 ns, Total: 405961 ns
[2025-01-17T10:40:14.055+0000][81][info ][safepoint   ] Safepoint "Cleanup", Time since last: 1012044562 ns, Reaching safepoint: 44921 ns, Cleanup: 548181 ns, At safepoint: 22404 ns, Total: 615506 ns
[2025-01-17T10:40:23.599+0000][81][info ][safepoint   ] Safepoint "Cleanup", Time since last: 9545853825 ns, Reaching safepoint: 36740 ns, Cleanup: 264672 ns, At safepoint: 22047 ns, Total: 323459 ns
[2025-01-17T10:40:30.096+0000][81][info ][safepoint   ] Safepoint "Cleanup", Time since last: 6496575809 ns, Reaching safepoint: 17419 ns, Cleanup: 560581 ns, At safepoint: 44194 ns, Total: 622194 ns
[2025-01-17T10:40:33.102+0000][81][info ][safepoint   ] Safepoint "Cleanup", Time since last: 3004778815 ns, Reaching safepoint: 76644 ns, Cleanup: 496852 ns, At safepoint: 22129 ns, Total: 595625 ns
[2025-01-17T10:40:34.104+0000][81][info ][safepoint   ] Safepoint "Cleanup", Time since last: 1001826956 ns, Reaching safepoint: 40943 ns, Cleanup: 531054 ns, At safepoint: 16568 ns, Total: 588565 ns
[2025-01-17T10:40:35.602+0000][81][info ][safepoint   ] Safepoint "Cleanup", Time since last: 1497896533 ns, Reaching safepoint: 10237 ns, Cleanup: 281586 ns, At safepoint: 22449 ns, Total: 314272 ns
[2025-01-17T10:40:37.119+0000][81][info ][safepoint   ] Safepoint "Cleanup", Time since last: 1515959894 ns, Reaching safepoint: 113464 ns, Cleanup: 385404 ns, At safepoint: 22657 ns, Total: 521525 ns
[2025-01-17T10:40:41.121+0000][81][info ][safepoint   ] Safepoint "Cleanup", Time since last: 4001453261 ns, Reaching safepoint: 47776 ns, Cleanup: 557909 ns, At safepoint: 21177 ns, Total: 626862 ns
[2025-01-17T10:40:44.156+0000][81][info ][safepoint   ] Safepoint "Cleanup", Time since last: 3034725183 ns, Reaching safepoint: 48537 ns, Cleanup: 569629 ns, At safepoint: 17003 ns, Total: 635169 ns
[2025-01-17T10:40:45.160+0000][81][info ][safepoint   ] Safepoint "Cleanup", Time since last: 1003644767 ns, Reaching safepoint: 43931 ns, Cleanup: 564462 ns, At safepoint: 18064 ns, Total: 626457 ns
[2025-01-17T10:40:46.163+0000][81][info ][safepoint   ] Safepoint "Cleanup", Time since last: 1002045279 ns, Reaching safepoint: 35333 ns, Cleanup: 542509 ns, At safepoint: 23293 ns, Total: 601135 ns
[2025-01-17T10:40:47.627+0000][81][info ][safepoint   ] Safepoint "Cleanup", Time since last: 1462704801 ns, Reaching safepoint: 107483 ns, Cleanup: 811265 ns, At safepoint: 73678 ns, Total: 992426 ns
[2025-01-17T10:40:52.171+0000][81][info ][safepoint   ] Safepoint "Cleanup", Time since last: 4546584181 ns, Reaching safepoint: 31998 ns, Cleanup: 312612 ns, At safepoint: 12867 ns, Total: 357477 ns
[2025-01-17T10:40:54.183+0000][81][info ][safepoint   ] Safepoint "Cleanup", Time since last: 2012191293 ns, Reaching safepoint: 12814 ns, Cleanup: 311891 ns, At safepoint: 56558 ns, Total: 381263 ns
[2025-01-17T10:40:56.601+0000][81][info ][safepoint   ] Safepoint "Cleanup", Time since last: 2417568842 ns, Reaching safepoint: 11446 ns, Cleanup: 274572 ns, At safepoint: 23764 ns, Total: 309782 ns
[2025-01-17T10:41:03.211+0000][81][info ][safepoint   ] Safepoint "Cleanup", Time since last: 6608908392 ns, Reaching safepoint: 63987 ns, Cleanup: 302398 ns, At safepoint: 22006 ns, Total: 388391 ns
[2025-01-17T10:41:04.212+0000][81][info ][safepoint   ] Safepoint "Cleanup", Time since last: 1000817450 ns, Reaching safepoint: 33543 ns, Cleanup: 338626 ns, At safepoint: 53451 ns, Total: 425620 ns
[2025-01-17T10:41:05.603+0000][81][info ][safepoint   ] Safepoint "Cleanup", Time since last: 1390813385 ns, Reaching safepoint: 14606 ns, Cleanup: 288953 ns, At safepoint: 34216 ns, Total: 337775 ns
[2025-01-17T10:41:07.226+0000][81][info ][safepoint   ] Safepoint "Cleanup", Time since last: 1622750632 ns, Reaching safepoint: 24832 ns, Cleanup: 272803 ns, At safepoint: 30814 ns, Total: 328449 ns
[2025-01-17T10:41:17.610+0000][81][info ][safepoint   ] Safepoint "Cleanup", Time since last: 10383717938 ns, Reaching safepoint: 41556 ns, Cleanup: 459101 ns, At safepoint: 40128 ns, Total: 540785 ns
[2025-01-17T10:41:19.271+0000][81][info ][safepoint   ] Safepoint "Cleanup", Time since last: 1659737082 ns, Reaching safepoint: 41043 ns, Cleanup: 637616 ns, At safepoint: 48936 ns, Total: 727595 ns
[2025-01-17T10:41:24.288+0000][81][info ][safepoint   ] Safepoint "Cleanup", Time since last: 5018657360 ns, Reaching safepoint: 13702 ns, Cleanup: 351427 ns, At safepoint: 32760 ns, Total: 397889 ns
[2025-01-17T10:41:29.609+0000][81][info ][safepoint   ] Safepoint "Cleanup", Time since last: 5320400402 ns, Reaching safepoint: 12813 ns, Cleanup: 363876 ns, At safepoint: 31513 ns, Total: 408202 ns
[2025-01-17T10:41:35.615+0000][81][info ][safepoint   ] Safepoint "Cleanup", Time since last: 6006186562 ns, Reaching safepoint: 49448 ns, Cleanup: 233265 ns, At safepoint: 18426 ns, Total: 301139 ns
[2025-01-17T10:41:37.361+0000][81][info ][safepoint   ] Safepoint "Cleanup", Time since last: 1745000741 ns, Reaching safepoint: 14360 ns, Cleanup: 480548 ns, At safepoint: 64915 ns, Total: 559823 ns
[2025-01-17T10:41:39.378+0000][81][info ][safepoint   ] Safepoint "Cleanup", Time since last: 2017002069 ns, Reaching safepoint: 31247 ns, Cleanup: 373332 ns, At safepoint: 55494 ns, Total: 460073 ns
[2025-01-17T10:41:41.383+0000][81][info ][safepoint   ] Safepoint "Cleanup", Time since last: 2004287119 ns, Reaching safepoint: 40176 ns, Cleanup: 691473 ns, At safepoint: 98920 ns, Total: 830569 ns
[2025-01-17T10:41:42.386+0000][81][info ][safepoint   ] Safepoint "Cleanup", Time since last: 1002859353 ns, Reaching safepoint: 9989 ns, Cleanup: 432351 ns, At safepoint: 54155 ns, Total: 496495 ns
[2025-01-17T10:41:47.609+0000][81][info ][safepoint   ] Safepoint "Cleanup", Time since last: 5222667000 ns, Reaching safepoint: 11368 ns, Cleanup: 280561 ns, At safepoint: 25793 ns, Total: 317722 ns
[2025-01-17T10:41:51.422+0000][81][info ][safepoint   ] Safepoint "Cleanup", Time since last: 3814408057 ns, Reaching safepoint: 50874 ns, Cleanup: 306960 ns, At safepoint: 13865 ns, Total: 371699 ns
[2025-01-17T10:41:52.424+0000][81][info ][safepoint   ] Safepoint "Cleanup", Time since last: 1000957270 ns, Reaching safepoint: 61373 ns, Cleanup: 308136 ns, At safepoint: 16522 ns, Total: 386031 ns
[2025-01-17T10:41:54.432+0000][81][info ][safepoint   ] Safepoint "Cleanup", Time since last: 2007670286 ns, Reaching safepoint: 17380 ns, Cleanup: 449381 ns, At safepoint: 23742 ns, Total: 490503 ns
[2025-01-17T10:42:00.464+0000][81][info ][safepoint   ] Safepoint "Cleanup", Time since last: 6031670861 ns, Reaching safepoint: 17183 ns, Cleanup: 500130 ns, At safepoint: 16287 ns, Total: 533600 ns
[2025-01-17T10:42:05.646+0000][81][info ][safepoint   ] Safepoint "Cleanup", Time since last: 5179834888 ns, Reaching safepoint: 302987 ns, Cleanup: 1112547 ns, At safepoint: 106763 ns, Total: 1522297 ns
[2025-01-17T10:42:07.508+0000][81][info ][safepoint   ] Safepoint "Cleanup", Time since last: 1861980074 ns, Reaching safepoint: 35859 ns, Cleanup: 463283 ns, At safepoint: 15363 ns, Total: 514505 ns
[2025-01-17T10:42:08.512+0000][81][info ][safepoint   ] Safepoint "Cleanup", Time since last: 1003491526 ns, Reaching safepoint: 32617 ns, Cleanup: 482970 ns, At safepoint: 16914 ns, Total: 532501 ns
[2025-01-17T10:42:11.657+0000][81][info ][safepoint   ] Safepoint "Cleanup", Time since last: 3144160559 ns, Reaching safepoint: 10756 ns, Cleanup: 302111 ns, At safepoint: 26427 ns, Total: 339294 ns
[2025-01-17T10:42:13.548+0000][81][info ][safepoint   ] Safepoint "Cleanup", Time since last: 1891186725 ns, Reaching safepoint: 25315 ns, Cleanup: 246708 ns, At safepoint: 9602 ns, Total: 281625 ns
[2025-01-17T10:42:17.649+0000][81][info ][safepoint   ] Safepoint "Cleanup", Time since last: 4099964179 ns, Reaching safepoint: 16553 ns, Cleanup: 522718 ns, At safepoint: 40836 ns, Total: 580107 ns
[2025-01-17T10:42:23.604+0000][81][info ][safepoint   ] Safepoint "Cleanup", Time since last: 5956968585 ns, Reaching safepoint: 37063 ns, Cleanup: 247160 ns, At safepoint: 21527 ns, Total: 305750 ns
[2025-01-17T10:42:24.606+0000][81][info ][safepoint   ] Safepoint "Cleanup", Time since last: 1000833042 ns, Reaching safepoint: 176884 ns, Cleanup: 651718 ns, At safepoint: 283631 ns, Total: 1112233 ns
[2025-01-17T10:42:26.615+0000][81][info ][safepoint   ] Safepoint "Cleanup", Time since last: 2009429580 ns, Reaching safepoint: 28968 ns, Cleanup: 346866 ns, At safepoint: 12641 ns, Total: 388475 ns
[2025-01-17T10:42:29.617+0000][81][info ][safepoint   ] Safepoint "Cleanup", Time since last: 3001015270 ns, Reaching safepoint: 32347 ns, Cleanup: 400329 ns, At safepoint: 33008 ns, Total: 465684 ns
[2025-01-17T10:42:30.626+0000][81][info ][safepoint   ] Safepoint "Cleanup", Time since last: 1009142517 ns, Reaching safepoint: 9860 ns, Cleanup: 248552 ns, At safepoint: 19949 ns, Total: 278361 ns
[2025-01-17T10:42:31.634+0000][81][info ][safepoint   ] Safepoint "Cleanup", Time since last: 1006895622 ns, Reaching safepoint: 31350 ns, Cleanup: 276102 ns, At safepoint: 9060 ns, Total: 316512 ns
[2025-01-17T10:42:35.606+0000][81][info ][safepoint   ] Safepoint "Cleanup", Time since last: 3972271711 ns, Reaching safepoint: 27509 ns, Cleanup: 278613 ns, At safepoint: 38437 ns, Total: 344559 ns
[2025-01-17T10:42:36.626+0000][81][info ][safepoint   ] Safepoint "Cleanup", Time since last: 1019369631 ns, Reaching safepoint: 41318 ns, Cleanup: 513165 ns, At safepoint: 20484 ns, Total: 574967 ns
[2025-01-17T10:42:38.662+0000][81][info ][safepoint   ] Safepoint "Cleanup", Time since last: 2034870433 ns, Reaching safepoint: 35724 ns, Cleanup: 583877 ns, At safepoint: 18627 ns, Total: 638228 ns
[2025-01-17T10:42:41.618+0000][81][info ][safepoint   ] Safepoint "Cleanup", Time since last: 2955960904 ns, Reaching safepoint: 14565 ns, Cleanup: 395713 ns, At safepoint: 96320 ns, Total: 506598 ns
[2025-01-17T10:42:42.681+0000][81][info ][safepoint   ] Safepoint "Cleanup", Time since last: 1062297046 ns, Reaching safepoint: 45667 ns, Cleanup: 521225 ns, At safepoint: 20484 ns, Total: 587376 ns
[2025-01-17T10:42:48.673+0000][81][info ][safepoint   ] Safepoint "Cleanup", Time since last: 5991294513 ns, Reaching safepoint: 41725 ns, Cleanup: 495141 ns, At safepoint: 17671 ns, Total: 554537 ns
[2025-01-17T10:42:49.717+0000][81][info ][safepoint   ] Safepoint "Cleanup", Time since last: 1043616510 ns, Reaching safepoint: 67690 ns, Cleanup: 460499 ns, At safepoint: 17764 ns, Total: 545953 ns
[2025-01-17T10:42:50.721+0000][81][info ][safepoint   ] Safepoint "Cleanup", Time since last: 1003813295 ns, Reaching safepoint: 26986 ns, Cleanup: 290378 ns, At safepoint: 10921 ns, Total: 328285 ns
[2025-01-17T10:42:51.720+0000][81][info ][safepoint   ] Safepoint "Cleanup", Time since last: 1001025080 ns, Reaching safepoint: 28531 ns, Cleanup: 265319 ns, At safepoint: 10278 ns, Total: 304128 ns
[2025-01-17T10:42:53.610+0000][81][info ][safepoint   ] Safepoint "Cleanup", Time since last: 1888977431 ns, Reaching safepoint: 10577 ns, Cleanup: 317897 ns, At safepoint: 53547 ns, Total: 382021 ns
[2025-01-17T10:43:00.853+0000][81][info ][safepoint   ] Safepoint "Cleanup", Time since last: 7242774750 ns, Reaching safepoint: 12394 ns, Cleanup: 288506 ns, At safepoint: 24415 ns, Total: 325315 ns
[2025-01-17T10:43:11.642+0000][81][info ][safepoint   ] Safepoint "Cleanup", Time since last: 10789057280 ns, Reaching safepoint: 11185 ns, Cleanup: 283864 ns, At safepoint: 21060 ns, Total: 316109 ns
[2025-01-17T10:43:12.887+0000][81][info ][safepoint   ] Safepoint "Cleanup", Time since last: 1244253420 ns, Reaching safepoint: 42609 ns, Cleanup: 523842 ns, At safepoint: 46922 ns, Total: 613373 ns
[2025-01-17T10:43:15.904+0000][81][info ][safepoint   ] Safepoint "Cleanup", Time since last: 3016877916 ns, Reaching safepoint: 36073 ns, Cleanup: 480831 ns, At safepoint: 16092 ns, Total: 532996 ns
[2025-01-17T10:43:16.908+0000][81][info ][safepoint   ] Safepoint "Cleanup", Time since last: 1003328398 ns, Reaching safepoint: 37686 ns, Cleanup: 419821 ns, At safepoint: 15308 ns, Total: 472815 ns
[2025-01-17T10:43:18.900+0000][81][info ][safepoint   ] Safepoint "Cleanup", Time since last: 1991448537 ns, Reaching safepoint: 24763 ns, Cleanup: 257539 ns, At safepoint: 7299 ns, Total: 289601 ns
[2025-01-17T10:43:26.924+0000][81][info ][safepoint   ] Safepoint "Cleanup", Time since last: 8026323366 ns, Reaching safepoint: 54723 ns, Cleanup: 281898 ns, At safepoint: 8343 ns, Total: 344964 ns
[2025-01-17T10:43:28.925+0000][81][info ][safepoint   ] Safepoint "Cleanup", Time since last: 2000818236 ns, Reaching safepoint: 30495 ns, Cleanup: 582256 ns, At safepoint: 16629 ns, Total: 629380 ns
[2025-01-17T10:43:29.936+0000][81][info ][safepoint   ] Safepoint "Cleanup", Time since last: 1010206629 ns, Reaching safepoint: 26163 ns, Cleanup: 756449 ns, At safepoint: 153626 ns, Total: 936238 ns
[2025-01-17T10:43:35.958+0000][81][info ][safepoint   ] Safepoint "Cleanup", Time since last: 6021219060 ns, Reaching safepoint: 48926 ns, Cleanup: 322968 ns, At safepoint: 39908 ns, Total: 411802 ns
[2025-01-17T10:43:37.985+0000][81][info ][safepoint   ] Safepoint "Cleanup", Time since last: 2026616042 ns, Reaching safepoint: 44584 ns, Cleanup: 357841 ns, At safepoint: 21236 ns, Total: 423661 ns
[2025-01-17T10:43:38.986+0000][81][info ][safepoint   ] Safepoint "Cleanup", Time since last: 1000589110 ns, Reaching safepoint: 42199 ns, Cleanup: 336901 ns, At safepoint: 20916 ns, Total: 400016 ns
[2025-01-17T10:43:40.988+0000][81][info ][safepoint   ] Safepoint "Cleanup", Time since last: 2001120912 ns, Reaching safepoint: 35783 ns, Cleanup: 327776 ns, At safepoint: 12278 ns, Total: 375837 ns
[2025-01-17T10:43:41.994+0000][81][info ][safepoint   ] Safepoint "Cleanup", Time since last: 1005793586 ns, Reaching safepoint: 17513 ns, Cleanup: 326332 ns, At safepoint: 27711 ns, Total: 371556 ns
[2025-01-17T10:43:45.006+0000][81][info ][safepoint   ] Safepoint "Cleanup", Time since last: 3011801887 ns, Reaching safepoint: 53237 ns, Cleanup: 292414 ns, At safepoint: 10220 ns, Total: 355871 ns
[2025-01-17T10:43:47.625+0000][81][info ][safepoint   ] Safepoint "Cleanup", Time since last: 2618640984 ns, Reaching safepoint: 15869 ns, Cleanup: 352493 ns, At safepoint: 70695 ns, Total: 439057 ns
[2025-01-17T10:43:49.036+0000][81][info ][safepoint   ] Safepoint "Cleanup", Time since last: 1410664898 ns, Reaching safepoint: 95732 ns, Cleanup: 591868 ns, At safepoint: 31672 ns, Total: 719272 ns
[2025-01-17T10:43:50.038+0000][81][info ][safepoint   ] Safepoint "Cleanup", Time since last: 1000814574 ns, Reaching safepoint: 65627 ns, Cleanup: 285109 ns, At safepoint: 30682 ns, Total: 381418 ns
[2025-01-17T10:43:51.039+0000][81][info ][safepoint   ] Safepoint "Cleanup", Time since last: 1003154126 ns, Reaching safepoint: 137441 ns, Cleanup: 312468 ns, At safepoint: 77119 ns, Total: 527028 ns
[2025-01-17T10:43:52.114+0000][81][info ][safepoint   ] Safepoint "Cleanup", Time since last: 1073784244 ns, Reaching safepoint: 65437 ns, Cleanup: 366856 ns, At safepoint: 29135 ns, Total: 461428 ns
[2025-01-17T10:43:53.616+0000][81][info ][safepoint   ] Safepoint "Cleanup", Time since last: 1501916890 ns, Reaching safepoint: 11033 ns, Cleanup: 260006 ns, At safepoint: 25238 ns, Total: 296277 ns
[2025-01-17T10:43:55.060+0000][81][info ][safepoint   ] Safepoint "Cleanup", Time since last: 1443700851 ns, Reaching safepoint: 40019 ns, Cleanup: 542385 ns, At safepoint: 47030 ns, Total: 629434 ns
[2025-01-17T10:43:57.074+0000][81][info ][safepoint   ] Safepoint "Cleanup", Time since last: 2013604493 ns, Reaching safepoint: 10621 ns, Cleanup: 289569 ns, At safepoint: 39798 ns, Total: 339988 ns
[2025-01-17T10:43:58.105+0000][81][info ][safepoint   ] Safepoint "Cleanup", Time since last: 1030121156 ns, Reaching safepoint: 10145 ns, Cleanup: 428538 ns, At safepoint: 53819 ns, Total: 492502 ns
[2025-01-17T10:44:06.175+0000][81][info ][safepoint   ] Safepoint "Cleanup", Time since last: 8069816532 ns, Reaching safepoint: 18359 ns, Cleanup: 561562 ns, At safepoint: 45384 ns, Total: 625305 ns
[2025-01-17T10:44:07.191+0000][81][info ][safepoint   ] Safepoint "Cleanup", Time since last: 1015485257 ns, Reaching safepoint: 75368 ns, Cleanup: 541124 ns, At safepoint: 21921 ns, Total: 638413 ns
[2025-01-17T10:44:11.949+0000][81][info ][safepoint   ] Safepoint "Cleanup", Time since last: 4757081965 ns, Reaching safepoint: 137761 ns, Cleanup: 548465 ns, At safepoint: 96818 ns, Total: 783044 ns
[2025-01-17T10:44:13.220+0000][81][info ][safepoint   ] Safepoint "Cleanup", Time since last: 1270161299 ns, Reaching safepoint: 36932 ns, Cleanup: 508532 ns, At safepoint: 44362 ns, Total: 589826 ns
[2025-01-17T10:44:14.225+0000][81][info ][safepoint   ] Safepoint "Cleanup", Time since last: 1004459763 ns, Reaching safepoint: 42666 ns, Cleanup: 517043 ns, At safepoint: 16033 ns, Total: 575742 ns
[2025-01-17T10:44:17.228+0000][81][info ][safepoint   ] Safepoint "Cleanup", Time since last: 3002303284 ns, Reaching safepoint: 37378 ns, Cleanup: 385393 ns, At safepoint: 14562 ns, Total: 437333 ns
[2025-01-17T10:44:18.231+0000][81][info ][safepoint   ] Safepoint "Cleanup", Time since last: 1002398542 ns, Reaching safepoint: 10427 ns, Cleanup: 326588 ns, At safepoint: 53826 ns, Total: 390841 ns
[2025-01-17T10:44:22.233+0000][81][info ][safepoint   ] Safepoint "Cleanup", Time since last: 4003662229 ns, Reaching safepoint: 80604 ns, Cleanup: 581689 ns, At safepoint: 20633 ns, Total: 682926 ns
[2025-01-17T10:44:27.255+0000][81][info ][safepoint   ] Safepoint "Cleanup", Time since last: 5021960920 ns, Reaching safepoint: 31200 ns, Cleanup: 299478 ns, At safepoint: 10240 ns, Total: 340918 ns
[2025-01-17T10:44:37.322+0000][81][info ][safepoint   ] Safepoint "Cleanup", Time since last: 10066006143 ns, Reaching safepoint: 79126 ns, Cleanup: 324360 ns, At safepoint: 14749 ns, Total: 418235 ns
[2025-01-17T10:44:39.323+0000][81][info ][safepoint   ] Safepoint "Cleanup", Time since last: 2000876770 ns, Reaching safepoint: 31481 ns, Cleanup: 280666 ns, At safepoint: 12050 ns, Total: 324197 ns
[2025-01-17T10:44:41.324+0000][81][info ][safepoint   ] Safepoint "Cleanup", Time since last: 2000967878 ns, Reaching safepoint: 38744 ns, Cleanup: 485485 ns, At safepoint: 17360 ns, Total: 541589 ns
[2025-01-17T10:44:42.337+0000][81][info ][safepoint   ] Safepoint "Cleanup", Time since last: 1012016460 ns, Reaching safepoint: 11105 ns, Cleanup: 289766 ns, At safepoint: 23660 ns, Total: 324531 ns
[2025-01-17T10:44:48.379+0000][81][info ][safepoint   ] Safepoint "Cleanup", Time since last: 6041462725 ns, Reaching safepoint: 18745 ns, Cleanup: 531348 ns, At safepoint: 46386 ns, Total: 596479 ns
[2025-01-17T10:44:49.392+0000][81][info ][safepoint   ] Safepoint "Cleanup", Time since last: 1012259110 ns, Reaching safepoint: 45292 ns, Cleanup: 617732 ns, At safepoint: 16550 ns, Total: 679574 ns
[2025-01-17T10:44:53.617+0000][81][info ][safepoint   ] Safepoint "Cleanup", Time since last: 4227369996 ns, Reaching safepoint: 332473 ns, Cleanup: 476723 ns, At safepoint: 72262 ns, Total: 881458 ns
[2025-01-17T10:44:55.409+0000][81][info ][safepoint   ] Safepoint "Cleanup", Time since last: 1792092196 ns, Reaching safepoint: 26143 ns, Cleanup: 322370 ns, At safepoint: 11435 ns, Total: 359948 ns
[2025-01-17T10:44:59.644+0000][81][info ][safepoint   ] Safepoint "Cleanup", Time since last: 4234357999 ns, Reaching safepoint: 10850 ns, Cleanup: 332539 ns, At safepoint: 26492 ns, Total: 369881 ns
[2025-01-17T10:45:01.430+0000][81][info ][safepoint   ] Safepoint "Cleanup", Time since last: 1786161368 ns, Reaching safepoint: 30269 ns, Cleanup: 308584 ns, At safepoint: 11946 ns, Total: 350799 ns
[2025-01-17T10:45:05.622+0000][81][info ][safepoint   ] Safepoint "Cleanup", Time since last: 4191261896 ns, Reaching safepoint: 109460 ns, Cleanup: 316665 ns, At safepoint: 34269 ns, Total: 460394 ns
[2025-01-17T10:45:07.461+0000][81][info ][safepoint   ] Safepoint "Cleanup", Time since last: 1838831711 ns, Reaching safepoint: 12553 ns, Cleanup: 273960 ns, At safepoint: 21420 ns, Total: 307933 ns
[2025-01-17T10:45:12.475+0000][81][info ][safepoint   ] Safepoint "Cleanup", Time since last: 5013580606 ns, Reaching safepoint: 53623 ns, Cleanup: 312859 ns, At safepoint: 27602 ns, Total: 394084 ns
[2025-01-17T10:45:14.881+0000][81][info ][safepoint   ] Safepoint "Cleanup", Time since last: 2405558982 ns, Reaching safepoint: 14536 ns, Cleanup: 302549 ns, At safepoint: 25481 ns, Total: 342566 ns
[2025-01-17T10:45:15.883+0000][81][info ][safepoint   ] Safepoint "Cleanup", Time since last: 1000812338 ns, Reaching safepoint: 38341 ns, Cleanup: 531689 ns, At safepoint: 67986 ns, Total: 638016 ns
[2025-01-17T10:45:17.441+0000][81][info ][safepoint   ] Safepoint "Cleanup", Time since last: 1557689291 ns, Reaching safepoint: 34599 ns, Cleanup: 320017 ns, At safepoint: 27001 ns, Total: 381617 ns
[2025-01-17T10:45:18.500+0000][81][info ][safepoint   ] Safepoint "Cleanup", Time since last: 1058268796 ns, Reaching safepoint: 25888 ns, Cleanup: 686867 ns, At safepoint: 97545 ns, Total: 810300 ns
[2025-01-17T10:45:23.619+0000][81][info ][safepoint   ] Safepoint "Cleanup", Time since last: 5120190061 ns, Reaching safepoint: 114827 ns, Cleanup: 446022 ns, At safepoint: 38184 ns, Total: 599033 ns
[2025-01-17T10:45:25.544+0000][81][info ][safepoint   ] Safepoint "Cleanup", Time since last: 1924401804 ns, Reaching safepoint: 39474 ns, Cleanup: 341773 ns, At safepoint: 52076 ns, Total: 433323 ns
[2025-01-17T10:45:29.547+0000][81][info ][safepoint   ] Safepoint "Cleanup", Time since last: 4002362743 ns, Reaching safepoint: 51190 ns, Cleanup: 692913 ns, At safepoint: 25246 ns, Total: 769349 ns
[2025-01-17T10:45:33.568+0000][81][info ][safepoint   ] Safepoint "Cleanup", Time since last: 4020282903 ns, Reaching safepoint: 39693 ns, Cleanup: 538098 ns, At safepoint: 18548 ns, Total: 596339 ns
[2025-01-17T10:45:34.571+0000][81][info ][safepoint   ] Safepoint "Cleanup", Time since last: 1001368882 ns, Reaching safepoint: 54254 ns, Cleanup: 1265872 ns, At safepoint: 70808 ns, Total: 1390934 ns
[2025-01-17T10:45:36.585+0000][81][info ][safepoint   ] Safepoint "Cleanup", Time since last: 2013899542 ns, Reaching safepoint: 11253 ns, Cleanup: 266987 ns, At safepoint: 32415 ns, Total: 310655 ns
[2025-01-17T10:45:41.595+0000][81][info ][safepoint   ] Safepoint "Cleanup", Time since last: 5009825957 ns, Reaching safepoint: 41204 ns, Cleanup: 261424 ns, At safepoint: 21947 ns, Total: 324575 ns
[2025-01-17T10:45:42.617+0000][81][info ][safepoint   ] Safepoint "Cleanup", Time since last: 1021553755 ns, Reaching safepoint: 32690 ns, Cleanup: 385009 ns, At safepoint: 32726 ns, Total: 450425 ns
[2025-01-17T10:45:46.630+0000][81][info ][safepoint   ] Safepoint "Cleanup", Time since last: 4012609863 ns, Reaching safepoint: 27680 ns, Cleanup: 253389 ns, At safepoint: 11776 ns, Total: 292845 ns
[2025-01-17T10:45:53.622+0000][81][info ][safepoint   ] Safepoint "Cleanup", Time since last: 6993902233 ns, Reaching safepoint: 9514 ns, Cleanup: 262310 ns, At safepoint: 30725 ns, Total: 302549 ns
[2025-01-17T10:45:54.625+0000][81][info ][safepoint   ] Safepoint "Cleanup", Time since last: 1002158030 ns, Reaching safepoint: 76022 ns, Cleanup: 481884 ns, At safepoint: 14510 ns, Total: 572416 ns
[2025-01-17T10:45:55.695+0000][81][info ][safepoint   ] Safepoint "Cleanup", Time since last: 1069436342 ns, Reaching safepoint: 35325 ns, Cleanup: 399505 ns, At safepoint: 17423 ns, Total: 452253 ns
[2025-01-17T10:45:58.801+0000][81][info ][safepoint   ] Safepoint "Cleanup", Time since last: 3105681427 ns, Reaching safepoint: 43738 ns, Cleanup: 728092 ns, At safepoint: 129694 ns, Total: 901524 ns
[2025-01-17T10:46:00.642+0000][81][info ][safepoint   ] Safepoint "Cleanup", Time since last: 1840372528 ns, Reaching safepoint: 28099 ns, Cleanup: 308437 ns, At safepoint: 43321 ns, Total: 379857 ns
[2025-01-17T10:46:01.714+0000][81][info ][safepoint   ] Safepoint "Cleanup", Time since last: 1071621717 ns, Reaching safepoint: 28048 ns, Cleanup: 290943 ns, At safepoint: 13150 ns, Total: 332141 ns
[2025-01-17T10:46:06.729+0000][81][info ][safepoint   ] Safepoint "Cleanup", Time since last: 5014551701 ns, Reaching safepoint: 29982 ns, Cleanup: 347783 ns, At safepoint: 27826 ns, Total: 405591 ns
[2025-01-17T10:46:11.641+0000][81][info ][safepoint   ] Safepoint "Cleanup", Time since last: 4911987990 ns, Reaching safepoint: 17953 ns, Cleanup: 241638 ns, At safepoint: 19024 ns, Total: 278615 ns
[2025-01-17T10:46:12.781+0000][81][info ][safepoint   ] Safepoint "Cleanup", Time since last: 1139407376 ns, Reaching safepoint: 30952 ns, Cleanup: 256605 ns, At safepoint: 8952 ns, Total: 296509 ns
[2025-01-17T10:46:13.782+0000][81][info ][safepoint   ] Safepoint "Cleanup", Time since last: 1000582911 ns, Reaching safepoint: 27359 ns, Cleanup: 269178 ns, At safepoint: 13111 ns, Total: 309648 ns
[2025-01-17T10:46:20.793+0000][81][info ][safepoint   ] Safepoint "Cleanup", Time since last: 7010315851 ns, Reaching safepoint: 46636 ns, Cleanup: 633146 ns, At safepoint: 22598 ns, Total: 702380 ns
[2025-01-17T10:46:23.562+0000][81][info ][safepoint   ] Safepoint "Cleanup", Time since last: 2770952275 ns, Reaching safepoint: 12798 ns, Cleanup: 232443 ns, At safepoint: 20825 ns, Total: 266066 ns
[2025-01-17T10:46:24.815+0000][81][info ][safepoint   ] Safepoint "Cleanup", Time since last: 1252627043 ns, Reaching safepoint: 72220 ns, Cleanup: 362572 ns, At safepoint: 31428 ns, Total: 466220 ns
[2025-01-17T10:46:26.817+0000][81][info ][safepoint   ] Safepoint "Cleanup", Time since last: 2001492954 ns, Reaching safepoint: 61926 ns, Cleanup: 472609 ns, At safepoint: 40688 ns, Total: 575223 ns
[2025-01-17T10:46:29.602+0000][81][info ][safepoint   ] Safepoint "Cleanup", Time since last: 2784361345 ns, Reaching safepoint: 9504 ns, Cleanup: 265006 ns, At safepoint: 20229 ns, Total: 294739 ns
[2025-01-17T10:46:31.837+0000][81][info ][safepoint   ] Safepoint "Cleanup", Time since last: 2235018815 ns, Reaching safepoint: 39438 ns, Cleanup: 392906 ns, At safepoint: 15780 ns, Total: 448124 ns
[2025-01-17T10:46:35.848+0000][81][info ][safepoint   ] Safepoint "Cleanup", Time since last: 4010196342 ns, Reaching safepoint: 9643 ns, Cleanup: 236780 ns, At safepoint: 22844 ns, Total: 269267 ns
[2025-01-17T10:46:36.855+0000][81][info ][safepoint   ] Safepoint "Cleanup", Time since last: 1006633449 ns, Reaching safepoint: 29015 ns, Cleanup: 306866 ns, At safepoint: 12034 ns, Total: 347915 ns
[2025-01-17T10:46:37.857+0000][81][info ][safepoint   ] Safepoint "Cleanup", Time since last: 1001944022 ns, Reaching safepoint: 27559 ns, Cleanup: 268728 ns, At safepoint: 11128 ns, Total: 307415 ns
[2025-01-17T10:46:41.614+0000][81][info ][safepoint   ] Safepoint "Cleanup", Time since last: 3756623119 ns, Reaching safepoint: 23587 ns, Cleanup: 248731 ns, At safepoint: 20529 ns, Total: 292847 ns
[2025-01-17T10:46:42.885+0000][81][info ][safepoint   ] Safepoint "Cleanup", Time since last: 1270436637 ns, Reaching safepoint: 33377 ns, Cleanup: 360387 ns, At safepoint: 13861 ns, Total: 407625 ns
[2025-01-17T10:46:47.904+0000][81][info ][safepoint   ] Safepoint "Cleanup", Time since last: 5019019091 ns, Reaching safepoint: 23880 ns, Cleanup: 642500 ns, At safepoint: 57966 ns, Total: 724346 ns
[2025-01-17T10:46:53.659+0000][81][info ][safepoint   ] Safepoint "Cleanup", Time since last: 5757199223 ns, Reaching safepoint: 10255 ns, Cleanup: 289114 ns, At safepoint: 22620 ns, Total: 321989 ns
[2025-01-17T10:46:59.620+0000][81][info ][safepoint   ] Safepoint "Cleanup", Time since last: 5960929348 ns, Reaching safepoint: 9861 ns, Cleanup: 228806 ns, At safepoint: 21740 ns, Total: 260407 ns
[2025-01-17T10:47:17.632+0000][81][info ][safepoint   ] Safepoint "Cleanup", Time since last: 18011128396 ns, Reaching safepoint: 24037 ns, Cleanup: 264326 ns, At safepoint: 32482 ns, Total: 320845 ns
[2025-01-17T10:47:19.039+0000][81][info ][safepoint   ] Safepoint "Cleanup", Time since last: 1406666044 ns, Reaching safepoint: 37350 ns, Cleanup: 673229 ns, At safepoint: 53924 ns, Total: 764503 ns
[2025-01-17T10:47:21.043+0000][81][info ][safepoint   ] Safepoint "Cleanup", Time since last: 2005502555 ns, Reaching safepoint: 27135 ns, Cleanup: 249244 ns, At safepoint: 10845 ns, Total: 287224 ns
[2025-01-17T10:47:27.060+0000][81][info ][safepoint   ] Safepoint "Cleanup", Time since last: 6016222664 ns, Reaching safepoint: 52329 ns, Cleanup: 248888 ns, At safepoint: 8546 ns, Total: 309763 ns
[2025-01-17T10:47:29.615+0000][81][info ][safepoint   ] Safepoint "Cleanup", Time since last: 2554918302 ns, Reaching safepoint: 10995 ns, Cleanup: 271590 ns, At safepoint: 34909 ns, Total: 317494 ns
[2025-01-17T10:47:31.089+0000][81][info ][safepoint   ] Safepoint "Cleanup", Time since last: 1473177089 ns, Reaching safepoint: 39830 ns, Cleanup: 436171 ns, At safepoint: 17334 ns, Total: 493335 ns
[2025-01-17T10:47:41.107+0000][81][info ][safepoint   ] Safepoint "Cleanup", Time since last: 10017724299 ns, Reaching safepoint: 39441 ns, Cleanup: 457493 ns, At safepoint: 18073 ns, Total: 515007 ns
[2025-01-17T10:47:48.143+0000][81][info ][safepoint   ] Safepoint "Cleanup", Time since last: 7035499448 ns, Reaching safepoint: 41828 ns, Cleanup: 413528 ns, At safepoint: 34634 ns, Total: 489990 ns
[2025-01-17T10:47:51.180+0000][81][info ][safepoint   ] Safepoint "Cleanup", Time since last: 3038838079 ns, Reaching safepoint: 38661 ns, Cleanup: 388561 ns, At safepoint: 15063 ns, Total: 442285 ns
[2025-01-17T10:47:53.182+0000][81][info ][safepoint   ] Safepoint "Cleanup", Time since last: 2001666247 ns, Reaching safepoint: 40694 ns, Cleanup: 437100 ns, At safepoint: 16648 ns, Total: 494442 ns
[2025-01-17T10:47:54.189+0000][81][info ][safepoint   ] Safepoint "Cleanup", Time since last: 1006518346 ns, Reaching safepoint: 15536 ns, Cleanup: 419365 ns, At safepoint: 33550 ns, Total: 468451 ns
[2025-01-17T10:48:11.621+0000][81][info ][safepoint   ] Safepoint "Cleanup", Time since last: 17431341914 ns, Reaching safepoint: 16277 ns, Cleanup: 330478 ns, At safepoint: 28947 ns, Total: 375702 ns
[2025-01-17T10:48:17.823+0000][81][info ][safepoint   ] Safepoint "Cleanup", Time since last: 6202030397 ns, Reaching safepoint: 18030 ns, Cleanup: 453967 ns, At safepoint: 39568 ns, Total: 511565 ns
[2025-01-17T10:48:23.606+0000][81][info ][safepoint   ] Safepoint "Cleanup", Time since last: 5783912944 ns, Reaching safepoint: 10444 ns, Cleanup: 251658 ns, At safepoint: 20673 ns, Total: 282775 ns
[2025-01-17T10:48:37.394+0000][81][info ][safepoint   ] Safepoint "Cleanup", Time since last: 13787442066 ns, Reaching safepoint: 32780 ns, Cleanup: 319586 ns, At safepoint: 11629 ns, Total: 363995 ns
[2025-01-17T10:48:41.403+0000][81][info ][safepoint   ] Safepoint "Cleanup", Time since last: 4008929493 ns, Reaching safepoint: 35182 ns, Cleanup: 423499 ns, At safepoint: 14627 ns, Total: 473308 ns
[2025-01-17T10:48:47.624+0000][81][info ][safepoint   ] Safepoint "Cleanup", Time since last: 6220204976 ns, Reaching safepoint: 32050 ns, Cleanup: 258584 ns, At safepoint: 20681 ns, Total: 311315 ns
[2025-01-17T10:48:49.470+0000][81][info ][safepoint   ] Safepoint "Cleanup", Time since last: 1846654644 ns, Reaching safepoint: 14954 ns, Cleanup: 241121 ns, At safepoint: 20158 ns, Total: 276233 ns
[2025-01-17T10:48:51.476+0000][81][info ][safepoint   ] Safepoint "Cleanup", Time since last: 2006955084 ns, Reaching safepoint: 32181 ns, Cleanup: 313490 ns, At safepoint: 12728 ns, Total: 358399 ns
[2025-01-17T10:48:53.618+0000][81][info ][safepoint   ] Safepoint "Cleanup", Time since last: 2142348261 ns, Reaching safepoint: 10622 ns, Cleanup: 322110 ns, At safepoint: 50857 ns, Total: 383589 ns
[2025-01-17T10:48:54.483+0000][81][info ][gc,start    ] GC(17) Pause Young (Prepare Mixed) (G1 Evacuation Pause)
[2025-01-17T10:48:54.485+0000][81][info ][gc,task     ] GC(17) Using 18 workers of 18 for evacuation
[2025-01-17T10:48:54.486+0000][81][debug][gc,age      ] GC(17) Desired survivor size 134217728 bytes, new threshold 15 (max threshold 15)
[2025-01-17T10:48:54.533+0000][81][info ][gc,phases   ] GC(17)   Pre Evacuate Collection Set: 3.1ms
[2025-01-17T10:48:54.533+0000][81][info ][gc,phases   ] GC(17)   Merge Heap Roots: 1.7ms
[2025-01-17T10:48:54.534+0000][81][info ][gc,phases   ] GC(17)   Evacuate Collection Set: 35.5ms
[2025-01-17T10:48:54.535+0000][81][info ][gc,phases   ] GC(17)   Post Evacuate Collection Set: 4.7ms
[2025-01-17T10:48:54.535+0000][81][info ][gc,phases   ] GC(17)   Other: 3.2ms
[2025-01-17T10:48:54.536+0000][81][trace][gc,age      ] GC(17) Age table with threshold 15 (max threshold 15)
[2025-01-17T10:48:54.537+0000][81][trace][gc,age      ] GC(17) - age   1:    3019960 bytes,    3019960 total
[2025-01-17T10:48:54.538+0000][81][trace][gc,age      ] GC(17) - age   2:    3584576 bytes,    6604536 total
[2025-01-17T10:48:54.538+0000][81][trace][gc,age      ] GC(17) - age   3:    6990096 bytes,   13594632 total
[2025-01-17T10:48:54.539+0000][81][trace][gc,age      ] GC(17) - age   4:    1405296 bytes,   14999928 total
[2025-01-17T10:48:54.540+0000][81][info ][gc,heap     ] GC(17) Eden regions: 504->0(503)
[2025-01-17T10:48:54.540+0000][81][info ][gc,heap     ] GC(17) Survivor regions: 4->5(64)
[2025-01-17T10:48:54.541+0000][81][info ][gc,heap     ] GC(17) Old regions: 37->37
[2025-01-17T10:48:54.541+0000][81][info ][gc,heap     ] GC(17) Archive regions: 2->2
[2025-01-17T10:48:54.542+0000][81][info ][gc,heap     ] GC(17) Humongous regions: 4->4
[2025-01-17T10:48:54.543+0000][81][info ][gc,metaspace] GC(17) Metaspace: 145614K(149568K)->145614K(149568K) NonClass: 126505K(128640K)->126505K(128640K) Class: 19109K(20928K)->19109K(20928K)
[2025-01-17T10:48:54.544+0000][81][info ][gc          ] GC(17) Pause Young (Prepare Mixed) (G1 Evacuation Pause) 2195M->181M(3392M) 61.087ms
[2025-01-17T10:48:54.545+0000][81][info ][gc,cpu      ] GC(17) User=0.55s Sys=0.00s Real=0.06s
[2025-01-17T10:48:54.545+0000][81][info ][safepoint   ] Safepoint "G1CollectForAllocation", Time since last: 863397531 ns, Reaching safepoint: 36618 ns, Cleanup: 478502 ns, At safepoint: 63033076 ns, Total: 63548196 ns
[2025-01-17T10:48:56.564+0000][81][info ][safepoint   ] Safepoint "Cleanup", Time since last: 2018008869 ns, Reaching safepoint: 25951 ns, Cleanup: 263717 ns, At safepoint: 14420 ns, Total: 304088 ns
[2025-01-17T10:49:00.576+0000][81][info ][safepoint   ] Safepoint "Cleanup", Time since last: 4011469558 ns, Reaching safepoint: 38746 ns, Cleanup: 413923 ns, At safepoint: 31049 ns, Total: 483718 ns
[2025-01-17T10:49:05.613+0000][81][info ][safepoint   ] Safepoint "Cleanup", Time since last: 5037406391 ns, Reaching safepoint: 9836 ns, Cleanup: 306725 ns, At safepoint: 27159 ns, Total: 343720 ns
[2025-01-17T10:49:07.606+0000][81][info ][safepoint   ] Safepoint "Cleanup", Time since last: 1991959823 ns, Reaching safepoint: 38088 ns, Cleanup: 417820 ns, At safepoint: 14171 ns, Total: 470079 ns
[2025-01-17T10:49:12.619+0000][81][info ][safepoint   ] Safepoint "Cleanup", Time since last: 5012726788 ns, Reaching safepoint: 16008 ns, Cleanup: 521392 ns, At safepoint: 56091 ns, Total: 593491 ns
[2025-01-17T10:49:17.641+0000][81][info ][safepoint   ] Safepoint "Cleanup", Time since last: 5020802073 ns, Reaching safepoint: 758267 ns, Cleanup: 572970 ns, At safepoint: 36803 ns, Total: 1368040 ns
[2025-01-17T10:49:18.675+0000][81][info ][safepoint   ] Safepoint "Cleanup", Time since last: 1033057849 ns, Reaching safepoint: 121743 ns, Cleanup: 365007 ns, At safepoint: 84598 ns, Total: 571348 ns
[2025-01-17T10:49:23.789+0000][81][info ][safepoint   ] Safepoint "Cleanup", Time since last: 5116224705 ns, Reaching safepoint: 13996 ns, Cleanup: 285578 ns, At safepoint: 33502 ns, Total: 333076 ns
[2025-01-17T10:49:25.728+0000][81][info ][safepoint   ] Safepoint "Cleanup", Time since last: 1938943416 ns, Reaching safepoint: 29555 ns, Cleanup: 264721 ns, At safepoint: 12937 ns, Total: 307213 ns
[2025-01-17T10:49:29.622+0000][81][info ][safepoint   ] Safepoint "Cleanup", Time since last: 3893526978 ns, Reaching safepoint: 44617 ns, Cleanup: 457325 ns, At safepoint: 55459 ns, Total: 557401 ns
[2025-01-17T10:49:30.748+0000][81][info ][safepoint   ] Safepoint "Cleanup", Time since last: 1125788900 ns, Reaching safepoint: 39413 ns, Cleanup: 377964 ns, At safepoint: 13272 ns, Total: 430649 ns
[2025-01-17T10:49:31.767+0000][81][info ][safepoint   ] Safepoint "Cleanup", Time since last: 1017850081 ns, Reaching safepoint: 29638 ns, Cleanup: 360558 ns, At safepoint: 13787 ns, Total: 403983 ns
[2025-01-17T10:49:32.768+0000][81][info ][safepoint   ] Safepoint "Cleanup", Time since last: 1000865852 ns, Reaching safepoint: 34022 ns, Cleanup: 453869 ns, At safepoint: 15346 ns, Total: 503237 ns
[2025-01-17T10:49:41.639+0000][81][info ][safepoint   ] Safepoint "Cleanup", Time since last: 8869822913 ns, Reaching safepoint: 18951 ns, Cleanup: 770828 ns, At safepoint: 114714 ns, Total: 904493 ns
[2025-01-17T10:49:42.839+0000][81][info ][safepoint   ] Safepoint "Cleanup", Time since last: 1199194947 ns, Reaching safepoint: 39854 ns, Cleanup: 463724 ns, At safepoint: 49398 ns, Total: 552976 ns
[2025-01-17T10:49:55.882+0000][81][info ][safepoint   ] Safepoint "Cleanup", Time since last: 13044899485 ns, Reaching safepoint: 36508 ns, Cleanup: 452389 ns, At safepoint: 33307 ns, Total: 522204 ns
[2025-01-17T10:49:59.615+0000][81][info ][safepoint   ] Safepoint "Cleanup", Time since last: 3732472523 ns, Reaching safepoint: 11001 ns, Cleanup: 303069 ns, At safepoint: 29822 ns, Total: 343892 ns
[2025-01-17T10:50:00.904+0000][81][info ][safepoint   ] Safepoint "Cleanup", Time since last: 1288288400 ns, Reaching safepoint: 119694 ns, Cleanup: 375550 ns, At safepoint: 22505 ns, Total: 517749 ns
[2025-01-17T10:50:05.620+0000][81][info ][safepoint   ] Safepoint "Cleanup", Time since last: 4716067046 ns, Reaching safepoint: 25913 ns, Cleanup: 342658 ns, At safepoint: 64182 ns, Total: 432753 ns
[2025-01-17T10:50:06.921+0000][81][info ][safepoint   ] Safepoint "Cleanup", Time since last: 1300051572 ns, Reaching safepoint: 36699 ns, Cleanup: 358584 ns, At safepoint: 26438 ns, Total: 421721 ns
[2025-01-17T10:50:11.930+0000][81][info ][safepoint   ] Safepoint "Cleanup", Time since last: 5008934513 ns, Reaching safepoint: 96822 ns, Cleanup: 321396 ns, At safepoint: 53004 ns, Total: 471222 ns
[2025-01-17T10:50:12.945+0000][81][info ][safepoint   ] Safepoint "Cleanup", Time since last: 1014843065 ns, Reaching safepoint: 39113 ns, Cleanup: 309966 ns, At safepoint: 14281 ns, Total: 363360 ns
[2025-01-17T10:50:17.685+0000][81][info ][safepoint   ] Safepoint "Cleanup", Time since last: 4739035425 ns, Reaching safepoint: 28504 ns, Cleanup: 348625 ns, At safepoint: 56103 ns, Total: 433232 ns
[2025-01-17T10:50:19.982+0000][81][info ][safepoint   ] Safepoint "Cleanup", Time since last: 2297113519 ns, Reaching safepoint: 39132 ns, Cleanup: 334434 ns, At safepoint: 13014 ns, Total: 386580 ns
[2025-01-17T10:50:20.983+0000][81][info ][safepoint   ] Safepoint "Cleanup", Time since last: 1000762800 ns, Reaching safepoint: 30822 ns, Cleanup: 340069 ns, At safepoint: 32079 ns, Total: 402970 ns
[2025-01-17T10:50:23.890+0000][81][info ][safepoint   ] Safepoint "Cleanup", Time since last: 2908853006 ns, Reaching safepoint: 117901 ns, Cleanup: 301987 ns, At safepoint: 67773 ns, Total: 487661 ns
[2025-01-17T10:50:24.994+0000][81][info ][safepoint   ] Safepoint "Cleanup", Time since last: 1102711692 ns, Reaching safepoint: 40112 ns, Cleanup: 416714 ns, At safepoint: 65825 ns, Total: 522651 ns
[2025-01-17T10:50:29.610+0000][81][info ][safepoint   ] Safepoint "Cleanup", Time since last: 4615697672 ns, Reaching safepoint: 10604 ns, Cleanup: 314058 ns, At safepoint: 25952 ns, Total: 350614 ns
[2025-01-17T10:50:33.027+0000][81][info ][safepoint   ] Safepoint "Cleanup", Time since last: 3417100558 ns, Reaching safepoint: 82514 ns, Cleanup: 510897 ns, At safepoint: 15192 ns, Total: 608603 ns
[2025-01-17T10:50:39.065+0000][81][info ][safepoint   ] Safepoint "Cleanup", Time since last: 6036662834 ns, Reaching safepoint: 42902 ns, Cleanup: 496127 ns, At safepoint: 21599 ns, Total: 560628 ns
[2025-01-17T10:50:41.072+0000][81][info ][safepoint   ] Safepoint "Cleanup", Time since last: 2006446316 ns, Reaching safepoint: 36336 ns, Cleanup: 577051 ns, At safepoint: 41595 ns, Total: 654982 ns
[2025-01-17T10:50:42.084+0000][81][info ][safepoint   ] Safepoint "Cleanup", Time since last: 1011752987 ns, Reaching safepoint: 14556 ns, Cleanup: 515998 ns, At safepoint: 70519 ns, Total: 601073 ns
[2025-01-17T10:50:51.128+0000][81][info ][safepoint   ] Safepoint "Cleanup", Time since last: 9044900373 ns, Reaching safepoint: 67949 ns, Cleanup: 327551 ns, At safepoint: 13980 ns, Total: 409480 ns
[2025-01-17T10:50:52.129+0000][81][info ][safepoint   ] Safepoint "Cleanup", Time since last: 1000927118 ns, Reaching safepoint: 29377 ns, Cleanup: 291879 ns, At safepoint: 13270 ns, Total: 334526 ns
[2025-01-17T10:50:54.140+0000][81][info ][safepoint   ] Safepoint "Cleanup", Time since last: 2011282520 ns, Reaching safepoint: 15221 ns, Cleanup: 292819 ns, At safepoint: 21028 ns, Total: 329068 ns
[2025-01-17T10:50:59.633+0000][81][info ][safepoint   ] Safepoint "Cleanup", Time since last: 5491975100 ns, Reaching safepoint: 12718 ns, Cleanup: 376157 ns, At safepoint: 31597 ns, Total: 420472 ns
[2025-01-17T10:51:02.190+0000][81][info ][safepoint   ] Safepoint "Cleanup", Time since last: 2556136990 ns, Reaching safepoint: 89920 ns, Cleanup: 428892 ns, At safepoint: 15522 ns, Total: 534334 ns
[2025-01-17T10:51:05.647+0000][81][info ][safepoint   ] Safepoint "Cleanup", Time since last: 3456617209 ns, Reaching safepoint: 11891 ns, Cleanup: 284935 ns, At safepoint: 24684 ns, Total: 321510 ns
[2025-01-17T10:51:07.228+0000][81][info ][safepoint   ] Safepoint "Cleanup", Time since last: 1580942518 ns, Reaching safepoint: 29839 ns, Cleanup: 304055 ns, At safepoint: 8740 ns, Total: 342634 ns
[2025-01-17T10:51:11.651+0000][81][info ][safepoint   ] Safepoint "Cleanup", Time since last: 4422238201 ns, Reaching safepoint: 101558 ns, Cleanup: 435654 ns, At safepoint: 87408 ns, Total: 624620 ns
[2025-01-17T10:51:13.271+0000][81][info ][safepoint   ] Safepoint "Cleanup", Time since last: 1619490824 ns, Reaching safepoint: 28135 ns, Cleanup: 321386 ns, At safepoint: 40594 ns, Total: 390115 ns
[2025-01-17T10:51:14.272+0000][81][info ][safepoint   ] Safepoint "Cleanup", Time since last: 1000885005 ns, Reaching safepoint: 28939 ns, Cleanup: 334543 ns, At safepoint: 46409 ns, Total: 409891 ns
[2025-01-17T10:51:15.915+0000][81][info ][safepoint   ] Safepoint "Cleanup", Time since last: 1643054170 ns, Reaching safepoint: 7309 ns, Cleanup: 509224 ns, At safepoint: 4865 ns, Total: 521398 ns
[2025-01-17T10:51:16.726+0000][81][info ][gc,heap,exit] Heap
[2025-01-17T10:51:16.727+0000][81][info ][gc,heap,exit]  garbage-first heap   total 3473408K, used 612221K [0x000000072c000000, 0x0000000800000000)
[2025-01-17T10:51:16.727+0000][81][info ][gc,heap,exit]   region size 4096K, 110 young (450560K), 5 survivors (20480K)
[2025-01-17T10:51:16.728+0000][81][info ][gc,heap,exit]  Metaspace       used 145960K, committed 149824K, reserved 1179648K
[2025-01-17T10:51:16.728+0000][81][info ][gc,heap,exit]   class space    used 19162K, committed 20928K, reserved 1048576K
