[2025-01-17T12:22:30.994+0000][60][info][gc,init] CardTable entry size: 512
[2025-01-17T12:22:30.996+0000][60][info][gc     ] Using G1
[2025-01-17T12:22:31.005+0000][60][info][gc,init] Version: 20.0.2+9-78 (release)
[2025-01-17T12:22:31.006+0000][60][info][gc,init] CPUs: 24 total, 24 available
[2025-01-17T12:22:31.006+0000][60][info][gc,init] Memory: 6781M
[2025-01-17T12:22:31.007+0000][60][info][gc,init] Large Page Support: Disabled
[2025-01-17T12:22:31.008+0000][60][info][gc,init] NUMA Support: Disabled
[2025-01-17T12:22:31.008+0000][60][info][gc,init] Compressed Oops: Enabled (Zero based)
[2025-01-17T12:22:31.008+0000][60][info][gc,init] Heap Region Size: 2M
[2025-01-17T12:22:31.009+0000][60][info][gc,init] Heap Min Capacity: 3390M
[2025-01-17T12:22:31.010+0000][60][info][gc,init] Heap Initial Capacity: 3390M
[2025-01-17T12:22:31.014+0000][60][info][gc,init] Heap Max Capacity: 3390M
[2025-01-17T12:22:31.014+0000][60][info][gc,init] Pre-touch: Disabled
[2025-01-17T12:22:31.015+0000][60][info][gc,init] Parallel Workers: 18
[2025-01-17T12:22:31.015+0000][60][info][gc,init] Concurrent Workers: 5
[2025-01-17T12:22:31.016+0000][60][info][gc,init] Concurrent Refinement Workers: 18
[2025-01-17T12:22:31.016+0000][60][info][gc,init] Periodic GC: Disabled
[2025-01-17T12:22:31.022+0000][60][info][gc,metaspace] CDS archive(s) mapped at: [0x00007fcb2f000000-0x00007fcb2fc7b000-0x00007fcb2fc7b000), size 13086720, SharedBaseAddress: 0x00007fcb2f000000, ArchiveRelocationMode: 1.
[2025-01-17T12:22:31.023+0000][60][info][gc,metaspace] Compressed class space mapped at: 0x00007fcb30000000-0x00007fcb70000000, reserved size: 1073741824
[2025-01-17T12:22:31.023+0000][60][info][gc,metaspace] Narrow klass base: 0x00007fcb2f000000, Narrow klass shift: 0, Narrow klass range: 0x100000000
[2025-01-17T12:22:31.080+0000][60][info][gc,heap,exit] Heap
[2025-01-17T12:22:31.081+0000][60][info][gc,heap,exit]  garbage-first heap   total 3471360K, used 6128K [0x000000072c200000, 0x0000000800000000)
[2025-01-17T12:22:31.081+0000][60][info][gc,heap,exit]   region size 2048K, 2 young (4096K), 0 survivors (0K)
[2025-01-17T12:22:31.081+0000][60][info][gc,heap,exit]  Metaspace       used 220K, committed 448K, reserved 1114112K
[2025-01-17T12:22:31.082+0000][60][info][gc,heap,exit]   class space    used 6K, committed 128K, reserved 1048576K
