[2025-01-17T14:27:50.050+0000][77][info][gc,init] CardTable entry size: 512
[2025-01-17T14:27:50.051+0000][77][info][gc     ] Using G1
[2025-01-17T14:27:58.771+0000][77][info][gc,init] Version: 20.0.2+9-78 (release)
[2025-01-17T14:27:58.773+0000][77][info][gc,init] CPUs: 24 total, 24 available
[2025-01-17T14:27:58.775+0000][77][info][gc,init] Memory: 6781M
[2025-01-17T14:27:58.775+0000][77][info][gc,init] Large Page Support: Disabled
[2025-01-17T14:27:58.776+0000][77][info][gc,init] NUMA Support: Disabled
[2025-01-17T14:27:58.776+0000][77][info][gc,init] Compressed Oops: Enabled (Zero based)
[2025-01-17T14:27:58.777+0000][77][info][gc,init] Heap Region Size: 4M
[2025-01-17T14:27:58.777+0000][77][info][gc,init] Heap Min Capacity: 3392M
[2025-01-17T14:27:58.778+0000][77][info][gc,init] Heap Initial Capacity: 3392M
[2025-01-17T14:27:58.778+0000][77][info][gc,init] Heap Max Capacity: 3392M
[2025-01-17T14:27:58.778+0000][77][info][gc,init] Pre-touch: Enabled
[2025-01-17T14:27:58.779+0000][77][info][gc,init] Parallel Workers: 18
[2025-01-17T14:27:58.779+0000][77][info][gc,init] Concurrent Workers: 5
[2025-01-17T14:27:58.779+0000][77][info][gc,init] Concurrent Refinement Workers: 18
[2025-01-17T14:27:58.780+0000][77][info][gc,init] Periodic GC: Disabled
[2025-01-17T14:27:58.937+0000][77][info][gc,metaspace] CDS archive(s) mapped at: [0x00007fb73b000000-0x00007fb73bc7b000-0x00007fb73bc7b000), size 13086720, SharedBaseAddress: 0x00007fb73b000000, ArchiveRelocationMode: 1.
[2025-01-17T14:27:58.938+0000][77][info][gc,metaspace] Compressed class space mapped at: 0x00007fb73c000000-0x00007fb77c000000, reserved size: 1073741824
[2025-01-17T14:27:58.938+0000][77][info][gc,metaspace] Narrow klass base: 0x00007fb73b000000, Narrow klass shift: 0, Narrow klass range: 0x100000000
[2025-01-17T14:27:59.438+0000][77][info][safepoint   ] Safepoint "ICBufferFull", Time since last: 468820414 ns, Reaching safepoint: 26191 ns, Cleanup: 169703 ns, At safepoint: 59475 ns, Total: 255369 ns
[2025-01-17T14:27:59.915+0000][77][info][safepoint   ] Safepoint "ICBufferFull", Time since last: 476159791 ns, Reaching safepoint: 2594 ns, Cleanup: 178197 ns, At safepoint: 4622 ns, Total: 185413 ns
[2025-01-17T14:28:00.224+0000][77][info][safepoint   ] Safepoint "ICBufferFull", Time since last: 309002444 ns, Reaching safepoint: 3018 ns, Cleanup: 274347 ns, At safepoint: 8070 ns, Total: 285435 ns
[2025-01-17T14:28:01.288+0000][77][info][safepoint   ] Safepoint "Cleanup", Time since last: 1064001270 ns, Reaching safepoint: 22361 ns, Cleanup: 148708 ns, At safepoint: 57392 ns, Total: 228461 ns
[2025-01-17T14:28:01.685+0000][77][info][safepoint   ] Safepoint "ICBufferFull", Time since last: 396751816 ns, Reaching safepoint: 3054 ns, Cleanup: 142436 ns, At safepoint: 26146 ns, Total: 171636 ns
[2025-01-17T14:28:02.200+0000][77][info][safepoint   ] Safepoint "ICBufferFull", Time since last: 514337183 ns, Reaching safepoint: 3856 ns, Cleanup: 210061 ns, At safepoint: 23870 ns, Total: 237787 ns
[2025-01-17T14:28:02.516+0000][77][info][gc,start    ] GC(0) Pause Young (Normal) (G1 Evacuation Pause)
[2025-01-17T14:28:02.517+0000][77][info][gc,task     ] GC(0) Using 18 workers of 18 for evacuation
[2025-01-17T14:28:02.518+0000][77][debug][gc,age      ] GC(0) Desired survivor size 12582912 bytes, new threshold 15 (max threshold 15)
[2025-01-17T14:28:02.526+0000][77][info ][gc,phases   ] GC(0)   Pre Evacuate Collection Set: 0.8ms
[2025-01-17T14:28:02.526+0000][77][info ][gc,phases   ] GC(0)   Merge Heap Roots: 0.6ms
[2025-01-17T14:28:02.526+0000][77][info ][gc,phases   ] GC(0)   Evacuate Collection Set: 3.6ms
[2025-01-17T14:28:02.527+0000][77][info ][gc,phases   ] GC(0)   Post Evacuate Collection Set: 2.0ms
[2025-01-17T14:28:02.527+0000][77][info ][gc,phases   ] GC(0)   Other: 2.2ms
[2025-01-17T14:28:02.527+0000][77][trace][gc,age      ] GC(0) Age table with threshold 15 (max threshold 15)
[2025-01-17T14:28:02.528+0000][77][trace][gc,age      ] GC(0) - age   1:    9891760 bytes,    9891760 total
[2025-01-17T14:28:02.528+0000][77][info ][gc,heap     ] GC(0) Eden regions: 42->0(39)
[2025-01-17T14:28:02.529+0000][77][info ][gc,heap     ] GC(0) Survivor regions: 0->3(6)
[2025-01-17T14:28:02.529+0000][77][info ][gc,heap     ] GC(0) Old regions: 0->0
[2025-01-17T14:28:02.530+0000][77][info ][gc,heap     ] GC(0) Archive regions: 2->2
[2025-01-17T14:28:02.530+0000][77][info ][gc,heap     ] GC(0) Humongous regions: 0->0
[2025-01-17T14:28:02.531+0000][77][info ][gc,metaspace] GC(0) Metaspace: 19799K(20352K)->19799K(20352K) NonClass: 17683K(17984K)->17683K(17984K) Class: 2116K(2368K)->2116K(2368K)
[2025-01-17T14:28:02.531+0000][77][info ][gc          ] GC(0) Pause Young (Normal) (G1 Evacuation Pause) 171M->13M(3392M) 15.431ms
[2025-01-17T14:28:02.532+0000][77][info ][gc,cpu      ] GC(0) User=0.06s Sys=0.00s Real=0.01s
[2025-01-17T14:28:02.532+0000][77][info ][safepoint   ] Safepoint "G1CollectForAllocation", Time since last: 315625268 ns, Reaching safepoint: 3522 ns, Cleanup: 175045 ns, At safepoint: 16398828 ns, Total: 16577395 ns
[2025-01-17T14:28:02.874+0000][77][info ][gc,start    ] GC(1) Pause Young (Concurrent Start) (Metadata GC Threshold)
[2025-01-17T14:28:02.874+0000][77][info ][gc,task     ] GC(1) Using 18 workers of 18 for evacuation
[2025-01-17T14:28:02.874+0000][77][debug][gc,age      ] GC(1) Desired survivor size 12582912 bytes, new threshold 15 (max threshold 15)
[2025-01-17T14:28:02.881+0000][77][info ][gc,phases   ] GC(1)   Pre Evacuate Collection Set: 1.4ms
[2025-01-17T14:28:02.882+0000][77][info ][gc,phases   ] GC(1)   Merge Heap Roots: 0.2ms
[2025-01-17T14:28:02.882+0000][77][info ][gc,phases   ] GC(1)   Evacuate Collection Set: 2.8ms
[2025-01-17T14:28:02.882+0000][77][info ][gc,phases   ] GC(1)   Post Evacuate Collection Set: 1.8ms
[2025-01-17T14:28:02.883+0000][77][info ][gc,phases   ] GC(1)   Other: 0.8ms
[2025-01-17T14:28:02.883+0000][77][trace][gc,age      ] GC(1) Age table with threshold 15 (max threshold 15)
[2025-01-17T14:28:02.883+0000][77][trace][gc,age      ] GC(1) - age   1:    2221888 bytes,    2221888 total
[2025-01-17T14:28:02.884+0000][77][trace][gc,age      ] GC(1) - age   2:    9013456 bytes,   11235344 total
[2025-01-17T14:28:02.884+0000][77][info ][gc,heap     ] GC(1) Eden regions: 29->0(45)
[2025-01-17T14:28:02.885+0000][77][info ][gc,heap     ] GC(1) Survivor regions: 3->3(6)
[2025-01-17T14:28:02.885+0000][77][info ][gc,heap     ] GC(1) Old regions: 0->0
[2025-01-17T14:28:02.885+0000][77][info ][gc,heap     ] GC(1) Archive regions: 2->2
[2025-01-17T14:28:02.886+0000][77][info ][gc,heap     ] GC(1) Humongous regions: 0->0
[2025-01-17T14:28:02.886+0000][77][info ][gc,metaspace] GC(1) Metaspace: 20914K(21504K)->20914K(21504K) NonClass: 18699K(19008K)->18699K(19008K) Class: 2215K(2496K)->2215K(2496K)
[2025-01-17T14:28:02.887+0000][77][info ][gc          ] GC(1) Pause Young (Concurrent Start) (Metadata GC Threshold) 129M->15M(3392M) 13.457ms
[2025-01-17T14:28:02.887+0000][77][info ][gc,cpu      ] GC(1) User=0.03s Sys=0.00s Real=0.01s
[2025-01-17T14:28:02.887+0000][77][info ][gc          ] GC(2) Concurrent Mark Cycle
[2025-01-17T14:28:02.889+0000][77][info ][safepoint   ] Safepoint "CollectForMetadataAllocation", Time since last: 341276656 ns, Reaching safepoint: 3685 ns, Cleanup: 254101 ns, At safepoint: 15382727 ns, Total: 15640513 ns
[2025-01-17T14:28:02.889+0000][77][info ][gc,marking  ] GC(2) Concurrent Scan Root Regions
[2025-01-17T14:28:02.893+0000][77][info ][gc,marking  ] GC(2) Concurrent Scan Root Regions 3.893ms
[2025-01-17T14:28:02.894+0000][77][info ][gc,marking  ] GC(2) Concurrent Mark
[2025-01-17T14:28:02.894+0000][77][info ][gc,marking  ] GC(2) Concurrent Mark From Roots
[2025-01-17T14:28:02.895+0000][77][info ][gc,task     ] GC(2) Using 5 workers of 5 for marking
[2025-01-17T14:28:02.896+0000][77][info ][gc,marking  ] GC(2) Concurrent Mark From Roots 2.417ms
[2025-01-17T14:28:02.897+0000][77][info ][gc,marking  ] GC(2) Concurrent Preclean
[2025-01-17T14:28:02.897+0000][77][info ][gc,marking  ] GC(2) Concurrent Preclean 0.403ms
[2025-01-17T14:28:02.899+0000][77][info ][gc,start    ] GC(2) Pause Remark
[2025-01-17T14:28:02.902+0000][77][info ][gc          ] GC(2) Pause Remark 18M->18M(3392M) 2.766ms
[2025-01-17T14:28:02.902+0000][77][info ][gc,cpu      ] GC(2) User=0.02s Sys=0.00s Real=0.01s
[2025-01-17T14:28:02.902+0000][77][info ][safepoint   ] Safepoint "G1PauseRemark", Time since last: 8660855 ns, Reaching safepoint: 921749 ns, Cleanup: 278076 ns, At safepoint: 3666819 ns, Total: 4866644 ns
[2025-01-17T14:28:02.903+0000][77][info ][gc,marking  ] GC(2) Concurrent Mark 9.024ms
[2025-01-17T14:28:02.903+0000][77][info ][gc,marking  ] GC(2) Concurrent Rebuild Remembered Sets and Scrub Regions
[2025-01-17T14:28:02.904+0000][77][info ][gc,marking  ] GC(2) Concurrent Rebuild Remembered Sets and Scrub Regions 0.691ms
[2025-01-17T14:28:02.905+0000][77][info ][gc,start    ] GC(2) Pause Cleanup
[2025-01-17T14:28:02.905+0000][77][info ][gc          ] GC(2) Pause Cleanup 18M->18M(3392M) 0.309ms
[2025-01-17T14:28:02.905+0000][77][info ][gc,cpu      ] GC(2) User=0.00s Sys=0.00s Real=0.00s
[2025-01-17T14:28:02.906+0000][77][info ][safepoint   ] Safepoint "G1PauseCleanup", Time since last: 1839546 ns, Reaching safepoint: 2957 ns, Cleanup: 233848 ns, At safepoint: 1216152 ns, Total: 1452957 ns
[2025-01-17T14:28:02.906+0000][77][info ][gc,marking  ] GC(2) Concurrent Clear Claimed Marks
[2025-01-17T14:28:02.907+0000][77][info ][gc,marking  ] GC(2) Concurrent Clear Claimed Marks 0.330ms
[2025-01-17T14:28:02.907+0000][77][info ][gc,marking  ] GC(2) Concurrent Cleanup for Next Mark
[2025-01-17T14:28:02.909+0000][77][info ][gc,marking  ] GC(2) Concurrent Cleanup for Next Mark 2.281ms
[2025-01-17T14:28:02.910+0000][77][info ][gc          ] GC(2) Concurrent Mark Cycle 22.100ms
[2025-01-17T14:28:03.523+0000][77][info ][safepoint   ] Safepoint "ICBufferFull", Time since last: 617337656 ns, Reaching safepoint: 3684 ns, Cleanup: 259818 ns, At safepoint: 14310 ns, Total: 277812 ns
[2025-01-17T14:28:03.677+0000][77][info ][gc,start    ] GC(3) Pause Young (Normal) (G1 Evacuation Pause)
[2025-01-17T14:28:03.678+0000][77][info ][gc,task     ] GC(3) Using 18 workers of 18 for evacuation
[2025-01-17T14:28:03.678+0000][77][debug][gc,age      ] GC(3) Desired survivor size 12582912 bytes, new threshold 15 (max threshold 15)
[2025-01-17T14:28:03.686+0000][77][info ][gc,phases   ] GC(3)   Pre Evacuate Collection Set: 0.3ms
[2025-01-17T14:28:03.687+0000][77][info ][gc,phases   ] GC(3)   Merge Heap Roots: 0.2ms
[2025-01-17T14:28:03.687+0000][77][info ][gc,phases   ] GC(3)   Evacuate Collection Set: 4.6ms
[2025-01-17T14:28:03.688+0000][77][info ][gc,phases   ] GC(3)   Post Evacuate Collection Set: 2.0ms
[2025-01-17T14:28:03.688+0000][77][info ][gc,phases   ] GC(3)   Other: 1.1ms
[2025-01-17T14:28:03.689+0000][77][trace][gc,age      ] GC(3) Age table with threshold 15 (max threshold 15)
[2025-01-17T14:28:03.689+0000][77][trace][gc,age      ] GC(3) - age   1:    7409512 bytes,    7409512 total
[2025-01-17T14:28:03.690+0000][77][trace][gc,age      ] GC(3) - age   2:    2027216 bytes,    9436728 total
[2025-01-17T14:28:03.690+0000][77][trace][gc,age      ] GC(3) - age   3:    9007120 bytes,   18443848 total
[2025-01-17T14:28:03.691+0000][77][info ][gc,heap     ] GC(3) Eden regions: 45->0(114)
[2025-01-17T14:28:03.691+0000][77][info ][gc,heap     ] GC(3) Survivor regions: 3->5(6)
[2025-01-17T14:28:03.691+0000][77][info ][gc,heap     ] GC(3) Old regions: 0->0
[2025-01-17T14:28:03.692+0000][77][info ][gc,heap     ] GC(3) Archive regions: 2->2
[2025-01-17T14:28:03.692+0000][77][info ][gc,heap     ] GC(3) Humongous regions: 0->0
[2025-01-17T14:28:03.693+0000][77][info ][gc,metaspace] GC(3) Metaspace: 27998K(28672K)->27998K(28672K) NonClass: 24888K(25280K)->24888K(25280K) Class: 3110K(3392K)->3110K(3392K)
[2025-01-17T14:28:03.694+0000][77][info ][gc          ] GC(3) Pause Young (Normal) (G1 Evacuation Pause) 195M->22M(3392M) 17.268ms
[2025-01-17T14:28:03.695+0000][77][info ][gc,cpu      ] GC(3) User=0.07s Sys=0.00s Real=0.02s
[2025-01-17T14:28:03.695+0000][77][info ][safepoint   ] Safepoint "G1CollectForAllocation", Time since last: 153217956 ns, Reaching safepoint: 6520 ns, Cleanup: 284652 ns, At safepoint: 18180052 ns, Total: 18471224 ns
[2025-01-17T14:28:04.688+0000][77][info ][safepoint   ] Safepoint "ICBufferFull", Time since last: 995548604 ns, Reaching safepoint: 4006 ns, Cleanup: 305942 ns, At safepoint: 29159 ns, Total: 339107 ns
[2025-01-17T14:28:05.620+0000][77][info ][safepoint   ] Safepoint "ICBufferFull", Time since last: 931377167 ns, Reaching safepoint: 4013 ns, Cleanup: 321505 ns, At safepoint: 3090 ns, Total: 328608 ns
[2025-01-17T14:28:05.984+0000][77][info ][gc,start    ] GC(4) Pause Young (Normal) (G1 Evacuation Pause)
[2025-01-17T14:28:05.985+0000][77][info ][gc,task     ] GC(4) Using 18 workers of 18 for evacuation
[2025-01-17T14:28:05.985+0000][77][debug][gc,age      ] GC(4) Desired survivor size 31457280 bytes, new threshold 15 (max threshold 15)
[2025-01-17T14:28:05.995+0000][77][info ][gc,phases   ] GC(4)   Pre Evacuate Collection Set: 0.4ms
[2025-01-17T14:28:05.996+0000][77][info ][gc,phases   ] GC(4)   Merge Heap Roots: 0.3ms
[2025-01-17T14:28:05.996+0000][77][info ][gc,phases   ] GC(4)   Evacuate Collection Set: 5.3ms
[2025-01-17T14:28:05.997+0000][77][info ][gc,phases   ] GC(4)   Post Evacuate Collection Set: 3.5ms
[2025-01-17T14:28:05.997+0000][77][info ][gc,phases   ] GC(4)   Other: 0.8ms
[2025-01-17T14:28:05.998+0000][77][trace][gc,age      ] GC(4) Age table with threshold 15 (max threshold 15)
[2025-01-17T14:28:05.998+0000][77][trace][gc,age      ] GC(4) - age   1:    8048336 bytes,    8048336 total
[2025-01-17T14:28:05.999+0000][77][trace][gc,age      ] GC(4) - age   2:    5524704 bytes,   13573040 total
[2025-01-17T14:28:05.999+0000][77][trace][gc,age      ] GC(4) - age   3:    2025312 bytes,   15598352 total
[2025-01-17T14:28:06.000+0000][77][trace][gc,age      ] GC(4) - age   4:    9006864 bytes,   24605216 total
[2025-01-17T14:28:06.000+0000][77][info ][gc,heap     ] GC(4) Eden regions: 114->0(162)
[2025-01-17T14:28:06.001+0000][77][info ][gc,heap     ] GC(4) Survivor regions: 5->7(15)
[2025-01-17T14:28:06.001+0000][77][info ][gc,heap     ] GC(4) Old regions: 0->0
[2025-01-17T14:28:06.002+0000][77][info ][gc,heap     ] GC(4) Archive regions: 2->2
[2025-01-17T14:28:06.002+0000][77][info ][gc,heap     ] GC(4) Humongous regions: 0->0
[2025-01-17T14:28:06.003+0000][77][info ][gc,metaspace] GC(4) Metaspace: 34317K(35072K)->34317K(35072K) NonClass: 30502K(30976K)->30502K(30976K) Class: 3815K(4096K)->3815K(4096K)
[2025-01-17T14:28:06.004+0000][77][info ][gc          ] GC(4) Pause Young (Normal) (G1 Evacuation Pause) 478M->29M(3392M) 19.603ms
[2025-01-17T14:28:06.004+0000][77][info ][gc,cpu      ] GC(4) User=0.06s Sys=0.00s Real=0.02s
[2025-01-17T14:28:06.005+0000][77][info ][safepoint   ] Safepoint "G1CollectForAllocation", Time since last: 363642879 ns, Reaching safepoint: 5359 ns, Cleanup: 441369 ns, At safepoint: 20804392 ns, Total: 21251120 ns
[2025-01-17T14:28:06.314+0000][77][info ][gc,start    ] GC(5) Pause Young (Concurrent Start) (Metadata GC Threshold)
[2025-01-17T14:28:06.315+0000][77][info ][gc,task     ] GC(5) Using 18 workers of 18 for evacuation
[2025-01-17T14:28:06.315+0000][77][debug][gc,age      ] GC(5) Desired survivor size 46137344 bytes, new threshold 15 (max threshold 15)
[2025-01-17T14:28:06.324+0000][77][info ][gc,phases   ] GC(5)   Pre Evacuate Collection Set: 0.3ms
[2025-01-17T14:28:06.324+0000][77][info ][gc,phases   ] GC(5)   Merge Heap Roots: 0.2ms
[2025-01-17T14:28:06.325+0000][77][info ][gc,phases   ] GC(5)   Evacuate Collection Set: 5.6ms
[2025-01-17T14:28:06.325+0000][77][info ][gc,phases   ] GC(5)   Post Evacuate Collection Set: 2.2ms
[2025-01-17T14:28:06.326+0000][77][info ][gc,phases   ] GC(5)   Other: 0.7ms
[2025-01-17T14:28:06.326+0000][77][trace][gc,age      ] GC(5) Age table with threshold 15 (max threshold 15)
[2025-01-17T14:28:06.327+0000][77][trace][gc,age      ] GC(5) - age   1:    2965152 bytes,    2965152 total
[2025-01-17T14:28:06.327+0000][77][trace][gc,age      ] GC(5) - age   2:    7637888 bytes,   10603040 total
[2025-01-17T14:28:06.327+0000][77][trace][gc,age      ] GC(5) - age   3:    5523304 bytes,   16126344 total
[2025-01-17T14:28:06.328+0000][77][trace][gc,age      ] GC(5) - age   4:    2024928 bytes,   18151272 total
[2025-01-17T14:28:06.328+0000][77][trace][gc,age      ] GC(5) - age   5:    9001568 bytes,   27152840 total
[2025-01-17T14:28:06.328+0000][77][info ][gc,heap     ] GC(5) Eden regions: 33->0(252)
[2025-01-17T14:28:06.329+0000][77][info ][gc,heap     ] GC(5) Survivor regions: 7->8(22)
[2025-01-17T14:28:06.329+0000][77][info ][gc,heap     ] GC(5) Old regions: 0->0
[2025-01-17T14:28:06.329+0000][77][info ][gc,heap     ] GC(5) Archive regions: 2->2
[2025-01-17T14:28:06.329+0000][77][info ][gc,heap     ] GC(5) Humongous regions: 0->0
[2025-01-17T14:28:06.330+0000][77][info ][gc,metaspace] GC(5) Metaspace: 35341K(36160K)->35341K(36160K) NonClass: 31389K(31872K)->31389K(31872K) Class: 3951K(4288K)->3951K(4288K)
[2025-01-17T14:28:06.330+0000][77][info ][gc          ] GC(5) Pause Young (Concurrent Start) (Metadata GC Threshold) 159M->32M(3392M) 15.484ms
[2025-01-17T14:28:06.330+0000][77][info ][gc,cpu      ] GC(5) User=0.05s Sys=0.00s Real=0.02s
[2025-01-17T14:28:06.330+0000][77][info ][gc          ] GC(6) Concurrent Mark Cycle
[2025-01-17T14:28:06.330+0000][77][info ][gc,marking  ] GC(6) Concurrent Scan Root Regions
[2025-01-17T14:28:06.331+0000][77][info ][safepoint   ] Safepoint "CollectForMetadataAllocation", Time since last: 309271154 ns, Reaching safepoint: 3322 ns, Cleanup: 271047 ns, At safepoint: 16220890 ns, Total: 16495259 ns
[2025-01-17T14:28:06.333+0000][77][info ][gc,marking  ] GC(6) Concurrent Scan Root Regions 2.810ms
[2025-01-17T14:28:06.334+0000][77][info ][gc,marking  ] GC(6) Concurrent Mark
[2025-01-17T14:28:06.334+0000][77][info ][gc,marking  ] GC(6) Concurrent Mark From Roots
[2025-01-17T14:28:06.335+0000][77][info ][gc,task     ] GC(6) Using 5 workers of 5 for marking
[2025-01-17T14:28:06.336+0000][77][info ][gc,marking  ] GC(6) Concurrent Mark From Roots 1.724ms
[2025-01-17T14:28:06.336+0000][77][info ][gc,marking  ] GC(6) Concurrent Preclean
[2025-01-17T14:28:06.337+0000][77][info ][gc,marking  ] GC(6) Concurrent Preclean 0.517ms
[2025-01-17T14:28:06.338+0000][77][info ][gc,start    ] GC(6) Pause Remark
[2025-01-17T14:28:06.341+0000][77][info ][gc          ] GC(6) Pause Remark 35M->35M(3392M) 3.548ms
[2025-01-17T14:28:06.342+0000][77][info ][gc,cpu      ] GC(6) User=0.01s Sys=0.00s Real=0.01s
[2025-01-17T14:28:06.342+0000][77][info ][safepoint   ] Safepoint "G1PauseRemark", Time since last: 6800638 ns, Reaching safepoint: 3683 ns, Cleanup: 273681 ns, At safepoint: 4322071 ns, Total: 4599435 ns
[2025-01-17T14:28:06.342+0000][77][info ][gc,marking  ] GC(6) Concurrent Mark 8.735ms
[2025-01-17T14:28:06.343+0000][77][info ][gc,marking  ] GC(6) Concurrent Rebuild Remembered Sets and Scrub Regions
[2025-01-17T14:28:06.343+0000][77][info ][gc,marking  ] GC(6) Concurrent Rebuild Remembered Sets and Scrub Regions 0.669ms
[2025-01-17T14:28:06.344+0000][77][info ][gc,start    ] GC(6) Pause Cleanup
[2025-01-17T14:28:06.345+0000][77][info ][gc          ] GC(6) Pause Cleanup 35M->35M(3392M) 0.463ms
[2025-01-17T14:28:06.345+0000][77][info ][gc,cpu      ] GC(6) User=0.00s Sys=0.00s Real=0.00s
[2025-01-17T14:28:06.346+0000][77][info ][safepoint   ] Safepoint "G1PauseCleanup", Time since last: 2023033 ns, Reaching safepoint: 210001 ns, Cleanup: 251944 ns, At safepoint: 1358037 ns, Total: 1819982 ns
[2025-01-17T14:28:06.346+0000][77][info ][gc,marking  ] GC(6) Concurrent Clear Claimed Marks
[2025-01-17T14:28:06.347+0000][77][info ][gc,marking  ] GC(6) Concurrent Clear Claimed Marks 0.355ms
[2025-01-17T14:28:06.347+0000][77][info ][gc,marking  ] GC(6) Concurrent Cleanup for Next Mark
[2025-01-17T14:28:06.349+0000][77][info ][gc,marking  ] GC(6) Concurrent Cleanup for Next Mark 2.034ms
[2025-01-17T14:28:06.349+0000][77][info ][gc          ] GC(6) Concurrent Mark Cycle 19.223ms
[2025-01-17T14:28:07.347+0000][77][info ][safepoint   ] Safepoint "Cleanup", Time since last: 1000443071 ns, Reaching safepoint: 137450 ns, Cleanup: 349071 ns, At safepoint: 18413 ns, Total: 504934 ns
[2025-01-17T14:28:08.720+0000][77][info ][safepoint   ] Safepoint "ICBufferFull", Time since last: 1373267510 ns, Reaching safepoint: 4484 ns, Cleanup: 263465 ns, At safepoint: 26714 ns, Total: 294663 ns
[2025-01-17T14:28:09.721+0000][77][info ][safepoint   ] Safepoint "Cleanup", Time since last: 1000443428 ns, Reaching safepoint: 85053 ns, Cleanup: 269023 ns, At safepoint: 15115 ns, Total: 369191 ns
[2025-01-17T14:28:10.212+0000][77][info ][safepoint   ] Safepoint "ICBufferFull", Time since last: 491106333 ns, Reaching safepoint: 3396 ns, Cleanup: 240619 ns, At safepoint: 17927 ns, Total: 261942 ns
[2025-01-17T14:28:10.740+0000][77][info ][gc,start    ] GC(7) Pause Young (Concurrent Start) (Metadata GC Threshold)
[2025-01-17T14:28:10.740+0000][77][info ][gc,task     ] GC(7) Using 18 workers of 18 for evacuation
[2025-01-17T14:28:10.741+0000][77][debug][gc,age      ] GC(7) Desired survivor size 69206016 bytes, new threshold 15 (max threshold 15)
[2025-01-17T14:28:10.757+0000][77][info ][gc,phases   ] GC(7)   Pre Evacuate Collection Set: 0.3ms
[2025-01-17T14:28:10.757+0000][77][info ][gc,phases   ] GC(7)   Merge Heap Roots: 0.2ms
[2025-01-17T14:28:10.758+0000][77][info ][gc,phases   ] GC(7)   Evacuate Collection Set: 10.8ms
[2025-01-17T14:28:10.758+0000][77][info ][gc,phases   ] GC(7)   Post Evacuate Collection Set: 4.1ms
[2025-01-17T14:28:10.759+0000][77][info ][gc,phases   ] GC(7)   Other: 1.1ms
[2025-01-17T14:28:10.760+0000][77][trace][gc,age      ] GC(7) Age table with threshold 15 (max threshold 15)
[2025-01-17T14:28:10.760+0000][77][trace][gc,age      ] GC(7) - age   1:   29359928 bytes,   29359928 total
[2025-01-17T14:28:10.761+0000][77][trace][gc,age      ] GC(7) - age   2:    2932384 bytes,   32292312 total
[2025-01-17T14:28:10.762+0000][77][trace][gc,age      ] GC(7) - age   3:    7592816 bytes,   39885128 total
[2025-01-17T14:28:10.762+0000][77][trace][gc,age      ] GC(7) - age   4:    5484696 bytes,   45369824 total
[2025-01-17T14:28:10.763+0000][77][trace][gc,age      ] GC(7) - age   5:    2015200 bytes,   47385024 total
[2025-01-17T14:28:10.763+0000][77][trace][gc,age      ] GC(7) - age   6:    8775000 bytes,   56160024 total
[2025-01-17T14:28:10.764+0000][77][info ][gc,heap     ] GC(7) Eden regions: 225->0(324)
[2025-01-17T14:28:10.764+0000][77][info ][gc,heap     ] GC(7) Survivor regions: 8->15(33)
[2025-01-17T14:28:10.765+0000][77][info ][gc,heap     ] GC(7) Old regions: 0->0
[2025-01-17T14:28:10.765+0000][77][info ][gc,heap     ] GC(7) Archive regions: 2->2
[2025-01-17T14:28:10.766+0000][77][info ][gc,heap     ] GC(7) Humongous regions: 0->0
[2025-01-17T14:28:10.766+0000][77][info ][gc,metaspace] GC(7) Metaspace: 59043K(60416K)->59043K(60416K) NonClass: 51879K(52672K)->51879K(52672K) Class: 7163K(7744K)->7163K(7744K)
[2025-01-17T14:28:10.767+0000][77][info ][gc          ] GC(7) Pause Young (Concurrent Start) (Metadata GC Threshold) 932M->61M(3392M) 27.444ms
[2025-01-17T14:28:10.768+0000][77][info ][gc,cpu      ] GC(7) User=0.13s Sys=0.00s Real=0.02s
[2025-01-17T14:28:10.768+0000][77][info ][gc          ] GC(8) Concurrent Mark Cycle
[2025-01-17T14:28:10.769+0000][77][info ][gc,marking  ] GC(8) Concurrent Scan Root Regions
[2025-01-17T14:28:10.769+0000][77][info ][safepoint   ] Safepoint "CollectForMetadataAllocation", Time since last: 526948753 ns, Reaching safepoint: 3219 ns, Cleanup: 270619 ns, At safepoint: 29428030 ns, Total: 29701868 ns
[2025-01-17T14:28:10.776+0000][77][info ][gc,marking  ] GC(8) Concurrent Scan Root Regions 6.848ms
[2025-01-17T14:28:10.777+0000][77][info ][gc,marking  ] GC(8) Concurrent Mark
[2025-01-17T14:28:10.777+0000][77][info ][gc,marking  ] GC(8) Concurrent Mark From Roots
[2025-01-17T14:28:10.778+0000][77][info ][gc,task     ] GC(8) Using 5 workers of 5 for marking
[2025-01-17T14:28:10.780+0000][77][info ][gc,marking  ] GC(8) Concurrent Mark From Roots 2.626ms
[2025-01-17T14:28:10.781+0000][77][info ][gc,marking  ] GC(8) Concurrent Preclean
[2025-01-17T14:28:10.782+0000][77][info ][gc,marking  ] GC(8) Concurrent Preclean 0.872ms
[2025-01-17T14:28:10.783+0000][77][info ][gc,start    ] GC(8) Pause Remark
[2025-01-17T14:28:10.787+0000][77][info ][gc          ] GC(8) Pause Remark 64M->64M(3392M) 3.810ms
[2025-01-17T14:28:10.788+0000][77][info ][gc,cpu      ] GC(8) User=0.02s Sys=0.00s Real=0.00s
[2025-01-17T14:28:10.788+0000][77][info ][safepoint   ] Safepoint "G1PauseRemark", Time since last: 13575349 ns, Reaching safepoint: 94879 ns, Cleanup: 345121 ns, At safepoint: 5038108 ns, Total: 5478108 ns
[2025-01-17T14:28:10.789+0000][77][info ][gc,marking  ] GC(8) Concurrent Mark 12.302ms
[2025-01-17T14:28:10.789+0000][77][info ][gc,marking  ] GC(8) Concurrent Rebuild Remembered Sets and Scrub Regions
[2025-01-17T14:28:10.790+0000][77][info ][gc,marking  ] GC(8) Concurrent Rebuild Remembered Sets and Scrub Regions 0.770ms
[2025-01-17T14:28:10.791+0000][77][info ][gc,start    ] GC(8) Pause Cleanup
[2025-01-17T14:28:10.792+0000][77][info ][gc          ] GC(8) Pause Cleanup 64M->64M(3392M) 0.487ms
[2025-01-17T14:28:10.792+0000][77][info ][gc,cpu      ] GC(8) User=0.00s Sys=0.00s Real=0.00s
[2025-01-17T14:28:10.793+0000][77][info ][safepoint   ] Safepoint "G1PauseCleanup", Time since last: 2589757 ns, Reaching safepoint: 79537 ns, Cleanup: 227139 ns, At safepoint: 1450056 ns, Total: 1756732 ns
[2025-01-17T14:28:10.793+0000][77][info ][gc,marking  ] GC(8) Concurrent Clear Claimed Marks
[2025-01-17T14:28:10.794+0000][77][info ][gc,marking  ] GC(8) Concurrent Clear Claimed Marks 0.639ms
[2025-01-17T14:28:10.794+0000][77][info ][gc,marking  ] GC(8) Concurrent Cleanup for Next Mark
[2025-01-17T14:28:10.796+0000][77][info ][gc,marking  ] GC(8) Concurrent Cleanup for Next Mark 2.029ms
[2025-01-17T14:28:10.797+0000][77][info ][gc          ] GC(8) Concurrent Mark Cycle 28.790ms
[2025-01-17T14:28:11.794+0000][77][info ][safepoint   ] Safepoint "Cleanup", Time since last: 1000582608 ns, Reaching safepoint: 98883 ns, Cleanup: 274268 ns, At safepoint: 6153 ns, Total: 379304 ns
[2025-01-17T14:28:12.817+0000][77][info ][safepoint   ] Safepoint "Cleanup", Time since last: 1022671044 ns, Reaching safepoint: 2892 ns, Cleanup: 328288 ns, At safepoint: 79340 ns, Total: 410520 ns
[2025-01-17T14:28:13.932+0000][77][info ][safepoint   ] Safepoint "Cleanup", Time since last: 1114953957 ns, Reaching safepoint: 104511 ns, Cleanup: 267451 ns, At safepoint: 26535 ns, Total: 398497 ns
[2025-01-17T14:28:14.814+0000][77][info ][gc,start    ] GC(9) Pause Young (Concurrent Start) (Metadata GC Threshold)
[2025-01-17T14:28:14.815+0000][77][info ][gc,task     ] GC(9) Using 18 workers of 18 for evacuation
[2025-01-17T14:28:14.815+0000][77][debug][gc,age      ] GC(9) Desired survivor size 90177536 bytes, new threshold 15 (max threshold 15)
[2025-01-17T14:28:14.834+0000][77][info ][gc,phases   ] GC(9)   Pre Evacuate Collection Set: 0.4ms
[2025-01-17T14:28:14.835+0000][77][info ][gc,phases   ] GC(9)   Merge Heap Roots: 0.4ms
[2025-01-17T14:28:14.835+0000][77][info ][gc,phases   ] GC(9)   Evacuate Collection Set: 13.7ms
[2025-01-17T14:28:14.836+0000][77][info ][gc,phases   ] GC(9)   Post Evacuate Collection Set: 3.4ms
[2025-01-17T14:28:14.836+0000][77][info ][gc,phases   ] GC(9)   Other: 1.3ms
[2025-01-17T14:28:14.836+0000][77][trace][gc,age      ] GC(9) Age table with threshold 15 (max threshold 15)
[2025-01-17T14:28:14.837+0000][77][trace][gc,age      ] GC(9) - age   1:   16723448 bytes,   16723448 total
[2025-01-17T14:28:14.837+0000][77][trace][gc,age      ] GC(9) - age   2:   28849696 bytes,   45573144 total
[2025-01-17T14:28:14.837+0000][77][trace][gc,age      ] GC(9) - age   3:    2926936 bytes,   48500080 total
[2025-01-17T14:28:14.837+0000][77][trace][gc,age      ] GC(9) - age   4:    7566160 bytes,   56066240 total
[2025-01-17T14:28:14.838+0000][77][trace][gc,age      ] GC(9) - age   5:    5469160 bytes,   61535400 total
[2025-01-17T14:28:14.838+0000][77][trace][gc,age      ] GC(9) - age   6:    2012072 bytes,   63547472 total
[2025-01-17T14:28:14.839+0000][77][trace][gc,age      ] GC(9) - age   7:    8749456 bytes,   72296928 total
[2025-01-17T14:28:14.839+0000][77][info ][gc,heap     ] GC(9) Eden regions: 126->0(190)
[2025-01-17T14:28:14.839+0000][77][info ][gc,heap     ] GC(9) Survivor regions: 15->19(43)
[2025-01-17T14:28:14.840+0000][77][info ][gc,heap     ] GC(9) Old regions: 0->0
[2025-01-17T14:28:14.840+0000][77][info ][gc,heap     ] GC(9) Archive regions: 2->2
[2025-01-17T14:28:14.841+0000][77][info ][gc,heap     ] GC(9) Humongous regions: 0->0
[2025-01-17T14:28:14.841+0000][77][info ][gc,metaspace] GC(9) Metaspace: 99027K(101120K)->99027K(101120K) NonClass: 86239K(87424K)->86239K(87424K) Class: 12787K(13696K)->12787K(13696K)
[2025-01-17T14:28:14.841+0000][77][info ][gc          ] GC(9) Pause Young (Concurrent Start) (Metadata GC Threshold) 565M->79M(3392M) 27.148ms
[2025-01-17T14:28:14.842+0000][77][info ][gc,cpu      ] GC(9) User=0.20s Sys=0.00s Real=0.03s
[2025-01-17T14:28:14.842+0000][77][info ][gc          ] GC(10) Concurrent Mark Cycle
[2025-01-17T14:28:14.842+0000][77][info ][safepoint   ] Safepoint "CollectForMetadataAllocation", Time since last: 882030621 ns, Reaching safepoint: 4603 ns, Cleanup: 244711 ns, At safepoint: 28054803 ns, Total: 28304117 ns
[2025-01-17T14:28:14.842+0000][77][info ][gc,marking  ] GC(10) Concurrent Scan Root Regions
[2025-01-17T14:28:14.853+0000][77][info ][gc,marking  ] GC(10) Concurrent Scan Root Regions 10.502ms
[2025-01-17T14:28:14.854+0000][77][info ][gc,marking  ] GC(10) Concurrent Mark
[2025-01-17T14:28:14.854+0000][77][info ][gc,marking  ] GC(10) Concurrent Mark From Roots
[2025-01-17T14:28:14.855+0000][77][info ][gc,task     ] GC(10) Using 5 workers of 5 for marking
[2025-01-17T14:28:14.857+0000][77][info ][gc,marking  ] GC(10) Concurrent Mark From Roots 2.303ms
[2025-01-17T14:28:14.857+0000][77][info ][gc,marking  ] GC(10) Concurrent Preclean
[2025-01-17T14:28:14.858+0000][77][info ][gc,marking  ] GC(10) Concurrent Preclean 0.699ms
[2025-01-17T14:28:14.859+0000][77][info ][gc,start    ] GC(10) Pause Remark
[2025-01-17T14:28:14.864+0000][77][info ][gc          ] GC(10) Pause Remark 85M->85M(3392M) 4.510ms
[2025-01-17T14:28:14.865+0000][77][info ][gc,cpu      ] GC(10) User=0.03s Sys=0.00s Real=0.00s
[2025-01-17T14:28:14.865+0000][77][info ][safepoint   ] Safepoint "G1PauseRemark", Time since last: 16640788 ns, Reaching safepoint: 235983 ns, Cleanup: 302485 ns, At safepoint: 5494057 ns, Total: 6032525 ns
[2025-01-17T14:28:14.865+0000][77][info ][gc,marking  ] GC(10) Concurrent Mark 11.516ms
[2025-01-17T14:28:14.866+0000][77][info ][gc,marking  ] GC(10) Concurrent Rebuild Remembered Sets and Scrub Regions
[2025-01-17T14:28:14.866+0000][77][info ][gc,marking  ] GC(10) Concurrent Rebuild Remembered Sets and Scrub Regions 0.633ms
[2025-01-17T14:28:14.867+0000][77][info ][gc,start    ] GC(10) Pause Cleanup
[2025-01-17T14:28:14.867+0000][77][info ][gc          ] GC(10) Pause Cleanup 85M->85M(3392M) 0.300ms
[2025-01-17T14:28:14.868+0000][77][info ][gc,cpu      ] GC(10) User=0.00s Sys=0.00s Real=0.00s
[2025-01-17T14:28:14.868+0000][77][info ][safepoint   ] Safepoint "G1PauseCleanup", Time since last: 1810123 ns, Reaching safepoint: 85659 ns, Cleanup: 224178 ns, At safepoint: 860291 ns, Total: 1170128 ns
[2025-01-17T14:28:14.868+0000][77][info ][gc,marking  ] GC(10) Concurrent Clear Claimed Marks
[2025-01-17T14:28:14.869+0000][77][info ][gc,marking  ] GC(10) Concurrent Clear Claimed Marks 0.340ms
[2025-01-17T14:28:14.869+0000][77][info ][gc,marking  ] GC(10) Concurrent Cleanup for Next Mark
[2025-01-17T14:28:14.871+0000][77][info ][gc,marking  ] GC(10) Concurrent Cleanup for Next Mark 1.933ms
[2025-01-17T14:28:14.872+0000][77][info ][gc          ] GC(10) Concurrent Mark Cycle 29.830ms
[2025-01-17T14:28:16.007+0000][77][info ][safepoint   ] Safepoint "ICBufferFull", Time since last: 1138198595 ns, Reaching safepoint: 6393 ns, Cleanup: 338448 ns, At safepoint: 36337 ns, Total: 381178 ns
[2025-01-17T14:28:16.296+0000][77][info ][safepoint   ] Safepoint "ICBufferFull", Time since last: 289177903 ns, Reaching safepoint: 103401 ns, Cleanup: 299737 ns, At safepoint: 65780 ns, Total: 468918 ns
[2025-01-17T14:28:17.133+0000][77][info ][safepoint   ] Safepoint "ICBufferFull", Time since last: 836103128 ns, Reaching safepoint: 6625 ns, Cleanup: 260397 ns, At safepoint: 15582 ns, Total: 282604 ns
[2025-01-17T14:28:17.283+0000][77][info ][safepoint   ] Safepoint "ICBufferFull", Time since last: 149861916 ns, Reaching safepoint: 8710 ns, Cleanup: 289104 ns, At safepoint: 19561 ns, Total: 317375 ns
[2025-01-17T14:28:17.520+0000][77][info ][safepoint   ] Safepoint "ICBufferFull", Time since last: 237408926 ns, Reaching safepoint: 6926 ns, Cleanup: 257947 ns, At safepoint: 5349 ns, Total: 270222 ns
[2025-01-17T14:28:17.961+0000][77][info ][safepoint   ] Safepoint "ICBufferFull", Time since last: 439962185 ns, Reaching safepoint: 134477 ns, Cleanup: 665318 ns, At safepoint: 63861 ns, Total: 863656 ns
[2025-01-17T14:28:18.333+0000][77][info ][safepoint   ] Safepoint "ICBufferFull", Time since last: 371068857 ns, Reaching safepoint: 22443 ns, Cleanup: 298274 ns, At safepoint: 17311 ns, Total: 338028 ns
[2025-01-17T14:28:19.014+0000][77][info ][safepoint   ] Safepoint "ICBufferFull", Time since last: 681456216 ns, Reaching safepoint: 6543 ns, Cleanup: 245868 ns, At safepoint: 30591 ns, Total: 283002 ns
[2025-01-17T14:28:20.015+0000][77][info ][safepoint   ] Safepoint "Cleanup", Time since last: 1000467286 ns, Reaching safepoint: 26212 ns, Cleanup: 263817 ns, At safepoint: 4284 ns, Total: 294313 ns
[2025-01-17T14:28:21.833+0000][77][info ][safepoint   ] Safepoint "Cleanup", Time since last: 1817610715 ns, Reaching safepoint: 3497 ns, Cleanup: 259519 ns, At safepoint: 13870 ns, Total: 276886 ns
[2025-01-17T14:28:22.834+0000][77][info ][safepoint   ] Safepoint "Cleanup", Time since last: 1000407161 ns, Reaching safepoint: 9806 ns, Cleanup: 293277 ns, At safepoint: 4264 ns, Total: 307347 ns
[2025-01-17T14:28:24.161+0000][77][info ][safepoint   ] Safepoint "Cleanup", Time since last: 1326915528 ns, Reaching safepoint: 3640 ns, Cleanup: 299424 ns, At safepoint: 23811 ns, Total: 326875 ns
[2025-01-17T14:28:24.528+0000][77][info ][safepoint   ] Safepoint "ICBufferFull", Time since last: 366342526 ns, Reaching safepoint: 10043 ns, Cleanup: 275905 ns, At safepoint: 47126 ns, Total: 333074 ns
[2025-01-17T14:28:25.067+0000][77][info ][safepoint   ] Safepoint "ICBufferFull", Time since last: 538661529 ns, Reaching safepoint: 9150 ns, Cleanup: 282971 ns, At safepoint: 54506 ns, Total: 346627 ns
[2025-01-17T14:28:26.507+0000][77][info ][safepoint   ] Safepoint "Cleanup", Time since last: 1440378410 ns, Reaching safepoint: 10474 ns, Cleanup: 266448 ns, At safepoint: 16378 ns, Total: 293300 ns
[2025-01-17T14:28:27.756+0000][77][info ][safepoint   ] Safepoint "Cleanup", Time since last: 1248648544 ns, Reaching safepoint: 16942 ns, Cleanup: 251582 ns, At safepoint: 5409 ns, Total: 273933 ns
[2025-01-17T14:28:28.758+0000][77][info ][safepoint   ] Safepoint "Cleanup", Time since last: 1000722615 ns, Reaching safepoint: 495934 ns, Cleanup: 272001 ns, At safepoint: 21923 ns, Total: 789858 ns
[2025-01-17T14:28:28.958+0000][77][info ][safepoint   ] Safepoint "ICBufferFull", Time since last: 196342465 ns, Reaching safepoint: 3328389 ns, Cleanup: 223361 ns, At safepoint: 103464 ns, Total: 3655214 ns
[2025-01-17T14:28:28.959+0000][77][info ][safepoint   ] Safepoint "ICBufferFull", Time since last: 759503 ns, Reaching safepoint: 21755 ns, Cleanup: 257487 ns, At safepoint: 141396 ns, Total: 420638 ns
[2025-01-17T14:28:28.960+0000][77][info ][safepoint   ] Safepoint "ICBufferFull", Time since last: 691325 ns, Reaching safepoint: 121789 ns, Cleanup: 228746 ns, At safepoint: 116247 ns, Total: 466782 ns
[2025-01-17T14:28:28.961+0000][77][info ][safepoint   ] Safepoint "ICBufferFull", Time since last: 530126 ns, Reaching safepoint: 489966 ns, Cleanup: 230528 ns, At safepoint: 111768 ns, Total: 832262 ns
[2025-01-17T14:28:28.963+0000][77][info ][safepoint   ] Safepoint "ICBufferFull", Time since last: 716682 ns, Reaching safepoint: 253793 ns, Cleanup: 225605 ns, At safepoint: 127745 ns, Total: 607143 ns
[2025-01-17T14:28:28.964+0000][77][info ][safepoint   ] Safepoint "ICBufferFull", Time since last: 633507 ns, Reaching safepoint: 414497 ns, Cleanup: 232876 ns, At safepoint: 141065 ns, Total: 788438 ns
[2025-01-17T14:28:28.966+0000][77][info ][safepoint   ] Safepoint "ICBufferFull", Time since last: 983398 ns, Reaching safepoint: 191968 ns, Cleanup: 216908 ns, At safepoint: 123012 ns, Total: 531888 ns
[2025-01-17T14:28:29.136+0000][77][info ][safepoint   ] Safepoint "ICBufferFull", Time since last: 169655598 ns, Reaching safepoint: 30095 ns, Cleanup: 673873 ns, At safepoint: 58055 ns, Total: 762023 ns
[2025-01-17T14:28:29.138+0000][77][info ][safepoint   ] Safepoint "ICBufferFull", Time since last: 631348 ns, Reaching safepoint: 23116 ns, Cleanup: 650901 ns, At safepoint: 84469 ns, Total: 758486 ns
[2025-01-17T14:28:29.437+0000][77][info ][safepoint   ] Safepoint "ICBufferFull", Time since last: 298992242 ns, Reaching safepoint: 154427 ns, Cleanup: 372417 ns, At safepoint: 51510 ns, Total: 578354 ns
[2025-01-17T14:28:30.046+0000][77][info ][safepoint   ] Safepoint "ICBufferFull", Time since last: 608576709 ns, Reaching safepoint: 14352 ns, Cleanup: 252429 ns, At safepoint: 17635 ns, Total: 284416 ns
[2025-01-17T14:28:30.508+0000][77][info ][safepoint   ] Safepoint "ICBufferFull", Time since last: 461186429 ns, Reaching safepoint: 244376 ns, Cleanup: 610464 ns, At safepoint: 213276 ns, Total: 1068116 ns
[2025-01-17T14:28:30.739+0000][77][info ][safepoint   ] Safepoint "ICBufferFull", Time since last: 230367347 ns, Reaching safepoint: 16185 ns, Cleanup: 342931 ns, At safepoint: 48220 ns, Total: 407336 ns
[2025-01-17T14:28:30.773+0000][77][info ][gc,start    ] GC(11) Pause Young (Normal) (G1 Evacuation Pause)
[2025-01-17T14:28:30.774+0000][77][info ][gc,task     ] GC(11) Using 18 workers of 18 for evacuation
[2025-01-17T14:28:30.774+0000][77][debug][gc,age      ] GC(11) Desired survivor size 56623104 bytes, new threshold 5 (max threshold 15)
[2025-01-17T14:28:30.817+0000][77][info ][gc,phases   ] GC(11)   Pre Evacuate Collection Set: 0.3ms
[2025-01-17T14:28:30.817+0000][77][info ][gc,phases   ] GC(11)   Merge Heap Roots: 0.3ms
[2025-01-17T14:28:30.817+0000][77][info ][gc,phases   ] GC(11)   Evacuate Collection Set: 36.0ms
[2025-01-17T14:28:30.818+0000][77][info ][gc,phases   ] GC(11)   Post Evacuate Collection Set: 5.7ms
[2025-01-17T14:28:30.818+0000][77][info ][gc,phases   ] GC(11)   Other: 0.5ms
[2025-01-17T14:28:30.818+0000][77][trace][gc,age      ] GC(11) Age table with threshold 5 (max threshold 15)
[2025-01-17T14:28:30.818+0000][77][trace][gc,age      ] GC(11) - age   1:   52028168 bytes,   52028168 total
[2025-01-17T14:28:30.819+0000][77][trace][gc,age      ] GC(11) - age   2:   15124720 bytes,   67152888 total
[2025-01-17T14:28:30.819+0000][77][trace][gc,age      ] GC(11) - age   3:   28247496 bytes,   95400384 total
[2025-01-17T14:28:30.819+0000][77][trace][gc,age      ] GC(11) - age   4:    2893472 bytes,   98293856 total
[2025-01-17T14:28:30.819+0000][77][trace][gc,age      ] GC(11) - age   5:    7454720 bytes,  105748576 total
[2025-01-17T14:28:30.820+0000][77][info ][gc,heap     ] GC(11) Eden regions: 190->0(133)
[2025-01-17T14:28:30.820+0000][77][info ][gc,heap     ] GC(11) Survivor regions: 19->27(27)
[2025-01-17T14:28:30.820+0000][77][info ][gc,heap     ] GC(11) Old regions: 0->5
[2025-01-17T14:28:30.820+0000][77][info ][gc,heap     ] GC(11) Archive regions: 2->2
[2025-01-17T14:28:30.821+0000][77][info ][gc,heap     ] GC(11) Humongous regions: 4->4
[2025-01-17T14:28:30.821+0000][77][info ][gc,metaspace] GC(11) Metaspace: 129781K(133184K)->129781K(133184K) NonClass: 112238K(114048K)->112238K(114048K) Class: 17543K(19136K)->17543K(19136K)
[2025-01-17T14:28:30.821+0000][77][info ][gc          ] GC(11) Pause Young (Normal) (G1 Evacuation Pause) 855M->146M(3392M) 47.577ms
[2025-01-17T14:28:30.821+0000][77][info ][gc,cpu      ] GC(11) User=0.56s Sys=0.00s Real=0.05s
[2025-01-17T14:28:30.821+0000][77][info ][safepoint   ] Safepoint "G1CollectForAllocation", Time since last: 33777118 ns, Reaching safepoint: 64165 ns, Cleanup: 529123 ns, At safepoint: 48078571 ns, Total: 48671859 ns
[2025-01-17T14:28:31.435+0000][77][info ][safepoint   ] Safepoint "ICBufferFull", Time since last: 613083752 ns, Reaching safepoint: 15383 ns, Cleanup: 276343 ns, At safepoint: 38617 ns, Total: 330343 ns
[2025-01-17T14:28:32.226+0000][77][info ][safepoint   ] Safepoint "ICBufferFull", Time since last: 790966120 ns, Reaching safepoint: 29362 ns, Cleanup: 465907 ns, At safepoint: 18054 ns, Total: 513323 ns
[2025-01-17T14:28:32.484+0000][77][info ][safepoint   ] Safepoint "ICBufferFull", Time since last: 256683030 ns, Reaching safepoint: 39723 ns, Cleanup: 653828 ns, At safepoint: 149965 ns, Total: 843516 ns
[2025-01-17T14:28:32.902+0000][77][info ][safepoint   ] Safepoint "ICBufferFull", Time since last: 417401888 ns, Reaching safepoint: 34221 ns, Cleanup: 487796 ns, At safepoint: 56213 ns, Total: 578230 ns
[2025-01-17T14:28:33.615+0000][77][info ][safepoint   ] Safepoint "ICBufferFull", Time since last: 713320278 ns, Reaching safepoint: 15820 ns, Cleanup: 254083 ns, At safepoint: 28115 ns, Total: 298018 ns
[2025-01-17T14:28:34.783+0000][77][info ][safepoint   ] Safepoint "ICBufferFull", Time since last: 1168439385 ns, Reaching safepoint: 39643 ns, Cleanup: 335524 ns, At safepoint: 66759 ns, Total: 441926 ns
[2025-01-17T14:28:35.090+0000][77][info ][safepoint   ] Safepoint "ICBufferFull", Time since last: 306561885 ns, Reaching safepoint: 15796 ns, Cleanup: 308827 ns, At safepoint: 66589 ns, Total: 391212 ns
[2025-01-17T14:28:35.246+0000][77][info ][safepoint   ] Safepoint "ICBufferFull", Time since last: 155756725 ns, Reaching safepoint: 20885 ns, Cleanup: 302377 ns, At safepoint: 50897 ns, Total: 374159 ns
[2025-01-17T14:28:35.612+0000][77][info ][safepoint   ] Safepoint "ICBufferFull", Time since last: 365466851 ns, Reaching safepoint: 39411 ns, Cleanup: 662889 ns, At safepoint: 54010 ns, Total: 756310 ns
[2025-01-17T14:28:36.147+0000][77][info ][safepoint   ] Safepoint "ICBufferFull", Time since last: 534262516 ns, Reaching safepoint: 280845 ns, Cleanup: 618180 ns, At safepoint: 56736 ns, Total: 955761 ns
[2025-01-17T14:28:36.622+0000][77][info ][safepoint   ] Safepoint "ICBufferFull", Time since last: 473261352 ns, Reaching safepoint: 937396 ns, Cleanup: 248197 ns, At safepoint: 64994 ns, Total: 1250587 ns
[2025-01-17T14:28:36.978+0000][77][info ][safepoint   ] Safepoint "ICBufferFull", Time since last: 355052252 ns, Reaching safepoint: 366154 ns, Cleanup: 682699 ns, At safepoint: 198362 ns, Total: 1247215 ns
[2025-01-17T14:28:37.497+0000][77][info ][safepoint   ] Safepoint "ICBufferFull", Time since last: 518590197 ns, Reaching safepoint: 73803 ns, Cleanup: 634977 ns, At safepoint: 81816 ns, Total: 790596 ns
[2025-01-17T14:28:37.666+0000][77][info ][safepoint   ] Safepoint "ICBufferFull", Time since last: 168260120 ns, Reaching safepoint: 18583 ns, Cleanup: 289888 ns, At safepoint: 46100 ns, Total: 354571 ns
[2025-01-17T14:28:38.138+0000][77][info ][gc,start    ] GC(12) Pause Young (Normal) (G1 Evacuation Pause)
[2025-01-17T14:28:38.139+0000][77][info ][gc,task     ] GC(12) Using 18 workers of 18 for evacuation
[2025-01-17T14:28:38.139+0000][77][debug][gc,age      ] GC(12) Desired survivor size 41943040 bytes, new threshold 1 (max threshold 15)
[2025-01-17T14:28:38.206+0000][77][info ][gc,phases   ] GC(12)   Pre Evacuate Collection Set: 0.9ms
[2025-01-17T14:28:38.207+0000][77][info ][gc,phases   ] GC(12)   Merge Heap Roots: 0.3ms
[2025-01-17T14:28:38.207+0000][77][info ][gc,phases   ] GC(12)   Evacuate Collection Set: 63.1ms
[2025-01-17T14:28:38.207+0000][77][info ][gc,phases   ] GC(12)   Post Evacuate Collection Set: 2.3ms
[2025-01-17T14:28:38.208+0000][77][info ][gc,phases   ] GC(12)   Other: 0.8ms
[2025-01-17T14:28:38.208+0000][77][trace][gc,age      ] GC(12) Age table with threshold 1 (max threshold 15)
[2025-01-17T14:28:38.208+0000][77][trace][gc,age      ] GC(12) - age   1:    9671624 bytes,    9671624 total
[2025-01-17T14:28:38.209+0000][77][info ][gc,heap     ] GC(12) Eden regions: 133->0(504)
[2025-01-17T14:28:38.209+0000][77][info ][gc,heap     ] GC(12) Survivor regions: 27->4(20)
[2025-01-17T14:28:38.209+0000][77][info ][gc,heap     ] GC(12) Old regions: 5->33
[2025-01-17T14:28:38.209+0000][77][info ][gc,heap     ] GC(12) Archive regions: 2->2
[2025-01-17T14:28:38.210+0000][77][info ][gc,heap     ] GC(12) Humongous regions: 4->4
[2025-01-17T14:28:38.210+0000][77][info ][gc,metaspace] GC(12) Metaspace: 137133K(140672K)->137133K(140672K) NonClass: 118764K(120640K)->118764K(120640K) Class: 18368K(20032K)->18368K(20032K)
[2025-01-17T14:28:38.210+0000][77][info ][gc          ] GC(12) Pause Young (Normal) (G1 Evacuation Pause) 678M->167M(3392M) 72.027ms
[2025-01-17T14:28:38.211+0000][77][info ][gc,cpu      ] GC(12) User=1.14s Sys=0.00s Real=0.07s
[2025-01-17T14:28:38.211+0000][77][info ][safepoint   ] Safepoint "G1CollectForAllocation", Time since last: 471782807 ns, Reaching safepoint: 56970 ns, Cleanup: 587031 ns, At safepoint: 72906498 ns, Total: 73550499 ns
[2025-01-17T14:28:38.369+0000][77][info ][safepoint   ] Safepoint "ICBufferFull", Time since last: 157201205 ns, Reaching safepoint: 33873 ns, Cleanup: 454893 ns, At safepoint: 242818 ns, Total: 731584 ns
[2025-01-17T14:28:38.395+0000][77][info ][gc,start    ] GC(13) Pause Young (Concurrent Start) (CodeCache GC Threshold)
[2025-01-17T14:28:38.395+0000][77][info ][gc,task     ] GC(13) Using 18 workers of 18 for evacuation
[2025-01-17T14:28:38.395+0000][77][debug][gc,age      ] GC(13) Desired survivor size 134217728 bytes, new threshold 15 (max threshold 15)
[2025-01-17T14:28:38.402+0000][77][info ][gc,phases   ] GC(13)   Pre Evacuate Collection Set: 0.8ms
[2025-01-17T14:28:38.402+0000][77][info ][gc,phases   ] GC(13)   Merge Heap Roots: 0.3ms
[2025-01-17T14:28:38.403+0000][77][info ][gc,phases   ] GC(13)   Evacuate Collection Set: 3.4ms
[2025-01-17T14:28:38.403+0000][77][info ][gc,phases   ] GC(13)   Post Evacuate Collection Set: 1.5ms
[2025-01-17T14:28:38.403+0000][77][info ][gc,phases   ] GC(13)   Other: 0.9ms
[2025-01-17T14:28:38.403+0000][77][trace][gc,age      ] GC(13) Age table with threshold 15 (max threshold 15)
[2025-01-17T14:28:38.404+0000][77][trace][gc,age      ] GC(13) - age   1:    2044472 bytes,    2044472 total
[2025-01-17T14:28:38.404+0000][77][trace][gc,age      ] GC(13) - age   2:    8648080 bytes,   10692552 total
[2025-01-17T14:28:38.404+0000][77][info ][gc,heap     ] GC(13) Eden regions: 17->0(504)
[2025-01-17T14:28:38.405+0000][77][info ][gc,heap     ] GC(13) Survivor regions: 4->4(64)
[2025-01-17T14:28:38.405+0000][77][info ][gc,heap     ] GC(13) Old regions: 33->33
[2025-01-17T14:28:38.405+0000][77][info ][gc,heap     ] GC(13) Archive regions: 2->2
[2025-01-17T14:28:38.405+0000][77][info ][gc,heap     ] GC(13) Humongous regions: 4->4
[2025-01-17T14:28:38.406+0000][77][info ][gc,metaspace] GC(13) Metaspace: 137961K(141632K)->137961K(141632K) NonClass: 119457K(121472K)->119457K(121472K) Class: 18503K(20160K)->18503K(20160K)
[2025-01-17T14:28:38.406+0000][77][info ][gc          ] GC(13) Pause Young (Concurrent Start) (CodeCache GC Threshold) 235M->164M(3392M) 11.175ms
[2025-01-17T14:28:38.406+0000][77][info ][gc          ] GC(14) Concurrent Mark Cycle
[2025-01-17T14:28:38.406+0000][77][info ][gc,cpu      ] GC(13) User=0.05s Sys=0.00s Real=0.01s
[2025-01-17T14:28:38.406+0000][77][info ][gc,marking  ] GC(14) Concurrent Scan Root Regions
[2025-01-17T14:28:38.407+0000][77][info ][safepoint   ] Safepoint "G1TryInitiateConcMark", Time since last: 25199174 ns, Reaching safepoint: 18575 ns, Cleanup: 245467 ns, At safepoint: 12483239 ns, Total: 12747281 ns
[2025-01-17T14:28:38.411+0000][77][info ][gc,marking  ] GC(14) Concurrent Scan Root Regions 5.034ms
[2025-01-17T14:28:38.412+0000][77][info ][gc,marking  ] GC(14) Concurrent Mark
[2025-01-17T14:28:38.412+0000][77][info ][gc,marking  ] GC(14) Concurrent Mark From Roots
[2025-01-17T14:28:38.412+0000][77][info ][gc,task     ] GC(14) Using 5 workers of 5 for marking
[2025-01-17T14:28:38.442+0000][77][info ][gc,marking  ] GC(14) Concurrent Mark From Roots 29.612ms
[2025-01-17T14:28:38.442+0000][77][info ][gc,marking  ] GC(14) Concurrent Preclean
[2025-01-17T14:28:38.442+0000][77][info ][gc,marking  ] GC(14) Concurrent Preclean 0.421ms
[2025-01-17T14:28:38.443+0000][77][info ][gc,start    ] GC(14) Pause Remark
[2025-01-17T14:28:38.460+0000][77][info ][gc          ] GC(14) Pause Remark 211M->211M(3392M) 16.704ms
[2025-01-17T14:28:38.461+0000][77][info ][gc,cpu      ] GC(14) User=0.20s Sys=0.00s Real=0.02s
[2025-01-17T14:28:38.461+0000][77][info ][safepoint   ] Safepoint "G1PauseRemark", Time since last: 35775769 ns, Reaching safepoint: 49837 ns, Cleanup: 264859 ns, At safepoint: 17841369 ns, Total: 18156065 ns
[2025-01-17T14:28:38.461+0000][77][info ][gc,marking  ] GC(14) Concurrent Mark 49.574ms
[2025-01-17T14:28:38.462+0000][77][info ][gc,marking  ] GC(14) Concurrent Rebuild Remembered Sets and Scrub Regions
[2025-01-17T14:28:38.478+0000][77][info ][gc,marking  ] GC(14) Concurrent Rebuild Remembered Sets and Scrub Regions 16.683ms
[2025-01-17T14:28:38.479+0000][77][info ][gc,start    ] GC(14) Pause Cleanup
[2025-01-17T14:28:38.480+0000][77][info ][gc          ] GC(14) Pause Cleanup 218M->218M(3392M) 0.762ms
[2025-01-17T14:28:38.480+0000][77][info ][gc,cpu      ] GC(14) User=0.00s Sys=0.00s Real=0.00s
[2025-01-17T14:28:38.481+0000][77][info ][safepoint   ] Safepoint "G1PauseCleanup", Time since last: 17828110 ns, Reaching safepoint: 47863 ns, Cleanup: 264062 ns, At safepoint: 1546634 ns, Total: 1858559 ns
[2025-01-17T14:28:38.481+0000][77][info ][gc,marking  ] GC(14) Concurrent Clear Claimed Marks
[2025-01-17T14:28:38.482+0000][77][info ][gc,marking  ] GC(14) Concurrent Clear Claimed Marks 0.883ms
[2025-01-17T14:28:38.482+0000][77][info ][gc,marking  ] GC(14) Concurrent Cleanup for Next Mark
[2025-01-17T14:28:38.485+0000][77][info ][gc,marking  ] GC(14) Concurrent Cleanup for Next Mark 2.562ms
[2025-01-17T14:28:38.485+0000][77][info ][gc          ] GC(14) Concurrent Mark Cycle 79.053ms
[2025-01-17T14:28:39.695+0000][77][info ][safepoint   ] Safepoint "Cleanup", Time since last: 1214011332 ns, Reaching safepoint: 9396 ns, Cleanup: 317544 ns, At safepoint: 121922 ns, Total: 448862 ns
[2025-01-17T14:28:40.381+0000][77][info ][safepoint   ] Safepoint "ICBufferFull", Time since last: 685795426 ns, Reaching safepoint: 40697 ns, Cleanup: 346289 ns, At safepoint: 78931 ns, Total: 465917 ns
[2025-01-17T14:28:41.111+0000][77][info ][safepoint   ] Safepoint "ICBufferFull", Time since last: 728446951 ns, Reaching safepoint: 63260 ns, Cleanup: 651340 ns, At safepoint: 215625 ns, Total: 930225 ns
[2025-01-17T14:28:42.264+0000][77][info ][safepoint   ] Safepoint "Cleanup", Time since last: 1153295030 ns, Reaching safepoint: 11625 ns, Cleanup: 279784 ns, At safepoint: 35002 ns, Total: 326411 ns
[2025-01-17T14:28:43.272+0000][77][info ][safepoint   ] Safepoint "Cleanup", Time since last: 1007376172 ns, Reaching safepoint: 29340 ns, Cleanup: 279142 ns, At safepoint: 11948 ns, Total: 320430 ns
[2025-01-17T14:28:44.285+0000][77][info ][safepoint   ] Safepoint "Cleanup", Time since last: 1012085812 ns, Reaching safepoint: 162250 ns, Cleanup: 274802 ns, At safepoint: 10812 ns, Total: 447864 ns
[2025-01-17T14:28:45.401+0000][77][info ][safepoint   ] Safepoint "Cleanup", Time since last: 1115495566 ns, Reaching safepoint: 155817 ns, Cleanup: 316287 ns, At safepoint: 38359 ns, Total: 510463 ns
[2025-01-17T14:28:46.402+0000][77][info ][safepoint   ] Safepoint "Cleanup", Time since last: 1000581287 ns, Reaching safepoint: 102008 ns, Cleanup: 301505 ns, At safepoint: 11989 ns, Total: 415502 ns
[2025-01-17T14:28:48.298+0000][77][info ][safepoint   ] Safepoint "Cleanup", Time since last: 1896054515 ns, Reaching safepoint: 75027 ns, Cleanup: 458731 ns, At safepoint: 38076 ns, Total: 571834 ns
[2025-01-17T14:28:50.268+0000][77][info ][safepoint   ] Safepoint "Cleanup", Time since last: 1969495399 ns, Reaching safepoint: 36576 ns, Cleanup: 321398 ns, At safepoint: 30337 ns, Total: 388311 ns
[2025-01-17T14:28:53.124+0000][77][info ][safepoint   ] Safepoint "Cleanup", Time since last: 2855821313 ns, Reaching safepoint: 30883 ns, Cleanup: 372744 ns, At safepoint: 92170 ns, Total: 495797 ns
[2025-01-17T14:28:54.309+0000][77][info ][safepoint   ] Safepoint "Cleanup", Time since last: 1184593858 ns, Reaching safepoint: 29558 ns, Cleanup: 324608 ns, At safepoint: 41938 ns, Total: 396104 ns
[2025-01-17T14:28:55.311+0000][77][info ][safepoint   ] Safepoint "Cleanup", Time since last: 1000716717 ns, Reaching safepoint: 27281 ns, Cleanup: 279938 ns, At safepoint: 10548 ns, Total: 317767 ns
[2025-01-17T14:28:56.312+0000][77][info ][safepoint   ] Safepoint "Cleanup", Time since last: 1000652447 ns, Reaching safepoint: 30082 ns, Cleanup: 291806 ns, At safepoint: 9935 ns, Total: 331823 ns
[2025-01-17T14:28:59.116+0000][77][info ][safepoint   ] Safepoint "Cleanup", Time since last: 2804362788 ns, Reaching safepoint: 19327 ns, Cleanup: 314849 ns, At safepoint: 58802 ns, Total: 392978 ns
[2025-01-17T14:29:00.325+0000][77][info ][safepoint   ] Safepoint "Cleanup", Time since last: 1208442121 ns, Reaching safepoint: 80539 ns, Cleanup: 332196 ns, At safepoint: 35425 ns, Total: 448160 ns
[2025-01-17T14:29:01.326+0000][77][info ][safepoint   ] Safepoint "Cleanup", Time since last: 1000684536 ns, Reaching safepoint: 27856 ns, Cleanup: 383145 ns, At safepoint: 53853 ns, Total: 464854 ns
[2025-01-17T14:29:02.327+0000][77][info ][safepoint   ] Safepoint "Cleanup", Time since last: 1000725097 ns, Reaching safepoint: 28017 ns, Cleanup: 304114 ns, At safepoint: 10775 ns, Total: 342906 ns
[2025-01-17T14:29:03.328+0000][77][info ][safepoint   ] Safepoint "Cleanup", Time since last: 1000530246 ns, Reaching safepoint: 29269 ns, Cleanup: 269408 ns, At safepoint: 11686 ns, Total: 310363 ns
[2025-01-17T14:29:04.328+0000][77][info ][safepoint   ] Safepoint "Cleanup", Time since last: 1000767495 ns, Reaching safepoint: 49013 ns, Cleanup: 299416 ns, At safepoint: 7214 ns, Total: 355643 ns
[2025-01-17T14:29:05.333+0000][77][info ][safepoint   ] Safepoint "Cleanup", Time since last: 1004219385 ns, Reaching safepoint: 10162 ns, Cleanup: 271019 ns, At safepoint: 35867 ns, Total: 317048 ns
[2025-01-17T14:29:06.340+0000][77][info ][safepoint   ] Safepoint "Cleanup", Time since last: 1007008956 ns, Reaching safepoint: 27283 ns, Cleanup: 268583 ns, At safepoint: 10530 ns, Total: 306396 ns
[2025-01-17T14:29:08.341+0000][77][info ][safepoint   ] Safepoint "Cleanup", Time since last: 2000673599 ns, Reaching safepoint: 25848 ns, Cleanup: 301023 ns, At safepoint: 43105 ns, Total: 369976 ns
[2025-01-17T14:29:09.342+0000][77][info ][safepoint   ] Safepoint "Cleanup", Time since last: 1000590967 ns, Reaching safepoint: 33723 ns, Cleanup: 293298 ns, At safepoint: 19972 ns, Total: 346993 ns
[2025-01-17T14:29:11.119+0000][77][info ][safepoint   ] Safepoint "Cleanup", Time since last: 1777051733 ns, Reaching safepoint: 11056 ns, Cleanup: 312595 ns, At safepoint: 56567 ns, Total: 380218 ns
[2025-01-17T14:29:12.364+0000][77][info ][safepoint   ] Safepoint "Cleanup", Time since last: 1244885895 ns, Reaching safepoint: 9013 ns, Cleanup: 258450 ns, At safepoint: 20213 ns, Total: 287676 ns
[2025-01-17T14:29:14.372+0000][77][info ][safepoint   ] Safepoint "Cleanup", Time since last: 2007176615 ns, Reaching safepoint: 29575 ns, Cleanup: 268327 ns, At safepoint: 7690 ns, Total: 305592 ns
[2025-01-17T14:29:16.373+0000][77][info ][safepoint   ] Safepoint "Cleanup", Time since last: 2000856340 ns, Reaching safepoint: 27822 ns, Cleanup: 285669 ns, At safepoint: 23482 ns, Total: 336973 ns
[2025-01-17T14:29:17.377+0000][77][info ][safepoint   ] Safepoint "Cleanup", Time since last: 1003894126 ns, Reaching safepoint: 15652 ns, Cleanup: 335913 ns, At safepoint: 81693 ns, Total: 433258 ns
[2025-01-17T14:29:18.385+0000][77][info ][safepoint   ] Safepoint "Cleanup", Time since last: 1006883325 ns, Reaching safepoint: 31321 ns, Cleanup: 384340 ns, At safepoint: 13575 ns, Total: 429236 ns
[2025-01-17T14:29:19.387+0000][77][info ][safepoint   ] Safepoint "Cleanup", Time since last: 1001224371 ns, Reaching safepoint: 37671 ns, Cleanup: 502183 ns, At safepoint: 18405 ns, Total: 558259 ns
[2025-01-17T14:29:20.388+0000][77][info ][safepoint   ] Safepoint "Cleanup", Time since last: 1001035957 ns, Reaching safepoint: 85714 ns, Cleanup: 513029 ns, At safepoint: 18242 ns, Total: 616985 ns
[2025-01-17T14:29:21.390+0000][77][info ][safepoint   ] Safepoint "Cleanup", Time since last: 1001279982 ns, Reaching safepoint: 97609 ns, Cleanup: 254217 ns, At safepoint: 10100 ns, Total: 361926 ns
[2025-01-17T14:29:23.134+0000][77][info ][safepoint   ] Safepoint "Cleanup", Time since last: 1743570519 ns, Reaching safepoint: 11829 ns, Cleanup: 256722 ns, At safepoint: 18978 ns, Total: 287529 ns
[2025-01-17T14:29:24.410+0000][77][info ][safepoint   ] Safepoint "Cleanup", Time since last: 1276023126 ns, Reaching safepoint: 41167 ns, Cleanup: 664202 ns, At safepoint: 58591 ns, Total: 763960 ns
[2025-01-17T14:29:25.412+0000][77][info ][safepoint   ] Safepoint "Cleanup", Time since last: 1000838207 ns, Reaching safepoint: 78120 ns, Cleanup: 269905 ns, At safepoint: 12669 ns, Total: 360694 ns
[2025-01-17T14:29:27.101+0000][77][info ][safepoint   ] Safepoint "Cleanup", Time since last: 1688590743 ns, Reaching safepoint: 158572 ns, Cleanup: 395633 ns, At safepoint: 14887 ns, Total: 569092 ns
[2025-01-17T14:29:29.102+0000][77][info ][safepoint   ] Safepoint "Cleanup", Time since last: 2001125472 ns, Reaching safepoint: 44410 ns, Cleanup: 316472 ns, At safepoint: 24824 ns, Total: 385706 ns
[2025-01-17T14:29:30.435+0000][77][info ][safepoint   ] Safepoint "Cleanup", Time since last: 1332611757 ns, Reaching safepoint: 50830 ns, Cleanup: 303059 ns, At safepoint: 23500 ns, Total: 377389 ns
[2025-01-17T14:29:31.437+0000][77][info ][safepoint   ] Safepoint "Cleanup", Time since last: 1000762850 ns, Reaching safepoint: 111665 ns, Cleanup: 907833 ns, At safepoint: 80757 ns, Total: 1100255 ns
[2025-01-17T14:29:32.439+0000][77][info ][safepoint   ] Safepoint "Cleanup", Time since last: 1001242864 ns, Reaching safepoint: 86372 ns, Cleanup: 755798 ns, At safepoint: 93234 ns, Total: 935404 ns
[2025-01-17T14:29:33.441+0000][77][info ][safepoint   ] Safepoint "Cleanup", Time since last: 1000881429 ns, Reaching safepoint: 28714 ns, Cleanup: 271055 ns, At safepoint: 11134 ns, Total: 310903 ns
[2025-01-17T14:29:35.120+0000][77][info ][safepoint   ] Safepoint "Cleanup", Time since last: 1681685865 ns, Reaching safepoint: 25016 ns, Cleanup: 337263 ns, At safepoint: 38466 ns, Total: 400745 ns
[2025-01-17T14:29:36.445+0000][77][info ][safepoint   ] Safepoint "Cleanup", Time since last: 1324143299 ns, Reaching safepoint: 28129 ns, Cleanup: 510682 ns, At safepoint: 46775 ns, Total: 585586 ns
[2025-01-17T14:29:37.446+0000][77][info ][safepoint   ] Safepoint "Cleanup", Time since last: 1000753050 ns, Reaching safepoint: 27580 ns, Cleanup: 247217 ns, At safepoint: 21506 ns, Total: 296303 ns
[2025-01-17T14:29:38.447+0000][77][info ][safepoint   ] Safepoint "Cleanup", Time since last: 1000498565 ns, Reaching safepoint: 37335 ns, Cleanup: 319597 ns, At safepoint: 11348 ns, Total: 368280 ns
[2025-01-17T14:29:39.448+0000][77][info ][safepoint   ] Safepoint "Cleanup", Time since last: 1000725232 ns, Reaching safepoint: 29826 ns, Cleanup: 297716 ns, At safepoint: 13121 ns, Total: 340663 ns
[2025-01-17T14:29:40.450+0000][77][info ][safepoint   ] Safepoint "Cleanup", Time since last: 1000892883 ns, Reaching safepoint: 45779 ns, Cleanup: 601569 ns, At safepoint: 19094 ns, Total: 666442 ns
[2025-01-17T14:29:41.458+0000][77][info ][safepoint   ] Safepoint "Cleanup", Time since last: 1006863201 ns, Reaching safepoint: 24075 ns, Cleanup: 1053222 ns, At safepoint: 155928 ns, Total: 1233225 ns
[2025-01-17T14:29:42.476+0000][77][info ][safepoint   ] Safepoint "Cleanup", Time since last: 1018391672 ns, Reaching safepoint: 32564 ns, Cleanup: 370801 ns, At safepoint: 14864 ns, Total: 418229 ns
[2025-01-17T14:29:44.478+0000][77][info ][safepoint   ] Safepoint "Cleanup", Time since last: 2000864943 ns, Reaching safepoint: 44553 ns, Cleanup: 702023 ns, At safepoint: 25125 ns, Total: 771701 ns
[2025-01-17T14:29:46.481+0000][77][info ][safepoint   ] Safepoint "Cleanup", Time since last: 2001351123 ns, Reaching safepoint: 48368 ns, Cleanup: 1043307 ns, At safepoint: 81207 ns, Total: 1172882 ns
[2025-01-17T14:29:47.498+0000][77][info ][safepoint   ] Safepoint "Cleanup", Time since last: 1017174885 ns, Reaching safepoint: 119507 ns, Cleanup: 414912 ns, At safepoint: 86663 ns, Total: 621082 ns
[2025-01-17T14:29:48.510+0000][77][info ][safepoint   ] Safepoint "Cleanup", Time since last: 1010324411 ns, Reaching safepoint: 199739 ns, Cleanup: 674251 ns, At safepoint: 42436 ns, Total: 916426 ns
[2025-01-17T14:29:49.512+0000][77][info ][safepoint   ] Safepoint "Cleanup", Time since last: 1001241189 ns, Reaching safepoint: 153549 ns, Cleanup: 509349 ns, At safepoint: 15296 ns, Total: 678194 ns
[2025-01-17T14:29:51.309+0000][77][info ][safepoint   ] Safepoint "Cleanup", Time since last: 1797082685 ns, Reaching safepoint: 32950 ns, Cleanup: 311924 ns, At safepoint: 48948 ns, Total: 393822 ns
[2025-01-17T14:29:52.310+0000][77][info ][safepoint   ] Safepoint "Cleanup", Time since last: 1000904929 ns, Reaching safepoint: 38303 ns, Cleanup: 501351 ns, At safepoint: 16438 ns, Total: 556092 ns
[2025-01-17T14:29:53.524+0000][77][info ][safepoint   ] Safepoint "Cleanup", Time since last: 1213130770 ns, Reaching safepoint: 18182 ns, Cleanup: 504285 ns, At safepoint: 31682 ns, Total: 554149 ns
[2025-01-17T14:29:54.539+0000][77][info ][safepoint   ] Safepoint "Cleanup", Time since last: 1014116812 ns, Reaching safepoint: 35396 ns, Cleanup: 427721 ns, At safepoint: 19664 ns, Total: 482781 ns
[2025-01-17T14:29:55.540+0000][77][info ][safepoint   ] Safepoint "Cleanup", Time since last: 1001158106 ns, Reaching safepoint: 26870 ns, Cleanup: 259507 ns, At safepoint: 10508 ns, Total: 296885 ns
[2025-01-17T14:29:56.542+0000][77][info ][safepoint   ] Safepoint "Cleanup", Time since last: 1000810157 ns, Reaching safepoint: 37534 ns, Cleanup: 472332 ns, At safepoint: 16118 ns, Total: 525984 ns
[2025-01-17T14:29:57.543+0000][77][info ][safepoint   ] Safepoint "Cleanup", Time since last: 1001024678 ns, Reaching safepoint: 29300 ns, Cleanup: 279079 ns, At safepoint: 14618 ns, Total: 322997 ns
[2025-01-17T14:29:59.128+0000][77][info ][safepoint   ] Safepoint "Cleanup", Time since last: 1584776584 ns, Reaching safepoint: 9606 ns, Cleanup: 291615 ns, At safepoint: 70697 ns, Total: 371918 ns
[2025-01-17T14:30:00.579+0000][77][info ][safepoint   ] Safepoint "Cleanup", Time since last: 1450003840 ns, Reaching safepoint: 40797 ns, Cleanup: 521336 ns, At safepoint: 17166 ns, Total: 579299 ns
[2025-01-17T14:30:02.581+0000][77][info ][safepoint   ] Safepoint "Cleanup", Time since last: 2001435182 ns, Reaching safepoint: 41621 ns, Cleanup: 564910 ns, At safepoint: 21201 ns, Total: 627732 ns
[2025-01-17T14:30:05.138+0000][77][info ][safepoint   ] Safepoint "Cleanup", Time since last: 2559266490 ns, Reaching safepoint: 14600 ns, Cleanup: 356634 ns, At safepoint: 31696 ns, Total: 402930 ns
[2025-01-17T14:30:06.597+0000][77][info ][safepoint   ] Safepoint "Cleanup", Time since last: 1458717129 ns, Reaching safepoint: 112263 ns, Cleanup: 885884 ns, At safepoint: 20726 ns, Total: 1018873 ns
[2025-01-17T14:30:08.599+0000][77][info ][safepoint   ] Safepoint "Cleanup", Time since last: 2001566285 ns, Reaching safepoint: 29389 ns, Cleanup: 327394 ns, At safepoint: 11124 ns, Total: 367907 ns
[2025-01-17T14:30:09.601+0000][77][info ][safepoint   ] Safepoint "Cleanup", Time since last: 1000894603 ns, Reaching safepoint: 48513 ns, Cleanup: 829163 ns, At safepoint: 23100 ns, Total: 900776 ns
[2025-01-17T14:30:11.145+0000][77][info ][safepoint   ] Safepoint "Cleanup", Time since last: 1542870428 ns, Reaching safepoint: 17052 ns, Cleanup: 488976 ns, At safepoint: 58635 ns, Total: 564663 ns
[2025-01-17T14:30:12.622+0000][77][info ][safepoint   ] Safepoint "Cleanup", Time since last: 1476493470 ns, Reaching safepoint: 39844 ns, Cleanup: 607031 ns, At safepoint: 79125 ns, Total: 726000 ns
[2025-01-17T14:30:14.625+0000][77][info ][safepoint   ] Safepoint "Cleanup", Time since last: 2002149377 ns, Reaching safepoint: 56858 ns, Cleanup: 905185 ns, At safepoint: 26859 ns, Total: 988902 ns
[2025-01-17T14:30:15.627+0000][77][info ][safepoint   ] Safepoint "Cleanup", Time since last: 1001948342 ns, Reaching safepoint: 40153 ns, Cleanup: 573869 ns, At safepoint: 25795 ns, Total: 639817 ns
[2025-01-17T14:30:16.629+0000][77][info ][safepoint   ] Safepoint "Cleanup", Time since last: 1001065952 ns, Reaching safepoint: 52778 ns, Cleanup: 721803 ns, At safepoint: 20508 ns, Total: 795089 ns
[2025-01-17T14:30:17.638+0000][77][info ][safepoint   ] Safepoint "Cleanup", Time since last: 1007657437 ns, Reaching safepoint: 19294 ns, Cleanup: 511239 ns, At safepoint: 41748 ns, Total: 572281 ns
[2025-01-17T14:30:18.652+0000][77][info ][safepoint   ] Safepoint "Cleanup", Time since last: 1013883605 ns, Reaching safepoint: 49274 ns, Cleanup: 713109 ns, At safepoint: 20020 ns, Total: 782403 ns
[2025-01-17T14:30:19.654+0000][77][info ][safepoint   ] Safepoint "Cleanup", Time since last: 1001013818 ns, Reaching safepoint: 32746 ns, Cleanup: 431846 ns, At safepoint: 13378 ns, Total: 477970 ns
[2025-01-17T14:30:20.658+0000][77][info ][safepoint   ] Safepoint "Cleanup", Time since last: 1003567231 ns, Reaching safepoint: 25511 ns, Cleanup: 315834 ns, At safepoint: 12071 ns, Total: 353416 ns
[2025-01-17T14:30:21.659+0000][77][info ][safepoint   ] Safepoint "Cleanup", Time since last: 1000743589 ns, Reaching safepoint: 99847 ns, Cleanup: 677260 ns, At safepoint: 19507 ns, Total: 796614 ns
[2025-01-17T14:30:23.129+0000][77][info ][safepoint   ] Safepoint "Cleanup", Time since last: 1469435858 ns, Reaching safepoint: 10768 ns, Cleanup: 236576 ns, At safepoint: 18752 ns, Total: 266096 ns
[2025-01-17T14:30:24.696+0000][77][info ][safepoint   ] Safepoint "Cleanup", Time since last: 1566629815 ns, Reaching safepoint: 10445 ns, Cleanup: 243842 ns, At safepoint: 19891 ns, Total: 274178 ns
[2025-01-17T14:30:25.703+0000][77][info ][safepoint   ] Safepoint "Cleanup", Time since last: 1006112201 ns, Reaching safepoint: 51794 ns, Cleanup: 851018 ns, At safepoint: 116551 ns, Total: 1019363 ns
[2025-01-17T14:30:26.705+0000][77][info ][safepoint   ] Safepoint "Cleanup", Time since last: 1001954381 ns, Reaching safepoint: 40953 ns, Cleanup: 543115 ns, At safepoint: 21163 ns, Total: 605231 ns
[2025-01-17T14:30:29.122+0000][77][info ][safepoint   ] Safepoint "Cleanup", Time since last: 2416135902 ns, Reaching safepoint: 14399 ns, Cleanup: 309535 ns, At safepoint: 38052 ns, Total: 361986 ns
[2025-01-17T14:30:30.720+0000][77][info ][safepoint   ] Safepoint "Cleanup", Time since last: 1596617689 ns, Reaching safepoint: 49416 ns, Cleanup: 991467 ns, At safepoint: 146176 ns, Total: 1187059 ns
[2025-01-17T14:30:32.722+0000][77][info ][safepoint   ] Safepoint "Cleanup", Time since last: 2001568088 ns, Reaching safepoint: 24233 ns, Cleanup: 229695 ns, At safepoint: 8767 ns, Total: 262695 ns
[2025-01-17T14:30:35.124+0000][77][info ][safepoint   ] Safepoint "Cleanup", Time since last: 2404342305 ns, Reaching safepoint: 12724 ns, Cleanup: 299192 ns, At safepoint: 23732 ns, Total: 335648 ns
[2025-01-17T14:30:36.737+0000][77][info ][safepoint   ] Safepoint "Cleanup", Time since last: 1612766823 ns, Reaching safepoint: 49456 ns, Cleanup: 242941 ns, At safepoint: 8974 ns, Total: 301371 ns
[2025-01-17T14:30:38.739+0000][77][info ][safepoint   ] Safepoint "Cleanup", Time since last: 2000832318 ns, Reaching safepoint: 30352 ns, Cleanup: 288524 ns, At safepoint: 24895 ns, Total: 343771 ns
[2025-01-17T14:30:40.826+0000][77][info ][safepoint   ] Safepoint "Cleanup", Time since last: 2087464412 ns, Reaching safepoint: 31041 ns, Cleanup: 301769 ns, At safepoint: 11590 ns, Total: 344400 ns
[2025-01-17T14:30:42.768+0000][77][info ][safepoint   ] Safepoint "Cleanup", Time since last: 1940534628 ns, Reaching safepoint: 50710 ns, Cleanup: 710232 ns, At safepoint: 18761 ns, Total: 779703 ns
[2025-01-17T14:30:44.770+0000][77][info ][safepoint   ] Safepoint "Cleanup", Time since last: 2001411336 ns, Reaching safepoint: 50217 ns, Cleanup: 649558 ns, At safepoint: 62530 ns, Total: 762305 ns
[2025-01-17T14:30:47.124+0000][77][info ][safepoint   ] Safepoint "Cleanup", Time since last: 2353405650 ns, Reaching safepoint: 11181 ns, Cleanup: 254422 ns, At safepoint: 20859 ns, Total: 286462 ns
[2025-01-17T14:30:48.795+0000][77][info ][safepoint   ] Safepoint "Cleanup", Time since last: 1670561026 ns, Reaching safepoint: 33576 ns, Cleanup: 621647 ns, At safepoint: 50699 ns, Total: 705922 ns
[2025-01-17T14:30:53.120+0000][77][info ][safepoint   ] Safepoint "Cleanup", Time since last: 4324455951 ns, Reaching safepoint: 38672 ns, Cleanup: 401814 ns, At safepoint: 46220 ns, Total: 486706 ns
[2025-01-17T14:30:54.827+0000][77][info ][safepoint   ] Safepoint "Cleanup", Time since last: 1707088626 ns, Reaching safepoint: 24928 ns, Cleanup: 249880 ns, At safepoint: 30490 ns, Total: 305298 ns
[2025-01-17T14:30:55.829+0000][77][info ][safepoint   ] Safepoint "Cleanup", Time since last: 1000888791 ns, Reaching safepoint: 51064 ns, Cleanup: 848280 ns, At safepoint: 29523 ns, Total: 928867 ns
[2025-01-17T14:30:56.831+0000][77][info ][safepoint   ] Safepoint "Cleanup", Time since last: 1001745400 ns, Reaching safepoint: 48083 ns, Cleanup: 592716 ns, At safepoint: 77008 ns, Total: 717807 ns
[2025-01-17T14:30:58.833+0000][77][info ][safepoint   ] Safepoint "Cleanup", Time since last: 2000921694 ns, Reaching safepoint: 29743 ns, Cleanup: 271778 ns, At safepoint: 10725 ns, Total: 312246 ns
[2025-01-17T14:30:59.851+0000][77][info ][safepoint   ] Safepoint "Cleanup", Time since last: 1017393905 ns, Reaching safepoint: 17164 ns, Cleanup: 539178 ns, At safepoint: 118539 ns, Total: 674881 ns
[2025-01-17T14:31:02.877+0000][77][info ][safepoint   ] Safepoint "Cleanup", Time since last: 3025513025 ns, Reaching safepoint: 37256 ns, Cleanup: 459511 ns, At safepoint: 16638 ns, Total: 513405 ns
[2025-01-17T14:31:05.123+0000][77][info ][safepoint   ] Safepoint "Cleanup", Time since last: 2248429386 ns, Reaching safepoint: 10700 ns, Cleanup: 236054 ns, At safepoint: 18382 ns, Total: 265136 ns
[2025-01-17T14:31:06.894+0000][77][info ][safepoint   ] Safepoint "Cleanup", Time since last: 1769989109 ns, Reaching safepoint: 46214 ns, Cleanup: 575564 ns, At safepoint: 20126 ns, Total: 641904 ns
[2025-01-17T14:31:08.896+0000][77][info ][safepoint   ] Safepoint "Cleanup", Time since last: 2001573967 ns, Reaching safepoint: 134438 ns, Cleanup: 608974 ns, At safepoint: 46057 ns, Total: 789469 ns
[2025-01-17T14:31:11.129+0000][77][info ][safepoint   ] Safepoint "Cleanup", Time since last: 2232250609 ns, Reaching safepoint: 10204 ns, Cleanup: 238255 ns, At safepoint: 18312 ns, Total: 266771 ns
[2025-01-17T14:31:12.920+0000][77][info ][safepoint   ] Safepoint "Cleanup", Time since last: 1790118645 ns, Reaching safepoint: 38010 ns, Cleanup: 425644 ns, At safepoint: 13195 ns, Total: 476849 ns
[2025-01-17T14:31:13.924+0000][77][info ][safepoint   ] Safepoint "Cleanup", Time since last: 1003058444 ns, Reaching safepoint: 52300 ns, Cleanup: 778914 ns, At safepoint: 29920 ns, Total: 861134 ns
[2025-01-17T14:31:14.925+0000][77][info ][safepoint   ] Safepoint "Cleanup", Time since last: 1001223450 ns, Reaching safepoint: 33156 ns, Cleanup: 486317 ns, At safepoint: 14508 ns, Total: 533981 ns
[2025-01-17T14:31:15.932+0000][77][info ][safepoint   ] Safepoint "Cleanup", Time since last: 1005872731 ns, Reaching safepoint: 50307 ns, Cleanup: 910252 ns, At safepoint: 29465 ns, Total: 990024 ns
[2025-01-17T14:31:16.934+0000][77][info ][safepoint   ] Safepoint "Cleanup", Time since last: 1001205397 ns, Reaching safepoint: 39935 ns, Cleanup: 509271 ns, At safepoint: 15458 ns, Total: 564664 ns
[2025-01-17T14:31:17.935+0000][77][info ][safepoint   ] Safepoint "Cleanup", Time since last: 1000648897 ns, Reaching safepoint: 9721 ns, Cleanup: 268366 ns, At safepoint: 19966 ns, Total: 298053 ns
[2025-01-17T14:31:18.938+0000][77][info ][safepoint   ] Safepoint "Cleanup", Time since last: 1002624452 ns, Reaching safepoint: 38611 ns, Cleanup: 529017 ns, At safepoint: 51257 ns, Total: 618885 ns
[2025-01-17T14:31:19.948+0000][77][info ][safepoint   ] Safepoint "Cleanup", Time since last: 1009055429 ns, Reaching safepoint: 46730 ns, Cleanup: 661369 ns, At safepoint: 21389 ns, Total: 729488 ns
[2025-01-17T14:31:20.949+0000][77][info ][safepoint   ] Safepoint "Cleanup", Time since last: 1001070772 ns, Reaching safepoint: 35654 ns, Cleanup: 429042 ns, At safepoint: 12125 ns, Total: 476821 ns
[2025-01-17T14:31:23.130+0000][77][info ][safepoint   ] Safepoint "Cleanup", Time since last: 2180495897 ns, Reaching safepoint: 27275 ns, Cleanup: 319026 ns, At safepoint: 49827 ns, Total: 396128 ns
[2025-01-17T14:31:24.974+0000][77][info ][safepoint   ] Safepoint "Cleanup", Time since last: 1843627722 ns, Reaching safepoint: 15093 ns, Cleanup: 365382 ns, At safepoint: 26172 ns, Total: 406647 ns
[2025-01-17T14:31:25.987+0000][77][info ][safepoint   ] Safepoint "Cleanup", Time since last: 1012545185 ns, Reaching safepoint: 28025 ns, Cleanup: 232665 ns, At safepoint: 10988 ns, Total: 271678 ns
[2025-01-17T14:31:26.988+0000][77][info ][safepoint   ] Safepoint "Cleanup", Time since last: 1000763070 ns, Reaching safepoint: 37476 ns, Cleanup: 366900 ns, At safepoint: 9696 ns, Total: 414072 ns
[2025-01-17T14:31:28.989+0000][77][info ][safepoint   ] Safepoint "Cleanup", Time since last: 2000661535 ns, Reaching safepoint: 28812 ns, Cleanup: 246339 ns, At safepoint: 8936 ns, Total: 284087 ns
[2025-01-17T14:31:29.992+0000][77][info ][safepoint   ] Safepoint "Cleanup", Time since last: 1002676449 ns, Reaching safepoint: 10515 ns, Cleanup: 325708 ns, At safepoint: 30063 ns, Total: 366286 ns
[2025-01-17T14:31:32.997+0000][77][info ][safepoint   ] Safepoint "Cleanup", Time since last: 3003695393 ns, Reaching safepoint: 81109 ns, Cleanup: 660842 ns, At safepoint: 111529 ns, Total: 853480 ns
[2025-01-17T14:31:33.998+0000][77][info ][safepoint   ] Safepoint "Cleanup", Time since last: 1000944459 ns, Reaching safepoint: 36028 ns, Cleanup: 366141 ns, At safepoint: 12909 ns, Total: 415078 ns
[2025-01-17T14:31:35.114+0000][77][info ][safepoint   ] Safepoint "Cleanup", Time since last: 1117493601 ns, Reaching safepoint: 11916 ns, Cleanup: 298072 ns, At safepoint: 53568 ns, Total: 363556 ns
[2025-01-17T14:31:37.010+0000][77][info ][safepoint   ] Safepoint "Cleanup", Time since last: 1894890894 ns, Reaching safepoint: 59640 ns, Cleanup: 663952 ns, At safepoint: 23141 ns, Total: 746733 ns
[2025-01-17T14:31:38.012+0000][77][info ][safepoint   ] Safepoint "Cleanup", Time since last: 1001293324 ns, Reaching safepoint: 60039 ns, Cleanup: 540073 ns, At safepoint: 69993 ns, Total: 670105 ns
[2025-01-17T14:31:39.013+0000][77][info ][safepoint   ] Safepoint "Cleanup", Time since last: 1001067335 ns, Reaching safepoint: 27816 ns, Cleanup: 262013 ns, At safepoint: 9510 ns, Total: 299339 ns
[2025-01-17T14:31:41.137+0000][77][info ][safepoint   ] Safepoint "Cleanup", Time since last: 2124006547 ns, Reaching safepoint: 9336 ns, Cleanup: 264384 ns, At safepoint: 34138 ns, Total: 307858 ns
[2025-01-17T14:31:43.034+0000][77][info ][safepoint   ] Safepoint "Cleanup", Time since last: 1896020271 ns, Reaching safepoint: 26788 ns, Cleanup: 502524 ns, At safepoint: 44680 ns, Total: 573992 ns
[2025-01-17T14:31:45.036+0000][77][info ][safepoint   ] Safepoint "Cleanup", Time since last: 2001079603 ns, Reaching safepoint: 60508 ns, Cleanup: 778441 ns, At safepoint: 24593 ns, Total: 863542 ns
[2025-01-17T14:31:47.038+0000][77][info ][safepoint   ] Safepoint "Cleanup", Time since last: 2001758893 ns, Reaching safepoint: 26441 ns, Cleanup: 267092 ns, At safepoint: 9172 ns, Total: 302705 ns
[2025-01-17T14:31:48.047+0000][77][info ][safepoint   ] Safepoint "Cleanup", Time since last: 1008279740 ns, Reaching safepoint: 21829 ns, Cleanup: 748405 ns, At safepoint: 167959 ns, Total: 938193 ns
[2025-01-17T14:31:49.060+0000][77][info ][safepoint   ] Safepoint "Cleanup", Time since last: 1012618559 ns, Reaching safepoint: 35892 ns, Cleanup: 518547 ns, At safepoint: 22301 ns, Total: 576740 ns
[2025-01-17T14:31:50.063+0000][77][info ][safepoint   ] Safepoint "Cleanup", Time since last: 1001738135 ns, Reaching safepoint: 53384 ns, Cleanup: 787310 ns, At safepoint: 23387 ns, Total: 864081 ns
[2025-01-17T14:31:51.404+0000][77][info ][safepoint   ] Safepoint "Cleanup", Time since last: 1340477374 ns, Reaching safepoint: 22954 ns, Cleanup: 224620 ns, At safepoint: 8882 ns, Total: 256456 ns
[2025-01-17T14:31:53.134+0000][77][info ][safepoint   ] Safepoint "Cleanup", Time since last: 1729619999 ns, Reaching safepoint: 23989 ns, Cleanup: 809936 ns, At safepoint: 31925 ns, Total: 865850 ns
[2025-01-17T14:31:55.088+0000][77][info ][safepoint   ] Safepoint "Cleanup", Time since last: 1953489809 ns, Reaching safepoint: 26859 ns, Cleanup: 273195 ns, At safepoint: 10555 ns, Total: 310609 ns
[2025-01-17T14:31:57.089+0000][77][info ][safepoint   ] Safepoint "Cleanup", Time since last: 2000729237 ns, Reaching safepoint: 44570 ns, Cleanup: 471413 ns, At safepoint: 18868 ns, Total: 534851 ns
[2025-01-17T14:31:59.124+0000][77][info ][safepoint   ] Safepoint "Cleanup", Time since last: 2033843081 ns, Reaching safepoint: 10187 ns, Cleanup: 257093 ns, At safepoint: 41809 ns, Total: 309089 ns
[2025-01-17T14:32:00.127+0000][77][info ][safepoint   ] Safepoint "Cleanup", Time since last: 1003077087 ns, Reaching safepoint: 10049 ns, Cleanup: 252437 ns, At safepoint: 22068 ns, Total: 284554 ns
[2025-01-17T14:32:01.130+0000][77][info ][safepoint   ] Safepoint "Cleanup", Time since last: 1002440741 ns, Reaching safepoint: 16603 ns, Cleanup: 507373 ns, At safepoint: 42816 ns, Total: 566792 ns
[2025-01-17T14:32:02.143+0000][77][info ][safepoint   ] Safepoint "Cleanup", Time since last: 1012447320 ns, Reaching safepoint: 48051 ns, Cleanup: 622600 ns, At safepoint: 22678 ns, Total: 693329 ns
[2025-01-17T14:32:05.139+0000][77][info ][safepoint   ] Safepoint "Cleanup", Time since last: 2997426007 ns, Reaching safepoint: 11651 ns, Cleanup: 377170 ns, At safepoint: 59484 ns, Total: 448305 ns
[2025-01-17T14:32:06.146+0000][77][info ][safepoint   ] Safepoint "Cleanup", Time since last: 1006781198 ns, Reaching safepoint: 38780 ns, Cleanup: 553732 ns, At safepoint: 44588 ns, Total: 637100 ns
[2025-01-17T14:32:11.165+0000][77][info ][safepoint   ] Safepoint "Cleanup", Time since last: 5018683935 ns, Reaching safepoint: 41284 ns, Cleanup: 302383 ns, At safepoint: 20814 ns, Total: 364481 ns
[2025-01-17T14:32:12.167+0000][77][info ][safepoint   ] Safepoint "Cleanup", Time since last: 1000779892 ns, Reaching safepoint: 54110 ns, Cleanup: 676013 ns, At safepoint: 18285 ns, Total: 748408 ns
[2025-01-17T14:32:14.200+0000][77][info ][safepoint   ] Safepoint "Cleanup", Time since last: 2032456010 ns, Reaching safepoint: 66684 ns, Cleanup: 541812 ns, At safepoint: 16442 ns, Total: 624938 ns
[2025-01-17T14:32:16.204+0000][77][info ][safepoint   ] Safepoint "Cleanup", Time since last: 2003757049 ns, Reaching safepoint: 48705 ns, Cleanup: 680763 ns, At safepoint: 19722 ns, Total: 749190 ns
[2025-01-17T14:32:17.213+0000][77][info ][safepoint   ] Safepoint "Cleanup", Time since last: 1008110057 ns, Reaching safepoint: 9873 ns, Cleanup: 276855 ns, At safepoint: 51797 ns, Total: 338525 ns
[2025-01-17T14:32:19.232+0000][77][info ][safepoint   ] Safepoint "Cleanup", Time since last: 2018094921 ns, Reaching safepoint: 46113 ns, Cleanup: 654569 ns, At safepoint: 50639 ns, Total: 751321 ns
[2025-01-17T14:32:23.128+0000][77][info ][safepoint   ] Safepoint "Cleanup", Time since last: 3895929219 ns, Reaching safepoint: 11897 ns, Cleanup: 286585 ns, At safepoint: 21395 ns, Total: 319877 ns
[2025-01-17T14:32:24.261+0000][77][info ][safepoint   ] Safepoint "Cleanup", Time since last: 1132890047 ns, Reaching safepoint: 27268 ns, Cleanup: 684160 ns, At safepoint: 48063 ns, Total: 759491 ns
[2025-01-17T14:32:25.295+0000][77][info ][safepoint   ] Safepoint "Cleanup", Time since last: 1033208013 ns, Reaching safepoint: 29932 ns, Cleanup: 418386 ns, At safepoint: 61846 ns, Total: 510164 ns
[2025-01-17T14:32:26.297+0000][77][info ][safepoint   ] Safepoint "Cleanup", Time since last: 1001094755 ns, Reaching safepoint: 55570 ns, Cleanup: 866462 ns, At safepoint: 20984 ns, Total: 943016 ns
[2025-01-17T14:32:29.138+0000][77][info ][safepoint   ] Safepoint "Cleanup", Time since last: 2840249418 ns, Reaching safepoint: 11065 ns, Cleanup: 319041 ns, At safepoint: 25536 ns, Total: 355642 ns
[2025-01-17T14:32:30.309+0000][77][info ][safepoint   ] Safepoint "Cleanup", Time since last: 1170153579 ns, Reaching safepoint: 55931 ns, Cleanup: 905714 ns, At safepoint: 25137 ns, Total: 986782 ns
[2025-01-17T14:32:32.311+0000][77][info ][safepoint   ] Safepoint "Cleanup", Time since last: 2001721484 ns, Reaching safepoint: 34883 ns, Cleanup: 282422 ns, At safepoint: 19954 ns, Total: 337259 ns
[2025-01-17T14:32:35.152+0000][77][info ][safepoint   ] Safepoint "Cleanup", Time since last: 2841767750 ns, Reaching safepoint: 18123 ns, Cleanup: 438963 ns, At safepoint: 56400 ns, Total: 513486 ns
[2025-01-17T14:32:36.335+0000][77][info ][safepoint   ] Safepoint "Cleanup", Time since last: 1183250019 ns, Reaching safepoint: 15735 ns, Cleanup: 489644 ns, At safepoint: 43000 ns, Total: 548379 ns
[2025-01-17T14:32:37.346+0000][77][info ][safepoint   ] Safepoint "Cleanup", Time since last: 1009416234 ns, Reaching safepoint: 46744 ns, Cleanup: 699163 ns, At safepoint: 59732 ns, Total: 805639 ns
[2025-01-17T14:32:41.135+0000][77][info ][safepoint   ] Safepoint "Cleanup", Time since last: 3788926028 ns, Reaching safepoint: 42098 ns, Cleanup: 494905 ns, At safepoint: 62294 ns, Total: 599297 ns
[2025-01-17T14:32:42.365+0000][77][info ][safepoint   ] Safepoint "Cleanup", Time since last: 1229626527 ns, Reaching safepoint: 35048 ns, Cleanup: 259179 ns, At safepoint: 9304 ns, Total: 303531 ns
[2025-01-17T14:32:44.366+0000][77][info ][safepoint   ] Safepoint "Cleanup", Time since last: 2000928777 ns, Reaching safepoint: 42314 ns, Cleanup: 468119 ns, At safepoint: 14422 ns, Total: 524855 ns
[2025-01-17T14:32:46.368+0000][77][info ][safepoint   ] Safepoint "Cleanup", Time since last: 2000926988 ns, Reaching safepoint: 24768 ns, Cleanup: 241746 ns, At safepoint: 8490 ns, Total: 275004 ns
[2025-01-17T14:32:47.378+0000][77][info ][safepoint   ] Safepoint "Cleanup", Time since last: 1009635518 ns, Reaching safepoint: 15843 ns, Cleanup: 489992 ns, At safepoint: 40298 ns, Total: 546133 ns
[2025-01-17T14:32:53.128+0000][77][info ][safepoint   ] Safepoint "Cleanup", Time since last: 5750294667 ns, Reaching safepoint: 11046 ns, Cleanup: 298407 ns, At safepoint: 38360 ns, Total: 347813 ns
[2025-01-17T14:32:54.416+0000][77][info ][safepoint   ] Safepoint "Cleanup", Time since last: 1286577368 ns, Reaching safepoint: 39751 ns, Cleanup: 540341 ns, At safepoint: 16743 ns, Total: 596835 ns
[2025-01-17T14:32:56.417+0000][77][info ][safepoint   ] Safepoint "Cleanup", Time since last: 2000927193 ns, Reaching safepoint: 84574 ns, Cleanup: 677796 ns, At safepoint: 19003 ns, Total: 781373 ns
[2025-01-17T14:32:59.127+0000][77][info ][safepoint   ] Safepoint "Cleanup", Time since last: 2709003048 ns, Reaching safepoint: 9109 ns, Cleanup: 226128 ns, At safepoint: 19783 ns, Total: 255020 ns
[2025-01-17T14:33:00.432+0000][77][info ][safepoint   ] Safepoint "Cleanup", Time since last: 1305200860 ns, Reaching safepoint: 39877 ns, Cleanup: 529937 ns, At safepoint: 15126 ns, Total: 584940 ns
[2025-01-17T14:33:04.432+0000][77][info ][safepoint   ] Safepoint "Cleanup", Time since last: 4001443980 ns, Reaching safepoint: 25120 ns, Cleanup: 242313 ns, At safepoint: 11923 ns, Total: 279356 ns
[2025-01-17T14:33:05.440+0000][77][info ][safepoint   ] Safepoint "Cleanup", Time since last: 1007862456 ns, Reaching safepoint: 15817 ns, Cleanup: 456626 ns, At safepoint: 39368 ns, Total: 511811 ns
[2025-01-17T14:33:06.466+0000][77][info ][safepoint   ] Safepoint "Cleanup", Time since last: 1025338920 ns, Reaching safepoint: 17446 ns, Cleanup: 511092 ns, At safepoint: 39723 ns, Total: 568261 ns
[2025-01-17T14:33:07.482+0000][77][info ][safepoint   ] Safepoint "Cleanup", Time since last: 1016036713 ns, Reaching safepoint: 28129 ns, Cleanup: 311420 ns, At safepoint: 13741 ns, Total: 353290 ns
[2025-01-17T14:33:08.486+0000][77][info ][safepoint   ] Safepoint "Cleanup", Time since last: 1002732569 ns, Reaching safepoint: 54687 ns, Cleanup: 806984 ns, At safepoint: 18751 ns, Total: 880422 ns
[2025-01-17T14:33:09.488+0000][77][info ][safepoint   ] Safepoint "Cleanup", Time since last: 1001613927 ns, Reaching safepoint: 48817 ns, Cleanup: 699580 ns, At safepoint: 84776 ns, Total: 833173 ns
[2025-01-17T14:33:11.123+0000][77][info ][safepoint   ] Safepoint "Cleanup", Time since last: 1634041298 ns, Reaching safepoint: 25869 ns, Cleanup: 256835 ns, At safepoint: 29721 ns, Total: 312425 ns
[2025-01-17T14:33:12.499+0000][77][info ][safepoint   ] Safepoint "Cleanup", Time since last: 1375989404 ns, Reaching safepoint: 46451 ns, Cleanup: 729030 ns, At safepoint: 21065 ns, Total: 796546 ns
[2025-01-17T14:33:16.502+0000][77][info ][safepoint   ] Safepoint "Cleanup", Time since last: 4001706566 ns, Reaching safepoint: 39578 ns, Cleanup: 434376 ns, At safepoint: 36392 ns, Total: 510346 ns
[2025-01-17T14:33:17.507+0000][77][info ][safepoint   ] Safepoint "Cleanup", Time since last: 1005022124 ns, Reaching safepoint: 11803 ns, Cleanup: 308140 ns, At safepoint: 24689 ns, Total: 344632 ns
[2025-01-17T14:33:23.532+0000][77][info ][safepoint   ] Safepoint "Cleanup", Time since last: 6024568344 ns, Reaching safepoint: 10616 ns, Cleanup: 230378 ns, At safepoint: 29206 ns, Total: 270200 ns
[2025-01-17T14:33:26.547+0000][77][info ][safepoint   ] Safepoint "Cleanup", Time since last: 3015049506 ns, Reaching safepoint: 54078 ns, Cleanup: 278502 ns, At safepoint: 10541 ns, Total: 343121 ns
[2025-01-17T14:33:26.912+0000][77][info ][safepoint   ] Safepoint "ICBufferFull", Time since last: 364125720 ns, Reaching safepoint: 56528 ns, Cleanup: 489109 ns, At safepoint: 121698 ns, Total: 667335 ns
[2025-01-17T14:33:26.913+0000][77][info ][safepoint   ] Safepoint "ICBufferFull", Time since last: 636349 ns, Reaching safepoint: 22167 ns, Cleanup: 256660 ns, At safepoint: 111433 ns, Total: 390260 ns
[2025-01-17T14:33:27.000+0000][77][info ][safepoint   ] Safepoint "ICBufferFull", Time since last: 87011687 ns, Reaching safepoint: 129164 ns, Cleanup: 249286 ns, At safepoint: 48389 ns, Total: 426839 ns
[2025-01-17T14:33:28.002+0000][77][info ][safepoint   ] Safepoint "Cleanup", Time since last: 1000683922 ns, Reaching safepoint: 37176 ns, Cleanup: 593829 ns, At safepoint: 85195 ns, Total: 716200 ns
[2025-01-17T14:33:29.008+0000][77][info ][safepoint   ] Safepoint "Cleanup", Time since last: 1005921035 ns, Reaching safepoint: 28211 ns, Cleanup: 277339 ns, At safepoint: 10619 ns, Total: 316169 ns
[2025-01-17T14:33:30.570+0000][77][info ][safepoint   ] Safepoint "Cleanup", Time since last: 1561432683 ns, Reaching safepoint: 50728 ns, Cleanup: 569908 ns, At safepoint: 19371 ns, Total: 640007 ns
[2025-01-17T14:33:31.581+0000][77][info ][safepoint   ] Safepoint "Cleanup", Time since last: 1010584310 ns, Reaching safepoint: 31633 ns, Cleanup: 275165 ns, At safepoint: 8402 ns, Total: 315200 ns
[2025-01-17T14:33:32.582+0000][77][info ][safepoint   ] Safepoint "Cleanup", Time since last: 1000492886 ns, Reaching safepoint: 31983 ns, Cleanup: 297760 ns, At safepoint: 43552 ns, Total: 373295 ns
[2025-01-17T14:33:34.581+0000][77][info ][safepoint   ] Safepoint "Cleanup", Time since last: 2000574491 ns, Reaching safepoint: 55907 ns, Cleanup: 295742 ns, At safepoint: 37533 ns, Total: 389182 ns
[2025-01-17T14:33:35.582+0000][77][info ][safepoint   ] Safepoint "Cleanup", Time since last: 1000322329 ns, Reaching safepoint: 11686 ns, Cleanup: 248993 ns, At safepoint: 19295 ns, Total: 279974 ns
[2025-01-17T14:33:36.590+0000][77][info ][safepoint   ] Safepoint "Cleanup", Time since last: 1007937772 ns, Reaching safepoint: 35415 ns, Cleanup: 270366 ns, At safepoint: 9408 ns, Total: 315189 ns
[2025-01-17T14:33:38.043+0000][77][info ][safepoint   ] Safepoint "Cleanup", Time since last: 1452250621 ns, Reaching safepoint: 33278 ns, Cleanup: 267099 ns, At safepoint: 10174 ns, Total: 310551 ns
[2025-01-17T14:33:39.060+0000][77][info ][safepoint   ] Safepoint "Cleanup", Time since last: 1016865724 ns, Reaching safepoint: 28710 ns, Cleanup: 277838 ns, At safepoint: 11393 ns, Total: 317941 ns
[2025-01-17T14:33:41.139+0000][77][info ][safepoint   ] Safepoint "Cleanup", Time since last: 2078541586 ns, Reaching safepoint: 11051 ns, Cleanup: 260956 ns, At safepoint: 31227 ns, Total: 303234 ns
[2025-01-17T14:33:42.628+0000][77][info ][safepoint   ] Safepoint "Cleanup", Time since last: 1489302412 ns, Reaching safepoint: 25880 ns, Cleanup: 268982 ns, At safepoint: 9303 ns, Total: 304165 ns
[2025-01-17T14:33:44.630+0000][77][info ][safepoint   ] Safepoint "Cleanup", Time since last: 2001332710 ns, Reaching safepoint: 30777 ns, Cleanup: 279354 ns, At safepoint: 10070 ns, Total: 320201 ns
[2025-01-17T14:33:45.631+0000][77][info ][safepoint   ] Safepoint "Cleanup", Time since last: 1000615457 ns, Reaching safepoint: 27074 ns, Cleanup: 291430 ns, At safepoint: 37458 ns, Total: 355962 ns
[2025-01-17T14:33:46.632+0000][77][info ][safepoint   ] Safepoint "Cleanup", Time since last: 1000665264 ns, Reaching safepoint: 32986 ns, Cleanup: 365129 ns, At safepoint: 12722 ns, Total: 410837 ns
[2025-01-17T14:33:47.640+0000][77][info ][safepoint   ] Safepoint "Cleanup", Time since last: 1008200004 ns, Reaching safepoint: 10169 ns, Cleanup: 229337 ns, At safepoint: 19437 ns, Total: 258943 ns
[2025-01-17T14:33:48.648+0000][77][info ][safepoint   ] Safepoint "Cleanup", Time since last: 1007033544 ns, Reaching safepoint: 38321 ns, Cleanup: 465806 ns, At safepoint: 14455 ns, Total: 518582 ns
[2025-01-17T14:33:50.502+0000][77][info ][safepoint   ] Safepoint "Cleanup", Time since last: 1853037177 ns, Reaching safepoint: 20492 ns, Cleanup: 624961 ns, At safepoint: 53419 ns, Total: 698872 ns
[2025-01-17T14:33:53.155+0000][77][info ][safepoint   ] Safepoint "Cleanup", Time since last: 2653294760 ns, Reaching safepoint: 13782 ns, Cleanup: 408431 ns, At safepoint: 45352 ns, Total: 467565 ns
[2025-01-17T14:33:54.675+0000][77][info ][safepoint   ] Safepoint "Cleanup", Time since last: 1518315065 ns, Reaching safepoint: 45278 ns, Cleanup: 661719 ns, At safepoint: 90454 ns, Total: 797451 ns
[2025-01-17T14:33:56.676+0000][77][info ][safepoint   ] Safepoint "Cleanup", Time since last: 2001221342 ns, Reaching safepoint: 71398 ns, Cleanup: 418390 ns, At safepoint: 21395 ns, Total: 511183 ns
[2025-01-17T14:33:59.157+0000][77][info ][safepoint   ] Safepoint "Cleanup", Time since last: 2480637236 ns, Reaching safepoint: 117461 ns, Cleanup: 339441 ns, At safepoint: 67730 ns, Total: 524632 ns
[2025-01-17T14:34:00.715+0000][77][info ][safepoint   ] Safepoint "Cleanup", Time since last: 1556778034 ns, Reaching safepoint: 25226 ns, Cleanup: 400403 ns, At safepoint: 27364 ns, Total: 452993 ns
[2025-01-17T14:34:05.722+0000][77][info ][safepoint   ] Safepoint "Cleanup", Time since last: 5008262330 ns, Reaching safepoint: 17065 ns, Cleanup: 456722 ns, At safepoint: 38883 ns, Total: 512670 ns
[2025-01-17T14:34:06.737+0000][77][info ][safepoint   ] Safepoint "Cleanup", Time since last: 1015214897 ns, Reaching safepoint: 33419 ns, Cleanup: 417470 ns, At safepoint: 14204 ns, Total: 465093 ns
[2025-01-17T14:34:08.746+0000][77][info ][safepoint   ] Safepoint "Cleanup", Time since last: 2008439260 ns, Reaching safepoint: 27812 ns, Cleanup: 274184 ns, At safepoint: 10929 ns, Total: 312925 ns
[2025-01-17T14:34:11.136+0000][77][info ][safepoint   ] Safepoint "Cleanup", Time since last: 2389415387 ns, Reaching safepoint: 15040 ns, Cleanup: 267546 ns, At safepoint: 19332 ns, Total: 301918 ns
[2025-01-17T14:34:12.761+0000][77][info ][safepoint   ] Safepoint "Cleanup", Time since last: 1624547517 ns, Reaching safepoint: 89169 ns, Cleanup: 293119 ns, At safepoint: 25126 ns, Total: 407414 ns
[2025-01-17T14:34:17.133+0000][77][info ][safepoint   ] Safepoint "Cleanup", Time since last: 4372293777 ns, Reaching safepoint: 21276 ns, Cleanup: 268087 ns, At safepoint: 32578 ns, Total: 321941 ns
[2025-01-17T14:34:18.781+0000][77][info ][safepoint   ] Safepoint "Cleanup", Time since last: 1647731563 ns, Reaching safepoint: 31600 ns, Cleanup: 284204 ns, At safepoint: 10161 ns, Total: 325965 ns
[2025-01-17T14:34:20.783+0000][77][info ][safepoint   ] Safepoint "Cleanup", Time since last: 2000770671 ns, Reaching safepoint: 31614 ns, Cleanup: 303816 ns, At safepoint: 260318 ns, Total: 595748 ns
[2025-01-17T14:34:21.784+0000][77][info ][safepoint   ] Safepoint "Cleanup", Time since last: 1000505986 ns, Reaching safepoint: 27649 ns, Cleanup: 266997 ns, At safepoint: 8098 ns, Total: 302744 ns
[2025-01-17T14:34:22.784+0000][77][info ][safepoint   ] Safepoint "Cleanup", Time since last: 1000510709 ns, Reaching safepoint: 29639 ns, Cleanup: 282360 ns, At safepoint: 11213 ns, Total: 323212 ns
[2025-01-17T14:34:23.795+0000][77][info ][safepoint   ] Safepoint "Cleanup", Time since last: 1009819442 ns, Reaching safepoint: 9961 ns, Cleanup: 250133 ns, At safepoint: 19700 ns, Total: 279794 ns
[2025-01-17T14:34:27.803+0000][77][info ][safepoint   ] Safepoint "Cleanup", Time since last: 4008557473 ns, Reaching safepoint: 48532 ns, Cleanup: 231708 ns, At safepoint: 10012 ns, Total: 290252 ns
[2025-01-17T14:34:28.805+0000][77][info ][safepoint   ] Safepoint "Cleanup", Time since last: 1000706753 ns, Reaching safepoint: 38581 ns, Cleanup: 406279 ns, At safepoint: 17576 ns, Total: 462436 ns
[2025-01-17T14:34:29.817+0000][77][info ][safepoint   ] Safepoint "Cleanup", Time since last: 1011882690 ns, Reaching safepoint: 16289 ns, Cleanup: 431348 ns, At safepoint: 56454 ns, Total: 504091 ns
[2025-01-17T14:34:30.840+0000][77][info ][safepoint   ] Safepoint "Cleanup", Time since last: 1022029171 ns, Reaching safepoint: 50235 ns, Cleanup: 842519 ns, At safepoint: 36371 ns, Total: 929125 ns
[2025-01-17T14:34:32.842+0000][77][info ][safepoint   ] Safepoint "Cleanup", Time since last: 2001699209 ns, Reaching safepoint: 43729 ns, Cleanup: 525711 ns, At safepoint: 23303 ns, Total: 592743 ns
[2025-01-17T14:34:34.841+0000][77][info ][safepoint   ] Safepoint "Cleanup", Time since last: 2001151386 ns, Reaching safepoint: 44028 ns, Cleanup: 616090 ns, At safepoint: 17924 ns, Total: 678042 ns
[2025-01-17T14:34:35.848+0000][77][info ][safepoint   ] Safepoint "Cleanup", Time since last: 1006504650 ns, Reaching safepoint: 18777 ns, Cleanup: 549027 ns, At safepoint: 41144 ns, Total: 608948 ns
[2025-01-17T14:34:36.860+0000][77][info ][safepoint   ] Safepoint "Cleanup", Time since last: 1010635202 ns, Reaching safepoint: 55926 ns, Cleanup: 829637 ns, At safepoint: 69105 ns, Total: 954668 ns
[2025-01-17T14:34:38.862+0000][77][info ][safepoint   ] Safepoint "Cleanup", Time since last: 2001195351 ns, Reaching safepoint: 36452 ns, Cleanup: 629872 ns, At safepoint: 46938 ns, Total: 713262 ns
[2025-01-17T14:34:40.864+0000][77][info ][safepoint   ] Safepoint "Cleanup", Time since last: 2001534126 ns, Reaching safepoint: 40538 ns, Cleanup: 749245 ns, At safepoint: 71866 ns, Total: 861649 ns
[2025-01-17T14:34:41.867+0000][77][info ][safepoint   ] Safepoint "Cleanup", Time since last: 1002843819 ns, Reaching safepoint: 15455 ns, Cleanup: 459908 ns, At safepoint: 38657 ns, Total: 514020 ns
[2025-01-17T14:34:42.884+0000][77][info ][safepoint   ] Safepoint "Cleanup", Time since last: 1015129660 ns, Reaching safepoint: 97490 ns, Cleanup: 840518 ns, At safepoint: 156759 ns, Total: 1094767 ns
[2025-01-17T14:34:46.887+0000][77][info ][safepoint   ] Safepoint "Cleanup", Time since last: 4001604688 ns, Reaching safepoint: 52324 ns, Cleanup: 1129046 ns, At safepoint: 62027 ns, Total: 1243397 ns
[2025-01-17T14:34:47.898+0000][77][info ][safepoint   ] Safepoint "Cleanup", Time since last: 1011109686 ns, Reaching safepoint: 16686 ns, Cleanup: 502858 ns, At safepoint: 40317 ns, Total: 559861 ns
[2025-01-17T14:34:50.545+0000][77][info ][safepoint   ] Safepoint "Cleanup", Time since last: 2646733082 ns, Reaching safepoint: 12077 ns, Cleanup: 297663 ns, At safepoint: 26575 ns, Total: 336315 ns
[2025-01-17T14:34:56.941+0000][77][info ][safepoint   ] Safepoint "Cleanup", Time since last: 6394758475 ns, Reaching safepoint: 37068 ns, Cleanup: 516116 ns, At safepoint: 49798 ns, Total: 602982 ns
[2025-01-17T14:34:58.943+0000][77][info ][safepoint   ] Safepoint "Cleanup", Time since last: 2001163887 ns, Reaching safepoint: 69041 ns, Cleanup: 592455 ns, At safepoint: 57359 ns, Total: 718855 ns
[2025-01-17T14:34:59.956+0000][77][info ][safepoint   ] Safepoint "Cleanup", Time since last: 1012682832 ns, Reaching safepoint: 17012 ns, Cleanup: 505401 ns, At safepoint: 76199 ns, Total: 598612 ns
[2025-01-17T14:35:00.971+0000][77][info ][safepoint   ] Safepoint "Cleanup", Time since last: 1014701700 ns, Reaching safepoint: 33487 ns, Cleanup: 399688 ns, At safepoint: 13460 ns, Total: 446635 ns
[2025-01-17T14:35:05.179+0000][77][info ][safepoint   ] Safepoint "Cleanup", Time since last: 4209330918 ns, Reaching safepoint: 10904 ns, Cleanup: 383090 ns, At safepoint: 77909 ns, Total: 471903 ns
[2025-01-17T14:35:07.022+0000][77][info ][safepoint   ] Safepoint "Cleanup", Time since last: 1843182485 ns, Reaching safepoint: 38072 ns, Cleanup: 206553 ns, At safepoint: 11101 ns, Total: 255726 ns
[2025-01-17T14:35:10.024+0000][77][info ][safepoint   ] Safepoint "Cleanup", Time since last: 3001683498 ns, Reaching safepoint: 27905 ns, Cleanup: 272720 ns, At safepoint: 10124 ns, Total: 310749 ns
[2025-01-17T14:35:12.029+0000][77][info ][safepoint   ] Safepoint "Cleanup", Time since last: 2004805574 ns, Reaching safepoint: 11507 ns, Cleanup: 262946 ns, At safepoint: 33291 ns, Total: 307744 ns
[2025-01-17T14:35:13.039+0000][77][info ][safepoint   ] Safepoint "Cleanup", Time since last: 1009442898 ns, Reaching safepoint: 59242 ns, Cleanup: 284442 ns, At safepoint: 14203 ns, Total: 357887 ns
[2025-01-17T14:35:15.041+0000][77][info ][safepoint   ] Safepoint "Cleanup", Time since last: 2001141439 ns, Reaching safepoint: 27897 ns, Cleanup: 225856 ns, At safepoint: 10018 ns, Total: 263771 ns
[2025-01-17T14:35:17.042+0000][77][info ][safepoint   ] Safepoint "Cleanup", Time since last: 2000870700 ns, Reaching safepoint: 31326 ns, Cleanup: 282700 ns, At safepoint: 14722 ns, Total: 328748 ns
[2025-01-17T14:35:18.050+0000][77][info ][safepoint   ] Safepoint "Cleanup", Time since last: 1007500724 ns, Reaching safepoint: 10278 ns, Cleanup: 259022 ns, At safepoint: 20954 ns, Total: 290254 ns
[2025-01-17T14:35:24.070+0000][77][info ][safepoint   ] Safepoint "Cleanup", Time since last: 6019721361 ns, Reaching safepoint: 16969 ns, Cleanup: 277669 ns, At safepoint: 57545 ns, Total: 352183 ns
[2025-01-17T14:35:27.079+0000][77][info ][safepoint   ] Safepoint "Cleanup", Time since last: 3008895148 ns, Reaching safepoint: 47237 ns, Cleanup: 274639 ns, At safepoint: 9625 ns, Total: 331501 ns
[2025-01-17T14:35:29.080+0000][77][info ][safepoint   ] Safepoint "Cleanup", Time since last: 2000963522 ns, Reaching safepoint: 63138 ns, Cleanup: 412007 ns, At safepoint: 30240 ns, Total: 505385 ns
[2025-01-17T14:35:30.090+0000][77][info ][safepoint   ] Safepoint "Cleanup", Time since last: 1009538395 ns, Reaching safepoint: 13775 ns, Cleanup: 328923 ns, At safepoint: 27227 ns, Total: 369925 ns
[2025-01-17T14:35:31.110+0000][77][info ][safepoint   ] Safepoint "Cleanup", Time since last: 1019792113 ns, Reaching safepoint: 12362 ns, Cleanup: 288218 ns, At safepoint: 41354 ns, Total: 341934 ns
[2025-01-17T14:35:33.424+0000][77][info ][safepoint   ] Safepoint "Cleanup", Time since last: 2312810360 ns, Reaching safepoint: 101613 ns, Cleanup: 262474 ns, At safepoint: 70383 ns, Total: 434470 ns
[2025-01-17T14:35:34.651+0000][77][info ][safepoint   ] Safepoint "Cleanup", Time since last: 1228884402 ns, Reaching safepoint: 6031 ns, Cleanup: 435194 ns, At safepoint: 8332 ns, Total: 449557 ns
[2025-01-17T14:35:35.437+0000][77][info ][gc,heap,exit] Heap
[2025-01-17T14:35:35.437+0000][77][info ][gc,heap,exit]  garbage-first heap   total 3473408K, used 1481880K [0x000000072c000000, 0x0000000800000000)
[2025-01-17T14:35:35.437+0000][77][info ][gc,heap,exit]   region size 4096K, 325 young (1331200K), 4 survivors (16384K)
[2025-01-17T14:35:35.438+0000][77][info ][gc,heap,exit]  Metaspace       used 143973K, committed 147776K, reserved 1179648K
[2025-01-17T14:35:35.438+0000][77][info ][gc,heap,exit]   class space    used 19006K, committed 20736K, reserved 1048576K
