[2025-01-17T14:27:49.308+0000][35][info][gc,init] CardTable entry size: 512
[2025-01-17T14:27:49.309+0000][35][info][gc     ] Using G1
[2025-01-17T14:27:49.311+0000][35][info][gc,init] Version: 20.0.2+9-78 (release)
[2025-01-17T14:27:49.312+0000][35][info][gc,init] CPUs: 24 total, 24 available
[2025-01-17T14:27:49.312+0000][35][info][gc,init] Memory: 6781M
[2025-01-17T14:27:49.313+0000][35][info][gc,init] Large Page Support: Disabled
[2025-01-17T14:27:49.313+0000][35][info][gc,init] NUMA Support: Disabled
[2025-01-17T14:27:49.313+0000][35][info][gc,init] Compressed Oops: Enabled (32-bit)
[2025-01-17T14:27:49.314+0000][35][info][gc,init] Heap Region Size: 1M
[2025-01-17T14:27:49.315+0000][35][info][gc,init] Heap Min Capacity: 8M
[2025-01-17T14:27:49.315+0000][35][info][gc,init] Heap Initial Capacity: 106M
[2025-01-17T14:27:49.316+0000][35][info][gc,init] Heap Max Capacity: 1696M
[2025-01-17T14:27:49.316+0000][35][info][gc,init] Pre-touch: Disabled
[2025-01-17T14:27:49.316+0000][35][info][gc,init] Parallel Workers: 18
[2025-01-17T14:27:49.317+0000][35][info][gc,init] Concurrent Workers: 5
[2025-01-17T14:27:49.317+0000][35][info][gc,init] Concurrent Refinement Workers: 18
[2025-01-17T14:27:49.318+0000][35][info][gc,init] Periodic GC: Disabled
[2025-01-17T14:27:49.334+0000][35][info][gc,metaspace] CDS archive(s) mapped at: [0x00007f6567000000-0x00007f6567c7b000-0x00007f6567c7b000), size 13086720, SharedBaseAddress: 0x00007f6567000000, ArchiveRelocationMode: 1.
[2025-01-17T14:27:49.335+0000][35][info][gc,metaspace] Compressed class space mapped at: 0x00007f6568000000-0x00007f65a8000000, reserved size: 1073741824
[2025-01-17T14:27:49.336+0000][35][info][gc,metaspace] Narrow klass base: 0x00007f6567000000, Narrow klass shift: 0, Narrow klass range: 0x100000000
[2025-01-17T14:27:49.393+0000][35][info][gc,heap,exit] Heap
[2025-01-17T14:27:49.393+0000][35][info][gc,heap,exit]  garbage-first heap   total 110592K, used 2976K [0x0000000096000000, 0x0000000100000000)
[2025-01-17T14:27:49.394+0000][35][info][gc,heap,exit]   region size 1024K, 2 young (2048K), 0 survivors (0K)
[2025-01-17T14:27:49.394+0000][35][info][gc,heap,exit]  Metaspace       used 220K, committed 448K, reserved 1114112K
[2025-01-17T14:27:49.394+0000][35][info][gc,heap,exit]   class space    used 6K, committed 128K, reserved 1048576K
