[2025-01-17T09:21:19.222+0000][62][info][gc,init] CardTable entry size: 512
[2025-01-17T09:21:19.226+0000][62][info][gc     ] Using G1
[2025-01-17T09:21:19.240+0000][62][info][gc,init] Version: 20.0.2+9-78 (release)
[2025-01-17T09:21:19.240+0000][62][info][gc,init] CPUs: 24 total, 24 available
[2025-01-17T09:21:19.240+0000][62][info][gc,init] Memory: 6781M
[2025-01-17T09:21:19.241+0000][62][info][gc,init] Large Page Support: Disabled
[2025-01-17T09:21:19.241+0000][62][info][gc,init] NUMA Support: Disabled
[2025-01-17T09:21:19.241+0000][62][info][gc,init] Compressed Oops: Enabled (Zero based)
[2025-01-17T09:21:19.241+0000][62][info][gc,init] Heap Region Size: 2M
[2025-01-17T09:21:19.242+0000][62][info][gc,init] Heap Min Capacity: 3390M
[2025-01-17T09:21:19.242+0000][62][info][gc,init] Heap Initial Capacity: 3390M
[2025-01-17T09:21:19.242+0000][62][info][gc,init] Heap Max Capacity: 3390M
[2025-01-17T09:21:19.243+0000][62][info][gc,init] Pre-touch: Disabled
[2025-01-17T09:21:19.243+0000][62][info][gc,init] Parallel Workers: 18
[2025-01-17T09:21:19.243+0000][62][info][gc,init] Concurrent Workers: 5
[2025-01-17T09:21:19.243+0000][62][info][gc,init] Concurrent Refinement Workers: 18
[2025-01-17T09:21:19.243+0000][62][info][gc,init] Periodic GC: Disabled
[2025-01-17T09:21:19.253+0000][62][info][gc,metaspace] CDS archive(s) mapped at: [0x00007f8c43000000-0x00007f8c43c7b000-0x00007f8c43c7b000), size 13086720, SharedBaseAddress: 0x00007f8c43000000, ArchiveRelocationMode: 1.
[2025-01-17T09:21:19.253+0000][62][info][gc,metaspace] Compressed class space mapped at: 0x00007f8c44000000-0x00007f8c84000000, reserved size: 1073741824
[2025-01-17T09:21:19.254+0000][62][info][gc,metaspace] Narrow klass base: 0x00007f8c43000000, Narrow klass shift: 0, Narrow klass range: 0x100000000
[2025-01-17T09:21:19.317+0000][62][info][gc,heap,exit] Heap
[2025-01-17T09:21:19.317+0000][62][info][gc,heap,exit]  garbage-first heap   total 3471360K, used 6128K [0x000000072c200000, 0x0000000800000000)
[2025-01-17T09:21:19.318+0000][62][info][gc,heap,exit]   region size 2048K, 2 young (4096K), 0 survivors (0K)
[2025-01-17T09:21:19.318+0000][62][info][gc,heap,exit]  Metaspace       used 216K, committed 448K, reserved 1114112K
[2025-01-17T09:21:19.318+0000][62][info][gc,heap,exit]   class space    used 5K, committed 128K, reserved 1048576K
