[2025-01-17T08:05:26.214+0000][39][info][gc,init] CardTable entry size: 512
[2025-01-17T08:05:26.216+0000][39][info][gc     ] Using G1
[2025-01-17T08:05:26.219+0000][39][info][gc,init] Version: 20.0.2+9-78 (release)
[2025-01-17T08:05:26.220+0000][39][info][gc,init] CPUs: 24 total, 24 available
[2025-01-17T08:05:26.221+0000][39][info][gc,init] Memory: 6781M
[2025-01-17T08:05:26.221+0000][39][info][gc,init] Large Page Support: Disabled
[2025-01-17T08:05:26.221+0000][39][info][gc,init] NUMA Support: Disabled
[2025-01-17T08:05:26.222+0000][39][info][gc,init] Compressed Oops: Enabled (32-bit)
[2025-01-17T08:05:26.223+0000][39][info][gc,init] Heap Region Size: 1M
[2025-01-17T08:05:26.224+0000][39][info][gc,init] Heap Min Capacity: 8M
[2025-01-17T08:05:26.224+0000][39][info][gc,init] Heap Initial Capacity: 106M
[2025-01-17T08:05:26.224+0000][39][info][gc,init] Heap Max Capacity: 1696M
[2025-01-17T08:05:26.225+0000][39][info][gc,init] Pre-touch: Disabled
[2025-01-17T08:05:26.225+0000][39][info][gc,init] Parallel Workers: 18
[2025-01-17T08:05:26.225+0000][39][info][gc,init] Concurrent Workers: 5
[2025-01-17T08:05:26.226+0000][39][info][gc,init] Concurrent Refinement Workers: 18
[2025-01-17T08:05:26.226+0000][39][info][gc,init] Periodic GC: Disabled
[2025-01-17T08:05:26.234+0000][39][info][gc,metaspace] CDS archive(s) mapped at: [0x00007f9eef000000-0x00007f9eefc7b000-0x00007f9eefc7b000), size 13086720, SharedBaseAddress: 0x00007f9eef000000, ArchiveRelocationMode: 1.
[2025-01-17T08:05:26.234+0000][39][info][gc,metaspace] Compressed class space mapped at: 0x00007f9ef0000000-0x00007f9f30000000, reserved size: 1073741824
[2025-01-17T08:05:26.235+0000][39][info][gc,metaspace] Narrow klass base: 0x00007f9eef000000, Narrow klass shift: 0, Narrow klass range: 0x100000000
[2025-01-17T08:05:26.291+0000][39][info][gc,heap,exit] Heap
[2025-01-17T08:05:26.292+0000][39][info][gc,heap,exit]  garbage-first heap   total 110592K, used 2976K [0x0000000096000000, 0x0000000100000000)
[2025-01-17T08:05:26.292+0000][39][info][gc,heap,exit]   region size 1024K, 2 young (2048K), 0 survivors (0K)
[2025-01-17T08:05:26.293+0000][39][info][gc,heap,exit]  Metaspace       used 218K, committed 448K, reserved 1114112K
[2025-01-17T08:05:26.293+0000][39][info][gc,heap,exit]   class space    used 5K, committed 128K, reserved 1048576K
